112.40.86.4 - - [20/Mar/2021:13:41:51 +0800] "GET /api/v1/study/degrees/0/mentor/?degree_id=0 HTTP/1.1" 200 137 "https://www.luffycity.com/" "Mozilla/5.0 (Macintosh; Intel Mac OS X 10_14_6) AppleWebKit/537.36 (KHTML, like Gecko) Chrome/89.0.4389.82 Safari/537.36" 
112.40.86.4 - - [20/Mar/2021:13:41:51 +0800] "GET /api/v1/study/data/ HTTP/1.1" 200 102 "https://www.luffycity.com/" "Mozilla/5.0 (Macintosh; Intel Mac OS X 10_14_6) AppleWebKit/537.36 (KHTML, like Gecko) Chrome/89.0.4389.82 Safari/537.36" 
112.40.86.4 - - [20/Mar/2021:13:41:51 +0800] "GET /api/v1/study/module/actual/45435/?courseType=actual&id=45435 HTTP/1.1" 200 999 "https://www.luffycity.com/" "Mozilla/5.0 (Macintosh; Intel Mac OS X 10_14_6) AppleWebKit/537.36 (KHTML, like Gecko) Chrome/89.0.4389.82 Safari/537.36" 
117.136.57.220 - - [20/Mar/2021:13:41:52 +0800] "GET /api/v1/study/module/degree/69222/?courseType=degree&id=69222 HTTP/1.1" 200 5434 "https://www.luffycity.com/" "Mozilla/5.0 (Windows NT 10.0; Win64; x64) AppleWebKit/537.36 (KHTML, like Gecko) Chrome/89.0.4389.90 Safari/537.36" 
112.40.86.4 - - [20/Mar/2021:13:41:53 +0800] "GET /api/v1/study/degrees/ HTTP/1.1" 200 142 "https://www.luffycity.com/" "Mozilla/5.0 (Macintosh; Intel Mac OS X 10_14_6) AppleWebKit/537.36 (KHTML, like Gecko) Chrome/89.0.4389.82 Safari/537.36" 
112.40.86.4 - - [20/Mar/2021:13:41:53 +0800] "OPTIONS /api/v1/study/data/?degree_id=20 HTTP/1.1" 200 0 "https://www.luffycity.com/" "Mozilla/5.0 (Macintosh; Intel Mac OS X 10_14_6) AppleWebKit/537.36 (KHTML, like Gecko) Chrome/89.0.4389.82 Safari/537.36" 
112.40.86.4 - - [20/Mar/2021:13:41:54 +0800] "GET /api/v1/study/data/?degree_id=20 HTTP/1.1" 200 105 "https://www.luffycity.com/" "Mozilla/5.0 (Macintosh; Intel Mac OS X 10_14_6) AppleWebKit/537.36 (KHTML, like Gecko) Chrome/89.0.4389.82 Safari/537.36" 
112.40.86.4 - - [20/Mar/2021:13:41:54 +0800] "GET /api/v1/study/degrees/20/?degree_id=20 HTTP/1.1" 200 1127 "https://www.luffycity.com/" "Mozilla/5.0 (Macintosh; Intel Mac OS X 10_14_6) AppleWebKit/537.36 (KHTML, like Gecko) Chrome/89.0.4389.82 Safari/537.36" 
117.136.57.220 - - [20/Mar/2021:13:41:57 +0800] "OPTIONS /api/v1/comment/?section_id=2910&limit=10&offset=0 HTTP/1.1" 200 0 "https://www.luffycity.com/" "Mozilla/5.0 (Windows NT 10.0; Win64; x64) AppleWebKit/537.36 (KHTML, like Gecko) Chrome/89.0.4389.90 Safari/537.36" 
117.136.57.220 - - [20/Mar/2021:13:41:57 +0800] "OPTIONS /api/v1/survey/section/2910/?sectionId=2910 HTTP/1.1" 200 0 "https://www.luffycity.com/" "Mozilla/5.0 (Windows NT 10.0; Win64; x64) AppleWebKit/537.36 (KHTML, like Gecko) Chrome/89.0.4389.90 Safari/537.36" 
117.136.57.220 - - [20/Mar/2021:13:41:58 +0800] "GET /api/v1/play/sections/?section_id=2910 HTTP/1.1" 200 5423 "https://www.luffycity.com/" "Mozilla/5.0 (Windows NT 10.0; Win64; x64) AppleWebKit/537.36 (KHTML, like Gecko) Chrome/89.0.4389.90 Safari/537.36" 
117.136.57.220 - - [20/Mar/2021:13:41:58 +0800] "GET /api/v1/play/2910/?play_id=2910 HTTP/1.1" 200 457 "https://www.luffycity.com/" "Mozilla/5.0 (Windows NT 10.0; Win64; x64) AppleWebKit/537.36 (KHTML, like Gecko) Chrome/89.0.4389.90 Safari/537.36" 
112.40.86.4 - - [20/Mar/2021:13:41:58 +0800] "OPTIONS /api/v1/study/degrees/20/score-records/?degreeId=20&limit=5&offset=0 HTTP/1.1" 200 0 "https://www.luffycity.com/" "Mozilla/5.0 (Macintosh; Intel Mac OS X 10_14_6) AppleWebKit/537.36 (KHTML, like Gecko) Chrome/89.0.4389.82 Safari/537.36" 
112.40.86.4 - - [20/Mar/2021:13:41:58 +0800] "GET /api/v1/study/degrees/20/score-records/?degreeId=20&limit=5&offset=0 HTTP/1.1" 200 69 "https://www.luffycity.com/" "Mozilla/5.0 (Macintosh; Intel Mac OS X 10_14_6) AppleWebKit/537.36 (KHTML, like Gecko) Chrome/89.0.4389.82 Safari/537.36" 
112.40.86.4, 39.97.49.232 - - [20/Mar/2021:13:42:01 +0800] "GET /api/v1/auth/token/ HTTP/1.1" 200 402 "https://www.luffycity.com/study/20/rewards-punishment" "Mozilla/5.0 (Macintosh; Intel Mac OS X 10_14_6) AppleWebKit/537.36 (KHTML, like Gecko) Chrome/89.0.4389.82 Safari/537.36" 
112.40.86.4, 39.97.49.232 - - [20/Mar/2021:13:42:01 +0800] "GET /api/v1/course/category/free/?courseType=free HTTP/1.1" 200 174 "https://www.luffycity.com/study/20/rewards-punishment" "Mozilla/5.0 (Macintosh; Intel Mac OS X 10_14_6) AppleWebKit/537.36 (KHTML, like Gecko) Chrome/89.0.4389.82 Safari/537.36" 
112.40.86.4, 39.97.49.232 - - [20/Mar/2021:13:42:02 +0800] "GET /api/v1/course/free/ HTTP/1.1" 200 1897 "https://www.luffycity.com/study/20/rewards-punishment" "Mozilla/5.0 (Macintosh; Intel Mac OS X 10_14_6) AppleWebKit/537.36 (KHTML, like Gecko) Chrome/89.0.4389.82 Safari/537.36" 
39.144.5.22 - - [20/Mar/2021:13:42:10 +0800] "GET /api/v1/play/31708/?play_id=31708 HTTP/1.1" 200 404 "https://m.luffycity.com/play/31712" "Mozilla/5.0 (Linux; Android 10; CLT-AL00; HMSCore 5.2.0.303; GMSCore 20.15.16) AppleWebKit/537.36 (KHTML, like Gecko) Chrome/83.0.4103.106 HuaweiBrowser/11.0.8.301 Mobile Safari/537.36" 
39.144.5.22 - - [20/Mar/2021:13:42:11 +0800] "GET /api/v1/play/31708/?play_id=31708 HTTP/1.1" 200 404 "https://m.luffycity.com/play/31708" "Mozilla/5.0 (Linux; Android 10; CLT-AL00; HMSCore 5.2.0.303; GMSCore 20.15.16) AppleWebKit/537.36 (KHTML, like Gecko) Chrome/83.0.4103.106 HuaweiBrowser/11.0.8.301 Mobile Safari/537.36" 
14.18.233.67 - - [20/Mar/2021:13:42:21 +0800] "OPTIONS /api/v1/play/sections/?section_id=24646 HTTP/1.1" 200 0 "https://www.luffycity.com/" "Mozilla/5.0 (Windows NT 10.0; Win64; x64) AppleWebKit/537.36 (KHTML, like Gecko) Chrome/89.0.4389.90 Safari/537.36" 
14.18.233.67 - - [20/Mar/2021:13:42:21 +0800] "OPTIONS /api/v1/play/24646/?play_id=24646 HTTP/1.1" 200 0 "https://www.luffycity.com/" "Mozilla/5.0 (Windows NT 10.0; Win64; x64) AppleWebKit/537.36 (KHTML, like Gecko) Chrome/89.0.4389.90 Safari/537.36" 
14.18.233.67 - - [20/Mar/2021:13:42:21 +0800] "GET /api/v1/comment/?section_id=24646&limit=10&offset=0 HTTP/1.1" 200 1234 "https://www.luffycity.com/" "Mozilla/5.0 (Windows NT 10.0; Win64; x64) AppleWebKit/537.36 (KHTML, like Gecko) Chrome/89.0.4389.90 Safari/537.36" 
14.18.233.67 - - [20/Mar/2021:13:42:21 +0800] "GET /api/v1/play/sections/?section_id=24646 HTTP/1.1" 200 5652 "https://www.luffycity.com/" "Mozilla/5.0 (Windows NT 10.0; Win64; x64) AppleWebKit/537.36 (KHTML, like Gecko) Chrome/89.0.4389.90 Safari/537.36" 
112.40.86.4, 39.97.49.232 - - [20/Mar/2021:13:42:23 +0800] "GET /api/v1/result/ HTTP/1.1" 200 231 "https://www.luffycity.com/actual-course" "Mozilla/5.0 (Macintosh; Intel Mac OS X 10_14_6) AppleWebKit/537.36 (KHTML, like Gecko) Chrome/89.0.4389.82 Safari/537.36" 
112.40.86.4, 39.97.49.232 - - [20/Mar/2021:13:42:23 +0800] "GET /api/v1/course/actual/285/?courseType=actual&id=285 HTTP/1.1" 200 1009 "https://www.luffycity.com/actual-course" "Mozilla/5.0 (Macintosh; Intel Mac OS X 10_14_6) AppleWebKit/537.36 (KHTML, like Gecko) Chrome/89.0.4389.82 Safari/537.36" 
112.40.86.4 - - [20/Mar/2021:13:42:24 +0800] "OPTIONS /api/v1/course/actual/285/payment/?courseType=actual&id=285 HTTP/1.1" 200 0 "https://www.luffycity.com/" "Mozilla/5.0 (Macintosh; Intel Mac OS X 10_14_6) AppleWebKit/537.36 (KHTML, like Gecko) Chrome/89.0.4389.82 Safari/537.36" 
112.40.86.4 - - [20/Mar/2021:13:42:24 +0800] "GET /api/v1/media/play/b6c52a929ef04f33b918bfa4bac37a1a/?suffix=b6c52a929ef04f33b918bfa4bac37a1a HTTP/1.1" 200 1798 "https://www.luffycity.com/" "Mozilla/5.0 (Macintosh; Intel Mac OS X 10_14_6) AppleWebKit/537.36 (KHTML, like Gecko) Chrome/89.0.4389.82 Safari/537.36" 
111.201.236.74 - - [20/Mar/2021:13:42:37 +0800] "POST /api/v1/survey/section/19951/?sectionId=19951 HTTP/1.1" 200 10 "https://www.luffycity.com/" "Mozilla/5.0 (Windows NT 10.0; Win64; x64) AppleWebKit/537.36 (KHTML, like Gecko) Chrome/89.0.4389.90 Safari/537.36" 
113.70.99.69 - - [20/Mar/2021:13:42:38 +0800] "OPTIONS /api/v1/play/sections/?section_id=30955 HTTP/1.1" 200 0 "https://www.luffycity.com/play/30955" "Mozilla/5.0 (Windows NT 10.0; Win64; x64; rv:86.0) Gecko/20100101 Firefox/86.0" 
113.70.99.69 - - [20/Mar/2021:13:42:38 +0800] "OPTIONS /api/v1/play/30955/?play_id=30955 HTTP/1.1" 200 0 "https://www.luffycity.com/play/30955" "Mozilla/5.0 (Windows NT 10.0; Win64; x64; rv:86.0) Gecko/20100101 Firefox/86.0" 
113.70.99.69 - - [20/Mar/2021:13:42:38 +0800] "GET /api/v1/play/sections/?section_id=30955 HTTP/1.1" 200 3007 "https://www.luffycity.com/play/30955" "Mozilla/5.0 (Windows NT 10.0; Win64; x64; rv:86.0) Gecko/20100101 Firefox/86.0" 
113.70.99.69 - - [20/Mar/2021:13:42:38 +0800] "GET /api/v1/comment/?section_id=30955&limit=10&offset=0 HTTP/1.1" 200 1798 "https://www.luffycity.com/play/30955" "Mozilla/5.0 (Windows NT 10.0; Win64; x64; rv:86.0) Gecko/20100101 Firefox/86.0" 
111.201.236.74 - - [20/Mar/2021:13:42:38 +0800] "OPTIONS /api/v1/comment/?section_id=19952&limit=10&offset=0 HTTP/1.1" 200 0 "https://www.luffycity.com/" "Mozilla/5.0 (Windows NT 10.0; Win64; x64) AppleWebKit/537.36 (KHTML, like Gecko) Chrome/89.0.4389.90 Safari/537.36" 
111.201.236.74 - - [20/Mar/2021:13:42:38 +0800] "OPTIONS /api/v1/survey/section/19952/?sectionId=19952 HTTP/1.1" 200 0 "https://www.luffycity.com/" "Mozilla/5.0 (Windows NT 10.0; Win64; x64) AppleWebKit/537.36 (KHTML, like Gecko) Chrome/89.0.4389.90 Safari/537.36" 
111.201.236.74 - - [20/Mar/2021:13:42:38 +0800] "GET /api/v1/play/sections/?section_id=19952 HTTP/1.1" 200 7426 "https://www.luffycity.com/" "Mozilla/5.0 (Windows NT 10.0; Win64; x64) AppleWebKit/537.36 (KHTML, like Gecko) Chrome/89.0.4389.90 Safari/537.36" 
111.201.236.74 - - [20/Mar/2021:13:42:38 +0800] "GET /api/v1/play/19952/?play_id=19952 HTTP/1.1" 200 434 "https://www.luffycity.com/" "Mozilla/5.0 (Windows NT 10.0; Win64; x64) AppleWebKit/537.36 (KHTML, like Gecko) Chrome/89.0.4389.90 Safari/537.36" 
112.44.210.180, 39.97.49.232 - - [20/Mar/2021:13:42:41 +0800] "GET /api/v1/course/degree/1/?courseType=degree&id=1 HTTP/1.1" 200 711 "-" "Mozilla/5.0 (Windows NT 10.0; Win64; x64) AppleWebKit/537.36 (KHTML, like Gecko) Chrome/89.0.4389.90 Safari/537.36 Edg/89.0.774.54" 
112.40.86.4, 39.97.49.232 - - [20/Mar/2021:13:42:42 +0800] "GET /api/v1/auth/token/ HTTP/1.1" 200 402 "https://www.luffycity.com/actual-course" "Mozilla/5.0 (Macintosh; Intel Mac OS X 10_14_6) AppleWebKit/537.36 (KHTML, like Gecko) Chrome/89.0.4389.82 Safari/537.36" 
112.40.86.4, 39.97.49.232 - - [20/Mar/2021:13:42:42 +0800] "GET /api/v1/result/ HTTP/1.1" 200 231 "https://www.luffycity.com/actual-course" "Mozilla/5.0 (Macintosh; Intel Mac OS X 10_14_6) AppleWebKit/537.36 (KHTML, like Gecko) Chrome/89.0.4389.82 Safari/537.36" 
112.40.86.4 - - [20/Mar/2021:13:42:43 +0800] "OPTIONS /api/v1/course/actual/288/payment/?courseType=actual&id=288 HTTP/1.1" 200 0 "https://www.luffycity.com/" "Mozilla/5.0 (Macintosh; Intel Mac OS X 10_14_6) AppleWebKit/537.36 (KHTML, like Gecko) Chrome/89.0.4389.82 Safari/537.36" 
112.40.86.4 - - [20/Mar/2021:13:42:43 +0800] "GET /api/v1/course/actual/288/payment/?courseType=actual&id=288 HTTP/1.1" 200 299 "https://www.luffycity.com/" "Mozilla/5.0 (Macintosh; Intel Mac OS X 10_14_6) AppleWebKit/537.36 (KHTML, like Gecko) Chrome/89.0.4389.82 Safari/537.36" 
218.18.144.34 - - [20/Mar/2021:13:42:46 +0800] "OPTIONS /api/v1/comment/?section_id=28669&limit=10&offset=0 HTTP/1.1" 200 0 "https://www.luffycity.com/" "Mozilla/5.0 (Windows NT 10.0; Win64; x64) AppleWebKit/537.36 (KHTML, like Gecko) Chrome/89.0.4389.90 Safari/537.36" 
218.18.144.34 - - [20/Mar/2021:13:42:46 +0800] "OPTIONS /api/v1/survey/section/28669/?sectionId=28669 HTTP/1.1" 200 0 "https://www.luffycity.com/" "Mozilla/5.0 (Windows NT 10.0; Win64; x64) AppleWebKit/537.36 (KHTML, like Gecko) Chrome/89.0.4389.90 Safari/537.36" 
218.18.144.34 - - [20/Mar/2021:13:42:46 +0800] "GET /api/v1/survey/section/28669/?sectionId=28669 HTTP/1.1" 200 32 "https://www.luffycity.com/" "Mozilla/5.0 (Windows NT 10.0; Win64; x64) AppleWebKit/537.36 (KHTML, like Gecko) Chrome/89.0.4389.90 Safari/537.36" 
218.18.144.34 - - [20/Mar/2021:13:42:46 +0800] "GET /api/v1/play/sections/?section_id=28669 HTTP/1.1" 200 3465 "https://www.luffycity.com/" "Mozilla/5.0 (Windows NT 10.0; Win64; x64) AppleWebKit/537.36 (KHTML, like Gecko) Chrome/89.0.4389.90 Safari/537.36" 
112.44.210.180 - - [20/Mar/2021:13:42:51 +0800] "OPTIONS /api/v1/auth/wechat/ HTTP/1.1" 200 0 "https://www.luffycity.com/" "Mozilla/5.0 (Windows NT 10.0; Win64; x64) AppleWebKit/537.36 (KHTML, like Gecko) Chrome/89.0.4389.90 Safari/537.36 Edg/89.0.774.54" 
218.88.125.177 - - [20/Mar/2021:13:43:02 +0800] "OPTIONS /api/v1/play/sections/?section_id=19955 HTTP/1.1" 200 0 "https://www.luffycity.com/" "Mozilla/5.0 (Macintosh; Intel Mac OS X 10_15_6) AppleWebKit/605.1.15 (KHTML, like Gecko) Version/14.0.3 Safari/605.1.15" 
218.88.125.177 - - [20/Mar/2021:13:43:02 +0800] "OPTIONS /api/v1/play/19955/?play_id=19955 HTTP/1.1" 200 0 "https://www.luffycity.com/" "Mozilla/5.0 (Macintosh; Intel Mac OS X 10_15_6) AppleWebKit/605.1.15 (KHTML, like Gecko) Version/14.0.3 Safari/605.1.15" 
112.44.210.180, 39.97.49.232 - - [20/Mar/2021:13:43:02 +0800] "GET /api/v1/result/ HTTP/1.1" 200 231 "https://open.weixin.qq.com/" "Mozilla/5.0 (Windows NT 10.0; Win64; x64) AppleWebKit/537.36 (KHTML, like Gecko) Chrome/89.0.4389.90 Safari/537.36 Edg/89.0.774.54" 
218.88.125.177 - - [20/Mar/2021:13:43:02 +0800] "GET /api/v1/comment/?section_id=19955&limit=10&offset=0 HTTP/1.1" 200 1211 "https://www.luffycity.com/play/19955" "Mozilla/5.0 (Macintosh; Intel Mac OS X 10_15_6) AppleWebKit/605.1.15 (KHTML, like Gecko) Version/14.0.3 Safari/605.1.15" 
112.40.86.4 - - [20/Mar/2021:13:43:02 +0800] "GET /api/v1/study/degrees/ HTTP/1.1" 200 142 "https://www.luffycity.com/" "Mozilla/5.0 (Macintosh; Intel Mac OS X 10_14_6) AppleWebKit/537.36 (KHTML, like Gecko) Chrome/89.0.4389.82 Safari/537.36" 
112.40.86.4 - - [20/Mar/2021:13:43:02 +0800] "GET /api/v1/study/data/ HTTP/1.1" 200 102 "https://www.luffycity.com/" "Mozilla/5.0 (Macintosh; Intel Mac OS X 10_14_6) AppleWebKit/537.36 (KHTML, like Gecko) Chrome/89.0.4389.82 Safari/537.36" 
218.88.125.177 - - [20/Mar/2021:13:43:02 +0800] "GET /api/v1/play/19955/?play_id=19955 HTTP/1.1" 200 454 "https://www.luffycity.com/play/19955" "Mozilla/5.0 (Macintosh; Intel Mac OS X 10_15_6) AppleWebKit/605.1.15 (KHTML, like Gecko) Version/14.0.3 Safari/605.1.15" 
112.40.86.4 - - [20/Mar/2021:13:43:02 +0800] "GET /api/v1/study/data/?degree_id=20 HTTP/1.1" 200 105 "https://www.luffycity.com/" "Mozilla/5.0 (Macintosh; Intel Mac OS X 10_14_6) AppleWebKit/537.36 (KHTML, like Gecko) Chrome/89.0.4389.82 Safari/537.36" 
112.44.210.180 - - [20/Mar/2021:13:43:03 +0800] "OPTIONS /api/v1/auth/token/ HTTP/1.1" 200 0 "https://www.luffycity.com/" "Mozilla/5.0 (Windows NT 10.0; Win64; x64) AppleWebKit/537.36 (KHTML, like Gecko) Chrome/89.0.4389.90 Safari/537.36 Edg/89.0.774.54" 
218.88.125.177 - - [20/Mar/2021:13:43:04 +0800] "OPTIONS /api/v1/play/sections/?section_id=19956 HTTP/1.1" 200 0 "https://www.luffycity.com/" "Mozilla/5.0 (Macintosh; Intel Mac OS X 10_15_6) AppleWebKit/605.1.15 (KHTML, like Gecko) Version/14.0.3 Safari/605.1.15" 
218.88.125.177 - - [20/Mar/2021:13:43:04 +0800] "OPTIONS /api/v1/play/19956/?play_id=19956 HTTP/1.1" 200 0 "https://www.luffycity.com/" "Mozilla/5.0 (Macintosh; Intel Mac OS X 10_15_6) AppleWebKit/605.1.15 (KHTML, like Gecko) Version/14.0.3 Safari/605.1.15" 
218.88.125.177 - - [20/Mar/2021:13:43:04 +0800] "GET /api/v1/play/sections/?section_id=19956 HTTP/1.1" 200 7469 "https://www.luffycity.com/play/19956" "Mozilla/5.0 (Macintosh; Intel Mac OS X 10_15_6) AppleWebKit/605.1.15 (KHTML, like Gecko) Version/14.0.3 Safari/605.1.15" 
218.88.125.177 - - [20/Mar/2021:13:43:05 +0800] "GET /api/v1/play/19956/?play_id=19956 HTTP/1.1" 200 451 "https://www.luffycity.com/play/19956" "Mozilla/5.0 (Macintosh; Intel Mac OS X 10_15_6) AppleWebKit/605.1.15 (KHTML, like Gecko) Version/14.0.3 Safari/605.1.15" 
112.44.210.180 - - [20/Mar/2021:13:43:05 +0800] "OPTIONS /api/v1/study/degrees/ HTTP/1.1" 200 0 "https://www.luffycity.com/" "Mozilla/5.0 (Windows NT 10.0; Win64; x64) AppleWebKit/537.36 (KHTML, like Gecko) Chrome/89.0.4389.90 Safari/537.36 Edg/89.0.774.54" 
112.44.210.180 - - [20/Mar/2021:13:43:05 +0800] "OPTIONS /api/v1/study/degrees/0/mentor/?degree_id=0 HTTP/1.1" 200 0 "https://www.luffycity.com/" "Mozilla/5.0 (Windows NT 10.0; Win64; x64) AppleWebKit/537.36 (KHTML, like Gecko) Chrome/89.0.4389.90 Safari/537.36 Edg/89.0.774.54" 
112.44.210.180 - - [20/Mar/2021:13:43:05 +0800] "OPTIONS /api/v1/study/degrees/1/?degree_id=1 HTTP/1.1" 200 0 "https://www.luffycity.com/" "Mozilla/5.0 (Windows NT 10.0; Win64; x64) AppleWebKit/537.36 (KHTML, like Gecko) Chrome/89.0.4389.90 Safari/537.36 Edg/89.0.774.54" 
112.44.210.180 - - [20/Mar/2021:13:43:05 +0800] "OPTIONS /api/v1/study/degrees/1/mentor/?degree_id=1 HTTP/1.1" 200 0 "https://www.luffycity.com/" "Mozilla/5.0 (Windows NT 10.0; Win64; x64) AppleWebKit/537.36 (KHTML, like Gecko) Chrome/89.0.4389.90 Safari/537.36 Edg/89.0.774.54" 
112.44.210.180 - - [20/Mar/2021:13:43:05 +0800] "GET /api/v1/study/data/ HTTP/1.1" 200 109 "https://www.luffycity.com/" "Mozilla/5.0 (Windows NT 10.0; Win64; x64) AppleWebKit/537.36 (KHTML, like Gecko) Chrome/89.0.4389.90 Safari/537.36 Edg/89.0.774.54" 
112.44.210.180 - - [20/Mar/2021:13:43:05 +0800] "GET /api/v1/study/data/?degree_id=1 HTTP/1.1" 200 115 "https://www.luffycity.com/" "Mozilla/5.0 (Windows NT 10.0; Win64; x64) AppleWebKit/537.36 (KHTML, like Gecko) Chrome/89.0.4389.90 Safari/537.36 Edg/89.0.774.54" 
112.40.86.4 - - [20/Mar/2021:13:43:06 +0800] "OPTIONS /api/v1/account/order/product/?limit=10&offset=0 HTTP/1.1" 200 0 "https://www.luffycity.com/" "Mozilla/5.0 (Macintosh; Intel Mac OS X 10_14_6) AppleWebKit/537.36 (KHTML, like Gecko) Chrome/89.0.4389.82 Safari/537.36" 
112.40.86.4 - - [20/Mar/2021:13:43:06 +0800] "GET /api/v1/account/order/product/?limit=10&offset=0 HTTP/1.1" 200 69 "https://www.luffycity.com/" "Mozilla/5.0 (Macintosh; Intel Mac OS X 10_14_6) AppleWebKit/537.36 (KHTML, like Gecko) Chrome/89.0.4389.82 Safari/537.36" 
111.43.164.172, 219.133.46.238 - - [20/Mar/2021:13:43:07 +0800] "GET /api/v1/auth/token/ HTTP/1.1" 200 29 "https://m.luffycity.com/activity/python-8days-camp?source=c" "Mozilla/5.0 (Linux; U; Android 10; zh-CN; AQM-AL10 Build/HONORAQM-AL10) AppleWebKit/537.36 (KHTML, like Gecko) Version/4.0 Chrome/78.0.3904.108 UCBrowser/13.1.7.1097 Mobile Safari/537.36" 
112.40.86.4 - - [20/Mar/2021:13:43:11 +0800] "OPTIONS /api/v1/pay/order/?order_number=283520200829568256 HTTP/1.1" 200 0 "https://www.luffycity.com/" "Mozilla/5.0 (Macintosh; Intel Mac OS X 10_14_6) AppleWebKit/537.36 (KHTML, like Gecko) Chrome/89.0.4389.82 Safari/537.36" 
112.40.86.4 - - [20/Mar/2021:13:43:11 +0800] "GET /api/v1/pay/order/?order_number=283520200829568256 HTTP/1.1" 200 35 "https://www.luffycity.com/" "Mozilla/5.0 (Macintosh; Intel Mac OS X 10_14_6) AppleWebKit/537.36 (KHTML, like Gecko) Chrome/89.0.4389.82 Safari/537.36" 
112.40.86.4 - - [20/Mar/2021:13:43:11 +0800] "GET /api/v1/study/data/ HTTP/1.1" 200 102 "https://www.luffycity.com/" "Mozilla/5.0 (Macintosh; Intel Mac OS X 10_14_6) AppleWebKit/537.36 (KHTML, like Gecko) Chrome/89.0.4389.82 Safari/537.36" 
112.40.86.4 - - [20/Mar/2021:13:43:13 +0800] "GET /api/v1/study/degrees/ HTTP/1.1" 200 142 "https://www.luffycity.com/" "Mozilla/5.0 (Macintosh; Intel Mac OS X 10_14_6) AppleWebKit/537.36 (KHTML, like Gecko) Chrome/89.0.4389.82 Safari/537.36" 
112.40.86.4 - - [20/Mar/2021:13:43:14 +0800] "GET /api/v1/study/data/?degree_id=20 HTTP/1.1" 200 105 "https://www.luffycity.com/" "Mozilla/5.0 (Macintosh; Intel Mac OS X 10_14_6) AppleWebKit/537.36 (KHTML, like Gecko) Chrome/89.0.4389.82 Safari/537.36" 
112.44.210.180 - - [20/Mar/2021:13:43:17 +0800] "OPTIONS /api/v1/study/module/15/homework/11/?moduleId=15&homeworkId=11 HTTP/1.1" 200 0 "https://www.luffycity.com/" "Mozilla/5.0 (Windows NT 10.0; Win64; x64) AppleWebKit/537.36 (KHTML, like Gecko) Chrome/89.0.4389.90 Safari/537.36 Edg/89.0.774.54" 
112.44.210.180 - - [20/Mar/2021:13:43:17 +0800] "GET /api/v1/study/module/15/homework/11/?moduleId=15&homeworkId=11 HTTP/1.1" 200 1885 "https://www.luffycity.com/" "Mozilla/5.0 (Windows NT 10.0; Win64; x64) AppleWebKit/537.36 (KHTML, like Gecko) Chrome/89.0.4389.90 Safari/537.36 Edg/89.0.774.54" 
112.44.210.180 - - [20/Mar/2021:13:43:17 +0800] "GET /api/v1/survey/homework/?surveyType=homework HTTP/1.1" 200 416 "https://www.luffycity.com/" "Mozilla/5.0 (Windows NT 10.0; Win64; x64) AppleWebKit/537.36 (KHTML, like Gecko) Chrome/89.0.4389.90 Safari/537.36 Edg/89.0.774.54" 
120.202.67.53 - - [20/Mar/2021:13:43:24 +0800] "OPTIONS /api/v1/comment/?section_id=29203&limit=10&offset=0 HTTP/1.1" 200 0 "https://www.luffycity.com/" "Mozilla/5.0 (Windows NT 10.0; Win64; x64) AppleWebKit/537.36 (KHTML, like Gecko) Chrome/89.0.4389.90 Safari/537.36" 
120.202.67.53 - - [20/Mar/2021:13:43:24 +0800] "OPTIONS /api/v1/survey/section/29203/?sectionId=29203 HTTP/1.1" 200 0 "https://www.luffycity.com/" "Mozilla/5.0 (Windows NT 10.0; Win64; x64) AppleWebKit/537.36 (KHTML, like Gecko) Chrome/89.0.4389.90 Safari/537.36" 
120.202.67.53 - - [20/Mar/2021:13:43:24 +0800] "GET /api/v1/survey/section/29203/?sectionId=29203 HTTP/1.1" 200 10 "https://www.luffycity.com/" "Mozilla/5.0 (Windows NT 10.0; Win64; x64) AppleWebKit/537.36 (KHTML, like Gecko) Chrome/89.0.4389.90 Safari/537.36" 
120.202.67.53 - - [20/Mar/2021:13:43:24 +0800] "GET /api/v1/play/29203/?play_id=29203 HTTP/1.1" 200 426 "https://www.luffycity.com/" "Mozilla/5.0 (Windows NT 10.0; Win64; x64) AppleWebKit/537.36 (KHTML, like Gecko) Chrome/89.0.4389.90 Safari/537.36" 
112.44.210.180 - - [20/Mar/2021:13:43:26 +0800] "OPTIONS /api/v1/study/module/15/homework/12/?moduleId=15&homeworkId=12 HTTP/1.1" 200 0 "https://www.luffycity.com/" "Mozilla/5.0 (Windows NT 10.0; Win64; x64) AppleWebKit/537.36 (KHTML, like Gecko) Chrome/89.0.4389.90 Safari/537.36 Edg/89.0.774.54" 
112.44.210.180 - - [20/Mar/2021:13:43:26 +0800] "GET /api/v1/survey/homework/?surveyType=homework HTTP/1.1" 200 416 "https://www.luffycity.com/" "Mozilla/5.0 (Windows NT 10.0; Win64; x64) AppleWebKit/537.36 (KHTML, like Gecko) Chrome/89.0.4389.90 Safari/537.36 Edg/89.0.774.54" 
39.86.144.94 - - [20/Mar/2021:13:43:28 +0800] "OPTIONS /api/v1/survey/section/31611/?sectionId=31611 HTTP/1.1" 200 0 "https://www.luffycity.com/" "Mozilla/5.0 (Windows NT 10.0; Win64; x64) AppleWebKit/537.36 (KHTML, like Gecko) Chrome/87.0.4280.88 Safari/537.36" 
39.86.144.94 - - [20/Mar/2021:13:43:28 +0800] "OPTIONS /api/v1/comment/?section_id=31611&limit=10&offset=0 HTTP/1.1" 200 0 "https://www.luffycity.com/" "Mozilla/5.0 (Windows NT 10.0; Win64; x64) AppleWebKit/537.36 (KHTML, like Gecko) Chrome/87.0.4280.88 Safari/537.36" 
39.86.144.94 - - [20/Mar/2021:13:43:28 +0800] "GET /api/v1/comment/?section_id=31611&limit=10&offset=0 HTTP/1.1" 200 823 "https://www.luffycity.com/" "Mozilla/5.0 (Windows NT 10.0; Win64; x64) AppleWebKit/537.36 (KHTML, like Gecko) Chrome/87.0.4280.88 Safari/537.36" 
39.86.144.94 - - [20/Mar/2021:13:43:28 +0800] "GET /api/v1/play/sections/?section_id=31611 HTTP/1.1" 200 2180 "https://www.luffycity.com/" "Mozilla/5.0 (Windows NT 10.0; Win64; x64) AppleWebKit/537.36 (KHTML, like Gecko) Chrome/87.0.4280.88 Safari/537.36" 
112.40.86.4, 39.97.49.232 - - [20/Mar/2021:13:43:54 +0800] "GET /api/v1/result/ HTTP/1.1" 200 231 "-" "Mozilla/5.0 (Macintosh; Intel Mac OS X 10_14_6) AppleWebKit/605.1.15 (KHTML, like Gecko) Version/13.1 Safari/605.1.15" 
112.40.86.4 - - [20/Mar/2021:13:43:55 +0800] "OPTIONS /api/v1/study/degrees/ HTTP/1.1" 200 0 "https://www.luffycity.com/" "Mozilla/5.0 (Macintosh; Intel Mac OS X 10_14_6) AppleWebKit/605.1.15 (KHTML, like Gecko) Version/13.1 Safari/605.1.15" 
112.40.86.4 - - [20/Mar/2021:13:43:55 +0800] "OPTIONS /api/v1/study/degrees/0/mentor/?degree_id=0 HTTP/1.1" 200 0 "https://www.luffycity.com/" "Mozilla/5.0 (Macintosh; Intel Mac OS X 10_14_6) AppleWebKit/605.1.15 (KHTML, like Gecko) Version/13.1 Safari/605.1.15" 
112.40.86.4 - - [20/Mar/2021:13:43:55 +0800] "GET /api/v1/study/degrees/ HTTP/1.1" 200 64 "https://www.luffycity.com/study/degree" "Mozilla/5.0 (Macintosh; Intel Mac OS X 10_14_6) AppleWebKit/605.1.15 (KHTML, like Gecko) Version/13.1 Safari/605.1.15" 
112.40.86.4 - - [20/Mar/2021:13:43:55 +0800] "GET /api/v1/auth/wechat/ HTTP/1.1" 200 232 "https://www.luffycity.com/study/degree" "Mozilla/5.0 (Macintosh; Intel Mac OS X 10_14_6) AppleWebKit/605.1.15 (KHTML, like Gecko) Version/13.1 Safari/605.1.15" 
112.40.86.4 - - [20/Mar/2021:13:43:58 +0800] "GET /api/v1/auth/wechat/ HTTP/1.1" 200 232 "https://www.luffycity.com/study/degree" "Mozilla/5.0 (Macintosh; Intel Mac OS X 10_14_6) AppleWebKit/605.1.15 (KHTML, like Gecko) Version/13.1 Safari/605.1.15" 
113.228.60.146 - - [20/Mar/2021:13:44:08 +0800] "OPTIONS /api/v1/play/sections/?section_id=31721 HTTP/1.1" 200 0 "https://www.luffycity.com/" "Mozilla/5.0 (Windows NT 10.0; Win64; x64) AppleWebKit/537.36 (KHTML, like Gecko) Chrome/91.0.4442.4 Safari/537.36" 
113.228.60.146 - - [20/Mar/2021:13:44:08 +0800] "OPTIONS /api/v1/play/31721/?play_id=31721 HTTP/1.1" 200 0 "https://www.luffycity.com/" "Mozilla/5.0 (Windows NT 10.0; Win64; x64) AppleWebKit/537.36 (KHTML, like Gecko) Chrome/91.0.4442.4 Safari/537.36" 
113.228.60.146 - - [20/Mar/2021:13:44:08 +0800] "GET /api/v1/play/sections/?section_id=31721 HTTP/1.1" 200 2189 "https://www.luffycity.com/" "Mozilla/5.0 (Windows NT 10.0; Win64; x64) AppleWebKit/537.36 (KHTML, like Gecko) Chrome/91.0.4442.4 Safari/537.36" 
113.228.60.146 - - [20/Mar/2021:13:44:08 +0800] "GET /api/v1/play/31721/?play_id=31721 HTTP/1.1" 200 411 "https://www.luffycity.com/" "Mozilla/5.0 (Windows NT 10.0; Win64; x64) AppleWebKit/537.36 (KHTML, like Gecko) Chrome/91.0.4442.4 Safari/537.36" 
112.40.86.4 - - [20/Mar/2021:13:44:10 +0800] "POST /api/v1/auth/wechat/ HTTP/1.1" 200 289 "https://www.luffycity.com/oauth/signin?code=091gDLFa1W4NHA06mBIa1yV9OU0gDLFy&state=wechat" "Mozilla/5.0 (Macintosh; Intel Mac OS X 10_14_6) AppleWebKit/605.1.15 (KHTML, like Gecko) Version/13.1 Safari/605.1.15" 
112.40.86.4 - - [20/Mar/2021:13:44:10 +0800] "GET /api/v1/auth/token/ HTTP/1.1" 200 402 "https://www.luffycity.com/study/degree" "Mozilla/5.0 (Macintosh; Intel Mac OS X 10_14_6) AppleWebKit/605.1.15 (KHTML, like Gecko) Version/13.1 Safari/605.1.15" 
112.40.86.4 - - [20/Mar/2021:13:44:15 +0800] "GET /api/v1/study/courses/ HTTP/1.1" 200 657 "https://www.luffycity.com/study/special" "Mozilla/5.0 (Macintosh; Intel Mac OS X 10_14_6) AppleWebKit/605.1.15 (KHTML, like Gecko) Version/13.1 Safari/605.1.15" 
112.40.86.4 - - [20/Mar/2021:13:44:15 +0800] "GET /api/v1/study/module/actual/45435/?courseType=actual&id=45435 HTTP/1.1" 200 999 "https://www.luffycity.com/study/special" "Mozilla/5.0 (Macintosh; Intel Mac OS X 10_14_6) AppleWebKit/605.1.15 (KHTML, like Gecko) Version/13.1 Safari/605.1.15" 
112.40.86.4 - - [20/Mar/2021:13:44:16 +0800] "OPTIONS /api/v1/study/degrees/20/?degree_id=20 HTTP/1.1" 200 0 "https://www.luffycity.com/" "Mozilla/5.0 (Macintosh; Intel Mac OS X 10_14_6) AppleWebKit/605.1.15 (KHTML, like Gecko) Version/13.1 Safari/605.1.15" 
112.40.86.4 - - [20/Mar/2021:13:44:16 +0800] "OPTIONS /api/v1/study/degrees/20/mentor/?degree_id=20 HTTP/1.1" 200 0 "https://www.luffycity.com/" "Mozilla/5.0 (Macintosh; Intel Mac OS X 10_14_6) AppleWebKit/605.1.15 (KHTML, like Gecko) Version/13.1 Safari/605.1.15" 
112.40.86.4 - - [20/Mar/2021:13:44:16 +0800] "GET /api/v1/study/degrees/20/?degree_id=20 HTTP/1.1" 200 1127 "https://www.luffycity.com/study/degree" "Mozilla/5.0 (Macintosh; Intel Mac OS X 10_14_6) AppleWebKit/605.1.15 (KHTML, like Gecko) Version/13.1 Safari/605.1.15" 
117.136.57.220 - - [20/Mar/2021:13:44:17 +0800] "GET /api/v1/survey/section/2910/?sectionId=2910 HTTP/1.1" 200 10 "https://www.luffycity.com/" "Mozilla/5.0 (Windows NT 10.0; Win64; x64) AppleWebKit/537.36 (KHTML, like Gecko) Chrome/89.0.4389.90 Safari/537.36" 
117.136.57.220 - - [20/Mar/2021:13:44:17 +0800] "GET /api/v1/comment/?section_id=2910&limit=10&offset=0 HTTP/1.1" 200 1267 "https://www.luffycity.com/" "Mozilla/5.0 (Windows NT 10.0; Win64; x64) AppleWebKit/537.36 (KHTML, like Gecko) Chrome/89.0.4389.90 Safari/537.36" 
111.206.198.5 - - [20/Mar/2021:13:44:44 +0800] "GET /api/v1/auth/token/ HTTP/1.1" 200 29 "https://m.luffycity.com/student-related/speak" "Mozilla/5.0 (iPhone; CPU iPhone OS 9_1 like Mac OS X) AppleWebKit/601.1.46 (KHTML, like Gecko) Version/9.0 Mobile/13B143 Safari/601.1 (compatible; Baiduspider-render/2.0; +http://www.baidu.com/search/spider.html)" 
111.206.221.16 - - [20/Mar/2021:13:44:46 +0800] "GET /api/v1/auth/token/ HTTP/1.1" 200 29 "https://m.luffycity.com/404" "Mozilla/5.0 (iPhone; CPU iPhone OS 9_1 like Mac OS X) AppleWebKit/601.1.46 (KHTML, like Gecko) Version/9.0 Mobile/13B143 Safari/601.1 (compatible; Baiduspider-render/2.0; +http://www.baidu.com/search/spider.html)" 
202.195.159.69 - - [20/Mar/2021:13:44:52 +0800] "GET /api/v1/auth/token/ HTTP/1.1" 200 29 "https://m.luffycity.com/employment-course" "Mozilla/5.0 (Windows NT 10.0; Win64; x64) AppleWebKit/537.36 (KHTML, like Gecko) Chrome/89.0.4389.90 Safari/537.36" 
202.195.159.69 - - [20/Mar/2021:13:45:07 +0800] "GET /api/v1/auth/token/ HTTP/1.1" 200 29 "https://m.luffycity.com/employment-course" "Mozilla/5.0 (Windows NT 10.0; Win64; x64) AppleWebKit/537.36 (KHTML, like Gecko) Chrome/89.0.4389.90 Safari/537.36" 
42.249.16.210 - - [20/Mar/2021:13:45:07 +0800] "GET /api/v1/survey/section/2921/?sectionId=2921 HTTP/1.1" 200 32 "https://www.luffycity.com/" "Mozilla/5.0 (Windows NT 10.0; Win64; x64) AppleWebKit/537.36 (KHTML, like Gecko) Chrome/89.0.4389.82 Safari/537.36 Edg/89.0.774.50" 
42.249.16.210 - - [20/Mar/2021:13:45:07 +0800] "GET /api/v1/play/2921/?play_id=2921 HTTP/1.1" 200 437 "https://www.luffycity.com/" "Mozilla/5.0 (Windows NT 10.0; Win64; x64) AppleWebKit/537.36 (KHTML, like Gecko) Chrome/89.0.4389.82 Safari/537.36 Edg/89.0.774.50" 
202.195.159.69, 39.97.49.232 - - [20/Mar/2021:13:45:14 +0800] "GET /api/v1/auth/token/ HTTP/1.1" 200 29 "-" "Mozilla/5.0 (Windows NT 10.0; Win64; x64) AppleWebKit/537.36 (KHTML, like Gecko) Chrome/89.0.4389.90 Safari/537.36" 
202.195.159.69 - - [20/Mar/2021:13:45:15 +0800] "OPTIONS /api/v1/study/degrees/0/mentor/?degree_id=0 HTTP/1.1" 200 0 "https://www.luffycity.com/" "Mozilla/5.0 (Windows NT 10.0; Win64; x64) AppleWebKit/537.36 (KHTML, like Gecko) Chrome/89.0.4389.90 Safari/537.36" 
202.195.159.69 - - [20/Mar/2021:13:45:15 +0800] "OPTIONS /api/v1/study/degrees/ HTTP/1.1" 200 0 "https://www.luffycity.com/" "Mozilla/5.0 (Windows NT 10.0; Win64; x64) AppleWebKit/537.36 (KHTML, like Gecko) Chrome/89.0.4389.90 Safari/537.36" 
202.195.159.69 - - [20/Mar/2021:13:45:15 +0800] "GET /api/v1/study/degrees/ HTTP/1.1" 200 64 "https://www.luffycity.com/" "Mozilla/5.0 (Windows NT 10.0; Win64; x64) AppleWebKit/537.36 (KHTML, like Gecko) Chrome/89.0.4389.90 Safari/537.36" 
202.195.159.69 - - [20/Mar/2021:13:45:15 +0800] "GET /api/v1/study/data/ HTTP/1.1" 200 64 "https://www.luffycity.com/" "Mozilla/5.0 (Windows NT 10.0; Win64; x64) AppleWebKit/537.36 (KHTML, like Gecko) Chrome/89.0.4389.90 Safari/537.36" 
220.175.67.11 - - [20/Mar/2021:13:45:19 +0800] "OPTIONS /api/v1/comment/?section_id=2949&limit=10&offset=0 HTTP/1.1" 200 0 "https://www.luffycity.com/play/2949" "Mozilla/5.0 (Windows NT 10.0; Win64; x64) AppleWebKit/537.36 (KHTML, like Gecko) Chrome/78.0.3904.108 Safari/537.36" 
220.175.67.11 - - [20/Mar/2021:13:45:19 +0800] "OPTIONS /api/v1/play/2949/?play_id=2949 HTTP/1.1" 200 0 "https://www.luffycity.com/play/2949" "Mozilla/5.0 (Windows NT 10.0; Win64; x64) AppleWebKit/537.36 (KHTML, like Gecko) Chrome/78.0.3904.108 Safari/537.36" 
220.175.67.11 - - [20/Mar/2021:13:45:19 +0800] "OPTIONS /api/v1/survey/section/2949/?sectionId=2949 HTTP/1.1" 200 0 "https://www.luffycity.com/play/2949" "Mozilla/5.0 (Windows NT 10.0; Win64; x64) AppleWebKit/537.36 (KHTML, like Gecko) Chrome/78.0.3904.108 Safari/537.36" 
202.195.159.69 - - [20/Mar/2021:13:45:21 +0800] "GET /api/v1/auth/wechat/ HTTP/1.1" 200 232 "https://www.luffycity.com/" "Mozilla/5.0 (Windows NT 10.0; Win64; x64) AppleWebKit/537.36 (KHTML, like Gecko) Chrome/89.0.4389.90 Safari/537.36" 
220.175.67.11 - - [20/Mar/2021:13:45:21 +0800] "OPTIONS /api/v1/play/sections/?section_id=2949 HTTP/1.1" 200 0 "https://www.luffycity.com/play/2949" "Mozilla/5.0 (Windows NT 10.0; Win64; x64) AppleWebKit/537.36 (KHTML, like Gecko) Chrome/78.0.3904.108 Safari/537.36" 
112.10.80.187 - - [20/Mar/2021:13:45:24 +0800] "OPTIONS /api/v1/play/sections/?section_id=14334 HTTP/1.1" 200 0 "https://www.luffycity.com/play/14334" "Mozilla/5.0 (Windows NT 10.0; Win64; x64; rv:82.0) Gecko/20100101 Firefox/82.0" 
112.10.80.187 - - [20/Mar/2021:13:45:24 +0800] "OPTIONS /api/v1/play/14334/?play_id=14334 HTTP/1.1" 200 0 "https://www.luffycity.com/play/14334" "Mozilla/5.0 (Windows NT 10.0; Win64; x64; rv:82.0) Gecko/20100101 Firefox/82.0" 
112.10.80.187 - - [20/Mar/2021:13:45:24 +0800] "GET /api/v1/survey/section/14334/?sectionId=14334 HTTP/1.1" 200 10 "https://www.luffycity.com/play/14334" "Mozilla/5.0 (Windows NT 10.0; Win64; x64; rv:82.0) Gecko/20100101 Firefox/82.0" 
112.10.80.187 - - [20/Mar/2021:13:45:24 +0800] "GET /api/v1/play/sections/?section_id=14334 HTTP/1.1" 200 8349 "https://www.luffycity.com/play/14334" "Mozilla/5.0 (Windows NT 10.0; Win64; x64; rv:82.0) Gecko/20100101 Firefox/82.0" 
202.195.159.69 - - [20/Mar/2021:13:45:29 +0800] "POST /api/v1/auth/password/login/?loginWay=password HTTP/1.1" 200 274 "https://www.luffycity.com/" "Mozilla/5.0 (Windows NT 10.0; Win64; x64) AppleWebKit/537.36 (KHTML, like Gecko) Chrome/89.0.4389.90 Safari/537.36" 
202.195.159.69 - - [20/Mar/2021:13:45:29 +0800] "GET /api/v1/auth/token/ HTTP/1.1" 200 401 "https://www.luffycity.com/" "Mozilla/5.0 (Windows NT 10.0; Win64; x64) AppleWebKit/537.36 (KHTML, like Gecko) Chrome/89.0.4389.90 Safari/537.36" 
39.86.144.94 - - [20/Mar/2021:13:45:31 +0800] "OPTIONS /api/v1/comment/?section_id=31614&limit=10&offset=0 HTTP/1.1" 200 0 "https://www.luffycity.com/" "Mozilla/5.0 (Windows NT 10.0; Win64; x64) AppleWebKit/537.36 (KHTML, like Gecko) Chrome/87.0.4280.88 Safari/537.36" 
39.86.144.94 - - [20/Mar/2021:13:45:31 +0800] "OPTIONS /api/v1/survey/section/31614/?sectionId=31614 HTTP/1.1" 200 0 "https://www.luffycity.com/" "Mozilla/5.0 (Windows NT 10.0; Win64; x64) AppleWebKit/537.36 (KHTML, like Gecko) Chrome/87.0.4280.88 Safari/537.36" 
39.86.144.94 - - [20/Mar/2021:13:45:31 +0800] "GET /api/v1/survey/section/31614/?sectionId=31614 HTTP/1.1" 200 10 "https://www.luffycity.com/" "Mozilla/5.0 (Windows NT 10.0; Win64; x64) AppleWebKit/537.36 (KHTML, like Gecko) Chrome/87.0.4280.88 Safari/537.36" 
39.86.144.94 - - [20/Mar/2021:13:45:31 +0800] "GET /api/v1/play/31614/?play_id=31614 HTTP/1.1" 200 417 "https://www.luffycity.com/" "Mozilla/5.0 (Windows NT 10.0; Win64; x64) AppleWebKit/537.36 (KHTML, like Gecko) Chrome/87.0.4280.88 Safari/537.36" 
112.40.86.4 - - [20/Mar/2021:13:45:47 +0800] "OPTIONS /api/v1/study/module/173/homework/?moduleId=173 HTTP/1.1" 200 0 "https://www.luffycity.com/" "Mozilla/5.0 (Macintosh; Intel Mac OS X 10_14_6) AppleWebKit/537.36 (KHTML, like Gecko) Chrome/89.0.4389.82 Safari/537.36" 
112.40.86.4 - - [20/Mar/2021:13:45:47 +0800] "GET /api/v1/study/module/173/homework/?moduleId=173 HTTP/1.1" 200 361 "https://www.luffycity.com/" "Mozilla/5.0 (Macintosh; Intel Mac OS X 10_14_6) AppleWebKit/537.36 (KHTML, like Gecko) Chrome/89.0.4389.82 Safari/537.36" 
112.40.86.4 - - [20/Mar/2021:13:45:47 +0800] "OPTIONS /api/v1/survey/module/?surveyType=module&related_id=71953 HTTP/1.1" 200 0 "https://www.luffycity.com/" "Mozilla/5.0 (Macintosh; Intel Mac OS X 10_14_6) AppleWebKit/537.36 (KHTML, like Gecko) Chrome/89.0.4389.82 Safari/537.36" 
112.117.119.37, 39.97.49.232 - - [20/Mar/2021:13:45:51 +0800] "GET /api/v1/result/ HTTP/1.1" 200 231 "https://v3.bootcss.com/" "Mozilla/5.0 (Windows NT 10.0; WOW64) AppleWebKit/537.36 (KHTML, like Gecko) Chrome/70.0.3538.25 Safari/537.36 Core/1.70.3861.400 QQBrowser/10.7.4313.400" 
125.70.59.26 - - [20/Mar/2021:13:45:52 +0800] "OPTIONS /api/v1/comment/?section_id=11734&limit=10&offset=0 HTTP/1.1" 200 0 "https://www.luffycity.com/" "Mozilla/5.0 (Windows NT 10.0; Win64; x64) AppleWebKit/537.36 (KHTML, like Gecko) Chrome/89.0.4389.90 Safari/537.36" 
125.70.59.26 - - [20/Mar/2021:13:45:52 +0800] "OPTIONS /api/v1/play/11734/?play_id=11734 HTTP/1.1" 200 0 "https://www.luffycity.com/" "Mozilla/5.0 (Windows NT 10.0; Win64; x64) AppleWebKit/537.36 (KHTML, like Gecko) Chrome/89.0.4389.90 Safari/537.36" 
125.70.59.26 - - [20/Mar/2021:13:45:52 +0800] "GET /api/v1/survey/section/11734/?sectionId=11734 HTTP/1.1" 200 10 "https://www.luffycity.com/" "Mozilla/5.0 (Windows NT 10.0; Win64; x64) AppleWebKit/537.36 (KHTML, like Gecko) Chrome/89.0.4389.90 Safari/537.36" 
125.70.59.26 - - [20/Mar/2021:13:45:53 +0800] "GET /api/v1/play/11734/?play_id=11734 HTTP/1.1" 200 401 "https://www.luffycity.com/" "Mozilla/5.0 (Windows NT 10.0; Win64; x64) AppleWebKit/537.36 (KHTML, like Gecko) Chrome/89.0.4389.90 Safari/537.36" 
112.40.86.4 - - [20/Mar/2021:13:45:54 +0800] "GET /api/v1/study/degrees/0/mentor/?degree_id=0 HTTP/1.1" 200 137 "https://www.luffycity.com/" "Mozilla/5.0 (Macintosh; Intel Mac OS X 10_14_6) AppleWebKit/537.36 (KHTML, like Gecko) Chrome/89.0.4389.82 Safari/537.36" 
112.40.86.4 - - [20/Mar/2021:13:45:54 +0800] "GET /api/v1/study/degrees/ HTTP/1.1" 200 142 "https://www.luffycity.com/" "Mozilla/5.0 (Macintosh; Intel Mac OS X 10_14_6) AppleWebKit/537.36 (KHTML, like Gecko) Chrome/89.0.4389.82 Safari/537.36" 
112.40.86.4 - - [20/Mar/2021:13:45:54 +0800] "GET /api/v1/study/data/?degree_id=20 HTTP/1.1" 200 105 "https://www.luffycity.com/" "Mozilla/5.0 (Macintosh; Intel Mac OS X 10_14_6) AppleWebKit/537.36 (KHTML, like Gecko) Chrome/89.0.4389.82 Safari/537.36" 
111.202.100.13, 39.97.49.232 - - [20/Mar/2021:13:45:55 +0800] "GET /api/v1/auth/token/ HTTP/1.1" 200 29 "https://v3.bootcss.com/" "Mozilla/5.0 (Macintosh; Intel Mac OS X 10_15_6) AppleWebKit/537.36 (KHTML, like Gecko) Chrome/89.0.4389.90 Safari/537.36" 
111.202.100.13, 39.97.49.232 - - [20/Mar/2021:13:45:55 +0800] "GET /api/v1/result/ HTTP/1.1" 200 231 "https://v3.bootcss.com/" "Mozilla/5.0 (Macintosh; Intel Mac OS X 10_15_6) AppleWebKit/537.36 (KHTML, like Gecko) Chrome/89.0.4389.90 Safari/537.36" 
112.117.119.37 - - [20/Mar/2021:13:45:55 +0800] "OPTIONS /api/v1/activity/survey/?course_id=256 HTTP/1.1" 200 0 "-" "Mozilla/5.0 (Windows NT 10.0; WOW64) AppleWebKit/537.36 (KHTML, like Gecko) Chrome/70.0.3538.25 Safari/537.36 Core/1.70.3861.400 QQBrowser/10.7.4313.400" 
111.202.100.13 - - [20/Mar/2021:13:45:56 +0800] "GET /api/v1/activity/survey/?course_id=256 HTTP/1.1" 200 11 "https://www.luffycity.com/" "Mozilla/5.0 (Macintosh; Intel Mac OS X 10_15_6) AppleWebKit/537.36 (KHTML, like Gecko) Chrome/89.0.4389.90 Safari/537.36" 
112.40.86.4 - - [20/Mar/2021:13:45:58 +0800] "OPTIONS /api/v1/study/module/degree/71954/?courseType=degree&id=71954 HTTP/1.1" 200 0 "https://www.luffycity.com/" "Mozilla/5.0 (Macintosh; Intel Mac OS X 10_14_6) AppleWebKit/537.36 (KHTML, like Gecko) Chrome/89.0.4389.82 Safari/537.36" 
202.195.159.69 - - [20/Mar/2021:13:46:03 +0800] "GET /api/v1/study/data/ HTTP/1.1" 200 109 "https://www.luffycity.com/" "Mozilla/5.0 (Windows NT 10.0; Win64; x64) AppleWebKit/537.36 (KHTML, like Gecko) Chrome/89.0.4389.90 Safari/537.36" 
202.195.159.69 - - [20/Mar/2021:13:46:03 +0800] "OPTIONS /api/v1/study/degrees/3/?degree_id=3 HTTP/1.1" 200 0 "https://www.luffycity.com/" "Mozilla/5.0 (Windows NT 10.0; Win64; x64) AppleWebKit/537.36 (KHTML, like Gecko) Chrome/89.0.4389.90 Safari/537.36" 
202.195.159.69 - - [20/Mar/2021:13:46:03 +0800] "OPTIONS /api/v1/study/degrees/3/mentor/?degree_id=3 HTTP/1.1" 200 0 "https://www.luffycity.com/" "Mozilla/5.0 (Windows NT 10.0; Win64; x64) AppleWebKit/537.36 (KHTML, like Gecko) Chrome/89.0.4389.90 Safari/537.36" 
202.195.159.69 - - [20/Mar/2021:13:46:04 +0800] "GET /api/v1/study/degrees/3/?degree_id=3 HTTP/1.1" 200 497 "https://www.luffycity.com/" "Mozilla/5.0 (Windows NT 10.0; Win64; x64) AppleWebKit/537.36 (KHTML, like Gecko) Chrome/89.0.4389.90 Safari/537.36" 
202.195.159.69 - - [20/Mar/2021:13:46:06 +0800] "OPTIONS /api/v1/study/degrees/2/?degree_id=2 HTTP/1.1" 200 0 "https://www.luffycity.com/" "Mozilla/5.0 (Windows NT 10.0; Win64; x64) AppleWebKit/537.36 (KHTML, like Gecko) Chrome/89.0.4389.90 Safari/537.36" 
202.195.159.69 - - [20/Mar/2021:13:46:06 +0800] "OPTIONS /api/v1/study/degrees/2/mentor/?degree_id=2 HTTP/1.1" 200 0 "https://www.luffycity.com/" "Mozilla/5.0 (Windows NT 10.0; Win64; x64) AppleWebKit/537.36 (KHTML, like Gecko) Chrome/89.0.4389.90 Safari/537.36" 
202.195.159.69 - - [20/Mar/2021:13:46:06 +0800] "GET /api/v1/study/data/?degree_id=2 HTTP/1.1" 200 115 "https://www.luffycity.com/" "Mozilla/5.0 (Windows NT 10.0; Win64; x64) AppleWebKit/537.36 (KHTML, like Gecko) Chrome/89.0.4389.90 Safari/537.36" 
113.101.8.30 - - [20/Mar/2021:13:46:07 +0800] "OPTIONS /api/v1/survey/section/11960/?sectionId=11960 HTTP/1.1" 200 0 "https://www.luffycity.com/" "Mozilla/5.0 (Windows NT 10.0; Win64; x64) AppleWebKit/537.36 (KHTML, like Gecko) Chrome/89.0.4389.90 Safari/537.36 Edg/89.0.774.54" 
113.101.8.30 - - [20/Mar/2021:13:46:07 +0800] "OPTIONS /api/v1/comment/?section_id=11960&limit=10&offset=0 HTTP/1.1" 200 0 "https://www.luffycity.com/" "Mozilla/5.0 (Windows NT 10.0; Win64; x64) AppleWebKit/537.36 (KHTML, like Gecko) Chrome/89.0.4389.90 Safari/537.36 Edg/89.0.774.54" 
113.101.8.30 - - [20/Mar/2021:13:46:07 +0800] "GET /api/v1/comment/?section_id=11960&limit=10&offset=0 HTTP/1.1" 200 1703 "https://www.luffycity.com/" "Mozilla/5.0 (Windows NT 10.0; Win64; x64) AppleWebKit/537.36 (KHTML, like Gecko) Chrome/89.0.4389.90 Safari/537.36 Edg/89.0.774.54" 
113.101.8.30 - - [20/Mar/2021:13:46:07 +0800] "GET /api/v1/play/sections/?section_id=11960 HTTP/1.1" 200 7837 "https://www.luffycity.com/" "Mozilla/5.0 (Windows NT 10.0; Win64; x64) AppleWebKit/537.36 (KHTML, like Gecko) Chrome/89.0.4389.90 Safari/537.36 Edg/89.0.774.54" 
202.195.159.69 - - [20/Mar/2021:13:46:08 +0800] "OPTIONS /api/v1/study/module/degree/80622/?courseType=degree&id=80622 HTTP/1.1" 200 0 "https://www.luffycity.com/" "Mozilla/5.0 (Windows NT 10.0; Win64; x64) AppleWebKit/537.36 (KHTML, like Gecko) Chrome/89.0.4389.90 Safari/537.36" 
218.19.95.150 - - [20/Mar/2021:13:46:11 +0800] "POST /api/v1/survey/section/20125/?sectionId=20125 HTTP/1.1" 200 10 "https://www.luffycity.com/play/20125" "Mozilla/5.0 (Windows NT 10.0; Win64; x64; rv:86.0) Gecko/20100101 Firefox/86.0" 
113.102.237.126 - - [20/Mar/2021:13:46:13 +0800] "OPTIONS /api/v1/play/sections/?section_id=5589 HTTP/1.1" 200 0 "https://www.luffycity.com/" "Mozilla/5.0 (Windows NT 10.0; Win64; x64) AppleWebKit/537.36 (KHTML, like Gecko) Chrome/89.0.4389.82 Safari/537.36 Edg/89.0.774.50" 
113.102.237.126 - - [20/Mar/2021:13:46:13 +0800] "OPTIONS /api/v1/comment/?section_id=5589&limit=10&offset=0 HTTP/1.1" 200 0 "https://www.luffycity.com/" "Mozilla/5.0 (Windows NT 10.0; Win64; x64) AppleWebKit/537.36 (KHTML, like Gecko) Chrome/89.0.4389.82 Safari/537.36 Edg/89.0.774.50" 
113.102.237.126 - - [20/Mar/2021:13:46:14 +0800] "GET /api/v1/survey/section/5589/?sectionId=5589 HTTP/1.1" 200 10 "https://www.luffycity.com/" "Mozilla/5.0 (Windows NT 10.0; Win64; x64) AppleWebKit/537.36 (KHTML, like Gecko) Chrome/89.0.4389.82 Safari/537.36 Edg/89.0.774.50" 
113.102.237.126 - - [20/Mar/2021:13:46:14 +0800] "GET /api/v1/play/sections/?section_id=5589 HTTP/1.1" 200 8333 "https://www.luffycity.com/" "Mozilla/5.0 (Windows NT 10.0; Win64; x64) AppleWebKit/537.36 (KHTML, like Gecko) Chrome/89.0.4389.82 Safari/537.36 Edg/89.0.774.50" 
223.74.173.105 - - [20/Mar/2021:13:46:18 +0800] "OPTIONS /api/v1/study/degrees/0/mentor/?degree_id=0 HTTP/1.1" 200 0 "https://www.luffycity.com/study/degree" "Mozilla/5.0 (Windows NT 10.0; WOW64) AppleWebKit/537.36 (KHTML, like Gecko) Chrome/86.0.4240.198 Safari/537.36" 
223.74.173.105 - - [20/Mar/2021:13:46:18 +0800] "OPTIONS /api/v1/study/degrees/ HTTP/1.1" 200 0 "https://www.luffycity.com/study/degree" "Mozilla/5.0 (Windows NT 10.0; WOW64) AppleWebKit/537.36 (KHTML, like Gecko) Chrome/86.0.4240.198 Safari/537.36" 
223.74.173.105 - - [20/Mar/2021:13:46:18 +0800] "GET /api/v1/study/degrees/ HTTP/1.1" 200 158 "https://www.luffycity.com/study/degree" "Mozilla/5.0 (Windows NT 10.0; WOW64) AppleWebKit/537.36 (KHTML, like Gecko) Chrome/86.0.4240.198 Safari/537.36" 
223.74.173.105 - - [20/Mar/2021:13:46:18 +0800] "OPTIONS /api/v1/study/degrees/11/mentor/?degree_id=11 HTTP/1.1" 200 0 "https://www.luffycity.com/study/degree" "Mozilla/5.0 (Windows NT 10.0; WOW64) AppleWebKit/537.36 (KHTML, like Gecko) Chrome/86.0.4240.198 Safari/537.36" 
223.74.173.105 - - [20/Mar/2021:13:46:18 +0800] "OPTIONS /api/v1/study/degrees/11/?degree_id=11 HTTP/1.1" 200 0 "https://www.luffycity.com/study/degree" "Mozilla/5.0 (Windows NT 10.0; WOW64) AppleWebKit/537.36 (KHTML, like Gecko) Chrome/86.0.4240.198 Safari/537.36" 
223.74.173.105 - - [20/Mar/2021:13:46:18 +0800] "GET /api/v1/study/degrees/11/mentor/?degree_id=11 HTTP/1.1" 200 221 "https://www.luffycity.com/study/degree" "Mozilla/5.0 (Windows NT 10.0; WOW64) AppleWebKit/537.36 (KHTML, like Gecko) Chrome/86.0.4240.198 Safari/537.36" 
112.32.5.57, 39.97.49.232 - - [20/Mar/2021:13:46:23 +0800] "GET /api/v1/result/ HTTP/1.1" 200 231 "-" "Mozilla/5.0 (Windows NT 10.0; Win64; x64) AppleWebKit/537.36 (KHTML, like Gecko) Chrome/89.0.4389.90 Safari/537.36 Edg/89.0.774.54" 
112.32.5.57 - - [20/Mar/2021:13:46:24 +0800] "OPTIONS /api/v1/play/sections/?section_id=30847 HTTP/1.1" 200 0 "https://www.luffycity.com/" "Mozilla/5.0 (Windows NT 10.0; Win64; x64) AppleWebKit/537.36 (KHTML, like Gecko) Chrome/89.0.4389.90 Safari/537.36 Edg/89.0.774.54" 
112.32.5.57 - - [20/Mar/2021:13:46:24 +0800] "OPTIONS /api/v1/survey/section/30847/?sectionId=30847 HTTP/1.1" 200 0 "https://www.luffycity.com/" "Mozilla/5.0 (Windows NT 10.0; Win64; x64) AppleWebKit/537.36 (KHTML, like Gecko) Chrome/89.0.4389.90 Safari/537.36 Edg/89.0.774.54" 
112.32.5.57 - - [20/Mar/2021:13:46:24 +0800] "GET /api/v1/comment/?section_id=30847&limit=10&offset=0 HTTP/1.1" 200 1641 "https://www.luffycity.com/" "Mozilla/5.0 (Windows NT 10.0; Win64; x64) AppleWebKit/537.36 (KHTML, like Gecko) Chrome/89.0.4389.90 Safari/537.36 Edg/89.0.774.54" 
112.32.5.57 - - [20/Mar/2021:13:46:24 +0800] "GET /api/v1/play/30847/?play_id=30847 HTTP/1.1" 200 435 "https://www.luffycity.com/" "Mozilla/5.0 (Windows NT 10.0; Win64; x64) AppleWebKit/537.36 (KHTML, like Gecko) Chrome/89.0.4389.90 Safari/537.36 Edg/89.0.774.54" 
223.74.173.105, 39.97.49.232 - - [20/Mar/2021:13:46:31 +0800] "GET /api/v1/auth/token/ HTTP/1.1" 200 366 "-" "Mozilla/5.0 (Windows NT 10.0; WOW64) AppleWebKit/537.36 (KHTML, like Gecko) Chrome/86.0.4240.198 Safari/537.36" 
223.74.173.105, 39.97.49.232 - - [20/Mar/2021:13:46:31 +0800] "GET /api/v1/result/ HTTP/1.1" 200 231 "-" "Mozilla/5.0 (Windows NT 10.0; WOW64) AppleWebKit/537.36 (KHTML, like Gecko) Chrome/86.0.4240.198 Safari/537.36" 
223.74.173.105 - - [20/Mar/2021:13:46:31 +0800] "GET /api/v1/study/degrees/0/mentor/?degree_id=0 HTTP/1.1" 200 137 "https://www.luffycity.com/study/degree" "Mozilla/5.0 (Windows NT 10.0; WOW64) AppleWebKit/537.36 (KHTML, like Gecko) Chrome/86.0.4240.198 Safari/537.36" 
223.74.173.105 - - [20/Mar/2021:13:46:32 +0800] "GET /api/v1/study/degrees/ HTTP/1.1" 200 158 "https://www.luffycity.com/study/degree" "Mozilla/5.0 (Windows NT 10.0; WOW64) AppleWebKit/537.36 (KHTML, like Gecko) Chrome/86.0.4240.198 Safari/537.36" 
223.74.173.105 - - [20/Mar/2021:13:46:32 +0800] "GET /api/v1/study/data/?degree_id=11 HTTP/1.1" 200 105 "https://www.luffycity.com/study/degree" "Mozilla/5.0 (Windows NT 10.0; WOW64) AppleWebKit/537.36 (KHTML, like Gecko) Chrome/86.0.4240.198 Safari/537.36" 
223.74.173.105 - - [20/Mar/2021:13:46:40 +0800] "OPTIONS /api/v1/play/10911/?play_id=10911 HTTP/1.1" 200 0 "https://www.luffycity.com/play/10911" "Mozilla/5.0 (Windows NT 10.0; WOW64) AppleWebKit/537.36 (KHTML, like Gecko) Chrome/86.0.4240.198 Safari/537.36" 
223.74.173.105 - - [20/Mar/2021:13:46:40 +0800] "OPTIONS /api/v1/play/sections/?section_id=10911 HTTP/1.1" 200 0 "https://www.luffycity.com/play/10911" "Mozilla/5.0 (Windows NT 10.0; WOW64) AppleWebKit/537.36 (KHTML, like Gecko) Chrome/86.0.4240.198 Safari/537.36" 
223.74.173.105 - - [20/Mar/2021:13:46:40 +0800] "GET /api/v1/comment/?section_id=10911&limit=10&offset=0 HTTP/1.1" 200 69 "https://www.luffycity.com/play/10911" "Mozilla/5.0 (Windows NT 10.0; WOW64) AppleWebKit/537.36 (KHTML, like Gecko) Chrome/86.0.4240.198 Safari/537.36" 
223.74.173.105 - - [20/Mar/2021:13:46:40 +0800] "GET /api/v1/play/sections/?section_id=10911 HTTP/1.1" 200 8376 "https://www.luffycity.com/play/10911" "Mozilla/5.0 (Windows NT 10.0; WOW64) AppleWebKit/537.36 (KHTML, like Gecko) Chrome/86.0.4240.198 Safari/537.36" 
112.32.5.57 - - [20/Mar/2021:13:46:47 +0800] "OPTIONS /api/v1/comment/?section_id=30848&limit=10&offset=0 HTTP/1.1" 200 0 "https://www.luffycity.com/" "Mozilla/5.0 (Windows NT 10.0; Win64; x64) AppleWebKit/537.36 (KHTML, like Gecko) Chrome/89.0.4389.90 Safari/537.36 Edg/89.0.774.54" 
112.32.5.57 - - [20/Mar/2021:13:46:47 +0800] "OPTIONS /api/v1/survey/section/30848/?sectionId=30848 HTTP/1.1" 200 0 "https://www.luffycity.com/" "Mozilla/5.0 (Windows NT 10.0; Win64; x64) AppleWebKit/537.36 (KHTML, like Gecko) Chrome/89.0.4389.90 Safari/537.36 Edg/89.0.774.54" 
112.32.5.57 - - [20/Mar/2021:13:46:47 +0800] "GET /api/v1/survey/section/30848/?sectionId=30848 HTTP/1.1" 200 10 "https://www.luffycity.com/" "Mozilla/5.0 (Windows NT 10.0; Win64; x64) AppleWebKit/537.36 (KHTML, like Gecko) Chrome/89.0.4389.90 Safari/537.36 Edg/89.0.774.54" 
112.32.5.57 - - [20/Mar/2021:13:46:47 +0800] "GET /api/v1/play/30848/?play_id=30848 HTTP/1.1" 200 405 "https://www.luffycity.com/" "Mozilla/5.0 (Windows NT 10.0; Win64; x64) AppleWebKit/537.36 (KHTML, like Gecko) Chrome/89.0.4389.90 Safari/537.36 Edg/89.0.774.54" 
