203.208.60.76 - - [19/Mar/2021:11:13:39 +0800] "OPTIONS /api/v1/course/free/127/sections/?courseType=free&id=127 HTTP/1.1" 200 0 "https://www.luffycity.com/" "Mozilla/5.0 AppleWebKit/537.36 (KHTML, like Gecko; compatible; Googlebot/2.1; +http://www.google.com/bot.html) Chrome/89.0.4389.93 Safari/537.36" 
49.78.148.98 - - [19/Mar/2021:11:13:40 +0800] "GET /api/v1/auth/token/ HTTP/1.1" 200 392 "https://m.luffycity.com/actual-course" "Mozilla/5.0 (iPhone; CPU iPhone OS 13_5_1 like Mac OS X) AppleWebKit/605.1.15 (KHTML, like Gecko) Mobile/15E148 MicroMessenger/8.0.2(0x18000237) NetType/4G Language/zh_CN" 
49.78.148.98 - - [19/Mar/2021:11:13:40 +0800] "GET /api/v1/course/actual/?category_id=1 HTTP/1.1" 200 6892 "https://m.luffycity.com/actual-course" "Mozilla/5.0 (iPhone; CPU iPhone OS 13_5_1 like Mac OS X) AppleWebKit/605.1.15 (KHTML, like Gecko) Mobile/15E148 MicroMessenger/8.0.2(0x18000237) NetType/4G Language/zh_CN" 
49.78.148.98 - - [19/Mar/2021:11:13:42 +0800] "GET /api/v1/course/actual/252/payment/?courseType=actual&id=252 HTTP/1.1" 200 311 "https://m.luffycity.com/actual-course/252/detail" "Mozilla/5.0 (iPhone; CPU iPhone OS 13_5_1 like Mac OS X) AppleWebKit/605.1.15 (KHTML, like Gecko) Mobile/15E148 MicroMessenger/8.0.2(0x18000237) NetType/4G Language/zh_CN" 
49.78.148.98 - - [19/Mar/2021:11:13:42 +0800] "GET /api/v1/media/play/undefined/ HTTP/1.1" 200 64 "https://m.luffycity.com/actual-course/252/detail" "Mozilla/5.0 (iPhone; CPU iPhone OS 13_5_1 like Mac OS X) AppleWebKit/605.1.15 (KHTML, like Gecko) Mobile/15E148 MicroMessenger/8.0.2(0x18000237) NetType/4G Language/zh_CN" 
175.142.90.251 - - [19/Mar/2021:11:13:45 +0800] "OPTIONS /api/v1/comment/?section_id=26693&limit=10&offset=0 HTTP/1.1" 200 0 "https://www.luffycity.com/" "Mozilla/5.0 (Windows NT 10.0; Win64; x64) AppleWebKit/537.36 (KHTML, like Gecko) Chrome/87.0.4280.66 Safari/537.36" 
175.142.90.251 - - [19/Mar/2021:11:13:45 +0800] "OPTIONS /api/v1/survey/section/26693/?sectionId=26693 HTTP/1.1" 200 0 "https://www.luffycity.com/" "Mozilla/5.0 (Windows NT 10.0; Win64; x64) AppleWebKit/537.36 (KHTML, like Gecko) Chrome/87.0.4280.66 Safari/537.36" 
175.142.90.251 - - [19/Mar/2021:11:13:45 +0800] "GET /api/v1/survey/section/26693/?sectionId=26693 HTTP/1.1" 200 10 "https://www.luffycity.com/" "Mozilla/5.0 (Windows NT 10.0; Win64; x64) AppleWebKit/537.36 (KHTML, like Gecko) Chrome/87.0.4280.66 Safari/537.36" 
175.142.90.251 - - [19/Mar/2021:11:13:46 +0800] "GET /api/v1/play/26693/?play_id=26693 HTTP/1.1" 200 391 "https://www.luffycity.com/" "Mozilla/5.0 (Windows NT 10.0; Win64; x64) AppleWebKit/537.36 (KHTML, like Gecko) Chrome/87.0.4280.66 Safari/537.36" 
222.161.75.58 - - [19/Mar/2021:11:13:46 +0800] "GET /api/v1/store/ HTTP/1.1" 200 686 "https://www.luffycity.com/study/special" "Mozilla/5.0 (Macintosh; Intel Mac OS X 10_15_6) AppleWebKit/537.36 (KHTML, like Gecko) Chrome/78.0.3904.108 Safari/537.36" 
49.78.148.98 - - [19/Mar/2021:11:13:47 +0800] "GET /api/v1/auth/token/ HTTP/1.1" 200 392 "https://m.luffycity.com/actual-course/252/detail" "Mozilla/5.0 (iPhone; CPU iPhone OS 13_5_1 like Mac OS X) AppleWebKit/605.1.15 (KHTML, like Gecko) Mobile/15E148 MicroMessenger/8.0.2(0x18000237) NetType/4G Language/zh_CN" 
49.78.148.98 - - [19/Mar/2021:11:13:48 +0800] "GET /api/v1/course/actual/252/?courseType=actual&id=252 HTTP/1.1" 200 1136 "https://m.luffycity.com/actual-course/252/detail" "Mozilla/5.0 (iPhone; CPU iPhone OS 13_5_1 like Mac OS X) AppleWebKit/605.1.15 (KHTML, like Gecko) Mobile/15E148 MicroMessenger/8.0.2(0x18000237) NetType/4G Language/zh_CN" 
49.78.148.98 - - [19/Mar/2021:11:13:48 +0800] "GET /api/v1/media/play/a34aa824b36d49ce82167d0bc66819a1/?suffix=a34aa824b36d49ce82167d0bc66819a1 HTTP/1.1" 200 1789 "https://m.luffycity.com/actual-course/252/detail" "Mozilla/5.0 (iPhone; CPU iPhone OS 13_5_1 like Mac OS X) AppleWebKit/605.1.15 (KHTML, like Gecko) Mobile/15E148 MicroMessenger/8.0.2(0x18000237) NetType/4G Language/zh_CN" 
58.33.112.226, 39.97.49.232 - - [19/Mar/2021:11:13:49 +0800] "GET /api/v1/auth/token/ HTTP/1.1" 200 64 "https://www.luffycity.com/actual-course?category_id=3" "Mozilla/5.0 (Windows NT 10.0; Win64; x64) AppleWebKit/537.36 (KHTML, like Gecko) Chrome/89.0.4389.90 Safari/537.36" 
58.33.112.226, 39.97.49.232 - - [19/Mar/2021:11:13:49 +0800] "GET /api/v1/result/ HTTP/1.1" 200 231 "https://www.luffycity.com/actual-course?category_id=3" "Mozilla/5.0 (Windows NT 10.0; Win64; x64) AppleWebKit/537.36 (KHTML, like Gecko) Chrome/89.0.4389.90 Safari/537.36" 
222.161.75.58 - - [19/Mar/2021:11:13:49 +0800] "OPTIONS /api/v1/account/order/course/?limit=10&offset=0 HTTP/1.1" 200 0 "https://www.luffycity.com/account/center/order" "Mozilla/5.0 (Macintosh; Intel Mac OS X 10_15_6) AppleWebKit/537.36 (KHTML, like Gecko) Chrome/78.0.3904.108 Safari/537.36" 
222.161.75.58 - - [19/Mar/2021:11:13:49 +0800] "GET /api/v1/account/order/course/?limit=10&offset=0 HTTP/1.1" 200 557 "https://www.luffycity.com/account/center/order" "Mozilla/5.0 (Macintosh; Intel Mac OS X 10_15_6) AppleWebKit/537.36 (KHTML, like Gecko) Chrome/78.0.3904.108 Safari/537.36" 
58.33.112.226 - - [19/Mar/2021:11:13:50 +0800] "OPTIONS /api/v1/media/play/ad8f6075beed4d1b91493560c82dff4d/?suffix=ad8f6075beed4d1b91493560c82dff4d HTTP/1.1" 200 0 "https://www.luffycity.com/" "Mozilla/5.0 (Windows NT 10.0; Win64; x64) AppleWebKit/537.36 (KHTML, like Gecko) Chrome/89.0.4389.90 Safari/537.36" 
58.33.112.226 - - [19/Mar/2021:11:13:50 +0800] "GET /api/v1/media/play/ad8f6075beed4d1b91493560c82dff4d/?suffix=ad8f6075beed4d1b91493560c82dff4d HTTP/1.1" 200 1774 "https://www.luffycity.com/" "Mozilla/5.0 (Windows NT 10.0; Win64; x64) AppleWebKit/537.36 (KHTML, like Gecko) Chrome/89.0.4389.90 Safari/537.36" 
49.78.148.98 - - [19/Mar/2021:11:13:51 +0800] "GET /api/v1/study/data/ HTTP/1.1" 200 100 "https://m.luffycity.com/study" "Mozilla/5.0 (iPhone; CPU iPhone OS 13_5_1 like Mac OS X) AppleWebKit/605.1.15 (KHTML, like Gecko) Mobile/15E148 MicroMessenger/8.0.2(0x18000237) NetType/4G Language/zh_CN" 
49.78.148.98 - - [19/Mar/2021:11:13:55 +0800] "GET /api/v1/course/category/actual/?courseType=actual HTTP/1.1" 200 252 "https://m.luffycity.com/actual-course" "Mozilla/5.0 (iPhone; CPU iPhone OS 13_5_1 like Mac OS X) AppleWebKit/605.1.15 (KHTML, like Gecko) Mobile/15E148 MicroMessenger/8.0.2(0x18000237) NetType/4G Language/zh_CN" 
222.161.75.58 - - [19/Mar/2021:11:13:55 +0800] "GET /api/v1/study/degrees/0/mentor/?degree_id=0 HTTP/1.1" 200 137 "https://www.luffycity.com/study/special" "Mozilla/5.0 (Macintosh; Intel Mac OS X 10_15_6) AppleWebKit/537.36 (KHTML, like Gecko) Chrome/78.0.3904.108 Safari/537.36" 
222.161.75.58 - - [19/Mar/2021:11:13:55 +0800] "GET /api/v1/study/courses/ HTTP/1.1" 200 494 "https://www.luffycity.com/study/special" "Mozilla/5.0 (Macintosh; Intel Mac OS X 10_15_6) AppleWebKit/537.36 (KHTML, like Gecko) Chrome/78.0.3904.108 Safari/537.36" 
222.161.75.58 - - [19/Mar/2021:11:13:55 +0800] "GET /api/v1/study/module/actual/51773/?courseType=actual&id=51773 HTTP/1.1" 200 3480 "https://www.luffycity.com/study/special" "Mozilla/5.0 (Macintosh; Intel Mac OS X 10_15_6) AppleWebKit/537.36 (KHTML, like Gecko) Chrome/78.0.3904.108 Safari/537.36" 
223.66.129.195, 39.97.49.232 - - [19/Mar/2021:11:13:55 +0800] "GET /api/v1/course/degree/1/?courseType=degree&id=1 HTTP/1.1" 200 711 "https://www.luffycity.com/" "Mozilla/5.0 (Windows NT 10.0; Win64; x64) AppleWebKit/537.36 (KHTML, like Gecko) Chrome/89.0.4389.90 Safari/537.36" 
49.78.148.98 - - [19/Mar/2021:11:13:56 +0800] "GET /api/v1/auth/token/ HTTP/1.1" 200 392 "https://m.luffycity.com/actual-course" "Mozilla/5.0 (iPhone; CPU iPhone OS 13_5_1 like Mac OS X) AppleWebKit/605.1.15 (KHTML, like Gecko) Mobile/15E148 MicroMessenger/8.0.2(0x18000237) NetType/4G Language/zh_CN" 
49.78.148.98 - - [19/Mar/2021:11:13:57 +0800] "GET /api/v1/course/actual/252/?courseType=actual&id=252 HTTP/1.1" 200 1136 "https://m.luffycity.com/actual-course/252/detail" "Mozilla/5.0 (iPhone; CPU iPhone OS 13_5_1 like Mac OS X) AppleWebKit/605.1.15 (KHTML, like Gecko) Mobile/15E148 MicroMessenger/8.0.2(0x18000237) NetType/4G Language/zh_CN" 
58.33.112.226, 39.97.49.232 - - [19/Mar/2021:11:14:01 +0800] "GET /api/v1/auth/token/ HTTP/1.1" 200 64 "https://www.luffycity.com/actual-course?category_id=3" "Mozilla/5.0 (Windows NT 10.0; Win64; x64) AppleWebKit/537.36 (KHTML, like Gecko) Chrome/89.0.4389.90 Safari/537.36" 
58.33.112.226, 39.97.49.232 - - [19/Mar/2021:11:14:01 +0800] "GET /api/v1/course/actual/148/?courseType=actual&id=148 HTTP/1.1" 200 1011 "https://www.luffycity.com/actual-course?category_id=3" "Mozilla/5.0 (Windows NT 10.0; Win64; x64) AppleWebKit/537.36 (KHTML, like Gecko) Chrome/89.0.4389.90 Safari/537.36" 
39.183.15.64 - - [19/Mar/2021:11:14:01 +0800] "OPTIONS /api/v1/play/sections/?section_id=20177 HTTP/1.1" 200 0 "https://www.luffycity.com/" "Mozilla/5.0 (Windows NT 10.0; Win64; x64) AppleWebKit/537.36 (KHTML, like Gecko) Chrome/89.0.4389.90 Safari/537.36 Edg/89.0.774.54" 
39.183.15.64 - - [19/Mar/2021:11:14:01 +0800] "OPTIONS /api/v1/comment/?section_id=20177&limit=10&offset=0 HTTP/1.1" 200 0 "https://www.luffycity.com/" "Mozilla/5.0 (Windows NT 10.0; Win64; x64) AppleWebKit/537.36 (KHTML, like Gecko) Chrome/89.0.4389.90 Safari/537.36 Edg/89.0.774.54" 
218.19.95.150 - - [19/Mar/2021:11:14:01 +0800] "POST /api/v1/survey/section/19392/?sectionId=19392 HTTP/1.1" 200 10 "https://www.luffycity.com/play/19392" "Mozilla/5.0 (Windows NT 10.0; Win64; x64; rv:86.0) Gecko/20100101 Firefox/86.0" 
39.183.15.64 - - [19/Mar/2021:11:14:01 +0800] "GET /api/v1/play/sections/?section_id=20177 HTTP/1.1" 200 18019 "https://www.luffycity.com/" "Mozilla/5.0 (Windows NT 10.0; Win64; x64) AppleWebKit/537.36 (KHTML, like Gecko) Chrome/89.0.4389.90 Safari/537.36 Edg/89.0.774.54" 
39.183.15.64 - - [19/Mar/2021:11:14:01 +0800] "GET /api/v1/comment/?section_id=20177&limit=10&offset=0 HTTP/1.1" 200 1672 "https://www.luffycity.com/" "Mozilla/5.0 (Windows NT 10.0; Win64; x64) AppleWebKit/537.36 (KHTML, like Gecko) Chrome/89.0.4389.90 Safari/537.36 Edg/89.0.774.54" 
58.33.112.226 - - [19/Mar/2021:11:14:01 +0800] "OPTIONS /api/v1/media/play/952ead687f1f45de8b4e932c6fe0617e/?suffix=952ead687f1f45de8b4e932c6fe0617e HTTP/1.1" 200 0 "https://www.luffycity.com/" "Mozilla/5.0 (Windows NT 10.0; Win64; x64) AppleWebKit/537.36 (KHTML, like Gecko) Chrome/89.0.4389.90 Safari/537.36" 
58.33.112.226 - - [19/Mar/2021:11:14:01 +0800] "GET /api/v1/media/play/952ead687f1f45de8b4e932c6fe0617e/?suffix=952ead687f1f45de8b4e932c6fe0617e HTTP/1.1" 200 1770 "https://www.luffycity.com/" "Mozilla/5.0 (Windows NT 10.0; Win64; x64) AppleWebKit/537.36 (KHTML, like Gecko) Chrome/89.0.4389.90 Safari/537.36" 
223.66.129.195 - - [19/Mar/2021:11:14:02 +0800] "GET /api/v1/index/search/?words=Linux HTTP/1.1" 200 7476 "https://www.luffycity.com/" "Mozilla/5.0 (Windows NT 10.0; Win64; x64) AppleWebKit/537.36 (KHTML, like Gecko) Chrome/89.0.4389.90 Safari/537.36" 
218.19.95.150 - - [19/Mar/2021:11:14:02 +0800] "OPTIONS /api/v1/comment/?section_id=19393&limit=10&offset=0 HTTP/1.1" 200 0 "https://www.luffycity.com/play/19393" "Mozilla/5.0 (Windows NT 10.0; Win64; x64; rv:86.0) Gecko/20100101 Firefox/86.0" 
218.19.95.150 - - [19/Mar/2021:11:14:02 +0800] "OPTIONS /api/v1/survey/section/19393/?sectionId=19393 HTTP/1.1" 200 0 "https://www.luffycity.com/play/19393" "Mozilla/5.0 (Windows NT 10.0; Win64; x64; rv:86.0) Gecko/20100101 Firefox/86.0" 
218.19.95.150 - - [19/Mar/2021:11:14:02 +0800] "GET /api/v1/survey/section/19393/?sectionId=19393 HTTP/1.1" 200 10 "https://www.luffycity.com/play/19393" "Mozilla/5.0 (Windows NT 10.0; Win64; x64; rv:86.0) Gecko/20100101 Firefox/86.0" 
218.19.95.150 - - [19/Mar/2021:11:14:02 +0800] "GET /api/v1/comment/?section_id=19393&limit=10&offset=0 HTTP/1.1" 200 1802 "https://www.luffycity.com/play/19393" "Mozilla/5.0 (Windows NT 10.0; Win64; x64; rv:86.0) Gecko/20100101 Firefox/86.0" 
223.66.129.195 - - [19/Mar/2021:11:14:03 +0800] "GET /api/v1/index/search/?words= HTTP/1.1" 200 42156 "https://www.luffycity.com/" "Mozilla/5.0 (Windows NT 10.0; Win64; x64) AppleWebKit/537.36 (KHTML, like Gecko) Chrome/89.0.4389.90 Safari/537.36" 
49.78.148.98 - - [19/Mar/2021:11:14:05 +0800] "GET /api/v1/course/actual/252/sections/?courseType=actual&id=252 HTTP/1.1" 200 3404 "https://m.luffycity.com/actual-course/252/chapter" "Mozilla/5.0 (iPhone; CPU iPhone OS 13_5_1 like Mac OS X) AppleWebKit/605.1.15 (KHTML, like Gecko) Mobile/15E148 MicroMessenger/8.0.2(0x18000237) NetType/4G Language/zh_CN" 
203.208.60.35, 39.97.49.232 - - [19/Mar/2021:11:14:05 +0800] "GET /api/v1/auth/token/ HTTP/1.1" 200 29 "-" "Mozilla/5.0 (compatible; Googlebot/2.1; +http://www.google.com/bot.html)" 
203.208.60.35, 39.97.49.232 - - [19/Mar/2021:11:14:06 +0800] "GET /api/v1/course/actual/204/?courseType=actual&id=204 HTTP/1.1" 200 1201 "-" "Mozilla/5.0 (compatible; Googlebot/2.1; +http://www.google.com/bot.html)" 
1.56.187.157 - - [19/Mar/2021:11:14:06 +0800] "GET /api/v1/play/28663/?play_id=28663 HTTP/1.1" 200 421 "https://m.luffycity.com/play/28662" "Mozilla/5.0 (iPhone; CPU iPhone OS 13_6 like Mac OS X) AppleWebKit/605.1.15 (KHTML, like Gecko) Version/13.1.2 Mobile/15E148 Safari/604.1" 
223.66.129.195, 39.97.49.232 - - [19/Mar/2021:11:14:07 +0800] "GET /api/v1/auth/token/ HTTP/1.1" 200 375 "https://www.luffycity.com/search?words=Linux" "Mozilla/5.0 (Windows NT 10.0; Win64; x64) AppleWebKit/537.36 (KHTML, like Gecko) Chrome/89.0.4389.90 Safari/537.36" 
223.66.129.195, 39.97.49.232 - - [19/Mar/2021:11:14:08 +0800] "GET /api/v1/result/ HTTP/1.1" 200 231 "https://www.luffycity.com/search?words=Linux" "Mozilla/5.0 (Windows NT 10.0; Win64; x64) AppleWebKit/537.36 (KHTML, like Gecko) Chrome/89.0.4389.90 Safari/537.36" 
223.66.129.195 - - [19/Mar/2021:11:14:08 +0800] "GET /api/v1/course/free/131/sections/?courseType=free&id=131 HTTP/1.1" 200 2078 "https://www.luffycity.com/" "Mozilla/5.0 (Windows NT 10.0; Win64; x64) AppleWebKit/537.36 (KHTML, like Gecko) Chrome/89.0.4389.90 Safari/537.36" 
223.66.129.195 - - [19/Mar/2021:11:14:10 +0800] "GET /api/v1/comment/?course_id=131&limit=10&offset=0 HTTP/1.1" 200 1527 "https://www.luffycity.com/" "Mozilla/5.0 (Windows NT 10.0; Win64; x64) AppleWebKit/537.36 (KHTML, like Gecko) Chrome/89.0.4389.90 Safari/537.36" 
58.33.112.226 - - [19/Mar/2021:11:14:16 +0800] "GET /api/v1/course/actual/160/sections/?courseType=actual&id=160 HTTP/1.1" 200 1320 "https://www.luffycity.com/" "Mozilla/5.0 (Windows NT 10.0; Win64; x64) AppleWebKit/537.36 (KHTML, like Gecko) Chrome/89.0.4389.90 Safari/537.36" 
183.233.81.228, 39.97.49.232 - - [19/Mar/2021:11:14:17 +0800] "GET /api/v1/course/actual/?limit=3 HTTP/1.1" 200 2342 "-" "Mozilla/5.0 (Windows NT 10.0; WOW64) AppleWebKit/537.36 (KHTML, like Gecko) Chrome/80.0.3987.87 Safari/537.36 SE 2.X MetaSr 1.0" 
183.233.81.228, 39.97.49.232 - - [19/Mar/2021:11:14:17 +0800] "GET /api/v1/course/degree/ HTTP/1.1" 200 951 "-" "Mozilla/5.0 (Windows NT 10.0; WOW64) AppleWebKit/537.36 (KHTML, like Gecko) Chrome/80.0.3987.87 Safari/537.36 SE 2.X MetaSr 1.0" 
183.233.81.228, 39.97.49.232 - - [19/Mar/2021:11:14:17 +0800] "GET /api/v1/course/home-free/?limit=3 HTTP/1.1" 200 865 "-" "Mozilla/5.0 (Windows NT 10.0; WOW64) AppleWebKit/537.36 (KHTML, like Gecko) Chrome/80.0.3987.87 Safari/537.36 SE 2.X MetaSr 1.0" 
185.191.171.38, 39.97.49.232 - - [19/Mar/2021:11:14:20 +0800] "GET /api/v1/auth/token/ HTTP/1.1" 200 29 "-" "Mozilla/5.0 (compatible; SemrushBot/7~bl; +http://www.semrush.com/bot.html)" 
183.233.81.228 - - [19/Mar/2021:11:14:20 +0800] "OPTIONS /api/v1/result/enroll/?resultType=enroll&limit=2 HTTP/1.1" 200 0 "https://www.luffycity.com/" "Mozilla/5.0 (Windows NT 10.0; WOW64) AppleWebKit/537.36 (KHTML, like Gecko) Chrome/80.0.3987.87 Safari/537.36 SE 2.X MetaSr 1.0" 
49.78.148.98 - - [19/Mar/2021:11:14:22 +0800] "GET /api/v1/auth/token/ HTTP/1.1" 200 392 "https://m.luffycity.com/actual-course/252/detail" "Mozilla/5.0 (iPhone; CPU iPhone OS 13_5_1 like Mac OS X) AppleWebKit/605.1.15 (KHTML, like Gecko) Mobile/15E148 MicroMessenger/8.0.2(0x18000237) NetType/4G Language/zh_CN" 
59.41.161.222, 39.97.49.232 - - [19/Mar/2021:11:14:24 +0800] "GET /api/v1/result/ HTTP/1.1" 200 231 "https://v3.bootcss.com/" "Mozilla/5.0 (Windows NT 10.0; Win64; x64) AppleWebKit/537.36 (KHTML, like Gecko) Chrome/89.0.4389.72 Safari/537.36" 
59.41.161.222 - - [19/Mar/2021:11:14:25 +0800] "OPTIONS /api/v1/activity/survey/?course_id=256 HTTP/1.1" 200 0 "https://www.luffycity.com/" "Mozilla/5.0 (Windows NT 10.0; Win64; x64) AppleWebKit/537.36 (KHTML, like Gecko) Chrome/89.0.4389.72 Safari/537.36" 
49.78.148.98 - - [19/Mar/2021:11:14:25 +0800] "GET /api/v1/study/degrees/ HTTP/1.1" 200 20 "https://m.luffycity.com/study/degree" "Mozilla/5.0 (iPhone; CPU iPhone OS 13_5_1 like Mac OS X) AppleWebKit/605.1.15 (KHTML, like Gecko) Mobile/15E148 MicroMessenger/8.0.2(0x18000237) NetType/4G Language/zh_CN" 
58.33.112.226 - - [19/Mar/2021:11:14:26 +0800] "GET /api/v1/course/actual/148/sections/?courseType=actual&id=148 HTTP/1.1" 200 7451 "https://www.luffycity.com/" "Mozilla/5.0 (Windows NT 10.0; Win64; x64) AppleWebKit/537.36 (KHTML, like Gecko) Chrome/89.0.4389.90 Safari/537.36" 
223.212.211.175 - - [19/Mar/2021:11:14:31 +0800] "OPTIONS /api/v1/survey/section/30899/?sectionId=30899 HTTP/1.1" 200 0 "https://www.luffycity.com/" "Mozilla/5.0 (Windows NT 10.0; Win64; x64) AppleWebKit/537.36 (KHTML, like Gecko) Chrome/89.0.4389.90 Safari/537.36 Edg/89.0.774.54" 
223.212.211.175 - - [19/Mar/2021:11:14:31 +0800] "OPTIONS /api/v1/play/30899/?play_id=30899 HTTP/1.1" 200 0 "https://www.luffycity.com/" "Mozilla/5.0 (Windows NT 10.0; Win64; x64) AppleWebKit/537.36 (KHTML, like Gecko) Chrome/89.0.4389.90 Safari/537.36 Edg/89.0.774.54" 
223.212.211.175 - - [19/Mar/2021:11:14:31 +0800] "GET /api/v1/survey/section/30899/?sectionId=30899 HTTP/1.1" 200 10 "https://www.luffycity.com/" "Mozilla/5.0 (Windows NT 10.0; Win64; x64) AppleWebKit/537.36 (KHTML, like Gecko) Chrome/89.0.4389.90 Safari/537.36 Edg/89.0.774.54" 
223.212.211.175 - - [19/Mar/2021:11:14:31 +0800] "GET /api/v1/play/sections/?section_id=30899 HTTP/1.1" 200 3313 "https://www.luffycity.com/" "Mozilla/5.0 (Windows NT 10.0; Win64; x64) AppleWebKit/537.36 (KHTML, like Gecko) Chrome/89.0.4389.90 Safari/537.36 Edg/89.0.774.54" 
49.78.148.98 - - [19/Mar/2021:11:14:31 +0800] "GET /api/v1/auth/token/ HTTP/1.1" 200 392 "https://m.luffycity.com/account/center/home" "Mozilla/5.0 (iPhone; CPU iPhone OS 13_5_1 like Mac OS X) AppleWebKit/605.1.15 (KHTML, like Gecko) Mobile/15E148 MicroMessenger/8.0.2(0x18000237) NetType/4G Language/zh_CN" 
47.95.112.89, 39.97.49.232 - - [19/Mar/2021:11:14:33 +0800] "GET /api/v1/result/ HTTP/1.1" 200 231 "https://www.luffycity.com/study/degree" "Mozilla/5.0 (Windows NT 6.1; Win64; x64) AppleWebKit/537.36 (KHTML, like Gecko) Chrome/89.0.4389.90 Safari/537.36" 
59.41.161.222 - - [19/Mar/2021:11:14:35 +0800] "OPTIONS /api/v1/auth/wechat/ HTTP/1.1" 200 0 "https://www.luffycity.com/" "Mozilla/5.0 (Windows NT 10.0; Win64; x64) AppleWebKit/537.36 (KHTML, like Gecko) Chrome/89.0.4389.72 Safari/537.36" 
49.78.148.98 - - [19/Mar/2021:11:14:37 +0800] "GET /api/v1/auth/token/ HTTP/1.1" 200 392 "https://m.luffycity.com/study" "Mozilla/5.0 (iPhone; CPU iPhone OS 13_5_1 like Mac OS X) AppleWebKit/605.1.15 (KHTML, like Gecko) Mobile/15E148 MicroMessenger/8.0.2(0x18000237) NetType/4G Language/zh_CN" 
61.140.73.98 - - [19/Mar/2021:11:14:41 +0800] "OPTIONS /api/v1/play/sections/?section_id=28022 HTTP/1.1" 200 0 "https://www.luffycity.com/play/28022" "Mozilla/5.0 (Windows NT 10.0; WOW64) AppleWebKit/537.36 (KHTML, like Gecko) Chrome/86.0.4240.198 Safari/537.36" 
61.140.73.98 - - [19/Mar/2021:11:14:41 +0800] "OPTIONS /api/v1/play/28022/?play_id=28022 HTTP/1.1" 200 0 "https://www.luffycity.com/play/28022" "Mozilla/5.0 (Windows NT 10.0; WOW64) AppleWebKit/537.36 (KHTML, like Gecko) Chrome/86.0.4240.198 Safari/537.36" 
61.140.73.98 - - [19/Mar/2021:11:14:41 +0800] "GET /api/v1/comment/?section_id=28022&limit=10&offset=0 HTTP/1.1" 200 1438 "https://www.luffycity.com/play/28022" "Mozilla/5.0 (Windows NT 10.0; WOW64) AppleWebKit/537.36 (KHTML, like Gecko) Chrome/86.0.4240.198 Safari/537.36" 
61.140.73.98 - - [19/Mar/2021:11:14:41 +0800] "GET /api/v1/play/sections/?section_id=28022 HTTP/1.1" 200 13236 "https://www.luffycity.com/play/28022" "Mozilla/5.0 (Windows NT 10.0; WOW64) AppleWebKit/537.36 (KHTML, like Gecko) Chrome/86.0.4240.198 Safari/537.36" 
120.204.78.86 - - [19/Mar/2021:11:14:42 +0800] "OPTIONS /api/v1/media/play/7b225ff602c7498f8379265557de5cd3/?suffix=7b225ff602c7498f8379265557de5cd3 HTTP/1.1" 200 0 "-" "Mozilla/5.0 (Windows NT 10.0; WOW64) AppleWebKit/537.36 (KHTML, like Gecko) Chrome/70.0.3538.110 Safari/537.36" 
120.204.78.86 - - [19/Mar/2021:11:14:42 +0800] "GET /api/v1/course/actual/169/payment/?courseType=actual&id=169 HTTP/1.1" 200 319 "https://www.luffycity.com/actual-course/169/chapter" "Mozilla/5.0 (Windows NT 10.0; WOW64) AppleWebKit/537.36 (KHTML, like Gecko) Chrome/70.0.3538.110 Safari/537.36" 
120.204.78.86 - - [19/Mar/2021:11:14:42 +0800] "GET /api/v1/course/actual/169/sections/?courseType=actual&id=169 HTTP/1.1" 200 8236 "https://www.luffycity.com/actual-course/169/chapter" "Mozilla/5.0 (Windows NT 10.0; WOW64) AppleWebKit/537.36 (KHTML, like Gecko) Chrome/70.0.3538.110 Safari/537.36" 
49.78.148.98 - - [19/Mar/2021:11:14:45 +0800] "GET /api/v1/auth/token/ HTTP/1.1" 200 392 "https://m.luffycity.com/account/center/order" "Mozilla/5.0 (iPhone; CPU iPhone OS 13_5_1 like Mac OS X) AppleWebKit/605.1.15 (KHTML, like Gecko) Mobile/15E148 MicroMessenger/8.0.2(0x18000237) NetType/4G Language/zh_CN" 
120.204.78.86 - - [19/Mar/2021:11:14:48 +0800] "OPTIONS /api/v1/play/18423/?play_id=18423 HTTP/1.1" 200 0 "-" "Mozilla/5.0 (Windows NT 10.0; WOW64) AppleWebKit/537.36 (KHTML, like Gecko) Chrome/70.0.3538.110 Safari/537.36" 
120.204.78.86 - - [19/Mar/2021:11:14:48 +0800] "OPTIONS /api/v1/comment/?section_id=18423&limit=10&offset=0 HTTP/1.1" 200 0 "-" "Mozilla/5.0 (Windows NT 10.0; WOW64) AppleWebKit/537.36 (KHTML, like Gecko) Chrome/70.0.3538.110 Safari/537.36" 
49.78.148.98 - - [19/Mar/2021:11:14:48 +0800] "GET /api/v1/auth/token/ HTTP/1.1" 200 392 "https://m.luffycity.com/study" "Mozilla/5.0 (iPhone; CPU iPhone OS 13_5_1 like Mac OS X) AppleWebKit/605.1.15 (KHTML, like Gecko) Mobile/15E148 MicroMessenger/8.0.2(0x18000237) NetType/4G Language/zh_CN" 
120.204.78.86 - - [19/Mar/2021:11:14:48 +0800] "GET /api/v1/survey/section/18423/?sectionId=18423 HTTP/1.1" 200 10 "https://www.luffycity.com/play/18423" "Mozilla/5.0 (Windows NT 10.0; WOW64) AppleWebKit/537.36 (KHTML, like Gecko) Chrome/70.0.3538.110 Safari/537.36" 
120.204.78.86 - - [19/Mar/2021:11:14:48 +0800] "GET /api/v1/play/sections/?section_id=18423 HTTP/1.1" 200 8252 "https://www.luffycity.com/play/18423" "Mozilla/5.0 (Windows NT 10.0; WOW64) AppleWebKit/537.36 (KHTML, like Gecko) Chrome/70.0.3538.110 Safari/537.36" 
49.78.148.98 - - [19/Mar/2021:11:14:49 +0800] "GET /api/v1/auth/token/ HTTP/1.1" 200 392 "https://m.luffycity.com/study/special" "Mozilla/5.0 (iPhone; CPU iPhone OS 13_5_1 like Mac OS X) AppleWebKit/605.1.15 (KHTML, like Gecko) Mobile/15E148 MicroMessenger/8.0.2(0x18000237) NetType/4G Language/zh_CN" 
49.78.148.98 - - [19/Mar/2021:11:14:49 +0800] "GET /api/v1/play/sections/?section_id=28639 HTTP/1.1" 200 3420 "https://m.luffycity.com/play/28639" "Mozilla/5.0 (iPhone; CPU iPhone OS 13_5_1 like Mac OS X) AppleWebKit/605.1.15 (KHTML, like Gecko) Mobile/15E148 MicroMessenger/8.0.2(0x18000237) NetType/4G Language/zh_CN" 
202.205.177.36 - - [19/Mar/2021:11:15:00 +0800] "OPTIONS /api/v1/play/19532/?play_id=19532 HTTP/1.1" 200 0 "https://www.luffycity.com/" "Mozilla/5.0 (Windows NT 10.0; Win64; x64) AppleWebKit/537.36 (KHTML, like Gecko) Chrome/89.0.4389.90 Safari/537.36" 
202.205.177.36 - - [19/Mar/2021:11:15:00 +0800] "OPTIONS /api/v1/survey/section/19532/?sectionId=19532 HTTP/1.1" 200 0 "https://www.luffycity.com/" "Mozilla/5.0 (Windows NT 10.0; Win64; x64) AppleWebKit/537.36 (KHTML, like Gecko) Chrome/89.0.4389.90 Safari/537.36" 
202.205.177.36 - - [19/Mar/2021:11:15:00 +0800] "GET /api/v1/survey/section/19532/?sectionId=19532 HTTP/1.1" 200 10 "https://www.luffycity.com/" "Mozilla/5.0 (Windows NT 10.0; Win64; x64) AppleWebKit/537.36 (KHTML, like Gecko) Chrome/89.0.4389.90 Safari/537.36" 
202.205.177.36 - - [19/Mar/2021:11:15:00 +0800] "GET /api/v1/play/sections/?section_id=19532 HTTP/1.1" 200 4417 "https://www.luffycity.com/" "Mozilla/5.0 (Windows NT 10.0; Win64; x64) AppleWebKit/537.36 (KHTML, like Gecko) Chrome/89.0.4389.90 Safari/537.36" 
58.33.112.226, 39.97.49.232 - - [19/Mar/2021:11:15:05 +0800] "GET /api/v1/course/actual/147/?courseType=actual&id=147 HTTP/1.1" 200 999 "https://www.luffycity.com/actual-course?category_id=3" "Mozilla/5.0 (Windows NT 10.0; Win64; x64) AppleWebKit/537.36 (KHTML, like Gecko) Chrome/89.0.4389.90 Safari/537.36" 
58.33.112.226 - - [19/Mar/2021:11:15:06 +0800] "OPTIONS /api/v1/media/play/af79a90fca954508b97f5cd393334732/?suffix=af79a90fca954508b97f5cd393334732 HTTP/1.1" 200 0 "https://www.luffycity.com/" "Mozilla/5.0 (Windows NT 10.0; Win64; x64) AppleWebKit/537.36 (KHTML, like Gecko) Chrome/89.0.4389.90 Safari/537.36" 
58.33.112.226 - - [19/Mar/2021:11:15:06 +0800] "GET /api/v1/media/play/af79a90fca954508b97f5cd393334732/?suffix=af79a90fca954508b97f5cd393334732 HTTP/1.1" 200 1767 "https://www.luffycity.com/" "Mozilla/5.0 (Windows NT 10.0; Win64; x64) AppleWebKit/537.36 (KHTML, like Gecko) Chrome/89.0.4389.90 Safari/537.36" 
39.107.28.243, 39.97.49.232 - - [19/Mar/2021:11:15:07 +0800] "GET /api/v1/result/ HTTP/1.1" 200 231 "-" "Mozilla/4.0 (compatible; MSIE 8.0; Windows NT 6.1; Trident/4.0)" 
39.107.28.243, 39.97.49.232 - - [19/Mar/2021:11:15:07 +0800] "GET /api/v1/auth/token/ HTTP/1.1" 200 29 "-" "Mozilla/4.0 (compatible; MSIE 8.0; Windows NT 6.1; Trident/4.0)" 
39.107.28.243, 39.97.49.232 - - [19/Mar/2021:11:15:07 +0800] "GET /api/v1/result/ HTTP/1.1" 200 231 "-" "Mozilla/4.0 (compatible; MSIE 8.0; Windows NT 6.1; Trident/4.0)" 
39.107.28.243, 39.97.49.232 - - [19/Mar/2021:11:15:08 +0800] "GET /api/v1/auth/token/ HTTP/1.1" 200 29 "-" "Mozilla/4.0 (compatible; MSIE 8.0; Windows NT 6.1; Trident/4.0)" 
39.107.28.243, 39.97.49.232 - - [19/Mar/2021:11:15:08 +0800] "GET /api/v1/result/ HTTP/1.1" 200 231 "-" "Mozilla/4.0 (compatible; MSIE 8.0; Windows NT 6.1; Trident/4.0)" 
58.33.112.226 - - [19/Mar/2021:11:15:08 +0800] "GET /api/v1/course/actual/147/sections/?courseType=actual&id=147 HTTP/1.1" 200 1038 "https://www.luffycity.com/" "Mozilla/5.0 (Windows NT 10.0; Win64; x64) AppleWebKit/537.36 (KHTML, like Gecko) Chrome/89.0.4389.90 Safari/537.36" 
39.107.28.243, 39.97.49.232 - - [19/Mar/2021:11:15:08 +0800] "GET /api/v1/auth/token/ HTTP/1.1" 200 29 "-" "Mozilla/4.0 (compatible; MSIE 8.0; Windows NT 6.1; Trident/4.0)" 
39.107.28.243, 39.97.49.232 - - [19/Mar/2021:11:15:08 +0800] "GET /api/v1/result/ HTTP/1.1" 200 231 "-" "Mozilla/4.0 (compatible; MSIE 8.0; Windows NT 6.1; Trident/4.0)" 
39.107.28.243, 39.97.49.232 - - [19/Mar/2021:11:15:08 +0800] "GET /api/v1/auth/token/ HTTP/1.1" 200 29 "-" "Mozilla/4.0 (compatible; MSIE 8.0; Windows NT 6.1; Trident/4.0)" 
39.107.28.243, 39.97.49.232 - - [19/Mar/2021:11:15:08 +0800] "GET /api/v1/auth/token/ HTTP/1.1" 200 29 "-" "Mozilla/4.0 (compatible; MSIE 8.0; Windows NT 6.1; Trident/4.0)" 
39.107.28.243, 39.97.49.232 - - [19/Mar/2021:11:15:08 +0800] "GET /api/v1/auth/token/ HTTP/1.1" 200 29 "-" "Mozilla/4.0 (compatible; MSIE 8.0; Windows NT 6.1; Trident/4.0)" 
39.107.28.243, 39.97.49.232 - - [19/Mar/2021:11:15:09 +0800] "GET /api/v1/result/ HTTP/1.1" 200 231 "-" "Mozilla/4.0 (compatible; MSIE 8.0; Windows NT 6.1; Trident/4.0)" 
39.107.28.243, 39.97.49.232 - - [19/Mar/2021:11:15:09 +0800] "GET /api/v1/auth/token/ HTTP/1.1" 200 29 "-" "Mozilla/4.0 (compatible; MSIE 8.0; Windows NT 6.1; Trident/4.0)" 
39.107.28.243, 39.97.49.232 - - [19/Mar/2021:11:15:09 +0800] "GET /api/v1/result/ HTTP/1.1" 200 231 "-" "Mozilla/4.0 (compatible; MSIE 8.0; Windows NT 6.1; Trident/4.0)" 
39.107.28.243, 39.97.49.232 - - [19/Mar/2021:11:15:09 +0800] "GET /api/v1/result/ HTTP/1.1" 200 231 "-" "Mozilla/4.0 (compatible; MSIE 8.0; Windows NT 6.1; Trident/4.0)" 
39.107.28.243, 39.97.49.232 - - [19/Mar/2021:11:15:09 +0800] "GET /api/v1/result/ HTTP/1.1" 200 231 "-" "Mozilla/4.0 (compatible; MSIE 8.0; Windows NT 6.1; Trident/4.0)" 
39.107.28.243, 39.97.49.232 - - [19/Mar/2021:11:15:09 +0800] "GET /api/v1/auth/token/ HTTP/1.1" 200 29 "-" "Mozilla/4.0 (compatible; MSIE 8.0; Windows NT 6.1; Trident/4.0)" 
39.107.28.243, 39.97.49.232 - - [19/Mar/2021:11:15:10 +0800] "GET /api/v1/result/ HTTP/1.1" 200 231 "-" "Mozilla/4.0 (compatible; MSIE 8.0; Windows NT 6.1; Trident/4.0)" 
39.107.28.243, 39.97.49.232 - - [19/Mar/2021:11:15:10 +0800] "GET /api/v1/result/ HTTP/1.1" 200 231 "-" "Mozilla/4.0 (compatible; MSIE 8.0; Windows NT 6.1; Trident/4.0)" 
111.29.119.190 - - [19/Mar/2021:11:15:10 +0800] "GET /api/v1/activity/survey/?course_id=256 HTTP/1.1" 200 11 "https://www.luffycity.com/" "Mozilla/5.0 (Windows NT 10.0; Win64; x64) AppleWebKit/537.36 (KHTML, like Gecko) Chrome/88.0.4324.190 Safari/537.36" 
39.107.28.243, 39.97.49.232 - - [19/Mar/2021:11:15:10 +0800] "GET /api/v1/result/ HTTP/1.1" 200 231 "-" "Mozilla/4.0 (compatible; MSIE 8.0; Windows NT 6.1; Trident/4.0)" 
39.107.28.243, 39.97.49.232 - - [19/Mar/2021:11:15:10 +0800] "GET /api/v1/auth/token/ HTTP/1.1" 200 29 "-" "Mozilla/4.0 (compatible; MSIE 8.0; Windows NT 6.1; Trident/4.0)" 
39.107.28.243, 39.97.49.232 - - [19/Mar/2021:11:15:10 +0800] "GET /api/v1/result/ HTTP/1.1" 200 231 "-" "Mozilla/4.0 (compatible; MSIE 8.0; Windows NT 6.1; Trident/4.0)" 
39.107.28.243, 39.97.49.232 - - [19/Mar/2021:11:15:10 +0800] "GET /api/v1/auth/token/ HTTP/1.1" 200 29 "-" "Mozilla/4.0 (compatible; MSIE 8.0; Windows NT 6.1; Trident/4.0)" 
39.107.28.243, 39.97.49.232 - - [19/Mar/2021:11:15:10 +0800] "GET /api/v1/result/ HTTP/1.1" 200 231 "-" "Mozilla/4.0 (compatible; MSIE 8.0; Windows NT 6.1; Trident/4.0)" 
39.107.28.243, 39.97.49.232 - - [19/Mar/2021:11:15:10 +0800] "GET /api/v1/auth/token/ HTTP/1.1" 200 29 "-" "Mozilla/4.0 (compatible; MSIE 8.0; Windows NT 6.1; Trident/4.0)" 
39.107.28.243, 39.97.49.232 - - [19/Mar/2021:11:15:10 +0800] "GET /api/v1/auth/token/ HTTP/1.1" 200 29 "-" "Mozilla/4.0 (compatible; MSIE 8.0; Windows NT 6.1; Trident/4.0)" 
39.107.28.243, 39.97.49.232 - - [19/Mar/2021:11:15:11 +0800] "GET /api/v1/result/ HTTP/1.1" 200 231 "-" "Mozilla/4.0 (compatible; MSIE 8.0; Windows NT 6.1; Trident/4.0)" 
39.107.28.243, 39.97.49.232 - - [19/Mar/2021:11:15:11 +0800] "GET /api/v1/auth/token/ HTTP/1.1" 200 29 "-" "Mozilla/4.0 (compatible; MSIE 8.0; Windows NT 6.1; Trident/4.0)" 
39.107.28.243, 39.97.49.232 - - [19/Mar/2021:11:15:11 +0800] "GET /api/v1/auth/token/ HTTP/1.1" 200 29 "-" "Mozilla/4.0 (compatible; MSIE 8.0; Windows NT 6.1; Trident/4.0)" 
39.107.28.243, 39.97.49.232 - - [19/Mar/2021:11:15:11 +0800] "GET /api/v1/result/ HTTP/1.1" 200 231 "-" "Mozilla/4.0 (compatible; MSIE 8.0; Windows NT 6.1; Trident/4.0)" 
39.107.28.243, 39.97.49.232 - - [19/Mar/2021:11:15:11 +0800] "GET /api/v1/auth/token/ HTTP/1.1" 200 29 "-" "Mozilla/4.0 (compatible; MSIE 8.0; Windows NT 6.1; Trident/4.0)" 
39.107.28.243, 39.97.49.232 - - [19/Mar/2021:11:15:11 +0800] "GET /api/v1/result/ HTTP/1.1" 200 231 "-" "Mozilla/4.0 (compatible; MSIE 8.0; Windows NT 6.1; Trident/4.0)" 
39.107.28.243, 39.97.49.232 - - [19/Mar/2021:11:15:11 +0800] "GET /api/v1/result/ HTTP/1.1" 200 231 "-" "Mozilla/4.0 (compatible; MSIE 8.0; Windows NT 6.1; Trident/4.0)" 
202.189.2.194, 39.97.49.232 - - [19/Mar/2021:11:15:27 +0800] "GET /api/v1/auth/token/ HTTP/1.1" 200 390 "-" "Mozilla/5.0 (Windows NT 10.0; Win64; x64) AppleWebKit/537.36 (KHTML, like Gecko) Chrome/89.0.4389.90 Safari/537.36 Edg/89.0.774.54" 
202.189.2.194 - - [19/Mar/2021:11:15:27 +0800] "GET /api/v1/survey/section/2541/?sectionId=2541 HTTP/1.1" 200 10 "https://www.luffycity.com/" "Mozilla/5.0 (Windows NT 10.0; Win64; x64) AppleWebKit/537.36 (KHTML, like Gecko) Chrome/89.0.4389.90 Safari/537.36 Edg/89.0.774.54" 
202.189.2.194 - - [19/Mar/2021:11:15:27 +0800] "GET /api/v1/play/sections/?section_id=2541 HTTP/1.1" 200 5410 "https://www.luffycity.com/" "Mozilla/5.0 (Windows NT 10.0; Win64; x64) AppleWebKit/537.36 (KHTML, like Gecko) Chrome/89.0.4389.90 Safari/537.36 Edg/89.0.774.54" 
202.189.2.194 - - [19/Mar/2021:11:15:32 +0800] "GET /api/v1/play/sections/?section_id=2551 HTTP/1.1" 200 5410 "https://www.luffycity.com/" "Mozilla/5.0 (Windows NT 10.0; Win64; x64) AppleWebKit/537.36 (KHTML, like Gecko) Chrome/89.0.4389.90 Safari/537.36 Edg/89.0.774.54" 
202.189.2.194 - - [19/Mar/2021:11:15:32 +0800] "GET /api/v1/play/2551/?play_id=2551 HTTP/1.1" 200 395 "https://www.luffycity.com/" "Mozilla/5.0 (Windows NT 10.0; Win64; x64) AppleWebKit/537.36 (KHTML, like Gecko) Chrome/89.0.4389.90 Safari/537.36 Edg/89.0.774.54" 
114.141.190.70, 39.97.49.232 - - [19/Mar/2021:11:15:39 +0800] "GET /api/v1/auth/token/ HTTP/1.1" 200 29 "-" "Mozilla/5.0 (Windows NT 10.0; WOW64) AppleWebKit/537.36 (KHTML, like Gecko) Chrome/72.0.3626.81 Safari/537.36 SE 2.X MetaSr 1.0" 
114.141.190.70, 39.97.49.232 - - [19/Mar/2021:11:15:39 +0800] "GET /api/v1/result/ HTTP/1.1" 200 231 "-" "Mozilla/5.0 (Windows NT 10.0; WOW64) AppleWebKit/537.36 (KHTML, like Gecko) Chrome/72.0.3626.81 Safari/537.36 SE 2.X MetaSr 1.0" 
114.141.190.70, 39.97.49.232 - - [19/Mar/2021:11:15:39 +0800] "GET /api/v1/index/banner/ HTTP/1.1" 200 382 "-" "Mozilla/5.0 (Windows NT 10.0; WOW64) AppleWebKit/537.36 (KHTML, like Gecko) Chrome/72.0.3626.81 Safari/537.36 SE 2.X MetaSr 1.0" 
114.141.190.70 - - [19/Mar/2021:11:15:41 +0800] "GET /api/v1/result/enroll/?resultType=enroll&limit=2 HTTP/1.1" 200 722 "https://www.luffycity.com/" "Mozilla/5.0 (Windows NT 10.0; WOW64) AppleWebKit/537.36 (KHTML, like Gecko) Chrome/72.0.3626.81 Safari/537.36 SE 2.X MetaSr 1.0" 
58.33.112.226, 39.97.49.232 - - [19/Mar/2021:11:15:46 +0800] "GET /api/v1/auth/token/ HTTP/1.1" 200 64 "https://www.luffycity.com/free-course" "Mozilla/5.0 (Windows NT 10.0; Win64; x64) AppleWebKit/537.36 (KHTML, like Gecko) Chrome/89.0.4389.90 Safari/537.36" 
58.33.112.226, 39.97.49.232 - - [19/Mar/2021:11:15:46 +0800] "GET /api/v1/result/ HTTP/1.1" 200 231 "https://www.luffycity.com/free-course" "Mozilla/5.0 (Windows NT 10.0; Win64; x64) AppleWebKit/537.36 (KHTML, like Gecko) Chrome/89.0.4389.90 Safari/537.36" 
58.33.112.226, 39.97.49.232 - - [19/Mar/2021:11:15:47 +0800] "GET /api/v1/course/actual/ HTTP/1.1" 200 25980 "https://www.luffycity.com/free-course" "Mozilla/5.0 (Windows NT 10.0; Win64; x64) AppleWebKit/537.36 (KHTML, like Gecko) Chrome/89.0.4389.90 Safari/537.36" 
58.33.112.226 - - [19/Mar/2021:11:15:50 +0800] "GET /api/v1/course/category/actual/?courseType=actual HTTP/1.1" 200 252 "https://www.luffycity.com/" "Mozilla/5.0 (Windows NT 10.0; Win64; x64) AppleWebKit/537.36 (KHTML, like Gecko) Chrome/89.0.4389.90 Safari/537.36" 
58.33.112.226 - - [19/Mar/2021:11:15:51 +0800] "GET /api/v1/course/actual/?category_id=1 HTTP/1.1" 200 6892 "https://www.luffycity.com/" "Mozilla/5.0 (Windows NT 10.0; Win64; x64) AppleWebKit/537.36 (KHTML, like Gecko) Chrome/89.0.4389.90 Safari/537.36" 
183.6.52.2 - - [19/Mar/2021:11:15:57 +0800] "OPTIONS /api/v1/course/degree/ HTTP/1.1" 200 0 "https://www.luffycity.com/" "Mozilla/5.0 (Windows NT 10.0; WOW64) AppleWebKit/537.36 (KHTML, like Gecko) Chrome/87.0.4280.141 Safari/537.36" 
183.6.52.2 - - [19/Mar/2021:11:15:58 +0800] "GET /api/v1/course/degree/ HTTP/1.1" 200 951 "https://www.luffycity.com/" "Mozilla/5.0 (Windows NT 10.0; WOW64) AppleWebKit/537.36 (KHTML, like Gecko) Chrome/87.0.4280.141 Safari/537.36" 
183.6.52.2 - - [19/Mar/2021:11:15:58 +0800] "GET /api/v1/course/actual/?limit=3 HTTP/1.1" 200 2342 "https://www.luffycity.com/" "Mozilla/5.0 (Windows NT 10.0; WOW64) AppleWebKit/537.36 (KHTML, like Gecko) Chrome/87.0.4280.141 Safari/537.36" 
183.6.52.2 - - [19/Mar/2021:11:15:58 +0800] "GET /api/v1/course/home-free/?limit=3 HTTP/1.1" 200 865 "https://www.luffycity.com/" "Mozilla/5.0 (Windows NT 10.0; WOW64) AppleWebKit/537.36 (KHTML, like Gecko) Chrome/87.0.4280.141 Safari/537.36" 
183.6.52.2 - - [19/Mar/2021:11:15:58 +0800] "GET /api/v1/result/enroll/?resultType=enroll&limit=2 HTTP/1.1" 200 722 "https://www.luffycity.com/" "Mozilla/5.0 (Windows NT 10.0; WOW64) AppleWebKit/537.36 (KHTML, like Gecko) Chrome/87.0.4280.141 Safari/537.36" 
223.104.49.50 - - [19/Mar/2021:11:16:01 +0800] "OPTIONS /api/v1/play/sections/?section_id=30846 HTTP/1.1" 200 0 "https://www.luffycity.com/play/30846" "Mozilla/5.0 (Windows NT 10.0; Win64; x64; rv:86.0) Gecko/20100101 Firefox/86.0" 
223.104.49.50 - - [19/Mar/2021:11:16:01 +0800] "OPTIONS /api/v1/play/30846/?play_id=30846 HTTP/1.1" 200 0 "https://www.luffycity.com/play/30846" "Mozilla/5.0 (Windows NT 10.0; Win64; x64; rv:86.0) Gecko/20100101 Firefox/86.0" 
223.104.49.50 - - [19/Mar/2021:11:16:01 +0800] "GET /api/v1/survey/section/30846/?sectionId=30846 HTTP/1.1" 200 10 "https://www.luffycity.com/play/30846" "Mozilla/5.0 (Windows NT 10.0; Win64; x64; rv:86.0) Gecko/20100101 Firefox/86.0" 
223.104.49.50 - - [19/Mar/2021:11:16:02 +0800] "GET /api/v1/play/sections/?section_id=30846 HTTP/1.1" 200 3339 "https://www.luffycity.com/play/30846" "Mozilla/5.0 (Windows NT 10.0; Win64; x64; rv:86.0) Gecko/20100101 Firefox/86.0" 
10.162.176.38, 14.215.176.146, 39.97.49.232 - - [19/Mar/2021:11:16:02 +0800] "GET /api/v1/result/ HTTP/1.1" 200 231 "" "Mozilla/5.0 (Macintosh; Intel Mac OS X 10_12_6) AppleWebKit/537.36 (KHTML,like Gecko) Chrome/59.0.3071.115 Safari/537.36" 
10.162.176.38, 14.215.176.146, 39.97.49.232 - - [19/Mar/2021:11:16:02 +0800] "GET /api/v1/course/degree/ HTTP/1.1" 200 951 "" "Mozilla/5.0 (Macintosh; Intel Mac OS X 10_12_6) AppleWebKit/537.36 (KHTML,like Gecko) Chrome/59.0.3071.115 Safari/537.36" 
202.205.177.36 - - [19/Mar/2021:11:16:06 +0800] "GET /api/v1/study/data/?degree_id=15 HTTP/1.1" 200 107 "https://www.luffycity.com/" "Mozilla/5.0 (Windows NT 10.0; Win64; x64) AppleWebKit/537.36 (KHTML, like Gecko) Chrome/89.0.4389.90 Safari/537.36" 
58.33.112.226, 39.97.49.232 - - [19/Mar/2021:11:16:08 +0800] "GET /api/v1/auth/token/ HTTP/1.1" 200 64 "https://www.luffycity.com/light-course" "Mozilla/5.0 (Windows NT 10.0; Win64; x64) AppleWebKit/537.36 (KHTML, like Gecko) Chrome/89.0.4389.90 Safari/537.36" 
202.205.177.36 - - [19/Mar/2021:11:16:08 +0800] "GET /api/v1/study/module/degree/79093/?courseType=degree&id=79093 HTTP/1.1" 200 2825 "https://www.luffycity.com/" "Mozilla/5.0 (Windows NT 10.0; Win64; x64) AppleWebKit/537.36 (KHTML, like Gecko) Chrome/89.0.4389.90 Safari/537.36" 
58.33.112.226 - - [19/Mar/2021:11:16:08 +0800] "OPTIONS /api/v1/course/degree/20/study-route/?courseType=degree&id=20 HTTP/1.1" 200 0 "https://www.luffycity.com/" "Mozilla/5.0 (Windows NT 10.0; Win64; x64) AppleWebKit/537.36 (KHTML, like Gecko) Chrome/89.0.4389.90 Safari/537.36" 
58.33.112.226 - - [19/Mar/2021:11:16:08 +0800] "GET /api/v1/course/degree/20/study-route/?courseType=degree&id=20 HTTP/1.1" 200 2186 "https://www.luffycity.com/" "Mozilla/5.0 (Windows NT 10.0; Win64; x64) AppleWebKit/537.36 (KHTML, like Gecko) Chrome/89.0.4389.90 Safari/537.36" 
115.172.225.113, 39.97.49.232 - - [19/Mar/2021:11:16:09 +0800] "GET /api/v1/auth/token/ HTTP/1.1" 200 368 "-" "Mozilla/5.0 (Windows NT 10.0; Win64; x64) AppleWebKit/537.36 (KHTML, like Gecko) Chrome/81.0.4044.138 Safari/537.36" 
115.172.225.113, 39.97.49.232 - - [19/Mar/2021:11:16:09 +0800] "GET /api/v1/result/ HTTP/1.1" 200 231 "-" "Mozilla/5.0 (Windows NT 10.0; Win64; x64) AppleWebKit/537.36 (KHTML, like Gecko) Chrome/81.0.4044.138 Safari/537.36" 
115.172.225.113 - - [19/Mar/2021:11:16:10 +0800] "OPTIONS /api/v1/play/sections/?section_id=21431 HTTP/1.1" 200 0 "https://www.luffycity.com/play/21431" "Mozilla/5.0 (Windows NT 10.0; Win64; x64) AppleWebKit/537.36 (KHTML, like Gecko) Chrome/81.0.4044.138 Safari/537.36" 
115.172.225.113 - - [19/Mar/2021:11:16:10 +0800] "OPTIONS /api/v1/play/21431/?play_id=21431 HTTP/1.1" 200 0 "https://www.luffycity.com/play/21431" "Mozilla/5.0 (Windows NT 10.0; Win64; x64) AppleWebKit/537.36 (KHTML, like Gecko) Chrome/81.0.4044.138 Safari/537.36" 
115.172.225.113 - - [19/Mar/2021:11:16:10 +0800] "GET /api/v1/play/sections/?section_id=21431 HTTP/1.1" 200 6821 "https://www.luffycity.com/play/21431" "Mozilla/5.0 (Windows NT 10.0; Win64; x64) AppleWebKit/537.36 (KHTML, like Gecko) Chrome/81.0.4044.138 Safari/537.36" 
115.172.225.113 - - [19/Mar/2021:11:16:10 +0800] "GET /api/v1/comment/?section_id=21431&limit=10&offset=0 HTTP/1.1" 200 1679 "https://www.luffycity.com/play/21431" "Mozilla/5.0 (Windows NT 10.0; Win64; x64) AppleWebKit/537.36 (KHTML, like Gecko) Chrome/81.0.4044.138 Safari/537.36" 
202.205.177.36, 39.97.49.232 - - [19/Mar/2021:11:16:15 +0800] "GET /api/v1/result/ HTTP/1.1" 200 231 "-" "Mozilla/5.0 (Windows NT 10.0; Win64; x64) AppleWebKit/537.36 (KHTML, like Gecko) Chrome/89.0.4389.90 Safari/537.36" 
202.205.177.36 - - [19/Mar/2021:11:16:15 +0800] "GET /api/v1/study/module/degree/79093/?courseType=degree&id=79093 HTTP/1.1" 200 2825 "https://www.luffycity.com/" "Mozilla/5.0 (Windows NT 10.0; Win64; x64) AppleWebKit/537.36 (KHTML, like Gecko) Chrome/89.0.4389.90 Safari/537.36" 
202.205.177.36 - - [19/Mar/2021:11:16:19 +0800] "GET /api/v1/study/degrees/15/mentor/?degree_id=15 HTTP/1.1" 200 212 "https://www.luffycity.com/" "Mozilla/5.0 (Windows NT 10.0; Win64; x64) AppleWebKit/537.36 (KHTML, like Gecko) Chrome/89.0.4389.90 Safari/537.36" 
202.205.177.36 - - [19/Mar/2021:11:16:19 +0800] "GET /api/v1/study/degrees/15/?degree_id=15 HTTP/1.1" 200 520 "https://www.luffycity.com/" "Mozilla/5.0 (Windows NT 10.0; Win64; x64) AppleWebKit/537.36 (KHTML, like Gecko) Chrome/89.0.4389.90 Safari/537.36" 
202.205.177.36 - - [19/Mar/2021:11:16:19 +0800] "GET /api/v1/study/data/ HTTP/1.1" 200 111 "https://www.luffycity.com/" "Mozilla/5.0 (Windows NT 10.0; Win64; x64) AppleWebKit/537.36 (KHTML, like Gecko) Chrome/89.0.4389.90 Safari/537.36" 
58.33.112.226, 39.97.49.232 - - [19/Mar/2021:11:16:24 +0800] "GET /api/v1/result/ HTTP/1.1" 200 231 "https://www.luffycity.com/light-course/web" "Mozilla/5.0 (Windows NT 10.0; Win64; x64) AppleWebKit/537.36 (KHTML, like Gecko) Chrome/89.0.4389.90 Safari/537.36" 
202.205.177.36 - - [19/Mar/2021:11:16:26 +0800] "OPTIONS /api/v1/play/sections/?section_id=9051 HTTP/1.1" 200 0 "https://www.luffycity.com/" "Mozilla/5.0 (Windows NT 10.0; Win64; x64) AppleWebKit/537.36 (KHTML, like Gecko) Chrome/89.0.4389.90 Safari/537.36" 
202.205.177.36 - - [19/Mar/2021:11:16:26 +0800] "OPTIONS /api/v1/play/9051/?play_id=9051 HTTP/1.1" 200 0 "https://www.luffycity.com/" "Mozilla/5.0 (Windows NT 10.0; Win64; x64) AppleWebKit/537.36 (KHTML, like Gecko) Chrome/89.0.4389.90 Safari/537.36" 
202.205.177.36 - - [19/Mar/2021:11:16:26 +0800] "GET /api/v1/play/sections/?section_id=9051 HTTP/1.1" 200 2829 "https://www.luffycity.com/" "Mozilla/5.0 (Windows NT 10.0; Win64; x64) AppleWebKit/537.36 (KHTML, like Gecko) Chrome/89.0.4389.90 Safari/537.36" 
202.205.177.36 - - [19/Mar/2021:11:16:26 +0800] "GET /api/v1/play/9051/?play_id=9051 HTTP/1.1" 200 410 "https://www.luffycity.com/" "Mozilla/5.0 (Windows NT 10.0; Win64; x64) AppleWebKit/537.36 (KHTML, like Gecko) Chrome/89.0.4389.90 Safari/537.36" 
39.97.50.217 - - [19/Mar/2021:11:16:28 +0800] "GET /api/v1/auth/token/ HTTP/1.1" 200 29 "-" "Mozilla/5.0 (compatible; Baiduspider/2.0; +http://www.baidu.com/search/spider.html)" 
39.97.50.217 - - [19/Mar/2021:11:16:28 +0800] "GET /api/v1/result/ HTTP/1.1" 200 231 "-" "Mozilla/5.0 (compatible; Baiduspider/2.0; +http://www.baidu.com/search/spider.html)" 
202.205.177.36 - - [19/Mar/2021:11:16:35 +0800] "GET /api/v1/study/module/degree/79093/?courseType=degree&id=79093 HTTP/1.1" 200 2825 "https://www.luffycity.com/" "Mozilla/5.0 (Windows NT 10.0; Win64; x64) AppleWebKit/537.36 (KHTML, like Gecko) Chrome/89.0.4389.90 Safari/537.36" 
202.205.177.36 - - [19/Mar/2021:11:16:40 +0800] "GET /api/v1/study/degrees/15/mentor/?degree_id=15 HTTP/1.1" 200 212 "https://www.luffycity.com/" "Mozilla/5.0 (Windows NT 10.0; Win64; x64) AppleWebKit/537.36 (KHTML, like Gecko) Chrome/89.0.4389.90 Safari/537.36" 
202.205.177.36 - - [19/Mar/2021:11:16:40 +0800] "GET /api/v1/study/degrees/15/?degree_id=15 HTTP/1.1" 200 522 "https://www.luffycity.com/" "Mozilla/5.0 (Windows NT 10.0; Win64; x64) AppleWebKit/537.36 (KHTML, like Gecko) Chrome/89.0.4389.90 Safari/537.36" 
202.205.177.36 - - [19/Mar/2021:11:16:40 +0800] "GET /api/v1/study/data/ HTTP/1.1" 200 111 "https://www.luffycity.com/" "Mozilla/5.0 (Windows NT 10.0; Win64; x64) AppleWebKit/537.36 (KHTML, like Gecko) Chrome/89.0.4389.90 Safari/537.36" 
202.205.177.36 - - [19/Mar/2021:11:16:46 +0800] "GET /api/v1/study/module/degree/79094/?courseType=degree&id=79094 HTTP/1.1" 200 3143 "https://www.luffycity.com/" "Mozilla/5.0 (Windows NT 10.0; Win64; x64) AppleWebKit/537.36 (KHTML, like Gecko) Chrome/89.0.4389.90 Safari/537.36" 
202.205.177.36 - - [19/Mar/2021:11:16:49 +0800] "OPTIONS /api/v1/comment/?section_id=12152&limit=10&offset=0 HTTP/1.1" 200 0 "https://www.luffycity.com/" "Mozilla/5.0 (Windows NT 10.0; Win64; x64) AppleWebKit/537.36 (KHTML, like Gecko) Chrome/89.0.4389.90 Safari/537.36" 
202.205.177.36 - - [19/Mar/2021:11:16:49 +0800] "OPTIONS /api/v1/survey/section/12152/?sectionId=12152 HTTP/1.1" 200 0 "https://www.luffycity.com/" "Mozilla/5.0 (Windows NT 10.0; Win64; x64) AppleWebKit/537.36 (KHTML, like Gecko) Chrome/89.0.4389.90 Safari/537.36" 
202.205.177.36 - - [19/Mar/2021:11:16:49 +0800] "GET /api/v1/survey/section/12152/?sectionId=12152 HTTP/1.1" 200 10 "https://www.luffycity.com/" "Mozilla/5.0 (Windows NT 10.0; Win64; x64) AppleWebKit/537.36 (KHTML, like Gecko) Chrome/89.0.4389.90 Safari/537.36" 
202.205.177.36 - - [19/Mar/2021:11:16:49 +0800] "GET /api/v1/play/sections/?section_id=12152 HTTP/1.1" 200 3147 "https://www.luffycity.com/" "Mozilla/5.0 (Windows NT 10.0; Win64; x64) AppleWebKit/537.36 (KHTML, like Gecko) Chrome/89.0.4389.90 Safari/537.36" 
175.167.136.206 - - [19/Mar/2021:11:16:50 +0800] "GET /api/v1/auth/token/ HTTP/1.1" 200 402 "https://m.luffycity.com/" "Mozilla/5.0 (Linux; Android 10; HMA-AL00; HMSCore 5.2.0.303; GMSCore 20.15.16) AppleWebKit/537.36 (KHTML, like Gecko) Chrome/83.0.4103.106 HuaweiBrowser/11.0.8.301 Mobile Safari/537.36" 
202.205.177.36 - - [19/Mar/2021:11:16:54 +0800] "GET /api/v1/study/degrees/0/mentor/?degree_id=0 HTTP/1.1" 200 137 "https://www.luffycity.com/" "Mozilla/5.0 (Windows NT 10.0; Win64; x64) AppleWebKit/537.36 (KHTML, like Gecko) Chrome/89.0.4389.90 Safari/537.36" 
202.205.177.36 - - [19/Mar/2021:11:16:54 +0800] "GET /api/v1/study/degrees/ HTTP/1.1" 200 525 "https://www.luffycity.com/" "Mozilla/5.0 (Windows NT 10.0; Win64; x64) AppleWebKit/537.36 (KHTML, like Gecko) Chrome/89.0.4389.90 Safari/537.36" 
202.205.177.36 - - [19/Mar/2021:11:16:55 +0800] "GET /api/v1/study/data/?degree_id=15 HTTP/1.1" 200 107 "https://www.luffycity.com/" "Mozilla/5.0 (Windows NT 10.0; Win64; x64) AppleWebKit/537.36 (KHTML, like Gecko) Chrome/89.0.4389.90 Safari/537.36" 
202.205.177.36 - - [19/Mar/2021:11:16:58 +0800] "OPTIONS /api/v1/study/module/degree/79095/?courseType=degree&id=79095 HTTP/1.1" 200 0 "https://www.luffycity.com/" "Mozilla/5.0 (Windows NT 10.0; Win64; x64) AppleWebKit/537.36 (KHTML, like Gecko) Chrome/89.0.4389.90 Safari/537.36" 
202.205.177.36 - - [19/Mar/2021:11:17:01 +0800] "OPTIONS /api/v1/play/12809/?play_id=12809 HTTP/1.1" 200 0 "https://www.luffycity.com/" "Mozilla/5.0 (Windows NT 10.0; Win64; x64) AppleWebKit/537.36 (KHTML, like Gecko) Chrome/89.0.4389.90 Safari/537.36" 
202.205.177.36 - - [19/Mar/2021:11:17:01 +0800] "OPTIONS /api/v1/play/sections/?section_id=12809 HTTP/1.1" 200 0 "https://www.luffycity.com/" "Mozilla/5.0 (Windows NT 10.0; Win64; x64) AppleWebKit/537.36 (KHTML, like Gecko) Chrome/89.0.4389.90 Safari/537.36" 
202.205.177.36 - - [19/Mar/2021:11:17:01 +0800] "GET /api/v1/survey/section/12809/?sectionId=12809 HTTP/1.1" 200 10 "https://www.luffycity.com/" "Mozilla/5.0 (Windows NT 10.0; Win64; x64) AppleWebKit/537.36 (KHTML, like Gecko) Chrome/89.0.4389.90 Safari/537.36" 
202.205.177.36 - - [19/Mar/2021:11:17:01 +0800] "GET /api/v1/play/sections/?section_id=12809 HTTP/1.1" 200 4529 "https://www.luffycity.com/" "Mozilla/5.0 (Windows NT 10.0; Win64; x64) AppleWebKit/537.36 (KHTML, like Gecko) Chrome/89.0.4389.90 Safari/537.36" 
153.179.1.106 - - [19/Mar/2021:11:17:05 +0800] "OPTIONS /api/v1/play/sections/?section_id=28646 HTTP/1.1" 200 0 "https://www.luffycity.com/play/28646" "Mozilla/5.0 (Windows NT 10.0; Win64; x64) AppleWebKit/537.36 (KHTML, like Gecko) Chrome/83.0.4103.97 Safari/537.36" 
153.179.1.106 - - [19/Mar/2021:11:17:05 +0800] "OPTIONS /api/v1/play/28646/?play_id=28646 HTTP/1.1" 200 0 "https://www.luffycity.com/play/28646" "Mozilla/5.0 (Windows NT 10.0; Win64; x64) AppleWebKit/537.36 (KHTML, like Gecko) Chrome/83.0.4103.97 Safari/537.36" 
153.179.1.106 - - [19/Mar/2021:11:17:05 +0800] "GET /api/v1/survey/section/28646/?sectionId=28646 HTTP/1.1" 200 10 "https://www.luffycity.com/play/28646" "Mozilla/5.0 (Windows NT 10.0; Win64; x64) AppleWebKit/537.36 (KHTML, like Gecko) Chrome/83.0.4103.97 Safari/537.36" 
153.179.1.106 - - [19/Mar/2021:11:17:05 +0800] "GET /api/v1/comment/?section_id=28646&limit=10&offset=0 HTTP/1.1" 200 1362 "https://www.luffycity.com/play/28646" "Mozilla/5.0 (Windows NT 10.0; Win64; x64) AppleWebKit/537.36 (KHTML, like Gecko) Chrome/83.0.4103.97 Safari/537.36" 
112.67.210.156, 39.97.49.232 - - [19/Mar/2021:11:17:12 +0800] "GET /api/v1/auth/token/ HTTP/1.1" 200 29 "-" "Mozilla/5.0 (Windows NT 10.0; Win64; x64) AppleWebKit/537.36 (KHTML, like Gecko) Chrome/89.0.4389.90 Safari/537.36 Edg/89.0.774.54" 
112.67.210.156, 39.97.49.232 - - [19/Mar/2021:11:17:12 +0800] "GET /api/v1/result/ HTTP/1.1" 200 231 "-" "Mozilla/5.0 (Windows NT 10.0; Win64; x64) AppleWebKit/537.36 (KHTML, like Gecko) Chrome/89.0.4389.90 Safari/537.36 Edg/89.0.774.54" 
