118.212.206.142 - - [20/Mar/2021:14:02:50 +0800] "GET /api/v1/play/29166/?play_id=29166 HTTP/1.1" 200 393 "https://www.luffycity.com/" "Mozilla/5.0 (Windows NT 10.0; Win64; x64) AppleWebKit/537.36 (KHTML, like Gecko) Chrome/89.0.4389.90 Safari/537.36" 
112.95.25.219 - - [20/Mar/2021:14:02:50 +0800] "OPTIONS /api/v1/activity/survey/?course_id=256 HTTP/1.1" 200 0 "https://www.luffycity.com/" "Mozilla/5.0 (Windows NT 10.0; Win64; x64) AppleWebKit/537.36 (KHTML, like Gecko) Chrome/89.0.4389.90 Safari/537.36" 
112.10.80.187 - - [20/Mar/2021:14:02:52 +0800] "OPTIONS /api/v1/play/sections/?section_id=14339 HTTP/1.1" 200 0 "https://www.luffycity.com/play/14339" "Mozilla/5.0 (Windows NT 10.0; Win64; x64; rv:82.0) Gecko/20100101 Firefox/82.0" 
112.10.80.187 - - [20/Mar/2021:14:02:52 +0800] "OPTIONS /api/v1/play/14339/?play_id=14339 HTTP/1.1" 200 0 "https://www.luffycity.com/play/14339" "Mozilla/5.0 (Windows NT 10.0; Win64; x64; rv:82.0) Gecko/20100101 Firefox/82.0" 
112.10.80.187 - - [20/Mar/2021:14:02:53 +0800] "GET /api/v1/comment/?section_id=14339&limit=10&offset=0 HTTP/1.1" 200 1558 "https://www.luffycity.com/play/14339" "Mozilla/5.0 (Windows NT 10.0; Win64; x64; rv:82.0) Gecko/20100101 Firefox/82.0" 
112.10.80.187 - - [20/Mar/2021:14:02:53 +0800] "GET /api/v1/play/14339/?play_id=14339 HTTP/1.1" 200 420 "https://www.luffycity.com/play/14339" "Mozilla/5.0 (Windows NT 10.0; Win64; x64; rv:82.0) Gecko/20100101 Firefox/82.0" 
118.212.206.142, 39.97.49.232 - - [20/Mar/2021:14:03:03 +0800] "GET /api/v1/auth/token/ HTTP/1.1" 200 400 "-" "Mozilla/5.0 (Windows NT 10.0; Win64; x64) AppleWebKit/537.36 (KHTML, like Gecko) Chrome/89.0.4389.90 Safari/537.36" 
118.212.206.142, 39.97.49.232 - - [20/Mar/2021:14:03:03 +0800] "GET /api/v1/auth/token/ HTTP/1.1" 200 400 "-" "Mozilla/5.0 (Windows NT 10.0; Win64; x64) AppleWebKit/537.36 (KHTML, like Gecko) Chrome/89.0.4389.90 Safari/537.36" 
118.212.206.142 - - [20/Mar/2021:14:03:04 +0800] "GET /api/v1/play/29166/?play_id=29166 HTTP/1.1" 499 0 "https://www.luffycity.com/" "Mozilla/5.0 (Windows NT 10.0; Win64; x64) AppleWebKit/537.36 (KHTML, like Gecko) Chrome/89.0.4389.90 Safari/537.36" 
118.212.206.142 - - [20/Mar/2021:14:03:04 +0800] "GET /api/v1/play/sections/?section_id=29166 HTTP/1.1" 499 0 "https://www.luffycity.com/" "Mozilla/5.0 (Windows NT 10.0; Win64; x64) AppleWebKit/537.36 (KHTML, like Gecko) Chrome/89.0.4389.90 Safari/537.36" 
118.212.206.142 - - [20/Mar/2021:14:03:04 +0800] "GET /api/v1/play/sections/?section_id=29166 HTTP/1.1" 200 2172 "https://www.luffycity.com/" "Mozilla/5.0 (Windows NT 10.0; Win64; x64) AppleWebKit/537.36 (KHTML, like Gecko) Chrome/89.0.4389.90 Safari/537.36" 
118.212.206.142 - - [20/Mar/2021:14:03:04 +0800] "GET /api/v1/play/29166/?play_id=29166 HTTP/1.1" 200 393 "https://www.luffycity.com/" "Mozilla/5.0 (Windows NT 10.0; Win64; x64) AppleWebKit/537.36 (KHTML, like Gecko) Chrome/89.0.4389.90 Safari/537.36" 
117.164.170.236 - - [20/Mar/2021:14:03:33 +0800] "OPTIONS /api/v1/play/30781/?play_id=30781 HTTP/1.1" 200 0 "https://www.luffycity.com/" "Mozilla/5.0 (Windows NT 10.0; Win64; x64) AppleWebKit/537.36 (KHTML, like Gecko) Chrome/89.0.4389.82 Safari/537.36" 
117.164.170.236 - - [20/Mar/2021:14:03:33 +0800] "OPTIONS /api/v1/survey/section/30781/?sectionId=30781 HTTP/1.1" 200 0 "https://www.luffycity.com/" "Mozilla/5.0 (Windows NT 10.0; Win64; x64) AppleWebKit/537.36 (KHTML, like Gecko) Chrome/89.0.4389.82 Safari/537.36" 
117.164.170.236 - - [20/Mar/2021:14:03:33 +0800] "GET /api/v1/survey/section/30781/?sectionId=30781 HTTP/1.1" 200 10 "https://www.luffycity.com/" "Mozilla/5.0 (Windows NT 10.0; Win64; x64) AppleWebKit/537.36 (KHTML, like Gecko) Chrome/89.0.4389.82 Safari/537.36" 
117.164.170.236 - - [20/Mar/2021:14:03:33 +0800] "GET /api/v1/comment/?section_id=30781&limit=10&offset=0 HTTP/1.1" 200 1419 "https://www.luffycity.com/" "Mozilla/5.0 (Windows NT 10.0; Win64; x64) AppleWebKit/537.36 (KHTML, like Gecko) Chrome/89.0.4389.82 Safari/537.36" 
183.193.186.126 - - [20/Mar/2021:14:03:38 +0800] "OPTIONS /api/v1/play/3243/?play_id=3243 HTTP/1.1" 200 0 "https://www.luffycity.com/play/3243" "Mozilla/5.0 (Windows NT 10.0; WOW64) AppleWebKit/537.36 (KHTML, like Gecko) Chrome/86.0.4240.198 Safari/537.36" 
183.193.186.126 - - [20/Mar/2021:14:03:38 +0800] "OPTIONS /api/v1/survey/section/3243/?sectionId=3243 HTTP/1.1" 200 0 "https://www.luffycity.com/play/3243" "Mozilla/5.0 (Windows NT 10.0; WOW64) AppleWebKit/537.36 (KHTML, like Gecko) Chrome/86.0.4240.198 Safari/537.36" 
183.193.186.126 - - [20/Mar/2021:14:03:38 +0800] "GET /api/v1/survey/section/3243/?sectionId=3243 HTTP/1.1" 200 10 "https://www.luffycity.com/play/3243" "Mozilla/5.0 (Windows NT 10.0; WOW64) AppleWebKit/537.36 (KHTML, like Gecko) Chrome/86.0.4240.198 Safari/537.36" 
183.193.186.126 - - [20/Mar/2021:14:03:39 +0800] "GET /api/v1/comment/?section_id=3243&limit=10&offset=0 HTTP/1.1" 200 1563 "https://www.luffycity.com/play/3243" "Mozilla/5.0 (Windows NT 10.0; WOW64) AppleWebKit/537.36 (KHTML, like Gecko) Chrome/86.0.4240.198 Safari/537.36" 
211.139.111.19 - - [20/Mar/2021:14:04:19 +0800] "OPTIONS /api/v1/survey/section/662/?sectionId=662 HTTP/1.1" 200 0 "https://www.luffycity.com/" "Mozilla/5.0 (Windows NT 10.0; Win64; x64) AppleWebKit/537.36 (KHTML, like Gecko) Chrome/89.0.4389.90 Safari/537.36" 
58.62.166.96 - - [20/Mar/2021:14:04:25 +0800] "OPTIONS /api/v1/play/sections/?section_id=17586 HTTP/1.1" 200 0 "https://www.luffycity.com/play/17586" "Mozilla/5.0 (Windows NT 10.0; WOW64) AppleWebKit/537.36 (KHTML, like Gecko) Chrome/86.0.4240.198 Safari/537.36" 
58.62.166.96 - - [20/Mar/2021:14:04:25 +0800] "OPTIONS /api/v1/survey/section/17586/?sectionId=17586 HTTP/1.1" 200 0 "https://www.luffycity.com/play/17586" "Mozilla/5.0 (Windows NT 10.0; WOW64) AppleWebKit/537.36 (KHTML, like Gecko) Chrome/86.0.4240.198 Safari/537.36" 
58.62.166.96 - - [20/Mar/2021:14:04:25 +0800] "GET /api/v1/play/sections/?section_id=17586 HTTP/1.1" 200 1646 "https://www.luffycity.com/play/17586" "Mozilla/5.0 (Windows NT 10.0; WOW64) AppleWebKit/537.36 (KHTML, like Gecko) Chrome/86.0.4240.198 Safari/537.36" 
58.62.166.96 - - [20/Mar/2021:14:04:25 +0800] "GET /api/v1/play/17586/?play_id=17586 HTTP/1.1" 200 399 "https://www.luffycity.com/play/17586" "Mozilla/5.0 (Windows NT 10.0; WOW64) AppleWebKit/537.36 (KHTML, like Gecko) Chrome/86.0.4240.198 Safari/537.36" 
39.181.134.234 - - [20/Mar/2021:14:04:28 +0800] "OPTIONS /api/v1/play/sections/?section_id=30954 HTTP/1.1" 200 0 "https://www.luffycity.com/" "Mozilla/5.0 (Windows NT 10.0; Win64; x64) AppleWebKit/537.36 (KHTML, like Gecko) Chrome/89.0.4389.90 Safari/537.36" 
39.181.134.234 - - [20/Mar/2021:14:04:28 +0800] "OPTIONS /api/v1/survey/section/30954/?sectionId=30954 HTTP/1.1" 200 0 "https://www.luffycity.com/" "Mozilla/5.0 (Windows NT 10.0; Win64; x64) AppleWebKit/537.36 (KHTML, like Gecko) Chrome/89.0.4389.90 Safari/537.36" 
39.181.134.234 - - [20/Mar/2021:14:04:28 +0800] "GET /api/v1/survey/section/30954/?sectionId=30954 HTTP/1.1" 200 10 "https://www.luffycity.com/" "Mozilla/5.0 (Windows NT 10.0; Win64; x64) AppleWebKit/537.36 (KHTML, like Gecko) Chrome/89.0.4389.90 Safari/537.36" 
39.181.134.234 - - [20/Mar/2021:14:04:28 +0800] "GET /api/v1/play/30954/?play_id=30954 HTTP/1.1" 200 442 "https://www.luffycity.com/" "Mozilla/5.0 (Windows NT 10.0; Win64; x64) AppleWebKit/537.36 (KHTML, like Gecko) Chrome/89.0.4389.90 Safari/537.36" 
40.77.189.112 - - [20/Mar/2021:14:04:33 +0800] "GET /api/v1/result/enroll/?resultType=enroll&limit=2 HTTP/1.1" 200 3024 "-" "Mozilla/5.0 (Windows NT 6.1; WOW64) AppleWebKit/534+ (KHTML, like Gecko) BingPreview/1.0b" 
210.83.229.241 - - [20/Mar/2021:14:04:33 +0800] "GET /api/v1/course/free/127/?courseType=free&id=127 HTTP/1.1" 200 2183 "https://www.luffycity.com/free-course/127/detail" "Mozilla/5.0 (Macintosh; Intel Mac OS X 10_14_6) AppleWebKit/537.36 (KHTML, like Gecko) Chrome/88.0.4324.150 Safari/537.36" 
113.137.142.66 - - [20/Mar/2021:14:04:38 +0800] "OPTIONS /api/v1/comment/?section_id=31639&limit=10&offset=0 HTTP/1.1" 200 0 "https://www.luffycity.com/" "Mozilla/5.0 (Windows NT 10.0; Win64; x64) AppleWebKit/537.36 (KHTML, like Gecko) Chrome/89.0.4389.90 Safari/537.36" 
113.137.142.66 - - [20/Mar/2021:14:04:38 +0800] "OPTIONS /api/v1/play/31639/?play_id=31639 HTTP/1.1" 200 0 "https://www.luffycity.com/" "Mozilla/5.0 (Windows NT 10.0; Win64; x64) AppleWebKit/537.36 (KHTML, like Gecko) Chrome/89.0.4389.90 Safari/537.36" 
113.137.142.66 - - [20/Mar/2021:14:04:38 +0800] "GET /api/v1/comment/?section_id=31639&limit=10&offset=0 HTTP/1.1" 200 823 "https://www.luffycity.com/" "Mozilla/5.0 (Windows NT 10.0; Win64; x64) AppleWebKit/537.36 (KHTML, like Gecko) Chrome/89.0.4389.90 Safari/537.36" 
113.137.142.66 - - [20/Mar/2021:14:04:38 +0800] "GET /api/v1/play/sections/?section_id=31639 HTTP/1.1" 200 2190 "https://www.luffycity.com/" "Mozilla/5.0 (Windows NT 10.0; Win64; x64) AppleWebKit/537.36 (KHTML, like Gecko) Chrome/89.0.4389.90 Safari/537.36" 
14.18.233.67 - - [20/Mar/2021:14:04:57 +0800] "OPTIONS /api/v1/play/sections/?section_id=24647 HTTP/1.1" 200 0 "https://www.luffycity.com/" "Mozilla/5.0 (Windows NT 10.0; Win64; x64) AppleWebKit/537.36 (KHTML, like Gecko) Chrome/89.0.4389.90 Safari/537.36" 
14.18.233.67 - - [20/Mar/2021:14:04:57 +0800] "OPTIONS /api/v1/play/24647/?play_id=24647 HTTP/1.1" 200 0 "https://www.luffycity.com/" "Mozilla/5.0 (Windows NT 10.0; Win64; x64) AppleWebKit/537.36 (KHTML, like Gecko) Chrome/89.0.4389.90 Safari/537.36" 
14.18.233.67 - - [20/Mar/2021:14:04:57 +0800] "GET /api/v1/comment/?section_id=24647&limit=10&offset=0 HTTP/1.1" 200 1234 "https://www.luffycity.com/" "Mozilla/5.0 (Windows NT 10.0; Win64; x64) AppleWebKit/537.36 (KHTML, like Gecko) Chrome/89.0.4389.90 Safari/537.36" 
14.18.233.67 - - [20/Mar/2021:14:04:57 +0800] "GET /api/v1/play/sections/?section_id=24647 HTTP/1.1" 200 5656 "https://www.luffycity.com/" "Mozilla/5.0 (Windows NT 10.0; Win64; x64) AppleWebKit/537.36 (KHTML, like Gecko) Chrome/89.0.4389.90 Safari/537.36" 
223.104.10.245, 39.97.49.232 - - [20/Mar/2021:14:05:00 +0800] "GET /api/v1/auth/token/ HTTP/1.1" 200 29 "https://www.baidu.com/link?url=zDdafNHKRJXU8w2bBwC8NOxo0LQS6HchHfZFGHAcA-LajLHMSGXtacYaQdSSX--3&wd=&eqid=a90b08de0009a59a000000056055908a" "Mozilla/5.0 (Windows NT 10.0; Win64; x64) AppleWebKit/537.36 (KHTML, like Gecko) Chrome/89.0.4385.0 Safari/537.36" 
223.104.10.245, 39.97.49.232 - - [20/Mar/2021:14:05:00 +0800] "GET /api/v1/result/ HTTP/1.1" 200 231 "https://www.baidu.com/link?url=zDdafNHKRJXU8w2bBwC8NOxo0LQS6HchHfZFGHAcA-LajLHMSGXtacYaQdSSX--3&wd=&eqid=a90b08de0009a59a000000056055908a" "Mozilla/5.0 (Windows NT 10.0; Win64; x64) AppleWebKit/537.36 (KHTML, like Gecko) Chrome/89.0.4385.0 Safari/537.36" 
223.104.10.245, 39.97.49.232 - - [20/Mar/2021:14:05:00 +0800] "GET /api/v1/index/banner/ HTTP/1.1" 200 382 "https://www.baidu.com/link?url=zDdafNHKRJXU8w2bBwC8NOxo0LQS6HchHfZFGHAcA-LajLHMSGXtacYaQdSSX--3&wd=&eqid=a90b08de0009a59a000000056055908a" "Mozilla/5.0 (Windows NT 10.0; Win64; x64) AppleWebKit/537.36 (KHTML, like Gecko) Chrome/89.0.4385.0 Safari/537.36" 
223.104.10.245, 39.97.49.232 - - [20/Mar/2021:14:05:01 +0800] "GET /api/v1/course/home-free/?limit=3 HTTP/1.1" 200 865 "https://www.baidu.com/link?url=zDdafNHKRJXU8w2bBwC8NOxo0LQS6HchHfZFGHAcA-LajLHMSGXtacYaQdSSX--3&wd=&eqid=a90b08de0009a59a000000056055908a" "Mozilla/5.0 (Windows NT 10.0; Win64; x64) AppleWebKit/537.36 (KHTML, like Gecko) Chrome/89.0.4385.0 Safari/537.36" 
223.104.10.245 - - [20/Mar/2021:14:05:02 +0800] "OPTIONS /api/v1/result/enroll/?resultType=enroll&limit=2 HTTP/1.1" 200 0 "https://www.luffycity.com/" "Mozilla/5.0 (Windows NT 10.0; Win64; x64) AppleWebKit/537.36 (KHTML, like Gecko) Chrome/89.0.4385.0 Safari/537.36" 
223.104.10.245 - - [20/Mar/2021:14:05:03 +0800] "OPTIONS /api/v1/auth/wechat/ HTTP/1.1" 200 0 "https://www.luffycity.com/" "Mozilla/5.0 (Windows NT 10.0; Win64; x64) AppleWebKit/537.36 (KHTML, like Gecko) Chrome/89.0.4385.0 Safari/537.36" 
180.77.133.65, 39.97.49.232 - - [20/Mar/2021:14:05:04 +0800] "GET /api/v1/result/ HTTP/1.1" 200 231 "-" "Mozilla/5.0 (Windows NT 10.0; Win64; x64) AppleWebKit/537.36 (KHTML, like Gecko) Chrome/89.0.4389.90 Safari/537.36" 
180.77.133.65, 39.97.49.232 - - [20/Mar/2021:14:05:04 +0800] "GET /api/v1/index/banner/ HTTP/1.1" 200 382 "-" "Mozilla/5.0 (Windows NT 10.0; Win64; x64) AppleWebKit/537.36 (KHTML, like Gecko) Chrome/89.0.4389.90 Safari/537.36" 
180.77.133.65, 39.97.49.232 - - [20/Mar/2021:14:05:04 +0800] "GET /api/v1/course/actual/?limit=3 HTTP/1.1" 200 2342 "-" "Mozilla/5.0 (Windows NT 10.0; Win64; x64) AppleWebKit/537.36 (KHTML, like Gecko) Chrome/89.0.4389.90 Safari/537.36" 
180.77.133.65, 39.97.49.232 - - [20/Mar/2021:14:05:04 +0800] "GET /api/v1/course/degree/ HTTP/1.1" 200 949 "-" "Mozilla/5.0 (Windows NT 10.0; Win64; x64) AppleWebKit/537.36 (KHTML, like Gecko) Chrome/89.0.4389.90 Safari/537.36" 
180.77.133.65, 39.97.49.232 - - [20/Mar/2021:14:05:05 +0800] "GET /api/v1/course/home-free/?limit=3 HTTP/1.1" 200 865 "-" "Mozilla/5.0 (Windows NT 10.0; Win64; x64) AppleWebKit/537.36 (KHTML, like Gecko) Chrome/89.0.4389.90 Safari/537.36" 
180.77.133.65 - - [20/Mar/2021:14:05:06 +0800] "GET /api/v1/result/enroll/?resultType=enroll&limit=2 HTTP/1.1" 200 1878 "https://www.luffycity.com/" "Mozilla/5.0 (Windows NT 10.0; Win64; x64) AppleWebKit/537.36 (KHTML, like Gecko) Chrome/89.0.4389.90 Safari/537.36" 
180.77.133.65 - - [20/Mar/2021:14:05:09 +0800] "GET /api/v1/auth/wechat/ HTTP/1.1" 200 232 "https://www.luffycity.com/" "Mozilla/5.0 (Windows NT 10.0; Win64; x64) AppleWebKit/537.36 (KHTML, like Gecko) Chrome/89.0.4389.90 Safari/537.36" 
113.102.237.126 - - [20/Mar/2021:14:05:10 +0800] "OPTIONS /api/v1/play/sections/?section_id=5590 HTTP/1.1" 200 0 "https://www.luffycity.com/" "Mozilla/5.0 (Windows NT 10.0; Win64; x64) AppleWebKit/537.36 (KHTML, like Gecko) Chrome/89.0.4389.82 Safari/537.36 Edg/89.0.774.50" 
113.102.237.126 - - [20/Mar/2021:14:05:10 +0800] "OPTIONS /api/v1/play/5590/?play_id=5590 HTTP/1.1" 200 0 "https://www.luffycity.com/" "Mozilla/5.0 (Windows NT 10.0; Win64; x64) AppleWebKit/537.36 (KHTML, like Gecko) Chrome/89.0.4389.82 Safari/537.36 Edg/89.0.774.50" 
113.102.237.126 - - [20/Mar/2021:14:05:10 +0800] "GET /api/v1/play/5590/?play_id=5590 HTTP/1.1" 200 414 "https://www.luffycity.com/" "Mozilla/5.0 (Windows NT 10.0; Win64; x64) AppleWebKit/537.36 (KHTML, like Gecko) Chrome/89.0.4389.82 Safari/537.36 Edg/89.0.774.50" 
113.102.237.126 - - [20/Mar/2021:14:05:10 +0800] "GET /api/v1/play/sections/?section_id=5590 HTTP/1.1" 200 8326 "https://www.luffycity.com/" "Mozilla/5.0 (Windows NT 10.0; Win64; x64) AppleWebKit/537.36 (KHTML, like Gecko) Chrome/89.0.4389.82 Safari/537.36 Edg/89.0.774.50" 
223.104.10.245 - - [20/Mar/2021:14:05:13 +0800] "OPTIONS /api/v1/auth/password/login/?loginWay=password HTTP/1.1" 200 0 "https://www.luffycity.com/" "Mozilla/5.0 (Windows NT 10.0; Win64; x64) AppleWebKit/537.36 (KHTML, like Gecko) Chrome/89.0.4385.0 Safari/537.36" 
223.104.10.245 - - [20/Mar/2021:14:05:13 +0800] "OPTIONS /api/v1/auth/token/ HTTP/1.1" 200 0 "https://www.luffycity.com/" "Mozilla/5.0 (Windows NT 10.0; Win64; x64) AppleWebKit/537.36 (KHTML, like Gecko) Chrome/89.0.4385.0 Safari/537.36" 
223.104.10.245 - - [20/Mar/2021:14:05:15 +0800] "OPTIONS /api/v1/study/degrees/ HTTP/1.1" 200 0 "https://www.luffycity.com/" "Mozilla/5.0 (Windows NT 10.0; Win64; x64) AppleWebKit/537.36 (KHTML, like Gecko) Chrome/89.0.4385.0 Safari/537.36" 
223.104.10.245 - - [20/Mar/2021:14:05:15 +0800] "OPTIONS /api/v1/study/degrees/0/mentor/?degree_id=0 HTTP/1.1" 200 0 "https://www.luffycity.com/" "Mozilla/5.0 (Windows NT 10.0; Win64; x64) AppleWebKit/537.36 (KHTML, like Gecko) Chrome/89.0.4385.0 Safari/537.36" 
223.104.10.245 - - [20/Mar/2021:14:05:15 +0800] "GET /api/v1/study/degrees/0/mentor/?degree_id=0 HTTP/1.1" 200 137 "https://www.luffycity.com/" "Mozilla/5.0 (Windows NT 10.0; Win64; x64) AppleWebKit/537.36 (KHTML, like Gecko) Chrome/89.0.4385.0 Safari/537.36" 
223.104.10.245 - - [20/Mar/2021:14:05:15 +0800] "OPTIONS /api/v1/study/degrees/11/?degree_id=11 HTTP/1.1" 200 0 "https://www.luffycity.com/" "Mozilla/5.0 (Windows NT 10.0; Win64; x64) AppleWebKit/537.36 (KHTML, like Gecko) Chrome/89.0.4385.0 Safari/537.36" 
223.104.10.245 - - [20/Mar/2021:14:05:15 +0800] "OPTIONS /api/v1/study/degrees/11/mentor/?degree_id=11 HTTP/1.1" 200 0 "https://www.luffycity.com/" "Mozilla/5.0 (Windows NT 10.0; Win64; x64) AppleWebKit/537.36 (KHTML, like Gecko) Chrome/89.0.4385.0 Safari/537.36" 
223.104.10.245 - - [20/Mar/2021:14:05:15 +0800] "GET /api/v1/study/data/?degree_id=11 HTTP/1.1" 200 105 "https://www.luffycity.com/" "Mozilla/5.0 (Windows NT 10.0; Win64; x64) AppleWebKit/537.36 (KHTML, like Gecko) Chrome/89.0.4385.0 Safari/537.36" 
223.104.10.245, 39.97.49.232 - - [20/Mar/2021:14:05:17 +0800] "GET /api/v1/auth/token/ HTTP/1.1" 200 365 "https://www.luffycity.com/study/degree" "Mozilla/5.0 (Windows NT 10.0; Win64; x64) AppleWebKit/537.36 (KHTML, like Gecko) Chrome/89.0.4385.0 Safari/537.36" 
223.104.10.245, 39.97.49.232 - - [20/Mar/2021:14:05:17 +0800] "GET /api/v1/result/ HTTP/1.1" 200 231 "https://www.luffycity.com/study/degree" "Mozilla/5.0 (Windows NT 10.0; Win64; x64) AppleWebKit/537.36 (KHTML, like Gecko) Chrome/89.0.4385.0 Safari/537.36" 
223.104.10.245, 39.97.49.232 - - [20/Mar/2021:14:05:17 +0800] "GET /api/v1/course/actual/ HTTP/1.1" 200 25971 "https://www.luffycity.com/study/degree" "Mozilla/5.0 (Windows NT 10.0; Win64; x64) AppleWebKit/537.36 (KHTML, like Gecko) Chrome/89.0.4385.0 Safari/537.36" 
106.33.71.123, 49.7.3.235 - - [20/Mar/2021:14:05:18 +0800] "GET /api/v1/auth/token/ HTTP/1.1" 200 29 "https://m.luffycity.com/activity/python-8days-camp?source=c" "Mozilla/5.0 (iPhone; CPU iPhone OS 14_4 like Mac OS X; zh-cn) AppleWebKit/601.1.46 (KHTML, like Gecko) Mobile/18D52 Quark/3.8.0.1003 Mobile" 
223.104.10.245 - - [20/Mar/2021:14:05:19 +0800] "OPTIONS /api/v1/course/category/actual/?courseType=actual HTTP/1.1" 200 0 "https://www.luffycity.com/" "Mozilla/5.0 (Windows NT 10.0; Win64; x64) AppleWebKit/537.36 (KHTML, like Gecko) Chrome/89.0.4385.0 Safari/537.36" 
223.104.10.245 - - [20/Mar/2021:14:05:20 +0800] "OPTIONS /api/v1/course/actual/?category_id=1 HTTP/1.1" 200 0 "https://www.luffycity.com/" "Mozilla/5.0 (Windows NT 10.0; Win64; x64) AppleWebKit/537.36 (KHTML, like Gecko) Chrome/89.0.4385.0 Safari/537.36" 
180.77.133.65 - - [20/Mar/2021:14:05:26 +0800] "POST /api/v1/auth/password/login/?loginWay=password HTTP/1.1" 200 274 "https://www.luffycity.com/" "Mozilla/5.0 (Windows NT 10.0; Win64; x64) AppleWebKit/537.36 (KHTML, like Gecko) Chrome/89.0.4389.90 Safari/537.36" 
180.77.133.65 - - [20/Mar/2021:14:05:26 +0800] "GET /api/v1/auth/token/ HTTP/1.1" 200 394 "https://www.luffycity.com/" "Mozilla/5.0 (Windows NT 10.0; Win64; x64) AppleWebKit/537.36 (KHTML, like Gecko) Chrome/89.0.4389.90 Safari/537.36" 
180.77.133.65 - - [20/Mar/2021:14:05:28 +0800] "OPTIONS /api/v1/study/data/ HTTP/1.1" 200 0 "https://www.luffycity.com/" "Mozilla/5.0 (Windows NT 10.0; Win64; x64) AppleWebKit/537.36 (KHTML, like Gecko) Chrome/89.0.4389.90 Safari/537.36" 
180.77.133.65 - - [20/Mar/2021:14:05:28 +0800] "GET /api/v1/study/degrees/ HTTP/1.1" 200 146 "https://www.luffycity.com/" "Mozilla/5.0 (Windows NT 10.0; Win64; x64) AppleWebKit/537.36 (KHTML, like Gecko) Chrome/89.0.4389.90 Safari/537.36" 
180.77.133.65 - - [20/Mar/2021:14:05:28 +0800] "GET /api/v1/study/degrees/0/mentor/?degree_id=0 HTTP/1.1" 200 137 "https://www.luffycity.com/" "Mozilla/5.0 (Windows NT 10.0; Win64; x64) AppleWebKit/537.36 (KHTML, like Gecko) Chrome/89.0.4389.90 Safari/537.36" 
180.77.133.65 - - [20/Mar/2021:14:05:28 +0800] "OPTIONS /api/v1/study/data/?degree_id=1 HTTP/1.1" 200 0 "https://www.luffycity.com/" "Mozilla/5.0 (Windows NT 10.0; Win64; x64) AppleWebKit/537.36 (KHTML, like Gecko) Chrome/89.0.4389.90 Safari/537.36" 
223.104.10.245 - - [20/Mar/2021:14:05:28 +0800] "GET /api/v1/course/category/actual/?courseType=actual HTTP/1.1" 200 252 "https://www.luffycity.com/" "Mozilla/5.0 (Windows NT 10.0; Win64; x64) AppleWebKit/537.36 (KHTML, like Gecko) Chrome/89.0.4385.0 Safari/537.36" 
180.77.133.65 - - [20/Mar/2021:14:05:28 +0800] "GET /api/v1/study/degrees/1/mentor/?degree_id=1 HTTP/1.1" 200 190 "https://www.luffycity.com/" "Mozilla/5.0 (Windows NT 10.0; Win64; x64) AppleWebKit/537.36 (KHTML, like Gecko) Chrome/89.0.4389.90 Safari/537.36" 
223.104.10.245 - - [20/Mar/2021:14:05:29 +0800] "GET /api/v1/course/actual/?category_id=10 HTTP/1.1" 200 4865 "https://www.luffycity.com/" "Mozilla/5.0 (Windows NT 10.0; Win64; x64) AppleWebKit/537.36 (KHTML, like Gecko) Chrome/89.0.4385.0 Safari/537.36" 
180.77.133.65 - - [20/Mar/2021:14:05:29 +0800] "GET /api/v1/study/degrees/1/?degree_id=1 HTTP/1.1" 200 1954 "https://www.luffycity.com/" "Mozilla/5.0 (Windows NT 10.0; Win64; x64) AppleWebKit/537.36 (KHTML, like Gecko) Chrome/89.0.4389.90 Safari/537.36" 
223.104.10.245 - - [20/Mar/2021:14:05:32 +0800] "OPTIONS /api/v1/media/play/d0aefa12ae4643b8a61123ffac1243b2/?suffix=d0aefa12ae4643b8a61123ffac1243b2 HTTP/1.1" 200 0 "https://www.luffycity.com/" "Mozilla/5.0 (Windows NT 10.0; Win64; x64) AppleWebKit/537.36 (KHTML, like Gecko) Chrome/89.0.4385.0 Safari/537.36" 
223.104.10.245 - - [20/Mar/2021:14:05:33 +0800] "GET /api/v1/media/play/d0aefa12ae4643b8a61123ffac1243b2/?suffix=d0aefa12ae4643b8a61123ffac1243b2 HTTP/1.1" 200 1770 "https://www.luffycity.com/" "Mozilla/5.0 (Windows NT 10.0; Win64; x64) AppleWebKit/537.36 (KHTML, like Gecko) Chrome/89.0.4385.0 Safari/537.36" 
180.77.133.65 - - [20/Mar/2021:14:05:35 +0800] "OPTIONS /api/v1/study/module/291/homework/229/?moduleId=291&homeworkId=229 HTTP/1.1" 200 0 "https://www.luffycity.com/" "Mozilla/5.0 (Windows NT 10.0; Win64; x64) AppleWebKit/537.36 (KHTML, like Gecko) Chrome/89.0.4389.90 Safari/537.36" 
180.77.133.65 - - [20/Mar/2021:14:05:35 +0800] "GET /api/v1/study/module/291/homework/229/?moduleId=291&homeworkId=229 HTTP/1.1" 200 1221 "https://www.luffycity.com/" "Mozilla/5.0 (Windows NT 10.0; Win64; x64) AppleWebKit/537.36 (KHTML, like Gecko) Chrome/89.0.4389.90 Safari/537.36" 
180.77.133.65 - - [20/Mar/2021:14:05:35 +0800] "GET /api/v1/survey/homework/?surveyType=homework HTTP/1.1" 200 416 "https://www.luffycity.com/" "Mozilla/5.0 (Windows NT 10.0; Win64; x64) AppleWebKit/537.36 (KHTML, like Gecko) Chrome/89.0.4389.90 Safari/537.36" 
223.104.10.245 - - [20/Mar/2021:14:05:37 +0800] "GET /api/v1/course/actual/202/sections/?courseType=actual&id=202 HTTP/1.1" 200 3557 "https://www.luffycity.com/" "Mozilla/5.0 (Windows NT 10.0; Win64; x64) AppleWebKit/537.36 (KHTML, like Gecko) Chrome/89.0.4385.0 Safari/537.36" 
222.209.86.49 - - [20/Mar/2021:14:05:47 +0800] "GET /api/v1/study/data/ HTTP/1.1" 200 107 "https://www.luffycity.com/" "Mozilla/5.0 (Windows NT 10.0; Win64; x64) AppleWebKit/537.36 (KHTML, like Gecko) Chrome/87.0.4280.88 Safari/537.36" 
222.209.86.49, 39.97.49.232 - - [20/Mar/2021:14:05:49 +0800] "GET /api/v1/result/ HTTP/1.1" 200 231 "-" "Mozilla/5.0 (Windows NT 10.0; Win64; x64) AppleWebKit/537.36 (KHTML, like Gecko) Chrome/87.0.4280.88 Safari/537.36" 
222.209.86.49 - - [20/Mar/2021:14:05:49 +0800] "GET /api/v1/study/degrees/0/mentor/?degree_id=0 HTTP/1.1" 200 137 "https://www.luffycity.com/" "Mozilla/5.0 (Windows NT 10.0; Win64; x64) AppleWebKit/537.36 (KHTML, like Gecko) Chrome/87.0.4280.88 Safari/537.36" 
222.209.86.49 - - [20/Mar/2021:14:05:49 +0800] "GET /api/v1/qa/question/?limit=5&offset=0 HTTP/1.1" 200 743 "https://www.luffycity.com/" "Mozilla/5.0 (Windows NT 10.0; Win64; x64) AppleWebKit/537.36 (KHTML, like Gecko) Chrome/87.0.4280.88 Safari/537.36" 
222.209.86.49, 39.97.49.232 - - [20/Mar/2021:14:05:51 +0800] "GET /api/v1/result/ HTTP/1.1" 200 231 "-" "Mozilla/5.0 (Windows NT 10.0; Win64; x64) AppleWebKit/537.36 (KHTML, like Gecko) Chrome/87.0.4280.88 Safari/537.36" 
222.209.86.49 - - [20/Mar/2021:14:05:51 +0800] "GET /api/v1/study/data/ HTTP/1.1" 200 107 "https://www.luffycity.com/" "Mozilla/5.0 (Windows NT 10.0; Win64; x64) AppleWebKit/537.36 (KHTML, like Gecko) Chrome/87.0.4280.88 Safari/537.36" 
222.209.86.49 - - [20/Mar/2021:14:06:02 +0800] "OPTIONS /api/v1/qa/question/1260/?questionId=1260 HTTP/1.1" 200 0 "https://www.luffycity.com/" "Mozilla/5.0 (Windows NT 10.0; Win64; x64) AppleWebKit/537.36 (KHTML, like Gecko) Chrome/87.0.4280.88 Safari/537.36" 
117.136.57.220 - - [20/Mar/2021:14:06:05 +0800] "OPTIONS /api/v1/play/sections/?section_id=2911 HTTP/1.1" 200 0 "https://www.luffycity.com/" "Mozilla/5.0 (Windows NT 10.0; Win64; x64) AppleWebKit/537.36 (KHTML, like Gecko) Chrome/89.0.4389.90 Safari/537.36" 
117.136.57.220 - - [20/Mar/2021:14:06:05 +0800] "OPTIONS /api/v1/survey/section/2911/?sectionId=2911 HTTP/1.1" 200 0 "https://www.luffycity.com/" "Mozilla/5.0 (Windows NT 10.0; Win64; x64) AppleWebKit/537.36 (KHTML, like Gecko) Chrome/89.0.4389.90 Safari/537.36" 
117.136.57.220 - - [20/Mar/2021:14:06:05 +0800] "GET /api/v1/play/sections/?section_id=2911 HTTP/1.1" 200 5423 "https://www.luffycity.com/" "Mozilla/5.0 (Windows NT 10.0; Win64; x64) AppleWebKit/537.36 (KHTML, like Gecko) Chrome/89.0.4389.90 Safari/537.36" 
117.136.57.220 - - [20/Mar/2021:14:06:05 +0800] "GET /api/v1/play/2911/?play_id=2911 HTTP/1.1" 200 471 "https://www.luffycity.com/" "Mozilla/5.0 (Windows NT 10.0; Win64; x64) AppleWebKit/537.36 (KHTML, like Gecko) Chrome/89.0.4389.90 Safari/537.36" 
222.209.86.49 - - [20/Mar/2021:14:06:11 +0800] "OPTIONS /api/v1/qa/question/1261/?questionId=1261 HTTP/1.1" 200 0 "https://www.luffycity.com/" "Mozilla/5.0 (Windows NT 10.0; Win64; x64) AppleWebKit/537.36 (KHTML, like Gecko) Chrome/87.0.4280.88 Safari/537.36" 
223.104.10.245 - - [20/Mar/2021:14:06:15 +0800] "GET /api/v1/study/degrees/0/mentor/?degree_id=0 HTTP/1.1" 200 137 "https://www.luffycity.com/" "Mozilla/5.0 (Windows NT 10.0; Win64; x64) AppleWebKit/537.36 (KHTML, like Gecko) Chrome/89.0.4385.0 Safari/537.36" 
223.104.10.245 - - [20/Mar/2021:14:06:16 +0800] "GET /api/v1/study/degrees/ HTTP/1.1" 200 297 "https://www.luffycity.com/" "Mozilla/5.0 (Windows NT 10.0; Win64; x64) AppleWebKit/537.36 (KHTML, like Gecko) Chrome/89.0.4385.0 Safari/537.36" 
223.104.10.245 - - [20/Mar/2021:14:06:16 +0800] "GET /api/v1/study/degrees/ HTTP/1.1" 200 297 "https://www.luffycity.com/" "Mozilla/5.0 (Windows NT 10.0; Win64; x64) AppleWebKit/537.36 (KHTML, like Gecko) Chrome/89.0.4385.0 Safari/537.36" 
223.104.10.245 - - [20/Mar/2021:14:06:16 +0800] "GET /api/v1/study/data/ HTTP/1.1" 200 102 "https://www.luffycity.com/" "Mozilla/5.0 (Windows NT 10.0; Win64; x64) AppleWebKit/537.36 (KHTML, like Gecko) Chrome/89.0.4385.0 Safari/537.36" 
223.104.10.245 - - [20/Mar/2021:14:06:16 +0800] "GET /api/v1/study/data/?degree_id=11 HTTP/1.1" 200 105 "https://www.luffycity.com/" "Mozilla/5.0 (Windows NT 10.0; Win64; x64) AppleWebKit/537.36 (KHTML, like Gecko) Chrome/89.0.4385.0 Safari/537.36" 
223.104.10.245 - - [20/Mar/2021:14:06:16 +0800] "GET /api/v1/study/data/?degree_id=11 HTTP/1.1" 200 105 "https://www.luffycity.com/" "Mozilla/5.0 (Windows NT 10.0; Win64; x64) AppleWebKit/537.36 (KHTML, like Gecko) Chrome/89.0.4385.0 Safari/537.36" 
222.209.86.49 - - [20/Mar/2021:14:06:19 +0800] "OPTIONS /api/v1/qa/question/1264/?questionId=1264 HTTP/1.1" 200 0 "https://www.luffycity.com/" "Mozilla/5.0 (Windows NT 10.0; Win64; x64) AppleWebKit/537.36 (KHTML, like Gecko) Chrome/87.0.4280.88 Safari/537.36" 
185.191.171.22, 39.97.49.232 - - [20/Mar/2021:14:06:26 +0800] "GET /api/v1/auth/token/ HTTP/1.1" 200 29 "-" "Mozilla/5.0 (compatible; SemrushBot/7~bl; +http://www.semrush.com/bot.html)" 
185.191.171.22, 39.97.49.232 - - [20/Mar/2021:14:06:26 +0800] "GET /api/v1/result/ HTTP/1.1" 200 231 "-" "Mozilla/5.0 (compatible; SemrushBot/7~bl; +http://www.semrush.com/bot.html)" 
185.191.171.22, 39.97.49.232 - - [20/Mar/2021:14:06:26 +0800] "GET /api/v1/course/actual/148/?courseType=actual&id=148 HTTP/1.1" 200 1012 "-" "Mozilla/5.0 (compatible; SemrushBot/7~bl; +http://www.semrush.com/bot.html)" 
125.70.59.26 - - [20/Mar/2021:14:06:50 +0800] "OPTIONS /api/v1/play/11739/?play_id=11739 HTTP/1.1" 200 0 "https://www.luffycity.com/" "Mozilla/5.0 (Windows NT 10.0; Win64; x64) AppleWebKit/537.36 (KHTML, like Gecko) Chrome/89.0.4389.90 Safari/537.36" 
125.70.59.26 - - [20/Mar/2021:14:06:50 +0800] "OPTIONS /api/v1/survey/section/11739/?sectionId=11739 HTTP/1.1" 200 0 "https://www.luffycity.com/" "Mozilla/5.0 (Windows NT 10.0; Win64; x64) AppleWebKit/537.36 (KHTML, like Gecko) Chrome/89.0.4389.90 Safari/537.36" 
125.70.59.26 - - [20/Mar/2021:14:06:50 +0800] "GET /api/v1/comment/?section_id=11739&limit=10&offset=0 HTTP/1.1" 200 1703 "https://www.luffycity.com/" "Mozilla/5.0 (Windows NT 10.0; Win64; x64) AppleWebKit/537.36 (KHTML, like Gecko) Chrome/89.0.4389.90 Safari/537.36" 
125.70.59.26 - - [20/Mar/2021:14:06:50 +0800] "GET /api/v1/play/11739/?play_id=11739 HTTP/1.1" 200 399 "https://www.luffycity.com/" "Mozilla/5.0 (Windows NT 10.0; Win64; x64) AppleWebKit/537.36 (KHTML, like Gecko) Chrome/89.0.4389.90 Safari/537.36" 
1.95.113.110, 39.97.49.232 - - [20/Mar/2021:14:06:59 +0800] "GET /api/v1/auth/token/ HTTP/1.1" 200 29 "https://www.luffycity.com/student-related/speak" "Mozilla/5.0 (Windows NT 10.0; Win64; x64) AppleWebKit/537.36 (KHTML, like Gecko) Chrome/89.0.4389.90 Safari/537.36" 
1.95.113.110 - - [20/Mar/2021:14:07:00 +0800] "GET /api/v1/result/enroll/?resultType=enroll&limit=5&offset=-5 HTTP/1.1" 200 2441 "https://www.luffycity.com/" "Mozilla/5.0 (Windows NT 10.0; Win64; x64) AppleWebKit/537.36 (KHTML, like Gecko) Chrome/89.0.4389.90 Safari/537.36" 
112.49.191.3 - - [20/Mar/2021:14:07:07 +0800] "OPTIONS /api/v1/play/sections/?section_id=31618 HTTP/1.1" 200 0 "-" "Mozilla/5.0 (Windows NT 10.0; WOW64) AppleWebKit/537.36 (KHTML, like Gecko) Chrome/69.0.3497.100 Safari/537.36" 
112.49.191.3 - - [20/Mar/2021:14:07:07 +0800] "OPTIONS /api/v1/play/31618/?play_id=31618 HTTP/1.1" 200 0 "-" "Mozilla/5.0 (Windows NT 10.0; WOW64) AppleWebKit/537.36 (KHTML, like Gecko) Chrome/69.0.3497.100 Safari/537.36" 
112.49.191.3 - - [20/Mar/2021:14:07:07 +0800] "GET /api/v1/comment/?section_id=31618&limit=10&offset=0 HTTP/1.1" 200 823 "https://www.luffycity.com/play/31618" "Mozilla/5.0 (Windows NT 10.0; WOW64) AppleWebKit/537.36 (KHTML, like Gecko) Chrome/69.0.3497.100 Safari/537.36" 
112.49.191.3 - - [20/Mar/2021:14:07:07 +0800] "GET /api/v1/play/31618/?play_id=31618 HTTP/1.1" 200 399 "https://www.luffycity.com/play/31618" "Mozilla/5.0 (Windows NT 10.0; WOW64) AppleWebKit/537.36 (KHTML, like Gecko) Chrome/69.0.3497.100 Safari/537.36" 
101.126.219.121 - - [20/Mar/2021:14:07:10 +0800] "OPTIONS /api/v1/study/degrees/ HTTP/1.1" 200 0 "https://www.luffycity.com/" "Mozilla/5.0 (Windows NT 10.0; Win64; x64) AppleWebKit/537.36 (KHTML, like Gecko) Chrome/89.0.4389.90 Safari/537.36" 
101.126.219.121 - - [20/Mar/2021:14:07:10 +0800] "OPTIONS /api/v1/study/degrees/0/mentor/?degree_id=0 HTTP/1.1" 200 0 "https://www.luffycity.com/" "Mozilla/5.0 (Windows NT 10.0; Win64; x64) AppleWebKit/537.36 (KHTML, like Gecko) Chrome/89.0.4389.90 Safari/537.36" 
182.91.179.149 - - [20/Mar/2021:14:07:10 +0800] "GET /api/v1/auth/token/ HTTP/1.1" 200 374 "https://m.luffycity.com/play/28666" "Mozilla/5.0 (iPhone; CPU iPhone OS 14_3 like Mac OS X) AppleWebKit/605.1.15 (KHTML, like Gecko) Version/14.0.2 Mobile/15E148 Safari/604.1" 
101.126.219.121 - - [20/Mar/2021:14:07:10 +0800] "GET /api/v1/study/degrees/ HTTP/1.1" 200 20 "https://www.luffycity.com/" "Mozilla/5.0 (Windows NT 10.0; Win64; x64) AppleWebKit/537.36 (KHTML, like Gecko) Chrome/89.0.4389.90 Safari/537.36" 
182.91.179.149 - - [20/Mar/2021:14:07:10 +0800] "GET /api/v1/play/sections/?section_id=28659 HTTP/1.1" 200 3462 "https://m.luffycity.com/play/28659" "Mozilla/5.0 (iPhone; CPU iPhone OS 14_3 like Mac OS X) AppleWebKit/605.1.15 (KHTML, like Gecko) Version/14.0.2 Mobile/15E148 Safari/604.1" 
218.88.125.177 - - [20/Mar/2021:14:07:37 +0800] "OPTIONS /api/v1/play/sections/?section_id=19956 HTTP/1.1" 200 0 "https://www.luffycity.com/" "Mozilla/5.0 (Macintosh; Intel Mac OS X 10_15_6) AppleWebKit/605.1.15 (KHTML, like Gecko) Version/14.0.3 Safari/605.1.15" 
218.88.125.177 - - [20/Mar/2021:14:07:37 +0800] "OPTIONS /api/v1/play/19956/?play_id=19956 HTTP/1.1" 200 0 "https://www.luffycity.com/" "Mozilla/5.0 (Macintosh; Intel Mac OS X 10_15_6) AppleWebKit/605.1.15 (KHTML, like Gecko) Version/14.0.3 Safari/605.1.15" 
218.88.125.177 - - [20/Mar/2021:14:07:37 +0800] "GET /api/v1/survey/section/19956/?sectionId=19956 HTTP/1.1" 200 10 "https://www.luffycity.com/play/19956" "Mozilla/5.0 (Macintosh; Intel Mac OS X 10_15_6) AppleWebKit/605.1.15 (KHTML, like Gecko) Version/14.0.3 Safari/605.1.15" 
218.88.125.177 - - [20/Mar/2021:14:07:37 +0800] "GET /api/v1/play/sections/?section_id=19956 HTTP/1.1" 200 7469 "https://www.luffycity.com/play/19956" "Mozilla/5.0 (Macintosh; Intel Mac OS X 10_15_6) AppleWebKit/605.1.15 (KHTML, like Gecko) Version/14.0.3 Safari/605.1.15" 
218.88.125.177 - - [20/Mar/2021:14:07:39 +0800] "OPTIONS /api/v1/play/sections/?section_id=19957 HTTP/1.1" 200 0 "https://www.luffycity.com/" "Mozilla/5.0 (Macintosh; Intel Mac OS X 10_15_6) AppleWebKit/605.1.15 (KHTML, like Gecko) Version/14.0.3 Safari/605.1.15" 
218.88.125.177 - - [20/Mar/2021:14:07:39 +0800] "OPTIONS /api/v1/play/19957/?play_id=19957 HTTP/1.1" 200 0 "https://www.luffycity.com/" "Mozilla/5.0 (Macintosh; Intel Mac OS X 10_15_6) AppleWebKit/605.1.15 (KHTML, like Gecko) Version/14.0.3 Safari/605.1.15" 
218.88.125.177 - - [20/Mar/2021:14:07:39 +0800] "GET /api/v1/play/sections/?section_id=19957 HTTP/1.1" 200 7469 "https://www.luffycity.com/play/19957" "Mozilla/5.0 (Macintosh; Intel Mac OS X 10_15_6) AppleWebKit/605.1.15 (KHTML, like Gecko) Version/14.0.3 Safari/605.1.15" 
218.88.125.177 - - [20/Mar/2021:14:07:39 +0800] "GET /api/v1/play/19957/?play_id=19957 HTTP/1.1" 200 460 "https://www.luffycity.com/play/19957" "Mozilla/5.0 (Macintosh; Intel Mac OS X 10_15_6) AppleWebKit/605.1.15 (KHTML, like Gecko) Version/14.0.3 Safari/605.1.15" 
111.196.213.205, 39.97.49.232 - - [20/Mar/2021:14:07:56 +0800] "GET /api/v1/course/actual/?limit=3 HTTP/1.1" 200 2342 "https://www.baidu.com/link?url=rhDwWRf-Hl-Dq1RcTjM4y1YgJgb4KENeblBprZvMeJePlSRVcyc_0l3AVjcoqPyP&wd=&eqid=8ea45b9b00013d920000000260559137" "Mozilla/5.0 (Windows NT 10.0; Win64; x64) AppleWebKit/537.36 (KHTML, like Gecko) Chrome/89.0.4389.90 Safari/537.36" 
111.196.213.205 - - [20/Mar/2021:14:07:58 +0800] "OPTIONS /api/v1/result/enroll/?resultType=enroll&limit=2 HTTP/1.1" 200 0 "https://www.luffycity.com/" "Mozilla/5.0 (Windows NT 10.0; Win64; x64) AppleWebKit/537.36 (KHTML, like Gecko) Chrome/89.0.4389.90 Safari/537.36" 
111.196.213.205 - - [20/Mar/2021:14:08:00 +0800] "OPTIONS /api/v1/auth/wechat/ HTTP/1.1" 200 0 "https://www.luffycity.com/" "Mozilla/5.0 (Windows NT 10.0; Win64; x64) AppleWebKit/537.36 (KHTML, like Gecko) Chrome/89.0.4389.90 Safari/537.36" 
111.196.213.205 - - [20/Mar/2021:14:08:01 +0800] "OPTIONS /api/v1/auth/captcha/ HTTP/1.1" 200 0 "https://www.luffycity.com/" "Mozilla/5.0 (Windows NT 10.0; Win64; x64) AppleWebKit/537.36 (KHTML, like Gecko) Chrome/89.0.4389.90 Safari/537.36" 
111.196.213.205 - - [20/Mar/2021:14:08:07 +0800] "OPTIONS /api/v1/check/mobile/?field=mobile&mobile=18911798835 HTTP/1.1" 200 0 "https://www.luffycity.com/" "Mozilla/5.0 (Windows NT 10.0; Win64; x64) AppleWebKit/537.36 (KHTML, like Gecko) Chrome/89.0.4389.90 Safari/537.36" 
111.196.213.205 - - [20/Mar/2021:14:08:10 +0800] "OPTIONS /api/v1/sms/send/ HTTP/1.1" 200 0 "https://www.luffycity.com/" "Mozilla/5.0 (Windows NT 10.0; Win64; x64) AppleWebKit/537.36 (KHTML, like Gecko) Chrome/89.0.4389.90 Safari/537.36" 
171.43.245.248 - - [20/Mar/2021:14:08:20 +0800] "OPTIONS /api/v1/comment/?section_id=21304&limit=10&offset=0 HTTP/1.1" 200 0 "https://www.luffycity.com/" "Mozilla/5.0 (Windows NT 10.0; Win64; x64) AppleWebKit/537.36 (KHTML, like Gecko) Chrome/88.0.4324.150 Safari/537.36" 
171.43.245.248 - - [20/Mar/2021:14:08:20 +0800] "OPTIONS /api/v1/survey/section/21304/?sectionId=21304 HTTP/1.1" 200 0 "https://www.luffycity.com/" "Mozilla/5.0 (Windows NT 10.0; Win64; x64) AppleWebKit/537.36 (KHTML, like Gecko) Chrome/88.0.4324.150 Safari/537.36" 
171.43.245.248 - - [20/Mar/2021:14:08:20 +0800] "GET /api/v1/survey/section/21304/?sectionId=21304 HTTP/1.1" 200 10 "https://www.luffycity.com/" "Mozilla/5.0 (Windows NT 10.0; Win64; x64) AppleWebKit/537.36 (KHTML, like Gecko) Chrome/88.0.4324.150 Safari/537.36" 
171.43.245.248 - - [20/Mar/2021:14:08:20 +0800] "GET /api/v1/comment/?section_id=21304&limit=10&offset=0 HTTP/1.1" 200 1190 "https://www.luffycity.com/" "Mozilla/5.0 (Windows NT 10.0; Win64; x64) AppleWebKit/537.36 (KHTML, like Gecko) Chrome/88.0.4324.150 Safari/537.36" 
171.43.245.248 - - [20/Mar/2021:14:08:23 +0800] "OPTIONS /api/v1/comment/?section_id=20419&limit=10&offset=0 HTTP/1.1" 200 0 "https://www.luffycity.com/" "Mozilla/5.0 (Windows NT 10.0; Win64; x64) AppleWebKit/537.36 (KHTML, like Gecko) Chrome/88.0.4324.150 Safari/537.36" 
171.43.245.248 - - [20/Mar/2021:14:08:23 +0800] "OPTIONS /api/v1/survey/section/20419/?sectionId=20419 HTTP/1.1" 200 0 "https://www.luffycity.com/" "Mozilla/5.0 (Windows NT 10.0; Win64; x64) AppleWebKit/537.36 (KHTML, like Gecko) Chrome/88.0.4324.150 Safari/537.36" 
171.43.245.248 - - [20/Mar/2021:14:08:23 +0800] "GET /api/v1/survey/section/20419/?sectionId=20419 HTTP/1.1" 200 10 "https://www.luffycity.com/" "Mozilla/5.0 (Windows NT 10.0; Win64; x64) AppleWebKit/537.36 (KHTML, like Gecko) Chrome/88.0.4324.150 Safari/537.36" 
171.43.245.248 - - [20/Mar/2021:14:08:23 +0800] "GET /api/v1/comment/?section_id=20419&limit=10&offset=0 HTTP/1.1" 200 1190 "https://www.luffycity.com/" "Mozilla/5.0 (Windows NT 10.0; Win64; x64) AppleWebKit/537.36 (KHTML, like Gecko) Chrome/88.0.4324.150 Safari/537.36" 
203.208.60.9, 39.97.49.232 - - [20/Mar/2021:14:08:33 +0800] "GET /api/v1/auth/token/ HTTP/1.1" 200 29 "-" "Mozilla/5.0 (compatible; Googlebot/2.1; +http://www.google.com/bot.html)" 
42.249.16.210 - - [20/Mar/2021:14:08:33 +0800] "POST /api/v1/survey/section/2924/?sectionId=2924 HTTP/1.1" 200 10 "https://www.luffycity.com/" "Mozilla/5.0 (Windows NT 10.0; Win64; x64) AppleWebKit/537.36 (KHTML, like Gecko) Chrome/89.0.4389.82 Safari/537.36 Edg/89.0.774.50" 
203.208.60.9, 39.97.49.232 - - [20/Mar/2021:14:08:33 +0800] "GET /api/v1/index/banner/ HTTP/1.1" 200 382 "-" "Mozilla/5.0 (compatible; Googlebot/2.1; +http://www.google.com/bot.html)" 
203.208.60.9, 39.97.49.232 - - [20/Mar/2021:14:08:33 +0800] "GET /api/v1/course/actual/?limit=3 HTTP/1.1" 200 2342 "-" "Mozilla/5.0 (compatible; Googlebot/2.1; +http://www.google.com/bot.html)" 
203.208.60.9, 39.97.49.232 - - [20/Mar/2021:14:08:33 +0800] "GET /api/v1/course/degree/ HTTP/1.1" 200 949 "-" "Mozilla/5.0 (compatible; Googlebot/2.1; +http://www.google.com/bot.html)" 
42.249.16.210 - - [20/Mar/2021:14:08:34 +0800] "OPTIONS /api/v1/play/sections/?section_id=2925 HTTP/1.1" 200 0 "https://www.luffycity.com/" "Mozilla/5.0 (Windows NT 10.0; Win64; x64) AppleWebKit/537.36 (KHTML, like Gecko) Chrome/89.0.4389.82 Safari/537.36 Edg/89.0.774.50" 
42.249.16.210 - - [20/Mar/2021:14:08:34 +0800] "OPTIONS /api/v1/play/2925/?play_id=2925 HTTP/1.1" 200 0 "https://www.luffycity.com/" "Mozilla/5.0 (Windows NT 10.0; Win64; x64) AppleWebKit/537.36 (KHTML, like Gecko) Chrome/89.0.4389.82 Safari/537.36 Edg/89.0.774.50" 
42.249.16.210 - - [20/Mar/2021:14:08:34 +0800] "GET /api/v1/survey/section/2925/?sectionId=2925 HTTP/1.1" 200 10 "https://www.luffycity.com/" "Mozilla/5.0 (Windows NT 10.0; Win64; x64) AppleWebKit/537.36 (KHTML, like Gecko) Chrome/89.0.4389.82 Safari/537.36 Edg/89.0.774.50" 
42.249.16.210 - - [20/Mar/2021:14:08:34 +0800] "GET /api/v1/play/sections/?section_id=2925 HTTP/1.1" 200 5470 "https://www.luffycity.com/" "Mozilla/5.0 (Windows NT 10.0; Win64; x64) AppleWebKit/537.36 (KHTML, like Gecko) Chrome/89.0.4389.82 Safari/537.36 Edg/89.0.774.50" 
111.196.213.205 - - [20/Mar/2021:14:08:40 +0800] "OPTIONS /api/v1/auth/mobile/login/?loginWay=mobile HTTP/1.1" 200 0 "https://www.luffycity.com/" "Mozilla/5.0 (Windows NT 10.0; Win64; x64) AppleWebKit/537.36 (KHTML, like Gecko) Chrome/89.0.4389.90 Safari/537.36" 
111.196.213.205 - - [20/Mar/2021:14:08:40 +0800] "OPTIONS /api/v1/auth/token/ HTTP/1.1" 200 0 "https://www.luffycity.com/" "Mozilla/5.0 (Windows NT 10.0; Win64; x64) AppleWebKit/537.36 (KHTML, like Gecko) Chrome/89.0.4389.90 Safari/537.36" 
203.208.60.93 - - [20/Mar/2021:14:08:44 +0800] "GET /robots.txt HTTP/1.1" 404 77 "-" "Mozilla/5.0 (compatible; Googlebot/2.1; +http://www.google.com/bot.html)" 
111.196.213.205 - - [20/Mar/2021:14:08:48 +0800] "OPTIONS /api/v1/account/trade/?limit=10&offset=0 HTTP/1.1" 200 0 "https://www.luffycity.com/" "Mozilla/5.0 (Windows NT 10.0; Win64; x64) AppleWebKit/537.36 (KHTML, like Gecko) Chrome/89.0.4389.90 Safari/537.36" 
111.196.213.205 - - [20/Mar/2021:14:08:48 +0800] "GET /api/v1/account/cash/?limit=10&offset=0 HTTP/1.1" 200 69 "https://www.luffycity.com/" "Mozilla/5.0 (Windows NT 10.0; Win64; x64) AppleWebKit/537.36 (KHTML, like Gecko) Chrome/89.0.4389.90 Safari/537.36" 
58.101.167.207 - - [20/Mar/2021:14:08:52 +0800] "OPTIONS /api/v1/play/sections/?section_id=12751 HTTP/1.1" 200 0 "https://www.luffycity.com/" "Mozilla/5.0 (Windows NT 10.0; Win64; x64) AppleWebKit/537.36 (KHTML, like Gecko) Chrome/85.0.4183.102 Safari/537.36" 
58.101.167.207 - - [20/Mar/2021:14:08:52 +0800] "OPTIONS /api/v1/survey/section/12751/?sectionId=12751 HTTP/1.1" 200 0 "https://www.luffycity.com/" "Mozilla/5.0 (Windows NT 10.0; Win64; x64) AppleWebKit/537.36 (KHTML, like Gecko) Chrome/85.0.4183.102 Safari/537.36" 
58.101.167.207 - - [20/Mar/2021:14:08:52 +0800] "GET /api/v1/comment/?section_id=12751&limit=10&offset=0 HTTP/1.1" 200 69 "https://www.luffycity.com/" "Mozilla/5.0 (Windows NT 10.0; Win64; x64) AppleWebKit/537.36 (KHTML, like Gecko) Chrome/85.0.4183.102 Safari/537.36" 
58.101.167.207 - - [20/Mar/2021:14:08:52 +0800] "GET /api/v1/play/sections/?section_id=12751 HTTP/1.1" 200 9419 "https://www.luffycity.com/" "Mozilla/5.0 (Windows NT 10.0; Win64; x64) AppleWebKit/537.36 (KHTML, like Gecko) Chrome/85.0.4183.102 Safari/537.36" 
111.196.213.205 - - [20/Mar/2021:14:08:54 +0800] "OPTIONS /api/v1/account/order/product/?limit=10&offset=0 HTTP/1.1" 200 0 "https://www.luffycity.com/" "Mozilla/5.0 (Windows NT 10.0; Win64; x64) AppleWebKit/537.36 (KHTML, like Gecko) Chrome/89.0.4389.90 Safari/537.36" 
111.196.213.205 - - [20/Mar/2021:14:08:54 +0800] "GET /api/v1/account/order/product/?limit=10&offset=0 HTTP/1.1" 200 69 "https://www.luffycity.com/" "Mozilla/5.0 (Windows NT 10.0; Win64; x64) AppleWebKit/537.36 (KHTML, like Gecko) Chrome/89.0.4389.90 Safari/537.36" 
111.196.213.205 - - [20/Mar/2021:14:08:55 +0800] "OPTIONS /api/v1/pay/order/?order_number=286020210128584155 HTTP/1.1" 200 0 "https://www.luffycity.com/" "Mozilla/5.0 (Windows NT 10.0; Win64; x64) AppleWebKit/537.36 (KHTML, like Gecko) Chrome/89.0.4389.90 Safari/537.36" 
111.196.213.205 - - [20/Mar/2021:14:08:55 +0800] "OPTIONS /api/v1/study/degrees/ HTTP/1.1" 200 0 "https://www.luffycity.com/" "Mozilla/5.0 (Windows NT 10.0; Win64; x64) AppleWebKit/537.36 (KHTML, like Gecko) Chrome/89.0.4389.90 Safari/537.36" 
111.196.213.205 - - [20/Mar/2021:14:08:55 +0800] "OPTIONS /api/v1/study/degrees/0/mentor/?degree_id=0 HTTP/1.1" 200 0 "https://www.luffycity.com/" "Mozilla/5.0 (Windows NT 10.0; Win64; x64) AppleWebKit/537.36 (KHTML, like Gecko) Chrome/89.0.4389.90 Safari/537.36" 
111.196.213.205 - - [20/Mar/2021:14:08:55 +0800] "OPTIONS /api/v1/study/degrees/1/?degree_id=1 HTTP/1.1" 200 0 "https://www.luffycity.com/" "Mozilla/5.0 (Windows NT 10.0; Win64; x64) AppleWebKit/537.36 (KHTML, like Gecko) Chrome/89.0.4389.90 Safari/537.36" 
111.196.213.205 - - [20/Mar/2021:14:08:55 +0800] "OPTIONS /api/v1/study/degrees/1/mentor/?degree_id=1 HTTP/1.1" 200 0 "https://www.luffycity.com/" "Mozilla/5.0 (Windows NT 10.0; Win64; x64) AppleWebKit/537.36 (KHTML, like Gecko) Chrome/89.0.4389.90 Safari/537.36" 
111.196.213.205 - - [20/Mar/2021:14:08:56 +0800] "GET /api/v1/study/data/ HTTP/1.1" 200 107 "https://www.luffycity.com/" "Mozilla/5.0 (Windows NT 10.0; Win64; x64) AppleWebKit/537.36 (KHTML, like Gecko) Chrome/89.0.4389.90 Safari/537.36" 
111.196.213.205 - - [20/Mar/2021:14:08:56 +0800] "GET /api/v1/study/degrees/1/?degree_id=1 HTTP/1.1" 200 1885 "https://www.luffycity.com/" "Mozilla/5.0 (Windows NT 10.0; Win64; x64) AppleWebKit/537.36 (KHTML, like Gecko) Chrome/89.0.4389.90 Safari/537.36" 
114.219.26.151, 39.97.49.232 - - [20/Mar/2021:14:09:07 +0800] "GET /api/v1/result/ HTTP/1.1" 200 231 "-" "Mozilla/5.0 (Macintosh; Intel Mac OS X 10_14_5) AppleWebKit/605.1.15 (KHTML, like Gecko) Version/12.1.1 Safari/605.1.15" 
39.191.31.245 - - [20/Mar/2021:14:09:11 +0800] "OPTIONS /api/v1/play/sections/?section_id=31012 HTTP/1.1" 200 0 "https://www.luffycity.com/play/31012" "Mozilla/5.0 (Macintosh; Intel Mac OS X 10.16; rv:86.0) Gecko/20100101 Firefox/86.0" 
39.191.31.245 - - [20/Mar/2021:14:09:11 +0800] "OPTIONS /api/v1/play/31012/?play_id=31012 HTTP/1.1" 200 0 "https://www.luffycity.com/play/31012" "Mozilla/5.0 (Macintosh; Intel Mac OS X 10.16; rv:86.0) Gecko/20100101 Firefox/86.0" 
39.191.31.245 - - [20/Mar/2021:14:09:11 +0800] "GET /api/v1/survey/section/31012/?sectionId=31012 HTTP/1.1" 200 10 "https://www.luffycity.com/play/31012" "Mozilla/5.0 (Macintosh; Intel Mac OS X 10.16; rv:86.0) Gecko/20100101 Firefox/86.0" 
39.191.31.245 - - [20/Mar/2021:14:09:11 +0800] "GET /api/v1/play/31012/?play_id=31012 HTTP/1.1" 200 422 "https://www.luffycity.com/play/31012" "Mozilla/5.0 (Macintosh; Intel Mac OS X 10.16; rv:86.0) Gecko/20100101 Firefox/86.0" 
221.218.209.152, 39.97.49.232 - - [20/Mar/2021:14:09:12 +0800] "GET /api/v1/index/banner/ HTTP/1.1" 200 382 "-" "Mozilla/5.0 (Macintosh; Intel Mac OS X 10_15_7) AppleWebKit/537.36 (KHTML, like Gecko) Chrome/88.0.4324.192 Safari/537.36" 
221.218.209.152, 39.97.49.232 - - [20/Mar/2021:14:09:12 +0800] "GET /api/v1/course/actual/?limit=3 HTTP/1.1" 200 2342 "-" "Mozilla/5.0 (Macintosh; Intel Mac OS X 10_15_7) AppleWebKit/537.36 (KHTML, like Gecko) Chrome/88.0.4324.192 Safari/537.36" 
221.218.209.152 - - [20/Mar/2021:14:09:13 +0800] "GET /api/v1/result/enroll/?resultType=enroll&limit=2 HTTP/1.1" 200 1878 "https://www.luffycity.com/" "Mozilla/5.0 (Macintosh; Intel Mac OS X 10_15_7) AppleWebKit/537.36 (KHTML, like Gecko) Chrome/88.0.4324.192 Safari/537.36" 
114.219.26.151 - - [20/Mar/2021:14:09:20 +0800] "GET /api/v1/auth/wechat/ HTTP/1.1" 200 232 "https://www.luffycity.com/free-course" "Mozilla/5.0 (Macintosh; Intel Mac OS X 10_14_5) AppleWebKit/605.1.15 (KHTML, like Gecko) Version/12.1.1 Safari/605.1.15" 
114.219.26.151 - - [20/Mar/2021:14:09:23 +0800] "POST /api/v1/auth/password/login/?loginWay=password HTTP/1.1" 200 274 "https://www.luffycity.com/free-course" "Mozilla/5.0 (Macintosh; Intel Mac OS X 10_14_5) AppleWebKit/605.1.15 (KHTML, like Gecko) Version/12.1.1 Safari/605.1.15" 
114.219.26.151 - - [20/Mar/2021:14:09:23 +0800] "GET /api/v1/auth/token/ HTTP/1.1" 200 402 "https://www.luffycity.com/free-course" "Mozilla/5.0 (Macintosh; Intel Mac OS X 10_14_5) AppleWebKit/605.1.15 (KHTML, like Gecko) Version/12.1.1 Safari/605.1.15" 
211.138.116.153 - - [20/Mar/2021:14:09:26 +0800] "OPTIONS /api/v1/play/sections/?section_id=26618 HTTP/1.1" 200 0 "https://www.luffycity.com/" "Mozilla/5.0 (Windows NT 10.0) AppleWebKit/537.36 (KHTML, like Gecko) Chrome/86.0.4240.111 Safari/537.36" 
211.138.116.153 - - [20/Mar/2021:14:09:26 +0800] "OPTIONS /api/v1/survey/section/26618/?sectionId=26618 HTTP/1.1" 200 0 "https://www.luffycity.com/" "Mozilla/5.0 (Windows NT 10.0) AppleWebKit/537.36 (KHTML, like Gecko) Chrome/86.0.4240.111 Safari/537.36" 
211.138.116.153 - - [20/Mar/2021:14:09:26 +0800] "GET /api/v1/comment/?section_id=26618&limit=10&offset=0 HTTP/1.1" 200 922 "https://www.luffycity.com/" "Mozilla/5.0 (Windows NT 10.0) AppleWebKit/537.36 (KHTML, like Gecko) Chrome/86.0.4240.111 Safari/537.36" 
211.138.116.153 - - [20/Mar/2021:14:09:26 +0800] "GET /api/v1/play/sections/?section_id=26618 HTTP/1.1" 200 2559 "https://www.luffycity.com/" "Mozilla/5.0 (Windows NT 10.0) AppleWebKit/537.36 (KHTML, like Gecko) Chrome/86.0.4240.111 Safari/537.36" 
114.219.26.151 - - [20/Mar/2021:14:09:27 +0800] "OPTIONS /api/v1/study/data/ HTTP/1.1" 200 0 "https://www.luffycity.com/study/degree" "Mozilla/5.0 (Macintosh; Intel Mac OS X 10_14_5) AppleWebKit/605.1.15 (KHTML, like Gecko) Version/12.1.1 Safari/605.1.15" 
114.219.26.151 - - [20/Mar/2021:14:09:27 +0800] "GET /api/v1/study/degrees/ HTTP/1.1" 200 146 "https://www.luffycity.com/study/degree" "Mozilla/5.0 (Macintosh; Intel Mac OS X 10_14_5) AppleWebKit/605.1.15 (KHTML, like Gecko) Version/12.1.1 Safari/605.1.15" 
114.219.26.151 - - [20/Mar/2021:14:09:27 +0800] "OPTIONS /api/v1/study/data/?degree_id=1 HTTP/1.1" 200 0 "https://www.luffycity.com/study/degree" "Mozilla/5.0 (Macintosh; Intel Mac OS X 10_14_5) AppleWebKit/605.1.15 (KHTML, like Gecko) Version/12.1.1 Safari/605.1.15" 
114.219.26.151 - - [20/Mar/2021:14:09:27 +0800] "GET /api/v1/study/data/ HTTP/1.1" 200 107 "https://www.luffycity.com/study/degree" "Mozilla/5.0 (Macintosh; Intel Mac OS X 10_14_5) AppleWebKit/605.1.15 (KHTML, like Gecko) Version/12.1.1 Safari/605.1.15" 
114.219.26.151 - - [20/Mar/2021:14:09:28 +0800] "GET /api/v1/study/degrees/1/mentor/?degree_id=1 HTTP/1.1" 200 226 "https://www.luffycity.com/study/degree" "Mozilla/5.0 (Macintosh; Intel Mac OS X 10_14_5) AppleWebKit/605.1.15 (KHTML, like Gecko) Version/12.1.1 Safari/605.1.15" 
114.219.26.151 - - [20/Mar/2021:14:09:28 +0800] "GET /api/v1/study/degrees/1/?degree_id=1 HTTP/1.1" 200 2010 "https://www.luffycity.com/study/degree" "Mozilla/5.0 (Macintosh; Intel Mac OS X 10_14_5) AppleWebKit/605.1.15 (KHTML, like Gecko) Version/12.1.1 Safari/605.1.15" 
