180.143.30.55, 14.116.144.254 - - [21/Mar/2021:13:16:54 +0800] "GET /api/v1/auth/token/ HTTP/1.1" 200 29 "https://m.luffycity.com/activity/vue-camp?source=bootcss" "Mozilla/5.0 (Linux; U; Android 10; zh-Hans-CN; JSN-AL00 Build/HONORJSN-AL00) AppleWebKit/537.36 (KHTML, like Gecko) Version/4.0 Chrome/78.0.3904.108 Quark/4.7.0.168 Mobile Safari/537.36" 
61.190.56.206 - - [21/Mar/2021:13:16:55 +0800] "OPTIONS /api/v1/result/enroll/?resultType=enroll&limit=2 HTTP/1.1" 200 0 "https://www.luffycity.com/" "Mozilla/5.0 (Macintosh; Intel Mac OS X 10_15_6) AppleWebKit/605.1.15 (KHTML, like Gecko) Version/14.0.2 Safari/605.1.15" 
61.190.56.206 - - [21/Mar/2021:13:16:56 +0800] "OPTIONS /api/v1/study/degrees/ HTTP/1.1" 200 0 "https://www.luffycity.com/" "Mozilla/5.0 (Macintosh; Intel Mac OS X 10_15_6) AppleWebKit/605.1.15 (KHTML, like Gecko) Version/14.0.2 Safari/605.1.15" 
61.190.56.206 - - [21/Mar/2021:13:16:56 +0800] "OPTIONS /api/v1/study/degrees/0/mentor/?degree_id=0 HTTP/1.1" 200 0 "https://www.luffycity.com/" "Mozilla/5.0 (Macintosh; Intel Mac OS X 10_15_6) AppleWebKit/605.1.15 (KHTML, like Gecko) Version/14.0.2 Safari/605.1.15" 
61.190.56.206 - - [21/Mar/2021:13:16:56 +0800] "GET /api/v1/study/degrees/0/mentor/?degree_id=0 HTTP/1.1" 200 137 "https://www.luffycity.com/study/degree" "Mozilla/5.0 (Macintosh; Intel Mac OS X 10_15_6) AppleWebKit/605.1.15 (KHTML, like Gecko) Version/14.0.2 Safari/605.1.15" 
61.190.56.206 - - [21/Mar/2021:13:16:57 +0800] "OPTIONS /api/v1/study/degrees/1/mentor/?degree_id=1 HTTP/1.1" 200 0 "https://www.luffycity.com/" "Mozilla/5.0 (Macintosh; Intel Mac OS X 10_15_6) AppleWebKit/605.1.15 (KHTML, like Gecko) Version/14.0.2 Safari/605.1.15" 
61.190.56.206 - - [21/Mar/2021:13:16:57 +0800] "OPTIONS /api/v1/study/degrees/1/?degree_id=1 HTTP/1.1" 200 0 "https://www.luffycity.com/" "Mozilla/5.0 (Macintosh; Intel Mac OS X 10_15_6) AppleWebKit/605.1.15 (KHTML, like Gecko) Version/14.0.2 Safari/605.1.15" 
61.190.56.206 - - [21/Mar/2021:13:16:57 +0800] "GET /api/v1/study/degrees/1/?degree_id=1 HTTP/1.1" 200 1924 "https://www.luffycity.com/study/degree" "Mozilla/5.0 (Macintosh; Intel Mac OS X 10_15_6) AppleWebKit/605.1.15 (KHTML, like Gecko) Version/14.0.2 Safari/605.1.15" 
180.143.30.55, 14.116.144.254 - - [21/Mar/2021:13:16:58 +0800] "GET /api/v1/course/actual/?category_id=1 HTTP/1.1" 200 6892 "https://m.luffycity.com/actual-course" "Mozilla/5.0 (Linux; U; Android 10; zh-Hans-CN; JSN-AL00 Build/HONORJSN-AL00) AppleWebKit/537.36 (KHTML, like Gecko) Version/4.0 Chrome/78.0.3904.108 Quark/4.7.0.168 Mobile Safari/537.36" 
61.190.56.206 - - [21/Mar/2021:13:17:01 +0800] "OPTIONS /api/v1/study/module/280/homework/?moduleId=280 HTTP/1.1" 200 0 "https://www.luffycity.com/" "Mozilla/5.0 (Macintosh; Intel Mac OS X 10_15_6) AppleWebKit/605.1.15 (KHTML, like Gecko) Version/14.0.2 Safari/605.1.15" 
61.190.56.206 - - [21/Mar/2021:13:17:02 +0800] "GET /api/v1/study/module/280/homework/?moduleId=280 HTTP/1.1" 200 579 "https://www.luffycity.com/study/homework/280?default=221" "Mozilla/5.0 (Macintosh; Intel Mac OS X 10_15_6) AppleWebKit/605.1.15 (KHTML, like Gecko) Version/14.0.2 Safari/605.1.15" 
61.190.56.206 - - [21/Mar/2021:13:17:02 +0800] "OPTIONS /api/v1/survey/homework/?surveyType=homework&related_id=31846 HTTP/1.1" 200 0 "https://www.luffycity.com/" "Mozilla/5.0 (Macintosh; Intel Mac OS X 10_15_6) AppleWebKit/605.1.15 (KHTML, like Gecko) Version/14.0.2 Safari/605.1.15" 
113.249.195.191 - - [21/Mar/2021:13:17:05 +0800] "GET /api/v1/play/sections/?section_id=24673 HTTP/1.1" 200 5630 "https://www.luffycity.com/" "Mozilla/5.0 (Windows NT 10.0; Win64; x64) AppleWebKit/537.36 (KHTML, like Gecko) Chrome/89.0.4389.90 Safari/537.36" 
113.249.195.191 - - [21/Mar/2021:13:17:05 +0800] "GET /api/v1/play/24673/?play_id=24673 HTTP/1.1" 200 441 "https://www.luffycity.com/" "Mozilla/5.0 (Windows NT 10.0; Win64; x64) AppleWebKit/537.36 (KHTML, like Gecko) Chrome/89.0.4389.90 Safari/537.36" 
121.69.20.94, 39.97.49.232 - - [21/Mar/2021:13:17:06 +0800] "GET /api/v1/auth/token/ HTTP/1.1" 200 29 "-" "Mozilla/5.0 (Windows NT 10.0; Win64; x64) AppleWebKit/537.36 (KHTML, like Gecko) Chrome/89.0.4389.90 Safari/537.36" 
121.69.20.94, 39.97.49.232 - - [21/Mar/2021:13:17:06 +0800] "GET /api/v1/result/ HTTP/1.1" 200 231 "-" "Mozilla/5.0 (Windows NT 10.0; Win64; x64) AppleWebKit/537.36 (KHTML, like Gecko) Chrome/89.0.4389.90 Safari/537.36" 
121.69.20.94 - - [21/Mar/2021:13:17:07 +0800] "GET /api/v1/course/free/138/sections/?courseType=free&id=138 HTTP/1.1" 200 1174 "https://www.luffycity.com/" "Mozilla/5.0 (Windows NT 10.0; Win64; x64) AppleWebKit/537.36 (KHTML, like Gecko) Chrome/89.0.4389.90 Safari/537.36" 
121.69.20.94 - - [21/Mar/2021:13:17:22 +0800] "GET /api/v1/comment/?course_id=138&limit=10&offset=0 HTTP/1.1" 200 1605 "https://www.luffycity.com/" "Mozilla/5.0 (Windows NT 10.0; Win64; x64) AppleWebKit/537.36 (KHTML, like Gecko) Chrome/89.0.4389.90 Safari/537.36" 
113.249.195.191, 39.97.49.232 - - [21/Mar/2021:13:17:27 +0800] "GET /api/v1/result/ HTTP/1.1" 200 231 "-" "Mozilla/5.0 (Windows NT 10.0; Win64; x64) AppleWebKit/537.36 (KHTML, like Gecko) Chrome/89.0.4389.90 Safari/537.36" 
113.249.195.191 - - [21/Mar/2021:13:17:28 +0800] "GET /api/v1/play/sections/?section_id=24673 HTTP/1.1" 200 5630 "https://www.luffycity.com/" "Mozilla/5.0 (Windows NT 10.0; Win64; x64) AppleWebKit/537.36 (KHTML, like Gecko) Chrome/89.0.4389.90 Safari/537.36" 
113.249.195.191 - - [21/Mar/2021:13:17:28 +0800] "GET /api/v1/play/24673/?play_id=24673 HTTP/1.1" 200 441 "https://www.luffycity.com/" "Mozilla/5.0 (Windows NT 10.0; Win64; x64) AppleWebKit/537.36 (KHTML, like Gecko) Chrome/89.0.4389.90 Safari/537.36" 
220.175.67.11 - - [21/Mar/2021:13:17:30 +0800] "OPTIONS /api/v1/comment/?section_id=2959&limit=10&offset=0 HTTP/1.1" 200 0 "https://www.luffycity.com/play/2959" "Mozilla/5.0 (Windows NT 10.0; Win64; x64) AppleWebKit/537.36 (KHTML, like Gecko) Chrome/78.0.3904.108 Safari/537.36" 
220.175.67.11 - - [21/Mar/2021:13:17:30 +0800] "OPTIONS /api/v1/play/2959/?play_id=2959 HTTP/1.1" 200 0 "https://www.luffycity.com/play/2959" "Mozilla/5.0 (Windows NT 10.0; Win64; x64) AppleWebKit/537.36 (KHTML, like Gecko) Chrome/78.0.3904.108 Safari/537.36" 
220.175.67.11 - - [21/Mar/2021:13:17:30 +0800] "GET /api/v1/survey/section/2959/?sectionId=2959 HTTP/1.1" 200 10 "https://www.luffycity.com/play/2959" "Mozilla/5.0 (Windows NT 10.0; Win64; x64) AppleWebKit/537.36 (KHTML, like Gecko) Chrome/78.0.3904.108 Safari/537.36" 
220.175.67.11 - - [21/Mar/2021:13:17:31 +0800] "GET /api/v1/play/2959/?play_id=2959 HTTP/1.1" 200 501 "https://www.luffycity.com/play/2959" "Mozilla/5.0 (Windows NT 10.0; Win64; x64) AppleWebKit/537.36 (KHTML, like Gecko) Chrome/78.0.3904.108 Safari/537.36" 
220.175.67.11 - - [21/Mar/2021:13:17:32 +0800] "GET /api/v1/play/sections/?section_id=2959 HTTP/1.1" 200 3450 "https://www.luffycity.com/play/2959" "Mozilla/5.0 (Windows NT 10.0; Win64; x64) AppleWebKit/537.36 (KHTML, like Gecko) Chrome/78.0.3904.108 Safari/537.36" 
121.69.20.94 - - [21/Mar/2021:13:17:49 +0800] "GET /api/v1/comment/?course_id=138&limit=10&offset=40 HTTP/1.1" 200 952 "https://www.luffycity.com/" "Mozilla/5.0 (Windows NT 10.0; Win64; x64) AppleWebKit/537.36 (KHTML, like Gecko) Chrome/89.0.4389.90 Safari/537.36" 
121.69.20.94 - - [21/Mar/2021:13:18:00 +0800] "GET /api/v1/comment/?course_id=138&limit=10&offset=30 HTTP/1.1" 200 1305 "https://www.luffycity.com/" "Mozilla/5.0 (Windows NT 10.0; Win64; x64) AppleWebKit/537.36 (KHTML, like Gecko) Chrome/89.0.4389.90 Safari/537.36" 
222.247.115.217 - - [21/Mar/2021:13:18:04 +0800] "OPTIONS /api/v1/comment/?section_id=31632&limit=10&offset=0 HTTP/1.1" 200 0 "https://www.luffycity.com/play/31632" "Mozilla/5.0 (Windows NT 10.0; WOW64) AppleWebKit/537.36 (KHTML, like Gecko) Chrome/86.0.4240.198 Safari/537.36" 
222.247.115.217 - - [21/Mar/2021:13:18:04 +0800] "OPTIONS /api/v1/survey/section/31632/?sectionId=31632 HTTP/1.1" 200 0 "https://www.luffycity.com/play/31632" "Mozilla/5.0 (Windows NT 10.0; WOW64) AppleWebKit/537.36 (KHTML, like Gecko) Chrome/86.0.4240.198 Safari/537.36" 
222.247.115.217 - - [21/Mar/2021:13:18:04 +0800] "GET /api/v1/survey/section/31632/?sectionId=31632 HTTP/1.1" 200 10 "https://www.luffycity.com/play/31632" "Mozilla/5.0 (Windows NT 10.0; WOW64) AppleWebKit/537.36 (KHTML, like Gecko) Chrome/86.0.4240.198 Safari/537.36" 
113.249.195.191 - - [21/Mar/2021:13:18:04 +0800] "GET /api/v1/play/sections/?section_id=24673 HTTP/1.1" 200 5630 "https://www.luffycity.com/" "Mozilla/5.0 (Windows NT 10.0; Win64; x64) AppleWebKit/537.36 (KHTML, like Gecko) Chrome/89.0.4389.90 Safari/537.36" 
113.249.195.191 - - [21/Mar/2021:13:18:04 +0800] "GET /api/v1/play/24673/?play_id=24673 HTTP/1.1" 200 441 "https://www.luffycity.com/" "Mozilla/5.0 (Windows NT 10.0; Win64; x64) AppleWebKit/537.36 (KHTML, like Gecko) Chrome/89.0.4389.90 Safari/537.36" 
222.247.115.217 - - [21/Mar/2021:13:18:04 +0800] "GET /api/v1/play/31632/?play_id=31632 HTTP/1.1" 200 402 "https://www.luffycity.com/play/31632" "Mozilla/5.0 (Windows NT 10.0; WOW64) AppleWebKit/537.36 (KHTML, like Gecko) Chrome/86.0.4240.198 Safari/537.36" 
121.69.20.94, 39.97.49.232 - - [21/Mar/2021:13:18:06 +0800] "GET /api/v1/auth/token/ HTTP/1.1" 200 29 "https://www.luffycity.com/free-course/138/comments?page=4" "Mozilla/5.0 (Windows NT 10.0; Win64; x64) AppleWebKit/537.36 (KHTML, like Gecko) Chrome/89.0.4389.90 Safari/537.36" 
121.69.20.94, 39.97.49.232 - - [21/Mar/2021:13:18:06 +0800] "GET /api/v1/course/category/actual/?courseType=actual HTTP/1.1" 200 252 "https://www.luffycity.com/free-course/138/comments?page=4" "Mozilla/5.0 (Windows NT 10.0; Win64; x64) AppleWebKit/537.36 (KHTML, like Gecko) Chrome/89.0.4389.90 Safari/537.36" 
113.249.195.191, 39.97.49.232 - - [21/Mar/2021:13:18:10 +0800] "GET /api/v1/auth/token/ HTTP/1.1" 200 376 "-" "Mozilla/5.0 (Windows NT 10.0; Win64; x64) AppleWebKit/537.36 (KHTML, like Gecko) Chrome/89.0.4389.90 Safari/537.36" 
113.249.195.191, 39.97.49.232 - - [21/Mar/2021:13:18:10 +0800] "GET /api/v1/result/ HTTP/1.1" 200 231 "-" "Mozilla/5.0 (Windows NT 10.0; Win64; x64) AppleWebKit/537.36 (KHTML, like Gecko) Chrome/89.0.4389.90 Safari/537.36" 
113.249.195.191 - - [21/Mar/2021:13:18:11 +0800] "GET /api/v1/play/sections/?section_id=24673 HTTP/1.1" 200 5630 "https://www.luffycity.com/" "Mozilla/5.0 (Windows NT 10.0; Win64; x64) AppleWebKit/537.36 (KHTML, like Gecko) Chrome/89.0.4389.90 Safari/537.36" 
113.249.195.191 - - [21/Mar/2021:13:18:11 +0800] "GET /api/v1/play/24673/?play_id=24673 HTTP/1.1" 200 441 "https://www.luffycity.com/" "Mozilla/5.0 (Windows NT 10.0; Win64; x64) AppleWebKit/537.36 (KHTML, like Gecko) Chrome/89.0.4389.90 Safari/537.36" 
121.69.20.94 - - [21/Mar/2021:13:18:12 +0800] "OPTIONS /api/v1/course/category/actual/?courseType=actual HTTP/1.1" 200 0 "https://www.luffycity.com/" "Mozilla/5.0 (Windows NT 10.0; Win64; x64) AppleWebKit/537.36 (KHTML, like Gecko) Chrome/89.0.4389.90 Safari/537.36" 
121.69.20.94 - - [21/Mar/2021:13:18:12 +0800] "OPTIONS /api/v1/course/actual/?category_id=11 HTTP/1.1" 200 0 "https://www.luffycity.com/" "Mozilla/5.0 (Windows NT 10.0; Win64; x64) AppleWebKit/537.36 (KHTML, like Gecko) Chrome/89.0.4389.90 Safari/537.36" 
40.77.167.76, 39.97.49.232 - - [21/Mar/2021:13:18:15 +0800] "GET /api/v1/auth/token/ HTTP/1.1" 200 29 "-" "Mozilla/5.0 (compatible; bingbot/2.0; +http://www.bing.com/bingbot.htm)" 
40.77.167.76, 39.97.49.232 - - [21/Mar/2021:13:18:16 +0800] "GET /api/v1/index/banner/ HTTP/1.1" 200 382 "-" "Mozilla/5.0 (compatible; bingbot/2.0; +http://www.bing.com/bingbot.htm)" 
40.77.167.76, 39.97.49.232 - - [21/Mar/2021:13:18:16 +0800] "GET /api/v1/course/actual/?limit=3 HTTP/1.1" 200 2342 "-" "Mozilla/5.0 (compatible; bingbot/2.0; +http://www.bing.com/bingbot.htm)" 
40.77.167.76, 39.97.49.232 - - [21/Mar/2021:13:18:16 +0800] "GET /api/v1/course/degree/ HTTP/1.1" 200 948 "-" "Mozilla/5.0 (compatible; bingbot/2.0; +http://www.bing.com/bingbot.htm)" 
36.99.136.133, 39.97.49.232 - - [21/Mar/2021:13:18:18 +0800] "GET /api/v1/auth/token/ HTTP/1.1" 200 29 "-" "Mozilla/5.0 (Windows NT 10.0; Win64; x64) AppleWebKit/537.36 (KHTML, like Gecko) Chrome/72.0.3626.119 Safari/537.36" 
36.99.136.133, 39.97.49.232 - - [21/Mar/2021:13:18:18 +0800] "GET /api/v1/result/ HTTP/1.1" 200 231 "-" "Mozilla/5.0 (Windows NT 10.0; Win64; x64) AppleWebKit/537.36 (KHTML, like Gecko) Chrome/72.0.3626.119 Safari/537.36" 
171.9.199.89 - - [21/Mar/2021:13:18:18 +0800] "OPTIONS /api/v1/comment/?section_id=28407&limit=10&offset=0 HTTP/1.1" 200 0 "https://www.luffycity.com/" "Mozilla/5.0 (Windows NT 10.0; Win64; x64) AppleWebKit/537.36 (KHTML, like Gecko) Chrome/89.0.4389.90 Safari/537.36" 
171.9.199.89 - - [21/Mar/2021:13:18:18 +0800] "OPTIONS /api/v1/play/28407/?play_id=28407 HTTP/1.1" 200 0 "https://www.luffycity.com/" "Mozilla/5.0 (Windows NT 10.0; Win64; x64) AppleWebKit/537.36 (KHTML, like Gecko) Chrome/89.0.4389.90 Safari/537.36" 
171.9.199.89 - - [21/Mar/2021:13:18:18 +0800] "GET /api/v1/comment/?section_id=28407&limit=10&offset=0 HTTP/1.1" 200 69 "https://www.luffycity.com/" "Mozilla/5.0 (Windows NT 10.0; Win64; x64) AppleWebKit/537.36 (KHTML, like Gecko) Chrome/89.0.4389.90 Safari/537.36" 
171.9.199.89 - - [21/Mar/2021:13:18:19 +0800] "GET /api/v1/play/28407/?play_id=28407 HTTP/1.1" 200 441 "https://www.luffycity.com/" "Mozilla/5.0 (Windows NT 10.0; Win64; x64) AppleWebKit/537.36 (KHTML, like Gecko) Chrome/89.0.4389.90 Safari/537.36" 
121.69.20.94 - - [21/Mar/2021:13:18:20 +0800] "OPTIONS /api/v1/course/actual/150/payment/?courseType=actual&id=150 HTTP/1.1" 200 0 "https://www.luffycity.com/" "Mozilla/5.0 (Windows NT 10.0; Win64; x64) AppleWebKit/537.36 (KHTML, like Gecko) Chrome/89.0.4389.90 Safari/537.36" 
121.69.20.94 - - [21/Mar/2021:13:18:20 +0800] "GET /api/v1/media/play/f3d2113b586f44c3b8cf9b7b58e3885e/?suffix=f3d2113b586f44c3b8cf9b7b58e3885e HTTP/1.1" 200 1761 "https://www.luffycity.com/" "Mozilla/5.0 (Windows NT 10.0; Win64; x64) AppleWebKit/537.36 (KHTML, like Gecko) Chrome/89.0.4389.90 Safari/537.36" 
112.81.59.49, 39.97.49.232 - - [21/Mar/2021:13:18:24 +0800] "GET /api/v1/auth/token/ HTTP/1.1" 200 29 "-" "Mozilla/5.0 (Windows NT 10.0; Win64; x64) AppleWebKit/537.36 (KHTML, like Gecko) Chrome/89.0.4389.90 Safari/537.36" 
112.81.59.49, 39.97.49.232 - - [21/Mar/2021:13:18:25 +0800] "GET /api/v1/index/banner/ HTTP/1.1" 200 382 "-" "Mozilla/5.0 (Windows NT 10.0; Win64; x64) AppleWebKit/537.36 (KHTML, like Gecko) Chrome/89.0.4389.90 Safari/537.36" 
112.81.59.49, 39.97.49.232 - - [21/Mar/2021:13:18:25 +0800] "GET /api/v1/course/home-free/?limit=3 HTTP/1.1" 200 865 "-" "Mozilla/5.0 (Windows NT 10.0; Win64; x64) AppleWebKit/537.36 (KHTML, like Gecko) Chrome/89.0.4389.90 Safari/537.36" 
112.81.59.49 - - [21/Mar/2021:13:18:26 +0800] "GET /api/v1/result/enroll/?resultType=enroll&limit=2 HTTP/1.1" 200 1976 "https://www.luffycity.com/" "Mozilla/5.0 (Windows NT 10.0; Win64; x64) AppleWebKit/537.36 (KHTML, like Gecko) Chrome/89.0.4389.90 Safari/537.36" 
36.99.136.132 - - [21/Mar/2021:13:18:26 +0800] "OPTIONS /api/v1/auth/captcha/ HTTP/1.1" 200 0 "https://www.luffycity.com/signup" "Mozilla/5.0 (Windows NT 10.0; Win64; x64) AppleWebKit/537.36 (KHTML, like Gecko) Chrome/72.0.3626.119 Safari/537.36" 
180.143.30.55, 14.116.144.254 - - [21/Mar/2021:13:18:34 +0800] "GET /api/v1/course/actual/41/payment/?courseType=actual&id=41 HTTP/1.1" 200 259 "https://m.luffycity.com/actual-course/41/detail" "Mozilla/5.0 (Linux; U; Android 10; zh-Hans-CN; JSN-AL00 Build/HONORJSN-AL00) AppleWebKit/537.36 (KHTML, like Gecko) Version/4.0 Chrome/78.0.3904.108 Quark/4.7.0.168 Mobile Safari/537.36" 
180.143.30.55, 14.116.144.254 - - [21/Mar/2021:13:18:35 +0800] "GET /api/v1/media/play/undefined/ HTTP/1.1" 200 64 "https://m.luffycity.com/actual-course/41/detail" "Mozilla/5.0 (Linux; U; Android 10; zh-Hans-CN; JSN-AL00 Build/HONORJSN-AL00) AppleWebKit/537.36 (KHTML, like Gecko) Version/4.0 Chrome/78.0.3904.108 Quark/4.7.0.168 Mobile Safari/537.36" 
180.143.30.55, 14.116.144.254 - - [21/Mar/2021:13:18:35 +0800] "GET /api/v1/course/actual/41/?courseType=actual&id=41 HTTP/1.1" 200 1147 "https://m.luffycity.com/actual-course/41/detail" "Mozilla/5.0 (Linux; U; Android 10; zh-Hans-CN; JSN-AL00 Build/HONORJSN-AL00) AppleWebKit/537.36 (KHTML, like Gecko) Version/4.0 Chrome/78.0.3904.108 Quark/4.7.0.168 Mobile Safari/537.36" 
180.143.30.55, 14.116.144.254 - - [21/Mar/2021:13:18:47 +0800] "GET /api/v1/auth/token/ HTTP/1.1" 200 29 "https://m.luffycity.com/actual-course" "Mozilla/5.0 (Linux; U; Android 10; zh-Hans-CN; JSN-AL00 Build/HONORJSN-AL00) AppleWebKit/537.36 (KHTML, like Gecko) Version/4.0 Chrome/78.0.3904.108 Quark/4.7.0.168 Mobile Safari/537.36" 
111.60.73.56 - - [21/Mar/2021:13:18:51 +0800] "OPTIONS /api/v1/survey/section/30934/?sectionId=30934 HTTP/1.1" 200 0 "https://www.luffycity.com/play/30934" "Mozilla/5.0 (Windows NT 10.0; WOW64) AppleWebKit/537.36 (KHTML, like Gecko) Chrome/86.0.4240.198 Safari/537.36" 
111.60.73.56 - - [21/Mar/2021:13:18:51 +0800] "OPTIONS /api/v1/play/30934/?play_id=30934 HTTP/1.1" 200 0 "https://www.luffycity.com/play/30934" "Mozilla/5.0 (Windows NT 10.0; WOW64) AppleWebKit/537.36 (KHTML, like Gecko) Chrome/86.0.4240.198 Safari/537.36" 
111.60.73.56 - - [21/Mar/2021:13:18:51 +0800] "GET /api/v1/play/sections/?section_id=30934 HTTP/1.1" 200 3009 "https://www.luffycity.com/play/30934" "Mozilla/5.0 (Windows NT 10.0; WOW64) AppleWebKit/537.36 (KHTML, like Gecko) Chrome/86.0.4240.198 Safari/537.36" 
111.60.73.56 - - [21/Mar/2021:13:18:51 +0800] "GET /api/v1/comment/?section_id=30934&limit=10&offset=0 HTTP/1.1" 200 1798 "https://www.luffycity.com/play/30934" "Mozilla/5.0 (Windows NT 10.0; WOW64) AppleWebKit/537.36 (KHTML, like Gecko) Chrome/86.0.4240.198 Safari/537.36" 
111.202.169.183 - - [21/Mar/2021:13:18:51 +0800] "OPTIONS /api/v1/play/sections/?section_id=15965 HTTP/1.1" 200 0 "https://www.luffycity.com/" "Mozilla/5.0 (Windows NT 10.0; Win64; x64) AppleWebKit/537.36 (KHTML, like Gecko) Chrome/89.0.4389.90 Safari/537.36" 
111.202.169.183 - - [21/Mar/2021:13:18:51 +0800] "OPTIONS /api/v1/play/15965/?play_id=15965 HTTP/1.1" 200 0 "https://www.luffycity.com/" "Mozilla/5.0 (Windows NT 10.0; Win64; x64) AppleWebKit/537.36 (KHTML, like Gecko) Chrome/89.0.4389.90 Safari/537.36" 
111.202.169.183 - - [21/Mar/2021:13:18:51 +0800] "GET /api/v1/play/15965/?play_id=15965 HTTP/1.1" 200 412 "https://www.luffycity.com/" "Mozilla/5.0 (Windows NT 10.0; Win64; x64) AppleWebKit/537.36 (KHTML, like Gecko) Chrome/89.0.4389.90 Safari/537.36" 
111.202.169.183 - - [21/Mar/2021:13:18:51 +0800] "GET /api/v1/play/sections/?section_id=15965 HTTP/1.1" 200 7469 "https://www.luffycity.com/" "Mozilla/5.0 (Windows NT 10.0; Win64; x64) AppleWebKit/537.36 (KHTML, like Gecko) Chrome/89.0.4389.90 Safari/537.36" 
40.77.167.76, 39.97.49.232 - - [21/Mar/2021:13:18:56 +0800] "GET /api/v1/auth/token/ HTTP/1.1" 200 29 "-" "Mozilla/5.0 (compatible; bingbot/2.0; +http://www.bing.com/bingbot.htm)" 
40.77.167.76, 39.97.49.232 - - [21/Mar/2021:13:18:56 +0800] "GET /api/v1/result/ HTTP/1.1" 200 231 "-" "Mozilla/5.0 (compatible; bingbot/2.0; +http://www.bing.com/bingbot.htm)" 
113.102.99.209 - - [21/Mar/2021:13:18:58 +0800] "OPTIONS /api/v1/study/degrees/0/mentor/?degree_id=0 HTTP/1.1" 200 0 "https://www.luffycity.com/study/special" "Mozilla/5.0 (Windows NT 10.0; WOW64) AppleWebKit/537.36 (KHTML, like Gecko) Chrome/84.0.4147.89 Safari/537.36 SLBrowser/7.0.0.2261 SLBChan/11" 
113.102.99.209 - - [21/Mar/2021:13:18:58 +0800] "OPTIONS /api/v1/study/courses/ HTTP/1.1" 200 0 "https://www.luffycity.com/study/special" "Mozilla/5.0 (Windows NT 10.0; WOW64) AppleWebKit/537.36 (KHTML, like Gecko) Chrome/84.0.4147.89 Safari/537.36 SLBrowser/7.0.0.2261 SLBChan/11" 
113.102.99.209 - - [21/Mar/2021:13:18:58 +0800] "GET /api/v1/study/degrees/0/mentor/?degree_id=0 HTTP/1.1" 200 137 "https://www.luffycity.com/study/special" "Mozilla/5.0 (Windows NT 10.0; WOW64) AppleWebKit/537.36 (KHTML, like Gecko) Chrome/84.0.4147.89 Safari/537.36 SLBrowser/7.0.0.2261 SLBChan/11" 
113.102.99.209 - - [21/Mar/2021:13:18:59 +0800] "OPTIONS /api/v1/study/module/actual/51416/?courseType=actual&id=51416 HTTP/1.1" 200 0 "https://www.luffycity.com/study/special" "Mozilla/5.0 (Windows NT 10.0; WOW64) AppleWebKit/537.36 (KHTML, like Gecko) Chrome/84.0.4147.89 Safari/537.36 SLBrowser/7.0.0.2261 SLBChan/11" 
113.102.99.209 - - [21/Mar/2021:13:19:00 +0800] "OPTIONS /api/v1/study/degrees/ HTTP/1.1" 200 0 "https://www.luffycity.com/study/degree" "Mozilla/5.0 (Windows NT 10.0; WOW64) AppleWebKit/537.36 (KHTML, like Gecko) Chrome/84.0.4147.89 Safari/537.36 SLBrowser/7.0.0.2261 SLBChan/11" 
222.85.110.7 - - [21/Mar/2021:13:19:00 +0800] "OPTIONS /api/v1/comment/?section_id=1792&limit=10&offset=0 HTTP/1.1" 200 0 "https://www.luffycity.com/" "Mozilla/5.0 (Windows NT 10.0; Win64; x64) AppleWebKit/537.36 (KHTML, like Gecko) Chrome/89.0.4389.90 Safari/537.36" 
222.85.110.7 - - [21/Mar/2021:13:19:00 +0800] "OPTIONS /api/v1/play/1792/?play_id=1792 HTTP/1.1" 200 0 "https://www.luffycity.com/" "Mozilla/5.0 (Windows NT 10.0; Win64; x64) AppleWebKit/537.36 (KHTML, like Gecko) Chrome/89.0.4389.90 Safari/537.36" 
222.85.110.7 - - [21/Mar/2021:13:19:00 +0800] "GET /api/v1/play/sections/?section_id=1792 HTTP/1.1" 200 3112 "https://www.luffycity.com/" "Mozilla/5.0 (Windows NT 10.0; Win64; x64) AppleWebKit/537.36 (KHTML, like Gecko) Chrome/89.0.4389.90 Safari/537.36" 
222.85.110.7 - - [21/Mar/2021:13:19:01 +0800] "GET /api/v1/play/1792/?play_id=1792 HTTP/1.1" 200 408 "https://www.luffycity.com/" "Mozilla/5.0 (Windows NT 10.0; Win64; x64) AppleWebKit/537.36 (KHTML, like Gecko) Chrome/89.0.4389.90 Safari/537.36" 
113.102.99.209 - - [21/Mar/2021:13:19:01 +0800] "GET /api/v1/study/courses/ HTTP/1.1" 200 1214 "https://www.luffycity.com/study/special" "Mozilla/5.0 (Windows NT 10.0; WOW64) AppleWebKit/537.36 (KHTML, like Gecko) Chrome/84.0.4147.89 Safari/537.36 SLBrowser/7.0.0.2261 SLBChan/11" 
113.102.99.209 - - [21/Mar/2021:13:19:01 +0800] "GET /api/v1/survey/section/16038/?sectionId=16038 HTTP/1.1" 200 10 "https://www.luffycity.com/play/16038" "Mozilla/5.0 (Windows NT 10.0; WOW64) AppleWebKit/537.36 (KHTML, like Gecko) Chrome/84.0.4147.89 Safari/537.36 SLBrowser/7.0.0.2261 SLBChan/11" 
113.102.99.209 - - [21/Mar/2021:13:19:01 +0800] "GET /api/v1/comment/?section_id=16038&limit=10&offset=0 HTTP/1.1" 200 1608 "https://www.luffycity.com/play/16038" "Mozilla/5.0 (Windows NT 10.0; WOW64) AppleWebKit/537.36 (KHTML, like Gecko) Chrome/84.0.4147.89 Safari/537.36 SLBrowser/7.0.0.2261 SLBChan/11" 
180.143.30.55, 14.116.144.254 - - [21/Mar/2021:13:19:02 +0800] "GET /api/v1/study/data/ HTTP/1.1" 200 64 "https://m.luffycity.com/study/degree" "Mozilla/5.0 (Linux; U; Android 10; zh-Hans-CN; JSN-AL00 Build/HONORJSN-AL00) AppleWebKit/537.36 (KHTML, like Gecko) Version/4.0 Chrome/78.0.3904.108 Quark/4.7.0.168 Mobile Safari/537.36" 
121.69.20.94, 39.97.49.232 - - [21/Mar/2021:13:19:04 +0800] "GET /api/v1/auth/token/ HTTP/1.1" 200 29 "https://www.luffycity.com/actual-course/150/detail" "Mozilla/5.0 (Windows NT 10.0; Win64; x64) AppleWebKit/537.36 (KHTML, like Gecko) Chrome/89.0.4389.90 Safari/537.36" 
121.69.20.94, 39.97.49.232 - - [21/Mar/2021:13:19:04 +0800] "GET /api/v1/result/ HTTP/1.1" 200 231 "https://www.luffycity.com/actual-course/150/detail" "Mozilla/5.0 (Windows NT 10.0; Win64; x64) AppleWebKit/537.36 (KHTML, like Gecko) Chrome/89.0.4389.90 Safari/537.36" 
121.69.20.94 - - [21/Mar/2021:13:19:05 +0800] "GET /api/v1/course/actual/150/payment/?courseType=actual&id=150 HTTP/1.1" 200 301 "https://www.luffycity.com/" "Mozilla/5.0 (Windows NT 10.0; Win64; x64) AppleWebKit/537.36 (KHTML, like Gecko) Chrome/89.0.4389.90 Safari/537.36" 
180.143.30.55, 14.116.144.254 - - [21/Mar/2021:13:19:06 +0800] "GET /api/v1/auth/token/ HTTP/1.1" 200 29 "https://m.luffycity.com/404?source=bootcss" "Mozilla/5.0 (Linux; U; Android 10; zh-Hans-CN; JSN-AL00 Build/HONORJSN-AL00) AppleWebKit/537.36 (KHTML, like Gecko) Version/4.0 Chrome/78.0.3904.108 Quark/4.7.0.168 Mobile Safari/537.36" 
61.190.56.206 - - [21/Mar/2021:13:19:10 +0800] "OPTIONS /api/v1/study/module/280/homework/223/?moduleId=280&homeworkId=223 HTTP/1.1" 200 0 "https://www.luffycity.com/" "Mozilla/5.0 (Macintosh; Intel Mac OS X 10_15_6) AppleWebKit/605.1.15 (KHTML, like Gecko) Version/14.0.2 Safari/605.1.15" 
61.190.56.206 - - [21/Mar/2021:13:19:10 +0800] "OPTIONS /api/v1/survey/check/?surveyType=check&related_id=32004 HTTP/1.1" 200 0 "https://www.luffycity.com/" "Mozilla/5.0 (Macintosh; Intel Mac OS X 10_15_6) AppleWebKit/605.1.15 (KHTML, like Gecko) Version/14.0.2 Safari/605.1.15" 
222.85.110.7 - - [21/Mar/2021:13:19:13 +0800] "GET /api/v1/survey/section/1792/?sectionId=1792 HTTP/1.1" 200 10 "https://www.luffycity.com/" "Mozilla/5.0 (Windows NT 10.0; Win64; x64) AppleWebKit/537.36 (KHTML, like Gecko) Chrome/89.0.4389.90 Safari/537.36" 
222.85.110.7 - - [21/Mar/2021:13:19:13 +0800] "GET /api/v1/comment/?section_id=1792&limit=10&offset=0 HTTP/1.1" 200 1429 "https://www.luffycity.com/" "Mozilla/5.0 (Windows NT 10.0; Win64; x64) AppleWebKit/537.36 (KHTML, like Gecko) Chrome/89.0.4389.90 Safari/537.36" 
61.190.56.206 - - [21/Mar/2021:13:19:31 +0800] "GET /api/v1/study/module/280/homework/223/?moduleId=280&homeworkId=223 HTTP/1.1" 200 867 "https://www.luffycity.com/study/homework/280?default=223" "Mozilla/5.0 (Macintosh; Intel Mac OS X 10_15_6) AppleWebKit/605.1.15 (KHTML, like Gecko) Version/14.0.2 Safari/605.1.15" 
220.174.82.143, 39.97.49.232 - - [21/Mar/2021:13:19:34 +0800] "GET /api/v1/course/actual/?limit=3 HTTP/1.1" 200 2342 "-" "Mozilla/5.0 (Windows NT 10.0; Win64; x64) AppleWebKit/537.36 (KHTML, like Gecko) Chrome/89.0.4389.90 Safari/537.36 Edg/89.0.774.57" 
220.174.82.143, 39.97.49.232 - - [21/Mar/2021:13:19:34 +0800] "GET /api/v1/course/degree/ HTTP/1.1" 200 948 "-" "Mozilla/5.0 (Windows NT 10.0; Win64; x64) AppleWebKit/537.36 (KHTML, like Gecko) Chrome/89.0.4389.90 Safari/537.36 Edg/89.0.774.57" 
220.174.82.143, 39.97.49.232 - - [21/Mar/2021:13:19:34 +0800] "GET /api/v1/course/home-free/?limit=3 HTTP/1.1" 200 865 "-" "Mozilla/5.0 (Windows NT 10.0; Win64; x64) AppleWebKit/537.36 (KHTML, like Gecko) Chrome/89.0.4389.90 Safari/537.36 Edg/89.0.774.57" 
220.174.82.143 - - [21/Mar/2021:13:19:35 +0800] "OPTIONS /api/v1/result/enroll/?resultType=enroll&limit=2 HTTP/1.1" 200 0 "https://www.luffycity.com/" "Mozilla/5.0 (Windows NT 10.0; Win64; x64) AppleWebKit/537.36 (KHTML, like Gecko) Chrome/89.0.4389.90 Safari/537.36 Edg/89.0.774.57" 
220.174.82.143 - - [21/Mar/2021:13:19:38 +0800] "OPTIONS /api/v1/auth/wechat/ HTTP/1.1" 200 0 "https://www.luffycity.com/" "Mozilla/5.0 (Windows NT 10.0; Win64; x64) AppleWebKit/537.36 (KHTML, like Gecko) Chrome/89.0.4389.90 Safari/537.36 Edg/89.0.774.57" 
220.174.82.143 - - [21/Mar/2021:13:19:39 +0800] "OPTIONS /api/v1/auth/password/login/?loginWay=password HTTP/1.1" 200 0 "https://www.luffycity.com/" "Mozilla/5.0 (Windows NT 10.0; Win64; x64) AppleWebKit/537.36 (KHTML, like Gecko) Chrome/89.0.4389.90 Safari/537.36 Edg/89.0.774.57" 
220.174.82.143 - - [21/Mar/2021:13:19:39 +0800] "OPTIONS /api/v1/auth/token/ HTTP/1.1" 200 0 "https://www.luffycity.com/" "Mozilla/5.0 (Windows NT 10.0; Win64; x64) AppleWebKit/537.36 (KHTML, like Gecko) Chrome/89.0.4389.90 Safari/537.36 Edg/89.0.774.57" 
220.174.82.143 - - [21/Mar/2021:13:19:42 +0800] "OPTIONS /api/v1/study/degrees/0/mentor/?degree_id=0 HTTP/1.1" 200 0 "https://www.luffycity.com/" "Mozilla/5.0 (Windows NT 10.0; Win64; x64) AppleWebKit/537.36 (KHTML, like Gecko) Chrome/89.0.4389.90 Safari/537.36 Edg/89.0.774.57" 
220.174.82.143 - - [21/Mar/2021:13:19:42 +0800] "OPTIONS /api/v1/study/degrees/ HTTP/1.1" 200 0 "https://www.luffycity.com/" "Mozilla/5.0 (Windows NT 10.0; Win64; x64) AppleWebKit/537.36 (KHTML, like Gecko) Chrome/89.0.4389.90 Safari/537.36 Edg/89.0.774.57" 
220.174.82.143 - - [21/Mar/2021:13:19:42 +0800] "GET /api/v1/study/degrees/0/mentor/?degree_id=0 HTTP/1.1" 200 137 "https://www.luffycity.com/" "Mozilla/5.0 (Windows NT 10.0; Win64; x64) AppleWebKit/537.36 (KHTML, like Gecko) Chrome/89.0.4389.90 Safari/537.36 Edg/89.0.774.57" 
220.174.82.143 - - [21/Mar/2021:13:19:43 +0800] "OPTIONS /api/v1/study/courses/ HTTP/1.1" 200 0 "https://www.luffycity.com/" "Mozilla/5.0 (Windows NT 10.0; Win64; x64) AppleWebKit/537.36 (KHTML, like Gecko) Chrome/89.0.4389.90 Safari/537.36 Edg/89.0.774.57" 
220.174.82.143 - - [21/Mar/2021:13:19:43 +0800] "OPTIONS /api/v1/study/module/actual/51456/?courseType=actual&id=51456 HTTP/1.1" 200 0 "https://www.luffycity.com/" "Mozilla/5.0 (Windows NT 10.0; Win64; x64) AppleWebKit/537.36 (KHTML, like Gecko) Chrome/89.0.4389.90 Safari/537.36 Edg/89.0.774.57" 
220.174.82.143 - - [21/Mar/2021:13:19:46 +0800] "OPTIONS /api/v1/play/28668/?play_id=28668 HTTP/1.1" 200 0 "https://www.luffycity.com/" "Mozilla/5.0 (Windows NT 10.0; Win64; x64) AppleWebKit/537.36 (KHTML, like Gecko) Chrome/89.0.4389.90 Safari/537.36 Edg/89.0.774.57" 
220.174.82.143 - - [21/Mar/2021:13:19:46 +0800] "OPTIONS /api/v1/play/sections/?section_id=28668 HTTP/1.1" 200 0 "https://www.luffycity.com/" "Mozilla/5.0 (Windows NT 10.0; Win64; x64) AppleWebKit/537.36 (KHTML, like Gecko) Chrome/89.0.4389.90 Safari/537.36 Edg/89.0.774.57" 
220.174.82.143 - - [21/Mar/2021:13:19:46 +0800] "GET /api/v1/play/sections/?section_id=28668 HTTP/1.1" 200 3457 "https://www.luffycity.com/" "Mozilla/5.0 (Windows NT 10.0; Win64; x64) AppleWebKit/537.36 (KHTML, like Gecko) Chrome/89.0.4389.90 Safari/537.36 Edg/89.0.774.57" 
220.174.82.143 - - [21/Mar/2021:13:19:46 +0800] "GET /api/v1/comment/?section_id=28668&limit=10&offset=0 HTTP/1.1" 200 1367 "https://www.luffycity.com/" "Mozilla/5.0 (Windows NT 10.0; Win64; x64) AppleWebKit/537.36 (KHTML, like Gecko) Chrome/89.0.4389.90 Safari/537.36 Edg/89.0.774.57" 
222.85.110.7, 39.97.49.232 - - [21/Mar/2021:13:19:57 +0800] "GET /api/v1/result/ HTTP/1.1" 200 231 "-" "Mozilla/5.0 (Windows NT 10.0; Win64; x64) AppleWebKit/537.36 (KHTML, like Gecko) Chrome/89.0.4389.90 Safari/537.36" 
222.85.110.7 - - [21/Mar/2021:13:19:58 +0800] "GET /api/v1/survey/section/1792/?sectionId=1792 HTTP/1.1" 200 10 "https://www.luffycity.com/" "Mozilla/5.0 (Windows NT 10.0; Win64; x64) AppleWebKit/537.36 (KHTML, like Gecko) Chrome/89.0.4389.90 Safari/537.36" 
222.85.110.7 - - [21/Mar/2021:13:19:58 +0800] "GET /api/v1/comment/?section_id=1792&limit=10&offset=0 HTTP/1.1" 200 1429 "https://www.luffycity.com/" "Mozilla/5.0 (Windows NT 10.0; Win64; x64) AppleWebKit/537.36 (KHTML, like Gecko) Chrome/89.0.4389.90 Safari/537.36" 
112.96.166.43 - - [21/Mar/2021:13:20:02 +0800] "GET /api/v1/play/30999/?play_id=30999 HTTP/1.1" 200 64 "https://m.luffycity.com/play/30999" "Mozilla/5.0 (Linux; Android 10; Redmi K30 Pro) AppleWebKit/537.36 (KHTML, like Gecko) Chrome/89.0.4389.90 Mobile Safari/537.36" 
39.181.134.234 - - [21/Mar/2021:13:20:37 +0800] "OPTIONS /api/v1/play/sections/?section_id=30967 HTTP/1.1" 200 0 "https://www.luffycity.com/" "Mozilla/5.0 (Windows NT 10.0; Win64; x64) AppleWebKit/537.36 (KHTML, like Gecko) Chrome/89.0.4389.90 Safari/537.36" 
39.181.134.234 - - [21/Mar/2021:13:20:37 +0800] "OPTIONS /api/v1/comment/?section_id=30967&limit=10&offset=0 HTTP/1.1" 200 0 "https://www.luffycity.com/" "Mozilla/5.0 (Windows NT 10.0; Win64; x64) AppleWebKit/537.36 (KHTML, like Gecko) Chrome/89.0.4389.90 Safari/537.36" 
39.181.134.234 - - [21/Mar/2021:13:20:37 +0800] "GET /api/v1/survey/section/30967/?sectionId=30967 HTTP/1.1" 200 10 "https://www.luffycity.com/" "Mozilla/5.0 (Windows NT 10.0; Win64; x64) AppleWebKit/537.36 (KHTML, like Gecko) Chrome/89.0.4389.90 Safari/537.36" 
39.181.134.234 - - [21/Mar/2021:13:20:37 +0800] "GET /api/v1/play/sections/?section_id=30967 HTTP/1.1" 200 3016 "https://www.luffycity.com/" "Mozilla/5.0 (Windows NT 10.0; Win64; x64) AppleWebKit/537.36 (KHTML, like Gecko) Chrome/89.0.4389.90 Safari/537.36" 
115.46.89.249 - - [21/Mar/2021:13:20:40 +0800] "OPTIONS /api/v1/play/sections/?section_id=3077 HTTP/1.1" 200 0 "https://www.luffycity.com/" "Mozilla/5.0 (Windows NT 10.0; Win64; x64) AppleWebKit/537.36 (KHTML, like Gecko) Chrome/89.0.4389.90 Safari/537.36" 
115.46.89.249 - - [21/Mar/2021:13:20:40 +0800] "OPTIONS /api/v1/survey/section/3077/?sectionId=3077 HTTP/1.1" 200 0 "https://www.luffycity.com/" "Mozilla/5.0 (Windows NT 10.0; Win64; x64) AppleWebKit/537.36 (KHTML, like Gecko) Chrome/89.0.4389.90 Safari/537.36" 
115.46.89.249 - - [21/Mar/2021:13:20:40 +0800] "GET /api/v1/comment/?section_id=3077&limit=10&offset=0 HTTP/1.1" 200 1268 "https://www.luffycity.com/" "Mozilla/5.0 (Windows NT 10.0; Win64; x64) AppleWebKit/537.36 (KHTML, like Gecko) Chrome/89.0.4389.90 Safari/537.36" 
115.46.89.249 - - [21/Mar/2021:13:20:40 +0800] "GET /api/v1/play/3077/?play_id=3077 HTTP/1.1" 200 471 "https://www.luffycity.com/" "Mozilla/5.0 (Windows NT 10.0; Win64; x64) AppleWebKit/537.36 (KHTML, like Gecko) Chrome/89.0.4389.90 Safari/537.36" 
139.162.116.133 - - [21/Mar/2021:13:20:48 +0800] "GET / HTTP/1.1" 404 77 "-" "HTTP Banner Detection (https://security.ipip.net)" 
115.46.89.249 - - [21/Mar/2021:13:21:13 +0800] "OPTIONS /api/v1/play/sections/?section_id=3078 HTTP/1.1" 200 0 "https://www.luffycity.com/" "Mozilla/5.0 (Windows NT 10.0; Win64; x64) AppleWebKit/537.36 (KHTML, like Gecko) Chrome/89.0.4389.90 Safari/537.36" 
115.46.89.249 - - [21/Mar/2021:13:21:13 +0800] "OPTIONS /api/v1/play/3078/?play_id=3078 HTTP/1.1" 200 0 "https://www.luffycity.com/" "Mozilla/5.0 (Windows NT 10.0; Win64; x64) AppleWebKit/537.36 (KHTML, like Gecko) Chrome/89.0.4389.90 Safari/537.36" 
115.46.89.249 - - [21/Mar/2021:13:21:13 +0800] "GET /api/v1/play/sections/?section_id=3078 HTTP/1.1" 200 5401 "https://www.luffycity.com/" "Mozilla/5.0 (Windows NT 10.0; Win64; x64) AppleWebKit/537.36 (KHTML, like Gecko) Chrome/89.0.4389.90 Safari/537.36" 
115.46.89.249 - - [21/Mar/2021:13:21:13 +0800] "GET /api/v1/play/3078/?play_id=3078 HTTP/1.1" 200 450 "https://www.luffycity.com/" "Mozilla/5.0 (Windows NT 10.0; Win64; x64) AppleWebKit/537.36 (KHTML, like Gecko) Chrome/89.0.4389.90 Safari/537.36" 
222.91.148.149 - - [21/Mar/2021:13:21:15 +0800] "POST /api/v1/survey/section/30798/?sectionId=30798 HTTP/1.1" 200 10 "https://www.luffycity.com/" "Mozilla/5.0 (Windows NT 10.0; Win64; x64) AppleWebKit/537.36 (KHTML, like Gecko) Chrome/89.0.4389.90 Safari/537.36 Edg/89.0.774.57" 
171.9.199.89 - - [21/Mar/2021:13:21:48 +0800] "OPTIONS /api/v1/play/sections/?section_id=28408 HTTP/1.1" 200 0 "https://www.luffycity.com/" "Mozilla/5.0 (Windows NT 10.0; Win64; x64) AppleWebKit/537.36 (KHTML, like Gecko) Chrome/89.0.4389.90 Safari/537.36" 
171.9.199.89 - - [21/Mar/2021:13:21:48 +0800] "OPTIONS /api/v1/play/28408/?play_id=28408 HTTP/1.1" 200 0 "https://www.luffycity.com/" "Mozilla/5.0 (Windows NT 10.0; Win64; x64) AppleWebKit/537.36 (KHTML, like Gecko) Chrome/89.0.4389.90 Safari/537.36" 
171.9.199.89 - - [21/Mar/2021:13:21:48 +0800] "GET /api/v1/play/sections/?section_id=28408 HTTP/1.1" 200 1527 "https://www.luffycity.com/" "Mozilla/5.0 (Windows NT 10.0; Win64; x64) AppleWebKit/537.36 (KHTML, like Gecko) Chrome/89.0.4389.90 Safari/537.36" 
171.9.199.89 - - [21/Mar/2021:13:21:48 +0800] "GET /api/v1/play/28408/?play_id=28408 HTTP/1.1" 200 440 "https://www.luffycity.com/" "Mozilla/5.0 (Windows NT 10.0; Win64; x64) AppleWebKit/537.36 (KHTML, like Gecko) Chrome/89.0.4389.90 Safari/537.36" 
222.91.148.149 - - [21/Mar/2021:13:21:53 +0800] "OPTIONS /api/v1/comment/?section_id=30801&limit=10&offset=0 HTTP/1.1" 200 0 "https://www.luffycity.com/" "Mozilla/5.0 (Windows NT 10.0; Win64; x64) AppleWebKit/537.36 (KHTML, like Gecko) Chrome/89.0.4389.90 Safari/537.36 Edg/89.0.774.57" 
222.91.148.149 - - [21/Mar/2021:13:21:53 +0800] "OPTIONS /api/v1/survey/section/30801/?sectionId=30801 HTTP/1.1" 200 0 "https://www.luffycity.com/" "Mozilla/5.0 (Windows NT 10.0; Win64; x64) AppleWebKit/537.36 (KHTML, like Gecko) Chrome/89.0.4389.90 Safari/537.36 Edg/89.0.774.57" 
222.91.148.149 - - [21/Mar/2021:13:21:53 +0800] "GET /api/v1/survey/section/30801/?sectionId=30801 HTTP/1.1" 200 10 "https://www.luffycity.com/" "Mozilla/5.0 (Windows NT 10.0; Win64; x64) AppleWebKit/537.36 (KHTML, like Gecko) Chrome/89.0.4389.90 Safari/537.36 Edg/89.0.774.57" 
222.91.148.149 - - [21/Mar/2021:13:21:53 +0800] "GET /api/v1/play/sections/?section_id=30801 HTTP/1.1" 200 3299 "https://www.luffycity.com/" "Mozilla/5.0 (Windows NT 10.0; Win64; x64) AppleWebKit/537.36 (KHTML, like Gecko) Chrome/89.0.4389.90 Safari/537.36 Edg/89.0.774.57" 
123.233.42.1, 39.97.49.232 - - [21/Mar/2021:13:22:00 +0800] "GET /api/v1/auth/token/ HTTP/1.1" 200 29 "https://www.so.com/link?m=bmbrylZfG8o8WkJySHImN5ZC409mfJoIza%2FhUiTGTkKGwscN3bW33oOo2Vtxe2xbi6W7K%2FP4JlY2DBfUcdn39t4dHw%2FOhWuyqFA4ufms8XGXeIsKuwTq0QmLNIjQNiF%2BWqcaCUVJ%2BeRapLiVDfCTBew%3D%3D" "Mozilla/5.0 (Windows NT 10.0; Win64; x64; rv:86.0) Gecko/20100101 Firefox/86.0" 
123.233.42.1, 39.97.49.232 - - [21/Mar/2021:13:22:00 +0800] "GET /api/v1/course/degree/ HTTP/1.1" 200 948 "https://www.so.com/link?m=bmbrylZfG8o8WkJySHImN5ZC409mfJoIza%2FhUiTGTkKGwscN3bW33oOo2Vtxe2xbi6W7K%2FP4JlY2DBfUcdn39t4dHw%2FOhWuyqFA4ufms8XGXeIsKuwTq0QmLNIjQNiF%2BWqcaCUVJ%2BeRapLiVDfCTBew%3D%3D" "Mozilla/5.0 (Windows NT 10.0; Win64; x64; rv:86.0) Gecko/20100101 Firefox/86.0" 
123.233.42.1 - - [21/Mar/2021:13:22:06 +0800] "GET /api/v1/result/enroll/?resultType=enroll&limit=2 HTTP/1.1" 200 1976 "https://www.luffycity.com/" "Mozilla/5.0 (Windows NT 10.0; Win64; x64; rv:86.0) Gecko/20100101 Firefox/86.0" 
123.233.42.1 - - [21/Mar/2021:13:22:08 +0800] "GET /api/v1/auth/wechat/ HTTP/1.1" 200 232 "https://www.luffycity.com/" "Mozilla/5.0 (Windows NT 10.0; Win64; x64; rv:86.0) Gecko/20100101 Firefox/86.0" 
123.233.42.1 - - [21/Mar/2021:13:22:20 +0800] "POST /api/v1/auth/password/login/?loginWay=password HTTP/1.1" 200 274 "https://www.luffycity.com/" "Mozilla/5.0 (Windows NT 10.0; Win64; x64; rv:86.0) Gecko/20100101 Firefox/86.0" 
123.233.42.1 - - [21/Mar/2021:13:22:20 +0800] "GET /api/v1/auth/token/ HTTP/1.1" 200 385 "https://www.luffycity.com/" "Mozilla/5.0 (Windows NT 10.0; Win64; x64; rv:86.0) Gecko/20100101 Firefox/86.0" 
123.233.42.1 - - [21/Mar/2021:13:22:34 +0800] "OPTIONS /api/v1/study/data/ HTTP/1.1" 200 0 "https://www.luffycity.com/study/degree" "Mozilla/5.0 (Windows NT 10.0; Win64; x64; rv:86.0) Gecko/20100101 Firefox/86.0" 
123.233.42.1 - - [21/Mar/2021:13:22:34 +0800] "GET /api/v1/study/degrees/0/mentor/?degree_id=0 HTTP/1.1" 200 137 "https://www.luffycity.com/study/degree" "Mozilla/5.0 (Windows NT 10.0; Win64; x64; rv:86.0) Gecko/20100101 Firefox/86.0" 
123.233.42.1 - - [21/Mar/2021:13:22:34 +0800] "GET /api/v1/study/degrees/ HTTP/1.1" 200 20 "https://www.luffycity.com/study/degree" "Mozilla/5.0 (Windows NT 10.0; Win64; x64; rv:86.0) Gecko/20100101 Firefox/86.0" 
123.233.42.1 - - [21/Mar/2021:13:22:40 +0800] "GET /api/v1/study/courses/ HTTP/1.1" 200 2319 "https://www.luffycity.com/study/special" "Mozilla/5.0 (Windows NT 10.0; Win64; x64; rv:86.0) Gecko/20100101 Firefox/86.0" 
123.233.42.1 - - [21/Mar/2021:13:22:40 +0800] "GET /api/v1/study/module/actual/43901/?courseType=actual&id=43901 HTTP/1.1" 200 1749 "https://www.luffycity.com/study/special" "Mozilla/5.0 (Windows NT 10.0; Win64; x64; rv:86.0) Gecko/20100101 Firefox/86.0" 
40.77.167.76 - - [21/Mar/2021:13:22:46 +0800] "GET /api/v1/course/free/126/sections/?courseType=free&id=126 HTTP/1.1" 200 1614 "-" "Mozilla/5.0 (compatible; bingbot/2.0; +http://www.bing.com/bingbot.htm)" 
117.152.154.207, 39.97.49.232 - - [21/Mar/2021:13:22:57 +0800] "GET /api/v1/result/ HTTP/1.1" 200 231 "-" "Mozilla/5.0 (Windows NT 6.3; Win64; x64) AppleWebKit/537.36 (KHTML, like Gecko) Chrome/89.0.4389.90 Safari/537.36" 
117.152.154.207, 39.97.49.232 - - [21/Mar/2021:13:22:57 +0800] "GET /api/v1/course/degree/ HTTP/1.1" 200 948 "-" "Mozilla/5.0 (Windows NT 6.3; Win64; x64) AppleWebKit/537.36 (KHTML, like Gecko) Chrome/89.0.4389.90 Safari/537.36" 
117.152.154.207, 39.97.49.232 - - [21/Mar/2021:13:22:57 +0800] "GET /api/v1/course/home-free/?limit=3 HTTP/1.1" 200 865 "-" "Mozilla/5.0 (Windows NT 6.3; Win64; x64) AppleWebKit/537.36 (KHTML, like Gecko) Chrome/89.0.4389.90 Safari/537.36" 
123.233.42.1 - - [21/Mar/2021:13:23:00 +0800] "GET /api/v1/study/module/actual/34017/?courseType=actual&id=34017 HTTP/1.1" 200 2565 "https://www.luffycity.com/study/special" "Mozilla/5.0 (Windows NT 10.0; Win64; x64; rv:86.0) Gecko/20100101 Firefox/86.0" 
117.152.154.207 - - [21/Mar/2021:13:23:04 +0800] "GET /api/v1/result/enroll/?resultType=enroll&limit=2 HTTP/1.1" 200 1976 "https://www.luffycity.com/" "Mozilla/5.0 (Windows NT 6.3; Win64; x64) AppleWebKit/537.36 (KHTML, like Gecko) Chrome/89.0.4389.90 Safari/537.36" 
49.234.195.166 - - [21/Mar/2021:13:23:07 +0800] "POST /api/v1/pay/xiaoe/ HTTP/1.1" 200 7 "-" "-" 
222.70.82.14 - - [21/Mar/2021:13:23:10 +0800] "POST /api/v1/survey/section/14442/?sectionId=14442 HTTP/1.1" 200 10 "https://www.luffycity.com/" "Mozilla/5.0 (Windows NT 10.0; Win64; x64) AppleWebKit/537.36 (KHTML, like Gecko) Chrome/89.0.4389.90 Safari/537.36 Edg/89.0.774.57" 
222.70.82.14 - - [21/Mar/2021:13:23:20 +0800] "OPTIONS /api/v1/comment/?section_id=14440&limit=10&offset=0 HTTP/1.1" 200 0 "https://www.luffycity.com/" "Mozilla/5.0 (Windows NT 10.0; Win64; x64) AppleWebKit/537.36 (KHTML, like Gecko) Chrome/89.0.4389.90 Safari/537.36 Edg/89.0.774.57" 
222.70.82.14 - - [21/Mar/2021:13:23:20 +0800] "OPTIONS /api/v1/survey/section/14440/?sectionId=14440 HTTP/1.1" 200 0 "https://www.luffycity.com/" "Mozilla/5.0 (Windows NT 10.0; Win64; x64) AppleWebKit/537.36 (KHTML, like Gecko) Chrome/89.0.4389.90 Safari/537.36 Edg/89.0.774.57" 
222.70.82.14 - - [21/Mar/2021:13:23:20 +0800] "GET /api/v1/survey/section/14440/?sectionId=14440 HTTP/1.1" 200 10 "https://www.luffycity.com/" "Mozilla/5.0 (Windows NT 10.0; Win64; x64) AppleWebKit/537.36 (KHTML, like Gecko) Chrome/89.0.4389.90 Safari/537.36 Edg/89.0.774.57" 
222.70.82.14 - - [21/Mar/2021:13:23:21 +0800] "GET /api/v1/play/14440/?play_id=14440 HTTP/1.1" 200 401 "https://www.luffycity.com/" "Mozilla/5.0 (Windows NT 10.0; Win64; x64) AppleWebKit/537.36 (KHTML, like Gecko) Chrome/89.0.4389.90 Safari/537.36 Edg/89.0.774.57" 
220.115.61.168 - - [21/Mar/2021:13:23:27 +0800] "OPTIONS /api/v1/comment/?section_id=18010&limit=10&offset=0 HTTP/1.1" 200 0 "https://www.luffycity.com/" "Mozilla/5.0 (Windows NT 10.0; Win64; x64) AppleWebKit/537.36 (KHTML, like Gecko) Chrome/89.0.4389.90 Safari/537.36 Edg/89.0.774.57" 
220.115.61.168 - - [21/Mar/2021:13:23:27 +0800] "OPTIONS /api/v1/play/sections/?section_id=18010 HTTP/1.1" 200 0 "https://www.luffycity.com/" "Mozilla/5.0 (Windows NT 10.0; Win64; x64) AppleWebKit/537.36 (KHTML, like Gecko) Chrome/89.0.4389.90 Safari/537.36 Edg/89.0.774.57" 
220.115.61.168 - - [21/Mar/2021:13:23:27 +0800] "GET /api/v1/play/sections/?section_id=18010 HTTP/1.1" 200 8453 "https://www.luffycity.com/" "Mozilla/5.0 (Windows NT 10.0; Win64; x64) AppleWebKit/537.36 (KHTML, like Gecko) Chrome/89.0.4389.90 Safari/537.36 Edg/89.0.774.57" 
220.115.61.168 - - [21/Mar/2021:13:23:27 +0800] "GET /api/v1/play/18010/?play_id=18010 HTTP/1.1" 200 399 "https://www.luffycity.com/" "Mozilla/5.0 (Windows NT 10.0; Win64; x64) AppleWebKit/537.36 (KHTML, like Gecko) Chrome/89.0.4389.90 Safari/537.36 Edg/89.0.774.57" 
175.171.27.182 - - [21/Mar/2021:13:23:28 +0800] "OPTIONS /api/v1/study/data/ HTTP/1.1" 200 0 "https://www.luffycity.com/" "Mozilla/5.0 (Windows NT 10.0; Win64; x64) AppleWebKit/537.36 (KHTML, like Gecko) Chrome/85.0.4183.102 Safari/537.36" 
175.171.27.182 - - [21/Mar/2021:13:23:28 +0800] "OPTIONS /api/v1/auth/wechat/ HTTP/1.1" 200 0 "https://www.luffycity.com/" "Mozilla/5.0 (Windows NT 10.0; Win64; x64) AppleWebKit/537.36 (KHTML, like Gecko) Chrome/85.0.4183.102 Safari/537.36" 
175.171.27.182 - - [21/Mar/2021:13:23:28 +0800] "GET /api/v1/study/data/ HTTP/1.1" 200 64 "https://www.luffycity.com/" "Mozilla/5.0 (Windows NT 10.0; Win64; x64) AppleWebKit/537.36 (KHTML, like Gecko) Chrome/85.0.4183.102 Safari/537.36" 
175.171.27.182 - - [21/Mar/2021:13:23:28 +0800] "GET /api/v1/auth/wechat/ HTTP/1.1" 200 232 "https://www.luffycity.com/" "Mozilla/5.0 (Windows NT 10.0; Win64; x64) AppleWebKit/537.36 (KHTML, like Gecko) Chrome/85.0.4183.102 Safari/537.36" 
117.30.119.49 - - [21/Mar/2021:13:23:31 +0800] "OPTIONS /api/v1/play/sections/?section_id=31646 HTTP/1.1" 200 0 "https://www.luffycity.com/" "Mozilla/5.0 (Windows NT 10.0; Win64; x64) AppleWebKit/537.36 (KHTML, like Gecko) Chrome/88.0.4324.150 Safari/537.36 Edg/88.0.705.68" 
117.30.119.49 - - [21/Mar/2021:13:23:31 +0800] "OPTIONS /api/v1/comment/?section_id=31646&limit=10&offset=0 HTTP/1.1" 200 0 "https://www.luffycity.com/" "Mozilla/5.0 (Windows NT 10.0; Win64; x64) AppleWebKit/537.36 (KHTML, like Gecko) Chrome/88.0.4324.150 Safari/537.36 Edg/88.0.705.68" 
117.30.119.49 - - [21/Mar/2021:13:23:31 +0800] "GET /api/v1/survey/section/31646/?sectionId=31646 HTTP/1.1" 200 10 "https://www.luffycity.com/" "Mozilla/5.0 (Windows NT 10.0; Win64; x64) AppleWebKit/537.36 (KHTML, like Gecko) Chrome/88.0.4324.150 Safari/537.36 Edg/88.0.705.68" 
117.30.119.49 - - [21/Mar/2021:13:23:31 +0800] "GET /api/v1/play/sections/?section_id=31646 HTTP/1.1" 200 2186 "https://www.luffycity.com/" "Mozilla/5.0 (Windows NT 10.0; Win64; x64) AppleWebKit/537.36 (KHTML, like Gecko) Chrome/88.0.4324.150 Safari/537.36 Edg/88.0.705.68" 
219.137.53.84 - - [21/Mar/2021:13:23:32 +0800] "GET /api/v1/study/module/degree/102116/?courseType=degree&id=102116 HTTP/1.1" 200 3370 "https://www.luffycity.com/" "Mozilla/5.0 (Windows NT 10.0; Win64; x64) AppleWebKit/537.36 (KHTML, like Gecko) Chrome/88.0.4324.146 Safari/537.36" 
223.73.115.143 - - [21/Mar/2021:13:23:33 +0800] "OPTIONS /api/v1/survey/section/21772/?sectionId=21772 HTTP/1.1" 200 0 "https://www.luffycity.com/" "Mozilla/5.0 (Windows NT 10.0; Win64; x64) AppleWebKit/537.36 (KHTML, like Gecko) Chrome/88.0.4324.182 Safari/537.36 Edg/88.0.705.81" 
223.73.115.143 - - [21/Mar/2021:13:23:33 +0800] "OPTIONS /api/v1/play/21772/?play_id=21772 HTTP/1.1" 200 0 "https://www.luffycity.com/" "Mozilla/5.0 (Windows NT 10.0; Win64; x64) AppleWebKit/537.36 (KHTML, like Gecko) Chrome/88.0.4324.182 Safari/537.36 Edg/88.0.705.81" 
223.73.115.143 - - [21/Mar/2021:13:23:33 +0800] "GET /api/v1/play/sections/?section_id=21772 HTTP/1.1" 200 18011 "https://www.luffycity.com/" "Mozilla/5.0 (Windows NT 10.0; Win64; x64) AppleWebKit/537.36 (KHTML, like Gecko) Chrome/88.0.4324.182 Safari/537.36 Edg/88.0.705.81" 
223.73.115.143 - - [21/Mar/2021:13:23:33 +0800] "GET /api/v1/play/21772/?play_id=21772 HTTP/1.1" 200 465 "https://www.luffycity.com/" "Mozilla/5.0 (Windows NT 10.0; Win64; x64) AppleWebKit/537.36 (KHTML, like Gecko) Chrome/88.0.4324.182 Safari/537.36 Edg/88.0.705.81" 
175.171.27.182 - - [21/Mar/2021:13:23:37 +0800] "POST /api/v1/auth/password/login/?loginWay=password HTTP/1.1" 200 274 "https://www.luffycity.com/" "Mozilla/5.0 (Windows NT 10.0; Win64; x64) AppleWebKit/537.36 (KHTML, like Gecko) Chrome/85.0.4183.102 Safari/537.36" 
175.171.27.182 - - [21/Mar/2021:13:23:37 +0800] "GET /api/v1/auth/token/ HTTP/1.1" 200 367 "https://www.luffycity.com/" "Mozilla/5.0 (Windows NT 10.0; Win64; x64) AppleWebKit/537.36 (KHTML, like Gecko) Chrome/85.0.4183.102 Safari/537.36" 
219.137.53.84 - - [21/Mar/2021:13:23:38 +0800] "OPTIONS /api/v1/study/data/ HTTP/1.1" 200 0 "https://www.luffycity.com/" "Mozilla/5.0 (Windows NT 10.0; Win64; x64) AppleWebKit/537.36 (KHTML, like Gecko) Chrome/88.0.4324.146 Safari/537.36" 
219.137.53.84 - - [21/Mar/2021:13:23:38 +0800] "GET /api/v1/study/degrees/0/mentor/?degree_id=0 HTTP/1.1" 200 137 "https://www.luffycity.com/" "Mozilla/5.0 (Windows NT 10.0; Win64; x64) AppleWebKit/537.36 (KHTML, like Gecko) Chrome/88.0.4324.146 Safari/537.36" 
219.137.53.84 - - [21/Mar/2021:13:23:38 +0800] "OPTIONS /api/v1/study/data/?degree_id=1 HTTP/1.1" 200 0 "https://www.luffycity.com/" "Mozilla/5.0 (Windows NT 10.0; Win64; x64) AppleWebKit/537.36 (KHTML, like Gecko) Chrome/88.0.4324.146 Safari/537.36" 
219.137.53.84 - - [21/Mar/2021:13:23:38 +0800] "GET /api/v1/study/degrees/1/mentor/?degree_id=1 HTTP/1.1" 200 188 "https://www.luffycity.com/" "Mozilla/5.0 (Windows NT 10.0; Win64; x64) AppleWebKit/537.36 (KHTML, like Gecko) Chrome/88.0.4324.146 Safari/537.36" 
219.137.53.84 - - [21/Mar/2021:13:23:38 +0800] "GET /api/v1/study/data/?degree_id=1 HTTP/1.1" 200 110 "https://www.luffycity.com/" "Mozilla/5.0 (Windows NT 10.0; Win64; x64) AppleWebKit/537.36 (KHTML, like Gecko) Chrome/88.0.4324.146 Safari/537.36" 
219.137.53.84 - - [21/Mar/2021:13:23:38 +0800] "GET /api/v1/study/data/ HTTP/1.1" 200 107 "https://www.luffycity.com/" "Mozilla/5.0 (Windows NT 10.0; Win64; x64) AppleWebKit/537.36 (KHTML, like Gecko) Chrome/88.0.4324.146 Safari/537.36" 
175.171.27.182 - - [21/Mar/2021:13:23:43 +0800] "OPTIONS /api/v1/study/degrees/17/?degree_id=17 HTTP/1.1" 200 0 "https://www.luffycity.com/" "Mozilla/5.0 (Windows NT 10.0; Win64; x64) AppleWebKit/537.36 (KHTML, like Gecko) Chrome/85.0.4183.102 Safari/537.36" 
175.171.27.182 - - [21/Mar/2021:13:23:43 +0800] "OPTIONS /api/v1/study/degrees/17/mentor/?degree_id=17 HTTP/1.1" 200 0 "https://www.luffycity.com/" "Mozilla/5.0 (Windows NT 10.0; Win64; x64) AppleWebKit/537.36 (KHTML, like Gecko) Chrome/85.0.4183.102 Safari/537.36" 
175.171.27.182 - - [21/Mar/2021:13:23:43 +0800] "GET /api/v1/study/data/ HTTP/1.1" 200 102 "https://www.luffycity.com/" "Mozilla/5.0 (Windows NT 10.0; Win64; x64) AppleWebKit/537.36 (KHTML, like Gecko) Chrome/85.0.4183.102 Safari/537.36" 
175.171.27.182 - - [21/Mar/2021:13:23:43 +0800] "GET /api/v1/study/data/?degree_id=17 HTTP/1.1" 200 105 "https://www.luffycity.com/" "Mozilla/5.0 (Windows NT 10.0; Win64; x64) AppleWebKit/537.36 (KHTML, like Gecko) Chrome/85.0.4183.102 Safari/537.36" 
123.233.42.1 - - [21/Mar/2021:13:23:45 +0800] "OPTIONS /api/v1/study/module/actual/34019/?courseType=actual&id=34019 HTTP/1.1" 200 0 "https://www.luffycity.com/study/special" "Mozilla/5.0 (Windows NT 10.0; Win64; x64; rv:86.0) Gecko/20100101 Firefox/86.0" 
