222.247.115.217 - - [21/Mar/2021:12:41:32 +0800] "OPTIONS /api/v1/study/degrees/ HTTP/1.1" 200 0 "https://www.luffycity.com/study/degree" "Mozilla/5.0 (Windows NT 10.0; WOW64) AppleWebKit/537.36 (KHTML, like Gecko) Chrome/86.0.4240.198 Safari/537.36" 
222.247.115.217 - - [21/Mar/2021:12:41:32 +0800] "GET /api/v1/study/degrees/0/mentor/?degree_id=0 HTTP/1.1" 200 137 "https://www.luffycity.com/study/degree" "Mozilla/5.0 (Windows NT 10.0; WOW64) AppleWebKit/537.36 (KHTML, like Gecko) Chrome/86.0.4240.198 Safari/537.36" 
222.247.115.217 - - [21/Mar/2021:12:41:32 +0800] "OPTIONS /api/v1/study/degrees/1/?degree_id=1 HTTP/1.1" 200 0 "https://www.luffycity.com/study/degree" "Mozilla/5.0 (Windows NT 10.0; WOW64) AppleWebKit/537.36 (KHTML, like Gecko) Chrome/86.0.4240.198 Safari/537.36" 
222.247.115.217 - - [21/Mar/2021:12:41:32 +0800] "OPTIONS /api/v1/study/degrees/1/mentor/?degree_id=1 HTTP/1.1" 200 0 "https://www.luffycity.com/study/degree" "Mozilla/5.0 (Windows NT 10.0; WOW64) AppleWebKit/537.36 (KHTML, like Gecko) Chrome/86.0.4240.198 Safari/537.36" 
222.247.115.217 - - [21/Mar/2021:12:41:33 +0800] "GET /api/v1/study/degrees/1/?degree_id=1 HTTP/1.1" 200 1951 "https://www.luffycity.com/study/degree" "Mozilla/5.0 (Windows NT 10.0; WOW64) AppleWebKit/537.36 (KHTML, like Gecko) Chrome/86.0.4240.198 Safari/537.36" 
222.247.115.217 - - [21/Mar/2021:12:41:35 +0800] "OPTIONS /api/v1/play/sections/?section_id=31628 HTTP/1.1" 200 0 "https://www.luffycity.com/play/31628" "Mozilla/5.0 (Windows NT 10.0; WOW64) AppleWebKit/537.36 (KHTML, like Gecko) Chrome/86.0.4240.198 Safari/537.36" 
222.247.115.217 - - [21/Mar/2021:12:41:35 +0800] "OPTIONS /api/v1/play/31628/?play_id=31628 HTTP/1.1" 200 0 "https://www.luffycity.com/play/31628" "Mozilla/5.0 (Windows NT 10.0; WOW64) AppleWebKit/537.36 (KHTML, like Gecko) Chrome/86.0.4240.198 Safari/537.36" 
222.247.115.217 - - [21/Mar/2021:12:41:35 +0800] "GET /api/v1/survey/section/31628/?sectionId=31628 HTTP/1.1" 200 10 "https://www.luffycity.com/play/31628" "Mozilla/5.0 (Windows NT 10.0; WOW64) AppleWebKit/537.36 (KHTML, like Gecko) Chrome/86.0.4240.198 Safari/537.36" 
222.247.115.217 - - [21/Mar/2021:12:41:35 +0800] "GET /api/v1/comment/?section_id=31628&limit=10&offset=0 HTTP/1.1" 200 823 "https://www.luffycity.com/play/31628" "Mozilla/5.0 (Windows NT 10.0; WOW64) AppleWebKit/537.36 (KHTML, like Gecko) Chrome/86.0.4240.198 Safari/537.36" 
42.249.31.112 - - [21/Mar/2021:12:42:05 +0800] "OPTIONS /api/v1/survey/section/3005/?sectionId=3005 HTTP/1.1" 200 0 "https://www.luffycity.com/" "Mozilla/5.0 (Windows NT 10.0; Win64; x64) AppleWebKit/537.36 (KHTML, like Gecko) Chrome/89.0.4389.90 Safari/537.36 Edg/89.0.774.57" 
42.249.31.112 - - [21/Mar/2021:12:42:05 +0800] "OPTIONS /api/v1/play/3005/?play_id=3005 HTTP/1.1" 200 0 "https://www.luffycity.com/" "Mozilla/5.0 (Windows NT 10.0; Win64; x64) AppleWebKit/537.36 (KHTML, like Gecko) Chrome/89.0.4389.90 Safari/537.36 Edg/89.0.774.57" 
42.249.31.112 - - [21/Mar/2021:12:42:05 +0800] "GET /api/v1/play/sections/?section_id=3005 HTTP/1.1" 200 5460 "https://www.luffycity.com/" "Mozilla/5.0 (Windows NT 10.0; Win64; x64) AppleWebKit/537.36 (KHTML, like Gecko) Chrome/89.0.4389.90 Safari/537.36 Edg/89.0.774.57" 
42.249.31.112 - - [21/Mar/2021:12:42:05 +0800] "GET /api/v1/comment/?section_id=3005&limit=10&offset=0 HTTP/1.1" 200 1268 "https://www.luffycity.com/" "Mozilla/5.0 (Windows NT 10.0; Win64; x64) AppleWebKit/537.36 (KHTML, like Gecko) Chrome/89.0.4389.90 Safari/537.36 Edg/89.0.774.57" 
116.116.233.46 - - [21/Mar/2021:12:42:25 +0800] "OPTIONS /api/v1/survey/section/30842/?sectionId=30842 HTTP/1.1" 200 0 "https://www.luffycity.com/play/30842" "Mozilla/5.0 (iPad; CPU OS 12_4 like Mac OS X) AppleWebKit/605.1.15 (KHTML, like Gecko) CriOS/87.0.4280.77 Mobile/15E148 Safari/604.1" 
115.231.49.38, 39.97.49.232 - - [21/Mar/2021:12:42:26 +0800] "GET /api/v1/auth/token/ HTTP/1.1" 200 29 "https://v3.bootcss.com/" "Mozilla/5.0 (Windows NT 10.0; WOW64) AppleWebKit/537.36 (KHTML, like Gecko) Chrome/89.0.4389.90 Safari/537.36" 
115.231.49.38 - - [21/Mar/2021:12:42:27 +0800] "GET /api/v1/activity/survey/?course_id=256 HTTP/1.1" 200 11 "https://www.luffycity.com/" "Mozilla/5.0 (Windows NT 10.0; WOW64) AppleWebKit/537.36 (KHTML, like Gecko) Chrome/89.0.4389.90 Safari/537.36" 
116.116.233.46 - - [21/Mar/2021:12:42:33 +0800] "OPTIONS /api/v1/play/sections/?section_id=30843 HTTP/1.1" 200 0 "https://www.luffycity.com/play/30843" "Mozilla/5.0 (iPad; CPU OS 12_4 like Mac OS X) AppleWebKit/605.1.15 (KHTML, like Gecko) CriOS/87.0.4280.77 Mobile/15E148 Safari/604.1" 
116.116.233.46 - - [21/Mar/2021:12:42:33 +0800] "OPTIONS /api/v1/play/30843/?play_id=30843 HTTP/1.1" 200 0 "https://www.luffycity.com/play/30843" "Mozilla/5.0 (iPad; CPU OS 12_4 like Mac OS X) AppleWebKit/605.1.15 (KHTML, like Gecko) CriOS/87.0.4280.77 Mobile/15E148 Safari/604.1" 
116.116.233.46 - - [21/Mar/2021:12:42:33 +0800] "GET /api/v1/survey/section/30843/?sectionId=30843 HTTP/1.1" 200 10 "https://www.luffycity.com/play/30843" "Mozilla/5.0 (iPad; CPU OS 12_4 like Mac OS X) AppleWebKit/605.1.15 (KHTML, like Gecko) CriOS/87.0.4280.77 Mobile/15E148 Safari/604.1" 
116.116.233.46 - - [21/Mar/2021:12:42:33 +0800] "GET /api/v1/play/sections/?section_id=30843 HTTP/1.1" 200 3322 "https://www.luffycity.com/play/30843" "Mozilla/5.0 (iPad; CPU OS 12_4 like Mac OS X) AppleWebKit/605.1.15 (KHTML, like Gecko) CriOS/87.0.4280.77 Mobile/15E148 Safari/604.1" 
119.164.81.233 - - [21/Mar/2021:12:42:57 +0800] "GET /api/v1/activity/survey/?course_id=256 HTTP/1.1" 200 11 "https://www.luffycity.com/" "Mozilla/5.0 (Windows NT 10.0; Win64; x64) AppleWebKit/537.36 (KHTML, like Gecko) Chrome/88.0.4324.150 Safari/537.36" 
171.9.199.89 - - [21/Mar/2021:12:43:04 +0800] "OPTIONS /api/v1/survey/section/28406/?sectionId=28406 HTTP/1.1" 200 0 "https://www.luffycity.com/" "Mozilla/5.0 (Windows NT 10.0; Win64; x64) AppleWebKit/537.36 (KHTML, like Gecko) Chrome/89.0.4389.90 Safari/537.36" 
171.9.199.89 - - [21/Mar/2021:12:43:04 +0800] "GET /api/v1/survey/section/28406/?sectionId=28406 HTTP/1.1" 200 32 "https://www.luffycity.com/" "Mozilla/5.0 (Windows NT 10.0; Win64; x64) AppleWebKit/537.36 (KHTML, like Gecko) Chrome/89.0.4389.90 Safari/537.36" 
171.9.199.89 - - [21/Mar/2021:12:43:04 +0800] "OPTIONS /api/v1/comment/?section_id=28406&limit=10&offset=0 HTTP/1.1" 200 0 "https://www.luffycity.com/" "Mozilla/5.0 (Windows NT 10.0; Win64; x64) AppleWebKit/537.36 (KHTML, like Gecko) Chrome/89.0.4389.90 Safari/537.36" 
171.9.199.89 - - [21/Mar/2021:12:43:05 +0800] "GET /api/v1/comment/?section_id=28406&limit=10&offset=0 HTTP/1.1" 200 69 "https://www.luffycity.com/" "Mozilla/5.0 (Windows NT 10.0; Win64; x64) AppleWebKit/537.36 (KHTML, like Gecko) Chrome/89.0.4389.90 Safari/537.36" 
183.219.24.112 - - [21/Mar/2021:12:43:19 +0800] "OPTIONS /api/v1/play/sections/?section_id=19697 HTTP/1.1" 200 0 "https://www.luffycity.com/" "Mozilla/5.0 (Windows NT 10.0; Win64; x64) AppleWebKit/537.36 (KHTML, like Gecko) Chrome/89.0.4389.90 Safari/537.36 Edg/89.0.774.57" 
183.219.24.112 - - [21/Mar/2021:12:43:19 +0800] "OPTIONS /api/v1/comment/?section_id=19697&limit=10&offset=0 HTTP/1.1" 200 0 "https://www.luffycity.com/" "Mozilla/5.0 (Windows NT 10.0; Win64; x64) AppleWebKit/537.36 (KHTML, like Gecko) Chrome/89.0.4389.90 Safari/537.36 Edg/89.0.774.57" 
183.219.24.112 - - [21/Mar/2021:12:43:19 +0800] "GET /api/v1/play/sections/?section_id=19697 HTTP/1.1" 200 6496 "https://www.luffycity.com/" "Mozilla/5.0 (Windows NT 10.0; Win64; x64) AppleWebKit/537.36 (KHTML, like Gecko) Chrome/89.0.4389.90 Safari/537.36 Edg/89.0.774.57" 
183.219.24.112 - - [21/Mar/2021:12:43:19 +0800] "GET /api/v1/play/19697/?play_id=19697 HTTP/1.1" 200 453 "https://www.luffycity.com/" "Mozilla/5.0 (Windows NT 10.0; Win64; x64) AppleWebKit/537.36 (KHTML, like Gecko) Chrome/89.0.4389.90 Safari/537.36 Edg/89.0.774.57" 
117.136.32.220 - - [21/Mar/2021:12:43:20 +0800] "POST /api/v1/survey/section/30857/?sectionId=30857 HTTP/1.1" 200 10 "https://www.luffycity.com/play/30857" "Mozilla/5.0 (Macintosh; Intel Mac OS X 10_15_6) AppleWebKit/605.1.15 (KHTML, like Gecko) Version/14.0.2 Safari/605.1.15" 
117.136.32.220 - - [21/Mar/2021:12:43:21 +0800] "OPTIONS /api/v1/comment/?section_id=30858&limit=10&offset=0 HTTP/1.1" 200 0 "https://www.luffycity.com/" "Mozilla/5.0 (Macintosh; Intel Mac OS X 10_15_6) AppleWebKit/605.1.15 (KHTML, like Gecko) Version/14.0.2 Safari/605.1.15" 
117.136.32.220 - - [21/Mar/2021:12:43:21 +0800] "OPTIONS /api/v1/survey/section/30858/?sectionId=30858 HTTP/1.1" 200 0 "https://www.luffycity.com/" "Mozilla/5.0 (Macintosh; Intel Mac OS X 10_15_6) AppleWebKit/605.1.15 (KHTML, like Gecko) Version/14.0.2 Safari/605.1.15" 
117.136.32.220 - - [21/Mar/2021:12:43:22 +0800] "GET /api/v1/play/30858/?play_id=30858 HTTP/1.1" 200 397 "https://www.luffycity.com/play/30858" "Mozilla/5.0 (Macintosh; Intel Mac OS X 10_15_6) AppleWebKit/605.1.15 (KHTML, like Gecko) Version/14.0.2 Safari/605.1.15" 
117.136.32.220 - - [21/Mar/2021:12:43:22 +0800] "GET /api/v1/play/sections/?section_id=30858 HTTP/1.1" 200 3353 "https://www.luffycity.com/play/30858" "Mozilla/5.0 (Macintosh; Intel Mac OS X 10_15_6) AppleWebKit/605.1.15 (KHTML, like Gecko) Version/14.0.2 Safari/605.1.15" 
40.77.167.17, 39.97.49.232 - - [21/Mar/2021:12:43:31 +0800] "GET /api/v1/auth/token/ HTTP/1.1" 200 29 "-" "Mozilla/5.0 (compatible; bingbot/2.0; +http://www.bing.com/bingbot.htm)" 
27.18.103.192 - - [21/Mar/2021:12:43:40 +0800] "OPTIONS /api/v1/play/30589/?play_id=30589 HTTP/1.1" 200 0 "-" "Mozilla/5.0 (Windows NT 10.0; WOW64) AppleWebKit/537.36 (KHTML, like Gecko) Chrome/63.0.3239.132 Safari/537.36" 
27.18.103.192 - - [21/Mar/2021:12:43:40 +0800] "OPTIONS /api/v1/survey/section/30589/?sectionId=30589 HTTP/1.1" 200 0 "-" "Mozilla/5.0 (Windows NT 10.0; WOW64) AppleWebKit/537.36 (KHTML, like Gecko) Chrome/63.0.3239.132 Safari/537.36" 
27.18.103.192 - - [21/Mar/2021:12:43:40 +0800] "GET /api/v1/survey/section/30589/?sectionId=30589 HTTP/1.1" 200 10 "https://www.luffycity.com/play/30589" "Mozilla/5.0 (Windows NT 10.0; WOW64) AppleWebKit/537.36 (KHTML, like Gecko) Chrome/63.0.3239.132 Safari/537.36" 
27.18.103.192 - - [21/Mar/2021:12:43:40 +0800] "GET /api/v1/comment/?section_id=30589&limit=10&offset=0 HTTP/1.1" 200 1558 "https://www.luffycity.com/play/30589" "Mozilla/5.0 (Windows NT 10.0; WOW64) AppleWebKit/537.36 (KHTML, like Gecko) Chrome/63.0.3239.132 Safari/537.36" 
153.37.186.27, 39.97.49.232 - - [21/Mar/2021:12:43:48 +0800] "GET /api/v1/result/ HTTP/1.1" 200 231 "-" "Mozilla/5.0 (Windows NT 6.1; WOW64) AppleWebKit/537.36 (KHTML, like Gecko) Chrome/72.0.3626.81 Safari/537.36 SE 2.X MetaSr 1.0" 
153.37.186.27, 39.97.49.232 - - [21/Mar/2021:12:43:48 +0800] "GET /api/v1/course/actual/?limit=3 HTTP/1.1" 200 2342 "-" "Mozilla/5.0 (Windows NT 6.1; WOW64) AppleWebKit/537.36 (KHTML, like Gecko) Chrome/72.0.3626.81 Safari/537.36 SE 2.X MetaSr 1.0" 
153.37.186.27, 39.97.49.232 - - [21/Mar/2021:12:43:48 +0800] "GET /api/v1/course/degree/ HTTP/1.1" 200 948 "-" "Mozilla/5.0 (Windows NT 6.1; WOW64) AppleWebKit/537.36 (KHTML, like Gecko) Chrome/72.0.3626.81 Safari/537.36 SE 2.X MetaSr 1.0" 
153.37.186.27, 39.97.49.232 - - [21/Mar/2021:12:43:48 +0800] "GET /api/v1/course/home-free/?limit=3 HTTP/1.1" 200 865 "-" "Mozilla/5.0 (Windows NT 6.1; WOW64) AppleWebKit/537.36 (KHTML, like Gecko) Chrome/72.0.3626.81 Safari/537.36 SE 2.X MetaSr 1.0" 
153.37.186.27 - - [21/Mar/2021:12:43:50 +0800] "GET /api/v1/result/enroll/?resultType=enroll&limit=2 HTTP/1.1" 200 1976 "https://www.luffycity.com/" "Mozilla/5.0 (Windows NT 6.1; WOW64) AppleWebKit/537.36 (KHTML, like Gecko) Chrome/72.0.3626.81 Safari/537.36 SE 2.X MetaSr 1.0" 
112.10.80.187 - - [21/Mar/2021:12:43:50 +0800] "OPTIONS /api/v1/comment/?section_id=30578&limit=10&offset=0 HTTP/1.1" 200 0 "https://www.luffycity.com/play/30578" "Mozilla/5.0 (Windows NT 10.0; Win64; x64; rv:82.0) Gecko/20100101 Firefox/82.0" 
112.10.80.187 - - [21/Mar/2021:12:43:50 +0800] "OPTIONS /api/v1/survey/section/30578/?sectionId=30578 HTTP/1.1" 200 0 "https://www.luffycity.com/play/30578" "Mozilla/5.0 (Windows NT 10.0; Win64; x64; rv:82.0) Gecko/20100101 Firefox/82.0" 
112.10.80.187 - - [21/Mar/2021:12:43:50 +0800] "GET /api/v1/survey/section/30578/?sectionId=30578 HTTP/1.1" 200 10 "https://www.luffycity.com/play/30578" "Mozilla/5.0 (Windows NT 10.0; Win64; x64; rv:82.0) Gecko/20100101 Firefox/82.0" 
112.10.80.187 - - [21/Mar/2021:12:43:50 +0800] "GET /api/v1/comment/?section_id=30578&limit=10&offset=0 HTTP/1.1" 200 1557 "https://www.luffycity.com/play/30578" "Mozilla/5.0 (Windows NT 10.0; Win64; x64; rv:82.0) Gecko/20100101 Firefox/82.0" 
61.190.56.206, 39.97.49.232 - - [21/Mar/2021:12:43:59 +0800] "GET /api/v1/auth/token/ HTTP/1.1" 200 399 "-" "Mozilla/5.0 (Macintosh; Intel Mac OS X 10_15_6) AppleWebKit/605.1.15 (KHTML, like Gecko) Version/14.0.2 Safari/605.1.15" 
61.190.56.206, 39.97.49.232 - - [21/Mar/2021:12:44:00 +0800] "GET /api/v1/course/actual/?limit=3 HTTP/1.1" 200 2342 "-" "Mozilla/5.0 (Macintosh; Intel Mac OS X 10_15_6) AppleWebKit/605.1.15 (KHTML, like Gecko) Version/14.0.2 Safari/605.1.15" 
61.190.56.206, 39.97.49.232 - - [21/Mar/2021:12:44:00 +0800] "GET /api/v1/course/home-free/?limit=3 HTTP/1.1" 200 865 "-" "Mozilla/5.0 (Macintosh; Intel Mac OS X 10_15_6) AppleWebKit/605.1.15 (KHTML, like Gecko) Version/14.0.2 Safari/605.1.15" 
61.190.56.206 - - [21/Mar/2021:12:44:00 +0800] "GET /api/v1/result/enroll/?resultType=enroll&limit=2 HTTP/1.1" 200 1976 "https://www.luffycity.com/?default=223" "Mozilla/5.0 (Macintosh; Intel Mac OS X 10_15_6) AppleWebKit/605.1.15 (KHTML, like Gecko) Version/14.0.2 Safari/605.1.15" 
61.190.56.206 - - [21/Mar/2021:12:44:02 +0800] "GET /api/v1/study/data/ HTTP/1.1" 200 107 "https://www.luffycity.com/study/degree" "Mozilla/5.0 (Macintosh; Intel Mac OS X 10_15_6) AppleWebKit/605.1.15 (KHTML, like Gecko) Version/14.0.2 Safari/605.1.15" 
61.190.56.206 - - [21/Mar/2021:12:44:02 +0800] "GET /api/v1/study/degrees/1/mentor/?degree_id=1 HTTP/1.1" 200 190 "https://www.luffycity.com/study/degree" "Mozilla/5.0 (Macintosh; Intel Mac OS X 10_15_6) AppleWebKit/605.1.15 (KHTML, like Gecko) Version/14.0.2 Safari/605.1.15" 
61.190.56.206 - - [21/Mar/2021:12:44:03 +0800] "GET /api/v1/study/degrees/1/?degree_id=1 HTTP/1.1" 200 1924 "https://www.luffycity.com/study/degree" "Mozilla/5.0 (Macintosh; Intel Mac OS X 10_15_6) AppleWebKit/605.1.15 (KHTML, like Gecko) Version/14.0.2 Safari/605.1.15" 
61.190.56.206 - - [21/Mar/2021:12:44:05 +0800] "OPTIONS /api/v1/survey/module/189/?surveyType=module&relatedId=189 HTTP/1.1" 200 0 "https://www.luffycity.com/" "Mozilla/5.0 (Macintosh; Intel Mac OS X 10_15_6) AppleWebKit/605.1.15 (KHTML, like Gecko) Version/14.0.2 Safari/605.1.15" 
61.190.56.206 - - [21/Mar/2021:12:44:05 +0800] "GET /api/v1/study/module/189/homework/?moduleId=189 HTTP/1.1" 200 361 "https://www.luffycity.com/study/homework/189?default" "Mozilla/5.0 (Macintosh; Intel Mac OS X 10_15_6) AppleWebKit/605.1.15 (KHTML, like Gecko) Version/14.0.2 Safari/605.1.15" 
61.190.56.206 - - [21/Mar/2021:12:44:05 +0800] "GET /api/v1/survey/module/?surveyType=module&related_id=101802 HTTP/1.1" 200 472 "https://www.luffycity.com/study/homework/189?default" "Mozilla/5.0 (Macintosh; Intel Mac OS X 10_15_6) AppleWebKit/605.1.15 (KHTML, like Gecko) Version/14.0.2 Safari/605.1.15" 
211.161.243.121 - - [21/Mar/2021:12:44:09 +0800] "OPTIONS /api/v1/comment/?section_id=21431&limit=10&offset=0 HTTP/1.1" 200 0 "https://www.luffycity.com/play/21431" "Mozilla/5.0 (Windows NT 10.0; Win64; x64) AppleWebKit/537.36 (KHTML, like Gecko) Chrome/81.0.4044.138 Safari/537.36" 
211.161.243.121 - - [21/Mar/2021:12:44:09 +0800] "OPTIONS /api/v1/play/21431/?play_id=21431 HTTP/1.1" 200 0 "https://www.luffycity.com/play/21431" "Mozilla/5.0 (Windows NT 10.0; Win64; x64) AppleWebKit/537.36 (KHTML, like Gecko) Chrome/81.0.4044.138 Safari/537.36" 
211.161.243.121 - - [21/Mar/2021:12:44:09 +0800] "GET /api/v1/play/sections/?section_id=21431 HTTP/1.1" 200 64 "https://www.luffycity.com/play/21431" "Mozilla/5.0 (Windows NT 10.0; Win64; x64) AppleWebKit/537.36 (KHTML, like Gecko) Chrome/81.0.4044.138 Safari/537.36" 
211.161.243.121 - - [21/Mar/2021:12:44:09 +0800] "GET /api/v1/play/21431/?play_id=21431 HTTP/1.1" 200 64 "https://www.luffycity.com/play/21431" "Mozilla/5.0 (Windows NT 10.0; Win64; x64) AppleWebKit/537.36 (KHTML, like Gecko) Chrome/81.0.4044.138 Safari/537.36" 
61.190.56.206 - - [21/Mar/2021:12:44:16 +0800] "POST /api/v1/survey/module/?surveyType=module HTTP/1.1" 200 10 "https://www.luffycity.com/study/homework/189?default" "Mozilla/5.0 (Macintosh; Intel Mac OS X 10_15_6) AppleWebKit/605.1.15 (KHTML, like Gecko) Version/14.0.2 Safari/605.1.15" 
61.190.56.206, 39.97.49.232 - - [21/Mar/2021:12:44:23 +0800] "GET /api/v1/auth/token/ HTTP/1.1" 200 399 "-" "Mozilla/5.0 (Macintosh; Intel Mac OS X 10_15_6) AppleWebKit/605.1.15 (KHTML, like Gecko) Version/14.0.2 Safari/605.1.15" 
61.190.56.206, 39.97.49.232 - - [21/Mar/2021:12:44:23 +0800] "GET /api/v1/course/degree/ HTTP/1.1" 200 948 "-" "Mozilla/5.0 (Macintosh; Intel Mac OS X 10_15_6) AppleWebKit/605.1.15 (KHTML, like Gecko) Version/14.0.2 Safari/605.1.15" 
61.190.56.206 - - [21/Mar/2021:12:44:23 +0800] "GET /api/v1/result/enroll/?resultType=enroll&limit=2 HTTP/1.1" 200 1976 "https://www.luffycity.com/?default" "Mozilla/5.0 (Macintosh; Intel Mac OS X 10_15_6) AppleWebKit/605.1.15 (KHTML, like Gecko) Version/14.0.2 Safari/605.1.15" 
182.240.121.242 - - [21/Mar/2021:12:44:24 +0800] "GET /api/v1/auth/token/ HTTP/1.1" 200 29 "https://m.luffycity.com/free/129" "Mozilla/5.0 (iPhone; CPU iPhone OS 13_6_1 like Mac OS X) AppleWebKit/605.1.15 (KHTML, like Gecko) Version/13.1.2 Mobile/15E148 Safari/604.1" 
61.190.56.206 - - [21/Mar/2021:12:44:24 +0800] "GET /api/v1/study/degrees/1/mentor/?degree_id=1 HTTP/1.1" 200 190 "https://www.luffycity.com/study/degree" "Mozilla/5.0 (Macintosh; Intel Mac OS X 10_15_6) AppleWebKit/605.1.15 (KHTML, like Gecko) Version/14.0.2 Safari/605.1.15" 
61.190.56.206 - - [21/Mar/2021:12:44:24 +0800] "GET /api/v1/study/data/ HTTP/1.1" 200 107 "https://www.luffycity.com/study/degree" "Mozilla/5.0 (Macintosh; Intel Mac OS X 10_15_6) AppleWebKit/605.1.15 (KHTML, like Gecko) Version/14.0.2 Safari/605.1.15" 
61.190.56.206 - - [21/Mar/2021:12:44:24 +0800] "GET /api/v1/study/degrees/1/?degree_id=1 HTTP/1.1" 200 1924 "https://www.luffycity.com/study/degree" "Mozilla/5.0 (Macintosh; Intel Mac OS X 10_15_6) AppleWebKit/605.1.15 (KHTML, like Gecko) Version/14.0.2 Safari/605.1.15" 
183.22.29.232 - - [21/Mar/2021:12:44:26 +0800] "OPTIONS /api/v1/play/sections/?section_id=5800 HTTP/1.1" 200 0 "https://www.luffycity.com/" "Mozilla/5.0 (Windows NT 10.0; Win64; x64) AppleWebKit/537.36 (KHTML, like Gecko) Chrome/89.0.4389.82 Safari/537.36 Edg/89.0.774.50" 
183.22.29.232 - - [21/Mar/2021:12:44:26 +0800] "OPTIONS /api/v1/play/5800/?play_id=5800 HTTP/1.1" 200 0 "https://www.luffycity.com/" "Mozilla/5.0 (Windows NT 10.0; Win64; x64) AppleWebKit/537.36 (KHTML, like Gecko) Chrome/89.0.4389.82 Safari/537.36 Edg/89.0.774.50" 
183.22.29.232 - - [21/Mar/2021:12:44:27 +0800] "GET /api/v1/comment/?section_id=5800&limit=10&offset=0 HTTP/1.1" 200 1557 "https://www.luffycity.com/" "Mozilla/5.0 (Windows NT 10.0; Win64; x64) AppleWebKit/537.36 (KHTML, like Gecko) Chrome/89.0.4389.82 Safari/537.36 Edg/89.0.774.50" 
183.22.29.232 - - [21/Mar/2021:12:44:27 +0800] "GET /api/v1/play/5800/?play_id=5800 HTTP/1.1" 200 440 "https://www.luffycity.com/" "Mozilla/5.0 (Windows NT 10.0; Win64; x64) AppleWebKit/537.36 (KHTML, like Gecko) Chrome/89.0.4389.82 Safari/537.36 Edg/89.0.774.50" 
61.190.56.206 - - [21/Mar/2021:12:44:31 +0800] "GET /api/v1/study/module/280/homework/221/?moduleId=280&homeworkId=221 HTTP/1.1" 200 1697 "https://www.luffycity.com/study/homework/280?default=221" "Mozilla/5.0 (Macintosh; Intel Mac OS X 10_15_6) AppleWebKit/605.1.15 (KHTML, like Gecko) Version/14.0.2 Safari/605.1.15" 
61.190.56.206 - - [21/Mar/2021:12:44:33 +0800] "GET /api/v1/study/module/280/homework/223/?moduleId=280&homeworkId=223 HTTP/1.1" 200 867 "https://www.luffycity.com/study/homework/280?default=221" "Mozilla/5.0 (Macintosh; Intel Mac OS X 10_15_6) AppleWebKit/605.1.15 (KHTML, like Gecko) Version/14.0.2 Safari/605.1.15" 
120.235.183.26 - - [21/Mar/2021:12:44:41 +0800] "OPTIONS /api/v1/play/sections/?section_id=30614 HTTP/1.1" 200 0 "https://www.luffycity.com/" "Mozilla/5.0 (Windows NT 10.0; Win64; x64) AppleWebKit/537.36 (KHTML, like Gecko) Chrome/89.0.4389.90 Safari/537.36 Edg/89.0.774.57" 
120.235.183.26 - - [21/Mar/2021:12:44:41 +0800] "OPTIONS /api/v1/comment/?section_id=30614&limit=10&offset=0 HTTP/1.1" 200 0 "https://www.luffycity.com/" "Mozilla/5.0 (Windows NT 10.0; Win64; x64) AppleWebKit/537.36 (KHTML, like Gecko) Chrome/89.0.4389.90 Safari/537.36 Edg/89.0.774.57" 
120.235.183.26 - - [21/Mar/2021:12:44:41 +0800] "GET /api/v1/play/sections/?section_id=30614 HTTP/1.1" 200 2169 "https://www.luffycity.com/" "Mozilla/5.0 (Windows NT 10.0; Win64; x64) AppleWebKit/537.36 (KHTML, like Gecko) Chrome/89.0.4389.90 Safari/537.36 Edg/89.0.774.57" 
120.235.183.26 - - [21/Mar/2021:12:44:42 +0800] "GET /api/v1/play/30614/?play_id=30614 HTTP/1.1" 200 403 "https://www.luffycity.com/" "Mozilla/5.0 (Windows NT 10.0; Win64; x64) AppleWebKit/537.36 (KHTML, like Gecko) Chrome/89.0.4389.90 Safari/537.36 Edg/89.0.774.57" 
222.211.173.92 - - [21/Mar/2021:12:45:04 +0800] "OPTIONS /api/v1/account/order/product/?limit=10&offset=0 HTTP/1.1" 200 0 "https://www.luffycity.com/" "Mozilla/5.0 (Windows NT 6.1; WOW64) AppleWebKit/537.36 (KHTML, like Gecko) Chrome/87.0.4280.88 Safari/537.36" 
222.211.173.92 - - [21/Mar/2021:12:45:04 +0800] "GET /api/v1/account/order/product/?limit=10&offset=0 HTTP/1.1" 200 69 "https://www.luffycity.com/" "Mozilla/5.0 (Windows NT 6.1; WOW64) AppleWebKit/537.36 (KHTML, like Gecko) Chrome/87.0.4280.88 Safari/537.36" 
113.65.231.84, 14.116.142.22 - - [21/Mar/2021:12:45:07 +0800] "GET /api/v1/auth/token/ HTTP/1.1" 200 377 "https://m.luffycity.com/" "Mozilla/5.0 (Linux; U; Android 10; zh-CN; LYA-AL00 Build/HUAWEILYA-AL00) AppleWebKit/537.36 (KHTML, like Gecko) Version/4.0 Chrome/78.0.3904.108 UCBrowser/13.3.1.1111 Mobile Safari/537.36" 
222.211.173.92 - - [21/Mar/2021:12:45:08 +0800] "OPTIONS /api/v1/study/data/ HTTP/1.1" 200 0 "https://www.luffycity.com/" "Mozilla/5.0 (Windows NT 6.1; WOW64) AppleWebKit/537.36 (KHTML, like Gecko) Chrome/87.0.4280.88 Safari/537.36" 
222.211.173.92 - - [21/Mar/2021:12:45:08 +0800] "OPTIONS /api/v1/pay/order/?order_number=286020210221479052 HTTP/1.1" 200 0 "https://www.luffycity.com/" "Mozilla/5.0 (Windows NT 6.1; WOW64) AppleWebKit/537.36 (KHTML, like Gecko) Chrome/87.0.4280.88 Safari/537.36" 
113.65.231.84, 219.133.46.29 - - [21/Mar/2021:12:45:08 +0800] "GET /api/v1/index/banner/ HTTP/1.1" 200 20 "https://m.luffycity.com/" "Mozilla/5.0 (Linux; U; Android 10; zh-CN; LYA-AL00 Build/HUAWEILYA-AL00) AppleWebKit/537.36 (KHTML, like Gecko) Version/4.0 Chrome/78.0.3904.108 UCBrowser/13.3.1.1111 Mobile Safari/537.36" 
222.211.173.92 - - [21/Mar/2021:12:45:08 +0800] "GET /api/v1/pay/order/?order_number=286020210221479052 HTTP/1.1" 200 35 "https://www.luffycity.com/" "Mozilla/5.0 (Windows NT 6.1; WOW64) AppleWebKit/537.36 (KHTML, like Gecko) Chrome/87.0.4280.88 Safari/537.36" 
222.211.173.92 - - [21/Mar/2021:12:45:08 +0800] "GET /api/v1/study/data/ HTTP/1.1" 200 109 "https://www.luffycity.com/" "Mozilla/5.0 (Windows NT 6.1; WOW64) AppleWebKit/537.36 (KHTML, like Gecko) Chrome/87.0.4280.88 Safari/537.36" 
222.211.173.92 - - [21/Mar/2021:12:45:09 +0800] "OPTIONS /api/v1/study/degrees/2/?degree_id=2 HTTP/1.1" 200 0 "https://www.luffycity.com/" "Mozilla/5.0 (Windows NT 6.1; WOW64) AppleWebKit/537.36 (KHTML, like Gecko) Chrome/87.0.4280.88 Safari/537.36" 
222.211.173.92 - - [21/Mar/2021:12:45:09 +0800] "OPTIONS /api/v1/study/degrees/2/mentor/?degree_id=2 HTTP/1.1" 200 0 "https://www.luffycity.com/" "Mozilla/5.0 (Windows NT 6.1; WOW64) AppleWebKit/537.36 (KHTML, like Gecko) Chrome/87.0.4280.88 Safari/537.36" 
222.211.173.92 - - [21/Mar/2021:12:45:09 +0800] "GET /api/v1/study/degrees/2/?degree_id=2 HTTP/1.1" 200 1329 "https://www.luffycity.com/" "Mozilla/5.0 (Windows NT 6.1; WOW64) AppleWebKit/537.36 (KHTML, like Gecko) Chrome/87.0.4280.88 Safari/537.36" 
110.245.46.103, 39.97.49.232 - - [21/Mar/2021:12:45:19 +0800] "GET /api/v1/result/ HTTP/1.1" 200 231 "https://v3.bootcss.com/" "Mozilla/5.0 (Windows NT 10.0; WOW64) AppleWebKit/537.36 (KHTML, like Gecko) Chrome/70.0.3538.25 Safari/537.36 Core/1.70.3861.400 QQBrowser/10.7.4313.400" 
110.245.46.103 - - [21/Mar/2021:12:45:20 +0800] "GET /api/v1/activity/survey/?course_id=256 HTTP/1.1" 200 11 "https://www.luffycity.com/activity/vue-camp?source=bootcss" "Mozilla/5.0 (Windows NT 10.0; WOW64) AppleWebKit/537.36 (KHTML, like Gecko) Chrome/70.0.3538.25 Safari/537.36 Core/1.70.3861.400 QQBrowser/10.7.4313.400" 
42.249.31.112 - - [21/Mar/2021:12:45:22 +0800] "OPTIONS /api/v1/comment/?section_id=3006&limit=10&offset=0 HTTP/1.1" 200 0 "https://www.luffycity.com/" "Mozilla/5.0 (Windows NT 10.0; Win64; x64) AppleWebKit/537.36 (KHTML, like Gecko) Chrome/89.0.4389.90 Safari/537.36 Edg/89.0.774.57" 
42.249.31.112 - - [21/Mar/2021:12:45:22 +0800] "OPTIONS /api/v1/play/sections/?section_id=3006 HTTP/1.1" 200 0 "https://www.luffycity.com/" "Mozilla/5.0 (Windows NT 10.0; Win64; x64) AppleWebKit/537.36 (KHTML, like Gecko) Chrome/89.0.4389.90 Safari/537.36 Edg/89.0.774.57" 
42.249.31.112 - - [21/Mar/2021:12:45:22 +0800] "GET /api/v1/play/sections/?section_id=3006 HTTP/1.1" 200 5460 "https://www.luffycity.com/" "Mozilla/5.0 (Windows NT 10.0; Win64; x64) AppleWebKit/537.36 (KHTML, like Gecko) Chrome/89.0.4389.90 Safari/537.36 Edg/89.0.774.57" 
42.249.31.112 - - [21/Mar/2021:12:45:23 +0800] "GET /api/v1/play/3006/?play_id=3006 HTTP/1.1" 200 451 "https://www.luffycity.com/" "Mozilla/5.0 (Windows NT 10.0; Win64; x64) AppleWebKit/537.36 (KHTML, like Gecko) Chrome/89.0.4389.90 Safari/537.36 Edg/89.0.774.57" 
113.65.231.84, 14.116.142.26 - - [21/Mar/2021:12:45:28 +0800] "GET /api/v1/auth/token/ HTTP/1.1" 200 377 "https://m.luffycity.com/" "Mozilla/5.0 (Linux; U; Android 10; zh-CN; LYA-AL00 Build/HUAWEILYA-AL00) AppleWebKit/537.36 (KHTML, like Gecko) Version/4.0 Chrome/78.0.3904.108 UCBrowser/13.3.1.1111 Mobile Safari/537.36" 
110.245.46.103, 39.97.49.232 - - [21/Mar/2021:12:45:29 +0800] "GET /api/v1/result/ HTTP/1.1" 200 231 "-" "Mozilla/5.0 (Windows NT 10.0; WOW64) AppleWebKit/537.36 (KHTML, like Gecko) Chrome/70.0.3538.25 Safari/537.36 Core/1.70.3861.400 QQBrowser/10.7.4313.400" 
110.245.46.103 - - [21/Mar/2021:12:45:30 +0800] "GET /api/v1/activity/survey/?course_id=256 HTTP/1.1" 200 11 "https://www.luffycity.com/activity/vue-camp?source=bootcss" "Mozilla/5.0 (Windows NT 10.0; WOW64) AppleWebKit/537.36 (KHTML, like Gecko) Chrome/70.0.3538.25 Safari/537.36 Core/1.70.3861.400 QQBrowser/10.7.4313.400" 
222.211.173.92 - - [21/Mar/2021:12:45:36 +0800] "OPTIONS /api/v1/survey/section/19463/?sectionId=19463 HTTP/1.1" 200 0 "https://www.luffycity.com/" "Mozilla/5.0 (Windows NT 6.1; WOW64) AppleWebKit/537.36 (KHTML, like Gecko) Chrome/87.0.4280.88 Safari/537.36" 
222.211.173.92 - - [21/Mar/2021:12:45:36 +0800] "OPTIONS /api/v1/comment/?section_id=19463&limit=10&offset=0 HTTP/1.1" 200 0 "https://www.luffycity.com/" "Mozilla/5.0 (Windows NT 6.1; WOW64) AppleWebKit/537.36 (KHTML, like Gecko) Chrome/87.0.4280.88 Safari/537.36" 
222.211.173.92 - - [21/Mar/2021:12:45:36 +0800] "GET /api/v1/play/sections/?section_id=19463 HTTP/1.1" 200 2440 "https://www.luffycity.com/" "Mozilla/5.0 (Windows NT 6.1; WOW64) AppleWebKit/537.36 (KHTML, like Gecko) Chrome/87.0.4280.88 Safari/537.36" 
222.211.173.92 - - [21/Mar/2021:12:45:36 +0800] "GET /api/v1/comment/?section_id=19463&limit=10&offset=0 HTTP/1.1" 200 1241 "https://www.luffycity.com/" "Mozilla/5.0 (Windows NT 6.1; WOW64) AppleWebKit/537.36 (KHTML, like Gecko) Chrome/87.0.4280.88 Safari/537.36" 
182.240.121.242 - - [21/Mar/2021:12:45:38 +0800] "GET /api/v1/auth/token/ HTTP/1.1" 200 29 "https://m.luffycity.com/free/129" "Mozilla/5.0 (iPhone; CPU iPhone OS 13_6_1 like Mac OS X) AppleWebKit/605.1.15 (KHTML, like Gecko) Version/13.1.2 Mobile/15E148 Safari/604.1" 
182.240.121.242 - - [21/Mar/2021:12:45:42 +0800] "GET /api/v1/course/category/actual/?courseType=actual HTTP/1.1" 200 252 "https://m.luffycity.com/actual-course" "Mozilla/5.0 (iPhone; CPU iPhone OS 13_6_1 like Mac OS X) AppleWebKit/605.1.15 (KHTML, like Gecko) Version/13.1.2 Mobile/15E148 Safari/604.1" 
113.65.231.84, 219.133.46.24 - - [21/Mar/2021:12:45:46 +0800] "GET /api/v1/auth/token/ HTTP/1.1" 200 377 "https://m.luffycity.com/study/degree" "Mozilla/5.0 (Linux; U; Android 10; zh-CN; LYA-AL00 Build/HUAWEILYA-AL00) AppleWebKit/537.36 (KHTML, like Gecko) Version/4.0 Chrome/78.0.3904.108 UCBrowser/13.3.1.1111 Mobile Safari/537.36" 
113.65.231.84, 219.133.46.180 - - [21/Mar/2021:12:45:46 +0800] "GET /api/v1/play/sections/?section_id=30977 HTTP/1.1" 200 3036 "https://m.luffycity.com/play/30977" "Mozilla/5.0 (Linux; U; Android 10; zh-CN; LYA-AL00 Build/HUAWEILYA-AL00) AppleWebKit/537.36 (KHTML, like Gecko) Version/4.0 Chrome/78.0.3904.108 UCBrowser/13.3.1.1111 Mobile Safari/537.36" 
182.240.121.242 - - [21/Mar/2021:12:46:00 +0800] "GET /api/v1/auth/token/ HTTP/1.1" 200 29 "https://m.luffycity.com/actual-course" "Mozilla/5.0 (iPhone; CPU iPhone OS 13_6_1 like Mac OS X) AppleWebKit/605.1.15 (KHTML, like Gecko) Version/13.1.2 Mobile/15E148 Safari/604.1" 
180.117.47.62 - - [21/Mar/2021:12:46:13 +0800] "OPTIONS /api/v1/survey/section/30928/?sectionId=30928 HTTP/1.1" 200 0 "https://www.luffycity.com/" "Mozilla/5.0 (Windows NT 10.0; Win64; x64) AppleWebKit/537.36 (KHTML, like Gecko) Chrome/89.0.4389.90 Safari/537.36" 
180.117.47.62 - - [21/Mar/2021:12:46:13 +0800] "OPTIONS /api/v1/play/30928/?play_id=30928 HTTP/1.1" 200 0 "https://www.luffycity.com/" "Mozilla/5.0 (Windows NT 10.0; Win64; x64) AppleWebKit/537.36 (KHTML, like Gecko) Chrome/89.0.4389.90 Safari/537.36" 
180.117.47.62 - - [21/Mar/2021:12:46:13 +0800] "GET /api/v1/survey/section/30928/?sectionId=30928 HTTP/1.1" 200 10 "https://www.luffycity.com/" "Mozilla/5.0 (Windows NT 10.0; Win64; x64) AppleWebKit/537.36 (KHTML, like Gecko) Chrome/89.0.4389.90 Safari/537.36" 
180.117.47.62 - - [21/Mar/2021:12:46:13 +0800] "GET /api/v1/play/sections/?section_id=30928 HTTP/1.1" 200 2981 "https://www.luffycity.com/" "Mozilla/5.0 (Windows NT 10.0; Win64; x64) AppleWebKit/537.36 (KHTML, like Gecko) Chrome/89.0.4389.90 Safari/537.36" 
180.117.47.62 - - [21/Mar/2021:12:46:25 +0800] "OPTIONS /api/v1/comment/?section_id=30926&limit=10&offset=0 HTTP/1.1" 200 0 "https://www.luffycity.com/" "Mozilla/5.0 (Windows NT 10.0; Win64; x64) AppleWebKit/537.36 (KHTML, like Gecko) Chrome/89.0.4389.90 Safari/537.36" 
180.117.47.62 - - [21/Mar/2021:12:46:25 +0800] "OPTIONS /api/v1/survey/section/30926/?sectionId=30926 HTTP/1.1" 200 0 "https://www.luffycity.com/" "Mozilla/5.0 (Windows NT 10.0; Win64; x64) AppleWebKit/537.36 (KHTML, like Gecko) Chrome/89.0.4389.90 Safari/537.36" 
180.117.47.62 - - [21/Mar/2021:12:46:25 +0800] "GET /api/v1/comment/?section_id=30926&limit=10&offset=0 HTTP/1.1" 200 1798 "https://www.luffycity.com/" "Mozilla/5.0 (Windows NT 10.0; Win64; x64) AppleWebKit/537.36 (KHTML, like Gecko) Chrome/89.0.4389.90 Safari/537.36" 
180.117.47.62 - - [21/Mar/2021:12:46:26 +0800] "GET /api/v1/play/30926/?play_id=30926 HTTP/1.1" 200 438 "https://www.luffycity.com/" "Mozilla/5.0 (Windows NT 10.0; Win64; x64) AppleWebKit/537.36 (KHTML, like Gecko) Chrome/89.0.4389.90 Safari/537.36" 
27.187.16.76, 39.97.49.232 - - [21/Mar/2021:12:46:31 +0800] "GET /api/v1/result/ HTTP/1.1" 200 231 "-" "Mozilla/5.0 (Windows NT 10.0; Win64; x64) AppleWebKit/537.36 (KHTML, like Gecko) Chrome/89.0.4389.90 Safari/537.36 Edg/89.0.774.54" 
27.187.16.76, 39.97.49.232 - - [21/Mar/2021:12:46:31 +0800] "GET /api/v1/index/banner/ HTTP/1.1" 200 382 "-" "Mozilla/5.0 (Windows NT 10.0; Win64; x64) AppleWebKit/537.36 (KHTML, like Gecko) Chrome/89.0.4389.90 Safari/537.36 Edg/89.0.774.54" 
27.187.16.76, 39.97.49.232 - - [21/Mar/2021:12:46:31 +0800] "GET /api/v1/course/actual/?limit=3 HTTP/1.1" 200 2342 "-" "Mozilla/5.0 (Windows NT 10.0; Win64; x64) AppleWebKit/537.36 (KHTML, like Gecko) Chrome/89.0.4389.90 Safari/537.36 Edg/89.0.774.54" 
27.187.16.76, 39.97.49.232 - - [21/Mar/2021:12:46:31 +0800] "GET /api/v1/course/degree/ HTTP/1.1" 200 948 "-" "Mozilla/5.0 (Windows NT 10.0; Win64; x64) AppleWebKit/537.36 (KHTML, like Gecko) Chrome/89.0.4389.90 Safari/537.36 Edg/89.0.774.54" 
27.187.16.76, 39.97.49.232 - - [21/Mar/2021:12:46:31 +0800] "GET /api/v1/course/home-free/?limit=3 HTTP/1.1" 200 865 "-" "Mozilla/5.0 (Windows NT 10.0; Win64; x64) AppleWebKit/537.36 (KHTML, like Gecko) Chrome/89.0.4389.90 Safari/537.36 Edg/89.0.774.54" 
27.187.16.76 - - [21/Mar/2021:12:46:32 +0800] "OPTIONS /api/v1/result/enroll/?resultType=enroll&limit=2 HTTP/1.1" 200 0 "https://www.luffycity.com/" "Mozilla/5.0 (Windows NT 10.0; Win64; x64) AppleWebKit/537.36 (KHTML, like Gecko) Chrome/89.0.4389.90 Safari/537.36 Edg/89.0.774.54" 
113.65.231.84, 14.116.142.27 - - [21/Mar/2021:12:46:33 +0800] "GET /api/v1/play/30920/?play_id=30920 HTTP/1.1" 200 435 "https://m.luffycity.com/play/30977" "Mozilla/5.0 (Linux; U; Android 10; zh-CN; LYA-AL00 Build/HUAWEILYA-AL00) AppleWebKit/537.36 (KHTML, like Gecko) Version/4.0 Chrome/78.0.3904.108 UCBrowser/13.3.1.1111 Mobile Safari/537.36" 
113.65.231.84, 14.116.142.22 - - [21/Mar/2021:12:46:34 +0800] "GET /api/v1/play/30920/?play_id=30920 HTTP/1.1" 200 435 "https://m.luffycity.com/play/30920" "Mozilla/5.0 (Linux; U; Android 10; zh-CN; LYA-AL00 Build/HUAWEILYA-AL00) AppleWebKit/537.36 (KHTML, like Gecko) Version/4.0 Chrome/78.0.3904.108 UCBrowser/13.3.1.1111 Mobile Safari/537.36" 
120.227.238.70, 14.215.160.136 - - [21/Mar/2021:12:46:50 +0800] "GET /api/v1/auth/token/ HTTP/1.1" 200 398 "https://m.luffycity.com/play/1254" "Mozilla/5.0 (Linux; U; Android 10; zh-CN; ELS-AN00 Build/HUAWEIELS-AN00) AppleWebKit/537.36 (KHTML, like Gecko) Version/4.0 Chrome/78.0.3904.108 UCBrowser/13.2.9.1109 Mobile Safari/537.36" 
120.227.238.70, 14.152.68.135 - - [21/Mar/2021:12:46:51 +0800] "GET /api/v1/play/1254/?play_id=1254 HTTP/1.1" 200 423 "https://m.luffycity.com/play/1254" "Mozilla/5.0 (Linux; U; Android 10; zh-CN; ELS-AN00 Build/HUAWEIELS-AN00) AppleWebKit/537.36 (KHTML, like Gecko) Version/4.0 Chrome/78.0.3904.108 UCBrowser/13.2.9.1109 Mobile Safari/537.36" 
27.187.16.76 - - [21/Mar/2021:12:47:04 +0800] "OPTIONS /api/v1/account/trade/?limit=10&offset=0 HTTP/1.1" 200 0 "https://www.luffycity.com/" "Mozilla/5.0 (Windows NT 10.0; Win64; x64) AppleWebKit/537.36 (KHTML, like Gecko) Chrome/89.0.4389.90 Safari/537.36 Edg/89.0.774.54" 
27.187.16.76 - - [21/Mar/2021:12:47:04 +0800] "GET /api/v1/account/cash/?limit=10&offset=0 HTTP/1.1" 200 69 "https://www.luffycity.com/" "Mozilla/5.0 (Windows NT 10.0; Win64; x64) AppleWebKit/537.36 (KHTML, like Gecko) Chrome/89.0.4389.90 Safari/537.36 Edg/89.0.774.54" 
27.187.16.76 - - [21/Mar/2021:12:47:06 +0800] "OPTIONS /api/v1/account/order/product/?limit=10&offset=0 HTTP/1.1" 200 0 "https://www.luffycity.com/" "Mozilla/5.0 (Windows NT 10.0; Win64; x64) AppleWebKit/537.36 (KHTML, like Gecko) Chrome/89.0.4389.90 Safari/537.36 Edg/89.0.774.54" 
27.187.16.76 - - [21/Mar/2021:12:47:06 +0800] "GET /api/v1/account/order/product/?limit=10&offset=0 HTTP/1.1" 200 69 "https://www.luffycity.com/" "Mozilla/5.0 (Windows NT 10.0; Win64; x64) AppleWebKit/537.36 (KHTML, like Gecko) Chrome/89.0.4389.90 Safari/537.36 Edg/89.0.774.54" 
27.187.16.76 - - [21/Mar/2021:12:47:07 +0800] "OPTIONS /api/v1/pay/order/?order_number=289720210318330024 HTTP/1.1" 200 0 "https://www.luffycity.com/" "Mozilla/5.0 (Windows NT 10.0; Win64; x64) AppleWebKit/537.36 (KHTML, like Gecko) Chrome/89.0.4389.90 Safari/537.36 Edg/89.0.774.54" 
27.187.16.76 - - [21/Mar/2021:12:47:08 +0800] "OPTIONS /api/v1/study/degrees/0/mentor/?degree_id=0 HTTP/1.1" 200 0 "https://www.luffycity.com/" "Mozilla/5.0 (Windows NT 10.0; Win64; x64) AppleWebKit/537.36 (KHTML, like Gecko) Chrome/89.0.4389.90 Safari/537.36 Edg/89.0.774.54" 
27.187.16.76 - - [21/Mar/2021:12:47:08 +0800] "OPTIONS /api/v1/study/courses/ HTTP/1.1" 200 0 "https://www.luffycity.com/" "Mozilla/5.0 (Windows NT 10.0; Win64; x64) AppleWebKit/537.36 (KHTML, like Gecko) Chrome/89.0.4389.90 Safari/537.36 Edg/89.0.774.54" 
27.187.16.76 - - [21/Mar/2021:12:47:08 +0800] "GET /api/v1/study/courses/ HTTP/1.1" 200 501 "https://www.luffycity.com/" "Mozilla/5.0 (Windows NT 10.0; Win64; x64) AppleWebKit/537.36 (KHTML, like Gecko) Chrome/89.0.4389.90 Safari/537.36 Edg/89.0.774.54" 
27.187.16.76 - - [21/Mar/2021:12:47:08 +0800] "OPTIONS /api/v1/study/module/actual/51985/?courseType=actual&id=51985 HTTP/1.1" 200 0 "https://www.luffycity.com/" "Mozilla/5.0 (Windows NT 10.0; Win64; x64) AppleWebKit/537.36 (KHTML, like Gecko) Chrome/89.0.4389.90 Safari/537.36 Edg/89.0.774.54" 
27.187.16.76 - - [21/Mar/2021:12:47:16 +0800] "OPTIONS /api/v1/play/sections/?section_id=30613 HTTP/1.1" 200 0 "https://www.luffycity.com/" "Mozilla/5.0 (Windows NT 10.0; Win64; x64) AppleWebKit/537.36 (KHTML, like Gecko) Chrome/89.0.4389.90 Safari/537.36 Edg/89.0.774.54" 
27.187.16.76 - - [21/Mar/2021:12:47:16 +0800] "OPTIONS /api/v1/play/30613/?play_id=30613 HTTP/1.1" 200 0 "https://www.luffycity.com/" "Mozilla/5.0 (Windows NT 10.0; Win64; x64) AppleWebKit/537.36 (KHTML, like Gecko) Chrome/89.0.4389.90 Safari/537.36 Edg/89.0.774.54" 
27.187.16.76 - - [21/Mar/2021:12:47:16 +0800] "GET /api/v1/comment/?section_id=30613&limit=10&offset=0 HTTP/1.1" 200 817 "https://www.luffycity.com/" "Mozilla/5.0 (Windows NT 10.0; Win64; x64) AppleWebKit/537.36 (KHTML, like Gecko) Chrome/89.0.4389.90 Safari/537.36 Edg/89.0.774.54" 
27.187.16.76 - - [21/Mar/2021:12:47:16 +0800] "GET /api/v1/play/30613/?play_id=30613 HTTP/1.1" 200 404 "https://www.luffycity.com/" "Mozilla/5.0 (Windows NT 10.0; Win64; x64) AppleWebKit/537.36 (KHTML, like Gecko) Chrome/89.0.4389.90 Safari/537.36 Edg/89.0.774.54" 
183.206.17.222 - - [21/Mar/2021:12:47:31 +0800] "OPTIONS /api/v1/play/14577/?play_id=14577 HTTP/1.1" 200 0 "https://www.luffycity.com/" "Mozilla/5.0 (Windows NT 10.0; Win64; x64) AppleWebKit/537.36 (KHTML, like Gecko) Chrome/89.0.4389.82 Safari/537.36" 
183.206.17.222 - - [21/Mar/2021:12:47:31 +0800] "OPTIONS /api/v1/comment/?section_id=14577&limit=10&offset=0 HTTP/1.1" 200 0 "https://www.luffycity.com/" "Mozilla/5.0 (Windows NT 10.0; Win64; x64) AppleWebKit/537.36 (KHTML, like Gecko) Chrome/89.0.4389.82 Safari/537.36" 
183.206.17.222 - - [21/Mar/2021:12:47:31 +0800] "GET /api/v1/comment/?section_id=14577&limit=10&offset=0 HTTP/1.1" 200 1702 "https://www.luffycity.com/" "Mozilla/5.0 (Windows NT 10.0; Win64; x64) AppleWebKit/537.36 (KHTML, like Gecko) Chrome/89.0.4389.82 Safari/537.36" 
183.206.17.222 - - [21/Mar/2021:12:47:31 +0800] "GET /api/v1/play/14577/?play_id=14577 HTTP/1.1" 200 392 "https://www.luffycity.com/" "Mozilla/5.0 (Windows NT 10.0; Win64; x64) AppleWebKit/537.36 (KHTML, like Gecko) Chrome/89.0.4389.82 Safari/537.36" 
113.249.195.191 - - [21/Mar/2021:12:48:05 +0800] "OPTIONS /api/v1/play/sections/?section_id=24671 HTTP/1.1" 200 0 "https://www.luffycity.com/" "Mozilla/5.0 (Windows NT 10.0; Win64; x64) AppleWebKit/537.36 (KHTML, like Gecko) Chrome/89.0.4389.90 Safari/537.36" 
113.249.195.191 - - [21/Mar/2021:12:48:05 +0800] "OPTIONS /api/v1/comment/?section_id=24671&limit=10&offset=0 HTTP/1.1" 200 0 "https://www.luffycity.com/" "Mozilla/5.0 (Windows NT 10.0; Win64; x64) AppleWebKit/537.36 (KHTML, like Gecko) Chrome/89.0.4389.90 Safari/537.36" 
113.249.195.191 - - [21/Mar/2021:12:48:05 +0800] "GET /api/v1/survey/section/24671/?sectionId=24671 HTTP/1.1" 200 10 "https://www.luffycity.com/" "Mozilla/5.0 (Windows NT 10.0; Win64; x64) AppleWebKit/537.36 (KHTML, like Gecko) Chrome/89.0.4389.90 Safari/537.36" 
113.249.195.191 - - [21/Mar/2021:12:48:05 +0800] "GET /api/v1/play/sections/?section_id=24671 HTTP/1.1" 200 5631 "https://www.luffycity.com/" "Mozilla/5.0 (Windows NT 10.0; Win64; x64) AppleWebKit/537.36 (KHTML, like Gecko) Chrome/89.0.4389.90 Safari/537.36" 
27.187.16.76 - - [21/Mar/2021:12:48:10 +0800] "GET /api/v1/play/sections/?section_id=30613 HTTP/1.1" 200 2209 "https://www.luffycity.com/" "Mozilla/5.0 (Windows NT 10.0; Win64; x64) AppleWebKit/537.36 (KHTML, like Gecko) Chrome/89.0.4389.90 Safari/537.36 Edg/89.0.774.54" 
27.187.16.76 - - [21/Mar/2021:12:48:10 +0800] "GET /api/v1/play/30613/?play_id=30613 HTTP/1.1" 200 404 "https://www.luffycity.com/" "Mozilla/5.0 (Windows NT 10.0; Win64; x64) AppleWebKit/537.36 (KHTML, like Gecko) Chrome/89.0.4389.90 Safari/537.36 Edg/89.0.774.54" 
223.104.63.75, 39.97.49.232 - - [21/Mar/2021:12:48:32 +0800] "GET /api/v1/result/ HTTP/1.1" 200 231 "https://www.baidu.com/link?url=cDZcHtqb4g-rLZPOih7951c4u_3efcEpu7LjX7_7JtfukCcLmTVNP_i2UNWy_6Br&wd=&eqid=8c558c510001283a000000066056d01e" "Mozilla/5.0 (Windows NT 10.0; Win64; x64) AppleWebKit/537.36 (KHTML, like Gecko) Chrome/89.0.4389.90 Safari/537.36 Edg/89.0.774.54" 
223.104.63.75, 39.97.49.232 - - [21/Mar/2021:12:48:32 +0800] "GET /api/v1/index/banner/ HTTP/1.1" 200 382 "https://www.baidu.com/link?url=cDZcHtqb4g-rLZPOih7951c4u_3efcEpu7LjX7_7JtfukCcLmTVNP_i2UNWy_6Br&wd=&eqid=8c558c510001283a000000066056d01e" "Mozilla/5.0 (Windows NT 10.0; Win64; x64) AppleWebKit/537.36 (KHTML, like Gecko) Chrome/89.0.4389.90 Safari/537.36 Edg/89.0.774.54" 
223.104.63.75, 39.97.49.232 - - [21/Mar/2021:12:48:32 +0800] "GET /api/v1/course/degree/ HTTP/1.1" 200 948 "https://www.baidu.com/link?url=cDZcHtqb4g-rLZPOih7951c4u_3efcEpu7LjX7_7JtfukCcLmTVNP_i2UNWy_6Br&wd=&eqid=8c558c510001283a000000066056d01e" "Mozilla/5.0 (Windows NT 10.0; Win64; x64) AppleWebKit/537.36 (KHTML, like Gecko) Chrome/89.0.4389.90 Safari/537.36 Edg/89.0.774.54" 
113.118.68.224, 39.97.49.232 - - [21/Mar/2021:12:48:37 +0800] "GET /api/v1/auth/token/ HTTP/1.1" 200 29 "-" "Mozilla/5.0 (Windows NT 6.1; WOW64) AppleWebKit/537.36 (KHTML, like Gecko) Chrome/80.0.3987.87 Safari/537.36 SE 2.X MetaSr 1.0" 
113.118.68.224, 39.97.49.232 - - [21/Mar/2021:12:48:37 +0800] "GET /api/v1/result/ HTTP/1.1" 200 231 "-" "Mozilla/5.0 (Windows NT 6.1; WOW64) AppleWebKit/537.36 (KHTML, like Gecko) Chrome/80.0.3987.87 Safari/537.36 SE 2.X MetaSr 1.0" 
223.104.63.75 - - [21/Mar/2021:12:48:38 +0800] "GET /api/v1/result/enroll/?resultType=enroll&limit=2 HTTP/1.1" 200 1976 "https://www.luffycity.com/" "Mozilla/5.0 (Windows NT 10.0; Win64; x64) AppleWebKit/537.36 (KHTML, like Gecko) Chrome/89.0.4389.90 Safari/537.36 Edg/89.0.774.54" 
113.118.68.224 - - [21/Mar/2021:12:48:42 +0800] "OPTIONS /api/v1/study/data/ HTTP/1.1" 200 0 "https://www.luffycity.com/study" "Mozilla/5.0 (Windows NT 6.1; WOW64) AppleWebKit/537.36 (KHTML, like Gecko) Chrome/80.0.3987.87 Safari/537.36 SE 2.X MetaSr 1.0" 
113.118.68.224 - - [21/Mar/2021:12:48:42 +0800] "OPTIONS /api/v1/study/degrees/0/mentor/?degree_id=0 HTTP/1.1" 200 0 "https://www.luffycity.com/study" "Mozilla/5.0 (Windows NT 6.1; WOW64) AppleWebKit/537.36 (KHTML, like Gecko) Chrome/80.0.3987.87 Safari/537.36 SE 2.X MetaSr 1.0" 
113.118.68.224 - - [21/Mar/2021:12:48:42 +0800] "GET /api/v1/study/data/ HTTP/1.1" 200 64 "https://www.luffycity.com/study/degree" "Mozilla/5.0 (Windows NT 6.1; WOW64) AppleWebKit/537.36 (KHTML, like Gecko) Chrome/80.0.3987.87 Safari/537.36 SE 2.X MetaSr 1.0" 
113.118.68.224 - - [21/Mar/2021:12:48:42 +0800] "GET /api/v1/study/degrees/0/mentor/?degree_id=0 HTTP/1.1" 200 64 "https://www.luffycity.com/study/degree" "Mozilla/5.0 (Windows NT 6.1; WOW64) AppleWebKit/537.36 (KHTML, like Gecko) Chrome/80.0.3987.87 Safari/537.36 SE 2.X MetaSr 1.0" 
127.0.0.1, 39.97.50.217 - - [21/Mar/2021:12:48:53 +0800] "GET /api/v1/result/ HTTP/1.1" 200 231 "-" "Mozilla/5.0 (Windows NT 10.0; WOW64) AppleWebKit/537.36 (KHTML, like Gecko) Chrome/62.0.3202.94 Safari/537.36" 
127.0.0.1, 39.97.50.217 - - [21/Mar/2021:12:48:53 +0800] "GET /api/v1/course/actual/?limit=3 HTTP/1.1" 200 2342 "-" "Mozilla/5.0 (Windows NT 10.0; WOW64) AppleWebKit/537.36 (KHTML, like Gecko) Chrome/62.0.3202.94 Safari/537.36" 
127.0.0.1, 39.97.50.217 - - [21/Mar/2021:12:48:53 +0800] "GET /api/v1/course/home-free/?limit=3 HTTP/1.1" 200 865 "-" "Mozilla/5.0 (Windows NT 10.0; WOW64) AppleWebKit/537.36 (KHTML, like Gecko) Chrome/62.0.3202.94 Safari/537.36" 
223.104.63.75 - - [21/Mar/2021:12:48:53 +0800] "GET /api/v1/index/search/?words=go HTTP/1.1" 200 7432 "https://www.luffycity.com/" "Mozilla/5.0 (Windows NT 10.0; Win64; x64) AppleWebKit/537.36 (KHTML, like Gecko) Chrome/89.0.4389.90 Safari/537.36 Edg/89.0.774.54" 
127.0.0.1, 39.97.50.217 - - [21/Mar/2021:12:48:54 +0800] "GET /api/v1/result/ HTTP/1.1" 200 231 "-" "Mozilla/5.0 (Windows NT 10.0; WOW64) AppleWebKit/537.36 (KHTML, like Gecko) Chrome/62.0.3202.94 Safari/537.36" 
49.82.147.15 - - [21/Mar/2021:12:49:06 +0800] "OPTIONS /api/v1/study/degrees/0/mentor/?degree_id=0 HTTP/1.1" 200 0 "https://www.luffycity.com/" "Mozilla/5.0 (Windows NT 10.0; Win64; x64) AppleWebKit/537.36 (KHTML, like Gecko) Chrome/89.0.4385.0 Safari/537.36" 
49.82.147.15 - - [21/Mar/2021:12:49:06 +0800] "OPTIONS /api/v1/study/degrees/ HTTP/1.1" 200 0 "https://www.luffycity.com/" "Mozilla/5.0 (Windows NT 10.0; Win64; x64) AppleWebKit/537.36 (KHTML, like Gecko) Chrome/89.0.4385.0 Safari/537.36" 
49.82.147.15 - - [21/Mar/2021:12:49:06 +0800] "GET /api/v1/study/degrees/0/mentor/?degree_id=0 HTTP/1.1" 200 64 "https://www.luffycity.com/" "Mozilla/5.0 (Windows NT 10.0; Win64; x64) AppleWebKit/537.36 (KHTML, like Gecko) Chrome/89.0.4385.0 Safari/537.36" 
49.82.147.15 - - [21/Mar/2021:12:49:06 +0800] "GET /api/v1/auth/wechat/ HTTP/1.1" 200 232 "https://www.luffycity.com/" "Mozilla/5.0 (Windows NT 10.0; Win64; x64) AppleWebKit/537.36 (KHTML, like Gecko) Chrome/89.0.4385.0 Safari/537.36" 
223.104.63.75, 39.97.49.232 - - [21/Mar/2021:12:49:06 +0800] "GET /api/v1/auth/token/ HTTP/1.1" 200 64 "https://www.luffycity.com/search?words=go" "Mozilla/5.0 (Windows NT 10.0; Win64; x64) AppleWebKit/537.36 (KHTML, like Gecko) Chrome/89.0.4389.90 Safari/537.36 Edg/89.0.774.54" 
223.104.63.75, 39.97.49.232 - - [21/Mar/2021:12:49:06 +0800] "GET /api/v1/result/ HTTP/1.1" 200 231 "https://www.luffycity.com/search?words=go" "Mozilla/5.0 (Windows NT 10.0; Win64; x64) AppleWebKit/537.36 (KHTML, like Gecko) Chrome/89.0.4389.90 Safari/537.36 Edg/89.0.774.54" 
180.117.47.62 - - [21/Mar/2021:12:49:07 +0800] "OPTIONS /api/v1/play/sections/?section_id=30923 HTTP/1.1" 200 0 "https://www.luffycity.com/" "Mozilla/5.0 (Windows NT 10.0; Win64; x64) AppleWebKit/537.36 (KHTML, like Gecko) Chrome/89.0.4389.90 Safari/537.36" 
180.117.47.62 - - [21/Mar/2021:12:49:07 +0800] "OPTIONS /api/v1/play/30923/?play_id=30923 HTTP/1.1" 200 0 "https://www.luffycity.com/" "Mozilla/5.0 (Windows NT 10.0; Win64; x64) AppleWebKit/537.36 (KHTML, like Gecko) Chrome/89.0.4389.90 Safari/537.36" 
180.117.47.62 - - [21/Mar/2021:12:49:08 +0800] "GET /api/v1/comment/?section_id=30923&limit=10&offset=0 HTTP/1.1" 200 1798 "https://www.luffycity.com/" "Mozilla/5.0 (Windows NT 10.0; Win64; x64) AppleWebKit/537.36 (KHTML, like Gecko) Chrome/89.0.4389.90 Safari/537.36" 
180.117.47.62 - - [21/Mar/2021:12:49:08 +0800] "GET /api/v1/play/30923/?play_id=30923 HTTP/1.1" 200 435 "https://www.luffycity.com/" "Mozilla/5.0 (Windows NT 10.0; Win64; x64) AppleWebKit/537.36 (KHTML, like Gecko) Chrome/89.0.4389.90 Safari/537.36" 
180.117.47.62 - - [21/Mar/2021:12:49:16 +0800] "GET /api/v1/play/sections/?section_id=30921 HTTP/1.1" 200 2989 "https://www.luffycity.com/" "Mozilla/5.0 (Windows NT 10.0; Win64; x64) AppleWebKit/537.36 (KHTML, like Gecko) Chrome/89.0.4389.90 Safari/537.36" 
180.117.47.62 - - [21/Mar/2021:12:49:16 +0800] "GET /api/v1/play/30921/?play_id=30921 HTTP/1.1" 200 429 "https://www.luffycity.com/" "Mozilla/5.0 (Windows NT 10.0; Win64; x64) AppleWebKit/537.36 (KHTML, like Gecko) Chrome/89.0.4389.90 Safari/537.36" 
223.104.63.75 - - [21/Mar/2021:12:49:22 +0800] "OPTIONS /api/v1/course/actual/69/payment/?courseType=actual&id=69 HTTP/1.1" 200 0 "https://www.luffycity.com/" "Mozilla/5.0 (Windows NT 10.0; Win64; x64) AppleWebKit/537.36 (KHTML, like Gecko) Chrome/89.0.4389.90 Safari/537.36 Edg/89.0.774.54" 
223.104.63.75 - - [21/Mar/2021:12:49:22 +0800] "GET /api/v1/course/actual/69/payment/?courseType=actual&id=69 HTTP/1.1" 200 256 "https://www.luffycity.com/" "Mozilla/5.0 (Windows NT 10.0; Win64; x64) AppleWebKit/537.36 (KHTML, like Gecko) Chrome/89.0.4389.90 Safari/537.36 Edg/89.0.774.54" 
223.104.63.75 - - [21/Mar/2021:12:49:30 +0800] "OPTIONS /api/v1/course/actual/69/sections/?courseType=actual&id=69 HTTP/1.1" 200 0 "https://www.luffycity.com/" "Mozilla/5.0 (Windows NT 10.0; Win64; x64) AppleWebKit/537.36 (KHTML, like Gecko) Chrome/89.0.4389.90 Safari/537.36 Edg/89.0.774.54" 
120.244.224.203 - - [21/Mar/2021:12:49:37 +0800] "POST /api/v1/survey/section/30879/?sectionId=30879 HTTP/1.1" 200 10 "https://www.luffycity.com/play/30879" "Mozilla/5.0 (Macintosh; Intel Mac OS X 10_15_6) AppleWebKit/605.1.15 (KHTML, like Gecko) Version/14.0.3 Safari/605.1.15" 
120.244.224.203 - - [21/Mar/2021:12:49:41 +0800] "OPTIONS /api/v1/comment/?section_id=30880&limit=10&offset=0 HTTP/1.1" 200 0 "https://www.luffycity.com/" "Mozilla/5.0 (Macintosh; Intel Mac OS X 10_15_6) AppleWebKit/605.1.15 (KHTML, like Gecko) Version/14.0.3 Safari/605.1.15" 
120.244.224.203 - - [21/Mar/2021:12:49:41 +0800] "OPTIONS /api/v1/survey/section/30880/?sectionId=30880 HTTP/1.1" 200 0 "https://www.luffycity.com/" "Mozilla/5.0 (Macintosh; Intel Mac OS X 10_15_6) AppleWebKit/605.1.15 (KHTML, like Gecko) Version/14.0.3 Safari/605.1.15" 
120.244.224.203 - - [21/Mar/2021:12:49:41 +0800] "GET /api/v1/survey/section/30880/?sectionId=30880 HTTP/1.1" 200 10 "https://www.luffycity.com/play/30880" "Mozilla/5.0 (Macintosh; Intel Mac OS X 10_15_6) AppleWebKit/605.1.15 (KHTML, like Gecko) Version/14.0.3 Safari/605.1.15" 
