221.218.209.152 - - [19/Mar/2021:11:51:50 +0800] "GET /api/v1/comment/?section_id=32168&limit=10&offset=0 HTTP/1.1" 200 69 "https://www.luffycity.com/" "Mozilla/5.0 (Windows NT 6.1; Win64; x64) AppleWebKit/537.36 (KHTML, like Gecko) Chrome/89.0.4389.90 Safari/537.36" 
221.218.209.152 - - [19/Mar/2021:11:51:55 +0800] "OPTIONS /api/v1/course/actual/12/?courseType=actual&id=12 HTTP/1.1" 200 0 "https://www.luffycity.com/" "Mozilla/5.0 (Windows NT 6.1; Win64; x64) AppleWebKit/537.36 (KHTML, like Gecko) Chrome/89.0.4389.90 Safari/537.36" 
221.218.209.152 - - [19/Mar/2021:11:51:56 +0800] "GET /api/v1/media/play/a4f79118f5834e03bd0469c7019bee9b/?suffix=a4f79118f5834e03bd0469c7019bee9b HTTP/1.1" 200 1773 "https://www.luffycity.com/" "Mozilla/5.0 (Windows NT 6.1; Win64; x64) AppleWebKit/537.36 (KHTML, like Gecko) Chrome/89.0.4389.90 Safari/537.36" 
221.218.209.152 - - [19/Mar/2021:11:51:56 +0800] "GET /api/v1/course/actual/12/sections/?courseType=actual&id=12 HTTP/1.1" 200 4628 "https://www.luffycity.com/" "Mozilla/5.0 (Windows NT 6.1; Win64; x64) AppleWebKit/537.36 (KHTML, like Gecko) Chrome/89.0.4389.90 Safari/537.36" 
122.6.139.181 - - [19/Mar/2021:11:51:57 +0800] "OPTIONS /api/v1/comment/?section_id=12848&limit=10&offset=0 HTTP/1.1" 200 0 "https://www.luffycity.com/" "Mozilla/5.0 (Windows NT 10.0; Win64; x64) AppleWebKit/537.36 (KHTML, like Gecko) Chrome/89.0.4389.90 Safari/537.36" 
122.6.139.181 - - [19/Mar/2021:11:51:57 +0800] "OPTIONS /api/v1/survey/section/12848/?sectionId=12848 HTTP/1.1" 200 0 "https://www.luffycity.com/" "Mozilla/5.0 (Windows NT 10.0; Win64; x64) AppleWebKit/537.36 (KHTML, like Gecko) Chrome/89.0.4389.90 Safari/537.36" 
122.6.139.181 - - [19/Mar/2021:11:51:57 +0800] "GET /api/v1/survey/section/12848/?sectionId=12848 HTTP/1.1" 200 10 "https://www.luffycity.com/" "Mozilla/5.0 (Windows NT 10.0; Win64; x64) AppleWebKit/537.36 (KHTML, like Gecko) Chrome/89.0.4389.90 Safari/537.36" 
122.6.139.181 - - [19/Mar/2021:11:51:57 +0800] "GET /api/v1/play/12848/?play_id=12848 HTTP/1.1" 200 443 "https://www.luffycity.com/" "Mozilla/5.0 (Windows NT 10.0; Win64; x64) AppleWebKit/537.36 (KHTML, like Gecko) Chrome/89.0.4389.90 Safari/537.36" 
14.24.133.67 - - [19/Mar/2021:11:52:00 +0800] "OPTIONS /api/v1/survey/section/11990/?sectionId=11990 HTTP/1.1" 200 0 "https://www.luffycity.com/" "Mozilla/5.0 (Windows NT 10.0; Win64; x64) AppleWebKit/537.36 (KHTML, like Gecko) Chrome/89.0.4389.90 Safari/537.36" 
14.24.133.67 - - [19/Mar/2021:11:52:00 +0800] "OPTIONS /api/v1/comment/?section_id=11990&limit=10&offset=0 HTTP/1.1" 200 0 "https://www.luffycity.com/" "Mozilla/5.0 (Windows NT 10.0; Win64; x64) AppleWebKit/537.36 (KHTML, like Gecko) Chrome/89.0.4389.90 Safari/537.36" 
14.24.133.67 - - [19/Mar/2021:11:52:00 +0800] "GET /api/v1/play/11990/?play_id=11990 HTTP/1.1" 200 401 "https://www.luffycity.com/" "Mozilla/5.0 (Windows NT 10.0; Win64; x64) AppleWebKit/537.36 (KHTML, like Gecko) Chrome/89.0.4389.90 Safari/537.36" 
14.24.133.67 - - [19/Mar/2021:11:52:00 +0800] "GET /api/v1/comment/?section_id=11990&limit=10&offset=0 HTTP/1.1" 200 1704 "https://www.luffycity.com/" "Mozilla/5.0 (Windows NT 10.0; Win64; x64) AppleWebKit/537.36 (KHTML, like Gecko) Chrome/89.0.4389.90 Safari/537.36" 
221.218.209.152 - - [19/Mar/2021:11:52:04 +0800] "OPTIONS /api/v1/comment/?section_id=32224&limit=10&offset=0 HTTP/1.1" 200 0 "https://www.luffycity.com/" "Mozilla/5.0 (Windows NT 6.1; Win64; x64) AppleWebKit/537.36 (KHTML, like Gecko) Chrome/89.0.4389.90 Safari/537.36" 
221.218.209.152 - - [19/Mar/2021:11:52:04 +0800] "OPTIONS /api/v1/survey/section/32224/?sectionId=32224 HTTP/1.1" 200 0 "https://www.luffycity.com/" "Mozilla/5.0 (Windows NT 6.1; Win64; x64) AppleWebKit/537.36 (KHTML, like Gecko) Chrome/89.0.4389.90 Safari/537.36" 
221.218.209.152 - - [19/Mar/2021:11:52:04 +0800] "GET /api/v1/survey/section/32224/?sectionId=32224 HTTP/1.1" 200 10 "https://www.luffycity.com/" "Mozilla/5.0 (Windows NT 6.1; Win64; x64) AppleWebKit/537.36 (KHTML, like Gecko) Chrome/89.0.4389.90 Safari/537.36" 
221.218.209.152 - - [19/Mar/2021:11:52:04 +0800] "GET /api/v1/comment/?section_id=32224&limit=10&offset=0 HTTP/1.1" 200 69 "https://www.luffycity.com/" "Mozilla/5.0 (Windows NT 6.1; Win64; x64) AppleWebKit/537.36 (KHTML, like Gecko) Chrome/89.0.4389.90 Safari/537.36" 
61.140.73.98 - - [19/Mar/2021:11:52:20 +0800] "OPTIONS /api/v1/comment/?section_id=28023&limit=10&offset=0 HTTP/1.1" 200 0 "https://www.luffycity.com/play/28023" "Mozilla/5.0 (Windows NT 10.0; WOW64) AppleWebKit/537.36 (KHTML, like Gecko) Chrome/86.0.4240.198 Safari/537.36" 
61.140.73.98 - - [19/Mar/2021:11:52:20 +0800] "OPTIONS /api/v1/survey/section/28023/?sectionId=28023 HTTP/1.1" 200 0 "https://www.luffycity.com/play/28023" "Mozilla/5.0 (Windows NT 10.0; WOW64) AppleWebKit/537.36 (KHTML, like Gecko) Chrome/86.0.4240.198 Safari/537.36" 
61.140.73.98 - - [19/Mar/2021:11:52:21 +0800] "GET /api/v1/survey/section/28023/?sectionId=28023 HTTP/1.1" 200 10 "https://www.luffycity.com/play/28023" "Mozilla/5.0 (Windows NT 10.0; WOW64) AppleWebKit/537.36 (KHTML, like Gecko) Chrome/86.0.4240.198 Safari/537.36" 
61.140.73.98 - - [19/Mar/2021:11:52:21 +0800] "GET /api/v1/comment/?section_id=28023&limit=10&offset=0 HTTP/1.1" 200 1440 "https://www.luffycity.com/play/28023" "Mozilla/5.0 (Windows NT 10.0; WOW64) AppleWebKit/537.36 (KHTML, like Gecko) Chrome/86.0.4240.198 Safari/537.36" 
221.218.209.152, 39.97.49.232 - - [19/Mar/2021:11:52:29 +0800] "GET /api/v1/auth/token/ HTTP/1.1" 200 64 "https://www.luffycity.com/employment-course/4/chapter" "Mozilla/5.0 (Windows NT 10.0; Win64; x64) AppleWebKit/537.36 (KHTML, like Gecko) Chrome/88.0.4324.150 Safari/537.36" 
221.218.209.152, 39.97.49.232 - - [19/Mar/2021:11:52:29 +0800] "GET /api/v1/course/degree/ HTTP/1.1" 200 951 "https://www.luffycity.com/employment-course/4/chapter" "Mozilla/5.0 (Windows NT 10.0; Win64; x64) AppleWebKit/537.36 (KHTML, like Gecko) Chrome/88.0.4324.150 Safari/537.36" 
221.218.209.152 - - [19/Mar/2021:11:52:31 +0800] "GET /api/v1/course/degree/1/?courseType=degree&id=1 HTTP/1.1" 200 711 "https://www.luffycity.com/" "Mozilla/5.0 (Windows NT 10.0; Win64; x64) AppleWebKit/537.36 (KHTML, like Gecko) Chrome/88.0.4324.150 Safari/537.36" 
39.97.50.217 - - [19/Mar/2021:11:52:34 +0800] "GET /api/v1/result/ HTTP/1.1" 200 231 "-" "Mozilla/5.0 (Linux; Android 6.0.1; Nexus 5X Build/MMB29P) AppleWebKit/537.36 (KHTML, like Gecko) Chrome/89.0.4389.95 Mobile Safari/537.36 (compatible; Googlebot/2.1; +http://www.google.com/bot.html)" 
39.97.50.217 - - [19/Mar/2021:11:52:34 +0800] "GET /api/v1/course/degree/2/?courseType=degree&id=2 HTTP/1.1" 200 654 "-" "Mozilla/5.0 (Linux; Android 6.0.1; Nexus 5X Build/MMB29P) AppleWebKit/537.36 (KHTML, like Gecko) Chrome/89.0.4389.95 Mobile Safari/537.36 (compatible; Googlebot/2.1; +http://www.google.com/bot.html)" 
49.82.93.151, 39.97.49.232 - - [19/Mar/2021:11:52:35 +0800] "GET /api/v1/auth/token/ HTTP/1.1" 200 29 "-" "Mozilla/5.0 (Windows NT 6.1; WOW64) AppleWebKit/537.36 (KHTML, like Gecko) Chrome/48.0.2564.116 Safari/537.36 TheWorld 7" 
49.82.93.151 - - [19/Mar/2021:11:52:36 +0800] "OPTIONS /api/v1/activity/survey/?course_id=256 HTTP/1.1" 200 0 "https://www.luffycity.com/activity/vue-camp" "Mozilla/5.0 (Windows NT 6.1; WOW64) AppleWebKit/537.36 (KHTML, like Gecko) Chrome/48.0.2564.116 Safari/537.36 TheWorld 7" 
106.33.230.147 - - [19/Mar/2021:11:52:56 +0800] "OPTIONS /api/v1/survey/section/30877/?sectionId=30877 HTTP/1.1" 200 0 "https://www.luffycity.com/play/30877" "Mozilla/5.0 (Windows NT 10.0; Win64; x64; rv:86.0) Gecko/20100101 Firefox/86.0" 
106.33.230.147 - - [19/Mar/2021:11:52:56 +0800] "OPTIONS /api/v1/comment/?section_id=30877&limit=10&offset=0 HTTP/1.1" 200 0 "https://www.luffycity.com/play/30877" "Mozilla/5.0 (Windows NT 10.0; Win64; x64; rv:86.0) Gecko/20100101 Firefox/86.0" 
106.33.230.147 - - [19/Mar/2021:11:52:56 +0800] "GET /api/v1/play/sections/?section_id=30877 HTTP/1.1" 200 3297 "https://www.luffycity.com/play/30877" "Mozilla/5.0 (Windows NT 10.0; Win64; x64; rv:86.0) Gecko/20100101 Firefox/86.0" 
106.33.230.147 - - [19/Mar/2021:11:52:56 +0800] "GET /api/v1/comment/?section_id=30877&limit=10&offset=0 HTTP/1.1" 200 1641 "https://www.luffycity.com/play/30877" "Mozilla/5.0 (Windows NT 10.0; Win64; x64; rv:86.0) Gecko/20100101 Firefox/86.0" 
221.218.209.152 - - [19/Mar/2021:11:53:03 +0800] "GET /api/v1/auth/wechat/ HTTP/1.1" 200 232 "https://www.luffycity.com/" "Mozilla/5.0 (Windows NT 10.0; Win64; x64) AppleWebKit/537.36 (KHTML, like Gecko) Chrome/88.0.4324.150 Safari/537.36" 
117.154.89.17 - - [19/Mar/2021:11:53:24 +0800] "POST /api/v1/survey/section/30880/?sectionId=30880 HTTP/1.1" 200 10 "https://www.luffycity.com/" "Mozilla/5.0 (Macintosh; Intel Mac OS X 11_2_3) AppleWebKit/537.36 (KHTML, like Gecko) Chrome/89.0.4389.90 Safari/537.36" 
117.154.89.17 - - [19/Mar/2021:11:53:25 +0800] "OPTIONS /api/v1/comment/?section_id=30881&limit=10&offset=0 HTTP/1.1" 200 0 "https://www.luffycity.com/" "Mozilla/5.0 (Macintosh; Intel Mac OS X 11_2_3) AppleWebKit/537.36 (KHTML, like Gecko) Chrome/89.0.4389.90 Safari/537.36" 
117.154.89.17 - - [19/Mar/2021:11:53:25 +0800] "OPTIONS /api/v1/survey/section/30881/?sectionId=30881 HTTP/1.1" 200 0 "https://www.luffycity.com/" "Mozilla/5.0 (Macintosh; Intel Mac OS X 11_2_3) AppleWebKit/537.36 (KHTML, like Gecko) Chrome/89.0.4389.90 Safari/537.36" 
117.154.89.17 - - [19/Mar/2021:11:53:25 +0800] "GET /api/v1/survey/section/30881/?sectionId=30881 HTTP/1.1" 200 10 "https://www.luffycity.com/" "Mozilla/5.0 (Macintosh; Intel Mac OS X 11_2_3) AppleWebKit/537.36 (KHTML, like Gecko) Chrome/89.0.4389.90 Safari/537.36" 
117.154.89.17 - - [19/Mar/2021:11:53:25 +0800] "GET /api/v1/play/30881/?play_id=30881 HTTP/1.1" 200 414 "https://www.luffycity.com/" "Mozilla/5.0 (Macintosh; Intel Mac OS X 11_2_3) AppleWebKit/537.36 (KHTML, like Gecko) Chrome/89.0.4389.90 Safari/537.36" 
221.218.209.152, 39.97.49.232 - - [19/Mar/2021:11:53:43 +0800] "GET /api/v1/course/category/actual/?courseType=actual HTTP/1.1" 200 252 "https://www.luffycity.com/study/degree" "Mozilla/5.0 (Windows NT 10.0; Win64; x64) AppleWebKit/537.36 (KHTML, like Gecko) Chrome/87.0.4280.141 Safari/537.36" 
117.140.155.180, 39.97.49.232 - - [19/Mar/2021:11:53:44 +0800] "GET /api/v1/auth/token/ HTTP/1.1" 200 29 "http://c.biancheng.net/" "Mozilla/5.0 (Windows NT 10.0; Win64; x64) AppleWebKit/537.36 (KHTML, like Gecko) Chrome/89.0.4389.90 Safari/537.36 Edg/89.0.774.54" 
117.140.155.180 - - [19/Mar/2021:11:53:45 +0800] "GET /api/v1/activity/survey/?course_id=252 HTTP/1.1" 200 11 "https://www.luffycity.com/" "Mozilla/5.0 (Windows NT 10.0; Win64; x64) AppleWebKit/537.36 (KHTML, like Gecko) Chrome/89.0.4389.90 Safari/537.36 Edg/89.0.774.54" 
203.208.60.99, 39.97.49.232 - - [19/Mar/2021:11:53:53 +0800] "GET /api/v1/index/banner/ HTTP/1.1" 200 382 "-" "Mozilla/5.0 (compatible; Googlebot/2.1; +http://www.google.com/bot.html)" 
203.208.60.99, 39.97.49.232 - - [19/Mar/2021:11:53:53 +0800] "GET /api/v1/course/degree/ HTTP/1.1" 200 951 "-" "Mozilla/5.0 (compatible; Googlebot/2.1; +http://www.google.com/bot.html)" 
203.208.60.99, 39.97.49.232 - - [19/Mar/2021:11:53:53 +0800] "GET /api/v1/course/home-free/?limit=3 HTTP/1.1" 200 865 "-" "Mozilla/5.0 (compatible; Googlebot/2.1; +http://www.google.com/bot.html)" 
203.208.60.85 - - [19/Mar/2021:11:54:11 +0800] "OPTIONS /api/v1/result/enroll/?resultType=enroll&limit=2 HTTP/1.1" 200 0 "https://www.luffycity.com/" "Mozilla/5.0 AppleWebKit/537.36 (KHTML, like Gecko; compatible; Googlebot/2.1; +http://www.google.com/bot.html) Safari/537.36" 
183.56.161.224 - - [19/Mar/2021:11:54:19 +0800] "OPTIONS /api/v1/comment/?section_id=3671&limit=10&offset=0 HTTP/1.1" 200 0 "https://www.luffycity.com/play/3671" "Mozilla/5.0 (Windows NT 10.0; WOW64) AppleWebKit/537.36 (KHTML, like Gecko) Chrome/80.0.3987.87 Safari/537.36 SE 2.X MetaSr 1.0" 
183.56.161.224 - - [19/Mar/2021:11:54:19 +0800] "OPTIONS /api/v1/survey/section/3671/?sectionId=3671 HTTP/1.1" 200 0 "https://www.luffycity.com/play/3671" "Mozilla/5.0 (Windows NT 10.0; WOW64) AppleWebKit/537.36 (KHTML, like Gecko) Chrome/80.0.3987.87 Safari/537.36 SE 2.X MetaSr 1.0" 
183.56.161.224 - - [19/Mar/2021:11:54:20 +0800] "GET /api/v1/play/sections/?section_id=3671 HTTP/1.1" 200 7417 "https://www.luffycity.com/play/3671" "Mozilla/5.0 (Windows NT 10.0; WOW64) AppleWebKit/537.36 (KHTML, like Gecko) Chrome/80.0.3987.87 Safari/537.36 SE 2.X MetaSr 1.0" 
183.56.161.224 - - [19/Mar/2021:11:54:20 +0800] "GET /api/v1/play/3671/?play_id=3671 HTTP/1.1" 200 407 "https://www.luffycity.com/play/3671" "Mozilla/5.0 (Windows NT 10.0; WOW64) AppleWebKit/537.36 (KHTML, like Gecko) Chrome/80.0.3987.87 Safari/537.36 SE 2.X MetaSr 1.0" 
183.160.93.200 - - [19/Mar/2021:11:54:20 +0800] "GET /api/v1/auth/token/ HTTP/1.1" 200 400 "https://m.luffycity.com/play/19410" "Mozilla/5.0 (Linux; Android 10; LIO-AN00; HMSCore 5.2.0.303) AppleWebKit/537.36 (KHTML, like Gecko) Chrome/83.0.4103.106 HuaweiBrowser/11.0.7.305 Mobile Safari/537.36" 
183.160.93.200 - - [19/Mar/2021:11:54:20 +0800] "GET /api/v1/play/sections/?section_id=19411 HTTP/1.1" 200 1969 "https://m.luffycity.com/play/19411" "Mozilla/5.0 (Linux; Android 10; LIO-AN00; HMSCore 5.2.0.303) AppleWebKit/537.36 (KHTML, like Gecko) Chrome/83.0.4103.106 HuaweiBrowser/11.0.7.305 Mobile Safari/537.36" 
117.173.227.235 - - [19/Mar/2021:11:54:26 +0800] "GET /api/v1/index/banner/ HTTP/1.1" 200 20 "https://m.luffycity.com/" "Mozilla/5.0 (Linux; Android 11; Mi 10) AppleWebKit/537.36 (KHTML, like Gecko) Chrome/88.0.4324.181 Mobile Safari/537.36" 
117.173.227.235 - - [19/Mar/2021:11:54:39 +0800] "GET /api/v1/course/degree/2/teacher/?id=2 HTTP/1.1" 200 2563 "https://m.luffycity.com/employment-course/2/detail" "Mozilla/5.0 (Linux; Android 11; Mi 10) AppleWebKit/537.36 (KHTML, like Gecko) Chrome/88.0.4324.181 Mobile Safari/537.36" 
42.84.148.210 - - [19/Mar/2021:11:54:43 +0800] "GET /api/v1/activity/survey/?course_id=252 HTTP/1.1" 200 11 "https://www.luffycity.com/activity/python-8days-camp?source=c" "Mozilla/5.0 (compatible; MSIE 9.0; Windows NT 6.1; WOW64; Trident/7.0)" 
117.173.227.235 - - [19/Mar/2021:11:55:06 +0800] "GET /api/v1/auth/token/ HTTP/1.1" 200 29 "https://m.luffycity.com/employment-course/2/detail" "Mozilla/5.0 (Linux; Android 11; Mi 10) AppleWebKit/537.36 (KHTML, like Gecko) Chrome/88.0.4324.181 Mobile Safari/537.36" 
113.111.8.196, 39.97.49.232 - - [19/Mar/2021:11:55:18 +0800] "GET /api/v1/index/banner/ HTTP/1.1" 200 382 "-" "Mozilla/5.0 (Windows NT 10.0; Win64; x64) AppleWebKit/537.36 (KHTML, like Gecko) Chrome/89.0.4389.90 Safari/537.36" 
113.111.8.196, 39.97.49.232 - - [19/Mar/2021:11:55:18 +0800] "GET /api/v1/course/actual/?limit=3 HTTP/1.1" 200 2342 "-" "Mozilla/5.0 (Windows NT 10.0; Win64; x64) AppleWebKit/537.36 (KHTML, like Gecko) Chrome/89.0.4389.90 Safari/537.36" 
113.111.8.196, 39.97.49.232 - - [19/Mar/2021:11:55:18 +0800] "GET /api/v1/course/degree/ HTTP/1.1" 200 951 "-" "Mozilla/5.0 (Windows NT 10.0; Win64; x64) AppleWebKit/537.36 (KHTML, like Gecko) Chrome/89.0.4389.90 Safari/537.36" 
113.111.8.196 - - [19/Mar/2021:11:55:19 +0800] "GET /api/v1/result/enroll/?resultType=enroll&limit=2 HTTP/1.1" 200 722 "https://www.luffycity.com/" "Mozilla/5.0 (Windows NT 10.0; Win64; x64) AppleWebKit/537.36 (KHTML, like Gecko) Chrome/89.0.4389.90 Safari/537.36" 
113.111.8.196 - - [19/Mar/2021:11:55:21 +0800] "GET /api/v1/study/degrees/1/mentor/?degree_id=1 HTTP/1.1" 200 188 "https://www.luffycity.com/" "Mozilla/5.0 (Windows NT 10.0; Win64; x64) AppleWebKit/537.36 (KHTML, like Gecko) Chrome/89.0.4389.90 Safari/537.36" 
113.111.8.196 - - [19/Mar/2021:11:55:21 +0800] "GET /api/v1/study/data/ HTTP/1.1" 200 109 "https://www.luffycity.com/" "Mozilla/5.0 (Windows NT 10.0; Win64; x64) AppleWebKit/537.36 (KHTML, like Gecko) Chrome/89.0.4389.90 Safari/537.36" 
113.111.8.196 - - [19/Mar/2021:11:55:22 +0800] "GET /api/v1/study/degrees/1/?degree_id=1 HTTP/1.1" 200 1963 "https://www.luffycity.com/" "Mozilla/5.0 (Windows NT 10.0; Win64; x64) AppleWebKit/537.36 (KHTML, like Gecko) Chrome/89.0.4389.90 Safari/537.36" 
113.111.8.196 - - [19/Mar/2021:11:55:24 +0800] "GET /api/v1/study/module/degree/101765/?courseType=degree&id=101765 HTTP/1.1" 200 3007 "https://www.luffycity.com/" "Mozilla/5.0 (Windows NT 10.0; Win64; x64) AppleWebKit/537.36 (KHTML, like Gecko) Chrome/89.0.4389.90 Safari/537.36" 
183.36.69.149 - - [19/Mar/2021:11:55:28 +0800] "OPTIONS /api/v1/comment/?section_id=1089&limit=10&offset=0 HTTP/1.1" 200 0 "-" "Mozilla/5.0 (Windows NT 10.0; WOW64) AppleWebKit/537.36 (KHTML, like Gecko) Chrome/70.0.3538.25 Safari/537.36 Core/1.70.3861.400 QQBrowser/10.7.4313.400" 
183.36.69.149 - - [19/Mar/2021:11:55:28 +0800] "OPTIONS /api/v1/survey/section/1089/?sectionId=1089 HTTP/1.1" 200 0 "-" "Mozilla/5.0 (Windows NT 10.0; WOW64) AppleWebKit/537.36 (KHTML, like Gecko) Chrome/70.0.3538.25 Safari/537.36 Core/1.70.3861.400 QQBrowser/10.7.4313.400" 
183.36.69.149 - - [19/Mar/2021:11:55:28 +0800] "GET /api/v1/survey/section/1089/?sectionId=1089 HTTP/1.1" 200 10 "https://www.luffycity.com/play/1089" "Mozilla/5.0 (Windows NT 10.0; WOW64) AppleWebKit/537.36 (KHTML, like Gecko) Chrome/70.0.3538.25 Safari/537.36 Core/1.70.3861.400 QQBrowser/10.7.4313.400" 
183.36.69.149 - - [19/Mar/2021:11:55:28 +0800] "GET /api/v1/play/sections/?section_id=1089 HTTP/1.1" 200 3117 "https://www.luffycity.com/play/1089" "Mozilla/5.0 (Windows NT 10.0; WOW64) AppleWebKit/537.36 (KHTML, like Gecko) Chrome/70.0.3538.25 Safari/537.36 Core/1.70.3861.400 QQBrowser/10.7.4313.400" 
221.218.209.152 - - [19/Mar/2021:11:55:39 +0800] "OPTIONS /api/v1/auth/password/login/?loginWay=password HTTP/1.1" 200 0 "https://www.luffycity.com/" "Mozilla/5.0 (Windows NT 10.0; Win64; x64) AppleWebKit/537.36 (KHTML, like Gecko) Chrome/88.0.4324.150 Safari/537.36" 
221.218.209.152 - - [19/Mar/2021:11:55:40 +0800] "OPTIONS /api/v1/auth/captcha/ HTTP/1.1" 200 0 "https://www.luffycity.com/" "Mozilla/5.0 (Windows NT 10.0; Win64; x64) AppleWebKit/537.36 (KHTML, like Gecko) Chrome/88.0.4324.150 Safari/537.36" 
221.218.209.152 - - [19/Mar/2021:11:55:42 +0800] "OPTIONS /api/v1/check/mobile/?field=mobile&mobile=17600789903 HTTP/1.1" 200 0 "https://www.luffycity.com/" "Mozilla/5.0 (Windows NT 10.0; Win64; x64) AppleWebKit/537.36 (KHTML, like Gecko) Chrome/88.0.4324.150 Safari/537.36" 
117.173.227.235 - - [19/Mar/2021:11:55:42 +0800] "GET /api/v1/auth/token/ HTTP/1.1" 200 29 "https://m.luffycity.com/employment-course/2/issue" "Mozilla/5.0 (Linux; Android 11; Mi 10) AppleWebKit/537.36 (KHTML, like Gecko) Chrome/88.0.4324.181 Mobile Safari/537.36" 
117.173.227.235 - - [19/Mar/2021:11:55:43 +0800] "GET /api/v1/result/enroll/?resultType=enroll&limit=30&degree_id=2 HTTP/1.1" 200 4629 "https://m.luffycity.com/employment-course/2/comment" "Mozilla/5.0 (Linux; Android 11; Mi 10) AppleWebKit/537.36 (KHTML, like Gecko) Chrome/88.0.4324.181 Mobile Safari/537.36" 
221.218.209.152 - - [19/Mar/2021:11:55:45 +0800] "OPTIONS /api/v1/sms/send/ HTTP/1.1" 200 0 "https://www.luffycity.com/" "Mozilla/5.0 (Windows NT 10.0; Win64; x64) AppleWebKit/537.36 (KHTML, like Gecko) Chrome/88.0.4324.150 Safari/537.36" 
221.218.209.152 - - [19/Mar/2021:11:56:02 +0800] "OPTIONS /api/v1/auth/mobile/login/?loginWay=mobile HTTP/1.1" 200 0 "https://www.luffycity.com/" "Mozilla/5.0 (Windows NT 10.0; Win64; x64) AppleWebKit/537.36 (KHTML, like Gecko) Chrome/88.0.4324.150 Safari/537.36" 
221.218.209.152 - - [19/Mar/2021:11:56:03 +0800] "OPTIONS /api/v1/auth/token/ HTTP/1.1" 200 0 "https://www.luffycity.com/" "Mozilla/5.0 (Windows NT 10.0; Win64; x64) AppleWebKit/537.36 (KHTML, like Gecko) Chrome/88.0.4324.150 Safari/537.36" 
14.18.233.67, 39.97.49.232 - - [19/Mar/2021:11:56:03 +0800] "GET /api/v1/index/banner/ HTTP/1.1" 200 382 "-" "Mozilla/5.0 (Windows NT 10.0; Win64; x64) AppleWebKit/537.36 (KHTML, like Gecko) Chrome/89.0.4389.90 Safari/537.36" 
14.18.233.67 - - [19/Mar/2021:11:56:04 +0800] "GET /api/v1/result/enroll/?resultType=enroll&limit=2 HTTP/1.1" 200 722 "https://www.luffycity.com/" "Mozilla/5.0 (Windows NT 10.0; Win64; x64) AppleWebKit/537.36 (KHTML, like Gecko) Chrome/89.0.4389.90 Safari/537.36" 
183.198.250.163 - - [19/Mar/2021:11:56:04 +0800] "OPTIONS /api/v1/activity/survey/?course_id=256 HTTP/1.1" 200 0 "https://www.luffycity.com/" "Mozilla/5.0 (Windows NT 10.0; Win64; x64) AppleWebKit/537.36 (KHTML, like Gecko) Chrome/88.0.4324.150 Safari/537.36" 
14.18.233.67 - - [19/Mar/2021:11:56:07 +0800] "GET /api/v1/auth/wechat/ HTTP/1.1" 200 232 "https://www.luffycity.com/" "Mozilla/5.0 (Windows NT 10.0; Win64; x64) AppleWebKit/537.36 (KHTML, like Gecko) Chrome/89.0.4389.90 Safari/537.36" 
14.18.233.67 - - [19/Mar/2021:11:56:14 +0800] "POST /api/v1/auth/password/login/?loginWay=password HTTP/1.1" 200 274 "https://www.luffycity.com/" "Mozilla/5.0 (Windows NT 10.0; Win64; x64) AppleWebKit/537.36 (KHTML, like Gecko) Chrome/89.0.4389.90 Safari/537.36" 
14.18.233.67 - - [19/Mar/2021:11:56:14 +0800] "GET /api/v1/auth/token/ HTTP/1.1" 200 376 "https://www.luffycity.com/" "Mozilla/5.0 (Windows NT 10.0; Win64; x64) AppleWebKit/537.36 (KHTML, like Gecko) Chrome/89.0.4389.90 Safari/537.36" 
223.157.111.113 - - [19/Mar/2021:11:56:20 +0800] "OPTIONS /api/v1/survey/section/2960/?sectionId=2960 HTTP/1.1" 200 0 "https://www.luffycity.com/play/2960" "Mozilla/5.0 (Windows NT 10.0; WOW64) AppleWebKit/537.36 (KHTML, like Gecko) Chrome/53.0.2785.116 Safari/537.36 QBCore/4.0.1316.400 QQBrowser/9.0.2524.400 Mozilla/5.0 (Windows NT 6.1; WOW64) AppleWebKit/537.36 (KHTML, like Gecko) Chrome/53.0.2875.116 Safari/537.36 NetType/WIFI MicroMessenger/7.0.20.1781(0x6700143B) WindowsWechat" 
223.157.111.113 - - [19/Mar/2021:11:56:20 +0800] "OPTIONS /api/v1/play/2960/?play_id=2960 HTTP/1.1" 200 0 "https://www.luffycity.com/play/2960" "Mozilla/5.0 (Windows NT 10.0; WOW64) AppleWebKit/537.36 (KHTML, like Gecko) Chrome/53.0.2785.116 Safari/537.36 QBCore/4.0.1316.400 QQBrowser/9.0.2524.400 Mozilla/5.0 (Windows NT 6.1; WOW64) AppleWebKit/537.36 (KHTML, like Gecko) Chrome/53.0.2875.116 Safari/537.36 NetType/WIFI MicroMessenger/7.0.20.1781(0x6700143B) WindowsWechat" 
223.157.111.113 - - [19/Mar/2021:11:56:20 +0800] "GET /api/v1/play/sections/?section_id=2960 HTTP/1.1" 200 3450 "https://www.luffycity.com/play/2960" "Mozilla/5.0 (Windows NT 10.0; WOW64) AppleWebKit/537.36 (KHTML, like Gecko) Chrome/53.0.2785.116 Safari/537.36 QBCore/4.0.1316.400 QQBrowser/9.0.2524.400 Mozilla/5.0 (Windows NT 6.1; WOW64) AppleWebKit/537.36 (KHTML, like Gecko) Chrome/53.0.2875.116 Safari/537.36 NetType/WIFI MicroMessenger/7.0.20.1781(0x6700143B) WindowsWechat" 
223.157.111.113 - - [19/Mar/2021:11:56:20 +0800] "GET /api/v1/play/2960/?play_id=2960 HTTP/1.1" 200 472 "https://www.luffycity.com/play/2960" "Mozilla/5.0 (Windows NT 10.0; WOW64) AppleWebKit/537.36 (KHTML, like Gecko) Chrome/53.0.2785.116 Safari/537.36 QBCore/4.0.1316.400 QQBrowser/9.0.2524.400 Mozilla/5.0 (Windows NT 6.1; WOW64) AppleWebKit/537.36 (KHTML, like Gecko) Chrome/53.0.2875.116 Safari/537.36 NetType/WIFI MicroMessenger/7.0.20.1781(0x6700143B) WindowsWechat" 
14.18.233.67, 39.97.49.232 - - [19/Mar/2021:11:56:21 +0800] "GET /api/v1/auth/token/ HTTP/1.1" 200 376 "-" "Mozilla/5.0 (Windows NT 10.0; Win64; x64) AppleWebKit/537.36 (KHTML, like Gecko) Chrome/89.0.4389.90 Safari/537.36" 
14.18.233.67, 39.97.49.232 - - [19/Mar/2021:11:56:22 +0800] "GET /api/v1/course/degree/ HTTP/1.1" 200 951 "-" "Mozilla/5.0 (Windows NT 10.0; Win64; x64) AppleWebKit/537.36 (KHTML, like Gecko) Chrome/89.0.4389.90 Safari/537.36" 
14.18.233.67, 39.97.49.232 - - [19/Mar/2021:11:56:22 +0800] "GET /api/v1/course/home-free/?limit=3 HTTP/1.1" 200 865 "-" "Mozilla/5.0 (Windows NT 10.0; Win64; x64) AppleWebKit/537.36 (KHTML, like Gecko) Chrome/89.0.4389.90 Safari/537.36" 
221.218.209.152 - - [19/Mar/2021:11:56:22 +0800] "OPTIONS /api/v1/account/coupon/ HTTP/1.1" 200 0 "https://www.luffycity.com/" "Mozilla/5.0 (Windows NT 10.0; Win64; x64) AppleWebKit/537.36 (KHTML, like Gecko) Chrome/88.0.4324.150 Safari/537.36" 
14.18.233.67 - - [19/Mar/2021:11:56:22 +0800] "GET /api/v1/result/enroll/?resultType=enroll&limit=2 HTTP/1.1" 200 722 "https://www.luffycity.com/" "Mozilla/5.0 (Windows NT 10.0; Win64; x64) AppleWebKit/537.36 (KHTML, like Gecko) Chrome/89.0.4389.90 Safari/537.36" 
14.18.233.67 - - [19/Mar/2021:11:56:23 +0800] "OPTIONS /api/v1/study/data/ HTTP/1.1" 200 0 "https://www.luffycity.com/" "Mozilla/5.0 (Windows NT 10.0; Win64; x64) AppleWebKit/537.36 (KHTML, like Gecko) Chrome/89.0.4389.90 Safari/537.36" 
14.18.233.67 - - [19/Mar/2021:11:56:23 +0800] "GET /api/v1/study/degrees/0/mentor/?degree_id=0 HTTP/1.1" 200 137 "https://www.luffycity.com/" "Mozilla/5.0 (Windows NT 10.0; Win64; x64) AppleWebKit/537.36 (KHTML, like Gecko) Chrome/89.0.4389.90 Safari/537.36" 
14.18.233.67 - - [19/Mar/2021:11:56:23 +0800] "GET /api/v1/study/degrees/ HTTP/1.1" 200 267 "https://www.luffycity.com/" "Mozilla/5.0 (Windows NT 10.0; Win64; x64) AppleWebKit/537.36 (KHTML, like Gecko) Chrome/89.0.4389.90 Safari/537.36" 
14.18.233.67 - - [19/Mar/2021:11:56:23 +0800] "OPTIONS /api/v1/study/data/?degree_id=2 HTTP/1.1" 200 0 "https://www.luffycity.com/" "Mozilla/5.0 (Windows NT 10.0; Win64; x64) AppleWebKit/537.36 (KHTML, like Gecko) Chrome/89.0.4389.90 Safari/537.36" 
14.18.233.67 - - [19/Mar/2021:11:56:24 +0800] "GET /api/v1/study/data/?degree_id=2 HTTP/1.1" 200 115 "https://www.luffycity.com/" "Mozilla/5.0 (Windows NT 10.0; Win64; x64) AppleWebKit/537.36 (KHTML, like Gecko) Chrome/89.0.4389.90 Safari/537.36" 
14.18.233.67 - - [19/Mar/2021:11:56:24 +0800] "GET /api/v1/study/degrees/2/?degree_id=2 HTTP/1.1" 200 1340 "https://www.luffycity.com/" "Mozilla/5.0 (Windows NT 10.0; Win64; x64) AppleWebKit/537.36 (KHTML, like Gecko) Chrome/89.0.4389.90 Safari/537.36" 
112.6.124.183 - - [19/Mar/2021:11:56:26 +0800] "POST /api/v1/survey/section/26672/?sectionId=26672 HTTP/1.1" 200 10 "https://www.luffycity.com/" "Mozilla/5.0 (Windows NT 10.0; Win64; x64) AppleWebKit/537.36 (KHTML, like Gecko) Chrome/89.0.4389.90 Safari/537.36" 
221.218.209.152 - - [19/Mar/2021:11:56:35 +0800] "OPTIONS /api/v1/store/ HTTP/1.1" 200 0 "https://www.luffycity.com/" "Mozilla/5.0 (Windows NT 6.1; Win64; x64) AppleWebKit/537.36 (KHTML, like Gecko) Chrome/89.0.4389.90 Safari/537.36" 
112.6.124.183 - - [19/Mar/2021:11:56:35 +0800] "GET /api/v1/study/degrees/23/mentor/?degree_id=23 HTTP/1.1" 200 188 "https://www.luffycity.com/" "Mozilla/5.0 (Windows NT 10.0; Win64; x64) AppleWebKit/537.36 (KHTML, like Gecko) Chrome/89.0.4389.90 Safari/537.36" 
112.6.124.183 - - [19/Mar/2021:11:56:35 +0800] "GET /api/v1/study/data/ HTTP/1.1" 200 111 "https://www.luffycity.com/" "Mozilla/5.0 (Windows NT 10.0; Win64; x64) AppleWebKit/537.36 (KHTML, like Gecko) Chrome/89.0.4389.90 Safari/537.36" 
112.6.124.183 - - [19/Mar/2021:11:56:35 +0800] "GET /api/v1/study/degrees/23/?degree_id=23 HTTP/1.1" 200 1656 "https://www.luffycity.com/" "Mozilla/5.0 (Windows NT 10.0; Win64; x64) AppleWebKit/537.36 (KHTML, like Gecko) Chrome/89.0.4389.90 Safari/537.36" 
112.6.124.183 - - [19/Mar/2021:11:56:38 +0800] "OPTIONS /api/v1/study/module/234/homework/203/?moduleId=234&homeworkId=203 HTTP/1.1" 200 0 "https://www.luffycity.com/" "Mozilla/5.0 (Windows NT 10.0; Win64; x64) AppleWebKit/537.36 (KHTML, like Gecko) Chrome/89.0.4389.90 Safari/537.36" 
112.6.124.183 - - [19/Mar/2021:11:56:38 +0800] "GET /api/v1/study/module/234/homework/?moduleId=234 HTTP/1.1" 200 503 "https://www.luffycity.com/" "Mozilla/5.0 (Windows NT 10.0; Win64; x64) AppleWebKit/537.36 (KHTML, like Gecko) Chrome/89.0.4389.90 Safari/537.36" 
112.6.124.183 - - [19/Mar/2021:11:56:38 +0800] "GET /api/v1/survey/homework/?surveyType=homework&related_id=31953 HTTP/1.1" 200 29 "https://www.luffycity.com/" "Mozilla/5.0 (Windows NT 10.0; Win64; x64) AppleWebKit/537.36 (KHTML, like Gecko) Chrome/89.0.4389.90 Safari/537.36" 
221.218.209.152, 39.97.49.232 - - [19/Mar/2021:11:56:42 +0800] "GET /api/v1/auth/token/ HTTP/1.1" 200 400 "https://www.luffycity.com/account/coupon" "Mozilla/5.0 (Windows NT 10.0; Win64; x64) AppleWebKit/537.36 (KHTML, like Gecko) Chrome/88.0.4324.150 Safari/537.36" 
39.183.15.64 - - [19/Mar/2021:11:56:57 +0800] "OPTIONS /api/v1/comment/?section_id=20178&limit=10&offset=0 HTTP/1.1" 200 0 "https://www.luffycity.com/" "Mozilla/5.0 (Windows NT 10.0; Win64; x64) AppleWebKit/537.36 (KHTML, like Gecko) Chrome/89.0.4389.90 Safari/537.36 Edg/89.0.774.54" 
39.183.15.64 - - [19/Mar/2021:11:56:57 +0800] "OPTIONS /api/v1/survey/section/20178/?sectionId=20178 HTTP/1.1" 200 0 "https://www.luffycity.com/" "Mozilla/5.0 (Windows NT 10.0; Win64; x64) AppleWebKit/537.36 (KHTML, like Gecko) Chrome/89.0.4389.90 Safari/537.36 Edg/89.0.774.54" 
39.183.15.64 - - [19/Mar/2021:11:56:58 +0800] "GET /api/v1/comment/?section_id=20178&limit=10&offset=0 HTTP/1.1" 200 1672 "https://www.luffycity.com/" "Mozilla/5.0 (Windows NT 10.0; Win64; x64) AppleWebKit/537.36 (KHTML, like Gecko) Chrome/89.0.4389.90 Safari/537.36 Edg/89.0.774.54" 
39.183.15.64 - - [19/Mar/2021:11:56:58 +0800] "GET /api/v1/play/sections/?section_id=20178 HTTP/1.1" 200 18018 "https://www.luffycity.com/" "Mozilla/5.0 (Windows NT 10.0; Win64; x64) AppleWebKit/537.36 (KHTML, like Gecko) Chrome/89.0.4389.90 Safari/537.36 Edg/89.0.774.54" 
58.100.72.112, 39.97.49.232 - - [19/Mar/2021:11:57:00 +0800] "GET /api/v1/course/degree/ HTTP/1.1" 200 951 "-" "Mozilla/5.0 (Windows NT 10.0; Win64; x64) AppleWebKit/537.36 (KHTML, like Gecko) Chrome/89.0.4389.90 Safari/537.36" 
58.100.72.112 - - [19/Mar/2021:11:57:04 +0800] "GET /api/v1/study/degrees/0/mentor/?degree_id=0 HTTP/1.1" 200 137 "https://www.luffycity.com/" "Mozilla/5.0 (Windows NT 10.0; Win64; x64) AppleWebKit/537.36 (KHTML, like Gecko) Chrome/89.0.4389.90 Safari/537.36" 
58.100.72.112 - - [19/Mar/2021:11:57:04 +0800] "GET /api/v1/study/degrees/ HTTP/1.1" 200 276 "https://www.luffycity.com/" "Mozilla/5.0 (Windows NT 10.0; Win64; x64) AppleWebKit/537.36 (KHTML, like Gecko) Chrome/89.0.4389.90 Safari/537.36" 
58.100.72.112 - - [19/Mar/2021:11:57:05 +0800] "GET /api/v1/study/data/?degree_id=2 HTTP/1.1" 200 117 "https://www.luffycity.com/" "Mozilla/5.0 (Windows NT 10.0; Win64; x64) AppleWebKit/537.36 (KHTML, like Gecko) Chrome/89.0.4389.90 Safari/537.36" 
58.100.72.112 - - [19/Mar/2021:11:57:08 +0800] "OPTIONS /api/v1/play/27917/?play_id=27917 HTTP/1.1" 200 0 "https://www.luffycity.com/" "Mozilla/5.0 (Windows NT 10.0; Win64; x64) AppleWebKit/537.36 (KHTML, like Gecko) Chrome/89.0.4389.90 Safari/537.36" 
58.100.72.112 - - [19/Mar/2021:11:57:08 +0800] "OPTIONS /api/v1/play/sections/?section_id=27917 HTTP/1.1" 200 0 "https://www.luffycity.com/" "Mozilla/5.0 (Windows NT 10.0; Win64; x64) AppleWebKit/537.36 (KHTML, like Gecko) Chrome/89.0.4389.90 Safari/537.36" 
58.100.72.112 - - [19/Mar/2021:11:57:08 +0800] "GET /api/v1/comment/?section_id=27917&limit=10&offset=0 HTTP/1.1" 200 1419 "https://www.luffycity.com/" "Mozilla/5.0 (Windows NT 10.0; Win64; x64) AppleWebKit/537.36 (KHTML, like Gecko) Chrome/89.0.4389.90 Safari/537.36" 
58.100.72.112 - - [19/Mar/2021:11:57:08 +0800] "GET /api/v1/play/27917/?play_id=27917 HTTP/1.1" 200 398 "https://www.luffycity.com/" "Mozilla/5.0 (Windows NT 10.0; Win64; x64) AppleWebKit/537.36 (KHTML, like Gecko) Chrome/89.0.4389.90 Safari/537.36" 
123.115.71.64, 39.97.49.232 - - [19/Mar/2021:11:57:12 +0800] "GET /api/v1/auth/token/ HTTP/1.1" 200 29 "-" "Mozilla/5.0 (Windows NT 10.0; Win64; x64) AppleWebKit/537.36 (KHTML, like Gecko) Chrome/89.0.4389.90 Safari/537.36 Edg/89.0.774.54" 
123.115.71.64 - - [19/Mar/2021:11:57:13 +0800] "OPTIONS /api/v1/study/degrees/ HTTP/1.1" 200 0 "https://www.luffycity.com/" "Mozilla/5.0 (Windows NT 10.0; Win64; x64) AppleWebKit/537.36 (KHTML, like Gecko) Chrome/89.0.4389.90 Safari/537.36 Edg/89.0.774.54" 
123.115.71.64 - - [19/Mar/2021:11:57:13 +0800] "GET /api/v1/study/data/ HTTP/1.1" 200 64 "https://www.luffycity.com/" "Mozilla/5.0 (Windows NT 10.0; Win64; x64) AppleWebKit/537.36 (KHTML, like Gecko) Chrome/89.0.4389.90 Safari/537.36 Edg/89.0.774.54" 
123.115.71.64 - - [19/Mar/2021:11:57:13 +0800] "GET /api/v1/study/degrees/ HTTP/1.1" 200 64 "https://www.luffycity.com/" "Mozilla/5.0 (Windows NT 10.0; Win64; x64) AppleWebKit/537.36 (KHTML, like Gecko) Chrome/89.0.4389.90 Safari/537.36 Edg/89.0.774.54" 
123.115.71.64 - - [19/Mar/2021:11:57:13 +0800] "OPTIONS /api/v1/study/degrees/0/mentor/?degree_id=0 HTTP/1.1" 200 0 "https://www.luffycity.com/" "Mozilla/5.0 (Windows NT 10.0; Win64; x64) AppleWebKit/537.36 (KHTML, like Gecko) Chrome/89.0.4389.90 Safari/537.36 Edg/89.0.774.54" 
123.115.71.64 - - [19/Mar/2021:11:57:23 +0800] "POST /api/v1/auth/password/login/?loginWay=password HTTP/1.1" 200 274 "https://www.luffycity.com/" "Mozilla/5.0 (Windows NT 10.0; Win64; x64) AppleWebKit/537.36 (KHTML, like Gecko) Chrome/89.0.4389.90 Safari/537.36 Edg/89.0.774.54" 
123.115.71.64 - - [19/Mar/2021:11:57:23 +0800] "GET /api/v1/auth/token/ HTTP/1.1" 200 366 "https://www.luffycity.com/" "Mozilla/5.0 (Windows NT 10.0; Win64; x64) AppleWebKit/537.36 (KHTML, like Gecko) Chrome/89.0.4389.90 Safari/537.36 Edg/89.0.774.54" 
58.100.72.112 - - [19/Mar/2021:11:57:24 +0800] "OPTIONS /api/v1/play/sections/?section_id=31032 HTTP/1.1" 200 0 "https://www.luffycity.com/" "Mozilla/5.0 (Windows NT 10.0; Win64; x64) AppleWebKit/537.36 (KHTML, like Gecko) Chrome/89.0.4389.90 Safari/537.36" 
58.100.72.112 - - [19/Mar/2021:11:57:24 +0800] "OPTIONS /api/v1/play/31032/?play_id=31032 HTTP/1.1" 200 0 "https://www.luffycity.com/" "Mozilla/5.0 (Windows NT 10.0; Win64; x64) AppleWebKit/537.36 (KHTML, like Gecko) Chrome/89.0.4389.90 Safari/537.36" 
58.100.72.112 - - [19/Mar/2021:11:57:24 +0800] "GET /api/v1/survey/section/31032/?sectionId=31032 HTTP/1.1" 200 32 "https://www.luffycity.com/" "Mozilla/5.0 (Windows NT 10.0; Win64; x64) AppleWebKit/537.36 (KHTML, like Gecko) Chrome/89.0.4389.90 Safari/537.36" 
58.100.72.112 - - [19/Mar/2021:11:57:24 +0800] "GET /api/v1/comment/?section_id=31032&limit=10&offset=0 HTTP/1.1" 200 1419 "https://www.luffycity.com/" "Mozilla/5.0 (Windows NT 10.0; Win64; x64) AppleWebKit/537.36 (KHTML, like Gecko) Chrome/89.0.4389.90 Safari/537.36" 
210.30.193.244, 39.97.49.232 - - [19/Mar/2021:11:57:54 +0800] "GET /api/v1/result/ HTTP/1.1" 200 231 "http://c.biancheng.net/" "Mozilla/5.0 (Windows NT 10.0; Win64; x64) AppleWebKit/537.36 (KHTML, like Gecko) Chrome/87.0.4280.141 Safari/537.36" 
210.30.193.19 - - [19/Mar/2021:11:57:55 +0800] "OPTIONS /api/v1/activity/survey/?course_id=252 HTTP/1.1" 200 0 "https://www.luffycity.com/" "Mozilla/5.0 (Windows NT 10.0; Win64; x64) AppleWebKit/537.36 (KHTML, like Gecko) Chrome/87.0.4280.141 Safari/537.36" 
14.23.108.202 - - [19/Mar/2021:11:58:05 +0800] "POST /api/v1/survey/section/5212/?sectionId=5212 HTTP/1.1" 200 10 "https://www.luffycity.com/" "Mozilla/5.0 (Windows NT 6.1; Win64; x64) AppleWebKit/537.36 (KHTML, like Gecko) Chrome/89.0.4389.90 Safari/537.36 Edg/89.0.774.54" 
39.97.49.232 - - [19/Mar/2021:11:58:12 +0800] "GET /api/v1/result/ HTTP/1.1" 200 231 "-" "Mozilla/5.0 (X11; Ubuntu; Linux x86_64; rv:36.0) Gecko/20100101 Firefox/36.0" 
39.97.49.232 - - [19/Mar/2021:11:58:12 +0800] "GET /api/v1/index/banner/ HTTP/1.1" 200 382 "-" "Mozilla/5.0 (X11; Ubuntu; Linux x86_64; rv:36.0) Gecko/20100101 Firefox/36.0" 
183.211.6.240 - - [19/Mar/2021:11:58:31 +0800] "OPTIONS /api/v1/account/detail/ HTTP/1.1" 200 0 "https://www.luffycity.com/" "Mozilla/5.0 (Macintosh; Intel Mac OS X 10_14_6) AppleWebKit/537.36 (KHTML, like Gecko) Chrome/89.0.4389.90 Safari/537.36" 
183.211.6.240, 39.97.49.232 - - [19/Mar/2021:11:58:39 +0800] "GET /api/v1/course/degree/ HTTP/1.1" 200 951 "https://www.luffycity.com/account/center/info" "Mozilla/5.0 (Macintosh; Intel Mac OS X 10_14_6) AppleWebKit/537.36 (KHTML, like Gecko) Chrome/89.0.4389.90 Safari/537.36" 
223.167.198.50 - - [19/Mar/2021:11:58:42 +0800] "OPTIONS /api/v1/comment/?section_id=14409&limit=10&offset=0 HTTP/1.1" 200 0 "https://www.luffycity.com/" "Mozilla/5.0 (Macintosh; Intel Mac OS X 10_14_6) AppleWebKit/537.36 (KHTML, like Gecko) Chrome/89.0.4389.82 Safari/537.36" 
223.167.198.50 - - [19/Mar/2021:11:58:42 +0800] "OPTIONS /api/v1/play/14409/?play_id=14409 HTTP/1.1" 200 0 "https://www.luffycity.com/" "Mozilla/5.0 (Macintosh; Intel Mac OS X 10_14_6) AppleWebKit/537.36 (KHTML, like Gecko) Chrome/89.0.4389.82 Safari/537.36" 
223.167.198.50 - - [19/Mar/2021:11:58:42 +0800] "GET /api/v1/survey/section/14409/?sectionId=14409 HTTP/1.1" 200 10 "https://www.luffycity.com/" "Mozilla/5.0 (Macintosh; Intel Mac OS X 10_14_6) AppleWebKit/537.36 (KHTML, like Gecko) Chrome/89.0.4389.82 Safari/537.36" 
223.167.198.50 - - [19/Mar/2021:11:58:42 +0800] "GET /api/v1/play/14409/?play_id=14409 HTTP/1.1" 200 394 "https://www.luffycity.com/" "Mozilla/5.0 (Macintosh; Intel Mac OS X 10_14_6) AppleWebKit/537.36 (KHTML, like Gecko) Chrome/89.0.4389.82 Safari/537.36" 
183.211.6.240 - - [19/Mar/2021:11:58:52 +0800] "OPTIONS /api/v1/index/banner/ HTTP/1.1" 200 0 "https://www.luffycity.com/" "Mozilla/5.0 (Macintosh; Intel Mac OS X 10_14_6) AppleWebKit/537.36 (KHTML, like Gecko) Chrome/89.0.4389.90 Safari/537.36" 
183.211.6.240 - - [19/Mar/2021:11:58:52 +0800] "OPTIONS /api/v1/course/actual/?limit=3 HTTP/1.1" 200 0 "https://www.luffycity.com/" "Mozilla/5.0 (Macintosh; Intel Mac OS X 10_14_6) AppleWebKit/537.36 (KHTML, like Gecko) Chrome/89.0.4389.90 Safari/537.36" 
183.211.6.240 - - [19/Mar/2021:11:58:52 +0800] "OPTIONS /api/v1/course/home-free/?limit=3 HTTP/1.1" 200 0 "https://www.luffycity.com/" "Mozilla/5.0 (Macintosh; Intel Mac OS X 10_14_6) AppleWebKit/537.36 (KHTML, like Gecko) Chrome/89.0.4389.90 Safari/537.36" 
183.211.6.240 - - [19/Mar/2021:11:58:52 +0800] "OPTIONS /api/v1/result/enroll/?resultType=enroll&limit=2 HTTP/1.1" 200 0 "https://www.luffycity.com/" "Mozilla/5.0 (Macintosh; Intel Mac OS X 10_14_6) AppleWebKit/537.36 (KHTML, like Gecko) Chrome/89.0.4389.90 Safari/537.36" 
122.6.139.181 - - [19/Mar/2021:11:58:54 +0800] "OPTIONS /api/v1/play/sections/?section_id=12836 HTTP/1.1" 200 0 "https://www.luffycity.com/" "Mozilla/5.0 (Windows NT 10.0; Win64; x64) AppleWebKit/537.36 (KHTML, like Gecko) Chrome/89.0.4389.90 Safari/537.36" 
122.6.139.181 - - [19/Mar/2021:11:58:54 +0800] "OPTIONS /api/v1/play/12836/?play_id=12836 HTTP/1.1" 200 0 "https://www.luffycity.com/" "Mozilla/5.0 (Windows NT 10.0; Win64; x64) AppleWebKit/537.36 (KHTML, like Gecko) Chrome/89.0.4389.90 Safari/537.36" 
122.6.139.181 - - [19/Mar/2021:11:58:54 +0800] "GET /api/v1/comment/?section_id=12836&limit=10&offset=0 HTTP/1.1" 200 69 "https://www.luffycity.com/" "Mozilla/5.0 (Windows NT 10.0; Win64; x64) AppleWebKit/537.36 (KHTML, like Gecko) Chrome/89.0.4389.90 Safari/537.36" 
122.6.139.181 - - [19/Mar/2021:11:58:54 +0800] "GET /api/v1/play/sections/?section_id=12836 HTTP/1.1" 200 9436 "https://www.luffycity.com/" "Mozilla/5.0 (Windows NT 10.0; Win64; x64) AppleWebKit/537.36 (KHTML, like Gecko) Chrome/89.0.4389.90 Safari/537.36" 
223.223.196.232, 39.97.49.232 - - [19/Mar/2021:11:58:55 +0800] "GET /api/v1/result/ HTTP/1.1" 200 231 "https://www.baidu.com/?tn=62095104_19_oem_dg" "Mozilla/5.0 (Windows NT 10.0; Win64; x64) AppleWebKit/537.36 (KHTML, like Gecko) Chrome/89.0.4389.90 Safari/537.36" 
223.223.196.232, 39.97.49.232 - - [19/Mar/2021:11:58:55 +0800] "GET /api/v1/index/banner/ HTTP/1.1" 200 382 "https://www.baidu.com/?tn=62095104_19_oem_dg" "Mozilla/5.0 (Windows NT 10.0; Win64; x64) AppleWebKit/537.36 (KHTML, like Gecko) Chrome/89.0.4389.90 Safari/537.36" 
223.223.196.232, 39.97.49.232 - - [19/Mar/2021:11:58:55 +0800] "GET /api/v1/course/degree/ HTTP/1.1" 200 951 "https://www.baidu.com/?tn=62095104_19_oem_dg" "Mozilla/5.0 (Windows NT 10.0; Win64; x64) AppleWebKit/537.36 (KHTML, like Gecko) Chrome/89.0.4389.90 Safari/537.36" 
223.223.196.232 - - [19/Mar/2021:11:58:56 +0800] "OPTIONS /api/v1/result/enroll/?resultType=enroll&limit=2 HTTP/1.1" 200 0 "https://www.luffycity.com/" "Mozilla/5.0 (Windows NT 10.0; Win64; x64) AppleWebKit/537.36 (KHTML, like Gecko) Chrome/89.0.4389.90 Safari/537.36" 
223.223.196.232 - - [19/Mar/2021:11:59:01 +0800] "OPTIONS /api/v1/auth/wechat/ HTTP/1.1" 200 0 "https://www.luffycity.com/" "Mozilla/5.0 (Windows NT 10.0; Win64; x64) AppleWebKit/537.36 (KHTML, like Gecko) Chrome/89.0.4389.90 Safari/537.36" 
223.223.196.232 - - [19/Mar/2021:11:59:02 +0800] "OPTIONS /api/v1/auth/password/login/?loginWay=password HTTP/1.1" 200 0 "https://www.luffycity.com/" "Mozilla/5.0 (Windows NT 10.0; Win64; x64) AppleWebKit/537.36 (KHTML, like Gecko) Chrome/89.0.4389.90 Safari/537.36" 
223.223.196.232 - - [19/Mar/2021:11:59:02 +0800] "OPTIONS /api/v1/auth/token/ HTTP/1.1" 200 0 "https://www.luffycity.com/" "Mozilla/5.0 (Windows NT 10.0; Win64; x64) AppleWebKit/537.36 (KHTML, like Gecko) Chrome/89.0.4389.90 Safari/537.36" 
223.223.196.232 - - [19/Mar/2021:11:59:04 +0800] "OPTIONS /api/v1/study/degrees/ HTTP/1.1" 200 0 "https://www.luffycity.com/" "Mozilla/5.0 (Windows NT 10.0; Win64; x64) AppleWebKit/537.36 (KHTML, like Gecko) Chrome/89.0.4389.90 Safari/537.36" 
223.223.196.232 - - [19/Mar/2021:11:59:04 +0800] "OPTIONS /api/v1/study/degrees/0/mentor/?degree_id=0 HTTP/1.1" 200 0 "https://www.luffycity.com/" "Mozilla/5.0 (Windows NT 10.0; Win64; x64) AppleWebKit/537.36 (KHTML, like Gecko) Chrome/89.0.4389.90 Safari/537.36" 
223.223.196.232 - - [19/Mar/2021:11:59:04 +0800] "GET /api/v1/study/degrees/ HTTP/1.1" 200 135 "https://www.luffycity.com/" "Mozilla/5.0 (Windows NT 10.0; Win64; x64) AppleWebKit/537.36 (KHTML, like Gecko) Chrome/89.0.4389.90 Safari/537.36" 
223.223.196.232 - - [19/Mar/2021:11:59:04 +0800] "OPTIONS /api/v1/study/degrees/19/?degree_id=19 HTTP/1.1" 200 0 "https://www.luffycity.com/" "Mozilla/5.0 (Windows NT 10.0; Win64; x64) AppleWebKit/537.36 (KHTML, like Gecko) Chrome/89.0.4389.90 Safari/537.36" 
223.223.196.232 - - [19/Mar/2021:11:59:04 +0800] "OPTIONS /api/v1/study/degrees/19/mentor/?degree_id=19 HTTP/1.1" 200 0 "https://www.luffycity.com/" "Mozilla/5.0 (Windows NT 10.0; Win64; x64) AppleWebKit/537.36 (KHTML, like Gecko) Chrome/89.0.4389.90 Safari/537.36" 
223.223.196.232 - - [19/Mar/2021:11:59:05 +0800] "GET /api/v1/study/data/?degree_id=19 HTTP/1.1" 200 105 "https://www.luffycity.com/" "Mozilla/5.0 (Windows NT 10.0; Win64; x64) AppleWebKit/537.36 (KHTML, like Gecko) Chrome/89.0.4389.90 Safari/537.36" 
125.84.180.24, 39.97.49.232 - - [19/Mar/2021:11:59:05 +0800] "GET /api/v1/result/ HTTP/1.1" 200 231 "-" "Mozilla/5.0 (Macintosh; Intel Mac OS X 10_15_3) AppleWebKit/537.36 (KHTML, like Gecko) Chrome/87.0.4280.67 Safari/537.36" 
125.84.180.24, 39.97.49.232 - - [19/Mar/2021:11:59:05 +0800] "GET /api/v1/index/banner/ HTTP/1.1" 200 382 "-" "Mozilla/5.0 (Macintosh; Intel Mac OS X 10_15_3) AppleWebKit/537.36 (KHTML, like Gecko) Chrome/87.0.4280.67 Safari/537.36" 
125.84.180.24, 39.97.49.232 - - [19/Mar/2021:11:59:05 +0800] "GET /api/v1/course/degree/ HTTP/1.1" 200 951 "-" "Mozilla/5.0 (Macintosh; Intel Mac OS X 10_15_3) AppleWebKit/537.36 (KHTML, like Gecko) Chrome/87.0.4280.67 Safari/537.36" 
125.84.180.24, 39.97.49.232 - - [19/Mar/2021:11:59:05 +0800] "GET /api/v1/course/home-free/?limit=3 HTTP/1.1" 200 865 "-" "Mozilla/5.0 (Macintosh; Intel Mac OS X 10_15_3) AppleWebKit/537.36 (KHTML, like Gecko) Chrome/87.0.4280.67 Safari/537.36" 
125.84.180.24 - - [19/Mar/2021:11:59:07 +0800] "OPTIONS /api/v1/result/enroll/?resultType=enroll&limit=2 HTTP/1.1" 200 0 "https://www.luffycity.com/" "Mozilla/5.0 (Macintosh; Intel Mac OS X 10_15_3) AppleWebKit/537.36 (KHTML, like Gecko) Chrome/87.0.4280.67 Safari/537.36" 
125.84.180.24 - - [19/Mar/2021:11:59:09 +0800] "OPTIONS /api/v1/study/degrees/ HTTP/1.1" 200 0 "https://www.luffycity.com/" "Mozilla/5.0 (Macintosh; Intel Mac OS X 10_15_3) AppleWebKit/537.36 (KHTML, like Gecko) Chrome/87.0.4280.67 Safari/537.36" 
125.84.180.24 - - [19/Mar/2021:11:59:09 +0800] "OPTIONS /api/v1/study/degrees/0/mentor/?degree_id=0 HTTP/1.1" 200 0 "https://www.luffycity.com/" "Mozilla/5.0 (Macintosh; Intel Mac OS X 10_15_3) AppleWebKit/537.36 (KHTML, like Gecko) Chrome/87.0.4280.67 Safari/537.36" 
125.84.180.24 - - [19/Mar/2021:11:59:09 +0800] "OPTIONS /api/v1/study/degrees/1/?degree_id=1 HTTP/1.1" 200 0 "https://www.luffycity.com/" "Mozilla/5.0 (Macintosh; Intel Mac OS X 10_15_3) AppleWebKit/537.36 (KHTML, like Gecko) Chrome/87.0.4280.67 Safari/537.36" 
125.84.180.24 - - [19/Mar/2021:11:59:09 +0800] "OPTIONS /api/v1/study/degrees/1/mentor/?degree_id=1 HTTP/1.1" 200 0 "https://www.luffycity.com/" "Mozilla/5.0 (Macintosh; Intel Mac OS X 10_15_3) AppleWebKit/537.36 (KHTML, like Gecko) Chrome/87.0.4280.67 Safari/537.36" 
125.84.180.24 - - [19/Mar/2021:11:59:09 +0800] "GET /api/v1/study/degrees/1/mentor/?degree_id=1 HTTP/1.1" 200 226 "https://www.luffycity.com/" "Mozilla/5.0 (Macintosh; Intel Mac OS X 10_15_3) AppleWebKit/537.36 (KHTML, like Gecko) Chrome/87.0.4280.67 Safari/537.36" 
125.84.180.24 - - [19/Mar/2021:11:59:10 +0800] "GET /api/v1/study/data/ HTTP/1.1" 200 107 "https://www.luffycity.com/" "Mozilla/5.0 (Macintosh; Intel Mac OS X 10_15_3) AppleWebKit/537.36 (KHTML, like Gecko) Chrome/87.0.4280.67 Safari/537.36" 
101.126.130.175, 39.97.49.232 - - [19/Mar/2021:11:59:15 +0800] "GET /api/v1/auth/token/ HTTP/1.1" 200 29 "-" "Mozilla/5.0 (Windows NT 10.0; Win64; x64) AppleWebKit/537.36 (KHTML, like Gecko) Chrome/89.0.4389.90 Safari/537.36 Edg/89.0.774.54" 
101.126.130.175, 39.97.49.232 - - [19/Mar/2021:11:59:15 +0800] "GET /api/v1/result/ HTTP/1.1" 200 231 "-" "Mozilla/5.0 (Windows NT 10.0; Win64; x64) AppleWebKit/537.36 (KHTML, like Gecko) Chrome/89.0.4389.90 Safari/537.36 Edg/89.0.774.54" 
101.126.130.175, 39.97.49.232 - - [19/Mar/2021:11:59:15 +0800] "GET /api/v1/index/banner/ HTTP/1.1" 200 382 "-" "Mozilla/5.0 (Windows NT 10.0; Win64; x64) AppleWebKit/537.36 (KHTML, like Gecko) Chrome/89.0.4389.90 Safari/537.36 Edg/89.0.774.54" 
101.126.130.175, 39.97.49.232 - - [19/Mar/2021:11:59:15 +0800] "GET /api/v1/course/actual/?limit=3 HTTP/1.1" 200 2342 "-" "Mozilla/5.0 (Windows NT 10.0; Win64; x64) AppleWebKit/537.36 (KHTML, like Gecko) Chrome/89.0.4389.90 Safari/537.36 Edg/89.0.774.54" 
183.211.6.240 - - [19/Mar/2021:11:59:15 +0800] "OPTIONS /api/v1/account/coupon/ HTTP/1.1" 200 0 "https://www.luffycity.com/" "Mozilla/5.0 (Macintosh; Intel Mac OS X 10_14_6) AppleWebKit/537.36 (KHTML, like Gecko) Chrome/89.0.4389.90 Safari/537.36" 
125.84.180.24 - - [19/Mar/2021:11:59:16 +0800] "OPTIONS /api/v1/study/module/degree/23136/?courseType=degree&id=23136 HTTP/1.1" 200 0 "https://www.luffycity.com/" "Mozilla/5.0 (Macintosh; Intel Mac OS X 10_15_3) AppleWebKit/537.36 (KHTML, like Gecko) Chrome/87.0.4280.67 Safari/537.36" 
101.126.130.175 - - [19/Mar/2021:11:59:16 +0800] "GET /api/v1/result/enroll/?resultType=enroll&limit=2 HTTP/1.1" 200 722 "https://www.luffycity.com/" "Mozilla/5.0 (Windows NT 10.0; Win64; x64) AppleWebKit/537.36 (KHTML, like Gecko) Chrome/89.0.4389.90 Safari/537.36 Edg/89.0.774.54" 
223.223.196.232 - - [19/Mar/2021:11:59:23 +0800] "OPTIONS /api/v1/study/module/degree/74595/?courseType=degree&id=74595 HTTP/1.1" 200 0 "https://www.luffycity.com/" "Mozilla/5.0 (Windows NT 10.0; Win64; x64) AppleWebKit/537.36 (KHTML, like Gecko) Chrome/89.0.4389.90 Safari/537.36" 
106.46.41.105 - - [19/Mar/2021:11:59:27 +0800] "OPTIONS /api/v1/play/sections/?section_id=5113 HTTP/1.1" 200 0 "https://www.luffycity.com/" "Mozilla/5.0 (Windows NT 10.0; Win64; x64) AppleWebKit/537.36 (KHTML, like Gecko) Chrome/89.0.4389.90 Safari/537.36 Edg/89.0.774.54" 
106.46.41.105 - - [19/Mar/2021:11:59:27 +0800] "OPTIONS /api/v1/play/5113/?play_id=5113 HTTP/1.1" 200 0 "https://www.luffycity.com/" "Mozilla/5.0 (Windows NT 10.0; Win64; x64) AppleWebKit/537.36 (KHTML, like Gecko) Chrome/89.0.4389.90 Safari/537.36 Edg/89.0.774.54" 
106.46.41.105 - - [19/Mar/2021:11:59:28 +0800] "GET /api/v1/play/sections/?section_id=5113 HTTP/1.1" 200 7454 "https://www.luffycity.com/" "Mozilla/5.0 (Windows NT 10.0; Win64; x64) AppleWebKit/537.36 (KHTML, like Gecko) Chrome/89.0.4389.90 Safari/537.36 Edg/89.0.774.54" 
106.46.41.105 - - [19/Mar/2021:11:59:28 +0800] "GET /api/v1/play/5113/?play_id=5113 HTTP/1.1" 200 412 "https://www.luffycity.com/" "Mozilla/5.0 (Windows NT 10.0; Win64; x64) AppleWebKit/537.36 (KHTML, like Gecko) Chrome/89.0.4389.90 Safari/537.36 Edg/89.0.774.54" 
101.126.130.175 - - [19/Mar/2021:11:59:32 +0800] "GET /api/v1/auth/wechat/ HTTP/1.1" 200 232 "https://www.luffycity.com/" "Mozilla/5.0 (Windows NT 10.0; Win64; x64) AppleWebKit/537.36 (KHTML, like Gecko) Chrome/89.0.4389.90 Safari/537.36 Edg/89.0.774.54" 
223.72.88.182, 39.97.49.232 - - [19/Mar/2021:11:59:38 +0800] "GET /api/v1/auth/token/ HTTP/1.1" 200 29 "http://c.biancheng.net/view/1885.html" "Mozilla/5.0 (Windows NT 10.0; Win64; x64; rv:86.0) Gecko/20100101 Firefox/86.0" 
183.211.6.240 - - [19/Mar/2021:11:59:38 +0800] "POST /api/v1/account/coupon/ HTTP/1.1" 200 10 "https://www.luffycity.com/" "Mozilla/5.0 (Macintosh; Intel Mac OS X 10_14_6) AppleWebKit/537.36 (KHTML, like Gecko) Chrome/89.0.4389.90 Safari/537.36" 
223.72.40.239 - - [19/Mar/2021:11:59:39 +0800] "GET /api/v1/activity/survey/?course_id=252 HTTP/1.1" 200 11 "https://www.luffycity.com/activity/python-8days-camp?source=c" "Mozilla/5.0 (Windows NT 10.0; Win64; x64; rv:86.0) Gecko/20100101 Firefox/86.0" 
13.66.139.33, 39.97.49.232 - - [19/Mar/2021:11:59:43 +0800] "GET /api/v1/auth/token/ HTTP/1.1" 200 29 "-" "Mozilla/5.0 (compatible; bingbot/2.0; +http://www.bing.com/bingbot.htm)" 
13.66.139.33, 39.97.49.232 - - [19/Mar/2021:11:59:43 +0800] "GET /api/v1/result/ HTTP/1.1" 200 231 "-" "Mozilla/5.0 (compatible; bingbot/2.0; +http://www.bing.com/bingbot.htm)" 
223.223.196.232 - - [19/Mar/2021:11:59:50 +0800] "GET /api/v1/study/degrees/0/mentor/?degree_id=0 HTTP/1.1" 200 137 "https://www.luffycity.com/" "Mozilla/5.0 (Windows NT 10.0; Win64; x64) AppleWebKit/537.36 (KHTML, like Gecko) Chrome/89.0.4389.90 Safari/537.36" 
