114.249.114.186, 39.97.49.232 - - [20/Mar/2021:22:57:16 +0800] "GET /api/v1/auth/token/ HTTP/1.1" 200 29 "https://www.so.com/link?m=b6fUhxKBJpUS6iAD1KNHw9qG%2BGOisrKYjJ7DbMDu5dm6mO8ufxw1VLStASMdIa4Z6bJoAIAq727HeFkUkmK13G6bnFkTp1eV2SbML7yJJA0SnzCHEzGcmEUS7f2ezORo60o%2B0orH%2FO6G8LOiPWRBOHQ%3D%3D" "Mozilla/5.0 (Windows NT 10.0; WOW64) AppleWebKit/537.36 (KHTML, like Gecko) Chrome/78.0.3904.108 Safari/537.36" 
114.249.114.186, 39.97.49.232 - - [20/Mar/2021:22:57:17 +0800] "GET /api/v1/result/ HTTP/1.1" 200 231 "https://www.so.com/link?m=b6fUhxKBJpUS6iAD1KNHw9qG%2BGOisrKYjJ7DbMDu5dm6mO8ufxw1VLStASMdIa4Z6bJoAIAq727HeFkUkmK13G6bnFkTp1eV2SbML7yJJA0SnzCHEzGcmEUS7f2ezORo60o%2B0orH%2FO6G8LOiPWRBOHQ%3D%3D" "Mozilla/5.0 (Windows NT 10.0; WOW64) AppleWebKit/537.36 (KHTML, like Gecko) Chrome/78.0.3904.108 Safari/537.36" 
114.249.114.186, 39.97.49.232 - - [20/Mar/2021:22:57:17 +0800] "GET /api/v1/course/actual/?limit=3 HTTP/1.1" 200 2342 "https://www.so.com/link?m=b6fUhxKBJpUS6iAD1KNHw9qG%2BGOisrKYjJ7DbMDu5dm6mO8ufxw1VLStASMdIa4Z6bJoAIAq727HeFkUkmK13G6bnFkTp1eV2SbML7yJJA0SnzCHEzGcmEUS7f2ezORo60o%2B0orH%2FO6G8LOiPWRBOHQ%3D%3D" "Mozilla/5.0 (Windows NT 10.0; WOW64) AppleWebKit/537.36 (KHTML, like Gecko) Chrome/78.0.3904.108 Safari/537.36" 
111.49.52.252 - - [20/Mar/2021:22:57:19 +0800] "OPTIONS /api/v1/comment/?section_id=19401&limit=10&offset=0 HTTP/1.1" 200 0 "https://www.luffycity.com/play/19401" "Mozilla/5.0 (Windows NT 10.0; Win64; x64; rv:86.0) Gecko/20100101 Firefox/86.0" 
111.49.52.252 - - [20/Mar/2021:22:57:19 +0800] "OPTIONS /api/v1/survey/section/19401/?sectionId=19401 HTTP/1.1" 200 0 "https://www.luffycity.com/play/19401" "Mozilla/5.0 (Windows NT 10.0; Win64; x64; rv:86.0) Gecko/20100101 Firefox/86.0" 
114.249.114.186 - - [20/Mar/2021:22:57:19 +0800] "OPTIONS /api/v1/result/enroll/?resultType=enroll&limit=2 HTTP/1.1" 200 0 "https://www.luffycity.com/" "Mozilla/5.0 (Windows NT 10.0; WOW64) AppleWebKit/537.36 (KHTML, like Gecko) Chrome/78.0.3904.108 Safari/537.36" 
111.49.52.252 - - [20/Mar/2021:22:57:19 +0800] "GET /api/v1/survey/section/19401/?sectionId=19401 HTTP/1.1" 200 32 "https://www.luffycity.com/play/19401" "Mozilla/5.0 (Windows NT 10.0; Win64; x64; rv:86.0) Gecko/20100101 Firefox/86.0" 
111.49.52.252 - - [20/Mar/2021:22:57:19 +0800] "GET /api/v1/comment/?section_id=19401&limit=10&offset=0 HTTP/1.1" 200 1801 "https://www.luffycity.com/play/19401" "Mozilla/5.0 (Windows NT 10.0; Win64; x64; rv:86.0) Gecko/20100101 Firefox/86.0" 
153.179.1.106 - - [20/Mar/2021:22:57:20 +0800] "OPTIONS /api/v1/play/28655/?play_id=28655 HTTP/1.1" 200 0 "https://www.luffycity.com/play/28655" "Mozilla/5.0 (Windows NT 10.0; Win64; x64) AppleWebKit/537.36 (KHTML, like Gecko) Chrome/83.0.4103.97 Safari/537.36" 
153.179.1.106 - - [20/Mar/2021:22:57:20 +0800] "OPTIONS /api/v1/play/sections/?section_id=28655 HTTP/1.1" 200 0 "https://www.luffycity.com/play/28655" "Mozilla/5.0 (Windows NT 10.0; Win64; x64) AppleWebKit/537.36 (KHTML, like Gecko) Chrome/83.0.4103.97 Safari/537.36" 
153.179.1.106 - - [20/Mar/2021:22:57:20 +0800] "GET /api/v1/play/28655/?play_id=28655 HTTP/1.1" 200 439 "https://www.luffycity.com/play/28655" "Mozilla/5.0 (Windows NT 10.0; Win64; x64) AppleWebKit/537.36 (KHTML, like Gecko) Chrome/83.0.4103.97 Safari/537.36" 
153.179.1.106 - - [20/Mar/2021:22:57:20 +0800] "GET /api/v1/comment/?section_id=28655&limit=10&offset=0 HTTP/1.1" 200 1362 "https://www.luffycity.com/play/28655" "Mozilla/5.0 (Windows NT 10.0; Win64; x64) AppleWebKit/537.36 (KHTML, like Gecko) Chrome/83.0.4103.97 Safari/537.36" 
223.88.102.158 - - [20/Mar/2021:22:57:24 +0800] "OPTIONS /api/v1/comment/?section_id=2545&limit=10&offset=0 HTTP/1.1" 200 0 "https://www.luffycity.com/play/2545" "Mozilla/5.0 (Windows NT 6.1; Win64; x64) AppleWebKit/537.36 (KHTML, like Gecko) Chrome/83.0.4103.116 Safari/537.36" 
223.88.102.158 - - [20/Mar/2021:22:57:24 +0800] "OPTIONS /api/v1/play/2545/?play_id=2545 HTTP/1.1" 200 0 "https://www.luffycity.com/play/2545" "Mozilla/5.0 (Windows NT 6.1; Win64; x64) AppleWebKit/537.36 (KHTML, like Gecko) Chrome/83.0.4103.116 Safari/537.36" 
223.88.102.158 - - [20/Mar/2021:22:57:24 +0800] "GET /api/v1/play/sections/?section_id=2545 HTTP/1.1" 200 5407 "https://www.luffycity.com/play/2545" "Mozilla/5.0 (Windows NT 6.1; Win64; x64) AppleWebKit/537.36 (KHTML, like Gecko) Chrome/83.0.4103.116 Safari/537.36" 
223.88.102.158 - - [20/Mar/2021:22:57:24 +0800] "GET /api/v1/play/2545/?play_id=2545 HTTP/1.1" 200 397 "https://www.luffycity.com/play/2545" "Mozilla/5.0 (Windows NT 6.1; Win64; x64) AppleWebKit/537.36 (KHTML, like Gecko) Chrome/83.0.4103.116 Safari/537.36" 
120.236.177.7 - - [20/Mar/2021:22:57:24 +0800] "OPTIONS /api/v1/study/module/degree/91906/?courseType=degree&id=91906 HTTP/1.1" 200 0 "https://www.luffycity.com/" "Mozilla/5.0 (Windows NT 10.0; Win64; x64) AppleWebKit/537.36 (KHTML, like Gecko) Chrome/89.0.4389.90 Safari/537.36 Edg/89.0.774.57" 
114.249.114.186, 39.97.49.232 - - [20/Mar/2021:22:57:29 +0800] "GET /api/v1/auth/token/ HTTP/1.1" 200 29 "https://www.luffycity.com/" "Mozilla/5.0 (Windows NT 10.0; WOW64) AppleWebKit/537.36 (KHTML, like Gecko) Chrome/78.0.3904.108 Safari/537.36" 
220.175.67.11 - - [20/Mar/2021:22:57:30 +0800] "OPTIONS /api/v1/comment/?section_id=2938&limit=10&offset=0 HTTP/1.1" 200 0 "https://www.luffycity.com/play/2938" "Mozilla/5.0 (Windows NT 10.0; Win64; x64) AppleWebKit/537.36 (KHTML, like Gecko) Chrome/78.0.3904.108 Safari/537.36" 
220.175.67.11 - - [20/Mar/2021:22:57:31 +0800] "GET /api/v1/survey/section/2938/?sectionId=2938 HTTP/1.1" 200 10 "https://www.luffycity.com/play/2938" "Mozilla/5.0 (Windows NT 10.0; Win64; x64) AppleWebKit/537.36 (KHTML, like Gecko) Chrome/78.0.3904.108 Safari/537.36" 
220.175.67.11 - - [20/Mar/2021:22:57:31 +0800] "GET /api/v1/comment/?section_id=2938&limit=10&offset=0 HTTP/1.1" 200 1007 "https://www.luffycity.com/play/2938" "Mozilla/5.0 (Windows NT 10.0; Win64; x64) AppleWebKit/537.36 (KHTML, like Gecko) Chrome/78.0.3904.108 Safari/537.36" 
220.175.67.11 - - [20/Mar/2021:22:57:31 +0800] "GET /api/v1/play/2938/?play_id=2938 HTTP/1.1" 200 466 "https://www.luffycity.com/play/2938" "Mozilla/5.0 (Windows NT 10.0; Win64; x64) AppleWebKit/537.36 (KHTML, like Gecko) Chrome/78.0.3904.108 Safari/537.36" 
120.236.177.7 - - [20/Mar/2021:22:57:33 +0800] "GET /api/v1/study/degrees/0/mentor/?degree_id=0 HTTP/1.1" 200 137 "https://www.luffycity.com/" "Mozilla/5.0 (Windows NT 10.0; Win64; x64) AppleWebKit/537.36 (KHTML, like Gecko) Chrome/89.0.4389.90 Safari/537.36 Edg/89.0.774.57" 
120.236.177.7 - - [20/Mar/2021:22:57:33 +0800] "GET /api/v1/study/degrees/ HTTP/1.1" 200 500 "https://www.luffycity.com/" "Mozilla/5.0 (Windows NT 10.0; Win64; x64) AppleWebKit/537.36 (KHTML, like Gecko) Chrome/89.0.4389.90 Safari/537.36 Edg/89.0.774.57" 
120.236.177.7 - - [20/Mar/2021:22:57:34 +0800] "GET /api/v1/study/data/?degree_id=4 HTTP/1.1" 200 106 "https://www.luffycity.com/" "Mozilla/5.0 (Windows NT 10.0; Win64; x64) AppleWebKit/537.36 (KHTML, like Gecko) Chrome/89.0.4389.90 Safari/537.36 Edg/89.0.774.57" 
120.236.177.7 - - [20/Mar/2021:22:57:42 +0800] "OPTIONS /api/v1/study/module/degree/67728/?courseType=degree&id=67728 HTTP/1.1" 200 0 "https://www.luffycity.com/" "Mozilla/5.0 (Windows NT 10.0; Win64; x64) AppleWebKit/537.36 (KHTML, like Gecko) Chrome/89.0.4389.90 Safari/537.36 Edg/89.0.774.57" 
103.238.135.253 - - [20/Mar/2021:22:57:44 +0800] "GET /api/v1/study/degrees/17/mentor/?degree_id=17 HTTP/1.1" 200 212 "https://www.luffycity.com/" "Mozilla/5.0 (Windows NT 10.0; Win64; x64) AppleWebKit/537.36 (KHTML, like Gecko) Chrome/86.0.4240.111 Safari/537.36" 
103.238.135.253 - - [20/Mar/2021:22:57:45 +0800] "GET /api/v1/study/data/ HTTP/1.1" 200 102 "https://www.luffycity.com/" "Mozilla/5.0 (Windows NT 10.0; Win64; x64) AppleWebKit/537.36 (KHTML, like Gecko) Chrome/86.0.4240.111 Safari/537.36" 
103.238.135.253 - - [20/Mar/2021:22:57:45 +0800] "GET /api/v1/study/degrees/17/?degree_id=17 HTTP/1.1" 200 946 "https://www.luffycity.com/" "Mozilla/5.0 (Windows NT 10.0; Win64; x64) AppleWebKit/537.36 (KHTML, like Gecko) Chrome/86.0.4240.111 Safari/537.36" 
114.249.114.186 - - [20/Mar/2021:22:57:45 +0800] "OPTIONS /api/v1/course/degree/1/?courseType=degree&id=1 HTTP/1.1" 200 0 "https://www.luffycity.com/employment-course" "Mozilla/5.0 (Windows NT 10.0; WOW64) AppleWebKit/537.36 (KHTML, like Gecko) Chrome/78.0.3904.108 Safari/537.36" 
120.236.177.7 - - [20/Mar/2021:22:57:46 +0800] "GET /api/v1/study/degrees/0/mentor/?degree_id=0 HTTP/1.1" 200 137 "https://www.luffycity.com/" "Mozilla/5.0 (Windows NT 10.0; Win64; x64) AppleWebKit/537.36 (KHTML, like Gecko) Chrome/89.0.4389.90 Safari/537.36 Edg/89.0.774.57" 
120.236.177.7 - - [20/Mar/2021:22:57:46 +0800] "GET /api/v1/study/degrees/ HTTP/1.1" 200 500 "https://www.luffycity.com/" "Mozilla/5.0 (Windows NT 10.0; Win64; x64) AppleWebKit/537.36 (KHTML, like Gecko) Chrome/89.0.4389.90 Safari/537.36 Edg/89.0.774.57" 
120.236.177.7 - - [20/Mar/2021:22:57:47 +0800] "GET /api/v1/study/data/?degree_id=4 HTTP/1.1" 200 106 "https://www.luffycity.com/" "Mozilla/5.0 (Windows NT 10.0; Win64; x64) AppleWebKit/537.36 (KHTML, like Gecko) Chrome/89.0.4389.90 Safari/537.36 Edg/89.0.774.57" 
103.238.135.253 - - [20/Mar/2021:22:57:49 +0800] "GET /api/v1/study/module/degree/58879/?courseType=degree&id=58879 HTTP/1.1" 200 1431 "https://www.luffycity.com/" "Mozilla/5.0 (Windows NT 10.0; Win64; x64) AppleWebKit/537.36 (KHTML, like Gecko) Chrome/86.0.4240.111 Safari/537.36" 
120.236.177.7 - - [20/Mar/2021:22:57:50 +0800] "OPTIONS /api/v1/study/module/degree/91911/?courseType=degree&id=91911 HTTP/1.1" 200 0 "https://www.luffycity.com/" "Mozilla/5.0 (Windows NT 10.0; Win64; x64) AppleWebKit/537.36 (KHTML, like Gecko) Chrome/89.0.4389.90 Safari/537.36 Edg/89.0.774.57" 
218.88.125.177 - - [20/Mar/2021:22:57:50 +0800] "OPTIONS /api/v1/play/19942/?play_id=19942 HTTP/1.1" 200 0 "https://www.luffycity.com/" "Mozilla/5.0 (Macintosh; Intel Mac OS X 10_15_6) AppleWebKit/605.1.15 (KHTML, like Gecko) Version/14.0.3 Safari/605.1.15" 
218.88.125.177 - - [20/Mar/2021:22:57:50 +0800] "OPTIONS /api/v1/play/sections/?section_id=19942 HTTP/1.1" 200 0 "https://www.luffycity.com/" "Mozilla/5.0 (Macintosh; Intel Mac OS X 10_15_6) AppleWebKit/605.1.15 (KHTML, like Gecko) Version/14.0.3 Safari/605.1.15" 
218.88.125.177 - - [20/Mar/2021:22:57:51 +0800] "GET /api/v1/comment/?section_id=19942&limit=10&offset=0 HTTP/1.1" 200 1207 "https://www.luffycity.com/play/19942" "Mozilla/5.0 (Macintosh; Intel Mac OS X 10_15_6) AppleWebKit/605.1.15 (KHTML, like Gecko) Version/14.0.3 Safari/605.1.15" 
218.88.125.177 - - [20/Mar/2021:22:57:51 +0800] "GET /api/v1/play/19942/?play_id=19942 HTTP/1.1" 200 1976 "https://www.luffycity.com/play/19942" "Mozilla/5.0 (Macintosh; Intel Mac OS X 10_15_6) AppleWebKit/605.1.15 (KHTML, like Gecko) Version/14.0.3 Safari/605.1.15" 
114.249.114.186 - - [20/Mar/2021:22:57:52 +0800] "OPTIONS /api/v1/media/play/4100dd0787c14488a1584684f434330d/?suffix=4100dd0787c14488a1584684f434330d HTTP/1.1" 200 0 "https://www.luffycity.com/employment-course/1/detail" "Mozilla/5.0 (Windows NT 10.0; WOW64) AppleWebKit/537.36 (KHTML, like Gecko) Chrome/78.0.3904.108 Safari/537.36" 
120.236.177.7 - - [20/Mar/2021:22:57:52 +0800] "GET /api/v1/study/degrees/0/mentor/?degree_id=0 HTTP/1.1" 200 137 "https://www.luffycity.com/" "Mozilla/5.0 (Windows NT 10.0; Win64; x64) AppleWebKit/537.36 (KHTML, like Gecko) Chrome/89.0.4389.90 Safari/537.36 Edg/89.0.774.57" 
120.236.177.7 - - [20/Mar/2021:22:57:52 +0800] "GET /api/v1/study/degrees/ HTTP/1.1" 200 500 "https://www.luffycity.com/" "Mozilla/5.0 (Windows NT 10.0; Win64; x64) AppleWebKit/537.36 (KHTML, like Gecko) Chrome/89.0.4389.90 Safari/537.36 Edg/89.0.774.57" 
120.236.177.7 - - [20/Mar/2021:22:57:53 +0800] "GET /api/v1/study/data/?degree_id=4 HTTP/1.1" 200 106 "https://www.luffycity.com/" "Mozilla/5.0 (Windows NT 10.0; Win64; x64) AppleWebKit/537.36 (KHTML, like Gecko) Chrome/89.0.4389.90 Safari/537.36 Edg/89.0.774.57" 
175.167.217.221 - - [20/Mar/2021:22:57:57 +0800] "POST /api/v1/survey/section/30915/?sectionId=30915 HTTP/1.1" 200 10 "https://www.luffycity.com/" "Mozilla/5.0 (Windows NT 6.1; WOW64) AppleWebKit/537.36 (KHTML, like Gecko) Chrome/89.0.4389.82 Safari/537.36" 
111.199.191.214 - - [20/Mar/2021:22:57:59 +0800] "GET /api/v1/auth/token/ HTTP/1.1" 200 29 "https://m.luffycity.com/play/15588" "Mozilla/5.0 (iPhone; CPU iPhone OS 14_4_1 like Mac OS X) AppleWebKit/605.1.15 (KHTML, like Gecko) Version/14.0.3 Mobile/15E148 Safari/604.1" 
111.199.191.214 - - [20/Mar/2021:22:57:59 +0800] "GET /api/v1/play/sections/?section_id=15588 HTTP/1.1" 200 5549 "https://m.luffycity.com/play/15588" "Mozilla/5.0 (iPhone; CPU iPhone OS 14_4_1 like Mac OS X) AppleWebKit/605.1.15 (KHTML, like Gecko) Version/14.0.3 Mobile/15E148 Safari/604.1" 
175.167.217.221 - - [20/Mar/2021:22:57:59 +0800] "OPTIONS /api/v1/comment/?section_id=30917&limit=10&offset=0 HTTP/1.1" 200 0 "https://www.luffycity.com/" "Mozilla/5.0 (Windows NT 6.1; WOW64) AppleWebKit/537.36 (KHTML, like Gecko) Chrome/89.0.4389.82 Safari/537.36" 
175.167.217.221 - - [20/Mar/2021:22:57:59 +0800] "OPTIONS /api/v1/survey/section/30917/?sectionId=30917 HTTP/1.1" 200 0 "https://www.luffycity.com/" "Mozilla/5.0 (Windows NT 6.1; WOW64) AppleWebKit/537.36 (KHTML, like Gecko) Chrome/89.0.4389.82 Safari/537.36" 
175.167.217.221 - - [20/Mar/2021:22:57:59 +0800] "GET /api/v1/comment/?section_id=30917&limit=10&offset=0 HTTP/1.1" 200 1642 "https://www.luffycity.com/" "Mozilla/5.0 (Windows NT 6.1; WOW64) AppleWebKit/537.36 (KHTML, like Gecko) Chrome/89.0.4389.82 Safari/537.36" 
175.167.217.221 - - [20/Mar/2021:22:57:59 +0800] "GET /api/v1/play/30917/?play_id=30917 HTTP/1.1" 200 393 "https://www.luffycity.com/" "Mozilla/5.0 (Windows NT 6.1; WOW64) AppleWebKit/537.36 (KHTML, like Gecko) Chrome/89.0.4389.82 Safari/537.36" 
114.249.114.186 - - [20/Mar/2021:22:58:01 +0800] "OPTIONS /api/v1/course/degree/1/sections/?courseType=degree&id=1 HTTP/1.1" 200 0 "https://www.luffycity.com/employment-course/1/chapter" "Mozilla/5.0 (Windows NT 10.0; WOW64) AppleWebKit/537.36 (KHTML, like Gecko) Chrome/78.0.3904.108 Safari/537.36" 
114.249.114.186 - - [20/Mar/2021:22:58:01 +0800] "GET /api/v1/course/degree/1/study-route/?courseType=degree&id=1 HTTP/1.1" 200 2510 "https://www.luffycity.com/employment-course/1/chapter" "Mozilla/5.0 (Windows NT 10.0; WOW64) AppleWebKit/537.36 (KHTML, like Gecko) Chrome/78.0.3904.108 Safari/537.36" 
111.199.191.214 - - [20/Mar/2021:22:58:01 +0800] "GET /api/v1/play/15588/?play_id=15588 HTTP/1.1" 200 64 "https://m.luffycity.com/play/15588" "Mozilla/5.0 (iPhone; CPU iPhone OS 14_4_1 like Mac OS X) AppleWebKit/605.1.15 (KHTML, like Gecko) Version/14.0.3 Mobile/15E148 Safari/604.1" 
120.229.91.238 - - [20/Mar/2021:22:58:01 +0800] "OPTIONS /api/v1/survey/section/21824/?sectionId=21824 HTTP/1.1" 200 0 "https://www.luffycity.com/" "Mozilla/5.0 (Windows NT 10.0; Win64; x64) AppleWebKit/537.36 (KHTML, like Gecko) Chrome/89.0.4389.90 Safari/537.36" 
120.229.91.238 - - [20/Mar/2021:22:58:01 +0800] "OPTIONS /api/v1/comment/?section_id=21824&limit=10&offset=0 HTTP/1.1" 200 0 "https://www.luffycity.com/" "Mozilla/5.0 (Windows NT 10.0; Win64; x64) AppleWebKit/537.36 (KHTML, like Gecko) Chrome/89.0.4389.90 Safari/537.36" 
120.229.91.238 - - [20/Mar/2021:22:58:02 +0800] "GET /api/v1/survey/section/21824/?sectionId=21824 HTTP/1.1" 200 10 "https://www.luffycity.com/" "Mozilla/5.0 (Windows NT 10.0; Win64; x64) AppleWebKit/537.36 (KHTML, like Gecko) Chrome/89.0.4389.90 Safari/537.36" 
120.229.91.238 - - [20/Mar/2021:22:58:02 +0800] "GET /api/v1/play/21824/?play_id=21824 HTTP/1.1" 200 473 "https://www.luffycity.com/" "Mozilla/5.0 (Windows NT 10.0; Win64; x64) AppleWebKit/537.36 (KHTML, like Gecko) Chrome/89.0.4389.90 Safari/537.36" 
223.104.63.34 - - [20/Mar/2021:22:58:03 +0800] "GET /api/v1/auth/token/ HTTP/1.1" 200 29 "https://m.luffycity.com/404?source=bootcss" "Mozilla/5.0 (Linux; Android 10; Mi 10 Build/QKQ1.191117.002; wv) AppleWebKit/537.36 (KHTML, like Gecko) Version/4.0 Chrome/77.0.3865.120 MQQBrowser/6.2 TBS/045521 Mobile Safari/537.36 MMWEBID/6263 MicroMessenger/8.0.1.1841(0x2800015D) Process/tools WeChat/arm64 Weixin NetType/4G Language/zh_CN ABI/arm64" 
120.236.177.7 - - [20/Mar/2021:22:58:09 +0800] "OPTIONS /api/v1/study/module/degree/91904/?courseType=degree&id=91904 HTTP/1.1" 200 0 "https://www.luffycity.com/" "Mozilla/5.0 (Windows NT 10.0; Win64; x64) AppleWebKit/537.36 (KHTML, like Gecko) Chrome/89.0.4389.90 Safari/537.36 Edg/89.0.774.57" 
111.199.191.214 - - [20/Mar/2021:22:58:11 +0800] "GET /api/v1/auth/token/ HTTP/1.1" 200 29 "https://m.luffycity.com/study/special" "Mozilla/5.0 (iPhone; CPU iPhone OS 14_4_1 like Mac OS X) AppleWebKit/605.1.15 (KHTML, like Gecko) Version/14.0.3 Mobile/15E148 Safari/604.1" 
111.199.191.214 - - [20/Mar/2021:22:58:12 +0800] "GET /api/v1/auth/token/ HTTP/1.1" 200 29 "https://m.luffycity.com/study/special" "Mozilla/5.0 (iPhone; CPU iPhone OS 14_4_1 like Mac OS X) AppleWebKit/605.1.15 (KHTML, like Gecko) Version/14.0.3 Mobile/15E148 Safari/604.1" 
223.104.63.34 - - [20/Mar/2021:22:58:15 +0800] "GET /api/v1/auth/token/ HTTP/1.1" 200 29 "https://m.luffycity.com/404?source=bootcss" "Mozilla/5.0 (Linux; Android 10; Mi 10 Build/QKQ1.191117.002; wv) AppleWebKit/537.36 (KHTML, like Gecko) Version/4.0 Chrome/77.0.3865.120 MQQBrowser/6.2 TBS/045521 Mobile Safari/537.36 MMWEBID/6263 MicroMessenger/8.0.1.1841(0x2800015D) Process/tools WeChat/arm64 Weixin NetType/4G Language/zh_CN ABI/arm64" 
14.106.224.65 - - [20/Mar/2021:22:58:20 +0800] "OPTIONS /api/v1/play/sections/?section_id=19425 HTTP/1.1" 200 0 "-" "Mozilla/5.0 (Windows NT 10.0; WOW64) AppleWebKit/537.36 (KHTML, like Gecko) Chrome/70.0.3538.25 Safari/537.36 Core/1.70.3861.400 QQBrowser/10.7.4313.400" 
14.106.224.65 - - [20/Mar/2021:22:58:20 +0800] "OPTIONS /api/v1/play/19425/?play_id=19425 HTTP/1.1" 200 0 "-" "Mozilla/5.0 (Windows NT 10.0; WOW64) AppleWebKit/537.36 (KHTML, like Gecko) Chrome/70.0.3538.25 Safari/537.36 Core/1.70.3861.400 QQBrowser/10.7.4313.400" 
14.106.224.65 - - [20/Mar/2021:22:58:20 +0800] "GET /api/v1/survey/section/19425/?sectionId=19425 HTTP/1.1" 200 10 "https://www.luffycity.com/play/19425" "Mozilla/5.0 (Windows NT 10.0; WOW64) AppleWebKit/537.36 (KHTML, like Gecko) Chrome/70.0.3538.25 Safari/537.36 Core/1.70.3861.400 QQBrowser/10.7.4313.400" 
14.106.224.65 - - [20/Mar/2021:22:58:20 +0800] "GET /api/v1/play/sections/?section_id=19425 HTTP/1.1" 200 1964 "https://www.luffycity.com/play/19425" "Mozilla/5.0 (Windows NT 10.0; WOW64) AppleWebKit/537.36 (KHTML, like Gecko) Chrome/70.0.3538.25 Safari/537.36 Core/1.70.3861.400 QQBrowser/10.7.4313.400" 
114.249.114.186 - - [20/Mar/2021:22:58:27 +0800] "OPTIONS /api/v1/course/degree/1/teacher/?id=1 HTTP/1.1" 200 0 "https://www.luffycity.com/employment-course/1/chapter" "Mozilla/5.0 (Windows NT 10.0; WOW64) AppleWebKit/537.36 (KHTML, like Gecko) Chrome/78.0.3904.108 Safari/537.36" 
111.199.191.214 - - [20/Mar/2021:22:58:27 +0800] "POST /api/v1/auth/password/login/?loginWay=password HTTP/1.1" 200 274 "https://m.luffycity.com/signin?redirect=%2Fstudy%2Fspecial" "Mozilla/5.0 (iPhone; CPU iPhone OS 14_4_1 like Mac OS X) AppleWebKit/605.1.15 (KHTML, like Gecko) Version/14.0.3 Mobile/15E148 Safari/604.1" 
223.104.64.201 - - [20/Mar/2021:22:58:28 +0800] "OPTIONS /api/v1/survey/section/28681/?sectionId=28681 HTTP/1.1" 200 0 "https://www.luffycity.com/" "Mozilla/5.0 (Windows NT 10.0; Win64; x64) AppleWebKit/537.36 (KHTML, like Gecko) Chrome/89.0.4389.90 Safari/537.36 Edg/89.0.774.57" 
223.104.64.201 - - [20/Mar/2021:22:58:28 +0800] "OPTIONS /api/v1/play/28681/?play_id=28681 HTTP/1.1" 200 0 "https://www.luffycity.com/" "Mozilla/5.0 (Windows NT 10.0; Win64; x64) AppleWebKit/537.36 (KHTML, like Gecko) Chrome/89.0.4389.90 Safari/537.36 Edg/89.0.774.57" 
223.104.64.201 - - [20/Mar/2021:22:58:28 +0800] "GET /api/v1/play/sections/?section_id=28681 HTTP/1.1" 200 3461 "https://www.luffycity.com/" "Mozilla/5.0 (Windows NT 10.0; Win64; x64) AppleWebKit/537.36 (KHTML, like Gecko) Chrome/89.0.4389.90 Safari/537.36 Edg/89.0.774.57" 
223.104.64.201 - - [20/Mar/2021:22:58:28 +0800] "GET /api/v1/play/28681/?play_id=28681 HTTP/1.1" 200 434 "https://www.luffycity.com/" "Mozilla/5.0 (Windows NT 10.0; Win64; x64) AppleWebKit/537.36 (KHTML, like Gecko) Chrome/89.0.4389.90 Safari/537.36 Edg/89.0.774.57" 
111.199.191.214 - - [20/Mar/2021:22:58:29 +0800] "GET /api/v1/auth/token/ HTTP/1.1" 200 366 "https://m.luffycity.com/study/special" "Mozilla/5.0 (iPhone; CPU iPhone OS 14_4_1 like Mac OS X) AppleWebKit/605.1.15 (KHTML, like Gecko) Version/14.0.3 Mobile/15E148 Safari/604.1" 
111.199.191.214 - - [20/Mar/2021:22:58:29 +0800] "GET /api/v1/play/sections/?section_id=15589 HTTP/1.1" 200 5582 "https://m.luffycity.com/play/15589" "Mozilla/5.0 (iPhone; CPU iPhone OS 14_4_1 like Mac OS X) AppleWebKit/605.1.15 (KHTML, like Gecko) Version/14.0.3 Mobile/15E148 Safari/604.1" 
103.238.135.253 - - [20/Mar/2021:22:58:30 +0800] "GET /api/v1/study/degrees/17/mentor/?degree_id=17 HTTP/1.1" 200 212 "https://www.luffycity.com/" "Mozilla/5.0 (Windows NT 10.0; Win64; x64) AppleWebKit/537.36 (KHTML, like Gecko) Chrome/86.0.4240.111 Safari/537.36" 
103.238.135.253 - - [20/Mar/2021:22:58:30 +0800] "GET /api/v1/study/data/ HTTP/1.1" 200 102 "https://www.luffycity.com/" "Mozilla/5.0 (Windows NT 10.0; Win64; x64) AppleWebKit/537.36 (KHTML, like Gecko) Chrome/86.0.4240.111 Safari/537.36" 
103.238.135.253 - - [20/Mar/2021:22:58:30 +0800] "GET /api/v1/study/degrees/17/?degree_id=17 HTTP/1.1" 200 946 "https://www.luffycity.com/" "Mozilla/5.0 (Windows NT 10.0; Win64; x64) AppleWebKit/537.36 (KHTML, like Gecko) Chrome/86.0.4240.111 Safari/537.36" 
220.175.67.11 - - [20/Mar/2021:22:58:31 +0800] "OPTIONS /api/v1/play/sections/?section_id=2939 HTTP/1.1" 200 0 "https://www.luffycity.com/play/2939" "Mozilla/5.0 (Windows NT 10.0; Win64; x64) AppleWebKit/537.36 (KHTML, like Gecko) Chrome/78.0.3904.108 Safari/537.36" 
220.175.67.11 - - [20/Mar/2021:22:58:31 +0800] "OPTIONS /api/v1/play/2939/?play_id=2939 HTTP/1.1" 200 0 "https://www.luffycity.com/play/2939" "Mozilla/5.0 (Windows NT 10.0; Win64; x64) AppleWebKit/537.36 (KHTML, like Gecko) Chrome/78.0.3904.108 Safari/537.36" 
220.175.67.11 - - [20/Mar/2021:22:58:31 +0800] "GET /api/v1/survey/section/2939/?sectionId=2939 HTTP/1.1" 200 10 "https://www.luffycity.com/play/2939" "Mozilla/5.0 (Windows NT 10.0; Win64; x64) AppleWebKit/537.36 (KHTML, like Gecko) Chrome/78.0.3904.108 Safari/537.36" 
220.175.67.11 - - [20/Mar/2021:22:58:31 +0800] "GET /api/v1/comment/?section_id=2939&limit=10&offset=0 HTTP/1.1" 200 1007 "https://www.luffycity.com/play/2939" "Mozilla/5.0 (Windows NT 10.0; Win64; x64) AppleWebKit/537.36 (KHTML, like Gecko) Chrome/78.0.3904.108 Safari/537.36" 
218.88.125.177 - - [20/Mar/2021:22:58:36 +0800] "GET /api/v1/play/sections/?section_id=19942 HTTP/1.1" 200 7459 "https://www.luffycity.com/play/19942" "Mozilla/5.0 (Macintosh; Intel Mac OS X 10_15_6) AppleWebKit/605.1.15 (KHTML, like Gecko) Version/14.0.3 Safari/605.1.15" 
218.88.125.177 - - [20/Mar/2021:22:58:36 +0800] "GET /api/v1/play/19942/?play_id=19942 HTTP/1.1" 200 1975 "https://www.luffycity.com/play/19942" "Mozilla/5.0 (Macintosh; Intel Mac OS X 10_15_6) AppleWebKit/605.1.15 (KHTML, like Gecko) Version/14.0.3 Safari/605.1.15" 
103.238.135.253 - - [20/Mar/2021:22:58:37 +0800] "GET /api/v1/study/module/degree/58882/?courseType=degree&id=58882 HTTP/1.1" 200 671 "https://www.luffycity.com/" "Mozilla/5.0 (Windows NT 10.0; Win64; x64) AppleWebKit/537.36 (KHTML, like Gecko) Chrome/86.0.4240.111 Safari/537.36" 
103.238.135.253 - - [20/Mar/2021:22:58:47 +0800] "GET /api/v1/study/degrees/17/mentor/?degree_id=17 HTTP/1.1" 200 212 "https://www.luffycity.com/" "Mozilla/5.0 (Windows NT 10.0; Win64; x64) AppleWebKit/537.36 (KHTML, like Gecko) Chrome/86.0.4240.111 Safari/537.36" 
103.238.135.253 - - [20/Mar/2021:22:58:47 +0800] "GET /api/v1/study/data/ HTTP/1.1" 200 102 "https://www.luffycity.com/" "Mozilla/5.0 (Windows NT 10.0; Win64; x64) AppleWebKit/537.36 (KHTML, like Gecko) Chrome/86.0.4240.111 Safari/537.36" 
103.238.135.253 - - [20/Mar/2021:22:58:47 +0800] "GET /api/v1/study/degrees/17/?degree_id=17 HTTP/1.1" 200 946 "https://www.luffycity.com/" "Mozilla/5.0 (Windows NT 10.0; Win64; x64) AppleWebKit/537.36 (KHTML, like Gecko) Chrome/86.0.4240.111 Safari/537.36" 
203.208.60.21, 39.97.49.232 - - [20/Mar/2021:22:58:48 +0800] "GET /api/v1/result/ HTTP/1.1" 200 231 "-" "Mozilla/5.0 (compatible; Googlebot/2.1; +http://www.google.com/bot.html)" 
203.208.60.21, 39.97.49.232 - - [20/Mar/2021:22:58:48 +0800] "GET /api/v1/course/actual/?limit=3 HTTP/1.1" 200 2342 "-" "Mozilla/5.0 (compatible; Googlebot/2.1; +http://www.google.com/bot.html)" 
103.238.135.253 - - [20/Mar/2021:22:58:58 +0800] "GET /api/v1/study/degrees/0/mentor/?degree_id=0 HTTP/1.1" 200 137 "https://www.luffycity.com/" "Mozilla/5.0 (Windows NT 10.0; Win64; x64) AppleWebKit/537.36 (KHTML, like Gecko) Chrome/86.0.4240.111 Safari/537.36" 
103.238.135.253 - - [20/Mar/2021:22:58:58 +0800] "GET /api/v1/study/degrees/ HTTP/1.1" 200 144 "https://www.luffycity.com/" "Mozilla/5.0 (Windows NT 10.0; Win64; x64) AppleWebKit/537.36 (KHTML, like Gecko) Chrome/86.0.4240.111 Safari/537.36" 
103.238.135.253 - - [20/Mar/2021:22:58:58 +0800] "GET /api/v1/study/data/?degree_id=17 HTTP/1.1" 200 105 "https://www.luffycity.com/" "Mozilla/5.0 (Windows NT 10.0; Win64; x64) AppleWebKit/537.36 (KHTML, like Gecko) Chrome/86.0.4240.111 Safari/537.36" 
218.88.125.177, 39.97.49.232 - - [20/Mar/2021:22:59:00 +0800] "GET /api/v1/auth/token/ HTTP/1.1" 200 402 "-" "Mozilla/5.0 (Macintosh; Intel Mac OS X 10_15_6) AppleWebKit/605.1.15 (KHTML, like Gecko) Version/14.0.3 Safari/605.1.15" 
218.88.125.177 - - [20/Mar/2021:22:59:00 +0800] "OPTIONS /api/v1/study/degrees/ HTTP/1.1" 200 0 "https://www.luffycity.com/" "Mozilla/5.0 (Macintosh; Intel Mac OS X 10_15_6) AppleWebKit/605.1.15 (KHTML, like Gecko) Version/14.0.3 Safari/605.1.15" 
218.88.125.177 - - [20/Mar/2021:22:59:00 +0800] "OPTIONS /api/v1/study/degrees/0/mentor/?degree_id=0 HTTP/1.1" 200 0 "https://www.luffycity.com/" "Mozilla/5.0 (Macintosh; Intel Mac OS X 10_15_6) AppleWebKit/605.1.15 (KHTML, like Gecko) Version/14.0.3 Safari/605.1.15" 
218.88.125.177 - - [20/Mar/2021:22:59:00 +0800] "GET /api/v1/study/data/ HTTP/1.1" 200 108 "https://www.luffycity.com/study/degree" "Mozilla/5.0 (Macintosh; Intel Mac OS X 10_15_6) AppleWebKit/605.1.15 (KHTML, like Gecko) Version/14.0.3 Safari/605.1.15" 
218.88.125.177 - - [20/Mar/2021:22:59:00 +0800] "OPTIONS /api/v1/study/degrees/1/?degree_id=1 HTTP/1.1" 200 0 "https://www.luffycity.com/" "Mozilla/5.0 (Macintosh; Intel Mac OS X 10_15_6) AppleWebKit/605.1.15 (KHTML, like Gecko) Version/14.0.3 Safari/605.1.15" 
218.88.125.177 - - [20/Mar/2021:22:59:00 +0800] "OPTIONS /api/v1/study/degrees/1/mentor/?degree_id=1 HTTP/1.1" 200 0 "https://www.luffycity.com/" "Mozilla/5.0 (Macintosh; Intel Mac OS X 10_15_6) AppleWebKit/605.1.15 (KHTML, like Gecko) Version/14.0.3 Safari/605.1.15" 
218.88.125.177 - - [20/Mar/2021:22:59:01 +0800] "GET /api/v1/study/data/?degree_id=1 HTTP/1.1" 200 114 "https://www.luffycity.com/study/degree" "Mozilla/5.0 (Macintosh; Intel Mac OS X 10_15_6) AppleWebKit/605.1.15 (KHTML, like Gecko) Version/14.0.3 Safari/605.1.15" 
218.88.125.177, 39.97.49.232 - - [20/Mar/2021:22:59:09 +0800] "GET /api/v1/result/ HTTP/1.1" 200 231 "-" "Mozilla/5.0 (Macintosh; Intel Mac OS X 10_15_6) AppleWebKit/605.1.15 (KHTML, like Gecko) Version/14.0.3 Safari/605.1.15" 
218.88.125.177 - - [20/Mar/2021:22:59:09 +0800] "GET /api/v1/play/sections/?section_id=19942 HTTP/1.1" 200 7459 "https://www.luffycity.com/play/19942" "Mozilla/5.0 (Macintosh; Intel Mac OS X 10_15_6) AppleWebKit/605.1.15 (KHTML, like Gecko) Version/14.0.3 Safari/605.1.15" 
218.88.125.177 - - [20/Mar/2021:22:59:09 +0800] "GET /api/v1/play/19942/?play_id=19942 HTTP/1.1" 200 1974 "https://www.luffycity.com/play/19942" "Mozilla/5.0 (Macintosh; Intel Mac OS X 10_15_6) AppleWebKit/605.1.15 (KHTML, like Gecko) Version/14.0.3 Safari/605.1.15" 
175.167.217.221 - - [20/Mar/2021:22:59:16 +0800] "GET /api/v1/play/sections/?section_id=30915 HTTP/1.1" 200 3294 "https://www.luffycity.com/" "Mozilla/5.0 (Windows NT 6.1; WOW64) AppleWebKit/537.36 (KHTML, like Gecko) Chrome/89.0.4389.82 Safari/537.36" 
175.167.217.221 - - [20/Mar/2021:22:59:16 +0800] "GET /api/v1/play/30915/?play_id=30915 HTTP/1.1" 200 405 "https://www.luffycity.com/" "Mozilla/5.0 (Windows NT 6.1; WOW64) AppleWebKit/537.36 (KHTML, like Gecko) Chrome/89.0.4389.82 Safari/537.36" 
103.238.135.253 - - [20/Mar/2021:22:59:21 +0800] "GET /api/v1/study/module/degree/58878/?courseType=degree&id=58878 HTTP/1.1" 200 6410 "https://www.luffycity.com/" "Mozilla/5.0 (Windows NT 10.0; Win64; x64) AppleWebKit/537.36 (KHTML, like Gecko) Chrome/86.0.4240.111 Safari/537.36" 
175.167.217.221 - - [20/Mar/2021:22:59:30 +0800] "GET /api/v1/study/module/degree/102391/?courseType=degree&id=102391 HTTP/1.1" 200 3300 "https://www.luffycity.com/" "Mozilla/5.0 (Windows NT 6.1; WOW64) AppleWebKit/537.36 (KHTML, like Gecko) Chrome/89.0.4389.82 Safari/537.36" 
220.175.67.11 - - [20/Mar/2021:22:59:35 +0800] "OPTIONS /api/v1/comment/?section_id=2940&limit=10&offset=0 HTTP/1.1" 200 0 "https://www.luffycity.com/play/2940" "Mozilla/5.0 (Windows NT 10.0; Win64; x64) AppleWebKit/537.36 (KHTML, like Gecko) Chrome/78.0.3904.108 Safari/537.36" 
220.175.67.11 - - [20/Mar/2021:22:59:35 +0800] "OPTIONS /api/v1/survey/section/2940/?sectionId=2940 HTTP/1.1" 200 0 "https://www.luffycity.com/play/2940" "Mozilla/5.0 (Windows NT 10.0; Win64; x64) AppleWebKit/537.36 (KHTML, like Gecko) Chrome/78.0.3904.108 Safari/537.36" 
220.175.67.11 - - [20/Mar/2021:22:59:35 +0800] "GET /api/v1/play/sections/?section_id=2940 HTTP/1.1" 200 3450 "https://www.luffycity.com/play/2940" "Mozilla/5.0 (Windows NT 10.0; Win64; x64) AppleWebKit/537.36 (KHTML, like Gecko) Chrome/78.0.3904.108 Safari/537.36" 
220.175.67.11 - - [20/Mar/2021:22:59:36 +0800] "GET /api/v1/play/2940/?play_id=2940 HTTP/1.1" 200 454 "https://www.luffycity.com/play/2940" "Mozilla/5.0 (Windows NT 10.0; Win64; x64) AppleWebKit/537.36 (KHTML, like Gecko) Chrome/78.0.3904.108 Safari/537.36" 
175.167.217.221 - - [20/Mar/2021:22:59:37 +0800] "GET /api/v1/study/degrees/1/mentor/?degree_id=1 HTTP/1.1" 200 187 "https://www.luffycity.com/" "Mozilla/5.0 (Windows NT 6.1; WOW64) AppleWebKit/537.36 (KHTML, like Gecko) Chrome/89.0.4389.82 Safari/537.36" 
175.167.217.221 - - [20/Mar/2021:22:59:37 +0800] "GET /api/v1/study/data/ HTTP/1.1" 200 105 "https://www.luffycity.com/" "Mozilla/5.0 (Windows NT 6.1; WOW64) AppleWebKit/537.36 (KHTML, like Gecko) Chrome/89.0.4389.82 Safari/537.36" 
175.167.217.221 - - [20/Mar/2021:22:59:37 +0800] "GET /api/v1/study/degrees/1/?degree_id=1 HTTP/1.1" 200 1879 "https://www.luffycity.com/" "Mozilla/5.0 (Windows NT 6.1; WOW64) AppleWebKit/537.36 (KHTML, like Gecko) Chrome/89.0.4389.82 Safari/537.36" 
175.167.217.221 - - [20/Mar/2021:22:59:44 +0800] "OPTIONS /api/v1/study/module/280/homework/221/?moduleId=280&homeworkId=221 HTTP/1.1" 200 0 "https://www.luffycity.com/" "Mozilla/5.0 (Windows NT 6.1; WOW64) AppleWebKit/537.36 (KHTML, like Gecko) Chrome/89.0.4389.82 Safari/537.36" 
175.167.217.221 - - [20/Mar/2021:22:59:44 +0800] "GET /api/v1/study/module/280/homework/221/?moduleId=280&homeworkId=221 HTTP/1.1" 200 1322 "https://www.luffycity.com/" "Mozilla/5.0 (Windows NT 6.1; WOW64) AppleWebKit/537.36 (KHTML, like Gecko) Chrome/89.0.4389.82 Safari/537.36" 
175.167.217.221 - - [20/Mar/2021:22:59:44 +0800] "GET /api/v1/survey/homework/?surveyType=homework HTTP/1.1" 200 416 "https://www.luffycity.com/" "Mozilla/5.0 (Windows NT 6.1; WOW64) AppleWebKit/537.36 (KHTML, like Gecko) Chrome/89.0.4389.82 Safari/537.36" 
120.243.100.42 - - [20/Mar/2021:22:59:50 +0800] "OPTIONS /api/v1/play/19488/?play_id=19488 HTTP/1.1" 200 0 "https://www.luffycity.com/" "Mozilla/5.0 (Windows NT 10.0; Win64; x64) AppleWebKit/537.36 (KHTML, like Gecko) Chrome/89.0.4389.90 Safari/537.36 Edg/89.0.774.54" 
120.243.100.42 - - [20/Mar/2021:22:59:50 +0800] "OPTIONS /api/v1/comment/?section_id=19488&limit=10&offset=0 HTTP/1.1" 200 0 "https://www.luffycity.com/" "Mozilla/5.0 (Windows NT 10.0; Win64; x64) AppleWebKit/537.36 (KHTML, like Gecko) Chrome/89.0.4389.90 Safari/537.36 Edg/89.0.774.54" 
120.243.100.42 - - [20/Mar/2021:22:59:50 +0800] "GET /api/v1/survey/section/19488/?sectionId=19488 HTTP/1.1" 200 10 "https://www.luffycity.com/" "Mozilla/5.0 (Windows NT 10.0; Win64; x64) AppleWebKit/537.36 (KHTML, like Gecko) Chrome/89.0.4389.90 Safari/537.36 Edg/89.0.774.54" 
120.243.100.42 - - [20/Mar/2021:22:59:50 +0800] "GET /api/v1/play/19488/?play_id=19488 HTTP/1.1" 200 397 "https://www.luffycity.com/" "Mozilla/5.0 (Windows NT 10.0; Win64; x64) AppleWebKit/537.36 (KHTML, like Gecko) Chrome/89.0.4389.90 Safari/537.36 Edg/89.0.774.54" 
175.167.217.221 - - [20/Mar/2021:22:59:59 +0800] "GET /api/v1/study/degrees/0/mentor/?degree_id=0 HTTP/1.1" 200 137 "https://www.luffycity.com/" "Mozilla/5.0 (Windows NT 6.1; WOW64) AppleWebKit/537.36 (KHTML, like Gecko) Chrome/89.0.4389.82 Safari/537.36" 
175.167.217.221 - - [20/Mar/2021:22:59:59 +0800] "GET /api/v1/study/degrees/1/mentor/?degree_id=1 HTTP/1.1" 200 187 "https://www.luffycity.com/" "Mozilla/5.0 (Windows NT 6.1; WOW64) AppleWebKit/537.36 (KHTML, like Gecko) Chrome/89.0.4389.82 Safari/537.36" 
175.167.217.221 - - [20/Mar/2021:23:00:00 +0800] "GET /api/v1/study/degrees/1/?degree_id=1 HTTP/1.1" 200 1879 "https://www.luffycity.com/" "Mozilla/5.0 (Windows NT 6.1; WOW64) AppleWebKit/537.36 (KHTML, like Gecko) Chrome/89.0.4389.82 Safari/537.36" 
120.236.177.7 - - [20/Mar/2021:23:00:07 +0800] "GET /api/v1/study/degrees/0/mentor/?degree_id=0 HTTP/1.1" 200 137 "https://www.luffycity.com/" "Mozilla/5.0 (Windows NT 10.0; Win64; x64) AppleWebKit/537.36 (KHTML, like Gecko) Chrome/89.0.4389.90 Safari/537.36 Edg/89.0.774.57" 
120.236.177.7 - - [20/Mar/2021:23:00:07 +0800] "GET /api/v1/study/degrees/ HTTP/1.1" 200 500 "https://www.luffycity.com/" "Mozilla/5.0 (Windows NT 10.0; Win64; x64) AppleWebKit/537.36 (KHTML, like Gecko) Chrome/89.0.4389.90 Safari/537.36 Edg/89.0.774.57" 
120.236.177.7 - - [20/Mar/2021:23:00:07 +0800] "GET /api/v1/study/data/?degree_id=4 HTTP/1.1" 200 106 "https://www.luffycity.com/" "Mozilla/5.0 (Windows NT 10.0; Win64; x64) AppleWebKit/537.36 (KHTML, like Gecko) Chrome/89.0.4389.90 Safari/537.36 Edg/89.0.774.57" 
103.238.135.253 - - [20/Mar/2021:23:00:07 +0800] "OPTIONS /api/v1/comment/?section_id=15273&limit=10&offset=0 HTTP/1.1" 200 0 "https://www.luffycity.com/" "Mozilla/5.0 (Windows NT 10.0; Win64; x64) AppleWebKit/537.36 (KHTML, like Gecko) Chrome/86.0.4240.111 Safari/537.36" 
103.238.135.253 - - [20/Mar/2021:23:00:07 +0800] "OPTIONS /api/v1/survey/section/15273/?sectionId=15273 HTTP/1.1" 200 0 "https://www.luffycity.com/" "Mozilla/5.0 (Windows NT 10.0; Win64; x64) AppleWebKit/537.36 (KHTML, like Gecko) Chrome/86.0.4240.111 Safari/537.36" 
103.238.135.253 - - [20/Mar/2021:23:00:07 +0800] "GET /api/v1/survey/section/15273/?sectionId=15273 HTTP/1.1" 200 10 "https://www.luffycity.com/" "Mozilla/5.0 (Windows NT 10.0; Win64; x64) AppleWebKit/537.36 (KHTML, like Gecko) Chrome/86.0.4240.111 Safari/537.36" 
103.238.135.253 - - [20/Mar/2021:23:00:08 +0800] "GET /api/v1/play/15273/?play_id=15273 HTTP/1.1" 200 443 "https://www.luffycity.com/" "Mozilla/5.0 (Windows NT 10.0; Win64; x64) AppleWebKit/537.36 (KHTML, like Gecko) Chrome/86.0.4240.111 Safari/537.36" 
111.202.101.82, 39.97.49.232 - - [20/Mar/2021:23:00:09 +0800] "GET /api/v1/auth/token/ HTTP/1.1" 200 29 "-" "Sogou web spider/4.0(+http://www.sogou.com/docs/help/webmasters.htm#07)" 
111.202.101.82, 39.97.49.232 - - [20/Mar/2021:23:00:09 +0800] "GET /api/v1/result/ HTTP/1.1" 200 231 "-" "Sogou web spider/4.0(+http://www.sogou.com/docs/help/webmasters.htm#07)" 
120.236.177.7 - - [20/Mar/2021:23:00:15 +0800] "GET /api/v1/study/module/degree/67723/?courseType=degree&id=67723 HTTP/1.1" 200 3522 "https://www.luffycity.com/" "Mozilla/5.0 (Windows NT 10.0; Win64; x64) AppleWebKit/537.36 (KHTML, like Gecko) Chrome/89.0.4389.90 Safari/537.36 Edg/89.0.774.57" 
103.238.135.253, 39.97.49.232 - - [20/Mar/2021:23:00:22 +0800] "GET /api/v1/result/ HTTP/1.1" 200 231 "-" "Mozilla/5.0 (Windows NT 10.0; Win64; x64) AppleWebKit/537.36 (KHTML, like Gecko) Chrome/86.0.4240.111 Safari/537.36" 
220.175.67.11 - - [20/Mar/2021:23:00:31 +0800] "OPTIONS /api/v1/comment/?section_id=2941&limit=10&offset=0 HTTP/1.1" 200 0 "https://www.luffycity.com/play/2941" "Mozilla/5.0 (Windows NT 10.0; Win64; x64) AppleWebKit/537.36 (KHTML, like Gecko) Chrome/78.0.3904.108 Safari/537.36" 
220.175.67.11 - - [20/Mar/2021:23:00:31 +0800] "OPTIONS /api/v1/survey/section/2941/?sectionId=2941 HTTP/1.1" 200 0 "https://www.luffycity.com/play/2941" "Mozilla/5.0 (Windows NT 10.0; Win64; x64) AppleWebKit/537.36 (KHTML, like Gecko) Chrome/78.0.3904.108 Safari/537.36" 
220.175.67.11 - - [20/Mar/2021:23:00:31 +0800] "GET /api/v1/play/sections/?section_id=2941 HTTP/1.1" 200 3450 "https://www.luffycity.com/play/2941" "Mozilla/5.0 (Windows NT 10.0; Win64; x64) AppleWebKit/537.36 (KHTML, like Gecko) Chrome/78.0.3904.108 Safari/537.36" 
220.175.67.11 - - [20/Mar/2021:23:00:31 +0800] "GET /api/v1/play/2941/?play_id=2941 HTTP/1.1" 200 469 "https://www.luffycity.com/play/2941" "Mozilla/5.0 (Windows NT 10.0; Win64; x64) AppleWebKit/537.36 (KHTML, like Gecko) Chrome/78.0.3904.108 Safari/537.36" 
113.119.177.140 - - [20/Mar/2021:23:00:32 +0800] "OPTIONS /api/v1/play/871/?play_id=871 HTTP/1.1" 200 0 "https://www.luffycity.com/" "Mozilla/5.0 (Windows NT 10.0; Win64; x64) AppleWebKit/537.36 (KHTML, like Gecko) Chrome/89.0.4389.90 Safari/537.36" 
113.119.177.140 - - [20/Mar/2021:23:00:32 +0800] "OPTIONS /api/v1/survey/section/871/?sectionId=871 HTTP/1.1" 200 0 "https://www.luffycity.com/" "Mozilla/5.0 (Windows NT 10.0; Win64; x64) AppleWebKit/537.36 (KHTML, like Gecko) Chrome/89.0.4389.90 Safari/537.36" 
113.119.177.140 - - [20/Mar/2021:23:00:32 +0800] "GET /api/v1/play/sections/?section_id=871 HTTP/1.1" 200 3103 "https://www.luffycity.com/" "Mozilla/5.0 (Windows NT 10.0; Win64; x64) AppleWebKit/537.36 (KHTML, like Gecko) Chrome/89.0.4389.90 Safari/537.36" 
113.119.177.140 - - [20/Mar/2021:23:00:32 +0800] "GET /api/v1/play/871/?play_id=871 HTTP/1.1" 200 397 "https://www.luffycity.com/" "Mozilla/5.0 (Windows NT 10.0; Win64; x64) AppleWebKit/537.36 (KHTML, like Gecko) Chrome/89.0.4389.90 Safari/537.36" 
113.70.99.69 - - [20/Mar/2021:23:00:38 +0800] "OPTIONS /api/v1/play/sections/?section_id=30971 HTTP/1.1" 200 0 "https://www.luffycity.com/play/30971" "Mozilla/5.0 (Windows NT 10.0; Win64; x64; rv:86.0) Gecko/20100101 Firefox/86.0" 
113.70.99.69 - - [20/Mar/2021:23:00:38 +0800] "OPTIONS /api/v1/play/30971/?play_id=30971 HTTP/1.1" 200 0 "https://www.luffycity.com/play/30971" "Mozilla/5.0 (Windows NT 10.0; Win64; x64; rv:86.0) Gecko/20100101 Firefox/86.0" 
113.70.99.69 - - [20/Mar/2021:23:00:38 +0800] "GET /api/v1/comment/?section_id=30971&limit=10&offset=0 HTTP/1.1" 200 1798 "https://www.luffycity.com/play/30971" "Mozilla/5.0 (Windows NT 10.0; Win64; x64; rv:86.0) Gecko/20100101 Firefox/86.0" 
113.70.99.69 - - [20/Mar/2021:23:00:38 +0800] "GET /api/v1/play/30971/?play_id=30971 HTTP/1.1" 200 420 "https://www.luffycity.com/play/30971" "Mozilla/5.0 (Windows NT 10.0; Win64; x64; rv:86.0) Gecko/20100101 Firefox/86.0" 
221.232.19.117, 39.97.49.232 - - [20/Mar/2021:23:00:43 +0800] "GET /api/v1/result/ HTTP/1.1" 200 231 "https://www.cnblogs.com/" "Mozilla/5.0 (Windows NT 10.0; Win64; x64) AppleWebKit/537.36 (KHTML, like Gecko) Chrome/89.0.4389.90 Safari/537.36" 
221.232.19.117 - - [20/Mar/2021:23:00:46 +0800] "OPTIONS /api/v1/course/degree/ HTTP/1.1" 200 0 "https://www.luffycity.com/" "Mozilla/5.0 (Windows NT 10.0; Win64; x64) AppleWebKit/537.36 (KHTML, like Gecko) Chrome/89.0.4389.90 Safari/537.36" 
221.232.19.117 - - [20/Mar/2021:23:00:46 +0800] "GET /api/v1/course/actual/?limit=3 HTTP/1.1" 200 2342 "https://www.luffycity.com/" "Mozilla/5.0 (Windows NT 10.0; Win64; x64) AppleWebKit/537.36 (KHTML, like Gecko) Chrome/89.0.4389.90 Safari/537.36" 
221.232.19.117 - - [20/Mar/2021:23:00:46 +0800] "GET /api/v1/course/degree/ HTTP/1.1" 200 948 "https://www.luffycity.com/" "Mozilla/5.0 (Windows NT 10.0; Win64; x64) AppleWebKit/537.36 (KHTML, like Gecko) Chrome/89.0.4389.90 Safari/537.36" 
221.232.19.117 - - [20/Mar/2021:23:00:46 +0800] "GET /api/v1/course/home-free/?limit=3 HTTP/1.1" 200 865 "https://www.luffycity.com/" "Mozilla/5.0 (Windows NT 10.0; Win64; x64) AppleWebKit/537.36 (KHTML, like Gecko) Chrome/89.0.4389.90 Safari/537.36" 
221.232.19.117 - - [20/Mar/2021:23:00:46 +0800] "GET /api/v1/result/enroll/?resultType=enroll&limit=2 HTTP/1.1" 200 1976 "https://www.luffycity.com/" "Mozilla/5.0 (Windows NT 10.0; Win64; x64) AppleWebKit/537.36 (KHTML, like Gecko) Chrome/89.0.4389.90 Safari/537.36" 
120.236.177.7 - - [20/Mar/2021:23:00:46 +0800] "GET /api/v1/study/degrees/0/mentor/?degree_id=0 HTTP/1.1" 200 137 "https://www.luffycity.com/" "Mozilla/5.0 (Windows NT 10.0; Win64; x64) AppleWebKit/537.36 (KHTML, like Gecko) Chrome/89.0.4389.90 Safari/537.36 Edg/89.0.774.57" 
120.236.177.7 - - [20/Mar/2021:23:00:46 +0800] "GET /api/v1/study/degrees/ HTTP/1.1" 200 500 "https://www.luffycity.com/" "Mozilla/5.0 (Windows NT 10.0; Win64; x64) AppleWebKit/537.36 (KHTML, like Gecko) Chrome/89.0.4389.90 Safari/537.36 Edg/89.0.774.57" 
120.236.177.7 - - [20/Mar/2021:23:00:47 +0800] "GET /api/v1/study/data/?degree_id=4 HTTP/1.1" 200 106 "https://www.luffycity.com/" "Mozilla/5.0 (Windows NT 10.0; Win64; x64) AppleWebKit/537.36 (KHTML, like Gecko) Chrome/89.0.4389.90 Safari/537.36 Edg/89.0.774.57" 
120.236.177.7 - - [20/Mar/2021:23:00:50 +0800] "GET /api/v1/study/module/degree/91904/?courseType=degree&id=91904 HTTP/1.1" 200 5766 "https://www.luffycity.com/" "Mozilla/5.0 (Windows NT 10.0; Win64; x64) AppleWebKit/537.36 (KHTML, like Gecko) Chrome/89.0.4389.90 Safari/537.36 Edg/89.0.774.57" 
221.232.19.117 - - [20/Mar/2021:23:00:51 +0800] "GET /api/v1/course/free/124/?courseType=free&id=124 HTTP/1.1" 200 2010 "https://www.luffycity.com/" "Mozilla/5.0 (Windows NT 10.0; Win64; x64) AppleWebKit/537.36 (KHTML, like Gecko) Chrome/89.0.4389.90 Safari/537.36" 
221.232.19.117 - - [20/Mar/2021:23:00:52 +0800] "GET /api/v1/course/free/124/sections/?courseType=free&id=124 HTTP/1.1" 200 3097 "https://www.luffycity.com/" "Mozilla/5.0 (Windows NT 10.0; Win64; x64) AppleWebKit/537.36 (KHTML, like Gecko) Chrome/89.0.4389.90 Safari/537.36" 
120.236.177.7 - - [20/Mar/2021:23:00:52 +0800] "OPTIONS /api/v1/comment/?section_id=29404&limit=10&offset=0 HTTP/1.1" 200 0 "https://www.luffycity.com/" "Mozilla/5.0 (Windows NT 10.0; Win64; x64) AppleWebKit/537.36 (KHTML, like Gecko) Chrome/89.0.4389.90 Safari/537.36 Edg/89.0.774.57" 
120.236.177.7 - - [20/Mar/2021:23:00:52 +0800] "OPTIONS /api/v1/survey/section/29404/?sectionId=29404 HTTP/1.1" 200 0 "https://www.luffycity.com/" "Mozilla/5.0 (Windows NT 10.0; Win64; x64) AppleWebKit/537.36 (KHTML, like Gecko) Chrome/89.0.4389.90 Safari/537.36 Edg/89.0.774.57" 
120.236.177.7 - - [20/Mar/2021:23:00:53 +0800] "GET /api/v1/survey/section/29404/?sectionId=29404 HTTP/1.1" 200 10 "https://www.luffycity.com/" "Mozilla/5.0 (Windows NT 10.0; Win64; x64) AppleWebKit/537.36 (KHTML, like Gecko) Chrome/89.0.4389.90 Safari/537.36 Edg/89.0.774.57" 
120.236.177.7 - - [20/Mar/2021:23:00:53 +0800] "GET /api/v1/play/29404/?play_id=29404 HTTP/1.1" 200 425 "https://www.luffycity.com/" "Mozilla/5.0 (Windows NT 10.0; Win64; x64) AppleWebKit/537.36 (KHTML, like Gecko) Chrome/89.0.4389.90 Safari/537.36 Edg/89.0.774.57" 
106.47.65.107 - - [20/Mar/2021:23:01:01 +0800] "POST /api/v1/survey/section/872/?sectionId=872 HTTP/1.1" 200 10 "https://www.luffycity.com/" "Mozilla/5.0 (Windows NT 10.0; Win64; x64) AppleWebKit/537.36 (KHTML, like Gecko) Chrome/89.0.4389.90 Safari/537.36 Edg/89.0.774.54" 
119.133.4.14, 39.97.49.232 - - [20/Mar/2021:23:01:03 +0800] "GET /api/v1/auth/token/ HTTP/1.1" 200 29 "-" "Mozilla/5.0 (Windows NT 10.0; Win64; x64) AppleWebKit/537.36 (KHTML, like Gecko) Chrome/89.0.4389.90 Safari/537.36" 
119.133.4.14, 39.97.49.232 - - [20/Mar/2021:23:01:03 +0800] "GET /api/v1/result/ HTTP/1.1" 200 231 "-" "Mozilla/5.0 (Windows NT 10.0; Win64; x64) AppleWebKit/537.36 (KHTML, like Gecko) Chrome/89.0.4389.90 Safari/537.36" 
119.133.4.14, 39.97.49.232 - - [20/Mar/2021:23:01:03 +0800] "GET /api/v1/course/actual/?limit=3 HTTP/1.1" 200 2342 "-" "Mozilla/5.0 (Windows NT 10.0; Win64; x64) AppleWebKit/537.36 (KHTML, like Gecko) Chrome/89.0.4389.90 Safari/537.36" 
119.133.4.14, 39.97.49.232 - - [20/Mar/2021:23:01:03 +0800] "GET /api/v1/course/degree/ HTTP/1.1" 200 948 "-" "Mozilla/5.0 (Windows NT 10.0; Win64; x64) AppleWebKit/537.36 (KHTML, like Gecko) Chrome/89.0.4389.90 Safari/537.36" 
119.133.4.14 - - [20/Mar/2021:23:01:04 +0800] "OPTIONS /api/v1/result/enroll/?resultType=enroll&limit=2 HTTP/1.1" 200 0 "https://www.luffycity.com/" "Mozilla/5.0 (Windows NT 10.0; Win64; x64) AppleWebKit/537.36 (KHTML, like Gecko) Chrome/89.0.4389.90 Safari/537.36" 
120.236.177.7 - - [20/Mar/2021:23:01:05 +0800] "GET /api/v1/study/degrees/0/mentor/?degree_id=0 HTTP/1.1" 200 137 "https://www.luffycity.com/" "Mozilla/5.0 (Windows NT 10.0; Win64; x64) AppleWebKit/537.36 (KHTML, like Gecko) Chrome/89.0.4389.90 Safari/537.36 Edg/89.0.774.57" 
120.236.177.7 - - [20/Mar/2021:23:01:05 +0800] "GET /api/v1/study/degrees/ HTTP/1.1" 200 500 "https://www.luffycity.com/" "Mozilla/5.0 (Windows NT 10.0; Win64; x64) AppleWebKit/537.36 (KHTML, like Gecko) Chrome/89.0.4389.90 Safari/537.36 Edg/89.0.774.57" 
120.236.177.7 - - [20/Mar/2021:23:01:05 +0800] "GET /api/v1/study/data/?degree_id=4 HTTP/1.1" 200 106 "https://www.luffycity.com/" "Mozilla/5.0 (Windows NT 10.0; Win64; x64) AppleWebKit/537.36 (KHTML, like Gecko) Chrome/89.0.4389.90 Safari/537.36 Edg/89.0.774.57" 
221.232.19.117 - - [20/Mar/2021:23:01:08 +0800] "GET /api/v1/auth/wechat/ HTTP/1.1" 200 232 "https://www.luffycity.com/" "Mozilla/5.0 (Windows NT 10.0; Win64; x64) AppleWebKit/537.36 (KHTML, like Gecko) Chrome/89.0.4389.90 Safari/537.36" 
220.175.67.11 - - [20/Mar/2021:23:01:10 +0800] "OPTIONS /api/v1/comment/?section_id=2942&limit=10&offset=0 HTTP/1.1" 200 0 "https://www.luffycity.com/play/2942" "Mozilla/5.0 (Windows NT 10.0; Win64; x64) AppleWebKit/537.36 (KHTML, like Gecko) Chrome/78.0.3904.108 Safari/537.36" 
220.175.67.11 - - [20/Mar/2021:23:01:10 +0800] "OPTIONS /api/v1/survey/section/2942/?sectionId=2942 HTTP/1.1" 200 0 "https://www.luffycity.com/play/2942" "Mozilla/5.0 (Windows NT 10.0; Win64; x64) AppleWebKit/537.36 (KHTML, like Gecko) Chrome/78.0.3904.108 Safari/537.36" 
220.175.67.11 - - [20/Mar/2021:23:01:10 +0800] "GET /api/v1/play/2942/?play_id=2942 HTTP/1.1" 200 469 "https://www.luffycity.com/play/2942" "Mozilla/5.0 (Windows NT 10.0; Win64; x64) AppleWebKit/537.36 (KHTML, like Gecko) Chrome/78.0.3904.108 Safari/537.36" 
221.232.19.117 - - [20/Mar/2021:23:01:10 +0800] "GET /api/v1/comment/?course_id=124&limit=10&offset=0 HTTP/1.1" 200 1756 "https://www.luffycity.com/" "Mozilla/5.0 (Windows NT 10.0; Win64; x64) AppleWebKit/537.36 (KHTML, like Gecko) Chrome/89.0.4389.90 Safari/537.36" 
120.236.177.7 - - [20/Mar/2021:23:01:18 +0800] "OPTIONS /api/v1/study/module/degree/91907/?courseType=degree&id=91907 HTTP/1.1" 200 0 "https://www.luffycity.com/" "Mozilla/5.0 (Windows NT 10.0; Win64; x64) AppleWebKit/537.36 (KHTML, like Gecko) Chrome/89.0.4389.90 Safari/537.36 Edg/89.0.774.57" 
114.249.114.186 - - [20/Mar/2021:23:01:25 +0800] "GET /api/v1/media/play/4100dd0787c14488a1584684f434330d/?suffix=4100dd0787c14488a1584684f434330d HTTP/1.1" 200 1826 "https://www.luffycity.com/employment-course/1/detail" "Mozilla/5.0 (Windows NT 10.0; WOW64) AppleWebKit/537.36 (KHTML, like Gecko) Chrome/78.0.3904.108 Safari/537.36" 
112.224.156.139 - - [20/Mar/2021:23:01:25 +0800] "POST /api/v1/survey/section/30852/?sectionId=30852 HTTP/1.1" 200 10 "https://www.luffycity.com/" "Mozilla/5.0 (Windows NT 6.1; WOW64) AppleWebKit/537.36 (KHTML, like Gecko) Chrome/89.0.4389.90 Safari/537.36" 
119.133.4.14, 39.97.49.232 - - [20/Mar/2021:23:01:26 +0800] "GET /api/v1/auth/token/ HTTP/1.1" 200 29 "https://www.luffycity.com/" "Mozilla/5.0 (Windows NT 10.0; Win64; x64) AppleWebKit/537.36 (KHTML, like Gecko) Chrome/89.0.4389.90 Safari/537.36" 
112.224.156.139 - - [20/Mar/2021:23:01:27 +0800] "OPTIONS /api/v1/survey/section/30853/?sectionId=30853 HTTP/1.1" 200 0 "https://www.luffycity.com/" "Mozilla/5.0 (Windows NT 6.1; WOW64) AppleWebKit/537.36 (KHTML, like Gecko) Chrome/89.0.4389.90 Safari/537.36" 
112.224.156.139 - - [20/Mar/2021:23:01:27 +0800] "OPTIONS /api/v1/comment/?section_id=30853&limit=10&offset=0 HTTP/1.1" 200 0 "https://www.luffycity.com/" "Mozilla/5.0 (Windows NT 6.1; WOW64) AppleWebKit/537.36 (KHTML, like Gecko) Chrome/89.0.4389.90 Safari/537.36" 
112.224.156.139 - - [20/Mar/2021:23:01:27 +0800] "GET /api/v1/comment/?section_id=30853&limit=10&offset=0 HTTP/1.1" 200 1643 "https://www.luffycity.com/" "Mozilla/5.0 (Windows NT 6.1; WOW64) AppleWebKit/537.36 (KHTML, like Gecko) Chrome/89.0.4389.90 Safari/537.36" 
112.224.156.139 - - [20/Mar/2021:23:01:27 +0800] "GET /api/v1/play/30853/?play_id=30853 HTTP/1.1" 200 417 "https://www.luffycity.com/" "Mozilla/5.0 (Windows NT 6.1; WOW64) AppleWebKit/537.36 (KHTML, like Gecko) Chrome/89.0.4389.90 Safari/537.36" 
114.249.114.186, 39.97.49.232 - - [20/Mar/2021:23:01:33 +0800] "GET /api/v1/result/ HTTP/1.1" 200 231 "https://www.luffycity.com/employment-course/1/detail" "Mozilla/5.0 (Windows NT 10.0; WOW64) AppleWebKit/537.36 (KHTML, like Gecko) Chrome/78.0.3904.108 Safari/537.36" 
120.236.177.7 - - [20/Mar/2021:23:01:34 +0800] "GET /api/v1/study/degrees/0/mentor/?degree_id=0 HTTP/1.1" 200 137 "https://www.luffycity.com/" "Mozilla/5.0 (Windows NT 10.0; Win64; x64) AppleWebKit/537.36 (KHTML, like Gecko) Chrome/89.0.4389.90 Safari/537.36 Edg/89.0.774.57" 
