219.137.52.75, 39.97.49.232 - - [21/Mar/2021:13:23:47 +0800] "GET /api/v1/auth/token/ HTTP/1.1" 200 374 "https://www.luffycity.com/actual-course" "Mozilla/5.0 (Windows NT 10.0; Win64; x64) AppleWebKit/537.36 (KHTML, like Gecko) Chrome/88.0.4324.146 Safari/537.36" 
219.137.53.84 - - [21/Mar/2021:13:23:47 +0800] "GET /api/v1/study/degrees/1/mentor/?degree_id=1 HTTP/1.1" 200 188 "https://www.luffycity.com/" "Mozilla/5.0 (Windows NT 10.0; Win64; x64) AppleWebKit/537.36 (KHTML, like Gecko) Chrome/88.0.4324.146 Safari/537.36" 
219.137.53.84 - - [21/Mar/2021:13:23:47 +0800] "GET /api/v1/study/data/ HTTP/1.1" 200 107 "https://www.luffycity.com/" "Mozilla/5.0 (Windows NT 10.0; Win64; x64) AppleWebKit/537.36 (KHTML, like Gecko) Chrome/88.0.4324.146 Safari/537.36" 
219.137.53.84 - - [21/Mar/2021:13:23:47 +0800] "GET /api/v1/study/degrees/1/?degree_id=1 HTTP/1.1" 200 1920 "https://www.luffycity.com/" "Mozilla/5.0 (Windows NT 10.0; Win64; x64) AppleWebKit/537.36 (KHTML, like Gecko) Chrome/88.0.4324.146 Safari/537.36" 
175.171.27.182 - - [21/Mar/2021:13:23:48 +0800] "OPTIONS /api/v1/play/sections/?section_id=14140 HTTP/1.1" 200 0 "https://www.luffycity.com/" "Mozilla/5.0 (Windows NT 10.0; Win64; x64) AppleWebKit/537.36 (KHTML, like Gecko) Chrome/85.0.4183.102 Safari/537.36" 
175.171.27.182 - - [21/Mar/2021:13:23:48 +0800] "OPTIONS /api/v1/play/14140/?play_id=14140 HTTP/1.1" 200 0 "https://www.luffycity.com/" "Mozilla/5.0 (Windows NT 10.0; Win64; x64) AppleWebKit/537.36 (KHTML, like Gecko) Chrome/85.0.4183.102 Safari/537.36" 
175.171.27.182 - - [21/Mar/2021:13:23:48 +0800] "GET /api/v1/play/14140/?play_id=14140 HTTP/1.1" 200 437 "https://www.luffycity.com/" "Mozilla/5.0 (Windows NT 10.0; Win64; x64) AppleWebKit/537.36 (KHTML, like Gecko) Chrome/85.0.4183.102 Safari/537.36" 
175.171.27.182 - - [21/Mar/2021:13:23:49 +0800] "GET /api/v1/play/sections/?section_id=14140 HTTP/1.1" 200 6320 "https://www.luffycity.com/" "Mozilla/5.0 (Windows NT 10.0; Win64; x64) AppleWebKit/537.36 (KHTML, like Gecko) Chrome/85.0.4183.102 Safari/537.36" 
123.233.42.1 - - [21/Mar/2021:13:23:49 +0800] "OPTIONS /api/v1/play/sections/?section_id=16662 HTTP/1.1" 200 0 "https://www.luffycity.com/play/16662" "Mozilla/5.0 (Windows NT 10.0; Win64; x64; rv:86.0) Gecko/20100101 Firefox/86.0" 
123.233.42.1 - - [21/Mar/2021:13:23:49 +0800] "OPTIONS /api/v1/play/16662/?play_id=16662 HTTP/1.1" 200 0 "https://www.luffycity.com/play/16662" "Mozilla/5.0 (Windows NT 10.0; Win64; x64; rv:86.0) Gecko/20100101 Firefox/86.0" 
123.233.42.1 - - [21/Mar/2021:13:23:49 +0800] "GET /api/v1/play/sections/?section_id=16662 HTTP/1.1" 200 881 "https://www.luffycity.com/play/16662" "Mozilla/5.0 (Windows NT 10.0; Win64; x64; rv:86.0) Gecko/20100101 Firefox/86.0" 
123.233.42.1 - - [21/Mar/2021:13:23:49 +0800] "GET /api/v1/play/16662/?play_id=16662 HTTP/1.1" 200 410 "https://www.luffycity.com/play/16662" "Mozilla/5.0 (Windows NT 10.0; Win64; x64; rv:86.0) Gecko/20100101 Firefox/86.0" 
175.171.27.182, 39.97.49.232 - - [21/Mar/2021:13:23:51 +0800] "GET /api/v1/result/ HTTP/1.1" 200 231 "-" "Mozilla/5.0 (Windows NT 10.0; Win64; x64) AppleWebKit/537.36 (KHTML, like Gecko) Chrome/85.0.4183.102 Safari/537.36" 
175.171.27.182 - - [21/Mar/2021:13:23:52 +0800] "GET /api/v1/play/sections/?section_id=14140 HTTP/1.1" 200 6320 "https://www.luffycity.com/" "Mozilla/5.0 (Windows NT 10.0; Win64; x64) AppleWebKit/537.36 (KHTML, like Gecko) Chrome/85.0.4183.102 Safari/537.36" 
175.171.27.182 - - [21/Mar/2021:13:23:52 +0800] "GET /api/v1/play/14140/?play_id=14140 HTTP/1.1" 200 437 "https://www.luffycity.com/" "Mozilla/5.0 (Windows NT 10.0; Win64; x64) AppleWebKit/537.36 (KHTML, like Gecko) Chrome/85.0.4183.102 Safari/537.36" 
123.233.42.1 - - [21/Mar/2021:13:23:54 +0800] "OPTIONS /api/v1/play/sections/?section_id=16655 HTTP/1.1" 200 0 "https://www.luffycity.com/play/16655" "Mozilla/5.0 (Windows NT 10.0; Win64; x64; rv:86.0) Gecko/20100101 Firefox/86.0" 
123.233.42.1 - - [21/Mar/2021:13:23:54 +0800] "OPTIONS /api/v1/play/16655/?play_id=16655 HTTP/1.1" 200 0 "https://www.luffycity.com/play/16655" "Mozilla/5.0 (Windows NT 10.0; Win64; x64; rv:86.0) Gecko/20100101 Firefox/86.0" 
123.233.42.1 - - [21/Mar/2021:13:23:54 +0800] "GET /api/v1/play/sections/?section_id=16655 HTTP/1.1" 200 866 "https://www.luffycity.com/play/16655" "Mozilla/5.0 (Windows NT 10.0; Win64; x64; rv:86.0) Gecko/20100101 Firefox/86.0" 
123.233.42.1 - - [21/Mar/2021:13:23:54 +0800] "GET /api/v1/play/16655/?play_id=16655 HTTP/1.1" 200 402 "https://www.luffycity.com/play/16655" "Mozilla/5.0 (Windows NT 10.0; Win64; x64; rv:86.0) Gecko/20100101 Firefox/86.0" 
58.35.63.169 - - [21/Mar/2021:13:23:59 +0800] "POST /api/v1/survey/section/31726/?sectionId=31726 HTTP/1.1" 200 10 "https://www.luffycity.com/play/31726" "Mozilla/5.0 (Windows NT 10.0; WOW64) AppleWebKit/537.36 (KHTML, like Gecko) Chrome/86.0.4240.198 Safari/537.36" 
58.35.63.169 - - [21/Mar/2021:13:24:00 +0800] "OPTIONS /api/v1/comment/?section_id=31723&limit=10&offset=0 HTTP/1.1" 200 0 "https://www.luffycity.com/play/31723" "Mozilla/5.0 (Windows NT 10.0; WOW64) AppleWebKit/537.36 (KHTML, like Gecko) Chrome/86.0.4240.198 Safari/537.36" 
58.35.63.169 - - [21/Mar/2021:13:24:00 +0800] "OPTIONS /api/v1/survey/section/31723/?sectionId=31723 HTTP/1.1" 200 0 "https://www.luffycity.com/play/31723" "Mozilla/5.0 (Windows NT 10.0; WOW64) AppleWebKit/537.36 (KHTML, like Gecko) Chrome/86.0.4240.198 Safari/537.36" 
58.35.63.169 - - [21/Mar/2021:13:24:00 +0800] "GET /api/v1/survey/section/31723/?sectionId=31723 HTTP/1.1" 200 10 "https://www.luffycity.com/play/31723" "Mozilla/5.0 (Windows NT 10.0; WOW64) AppleWebKit/537.36 (KHTML, like Gecko) Chrome/86.0.4240.198 Safari/537.36" 
58.35.63.169 - - [21/Mar/2021:13:24:00 +0800] "GET /api/v1/play/31723/?play_id=31723 HTTP/1.1" 200 402 "https://www.luffycity.com/play/31723" "Mozilla/5.0 (Windows NT 10.0; WOW64) AppleWebKit/537.36 (KHTML, like Gecko) Chrome/86.0.4240.198 Safari/537.36" 
223.212.211.175 - - [21/Mar/2021:13:24:06 +0800] "OPTIONS /api/v1/study/module/degree/94045/?courseType=degree&id=94045 HTTP/1.1" 200 0 "https://www.luffycity.com/" "Mozilla/5.0 (Windows NT 10.0; Win64; x64) AppleWebKit/537.36 (KHTML, like Gecko) Chrome/89.0.4389.90 Safari/537.36 Edg/89.0.774.57" 
223.212.211.175 - - [21/Mar/2021:13:24:08 +0800] "OPTIONS /api/v1/study/degrees/0/mentor/?degree_id=0 HTTP/1.1" 200 0 "https://www.luffycity.com/" "Mozilla/5.0 (Windows NT 10.0; Win64; x64) AppleWebKit/537.36 (KHTML, like Gecko) Chrome/89.0.4389.90 Safari/537.36 Edg/89.0.774.57" 
223.212.211.175 - - [21/Mar/2021:13:24:08 +0800] "OPTIONS /api/v1/study/degrees/ HTTP/1.1" 200 0 "https://www.luffycity.com/" "Mozilla/5.0 (Windows NT 10.0; Win64; x64) AppleWebKit/537.36 (KHTML, like Gecko) Chrome/89.0.4389.90 Safari/537.36 Edg/89.0.774.57" 
223.212.211.175 - - [21/Mar/2021:13:24:08 +0800] "GET /api/v1/study/degrees/0/mentor/?degree_id=0 HTTP/1.1" 200 137 "https://www.luffycity.com/" "Mozilla/5.0 (Windows NT 10.0; Win64; x64) AppleWebKit/537.36 (KHTML, like Gecko) Chrome/89.0.4389.90 Safari/537.36 Edg/89.0.774.57" 
223.212.211.175 - - [21/Mar/2021:13:24:08 +0800] "OPTIONS /api/v1/study/degrees/1/?degree_id=1 HTTP/1.1" 200 0 "https://www.luffycity.com/" "Mozilla/5.0 (Windows NT 10.0; Win64; x64) AppleWebKit/537.36 (KHTML, like Gecko) Chrome/89.0.4389.90 Safari/537.36 Edg/89.0.774.57" 
223.212.211.175 - - [21/Mar/2021:13:24:08 +0800] "OPTIONS /api/v1/study/degrees/1/mentor/?degree_id=1 HTTP/1.1" 200 0 "https://www.luffycity.com/" "Mozilla/5.0 (Windows NT 10.0; Win64; x64) AppleWebKit/537.36 (KHTML, like Gecko) Chrome/89.0.4389.90 Safari/537.36 Edg/89.0.774.57" 
223.212.211.175 - - [21/Mar/2021:13:24:09 +0800] "GET /api/v1/study/data/?degree_id=1 HTTP/1.1" 200 113 "https://www.luffycity.com/" "Mozilla/5.0 (Windows NT 10.0; Win64; x64) AppleWebKit/537.36 (KHTML, like Gecko) Chrome/89.0.4389.90 Safari/537.36 Edg/89.0.774.57" 
125.65.92.116 - - [21/Mar/2021:13:24:11 +0800] "OPTIONS /api/v1/play/1817/?play_id=1817 HTTP/1.1" 200 0 "https://www.luffycity.com/" "Mozilla/5.0 (Windows NT 10.0; Win64; x64) AppleWebKit/537.36 (KHTML, like Gecko) Chrome/88.0.4324.104 Safari/537.36" 
125.65.92.116 - - [21/Mar/2021:13:24:11 +0800] "OPTIONS /api/v1/survey/section/1817/?sectionId=1817 HTTP/1.1" 200 0 "https://www.luffycity.com/" "Mozilla/5.0 (Windows NT 10.0; Win64; x64) AppleWebKit/537.36 (KHTML, like Gecko) Chrome/88.0.4324.104 Safari/537.36" 
223.212.211.175 - - [21/Mar/2021:13:24:11 +0800] "OPTIONS /api/v1/play/sections/?section_id=30918 HTTP/1.1" 200 0 "https://www.luffycity.com/" "Mozilla/5.0 (Windows NT 10.0; Win64; x64) AppleWebKit/537.36 (KHTML, like Gecko) Chrome/89.0.4389.90 Safari/537.36 Edg/89.0.774.57" 
223.212.211.175 - - [21/Mar/2021:13:24:11 +0800] "OPTIONS /api/v1/play/30918/?play_id=30918 HTTP/1.1" 200 0 "https://www.luffycity.com/" "Mozilla/5.0 (Windows NT 10.0; Win64; x64) AppleWebKit/537.36 (KHTML, like Gecko) Chrome/89.0.4389.90 Safari/537.36 Edg/89.0.774.57" 
112.32.12.65, 39.97.49.232 - - [21/Mar/2021:13:24:11 +0800] "GET /api/v1/result/ HTTP/1.1" 200 231 "-" "Mozilla/5.0 (Windows NT 10.0; Win64; x64) AppleWebKit/537.36 (KHTML, like Gecko) Chrome/91.0.4442.4 Safari/537.36" 
223.212.211.175 - - [21/Mar/2021:13:24:11 +0800] "GET /api/v1/survey/section/30918/?sectionId=30918 HTTP/1.1" 200 10 "https://www.luffycity.com/" "Mozilla/5.0 (Windows NT 10.0; Win64; x64) AppleWebKit/537.36 (KHTML, like Gecko) Chrome/89.0.4389.90 Safari/537.36 Edg/89.0.774.57" 
125.65.92.116 - - [21/Mar/2021:13:24:11 +0800] "GET /api/v1/survey/section/1817/?sectionId=1817 HTTP/1.1" 200 10 "https://www.luffycity.com/" "Mozilla/5.0 (Windows NT 10.0; Win64; x64) AppleWebKit/537.36 (KHTML, like Gecko) Chrome/88.0.4324.104 Safari/537.36" 
125.94.24.29 - - [21/Mar/2021:13:24:11 +0800] "OPTIONS /api/v1/play/sections/?section_id=24653 HTTP/1.1" 200 0 "https://www.luffycity.com/play/24653" "Mozilla/5.0 (Windows NT 6.1; WOW64) AppleWebKit/537.36 (KHTML, like Gecko) Chrome/78.0.3904.108 Safari/537.36" 
125.94.24.29 - - [21/Mar/2021:13:24:11 +0800] "OPTIONS /api/v1/play/24653/?play_id=24653 HTTP/1.1" 200 0 "https://www.luffycity.com/play/24653" "Mozilla/5.0 (Windows NT 6.1; WOW64) AppleWebKit/537.36 (KHTML, like Gecko) Chrome/78.0.3904.108 Safari/537.36" 
223.212.211.175 - - [21/Mar/2021:13:24:11 +0800] "GET /api/v1/play/sections/?section_id=30918 HTTP/1.1" 200 2965 "https://www.luffycity.com/" "Mozilla/5.0 (Windows NT 10.0; Win64; x64) AppleWebKit/537.36 (KHTML, like Gecko) Chrome/89.0.4389.90 Safari/537.36 Edg/89.0.774.57" 
125.65.92.116 - - [21/Mar/2021:13:24:11 +0800] "GET /api/v1/comment/?section_id=1817&limit=10&offset=0 HTTP/1.1" 200 1429 "https://www.luffycity.com/" "Mozilla/5.0 (Windows NT 10.0; Win64; x64) AppleWebKit/537.36 (KHTML, like Gecko) Chrome/88.0.4324.104 Safari/537.36" 
125.94.24.29 - - [21/Mar/2021:13:24:11 +0800] "GET /api/v1/survey/section/24653/?sectionId=24653 HTTP/1.1" 200 10 "https://www.luffycity.com/play/24653" "Mozilla/5.0 (Windows NT 6.1; WOW64) AppleWebKit/537.36 (KHTML, like Gecko) Chrome/78.0.3904.108 Safari/537.36" 
125.94.24.29 - - [21/Mar/2021:13:24:11 +0800] "GET /api/v1/play/sections/?section_id=24653 HTTP/1.1" 200 5655 "https://www.luffycity.com/play/24653" "Mozilla/5.0 (Windows NT 6.1; WOW64) AppleWebKit/537.36 (KHTML, like Gecko) Chrome/78.0.3904.108 Safari/537.36" 
112.32.12.65 - - [21/Mar/2021:13:24:12 +0800] "OPTIONS /api/v1/study/courses/ HTTP/1.1" 200 0 "https://www.luffycity.com/" "Mozilla/5.0 (Windows NT 10.0; Win64; x64) AppleWebKit/537.36 (KHTML, like Gecko) Chrome/91.0.4442.4 Safari/537.36" 
112.32.12.65 - - [21/Mar/2021:13:24:12 +0800] "OPTIONS /api/v1/study/degrees/0/mentor/?degree_id=0 HTTP/1.1" 200 0 "https://www.luffycity.com/" "Mozilla/5.0 (Windows NT 10.0; Win64; x64) AppleWebKit/537.36 (KHTML, like Gecko) Chrome/91.0.4442.4 Safari/537.36" 
112.32.12.65 - - [21/Mar/2021:13:24:12 +0800] "GET /api/v1/auth/wechat/ HTTP/1.1" 200 232 "https://www.luffycity.com/" "Mozilla/5.0 (Windows NT 10.0; Win64; x64) AppleWebKit/537.36 (KHTML, like Gecko) Chrome/91.0.4442.4 Safari/537.36" 
112.32.12.65 - - [21/Mar/2021:13:24:12 +0800] "GET /api/v1/study/degrees/0/mentor/?degree_id=0 HTTP/1.1" 200 64 "https://www.luffycity.com/" "Mozilla/5.0 (Windows NT 10.0; Win64; x64) AppleWebKit/537.36 (KHTML, like Gecko) Chrome/91.0.4442.4 Safari/537.36" 
112.32.12.65 - - [21/Mar/2021:13:24:12 +0800] "OPTIONS /api/v1/auth/password/login/?loginWay=password HTTP/1.1" 200 0 "https://www.luffycity.com/" "Mozilla/5.0 (Windows NT 10.0; Win64; x64) AppleWebKit/537.36 (KHTML, like Gecko) Chrome/91.0.4442.4 Safari/537.36" 
112.32.12.65 - - [21/Mar/2021:13:24:13 +0800] "OPTIONS /api/v1/auth/token/ HTTP/1.1" 200 0 "https://www.luffycity.com/" "Mozilla/5.0 (Windows NT 10.0; Win64; x64) AppleWebKit/537.36 (KHTML, like Gecko) Chrome/91.0.4442.4 Safari/537.36" 
112.32.12.65 - - [21/Mar/2021:13:24:17 +0800] "OPTIONS /api/v1/study/degrees/ HTTP/1.1" 200 0 "https://www.luffycity.com/" "Mozilla/5.0 (Windows NT 10.0; Win64; x64) AppleWebKit/537.36 (KHTML, like Gecko) Chrome/91.0.4442.4 Safari/537.36" 
223.212.211.175 - - [21/Mar/2021:13:24:19 +0800] "GET /api/v1/study/degrees/0/mentor/?degree_id=0 HTTP/1.1" 200 137 "https://www.luffycity.com/" "Mozilla/5.0 (Windows NT 10.0; Win64; x64) AppleWebKit/537.36 (KHTML, like Gecko) Chrome/89.0.4389.90 Safari/537.36 Edg/89.0.774.57" 
223.212.211.175 - - [21/Mar/2021:13:24:19 +0800] "GET /api/v1/study/degrees/ HTTP/1.1" 200 146 "https://www.luffycity.com/" "Mozilla/5.0 (Windows NT 10.0; Win64; x64) AppleWebKit/537.36 (KHTML, like Gecko) Chrome/89.0.4389.90 Safari/537.36 Edg/89.0.774.57" 
112.32.12.65 - - [21/Mar/2021:13:24:19 +0800] "GET /api/v1/study/courses/ HTTP/1.1" 200 985 "https://www.luffycity.com/" "Mozilla/5.0 (Windows NT 10.0; Win64; x64) AppleWebKit/537.36 (KHTML, like Gecko) Chrome/91.0.4442.4 Safari/537.36" 
112.32.12.65 - - [21/Mar/2021:13:24:19 +0800] "GET /api/v1/study/module/actual/51913/?courseType=actual&id=51913 HTTP/1.1" 200 3150 "https://www.luffycity.com/" "Mozilla/5.0 (Windows NT 10.0; Win64; x64) AppleWebKit/537.36 (KHTML, like Gecko) Chrome/91.0.4442.4 Safari/537.36" 
223.212.211.175 - - [21/Mar/2021:13:24:19 +0800] "GET /api/v1/study/data/?degree_id=1 HTTP/1.1" 200 113 "https://www.luffycity.com/" "Mozilla/5.0 (Windows NT 10.0; Win64; x64) AppleWebKit/537.36 (KHTML, like Gecko) Chrome/89.0.4389.90 Safari/537.36 Edg/89.0.774.57" 
112.32.12.65 - - [21/Mar/2021:13:24:20 +0800] "OPTIONS /api/v1/comment/?section_id=14448&limit=10&offset=0 HTTP/1.1" 200 0 "https://www.luffycity.com/" "Mozilla/5.0 (Windows NT 10.0; Win64; x64) AppleWebKit/537.36 (KHTML, like Gecko) Chrome/91.0.4442.4 Safari/537.36" 
112.32.12.65 - - [21/Mar/2021:13:24:20 +0800] "OPTIONS /api/v1/survey/section/14448/?sectionId=14448 HTTP/1.1" 200 0 "https://www.luffycity.com/" "Mozilla/5.0 (Windows NT 10.0; Win64; x64) AppleWebKit/537.36 (KHTML, like Gecko) Chrome/91.0.4442.4 Safari/537.36" 
112.32.12.65 - - [21/Mar/2021:13:24:20 +0800] "GET /api/v1/survey/section/14448/?sectionId=14448 HTTP/1.1" 200 10 "https://www.luffycity.com/" "Mozilla/5.0 (Windows NT 10.0; Win64; x64) AppleWebKit/537.36 (KHTML, like Gecko) Chrome/91.0.4442.4 Safari/537.36" 
112.32.12.65 - - [21/Mar/2021:13:24:21 +0800] "GET /api/v1/comment/?section_id=14448&limit=10&offset=0 HTTP/1.1" 200 1757 "https://www.luffycity.com/" "Mozilla/5.0 (Windows NT 10.0; Win64; x64) AppleWebKit/537.36 (KHTML, like Gecko) Chrome/91.0.4442.4 Safari/537.36" 
223.212.211.175 - - [21/Mar/2021:13:24:24 +0800] "OPTIONS /api/v1/play/sections/?section_id=30893 HTTP/1.1" 200 0 "https://www.luffycity.com/" "Mozilla/5.0 (Windows NT 10.0; Win64; x64) AppleWebKit/537.36 (KHTML, like Gecko) Chrome/89.0.4389.90 Safari/537.36 Edg/89.0.774.57" 
223.212.211.175 - - [21/Mar/2021:13:24:24 +0800] "OPTIONS /api/v1/play/30893/?play_id=30893 HTTP/1.1" 200 0 "https://www.luffycity.com/" "Mozilla/5.0 (Windows NT 10.0; Win64; x64) AppleWebKit/537.36 (KHTML, like Gecko) Chrome/89.0.4389.90 Safari/537.36 Edg/89.0.774.57" 
220.175.67.11 - - [21/Mar/2021:13:24:24 +0800] "OPTIONS /api/v1/comment/?section_id=2960&limit=10&offset=0 HTTP/1.1" 200 0 "https://www.luffycity.com/play/2960" "Mozilla/5.0 (Windows NT 10.0; Win64; x64) AppleWebKit/537.36 (KHTML, like Gecko) Chrome/78.0.3904.108 Safari/537.36" 
220.175.67.11 - - [21/Mar/2021:13:24:24 +0800] "OPTIONS /api/v1/play/2960/?play_id=2960 HTTP/1.1" 200 0 "https://www.luffycity.com/play/2960" "Mozilla/5.0 (Windows NT 10.0; Win64; x64) AppleWebKit/537.36 (KHTML, like Gecko) Chrome/78.0.3904.108 Safari/537.36" 
223.212.211.175 - - [21/Mar/2021:13:24:24 +0800] "GET /api/v1/survey/section/30893/?sectionId=30893 HTTP/1.1" 200 10 "https://www.luffycity.com/" "Mozilla/5.0 (Windows NT 10.0; Win64; x64) AppleWebKit/537.36 (KHTML, like Gecko) Chrome/89.0.4389.90 Safari/537.36 Edg/89.0.774.57" 
223.212.211.175 - - [21/Mar/2021:13:24:24 +0800] "GET /api/v1/play/sections/?section_id=30893 HTTP/1.1" 200 3279 "https://www.luffycity.com/" "Mozilla/5.0 (Windows NT 10.0; Win64; x64) AppleWebKit/537.36 (KHTML, like Gecko) Chrome/89.0.4389.90 Safari/537.36 Edg/89.0.774.57" 
220.175.67.11 - - [21/Mar/2021:13:24:25 +0800] "GET /api/v1/play/2960/?play_id=2960 HTTP/1.1" 200 472 "https://www.luffycity.com/play/2960" "Mozilla/5.0 (Windows NT 10.0; Win64; x64) AppleWebKit/537.36 (KHTML, like Gecko) Chrome/78.0.3904.108 Safari/537.36" 
220.175.67.11 - - [21/Mar/2021:13:24:25 +0800] "GET /api/v1/survey/section/2960/?sectionId=2960 HTTP/1.1" 200 10 "https://www.luffycity.com/play/2960" "Mozilla/5.0 (Windows NT 10.0; Win64; x64) AppleWebKit/537.36 (KHTML, like Gecko) Chrome/78.0.3904.108 Safari/537.36" 
220.175.67.11 - - [21/Mar/2021:13:24:26 +0800] "OPTIONS /api/v1/play/sections/?section_id=2960 HTTP/1.1" 200 0 "https://www.luffycity.com/play/2960" "Mozilla/5.0 (Windows NT 10.0; Win64; x64) AppleWebKit/537.36 (KHTML, like Gecko) Chrome/78.0.3904.108 Safari/537.36" 
36.170.37.148, 39.97.49.232 - - [21/Mar/2021:13:24:33 +0800] "GET /api/v1/result/ HTTP/1.1" 200 231 "-" "Mozilla/5.0 (Windows NT 10.0; Win64; x64) AppleWebKit/537.36 (KHTML, like Gecko) Chrome/89.0.4389.90 Safari/537.36" 
36.170.37.148, 39.97.49.232 - - [21/Mar/2021:13:24:33 +0800] "GET /api/v1/index/banner/ HTTP/1.1" 200 382 "-" "Mozilla/5.0 (Windows NT 10.0; Win64; x64) AppleWebKit/537.36 (KHTML, like Gecko) Chrome/89.0.4389.90 Safari/537.36" 
36.170.37.148, 39.97.49.232 - - [21/Mar/2021:13:24:34 +0800] "GET /api/v1/course/degree/ HTTP/1.1" 200 948 "-" "Mozilla/5.0 (Windows NT 10.0; Win64; x64) AppleWebKit/537.36 (KHTML, like Gecko) Chrome/89.0.4389.90 Safari/537.36" 
36.170.37.148, 39.97.49.232 - - [21/Mar/2021:13:24:34 +0800] "GET /api/v1/course/home-free/?limit=3 HTTP/1.1" 200 865 "-" "Mozilla/5.0 (Windows NT 10.0; Win64; x64) AppleWebKit/537.36 (KHTML, like Gecko) Chrome/89.0.4389.90 Safari/537.36" 
36.170.37.148 - - [21/Mar/2021:13:24:35 +0800] "OPTIONS /api/v1/result/enroll/?resultType=enroll&limit=2 HTTP/1.1" 200 0 "https://www.luffycity.com/" "Mozilla/5.0 (Windows NT 10.0; Win64; x64) AppleWebKit/537.36 (KHTML, like Gecko) Chrome/89.0.4389.90 Safari/537.36" 
223.212.211.175 - - [21/Mar/2021:13:24:38 +0800] "OPTIONS /api/v1/play/30898/?play_id=30898 HTTP/1.1" 200 0 "https://www.luffycity.com/" "Mozilla/5.0 (Windows NT 10.0; Win64; x64) AppleWebKit/537.36 (KHTML, like Gecko) Chrome/89.0.4389.90 Safari/537.36 Edg/89.0.774.57" 
223.212.211.175 - - [21/Mar/2021:13:24:38 +0800] "OPTIONS /api/v1/play/sections/?section_id=30898 HTTP/1.1" 200 0 "https://www.luffycity.com/" "Mozilla/5.0 (Windows NT 10.0; Win64; x64) AppleWebKit/537.36 (KHTML, like Gecko) Chrome/89.0.4389.90 Safari/537.36 Edg/89.0.774.57" 
223.212.211.175 - - [21/Mar/2021:13:24:38 +0800] "GET /api/v1/comment/?section_id=30898&limit=10&offset=0 HTTP/1.1" 200 1642 "https://www.luffycity.com/" "Mozilla/5.0 (Windows NT 10.0; Win64; x64) AppleWebKit/537.36 (KHTML, like Gecko) Chrome/89.0.4389.90 Safari/537.36 Edg/89.0.774.57" 
223.212.211.175 - - [21/Mar/2021:13:24:38 +0800] "GET /api/v1/play/sections/?section_id=30898 HTTP/1.1" 200 3279 "https://www.luffycity.com/" "Mozilla/5.0 (Windows NT 10.0; Win64; x64) AppleWebKit/537.36 (KHTML, like Gecko) Chrome/89.0.4389.90 Safari/537.36 Edg/89.0.774.57" 
36.170.37.148 - - [21/Mar/2021:13:24:38 +0800] "OPTIONS /api/v1/auth/wechat/ HTTP/1.1" 200 0 "https://www.luffycity.com/" "Mozilla/5.0 (Windows NT 10.0; Win64; x64) AppleWebKit/537.36 (KHTML, like Gecko) Chrome/89.0.4389.90 Safari/537.36" 
36.170.37.148 - - [21/Mar/2021:13:24:39 +0800] "OPTIONS /api/v1/auth/password/login/?loginWay=password HTTP/1.1" 200 0 "https://www.luffycity.com/" "Mozilla/5.0 (Windows NT 10.0; Win64; x64) AppleWebKit/537.36 (KHTML, like Gecko) Chrome/89.0.4389.90 Safari/537.36" 
36.170.37.148 - - [21/Mar/2021:13:24:40 +0800] "OPTIONS /api/v1/auth/token/ HTTP/1.1" 200 0 "https://www.luffycity.com/" "Mozilla/5.0 (Windows NT 10.0; Win64; x64) AppleWebKit/537.36 (KHTML, like Gecko) Chrome/89.0.4389.90 Safari/537.36" 
36.170.37.148 - - [21/Mar/2021:13:24:41 +0800] "OPTIONS /api/v1/study/degrees/ HTTP/1.1" 200 0 "https://www.luffycity.com/" "Mozilla/5.0 (Windows NT 10.0; Win64; x64) AppleWebKit/537.36 (KHTML, like Gecko) Chrome/89.0.4389.90 Safari/537.36" 
36.170.37.148 - - [21/Mar/2021:13:24:41 +0800] "OPTIONS /api/v1/study/degrees/0/mentor/?degree_id=0 HTTP/1.1" 200 0 "https://www.luffycity.com/" "Mozilla/5.0 (Windows NT 10.0; Win64; x64) AppleWebKit/537.36 (KHTML, like Gecko) Chrome/89.0.4389.90 Safari/537.36" 
36.170.37.148 - - [21/Mar/2021:13:24:41 +0800] "GET /api/v1/study/degrees/ HTTP/1.1" 200 276 "https://www.luffycity.com/" "Mozilla/5.0 (Windows NT 10.0; Win64; x64) AppleWebKit/537.36 (KHTML, like Gecko) Chrome/89.0.4389.90 Safari/537.36" 
36.170.37.148 - - [21/Mar/2021:13:24:41 +0800] "OPTIONS /api/v1/study/degrees/2/?degree_id=2 HTTP/1.1" 200 0 "https://www.luffycity.com/" "Mozilla/5.0 (Windows NT 10.0; Win64; x64) AppleWebKit/537.36 (KHTML, like Gecko) Chrome/89.0.4389.90 Safari/537.36" 
36.170.37.148 - - [21/Mar/2021:13:24:41 +0800] "OPTIONS /api/v1/study/degrees/2/mentor/?degree_id=2 HTTP/1.1" 200 0 "https://www.luffycity.com/" "Mozilla/5.0 (Windows NT 10.0; Win64; x64) AppleWebKit/537.36 (KHTML, like Gecko) Chrome/89.0.4389.90 Safari/537.36" 
36.170.37.148 - - [21/Mar/2021:13:24:41 +0800] "GET /api/v1/study/degrees/2/?degree_id=2 HTTP/1.1" 200 1422 "https://www.luffycity.com/" "Mozilla/5.0 (Windows NT 10.0; Win64; x64) AppleWebKit/537.36 (KHTML, like Gecko) Chrome/89.0.4389.90 Safari/537.36" 
36.170.37.148 - - [21/Mar/2021:13:24:43 +0800] "OPTIONS /api/v1/study/degrees/3/?degree_id=3 HTTP/1.1" 200 0 "https://www.luffycity.com/" "Mozilla/5.0 (Windows NT 10.0; Win64; x64) AppleWebKit/537.36 (KHTML, like Gecko) Chrome/89.0.4389.90 Safari/537.36" 
36.170.37.148 - - [21/Mar/2021:13:24:43 +0800] "OPTIONS /api/v1/study/degrees/3/mentor/?degree_id=3 HTTP/1.1" 200 0 "https://www.luffycity.com/" "Mozilla/5.0 (Windows NT 10.0; Win64; x64) AppleWebKit/537.36 (KHTML, like Gecko) Chrome/89.0.4389.90 Safari/537.36" 
36.170.37.148 - - [21/Mar/2021:13:24:43 +0800] "GET /api/v1/study/degrees/3/mentor/?degree_id=3 HTTP/1.1" 200 212 "https://www.luffycity.com/" "Mozilla/5.0 (Windows NT 10.0; Win64; x64) AppleWebKit/537.36 (KHTML, like Gecko) Chrome/89.0.4389.90 Safari/537.36" 
210.83.70.216, 39.97.49.232 - - [21/Mar/2021:13:24:49 +0800] "GET /api/v1/auth/token/ HTTP/1.1" 200 29 "-" "Mozilla/5.0 (Macintosh; Intel Mac OS X 10_15_7) AppleWebKit/605.1.15 (KHTML, like Gecko)" 
36.170.37.148 - - [21/Mar/2021:13:24:50 +0800] "GET /api/v1/study/degrees/2/mentor/?degree_id=2 HTTP/1.1" 200 227 "https://www.luffycity.com/" "Mozilla/5.0 (Windows NT 10.0; Win64; x64) AppleWebKit/537.36 (KHTML, like Gecko) Chrome/89.0.4389.90 Safari/537.36" 
36.170.37.148 - - [21/Mar/2021:13:24:50 +0800] "GET /api/v1/study/degrees/2/?degree_id=2 HTTP/1.1" 200 1422 "https://www.luffycity.com/" "Mozilla/5.0 (Windows NT 10.0; Win64; x64) AppleWebKit/537.36 (KHTML, like Gecko) Chrome/89.0.4389.90 Safari/537.36" 
122.6.139.181 - - [21/Mar/2021:13:25:02 +0800] "OPTIONS /api/v1/play/12862/?play_id=12862 HTTP/1.1" 200 0 "https://www.luffycity.com/" "Mozilla/5.0 (Windows NT 10.0; Win64; x64) AppleWebKit/537.36 (KHTML, like Gecko) Chrome/89.0.4389.90 Safari/537.36" 
122.6.139.181 - - [21/Mar/2021:13:25:02 +0800] "OPTIONS /api/v1/play/sections/?section_id=12862 HTTP/1.1" 200 0 "https://www.luffycity.com/" "Mozilla/5.0 (Windows NT 10.0; Win64; x64) AppleWebKit/537.36 (KHTML, like Gecko) Chrome/89.0.4389.90 Safari/537.36" 
122.6.139.181 - - [21/Mar/2021:13:25:02 +0800] "GET /api/v1/comment/?section_id=12862&limit=10&offset=0 HTTP/1.1" 200 69 "https://www.luffycity.com/" "Mozilla/5.0 (Windows NT 10.0; Win64; x64) AppleWebKit/537.36 (KHTML, like Gecko) Chrome/89.0.4389.90 Safari/537.36" 
122.6.139.181 - - [21/Mar/2021:13:25:02 +0800] "GET /api/v1/play/12862/?play_id=12862 HTTP/1.1" 200 470 "https://www.luffycity.com/" "Mozilla/5.0 (Windows NT 10.0; Win64; x64) AppleWebKit/537.36 (KHTML, like Gecko) Chrome/89.0.4389.90 Safari/537.36" 
36.170.37.148 - - [21/Mar/2021:13:25:11 +0800] "GET /api/v1/study/data/?degree_id=3 HTTP/1.1" 200 106 "https://www.luffycity.com/" "Mozilla/5.0 (Windows NT 10.0; Win64; x64) AppleWebKit/537.36 (KHTML, like Gecko) Chrome/89.0.4389.90 Safari/537.36" 
223.212.211.175 - - [21/Mar/2021:13:25:12 +0800] "OPTIONS /api/v1/play/sections/?section_id=30899 HTTP/1.1" 200 0 "https://www.luffycity.com/" "Mozilla/5.0 (Windows NT 10.0; Win64; x64) AppleWebKit/537.36 (KHTML, like Gecko) Chrome/89.0.4389.90 Safari/537.36 Edg/89.0.774.57" 
223.212.211.175 - - [21/Mar/2021:13:25:12 +0800] "OPTIONS /api/v1/play/30899/?play_id=30899 HTTP/1.1" 200 0 "https://www.luffycity.com/" "Mozilla/5.0 (Windows NT 10.0; Win64; x64) AppleWebKit/537.36 (KHTML, like Gecko) Chrome/89.0.4389.90 Safari/537.36 Edg/89.0.774.57" 
223.212.211.175 - - [21/Mar/2021:13:25:13 +0800] "GET /api/v1/play/sections/?section_id=30899 HTTP/1.1" 200 3279 "https://www.luffycity.com/" "Mozilla/5.0 (Windows NT 10.0; Win64; x64) AppleWebKit/537.36 (KHTML, like Gecko) Chrome/89.0.4389.90 Safari/537.36 Edg/89.0.774.57" 
223.212.211.175 - - [21/Mar/2021:13:25:13 +0800] "GET /api/v1/comment/?section_id=30899&limit=10&offset=0 HTTP/1.1" 200 1639 "https://www.luffycity.com/" "Mozilla/5.0 (Windows NT 10.0; Win64; x64) AppleWebKit/537.36 (KHTML, like Gecko) Chrome/89.0.4389.90 Safari/537.36 Edg/89.0.774.57" 
36.170.37.148 - - [21/Mar/2021:13:25:15 +0800] "OPTIONS /api/v1/study/module/degree/45097/?courseType=degree&id=45097 HTTP/1.1" 200 0 "https://www.luffycity.com/" "Mozilla/5.0 (Windows NT 10.0; Win64; x64) AppleWebKit/537.36 (KHTML, like Gecko) Chrome/89.0.4389.90 Safari/537.36" 
61.51.158.109, 39.97.49.232 - - [21/Mar/2021:13:25:18 +0800] "GET /api/v1/index/banner/ HTTP/1.1" 200 382 "-" "Mozilla/5.0 (Windows NT 10.0; WOW64) AppleWebKit/537.36 (KHTML, like Gecko) Chrome/70.0.3538.25 Safari/537.36 Core/1.70.3861.400 QQBrowser/10.7.4313.400" 
61.51.158.109, 39.97.49.232 - - [21/Mar/2021:13:25:18 +0800] "GET /api/v1/course/degree/ HTTP/1.1" 200 948 "-" "Mozilla/5.0 (Windows NT 10.0; WOW64) AppleWebKit/537.36 (KHTML, like Gecko) Chrome/70.0.3538.25 Safari/537.36 Core/1.70.3861.400 QQBrowser/10.7.4313.400" 
61.51.158.109, 39.97.49.232 - - [21/Mar/2021:13:25:19 +0800] "GET /api/v1/course/home-free/?limit=3 HTTP/1.1" 200 865 "-" "Mozilla/5.0 (Windows NT 10.0; WOW64) AppleWebKit/537.36 (KHTML, like Gecko) Chrome/70.0.3538.25 Safari/537.36 Core/1.70.3861.400 QQBrowser/10.7.4313.400" 
61.51.158.109 - - [21/Mar/2021:13:25:20 +0800] "GET /api/v1/result/enroll/?resultType=enroll&limit=2 HTTP/1.1" 200 1976 "https://www.luffycity.com/?source=oldoyedu" "Mozilla/5.0 (Windows NT 10.0; WOW64) AppleWebKit/537.36 (KHTML, like Gecko) Chrome/70.0.3538.25 Safari/537.36 Core/1.70.3861.400 QQBrowser/10.7.4313.400" 
116.116.233.46 - - [21/Mar/2021:13:25:23 +0800] "OPTIONS /api/v1/survey/section/30843/?sectionId=30843 HTTP/1.1" 200 0 "https://www.luffycity.com/play/30843" "Mozilla/5.0 (iPad; CPU OS 12_4 like Mac OS X) AppleWebKit/605.1.15 (KHTML, like Gecko) CriOS/87.0.4280.77 Mobile/15E148 Safari/604.1" 
116.116.233.46 - - [21/Mar/2021:13:25:25 +0800] "OPTIONS /api/v1/play/sections/?section_id=30844 HTTP/1.1" 200 0 "https://www.luffycity.com/play/30844" "Mozilla/5.0 (iPad; CPU OS 12_4 like Mac OS X) AppleWebKit/605.1.15 (KHTML, like Gecko) CriOS/87.0.4280.77 Mobile/15E148 Safari/604.1" 
116.116.233.46 - - [21/Mar/2021:13:25:25 +0800] "OPTIONS /api/v1/play/30844/?play_id=30844 HTTP/1.1" 200 0 "https://www.luffycity.com/play/30844" "Mozilla/5.0 (iPad; CPU OS 12_4 like Mac OS X) AppleWebKit/605.1.15 (KHTML, like Gecko) CriOS/87.0.4280.77 Mobile/15E148 Safari/604.1" 
116.116.233.46 - - [21/Mar/2021:13:25:25 +0800] "GET /api/v1/survey/section/30844/?sectionId=30844 HTTP/1.1" 200 10 "https://www.luffycity.com/play/30844" "Mozilla/5.0 (iPad; CPU OS 12_4 like Mac OS X) AppleWebKit/605.1.15 (KHTML, like Gecko) CriOS/87.0.4280.77 Mobile/15E148 Safari/604.1" 
116.116.233.46 - - [21/Mar/2021:13:25:25 +0800] "GET /api/v1/play/sections/?section_id=30844 HTTP/1.1" 200 3319 "https://www.luffycity.com/play/30844" "Mozilla/5.0 (iPad; CPU OS 12_4 like Mac OS X) AppleWebKit/605.1.15 (KHTML, like Gecko) CriOS/87.0.4280.77 Mobile/15E148 Safari/604.1" 
219.137.53.84 - - [21/Mar/2021:13:25:26 +0800] "GET /api/v1/survey/section/30884/?sectionId=30884 HTTP/1.1" 200 10 "https://www.luffycity.com/" "Mozilla/5.0 (Windows NT 10.0; Win64; x64) AppleWebKit/537.36 (KHTML, like Gecko) Chrome/88.0.4324.146 Safari/537.36" 
219.137.53.84 - - [21/Mar/2021:13:25:26 +0800] "GET /api/v1/comment/?section_id=30884&limit=10&offset=0 HTTP/1.1" 200 1642 "https://www.luffycity.com/" "Mozilla/5.0 (Windows NT 10.0; Win64; x64) AppleWebKit/537.36 (KHTML, like Gecko) Chrome/88.0.4324.146 Safari/537.36" 
113.89.247.187 - - [21/Mar/2021:13:25:32 +0800] "OPTIONS /api/v1/play/sections/?section_id=799 HTTP/1.1" 200 0 "https://www.luffycity.com/play/799" "Mozilla/5.0 (Windows NT 10.0; Win64; x64) AppleWebKit/537.36 (KHTML, like Gecko) Chrome/73.0.3683.75 Safari/537.36" 
113.89.247.187 - - [21/Mar/2021:13:25:32 +0800] "OPTIONS /api/v1/survey/section/799/?sectionId=799 HTTP/1.1" 200 0 "https://www.luffycity.com/play/799" "Mozilla/5.0 (Windows NT 10.0; Win64; x64) AppleWebKit/537.36 (KHTML, like Gecko) Chrome/73.0.3683.75 Safari/537.36" 
113.89.247.187 - - [21/Mar/2021:13:25:32 +0800] "GET /api/v1/survey/section/799/?sectionId=799 HTTP/1.1" 200 10 "https://www.luffycity.com/play/799" "Mozilla/5.0 (Windows NT 10.0; Win64; x64) AppleWebKit/537.36 (KHTML, like Gecko) Chrome/73.0.3683.75 Safari/537.36" 
113.89.247.187 - - [21/Mar/2021:13:25:32 +0800] "GET /api/v1/play/sections/?section_id=799 HTTP/1.1" 200 2931 "https://www.luffycity.com/play/799" "Mozilla/5.0 (Windows NT 10.0; Win64; x64) AppleWebKit/537.36 (KHTML, like Gecko) Chrome/73.0.3683.75 Safari/537.36" 
61.51.158.109 - - [21/Mar/2021:13:25:35 +0800] "GET /api/v1/course/free/131/?courseType=free&id=131 HTTP/1.1" 200 1649 "https://www.luffycity.com/free-course" "Mozilla/5.0 (Windows NT 10.0; WOW64) AppleWebKit/537.36 (KHTML, like Gecko) Chrome/70.0.3538.25 Safari/537.36 Core/1.70.3861.400 QQBrowser/10.7.4313.400" 
61.51.158.109 - - [21/Mar/2021:13:25:35 +0800] "GET /api/v1/course/free/131/sections/?courseType=free&id=131 HTTP/1.1" 200 2071 "https://www.luffycity.com/free-course/131/detail" "Mozilla/5.0 (Windows NT 10.0; WOW64) AppleWebKit/537.36 (KHTML, like Gecko) Chrome/70.0.3538.25 Safari/537.36 Core/1.70.3861.400 QQBrowser/10.7.4313.400" 
36.170.37.148 - - [21/Mar/2021:13:25:36 +0800] "OPTIONS /api/v1/play/sections/?section_id=19618 HTTP/1.1" 200 0 "https://www.luffycity.com/" "Mozilla/5.0 (Windows NT 10.0; Win64; x64) AppleWebKit/537.36 (KHTML, like Gecko) Chrome/89.0.4389.90 Safari/537.36" 
36.170.37.148 - - [21/Mar/2021:13:25:36 +0800] "OPTIONS /api/v1/play/19618/?play_id=19618 HTTP/1.1" 200 0 "https://www.luffycity.com/" "Mozilla/5.0 (Windows NT 10.0; Win64; x64) AppleWebKit/537.36 (KHTML, like Gecko) Chrome/89.0.4389.90 Safari/537.36" 
36.170.37.148 - - [21/Mar/2021:13:25:36 +0800] "GET /api/v1/comment/?section_id=19618&limit=10&offset=0 HTTP/1.1" 200 989 "https://www.luffycity.com/" "Mozilla/5.0 (Windows NT 10.0; Win64; x64) AppleWebKit/537.36 (KHTML, like Gecko) Chrome/89.0.4389.90 Safari/537.36" 
36.170.37.148 - - [21/Mar/2021:13:25:36 +0800] "GET /api/v1/play/19618/?play_id=19618 HTTP/1.1" 200 439 "https://www.luffycity.com/" "Mozilla/5.0 (Windows NT 10.0; Win64; x64) AppleWebKit/537.36 (KHTML, like Gecko) Chrome/89.0.4389.90 Safari/537.36" 
61.51.158.109 - - [21/Mar/2021:13:25:40 +0800] "GET /api/v1/auth/wechat/ HTTP/1.1" 200 232 "https://www.luffycity.com/free-course/131/detail" "Mozilla/5.0 (Windows NT 10.0; WOW64) AppleWebKit/537.36 (KHTML, like Gecko) Chrome/70.0.3538.25 Safari/537.36 Core/1.70.3861.400 QQBrowser/10.7.4313.400" 
36.170.37.148 - - [21/Mar/2021:13:25:44 +0800] "GET /api/v1/play/sections/?section_id=19618 HTTP/1.1" 200 4421 "https://www.luffycity.com/" "Mozilla/5.0 (Windows NT 10.0; Win64; x64) AppleWebKit/537.36 (KHTML, like Gecko) Chrome/89.0.4389.90 Safari/537.36" 
36.170.37.148 - - [21/Mar/2021:13:25:44 +0800] "GET /api/v1/play/19618/?play_id=19618 HTTP/1.1" 200 439 "https://www.luffycity.com/" "Mozilla/5.0 (Windows NT 10.0; Win64; x64) AppleWebKit/537.36 (KHTML, like Gecko) Chrome/89.0.4389.90 Safari/537.36" 
114.241.170.102 - - [21/Mar/2021:13:25:51 +0800] "OPTIONS /api/v1/play/sections/?section_id=12994 HTTP/1.1" 200 0 "https://www.luffycity.com/" "Mozilla/5.0 (Windows NT 10.0; Win64; x64) AppleWebKit/537.36 (KHTML, like Gecko) Chrome/89.0.4389.90 Safari/537.36 Edg/89.0.774.57" 
114.241.170.102 - - [21/Mar/2021:13:25:51 +0800] "OPTIONS /api/v1/play/12994/?play_id=12994 HTTP/1.1" 200 0 "https://www.luffycity.com/" "Mozilla/5.0 (Windows NT 10.0; Win64; x64) AppleWebKit/537.36 (KHTML, like Gecko) Chrome/89.0.4389.90 Safari/537.36 Edg/89.0.774.57" 
114.241.170.102 - - [21/Mar/2021:13:25:51 +0800] "GET /api/v1/survey/section/12994/?sectionId=12994 HTTP/1.1" 200 10 "https://www.luffycity.com/" "Mozilla/5.0 (Windows NT 10.0; Win64; x64) AppleWebKit/537.36 (KHTML, like Gecko) Chrome/89.0.4389.90 Safari/537.36 Edg/89.0.774.57" 
114.241.170.102 - - [21/Mar/2021:13:25:51 +0800] "GET /api/v1/play/sections/?section_id=12994 HTTP/1.1" 200 3694 "https://www.luffycity.com/" "Mozilla/5.0 (Windows NT 10.0; Win64; x64) AppleWebKit/537.36 (KHTML, like Gecko) Chrome/89.0.4389.90 Safari/537.36 Edg/89.0.774.57" 
61.51.158.109, 39.97.49.232 - - [21/Mar/2021:13:26:04 +0800] "GET /api/v1/auth/token/ HTTP/1.1" 200 29 "https://open.weixin.qq.com/connect/qrconnect?appid=wx07c4da5c60c76657&redirect_uri=https%3A%2F%2Fwww.luffycity.com%2Foauth%2Fsignin&response_type=code&scope=snsapi_login&state=wechat" "Mozilla/5.0 (Windows NT 10.0; WOW64) AppleWebKit/537.36 (KHTML, like Gecko) Chrome/70.0.3538.25 Safari/537.36 Core/1.70.3861.400 QQBrowser/10.7.4313.400" 
61.51.158.109, 39.97.49.232 - - [21/Mar/2021:13:26:04 +0800] "GET /api/v1/result/ HTTP/1.1" 200 231 "https://open.weixin.qq.com/connect/qrconnect?appid=wx07c4da5c60c76657&redirect_uri=https%3A%2F%2Fwww.luffycity.com%2Foauth%2Fsignin&response_type=code&scope=snsapi_login&state=wechat" "Mozilla/5.0 (Windows NT 10.0; WOW64) AppleWebKit/537.36 (KHTML, like Gecko) Chrome/70.0.3538.25 Safari/537.36 Core/1.70.3861.400 QQBrowser/10.7.4313.400" 
61.51.158.109 - - [21/Mar/2021:13:26:05 +0800] "OPTIONS /api/v1/auth/token/ HTTP/1.1" 200 0 "-" "Mozilla/5.0 (Windows NT 10.0; WOW64) AppleWebKit/537.36 (KHTML, like Gecko) Chrome/70.0.3538.25 Safari/537.36 Core/1.70.3861.400 QQBrowser/10.7.4313.400" 
61.51.158.109, 39.97.49.232 - - [21/Mar/2021:13:26:08 +0800] "GET /api/v1/auth/token/ HTTP/1.1" 200 401 "https://www.luffycity.com/free-course/131/detail" "Mozilla/5.0 (Windows NT 10.0; WOW64) AppleWebKit/537.36 (KHTML, like Gecko) Chrome/70.0.3538.25 Safari/537.36 Core/1.70.3861.400 QQBrowser/10.7.4313.400" 
61.51.158.109, 39.97.49.232 - - [21/Mar/2021:13:26:09 +0800] "GET /api/v1/course/category/free/?courseType=free HTTP/1.1" 200 174 "https://www.luffycity.com/free-course/131/detail" "Mozilla/5.0 (Windows NT 10.0; WOW64) AppleWebKit/537.36 (KHTML, like Gecko) Chrome/70.0.3538.25 Safari/537.36 Core/1.70.3861.400 QQBrowser/10.7.4313.400" 
61.51.158.109, 39.97.49.232 - - [21/Mar/2021:13:26:10 +0800] "GET /api/v1/course/free/ HTTP/1.1" 200 1890 "https://www.luffycity.com/free-course/131/detail" "Mozilla/5.0 (Windows NT 10.0; WOW64) AppleWebKit/537.36 (KHTML, like Gecko) Chrome/70.0.3538.25 Safari/537.36 Core/1.70.3861.400 QQBrowser/10.7.4313.400" 
61.51.158.109 - - [21/Mar/2021:13:26:13 +0800] "GET /api/v1/course/free/131/?courseType=free&id=131 HTTP/1.1" 200 1649 "https://www.luffycity.com/free-course" "Mozilla/5.0 (Windows NT 10.0; WOW64) AppleWebKit/537.36 (KHTML, like Gecko) Chrome/70.0.3538.25 Safari/537.36 Core/1.70.3861.400 QQBrowser/10.7.4313.400" 
61.51.158.109 - - [21/Mar/2021:13:26:14 +0800] "OPTIONS /api/v1/play/sections/?section_id=14657 HTTP/1.1" 200 0 "-" "Mozilla/5.0 (Windows NT 10.0; WOW64) AppleWebKit/537.36 (KHTML, like Gecko) Chrome/70.0.3538.25 Safari/537.36 Core/1.70.3861.400 QQBrowser/10.7.4313.400" 
61.51.158.109 - - [21/Mar/2021:13:26:14 +0800] "OPTIONS /api/v1/play/14657/?play_id=14657 HTTP/1.1" 200 0 "-" "Mozilla/5.0 (Windows NT 10.0; WOW64) AppleWebKit/537.36 (KHTML, like Gecko) Chrome/70.0.3538.25 Safari/537.36 Core/1.70.3861.400 QQBrowser/10.7.4313.400" 
61.51.158.109 - - [21/Mar/2021:13:26:14 +0800] "GET /api/v1/play/sections/?section_id=14657 HTTP/1.1" 200 2091 "https://www.luffycity.com/play/14657" "Mozilla/5.0 (Windows NT 10.0; WOW64) AppleWebKit/537.36 (KHTML, like Gecko) Chrome/70.0.3538.25 Safari/537.36 Core/1.70.3861.400 QQBrowser/10.7.4313.400" 
61.51.158.109 - - [21/Mar/2021:13:26:14 +0800] "GET /api/v1/play/14657/?play_id=14657 HTTP/1.1" 200 376 "https://www.luffycity.com/play/14657" "Mozilla/5.0 (Windows NT 10.0; WOW64) AppleWebKit/537.36 (KHTML, like Gecko) Chrome/70.0.3538.25 Safari/537.36 Core/1.70.3861.400 QQBrowser/10.7.4313.400" 
61.51.158.109 - - [21/Mar/2021:13:26:32 +0800] "OPTIONS /api/v1/play/sections/?section_id=14671 HTTP/1.1" 200 0 "-" "Mozilla/5.0 (Windows NT 10.0; WOW64) AppleWebKit/537.36 (KHTML, like Gecko) Chrome/70.0.3538.25 Safari/537.36 Core/1.70.3861.400 QQBrowser/10.7.4313.400" 
61.51.158.109 - - [21/Mar/2021:13:26:32 +0800] "OPTIONS /api/v1/play/14671/?play_id=14671 HTTP/1.1" 200 0 "-" "Mozilla/5.0 (Windows NT 10.0; WOW64) AppleWebKit/537.36 (KHTML, like Gecko) Chrome/70.0.3538.25 Safari/537.36 Core/1.70.3861.400 QQBrowser/10.7.4313.400" 
61.51.158.109 - - [21/Mar/2021:13:26:32 +0800] "GET /api/v1/play/sections/?section_id=14671 HTTP/1.1" 200 2091 "https://www.luffycity.com/play/14671" "Mozilla/5.0 (Windows NT 10.0; WOW64) AppleWebKit/537.36 (KHTML, like Gecko) Chrome/70.0.3538.25 Safari/537.36 Core/1.70.3861.400 QQBrowser/10.7.4313.400" 
61.51.158.109 - - [21/Mar/2021:13:26:32 +0800] "GET /api/v1/play/14671/?play_id=14671 HTTP/1.1" 200 393 "https://www.luffycity.com/play/14671" "Mozilla/5.0 (Windows NT 10.0; WOW64) AppleWebKit/537.36 (KHTML, like Gecko) Chrome/70.0.3538.25 Safari/537.36 Core/1.70.3861.400 QQBrowser/10.7.4313.400" 
39.144.37.237 - - [21/Mar/2021:13:26:43 +0800] "GET /api/v1/play/19489/?play_id=19489 HTTP/1.1" 200 406 "https://m.luffycity.com/play/19489" "Mozilla/5.0 (iPhone; CPU iPhone OS 14_2 like Mac OS X) AppleWebKit/605.1.15 (KHTML, like Gecko) Version/14.0.1 Mobile/15E148 Safari/604.1" 
123.185.16.196, 39.97.49.232 - - [21/Mar/2021:13:27:07 +0800] "GET /api/v1/auth/token/ HTTP/1.1" 200 29 "-" "Mozilla/5.0 (Windows NT 10.0; Win64; x64) AppleWebKit/537.36 (KHTML, like Gecko) Chrome/87.0.4280.88 Safari/537.36" 
123.185.16.196, 39.97.49.232 - - [21/Mar/2021:13:27:07 +0800] "GET /api/v1/course/category/actual/?courseType=actual HTTP/1.1" 200 252 "-" "Mozilla/5.0 (Windows NT 10.0; Win64; x64) AppleWebKit/537.36 (KHTML, like Gecko) Chrome/87.0.4280.88 Safari/537.36" 
123.185.16.196, 39.97.49.232 - - [21/Mar/2021:13:27:08 +0800] "GET /api/v1/course/actual/ HTTP/1.1" 200 25971 "-" "Mozilla/5.0 (Windows NT 10.0; Win64; x64) AppleWebKit/537.36 (KHTML, like Gecko) Chrome/87.0.4280.88 Safari/537.36" 
123.185.16.196 - - [21/Mar/2021:13:27:13 +0800] "OPTIONS /api/v1/auth/wechat/ HTTP/1.1" 200 0 "https://www.luffycity.com/" "Mozilla/5.0 (Windows NT 10.0; Win64; x64) AppleWebKit/537.36 (KHTML, like Gecko) Chrome/87.0.4280.88 Safari/537.36" 
123.185.16.196, 39.97.49.232 - - [21/Mar/2021:13:27:22 +0800] "GET /api/v1/result/ HTTP/1.1" 200 231 "https://open.weixin.qq.com/" "Mozilla/5.0 (Windows NT 10.0; Win64; x64) AppleWebKit/537.36 (KHTML, like Gecko) Chrome/87.0.4280.88 Safari/537.36" 
123.185.16.196 - - [21/Mar/2021:13:27:23 +0800] "POST /api/v1/auth/wechat/ HTTP/1.1" 200 289 "https://www.luffycity.com/" "Mozilla/5.0 (Windows NT 10.0; Win64; x64) AppleWebKit/537.36 (KHTML, like Gecko) Chrome/87.0.4280.88 Safari/537.36" 
123.185.16.196 - - [21/Mar/2021:13:27:23 +0800] "GET /api/v1/auth/token/ HTTP/1.1" 200 406 "https://www.luffycity.com/" "Mozilla/5.0 (Windows NT 10.0; Win64; x64) AppleWebKit/537.36 (KHTML, like Gecko) Chrome/87.0.4280.88 Safari/537.36" 
111.202.169.183 - - [21/Mar/2021:13:28:01 +0800] "OPTIONS /api/v1/comment/?section_id=15967&limit=10&offset=0 HTTP/1.1" 200 0 "https://www.luffycity.com/" "Mozilla/5.0 (Windows NT 10.0; Win64; x64) AppleWebKit/537.36 (KHTML, like Gecko) Chrome/89.0.4389.90 Safari/537.36" 
111.202.169.183 - - [21/Mar/2021:13:28:01 +0800] "OPTIONS /api/v1/play/sections/?section_id=15967 HTTP/1.1" 200 0 "https://www.luffycity.com/" "Mozilla/5.0 (Windows NT 10.0; Win64; x64) AppleWebKit/537.36 (KHTML, like Gecko) Chrome/89.0.4389.90 Safari/537.36" 
111.202.169.183 - - [21/Mar/2021:13:28:01 +0800] "GET /api/v1/survey/section/15967/?sectionId=15967 HTTP/1.1" 200 10 "https://www.luffycity.com/" "Mozilla/5.0 (Windows NT 10.0; Win64; x64) AppleWebKit/537.36 (KHTML, like Gecko) Chrome/89.0.4389.90 Safari/537.36" 
111.202.169.183 - - [21/Mar/2021:13:28:01 +0800] "GET /api/v1/comment/?section_id=15967&limit=10&offset=0 HTTP/1.1" 200 1606 "https://www.luffycity.com/" "Mozilla/5.0 (Windows NT 10.0; Win64; x64) AppleWebKit/537.36 (KHTML, like Gecko) Chrome/89.0.4389.90 Safari/537.36" 
115.46.89.249 - - [21/Mar/2021:13:28:23 +0800] "OPTIONS /api/v1/survey/section/3079/?sectionId=3079 HTTP/1.1" 200 0 "https://www.luffycity.com/" "Mozilla/5.0 (Windows NT 10.0; Win64; x64) AppleWebKit/537.36 (KHTML, like Gecko) Chrome/89.0.4389.90 Safari/537.36" 
115.46.89.249 - - [21/Mar/2021:13:28:23 +0800] "OPTIONS /api/v1/comment/?section_id=3079&limit=10&offset=0 HTTP/1.1" 200 0 "https://www.luffycity.com/" "Mozilla/5.0 (Windows NT 10.0; Win64; x64) AppleWebKit/537.36 (KHTML, like Gecko) Chrome/89.0.4389.90 Safari/537.36" 
115.46.89.249 - - [21/Mar/2021:13:28:23 +0800] "GET /api/v1/comment/?section_id=3079&limit=10&offset=0 HTTP/1.1" 200 1268 "https://www.luffycity.com/" "Mozilla/5.0 (Windows NT 10.0; Win64; x64) AppleWebKit/537.36 (KHTML, like Gecko) Chrome/89.0.4389.90 Safari/537.36" 
115.46.89.249 - - [21/Mar/2021:13:28:23 +0800] "GET /api/v1/play/3079/?play_id=3079 HTTP/1.1" 200 449 "https://www.luffycity.com/" "Mozilla/5.0 (Windows NT 10.0; Win64; x64) AppleWebKit/537.36 (KHTML, like Gecko) Chrome/89.0.4389.90 Safari/537.36" 
43.225.208.243 - - [21/Mar/2021:13:28:40 +0800] "OPTIONS /api/v1/survey/section/15271/?sectionId=15271 HTTP/1.1" 200 0 "https://www.luffycity.com/" "Mozilla/5.0 (Windows NT 10.0; Win64; x64) AppleWebKit/537.36 (KHTML, like Gecko) Chrome/89.0.4389.90 Safari/537.36" 
43.225.208.243 - - [21/Mar/2021:13:28:40 +0800] "OPTIONS /api/v1/play/sections/?section_id=15271 HTTP/1.1" 200 0 "https://www.luffycity.com/" "Mozilla/5.0 (Windows NT 10.0; Win64; x64) AppleWebKit/537.36 (KHTML, like Gecko) Chrome/89.0.4389.90 Safari/537.36" 
43.225.208.243 - - [21/Mar/2021:13:28:41 +0800] "GET /api/v1/survey/section/15271/?sectionId=15271 HTTP/1.1" 200 10 "https://www.luffycity.com/" "Mozilla/5.0 (Windows NT 10.0; Win64; x64) AppleWebKit/537.36 (KHTML, like Gecko) Chrome/89.0.4389.90 Safari/537.36" 
43.225.208.243 - - [21/Mar/2021:13:28:41 +0800] "GET /api/v1/play/15271/?play_id=15271 HTTP/1.1" 200 419 "https://www.luffycity.com/" "Mozilla/5.0 (Windows NT 10.0; Win64; x64) AppleWebKit/537.36 (KHTML, like Gecko) Chrome/89.0.4389.90 Safari/537.36" 
112.80.18.194, 39.97.49.232 - - [21/Mar/2021:13:28:50 +0800] "GET /api/v1/auth/token/ HTTP/1.1" 200 29 "http://c.biancheng.net/" "Mozilla/5.0 (Windows NT 10.0; Win64; x64) AppleWebKit/537.36 (KHTML, like Gecko) Chrome/89.0.4389.90 Safari/537.36" 
112.80.18.194, 39.97.49.232 - - [21/Mar/2021:13:28:50 +0800] "GET /api/v1/result/ HTTP/1.1" 200 231 "http://c.biancheng.net/" "Mozilla/5.0 (Windows NT 10.0; Win64; x64) AppleWebKit/537.36 (KHTML, like Gecko) Chrome/89.0.4389.90 Safari/537.36" 
112.80.18.194 - - [21/Mar/2021:13:28:50 +0800] "GET /api/v1/activity/survey/?course_id=252 HTTP/1.1" 200 11 "https://www.luffycity.com/" "Mozilla/5.0 (Windows NT 10.0; Win64; x64) AppleWebKit/537.36 (KHTML, like Gecko) Chrome/89.0.4389.90 Safari/537.36" 
112.32.5.57 - - [21/Mar/2021:13:28:55 +0800] "GET /api/v1/comment/?section_id=30851&limit=10&offset=0 HTTP/1.1" 200 1644 "https://www.luffycity.com/" "Mozilla/5.0 (Windows NT 10.0; Win64; x64) AppleWebKit/537.36 (KHTML, like Gecko) Chrome/89.0.4389.90 Safari/537.36 Edg/89.0.774.57" 
112.32.5.57 - - [21/Mar/2021:13:28:55 +0800] "GET /api/v1/play/30851/?play_id=30851 HTTP/1.1" 200 430 "https://www.luffycity.com/" "Mozilla/5.0 (Windows NT 10.0; Win64; x64) AppleWebKit/537.36 (KHTML, like Gecko) Chrome/89.0.4389.90 Safari/537.36 Edg/89.0.774.57" 
112.44.210.180 - - [21/Mar/2021:13:28:58 +0800] "OPTIONS /api/v1/play/842/?play_id=842 HTTP/1.1" 200 0 "https://www.luffycity.com/" "Mozilla/5.0 (Windows NT 10.0; Win64; x64) AppleWebKit/537.36 (KHTML, like Gecko) Chrome/89.0.4389.90 Safari/537.36 Edg/89.0.774.54" 
112.44.210.180 - - [21/Mar/2021:13:28:58 +0800] "OPTIONS /api/v1/survey/section/842/?sectionId=842 HTTP/1.1" 200 0 "https://www.luffycity.com/" "Mozilla/5.0 (Windows NT 10.0; Win64; x64) AppleWebKit/537.36 (KHTML, like Gecko) Chrome/89.0.4389.90 Safari/537.36 Edg/89.0.774.54" 
112.44.210.180 - - [21/Mar/2021:13:28:58 +0800] "GET /api/v1/play/842/?play_id=842 HTTP/1.1" 200 415 "https://www.luffycity.com/" "Mozilla/5.0 (Windows NT 10.0; Win64; x64) AppleWebKit/537.36 (KHTML, like Gecko) Chrome/89.0.4389.90 Safari/537.36 Edg/89.0.774.54" 
112.44.210.180 - - [21/Mar/2021:13:28:58 +0800] "GET /api/v1/comment/?section_id=842&limit=10&offset=0 HTTP/1.1" 200 1547 "https://www.luffycity.com/" "Mozilla/5.0 (Windows NT 10.0; Win64; x64) AppleWebKit/537.36 (KHTML, like Gecko) Chrome/89.0.4389.90 Safari/537.36 Edg/89.0.774.54" 
61.149.160.86 - - [21/Mar/2021:13:29:18 +0800] "OPTIONS /api/v1/survey/section/7450/?sectionId=7450 HTTP/1.1" 200 0 "https://www.luffycity.com/" "Mozilla/5.0 (Macintosh; Intel Mac OS X 10_15_5) AppleWebKit/537.36 (KHTML, like Gecko) Chrome/89.0.4389.82 Safari/537.36" 
61.149.160.86 - - [21/Mar/2021:13:29:18 +0800] "OPTIONS /api/v1/comment/?section_id=7450&limit=10&offset=0 HTTP/1.1" 200 0 "https://www.luffycity.com/" "Mozilla/5.0 (Macintosh; Intel Mac OS X 10_15_5) AppleWebKit/537.36 (KHTML, like Gecko) Chrome/89.0.4389.82 Safari/537.36" 
61.149.160.86 - - [21/Mar/2021:13:29:18 +0800] "GET /api/v1/comment/?section_id=7450&limit=10&offset=0 HTTP/1.1" 200 1438 "https://www.luffycity.com/" "Mozilla/5.0 (Macintosh; Intel Mac OS X 10_15_5) AppleWebKit/537.36 (KHTML, like Gecko) Chrome/89.0.4389.82 Safari/537.36" 
61.149.160.86 - - [21/Mar/2021:13:29:18 +0800] "GET /api/v1/play/sections/?section_id=7450 HTTP/1.1" 200 13300 "https://www.luffycity.com/" "Mozilla/5.0 (Macintosh; Intel Mac OS X 10_15_5) AppleWebKit/537.36 (KHTML, like Gecko) Chrome/89.0.4389.82 Safari/537.36" 
117.189.193.18 - - [21/Mar/2021:13:29:41 +0800] "GET /api/v1/auth/token/ HTTP/1.1" 200 29 "https://m.luffycity.com/employment-course/2/detail" "Mozilla/5.0 (iPhone; CPU iPhone OS 14_0_1 like Mac OS X) AppleWebKit/605.1.15 (KHTML, like Gecko) Mobile/15E148 MicroMessenger/8.0.2(0x18000236) NetType/WIFI Language/zh_CN" 
117.189.193.18 - - [21/Mar/2021:13:29:41 +0800] "GET /api/v1/course/degree/2/?courseType=degree&id=2 HTTP/1.1" 200 654 "https://m.luffycity.com/employment-course/2/detail" "Mozilla/5.0 (iPhone; CPU iPhone OS 14_0_1 like Mac OS X) AppleWebKit/605.1.15 (KHTML, like Gecko) Mobile/15E148 MicroMessenger/8.0.2(0x18000236) NetType/WIFI Language/zh_CN" 
117.189.193.18 - - [21/Mar/2021:13:29:53 +0800] "GET /api/v1/course/degree/2/?courseType=degree&id=2 HTTP/1.1" 200 654 "https://m.luffycity.com/employment-course/2/chapter" "Mozilla/5.0 (iPhone; CPU iPhone OS 14_0_1 like Mac OS X) AppleWebKit/605.1.15 (KHTML, like Gecko) Mobile/15E148 MicroMessenger/8.0.2(0x18000236) NetType/WIFI Language/zh_CN" 
223.72.95.97, 39.97.49.232 - - [21/Mar/2021:13:29:54 +0800] "GET /api/v1/result/ HTTP/1.1" 200 231 "-" "Mozilla/5.0 (Windows NT 10.0; Win64; x64) AppleWebKit/537.36 (KHTML, like Gecko) Chrome/89.0.4389.90 Safari/537.36" 
223.72.95.97 - - [21/Mar/2021:13:29:56 +0800] "OPTIONS /api/v1/result/enroll/?resultType=enroll&limit=2 HTTP/1.1" 200 0 "https://www.luffycity.com/" "Mozilla/5.0 (Windows NT 10.0; Win64; x64) AppleWebKit/537.36 (KHTML, like Gecko) Chrome/89.0.4389.90 Safari/537.36" 
223.72.95.97 - - [21/Mar/2021:13:29:59 +0800] "OPTIONS /api/v1/auth/wechat/ HTTP/1.1" 200 0 "https://www.luffycity.com/" "Mozilla/5.0 (Windows NT 10.0; Win64; x64) AppleWebKit/537.36 (KHTML, like Gecko) Chrome/89.0.4389.90 Safari/537.36" 
223.72.95.97 - - [21/Mar/2021:13:30:00 +0800] "OPTIONS /api/v1/auth/password/login/?loginWay=password HTTP/1.1" 200 0 "https://www.luffycity.com/" "Mozilla/5.0 (Windows NT 10.0; Win64; x64) AppleWebKit/537.36 (KHTML, like Gecko) Chrome/89.0.4389.90 Safari/537.36" 
223.72.95.97 - - [21/Mar/2021:13:30:00 +0800] "OPTIONS /api/v1/auth/token/ HTTP/1.1" 200 0 "https://www.luffycity.com/" "Mozilla/5.0 (Windows NT 10.0; Win64; x64) AppleWebKit/537.36 (KHTML, like Gecko) Chrome/89.0.4389.90 Safari/537.36" 
