112.67.210.156, 39.97.49.232 - - [19/Mar/2021:11:17:12 +0800] "GET /api/v1/course/home-free/?limit=3 HTTP/1.1" 200 865 "-" "Mozilla/5.0 (Windows NT 10.0; Win64; x64) AppleWebKit/537.36 (KHTML, like Gecko) Chrome/89.0.4389.90 Safari/537.36 Edg/89.0.774.54" 
112.67.210.156 - - [19/Mar/2021:11:17:13 +0800] "OPTIONS /api/v1/result/enroll/?resultType=enroll&limit=2 HTTP/1.1" 200 0 "https://www.luffycity.com/" "Mozilla/5.0 (Windows NT 10.0; Win64; x64) AppleWebKit/537.36 (KHTML, like Gecko) Chrome/89.0.4389.90 Safari/537.36 Edg/89.0.774.54" 
202.205.177.36 - - [19/Mar/2021:11:17:19 +0800] "GET /api/v1/study/degrees/0/mentor/?degree_id=0 HTTP/1.1" 200 137 "https://www.luffycity.com/" "Mozilla/5.0 (Windows NT 10.0; Win64; x64) AppleWebKit/537.36 (KHTML, like Gecko) Chrome/89.0.4389.90 Safari/537.36" 
202.205.177.36 - - [19/Mar/2021:11:17:19 +0800] "GET /api/v1/study/degrees/ HTTP/1.1" 200 525 "https://www.luffycity.com/" "Mozilla/5.0 (Windows NT 10.0; Win64; x64) AppleWebKit/537.36 (KHTML, like Gecko) Chrome/89.0.4389.90 Safari/537.36" 
202.205.177.36 - - [19/Mar/2021:11:17:20 +0800] "GET /api/v1/study/data/?degree_id=15 HTTP/1.1" 200 107 "https://www.luffycity.com/" "Mozilla/5.0 (Windows NT 10.0; Win64; x64) AppleWebKit/537.36 (KHTML, like Gecko) Chrome/89.0.4389.90 Safari/537.36" 
202.205.177.36 - - [19/Mar/2021:11:17:21 +0800] "GET /api/v1/study/degrees/19/mentor/?degree_id=19 HTTP/1.1" 200 212 "https://www.luffycity.com/" "Mozilla/5.0 (Windows NT 10.0; Win64; x64) AppleWebKit/537.36 (KHTML, like Gecko) Chrome/89.0.4389.90 Safari/537.36" 
202.205.177.36 - - [19/Mar/2021:11:17:22 +0800] "GET /api/v1/study/degrees/19/?degree_id=19 HTTP/1.1" 200 1294 "https://www.luffycity.com/" "Mozilla/5.0 (Windows NT 10.0; Win64; x64) AppleWebKit/537.36 (KHTML, like Gecko) Chrome/89.0.4389.90 Safari/537.36" 
113.68.108.14, 39.97.49.232 - - [19/Mar/2021:11:17:29 +0800] "GET /api/v1/auth/token/ HTTP/1.1" 200 29 "https://www.baidu.com/link?url=e0BTFGVUIPxn1ZR8uTojIGjlpAcMJ0ySqHE3xnTd4TYeqOkM2sa1CqxUNSCkVWaR&wd=&eqid=958d30fe000090fd00000006605417c4" "Mozilla/5.0 (Windows NT 6.1; Win64; x64) AppleWebKit/537.36 (KHTML, like Gecko) Chrome/88.0.4324.190 Safari/537.36" 
113.68.108.14, 39.97.49.232 - - [19/Mar/2021:11:17:29 +0800] "GET /api/v1/result/ HTTP/1.1" 200 231 "https://www.baidu.com/link?url=e0BTFGVUIPxn1ZR8uTojIGjlpAcMJ0ySqHE3xnTd4TYeqOkM2sa1CqxUNSCkVWaR&wd=&eqid=958d30fe000090fd00000006605417c4" "Mozilla/5.0 (Windows NT 6.1; Win64; x64) AppleWebKit/537.36 (KHTML, like Gecko) Chrome/88.0.4324.190 Safari/537.36" 
113.68.108.14, 39.97.49.232 - - [19/Mar/2021:11:17:29 +0800] "GET /api/v1/index/banner/ HTTP/1.1" 200 382 "https://www.baidu.com/link?url=e0BTFGVUIPxn1ZR8uTojIGjlpAcMJ0ySqHE3xnTd4TYeqOkM2sa1CqxUNSCkVWaR&wd=&eqid=958d30fe000090fd00000006605417c4" "Mozilla/5.0 (Windows NT 6.1; Win64; x64) AppleWebKit/537.36 (KHTML, like Gecko) Chrome/88.0.4324.190 Safari/537.36" 
113.68.108.14, 39.97.49.232 - - [19/Mar/2021:11:17:29 +0800] "GET /api/v1/course/degree/ HTTP/1.1" 200 951 "https://www.baidu.com/link?url=e0BTFGVUIPxn1ZR8uTojIGjlpAcMJ0ySqHE3xnTd4TYeqOkM2sa1CqxUNSCkVWaR&wd=&eqid=958d30fe000090fd00000006605417c4" "Mozilla/5.0 (Windows NT 6.1; Win64; x64) AppleWebKit/537.36 (KHTML, like Gecko) Chrome/88.0.4324.190 Safari/537.36" 
113.68.108.14, 39.97.49.232 - - [19/Mar/2021:11:17:29 +0800] "GET /api/v1/course/home-free/?limit=3 HTTP/1.1" 200 865 "https://www.baidu.com/link?url=e0BTFGVUIPxn1ZR8uTojIGjlpAcMJ0ySqHE3xnTd4TYeqOkM2sa1CqxUNSCkVWaR&wd=&eqid=958d30fe000090fd00000006605417c4" "Mozilla/5.0 (Windows NT 6.1; Win64; x64) AppleWebKit/537.36 (KHTML, like Gecko) Chrome/88.0.4324.190 Safari/537.36" 
113.68.108.14 - - [19/Mar/2021:11:17:30 +0800] "OPTIONS /api/v1/result/enroll/?resultType=enroll&limit=2 HTTP/1.1" 200 0 "https://www.luffycity.com/" "Mozilla/5.0 (Windows NT 6.1; Win64; x64) AppleWebKit/537.36 (KHTML, like Gecko) Chrome/88.0.4324.190 Safari/537.36" 
113.68.108.14, 39.97.49.232 - - [19/Mar/2021:11:17:35 +0800] "GET /api/v1/course/actual/ HTTP/1.1" 200 25980 "https://www.luffycity.com/" "Mozilla/5.0 (Windows NT 6.1; Win64; x64) AppleWebKit/537.36 (KHTML, like Gecko) Chrome/88.0.4324.190 Safari/537.36" 
117.158.201.202 - - [19/Mar/2021:11:17:36 +0800] "OPTIONS /api/v1/comment/?section_id=1774&limit=10&offset=0 HTTP/1.1" 200 0 "https://www.luffycity.com/" "Mozilla/5.0 (Windows NT 10.0; Win64; x64) AppleWebKit/537.36 (KHTML, like Gecko) Chrome/89.0.4389.90 Safari/537.36" 
117.158.201.202 - - [19/Mar/2021:11:17:36 +0800] "OPTIONS /api/v1/play/1774/?play_id=1774 HTTP/1.1" 200 0 "https://www.luffycity.com/" "Mozilla/5.0 (Windows NT 10.0; Win64; x64) AppleWebKit/537.36 (KHTML, like Gecko) Chrome/89.0.4389.90 Safari/537.36" 
117.158.201.202 - - [19/Mar/2021:11:17:36 +0800] "GET /api/v1/comment/?section_id=1774&limit=10&offset=0 HTTP/1.1" 200 1429 "https://www.luffycity.com/" "Mozilla/5.0 (Windows NT 10.0; Win64; x64) AppleWebKit/537.36 (KHTML, like Gecko) Chrome/89.0.4389.90 Safari/537.36" 
117.158.201.202 - - [19/Mar/2021:11:17:36 +0800] "GET /api/v1/play/1774/?play_id=1774 HTTP/1.1" 200 407 "https://www.luffycity.com/" "Mozilla/5.0 (Windows NT 10.0; Win64; x64) AppleWebKit/537.36 (KHTML, like Gecko) Chrome/89.0.4389.90 Safari/537.36" 
202.205.177.36 - - [19/Mar/2021:11:17:37 +0800] "GET /api/v1/study/degrees/0/mentor/?degree_id=0 HTTP/1.1" 200 137 "https://www.luffycity.com/" "Mozilla/5.0 (Windows NT 10.0; Win64; x64) AppleWebKit/537.36 (KHTML, like Gecko) Chrome/89.0.4389.90 Safari/537.36" 
202.205.177.36 - - [19/Mar/2021:11:17:37 +0800] "GET /api/v1/study/degrees/ HTTP/1.1" 200 525 "https://www.luffycity.com/" "Mozilla/5.0 (Windows NT 10.0; Win64; x64) AppleWebKit/537.36 (KHTML, like Gecko) Chrome/89.0.4389.90 Safari/537.36" 
202.205.177.36 - - [19/Mar/2021:11:17:38 +0800] "GET /api/v1/study/data/?degree_id=19 HTTP/1.1" 200 107 "https://www.luffycity.com/" "Mozilla/5.0 (Windows NT 10.0; Win64; x64) AppleWebKit/537.36 (KHTML, like Gecko) Chrome/89.0.4389.90 Safari/537.36" 
113.68.108.14 - - [19/Mar/2021:11:17:38 +0800] "OPTIONS /api/v1/course/category/actual/?courseType=actual HTTP/1.1" 200 0 "https://www.luffycity.com/" "Mozilla/5.0 (Windows NT 6.1; Win64; x64) AppleWebKit/537.36 (KHTML, like Gecko) Chrome/88.0.4324.190 Safari/537.36" 
113.68.108.14 - - [19/Mar/2021:11:17:39 +0800] "OPTIONS /api/v1/course/actual/?category_id=2 HTTP/1.1" 200 0 "https://www.luffycity.com/" "Mozilla/5.0 (Windows NT 6.1; Win64; x64) AppleWebKit/537.36 (KHTML, like Gecko) Chrome/88.0.4324.190 Safari/537.36" 
211.138.116.194 - - [19/Mar/2021:11:17:48 +0800] "GET /api/v1/play/26689/?play_id=26689 HTTP/1.1" 200 421 "https://m.luffycity.com/play/26689" "Mozilla/5.0 (Linux; Android 10; HMA-AL00; HMSCore 5.2.0.303; GMSCore 20.15.16) AppleWebKit/537.36 (KHTML, like Gecko) Chrome/83.0.4103.106 HuaweiBrowser/11.0.8.301 Mobile Safari/537.36" 
202.205.177.36 - - [19/Mar/2021:11:17:52 +0800] "OPTIONS /api/v1/study/module/degree/75981/?courseType=degree&id=75981 HTTP/1.1" 200 0 "https://www.luffycity.com/" "Mozilla/5.0 (Windows NT 10.0; Win64; x64) AppleWebKit/537.36 (KHTML, like Gecko) Chrome/89.0.4389.90 Safari/537.36" 
202.205.177.36 - - [19/Mar/2021:11:18:01 +0800] "GET /api/v1/study/degrees/0/mentor/?degree_id=0 HTTP/1.1" 200 137 "https://www.luffycity.com/" "Mozilla/5.0 (Windows NT 10.0; Win64; x64) AppleWebKit/537.36 (KHTML, like Gecko) Chrome/89.0.4389.90 Safari/537.36" 
202.205.177.36 - - [19/Mar/2021:11:18:01 +0800] "GET /api/v1/study/degrees/ HTTP/1.1" 200 525 "https://www.luffycity.com/" "Mozilla/5.0 (Windows NT 10.0; Win64; x64) AppleWebKit/537.36 (KHTML, like Gecko) Chrome/89.0.4389.90 Safari/537.36" 
221.12.3.195, 39.97.49.232 - - [19/Mar/2021:11:18:01 +0800] "GET /api/v1/auth/token/ HTTP/1.1" 200 29 "http://c.biancheng.net/" "Mozilla/5.0 (Windows NT 10.0; Win64; x64) AppleWebKit/537.36 (KHTML, like Gecko) Chrome/89.0.4389.82 Safari/537.36" 
202.205.177.36 - - [19/Mar/2021:11:18:01 +0800] "GET /api/v1/study/data/?degree_id=19 HTTP/1.1" 200 107 "https://www.luffycity.com/" "Mozilla/5.0 (Windows NT 10.0; Win64; x64) AppleWebKit/537.36 (KHTML, like Gecko) Chrome/89.0.4389.90 Safari/537.36" 
221.12.3.195 - - [19/Mar/2021:11:18:03 +0800] "OPTIONS /api/v1/activity/survey/?course_id=252 HTTP/1.1" 200 0 "https://www.luffycity.com/" "Mozilla/5.0 (Windows NT 10.0; Win64; x64) AppleWebKit/537.36 (KHTML, like Gecko) Chrome/89.0.4389.82 Safari/537.36" 
202.205.177.36 - - [19/Mar/2021:11:18:15 +0800] "OPTIONS /api/v1/study/module/degree/73321/?courseType=degree&id=73321 HTTP/1.1" 200 0 "https://www.luffycity.com/" "Mozilla/5.0 (Windows NT 10.0; Win64; x64) AppleWebKit/537.36 (KHTML, like Gecko) Chrome/89.0.4389.90 Safari/537.36" 
202.205.177.36 - - [19/Mar/2021:11:18:33 +0800] "GET /api/v1/study/degrees/0/mentor/?degree_id=0 HTTP/1.1" 200 137 "https://www.luffycity.com/" "Mozilla/5.0 (Windows NT 10.0; Win64; x64) AppleWebKit/537.36 (KHTML, like Gecko) Chrome/89.0.4389.90 Safari/537.36" 
202.205.177.36 - - [19/Mar/2021:11:18:33 +0800] "GET /api/v1/study/degrees/ HTTP/1.1" 200 525 "https://www.luffycity.com/" "Mozilla/5.0 (Windows NT 10.0; Win64; x64) AppleWebKit/537.36 (KHTML, like Gecko) Chrome/89.0.4389.90 Safari/537.36" 
202.205.177.36 - - [19/Mar/2021:11:18:33 +0800] "GET /api/v1/study/data/?degree_id=19 HTTP/1.1" 200 107 "https://www.luffycity.com/" "Mozilla/5.0 (Windows NT 10.0; Win64; x64) AppleWebKit/537.36 (KHTML, like Gecko) Chrome/89.0.4389.90 Safari/537.36" 
202.205.177.36 - - [19/Mar/2021:11:18:37 +0800] "OPTIONS /api/v1/study/module/degree/73322/?courseType=degree&id=73322 HTTP/1.1" 200 0 "https://www.luffycity.com/" "Mozilla/5.0 (Windows NT 10.0; Win64; x64) AppleWebKit/537.36 (KHTML, like Gecko) Chrome/89.0.4389.90 Safari/537.36" 
49.234.195.166 - - [19/Mar/2021:11:18:45 +0800] "POST /api/v1/pay/xiaoe/ HTTP/1.1" 200 7 "-" "-" 
112.6.124.183 - - [19/Mar/2021:11:18:45 +0800] "POST /api/v1/survey/section/26669/?sectionId=26669 HTTP/1.1" 200 10 "https://www.luffycity.com/" "Mozilla/5.0 (Windows NT 10.0; Win64; x64) AppleWebKit/537.36 (KHTML, like Gecko) Chrome/89.0.4389.90 Safari/537.36" 
112.6.124.183 - - [19/Mar/2021:11:18:46 +0800] "OPTIONS /api/v1/survey/section/26670/?sectionId=26670 HTTP/1.1" 200 0 "https://www.luffycity.com/" "Mozilla/5.0 (Windows NT 10.0; Win64; x64) AppleWebKit/537.36 (KHTML, like Gecko) Chrome/89.0.4389.90 Safari/537.36" 
112.6.124.183 - - [19/Mar/2021:11:18:46 +0800] "OPTIONS /api/v1/comment/?section_id=26670&limit=10&offset=0 HTTP/1.1" 200 0 "https://www.luffycity.com/" "Mozilla/5.0 (Windows NT 10.0; Win64; x64) AppleWebKit/537.36 (KHTML, like Gecko) Chrome/89.0.4389.90 Safari/537.36" 
112.6.124.183 - - [19/Mar/2021:11:18:46 +0800] "GET /api/v1/comment/?section_id=26670&limit=10&offset=0 HTTP/1.1" 200 69 "https://www.luffycity.com/" "Mozilla/5.0 (Windows NT 10.0; Win64; x64) AppleWebKit/537.36 (KHTML, like Gecko) Chrome/89.0.4389.90 Safari/537.36" 
112.6.124.183 - - [19/Mar/2021:11:18:46 +0800] "GET /api/v1/play/26670/?play_id=26670 HTTP/1.1" 200 386 "https://www.luffycity.com/" "Mozilla/5.0 (Windows NT 10.0; Win64; x64) AppleWebKit/537.36 (KHTML, like Gecko) Chrome/89.0.4389.90 Safari/537.36" 
202.205.177.36 - - [19/Mar/2021:11:18:55 +0800] "GET /api/v1/study/degrees/0/mentor/?degree_id=0 HTTP/1.1" 200 137 "https://www.luffycity.com/" "Mozilla/5.0 (Windows NT 10.0; Win64; x64) AppleWebKit/537.36 (KHTML, like Gecko) Chrome/89.0.4389.90 Safari/537.36" 
202.205.177.36 - - [19/Mar/2021:11:18:55 +0800] "GET /api/v1/study/degrees/ HTTP/1.1" 200 525 "https://www.luffycity.com/" "Mozilla/5.0 (Windows NT 10.0; Win64; x64) AppleWebKit/537.36 (KHTML, like Gecko) Chrome/89.0.4389.90 Safari/537.36" 
202.205.177.36 - - [19/Mar/2021:11:18:55 +0800] "GET /api/v1/study/data/?degree_id=19 HTTP/1.1" 200 107 "https://www.luffycity.com/" "Mozilla/5.0 (Windows NT 10.0; Win64; x64) AppleWebKit/537.36 (KHTML, like Gecko) Chrome/89.0.4389.90 Safari/537.36" 
49.234.195.166 - - [19/Mar/2021:11:18:57 +0800] "POST /api/v1/pay/xiaoe/ HTTP/1.1" 200 7 "-" "-" 
202.205.177.36 - - [19/Mar/2021:11:18:59 +0800] "GET /api/v1/study/module/degree/80883/?courseType=degree&id=80883 HTTP/1.1" 200 748 "https://www.luffycity.com/" "Mozilla/5.0 (Windows NT 10.0; Win64; x64) AppleWebKit/537.36 (KHTML, like Gecko) Chrome/89.0.4389.90 Safari/537.36" 
8.210.234.52, 39.97.49.232 - - [19/Mar/2021:11:19:02 +0800] "GET /api/v1/auth/token/ HTTP/1.1" 200 29 "-" "Mozilla/5.0 (Windows NT 10.0; Win64; x64) AppleWebKit/537.36 (KHTML, like Gecko) Chrome/89.0.4389.90 Safari/537.36" 
8.210.234.52, 39.97.49.232 - - [19/Mar/2021:11:19:02 +0800] "GET /api/v1/result/ HTTP/1.1" 200 231 "-" "Mozilla/5.0 (Windows NT 10.0; Win64; x64) AppleWebKit/537.36 (KHTML, like Gecko) Chrome/89.0.4389.90 Safari/537.36" 
8.210.234.52, 39.97.49.232 - - [19/Mar/2021:11:19:02 +0800] "GET /api/v1/index/banner/ HTTP/1.1" 200 382 "-" "Mozilla/5.0 (Windows NT 10.0; Win64; x64) AppleWebKit/537.36 (KHTML, like Gecko) Chrome/89.0.4389.90 Safari/537.36" 
8.210.234.52, 39.97.49.232 - - [19/Mar/2021:11:19:02 +0800] "GET /api/v1/course/home-free/?limit=3 HTTP/1.1" 200 865 "-" "Mozilla/5.0 (Windows NT 10.0; Win64; x64) AppleWebKit/537.36 (KHTML, like Gecko) Chrome/89.0.4389.90 Safari/537.36" 
223.75.234.115 - - [19/Mar/2021:11:19:03 +0800] "OPTIONS /api/v1/comment/?section_id=27164&limit=10&offset=0 HTTP/1.1" 200 0 "https://www.luffycity.com/" "Mozilla/5.0 (Windows NT 10.0; Win64; x64) AppleWebKit/537.36 (KHTML, like Gecko) Chrome/87.0.4280.88 Safari/537.36" 
223.75.234.115 - - [19/Mar/2021:11:19:03 +0800] "OPTIONS /api/v1/play/27164/?play_id=27164 HTTP/1.1" 200 0 "https://www.luffycity.com/" "Mozilla/5.0 (Windows NT 10.0; Win64; x64) AppleWebKit/537.36 (KHTML, like Gecko) Chrome/87.0.4280.88 Safari/537.36" 
223.75.234.115 - - [19/Mar/2021:11:19:04 +0800] "GET /api/v1/play/sections/?section_id=27164 HTTP/1.1" 200 5782 "https://www.luffycity.com/" "Mozilla/5.0 (Windows NT 10.0; Win64; x64) AppleWebKit/537.36 (KHTML, like Gecko) Chrome/87.0.4280.88 Safari/537.36" 
223.75.234.115 - - [19/Mar/2021:11:19:04 +0800] "GET /api/v1/play/27164/?play_id=27164 HTTP/1.1" 200 407 "https://www.luffycity.com/" "Mozilla/5.0 (Windows NT 10.0; Win64; x64) AppleWebKit/537.36 (KHTML, like Gecko) Chrome/87.0.4280.88 Safari/537.36" 
202.205.177.36 - - [19/Mar/2021:11:19:04 +0800] "GET /api/v1/study/module/degree/80883/?courseType=degree&id=80883 HTTP/1.1" 200 748 "https://www.luffycity.com/" "Mozilla/5.0 (Windows NT 10.0; Win64; x64) AppleWebKit/537.36 (KHTML, like Gecko) Chrome/89.0.4389.90 Safari/537.36" 
202.205.177.36 - - [19/Mar/2021:11:19:10 +0800] "OPTIONS /api/v1/survey/section/30729/?sectionId=30729 HTTP/1.1" 200 0 "https://www.luffycity.com/" "Mozilla/5.0 (Windows NT 10.0; Win64; x64) AppleWebKit/537.36 (KHTML, like Gecko) Chrome/89.0.4389.90 Safari/537.36" 
202.205.177.36 - - [19/Mar/2021:11:19:10 +0800] "OPTIONS /api/v1/comment/?section_id=30729&limit=10&offset=0 HTTP/1.1" 200 0 "https://www.luffycity.com/" "Mozilla/5.0 (Windows NT 10.0; Win64; x64) AppleWebKit/537.36 (KHTML, like Gecko) Chrome/89.0.4389.90 Safari/537.36" 
202.205.177.36 - - [19/Mar/2021:11:19:10 +0800] "GET /api/v1/survey/section/30729/?sectionId=30729 HTTP/1.1" 200 10 "https://www.luffycity.com/" "Mozilla/5.0 (Windows NT 10.0; Win64; x64) AppleWebKit/537.36 (KHTML, like Gecko) Chrome/89.0.4389.90 Safari/537.36" 
202.205.177.36 - - [19/Mar/2021:11:19:10 +0800] "GET /api/v1/comment/?section_id=30729&limit=10&offset=0 HTTP/1.1" 200 69 "https://www.luffycity.com/" "Mozilla/5.0 (Windows NT 10.0; Win64; x64) AppleWebKit/537.36 (KHTML, like Gecko) Chrome/89.0.4389.90 Safari/537.36" 
125.65.92.116 - - [19/Mar/2021:11:19:13 +0800] "GET /api/v1/study/degrees/0/mentor/?degree_id=0 HTTP/1.1" 200 137 "https://www.luffycity.com/" "Mozilla/5.0 (Windows NT 10.0; Win64; x64) AppleWebKit/537.36 (KHTML, like Gecko) Chrome/88.0.4324.104 Safari/537.36" 
125.65.92.116 - - [19/Mar/2021:11:19:13 +0800] "GET /api/v1/study/degrees/ HTTP/1.1" 200 146 "https://www.luffycity.com/" "Mozilla/5.0 (Windows NT 10.0; Win64; x64) AppleWebKit/537.36 (KHTML, like Gecko) Chrome/88.0.4324.104 Safari/537.36" 
125.65.92.116 - - [19/Mar/2021:11:19:13 +0800] "GET /api/v1/study/data/?degree_id=1 HTTP/1.1" 200 117 "https://www.luffycity.com/" "Mozilla/5.0 (Windows NT 10.0; Win64; x64) AppleWebKit/537.36 (KHTML, like Gecko) Chrome/88.0.4324.104 Safari/537.36" 
202.205.177.36 - - [19/Mar/2021:11:19:14 +0800] "GET /api/v1/study/degrees/0/mentor/?degree_id=0 HTTP/1.1" 200 137 "https://www.luffycity.com/" "Mozilla/5.0 (Windows NT 10.0; Win64; x64) AppleWebKit/537.36 (KHTML, like Gecko) Chrome/89.0.4389.90 Safari/537.36" 
202.205.177.36 - - [19/Mar/2021:11:19:14 +0800] "GET /api/v1/study/degrees/ HTTP/1.1" 200 525 "https://www.luffycity.com/" "Mozilla/5.0 (Windows NT 10.0; Win64; x64) AppleWebKit/537.36 (KHTML, like Gecko) Chrome/89.0.4389.90 Safari/537.36" 
202.205.177.36 - - [19/Mar/2021:11:19:15 +0800] "GET /api/v1/study/data/?degree_id=19 HTTP/1.1" 200 107 "https://www.luffycity.com/" "Mozilla/5.0 (Windows NT 10.0; Win64; x64) AppleWebKit/537.36 (KHTML, like Gecko) Chrome/89.0.4389.90 Safari/537.36" 
125.65.92.116 - - [19/Mar/2021:11:19:16 +0800] "GET /api/v1/study/module/16/homework/?moduleId=16 HTTP/1.1" 200 599 "https://www.luffycity.com/" "Mozilla/5.0 (Windows NT 10.0; Win64; x64) AppleWebKit/537.36 (KHTML, like Gecko) Chrome/88.0.4324.104 Safari/537.36" 
124.193.149.90 - - [19/Mar/2021:11:19:16 +0800] "OPTIONS /api/v1/comment/?section_id=20895&limit=10&offset=0 HTTP/1.1" 200 0 "https://www.luffycity.com/play/20895" "Mozilla/5.0 (Windows NT 10.0; Win64; x64; rv:86.0) Gecko/20100101 Firefox/86.0" 
124.193.149.90 - - [19/Mar/2021:11:19:16 +0800] "OPTIONS /api/v1/survey/section/20895/?sectionId=20895 HTTP/1.1" 200 0 "https://www.luffycity.com/play/20895" "Mozilla/5.0 (Windows NT 10.0; Win64; x64; rv:86.0) Gecko/20100101 Firefox/86.0" 
124.193.149.90 - - [19/Mar/2021:11:19:16 +0800] "GET /api/v1/survey/section/20895/?sectionId=20895 HTTP/1.1" 200 10 "https://www.luffycity.com/play/20895" "Mozilla/5.0 (Windows NT 10.0; Win64; x64; rv:86.0) Gecko/20100101 Firefox/86.0" 
125.65.92.116 - - [19/Mar/2021:11:19:16 +0800] "GET /api/v1/survey/homework/?surveyType=homework HTTP/1.1" 200 416 "https://www.luffycity.com/" "Mozilla/5.0 (Windows NT 10.0; Win64; x64) AppleWebKit/537.36 (KHTML, like Gecko) Chrome/88.0.4324.104 Safari/537.36" 
124.193.149.90 - - [19/Mar/2021:11:19:16 +0800] "GET /api/v1/play/20895/?play_id=20895 HTTP/1.1" 200 447 "https://www.luffycity.com/play/20895" "Mozilla/5.0 (Windows NT 10.0; Win64; x64; rv:86.0) Gecko/20100101 Firefox/86.0" 
115.160.129.162 - - [19/Mar/2021:11:19:29 +0800] "OPTIONS /api/v1/play/sections/?section_id=28667 HTTP/1.1" 200 0 "https://www.luffycity.com/" "Mozilla/5.0 (Windows NT 10.0; Win64; x64) AppleWebKit/537.36 (KHTML, like Gecko) Chrome/89.0.4389.90 Safari/537.36" 
115.160.129.162 - - [19/Mar/2021:11:19:29 +0800] "OPTIONS /api/v1/survey/section/28667/?sectionId=28667 HTTP/1.1" 200 0 "https://www.luffycity.com/" "Mozilla/5.0 (Windows NT 10.0; Win64; x64) AppleWebKit/537.36 (KHTML, like Gecko) Chrome/89.0.4389.90 Safari/537.36" 
115.160.129.162 - - [19/Mar/2021:11:19:29 +0800] "GET /api/v1/play/sections/?section_id=28667 HTTP/1.1" 200 3458 "https://www.luffycity.com/" "Mozilla/5.0 (Windows NT 10.0; Win64; x64) AppleWebKit/537.36 (KHTML, like Gecko) Chrome/89.0.4389.90 Safari/537.36" 
115.160.129.162 - - [19/Mar/2021:11:19:29 +0800] "GET /api/v1/comment/?section_id=28667&limit=10&offset=0 HTTP/1.1" 200 1362 "https://www.luffycity.com/" "Mozilla/5.0 (Windows NT 10.0; Win64; x64) AppleWebKit/537.36 (KHTML, like Gecko) Chrome/89.0.4389.90 Safari/537.36" 
202.205.177.36 - - [19/Mar/2021:11:19:29 +0800] "OPTIONS /api/v1/study/module/degree/80484/?courseType=degree&id=80484 HTTP/1.1" 200 0 "https://www.luffycity.com/" "Mozilla/5.0 (Windows NT 10.0; Win64; x64) AppleWebKit/537.36 (KHTML, like Gecko) Chrome/89.0.4389.90 Safari/537.36" 
202.205.177.36 - - [19/Mar/2021:11:19:35 +0800] "OPTIONS /api/v1/play/sections/?section_id=30682 HTTP/1.1" 200 0 "https://www.luffycity.com/" "Mozilla/5.0 (Windows NT 10.0; Win64; x64) AppleWebKit/537.36 (KHTML, like Gecko) Chrome/89.0.4389.90 Safari/537.36" 
202.205.177.36 - - [19/Mar/2021:11:19:35 +0800] "OPTIONS /api/v1/play/30682/?play_id=30682 HTTP/1.1" 200 0 "https://www.luffycity.com/" "Mozilla/5.0 (Windows NT 10.0; Win64; x64) AppleWebKit/537.36 (KHTML, like Gecko) Chrome/89.0.4389.90 Safari/537.36" 
202.205.177.36 - - [19/Mar/2021:11:19:35 +0800] "GET /api/v1/play/sections/?section_id=30682 HTTP/1.1" 200 823 "https://www.luffycity.com/" "Mozilla/5.0 (Windows NT 10.0; Win64; x64) AppleWebKit/537.36 (KHTML, like Gecko) Chrome/89.0.4389.90 Safari/537.36" 
202.205.177.36 - - [19/Mar/2021:11:19:35 +0800] "GET /api/v1/play/30682/?play_id=30682 HTTP/1.1" 200 425 "https://www.luffycity.com/" "Mozilla/5.0 (Windows NT 10.0; Win64; x64) AppleWebKit/537.36 (KHTML, like Gecko) Chrome/89.0.4389.90 Safari/537.36" 
202.205.177.36 - - [19/Mar/2021:11:19:40 +0800] "GET /api/v1/study/module/degree/80484/?courseType=degree&id=80484 HTTP/1.1" 200 822 "https://www.luffycity.com/" "Mozilla/5.0 (Windows NT 10.0; Win64; x64) AppleWebKit/537.36 (KHTML, like Gecko) Chrome/89.0.4389.90 Safari/537.36" 
202.205.177.36 - - [19/Mar/2021:11:19:42 +0800] "GET /api/v1/study/degrees/19/mentor/?degree_id=19 HTTP/1.1" 200 212 "https://www.luffycity.com/" "Mozilla/5.0 (Windows NT 10.0; Win64; x64) AppleWebKit/537.36 (KHTML, like Gecko) Chrome/89.0.4389.90 Safari/537.36" 
202.205.177.36 - - [19/Mar/2021:11:19:43 +0800] "GET /api/v1/study/degrees/19/?degree_id=19 HTTP/1.1" 200 1301 "https://www.luffycity.com/" "Mozilla/5.0 (Windows NT 10.0; Win64; x64) AppleWebKit/537.36 (KHTML, like Gecko) Chrome/89.0.4389.90 Safari/537.36" 
202.205.177.36 - - [19/Mar/2021:11:19:43 +0800] "GET /api/v1/study/data/ HTTP/1.1" 200 111 "https://www.luffycity.com/" "Mozilla/5.0 (Windows NT 10.0; Win64; x64) AppleWebKit/537.36 (KHTML, like Gecko) Chrome/89.0.4389.90 Safari/537.36" 
221.218.209.152 - - [19/Mar/2021:11:19:46 +0800] "GET /api/v1/study/data/ HTTP/1.1" 200 103 "https://www.luffycity.com/" "Mozilla/5.0 (Windows NT 6.1; Win64; x64) AppleWebKit/537.36 (KHTML, like Gecko) Chrome/89.0.4389.90 Safari/537.36" 
221.218.209.152 - - [19/Mar/2021:11:19:46 +0800] "GET /api/v1/study/module/actual/46046/?courseType=actual&id=46046 HTTP/1.1" 200 3139 "https://www.luffycity.com/" "Mozilla/5.0 (Windows NT 6.1; Win64; x64) AppleWebKit/537.36 (KHTML, like Gecko) Chrome/89.0.4389.90 Safari/537.36" 
153.37.186.27, 39.97.49.232 - - [19/Mar/2021:11:19:47 +0800] "GET /api/v1/auth/token/ HTTP/1.1" 200 29 "-" "Mozilla/5.0 (Windows NT 6.1; WOW64) AppleWebKit/537.36 (KHTML, like Gecko) Chrome/72.0.3626.81 Safari/537.36 SE 2.X MetaSr 1.0" 
153.37.186.27, 39.97.49.232 - - [19/Mar/2021:11:19:47 +0800] "GET /api/v1/course/actual/?limit=3 HTTP/1.1" 200 2342 "-" "Mozilla/5.0 (Windows NT 6.1; WOW64) AppleWebKit/537.36 (KHTML, like Gecko) Chrome/72.0.3626.81 Safari/537.36 SE 2.X MetaSr 1.0" 
221.218.209.152 - - [19/Mar/2021:11:19:48 +0800] "GET /api/v1/study/module/actual/36929/?courseType=actual&id=36929 HTTP/1.1" 200 788 "https://www.luffycity.com/" "Mozilla/5.0 (Windows NT 6.1; Win64; x64) AppleWebKit/537.36 (KHTML, like Gecko) Chrome/89.0.4389.90 Safari/537.36" 
153.37.186.27 - - [19/Mar/2021:11:19:49 +0800] "OPTIONS /api/v1/result/enroll/?resultType=enroll&limit=2 HTTP/1.1" 200 0 "https://www.luffycity.com/" "Mozilla/5.0 (Windows NT 6.1; WOW64) AppleWebKit/537.36 (KHTML, like Gecko) Chrome/72.0.3626.81 Safari/537.36 SE 2.X MetaSr 1.0" 
202.205.177.36 - - [19/Mar/2021:11:19:49 +0800] "GET /api/v1/study/module/degree/81333/?courseType=degree&id=81333 HTTP/1.1" 200 543 "https://www.luffycity.com/" "Mozilla/5.0 (Windows NT 10.0; Win64; x64) AppleWebKit/537.36 (KHTML, like Gecko) Chrome/89.0.4389.90 Safari/537.36" 
221.218.209.152 - - [19/Mar/2021:11:19:51 +0800] "OPTIONS /api/v1/comment/?section_id=19522&limit=10&offset=0 HTTP/1.1" 200 0 "https://www.luffycity.com/" "Mozilla/5.0 (Windows NT 6.1; Win64; x64) AppleWebKit/537.36 (KHTML, like Gecko) Chrome/89.0.4389.90 Safari/537.36" 
221.218.209.152 - - [19/Mar/2021:11:19:51 +0800] "OPTIONS /api/v1/survey/section/19522/?sectionId=19522 HTTP/1.1" 200 0 "https://www.luffycity.com/" "Mozilla/5.0 (Windows NT 6.1; Win64; x64) AppleWebKit/537.36 (KHTML, like Gecko) Chrome/89.0.4389.90 Safari/537.36" 
221.218.209.152 - - [19/Mar/2021:11:19:51 +0800] "GET /api/v1/comment/?section_id=19522&limit=10&offset=0 HTTP/1.1" 200 69 "https://www.luffycity.com/" "Mozilla/5.0 (Windows NT 6.1; Win64; x64) AppleWebKit/537.36 (KHTML, like Gecko) Chrome/89.0.4389.90 Safari/537.36" 
221.218.209.152 - - [19/Mar/2021:11:19:51 +0800] "GET /api/v1/play/19522/?play_id=19522 HTTP/1.1" 200 1955 "https://www.luffycity.com/" "Mozilla/5.0 (Windows NT 6.1; Win64; x64) AppleWebKit/537.36 (KHTML, like Gecko) Chrome/89.0.4389.90 Safari/537.36" 
202.205.177.36 - - [19/Mar/2021:11:19:55 +0800] "OPTIONS /api/v1/comment/?section_id=30751&limit=10&offset=0 HTTP/1.1" 200 0 "https://www.luffycity.com/" "Mozilla/5.0 (Windows NT 10.0; Win64; x64) AppleWebKit/537.36 (KHTML, like Gecko) Chrome/89.0.4389.90 Safari/537.36" 
202.205.177.36 - - [19/Mar/2021:11:19:55 +0800] "OPTIONS /api/v1/survey/section/30751/?sectionId=30751 HTTP/1.1" 200 0 "https://www.luffycity.com/" "Mozilla/5.0 (Windows NT 10.0; Win64; x64) AppleWebKit/537.36 (KHTML, like Gecko) Chrome/89.0.4389.90 Safari/537.36" 
202.205.177.36 - - [19/Mar/2021:11:19:55 +0800] "GET /api/v1/survey/section/30751/?sectionId=30751 HTTP/1.1" 200 10 "https://www.luffycity.com/" "Mozilla/5.0 (Windows NT 10.0; Win64; x64) AppleWebKit/537.36 (KHTML, like Gecko) Chrome/89.0.4389.90 Safari/537.36" 
202.205.177.36 - - [19/Mar/2021:11:19:55 +0800] "GET /api/v1/play/sections/?section_id=30751 HTTP/1.1" 200 546 "https://www.luffycity.com/" "Mozilla/5.0 (Windows NT 10.0; Win64; x64) AppleWebKit/537.36 (KHTML, like Gecko) Chrome/89.0.4389.90 Safari/537.36" 
168.138.206.129, 39.97.49.232 - - [19/Mar/2021:11:20:01 +0800] "GET /api/v1/auth/token/ HTTP/1.1" 200 29 "https://book.apeland.cn/" "Mozilla/5.0 (Windows NT 10.0; Win64; x64) AppleWebKit/537.36 (KHTML, like Gecko) Chrome/89.0.4389.82 Safari/537.36" 
168.138.206.129, 39.97.49.232 - - [19/Mar/2021:11:20:01 +0800] "GET /api/v1/index/banner/ HTTP/1.1" 200 382 "https://book.apeland.cn/" "Mozilla/5.0 (Windows NT 10.0; Win64; x64) AppleWebKit/537.36 (KHTML, like Gecko) Chrome/89.0.4389.82 Safari/537.36" 
168.138.206.129, 39.97.49.232 - - [19/Mar/2021:11:20:01 +0800] "GET /api/v1/course/actual/?limit=3 HTTP/1.1" 200 2342 "https://book.apeland.cn/" "Mozilla/5.0 (Windows NT 10.0; Win64; x64) AppleWebKit/537.36 (KHTML, like Gecko) Chrome/89.0.4389.82 Safari/537.36" 
168.138.206.129 - - [19/Mar/2021:11:20:03 +0800] "OPTIONS /api/v1/result/enroll/?resultType=enroll&limit=2 HTTP/1.1" 200 0 "https://www.luffycity.com/" "Mozilla/5.0 (Windows NT 10.0; Win64; x64) AppleWebKit/537.36 (KHTML, like Gecko) Chrome/89.0.4389.82 Safari/537.36" 
183.167.197.85 - - [19/Mar/2021:11:20:06 +0800] "OPTIONS /api/v1/play/sections/?section_id=12777 HTTP/1.1" 200 0 "https://www.luffycity.com/" "Mozilla/5.0 (Windows NT 10.0; Win64; x64) AppleWebKit/537.36 (KHTML, like Gecko) Chrome/89.0.4389.90 Safari/537.36" 
183.167.197.85 - - [19/Mar/2021:11:20:06 +0800] "OPTIONS /api/v1/survey/section/12777/?sectionId=12777 HTTP/1.1" 200 0 "https://www.luffycity.com/" "Mozilla/5.0 (Windows NT 10.0; Win64; x64) AppleWebKit/537.36 (KHTML, like Gecko) Chrome/89.0.4389.90 Safari/537.36" 
183.167.197.85 - - [19/Mar/2021:11:20:06 +0800] "GET /api/v1/survey/section/12777/?sectionId=12777 HTTP/1.1" 200 32 "https://www.luffycity.com/" "Mozilla/5.0 (Windows NT 10.0; Win64; x64) AppleWebKit/537.36 (KHTML, like Gecko) Chrome/89.0.4389.90 Safari/537.36" 
183.167.197.85 - - [19/Mar/2021:11:20:06 +0800] "GET /api/v1/comment/?section_id=12777&limit=10&offset=0 HTTP/1.1" 200 69 "https://www.luffycity.com/" "Mozilla/5.0 (Windows NT 10.0; Win64; x64) AppleWebKit/537.36 (KHTML, like Gecko) Chrome/89.0.4389.90 Safari/537.36" 
202.205.177.36 - - [19/Mar/2021:11:20:11 +0800] "GET /api/v1/study/degrees/0/mentor/?degree_id=0 HTTP/1.1" 200 137 "https://www.luffycity.com/" "Mozilla/5.0 (Windows NT 10.0; Win64; x64) AppleWebKit/537.36 (KHTML, like Gecko) Chrome/89.0.4389.90 Safari/537.36" 
202.205.177.36 - - [19/Mar/2021:11:20:11 +0800] "GET /api/v1/study/degrees/ HTTP/1.1" 200 525 "https://www.luffycity.com/" "Mozilla/5.0 (Windows NT 10.0; Win64; x64) AppleWebKit/537.36 (KHTML, like Gecko) Chrome/89.0.4389.90 Safari/537.36" 
202.205.177.36 - - [19/Mar/2021:11:20:11 +0800] "GET /api/v1/study/data/?degree_id=19 HTTP/1.1" 200 107 "https://www.luffycity.com/" "Mozilla/5.0 (Windows NT 10.0; Win64; x64) AppleWebKit/537.36 (KHTML, like Gecko) Chrome/89.0.4389.90 Safari/537.36" 
111.202.101.82, 39.97.49.232 - - [19/Mar/2021:11:20:12 +0800] "GET /api/v1/auth/token/ HTTP/1.1" 200 29 "-" "Sogou web spider/4.0(+http://www.sogou.com/docs/help/webmasters.htm#07)" 
111.202.101.82, 39.97.49.232 - - [19/Mar/2021:11:20:12 +0800] "GET /api/v1/course/category/free/?courseType=free HTTP/1.1" 200 174 "-" "Sogou web spider/4.0(+http://www.sogou.com/docs/help/webmasters.htm#07)" 
111.202.101.82, 39.97.49.232 - - [19/Mar/2021:11:20:13 +0800] "GET /api/v1/course/free/ HTTP/1.1" 200 1897 "-" "Sogou web spider/4.0(+http://www.sogou.com/docs/help/webmasters.htm#07)" 
202.205.177.36 - - [19/Mar/2021:11:20:20 +0800] "OPTIONS /api/v1/play/sections/?section_id=30743 HTTP/1.1" 200 0 "https://www.luffycity.com/" "Mozilla/5.0 (Windows NT 10.0; Win64; x64) AppleWebKit/537.36 (KHTML, like Gecko) Chrome/89.0.4389.90 Safari/537.36" 
202.205.177.36 - - [19/Mar/2021:11:20:20 +0800] "OPTIONS /api/v1/play/30743/?play_id=30743 HTTP/1.1" 200 0 "https://www.luffycity.com/" "Mozilla/5.0 (Windows NT 10.0; Win64; x64) AppleWebKit/537.36 (KHTML, like Gecko) Chrome/89.0.4389.90 Safari/537.36" 
202.205.177.36 - - [19/Mar/2021:11:20:20 +0800] "GET /api/v1/comment/?section_id=30743&limit=10&offset=0 HTTP/1.1" 200 69 "https://www.luffycity.com/" "Mozilla/5.0 (Windows NT 10.0; Win64; x64) AppleWebKit/537.36 (KHTML, like Gecko) Chrome/89.0.4389.90 Safari/537.36" 
202.205.177.36 - - [19/Mar/2021:11:20:20 +0800] "GET /api/v1/play/sections/?section_id=30743 HTTP/1.1" 200 753 "https://www.luffycity.com/" "Mozilla/5.0 (Windows NT 10.0; Win64; x64) AppleWebKit/537.36 (KHTML, like Gecko) Chrome/89.0.4389.90 Safari/537.36" 
112.32.133.31 - - [19/Mar/2021:11:20:29 +0800] "OPTIONS /api/v1/survey/section/14417/?sectionId=14417 HTTP/1.1" 200 0 "https://www.luffycity.com/" "Mozilla/5.0 (Windows NT 10.0; Win64; x64) AppleWebKit/537.36 (KHTML, like Gecko) Chrome/91.0.4442.4 Safari/537.36" 
112.32.133.31 - - [19/Mar/2021:11:20:29 +0800] "OPTIONS /api/v1/play/sections/?section_id=14417 HTTP/1.1" 200 0 "https://www.luffycity.com/" "Mozilla/5.0 (Windows NT 10.0; Win64; x64) AppleWebKit/537.36 (KHTML, like Gecko) Chrome/91.0.4442.4 Safari/537.36" 
112.32.133.31 - - [19/Mar/2021:11:20:29 +0800] "GET /api/v1/play/sections/?section_id=14417 HTTP/1.1" 200 3124 "https://www.luffycity.com/" "Mozilla/5.0 (Windows NT 10.0; Win64; x64) AppleWebKit/537.36 (KHTML, like Gecko) Chrome/91.0.4442.4 Safari/537.36" 
112.32.133.31 - - [19/Mar/2021:11:20:29 +0800] "GET /api/v1/play/14417/?play_id=14417 HTTP/1.1" 200 385 "https://www.luffycity.com/" "Mozilla/5.0 (Windows NT 10.0; Win64; x64) AppleWebKit/537.36 (KHTML, like Gecko) Chrome/91.0.4442.4 Safari/537.36" 
47.95.112.89 - - [19/Mar/2021:11:20:38 +0800] "GET /api/v1/result/speech/?resultType=speech&limit=10&offset=NaN HTTP/1.1" 200 11795 "https://www.luffycity.com/" "Mozilla/5.0 (Windows NT 6.1; Win64; x64) AppleWebKit/537.36 (KHTML, like Gecko) Chrome/89.0.4389.90 Safari/537.36" 
112.111.22.85, 39.97.49.232 - - [19/Mar/2021:11:20:42 +0800] "GET /api/v1/auth/token/ HTTP/1.1" 200 29 "http://c.biancheng.net/view/4497.html" "Mozilla/5.0 (Windows NT 10.0; WOW64) AppleWebKit/537.36 (KHTML, like Gecko) Chrome/86.0.4240.198 Safari/537.36" 
221.217.180.174 - - [19/Mar/2021:11:20:44 +0800] "GET /api/v1/result/enroll/?resultType=enroll&limit=2 HTTP/1.1" 200 722 "https://www.luffycity.com/" "Mozilla/5.0 (Macintosh; Intel Mac OS X 10_14_5) AppleWebKit/605.1.15 (KHTML, like Gecko) Version/12.1.1 Safari/605.1.15" 
221.217.180.174, 39.97.49.232 - - [19/Mar/2021:11:20:44 +0800] "GET /api/v1/index/banner/ HTTP/1.1" 200 382 "-" "Mozilla/5.0 (Macintosh; Intel Mac OS X 10_14_5) AppleWebKit/605.1.15 (KHTML, like Gecko) Version/12.1.1 Safari/605.1.15" 
221.217.180.174, 39.97.49.232 - - [19/Mar/2021:11:20:44 +0800] "GET /api/v1/course/actual/?limit=3 HTTP/1.1" 200 2342 "-" "Mozilla/5.0 (Macintosh; Intel Mac OS X 10_14_5) AppleWebKit/605.1.15 (KHTML, like Gecko) Version/12.1.1 Safari/605.1.15" 
221.217.180.174, 39.97.49.232 - - [19/Mar/2021:11:20:44 +0800] "GET /api/v1/course/degree/ HTTP/1.1" 200 951 "-" "Mozilla/5.0 (Macintosh; Intel Mac OS X 10_14_5) AppleWebKit/605.1.15 (KHTML, like Gecko) Version/12.1.1 Safari/605.1.15" 
221.217.180.174, 39.97.49.232 - - [19/Mar/2021:11:20:44 +0800] "GET /api/v1/course/home-free/?limit=3 HTTP/1.1" 200 865 "-" "Mozilla/5.0 (Macintosh; Intel Mac OS X 10_14_5) AppleWebKit/605.1.15 (KHTML, like Gecko) Version/12.1.1 Safari/605.1.15" 
61.178.38.150, 39.97.49.232 - - [19/Mar/2021:11:20:45 +0800] "GET /api/v1/course/home-free/?limit=3 HTTP/1.1" 200 865 "-" "Mozilla/5.0 (Windows NT 10.0; WOW64) AppleWebKit/537.36 (KHTML, like Gecko) Chrome/78.0.3904.108 Safari/537.36" 
61.178.38.150 - - [19/Mar/2021:11:20:48 +0800] "OPTIONS /api/v1/result/enroll/?resultType=enroll&limit=2 HTTP/1.1" 200 0 "https://www.luffycity.com/" "Mozilla/5.0 (Windows NT 10.0; WOW64) AppleWebKit/537.36 (KHTML, like Gecko) Chrome/78.0.3904.108 Safari/537.36" 
59.67.0.188, 39.97.49.232 - - [19/Mar/2021:11:20:51 +0800] "GET /api/v1/auth/token/ HTTP/1.1" 200 29 "http://47.96.237.42/" "Mozilla/5.0 (Windows NT 10.0; Win64; x64) AppleWebKit/537.36 (KHTML, like Gecko) Chrome/89.0.4389.90 Safari/537.36" 
59.67.0.188, 39.97.49.232 - - [19/Mar/2021:11:20:51 +0800] "GET /api/v1/course/free/39/?courseType=free&id=39 HTTP/1.1" 200 1939 "http://47.96.237.42/" "Mozilla/5.0 (Windows NT 10.0; Win64; x64) AppleWebKit/537.36 (KHTML, like Gecko) Chrome/89.0.4389.90 Safari/537.36" 
59.67.0.188 - - [19/Mar/2021:11:20:51 +0800] "GET /api/v1/course/free/39/sections/?courseType=free&id=39 HTTP/1.1" 200 575 "https://www.luffycity.com/" "Mozilla/5.0 (Windows NT 10.0; Win64; x64) AppleWebKit/537.36 (KHTML, like Gecko) Chrome/89.0.4389.90 Safari/537.36" 
168.138.206.129, 39.97.49.232 - - [19/Mar/2021:11:21:01 +0800] "GET /api/v1/auth/token/ HTTP/1.1" 200 29 "https://www.luffycity.com/" "Mozilla/5.0 (Windows NT 10.0; Win64; x64) AppleWebKit/537.36 (KHTML, like Gecko) Chrome/89.0.4389.82 Safari/537.36" 
168.138.206.129, 39.97.49.232 - - [19/Mar/2021:11:21:01 +0800] "GET /api/v1/result/ HTTP/1.1" 200 231 "https://www.luffycity.com/" "Mozilla/5.0 (Windows NT 10.0; Win64; x64) AppleWebKit/537.36 (KHTML, like Gecko) Chrome/89.0.4389.82 Safari/537.36" 
168.138.206.129 - - [19/Mar/2021:11:21:01 +0800] "GET /api/v1/course/free/124/sections/?courseType=free&id=124 HTTP/1.1" 200 3097 "https://www.luffycity.com/" "Mozilla/5.0 (Windows NT 10.0; Win64; x64) AppleWebKit/537.36 (KHTML, like Gecko) Chrome/89.0.4389.82 Safari/537.36" 
61.178.38.150, 39.97.49.232 - - [19/Mar/2021:11:21:03 +0800] "GET /api/v1/result/ HTTP/1.1" 200 231 "https://www.luffycity.com/" "Mozilla/5.0 (Windows NT 10.0; WOW64) AppleWebKit/537.36 (KHTML, like Gecko) Chrome/78.0.3904.108 Safari/537.36" 
203.208.60.59 - - [19/Mar/2021:11:21:17 +0800] "GET /api/v1/index/banner/ HTTP/1.1" 200 20 "https://47.95.64.113/" "Mozilla/5.0 (Linux; Android 6.0.1; Nexus 5X Build/MMB29P) AppleWebKit/537.36 (KHTML, like Gecko) Chrome/89.0.4389.93 Mobile Safari/537.36 (compatible; Googlebot/2.1; +http://www.google.com/bot.html)" 
106.57.252.120 - - [19/Mar/2021:11:21:20 +0800] "OPTIONS /api/v1/activity/survey/?course_id=252 HTTP/1.1" 200 0 "-" "Mozilla/5.0 (Windows NT 6.1; WOW64; Trident/7.0; rv:11.0) like Gecko" 
113.68.108.14, 39.97.49.232 - - [19/Mar/2021:11:21:21 +0800] "GET /api/v1/auth/token/ HTTP/1.1" 200 29 "https://www.baidu.com/link?url=lAIrXwrRZ0SMRA9X2J8_YJmXpb3Z7NY3nzIO-hnwxeyWtSX8HISZ2dFP6fjCqYHH&wd=&eqid=ea84287a0000d9a300000006605418a2" "Mozilla/5.0 (Windows NT 6.1; Win64; x64) AppleWebKit/537.36 (KHTML, like Gecko) Chrome/88.0.4324.190 Safari/537.36" 
113.68.108.14, 39.97.49.232 - - [19/Mar/2021:11:21:21 +0800] "GET /api/v1/result/ HTTP/1.1" 200 231 "https://www.baidu.com/link?url=lAIrXwrRZ0SMRA9X2J8_YJmXpb3Z7NY3nzIO-hnwxeyWtSX8HISZ2dFP6fjCqYHH&wd=&eqid=ea84287a0000d9a300000006605418a2" "Mozilla/5.0 (Windows NT 6.1; Win64; x64) AppleWebKit/537.36 (KHTML, like Gecko) Chrome/88.0.4324.190 Safari/537.36" 
113.68.108.14, 39.97.49.232 - - [19/Mar/2021:11:21:21 +0800] "GET /api/v1/course/degree/ HTTP/1.1" 200 951 "https://www.baidu.com/link?url=lAIrXwrRZ0SMRA9X2J8_YJmXpb3Z7NY3nzIO-hnwxeyWtSX8HISZ2dFP6fjCqYHH&wd=&eqid=ea84287a0000d9a300000006605418a2" "Mozilla/5.0 (Windows NT 6.1; Win64; x64) AppleWebKit/537.36 (KHTML, like Gecko) Chrome/88.0.4324.190 Safari/537.36" 
113.68.108.14, 39.97.49.232 - - [19/Mar/2021:11:21:21 +0800] "GET /api/v1/course/home-free/?limit=3 HTTP/1.1" 200 865 "https://www.baidu.com/link?url=lAIrXwrRZ0SMRA9X2J8_YJmXpb3Z7NY3nzIO-hnwxeyWtSX8HISZ2dFP6fjCqYHH&wd=&eqid=ea84287a0000d9a300000006605418a2" "Mozilla/5.0 (Windows NT 6.1; Win64; x64) AppleWebKit/537.36 (KHTML, like Gecko) Chrome/88.0.4324.190 Safari/537.36" 
202.205.177.36, 39.97.49.232 - - [19/Mar/2021:11:21:22 +0800] "GET /api/v1/index/banner/ HTTP/1.1" 200 382 "https://www.luffycity.com/play/19532" "Mozilla/5.0 (Windows NT 10.0; Win64; x64) AppleWebKit/537.36 (KHTML, like Gecko) Chrome/89.0.4389.90 Safari/537.36" 
202.205.177.36, 39.97.49.232 - - [19/Mar/2021:11:21:22 +0800] "GET /api/v1/course/degree/ HTTP/1.1" 200 951 "https://www.luffycity.com/play/19532" "Mozilla/5.0 (Windows NT 10.0; Win64; x64) AppleWebKit/537.36 (KHTML, like Gecko) Chrome/89.0.4389.90 Safari/537.36" 
113.68.108.14 - - [19/Mar/2021:11:21:22 +0800] "GET /api/v1/result/enroll/?resultType=enroll&limit=2 HTTP/1.1" 200 722 "https://www.luffycity.com/" "Mozilla/5.0 (Windows NT 6.1; Win64; x64) AppleWebKit/537.36 (KHTML, like Gecko) Chrome/88.0.4324.190 Safari/537.36" 
113.68.108.14 - - [19/Mar/2021:11:21:23 +0800] "GET /api/v1/auth/wechat/ HTTP/1.1" 200 232 "https://www.luffycity.com/" "Mozilla/5.0 (Windows NT 6.1; Win64; x64) AppleWebKit/537.36 (KHTML, like Gecko) Chrome/88.0.4324.190 Safari/537.36" 
168.138.206.129, 39.97.49.232 - - [19/Mar/2021:11:21:24 +0800] "GET /api/v1/auth/token/ HTTP/1.1" 200 29 "https://www.luffycity.com/free-course/124/detail" "Mozilla/5.0 (Windows NT 10.0; Win64; x64) AppleWebKit/537.36 (KHTML, like Gecko) Chrome/89.0.4389.82 Safari/537.36" 
171.88.45.96 - - [19/Mar/2021:11:21:26 +0800] "OPTIONS /api/v1/play/sections/?section_id=14430 HTTP/1.1" 200 0 "https://www.luffycity.com/" "Mozilla/5.0 (Windows NT 10.0; Win64; x64) AppleWebKit/537.36 (KHTML, like Gecko) Chrome/89.0.4389.90 Safari/537.36 Edg/89.0.774.54" 
171.88.45.96 - - [19/Mar/2021:11:21:26 +0800] "OPTIONS /api/v1/survey/section/14430/?sectionId=14430 HTTP/1.1" 200 0 "https://www.luffycity.com/" "Mozilla/5.0 (Windows NT 10.0; Win64; x64) AppleWebKit/537.36 (KHTML, like Gecko) Chrome/89.0.4389.90 Safari/537.36 Edg/89.0.774.54" 
171.88.45.96 - - [19/Mar/2021:11:21:26 +0800] "GET /api/v1/survey/section/14430/?sectionId=14430 HTTP/1.1" 200 10 "https://www.luffycity.com/" "Mozilla/5.0 (Windows NT 10.0; Win64; x64) AppleWebKit/537.36 (KHTML, like Gecko) Chrome/89.0.4389.90 Safari/537.36 Edg/89.0.774.54" 
171.88.45.96 - - [19/Mar/2021:11:21:26 +0800] "GET /api/v1/play/14430/?play_id=14430 HTTP/1.1" 200 404 "https://www.luffycity.com/" "Mozilla/5.0 (Windows NT 10.0; Win64; x64) AppleWebKit/537.36 (KHTML, like Gecko) Chrome/89.0.4389.90 Safari/537.36 Edg/89.0.774.54" 
203.208.60.61, 39.97.49.232 - - [19/Mar/2021:11:21:28 +0800] "GET /api/v1/index/banner/ HTTP/1.1" 200 382 "-" "Mozilla/5.0 (compatible; Googlebot/2.1; +http://www.google.com/bot.html)" 
203.208.60.61, 39.97.49.232 - - [19/Mar/2021:11:21:28 +0800] "GET /api/v1/course/home-free/?limit=3 HTTP/1.1" 200 865 "-" "Mozilla/5.0 (compatible; Googlebot/2.1; +http://www.google.com/bot.html)" 
61.178.38.150, 39.97.49.232 - - [19/Mar/2021:11:21:30 +0800] "GET /api/v1/auth/token/ HTTP/1.1" 200 29 "https://www.luffycity.com/employment-course/2/detail" "Mozilla/5.0 (Windows NT 10.0; WOW64) AppleWebKit/537.36 (KHTML, like Gecko) Chrome/78.0.3904.108 Safari/537.36" 
61.178.38.150, 39.97.49.232 - - [19/Mar/2021:11:21:30 +0800] "GET /api/v1/course/category/actual/?courseType=actual HTTP/1.1" 200 252 "https://www.luffycity.com/employment-course/2/detail" "Mozilla/5.0 (Windows NT 10.0; WOW64) AppleWebKit/537.36 (KHTML, like Gecko) Chrome/78.0.3904.108 Safari/537.36" 
61.178.38.150, 39.97.49.232 - - [19/Mar/2021:11:21:30 +0800] "GET /api/v1/course/actual/ HTTP/1.1" 200 25980 "https://www.luffycity.com/employment-course/2/detail" "Mozilla/5.0 (Windows NT 10.0; WOW64) AppleWebKit/537.36 (KHTML, like Gecko) Chrome/78.0.3904.108 Safari/537.36" 
113.68.108.14 - - [19/Mar/2021:11:21:32 +0800] "OPTIONS /api/v1/auth/password/login/?loginWay=password HTTP/1.1" 200 0 "https://www.luffycity.com/" "Mozilla/5.0 (Windows NT 6.1; Win64; x64) AppleWebKit/537.36 (KHTML, like Gecko) Chrome/88.0.4324.190 Safari/537.36" 
113.68.108.14 - - [19/Mar/2021:11:21:33 +0800] "OPTIONS /api/v1/auth/token/ HTTP/1.1" 200 0 "https://www.luffycity.com/" "Mozilla/5.0 (Windows NT 6.1; Win64; x64) AppleWebKit/537.36 (KHTML, like Gecko) Chrome/88.0.4324.190 Safari/537.36" 
61.178.38.150 - - [19/Mar/2021:11:21:36 +0800] "OPTIONS /api/v1/course/category/actual/?courseType=actual HTTP/1.1" 200 0 "https://www.luffycity.com/actual-course" "Mozilla/5.0 (Windows NT 10.0; WOW64) AppleWebKit/537.36 (KHTML, like Gecko) Chrome/78.0.3904.108 Safari/537.36" 
61.178.38.150 - - [19/Mar/2021:11:21:36 +0800] "OPTIONS /api/v1/course/actual/?category_id=11 HTTP/1.1" 200 0 "https://www.luffycity.com/actual-course" "Mozilla/5.0 (Windows NT 10.0; WOW64) AppleWebKit/537.36 (KHTML, like Gecko) Chrome/78.0.3904.108 Safari/537.36" 
113.68.108.14 - - [19/Mar/2021:11:21:37 +0800] "OPTIONS /api/v1/study/degrees/ HTTP/1.1" 200 0 "https://www.luffycity.com/" "Mozilla/5.0 (Windows NT 6.1; Win64; x64) AppleWebKit/537.36 (KHTML, like Gecko) Chrome/88.0.4324.190 Safari/537.36" 
113.68.108.14 - - [19/Mar/2021:11:21:37 +0800] "OPTIONS /api/v1/study/degrees/0/mentor/?degree_id=0 HTTP/1.1" 200 0 "https://www.luffycity.com/" "Mozilla/5.0 (Windows NT 6.1; Win64; x64) AppleWebKit/537.36 (KHTML, like Gecko) Chrome/88.0.4324.190 Safari/537.36" 
113.68.108.14 - - [19/Mar/2021:11:21:38 +0800] "GET /api/v1/study/degrees/ HTTP/1.1" 200 273 "https://www.luffycity.com/" "Mozilla/5.0 (Windows NT 6.1; Win64; x64) AppleWebKit/537.36 (KHTML, like Gecko) Chrome/88.0.4324.190 Safari/537.36" 
113.68.108.14 - - [19/Mar/2021:11:21:38 +0800] "OPTIONS /api/v1/study/degrees/18/?degree_id=18 HTTP/1.1" 200 0 "https://www.luffycity.com/" "Mozilla/5.0 (Windows NT 6.1; Win64; x64) AppleWebKit/537.36 (KHTML, like Gecko) Chrome/88.0.4324.190 Safari/537.36" 
113.68.108.14 - - [19/Mar/2021:11:21:38 +0800] "OPTIONS /api/v1/study/degrees/18/mentor/?degree_id=18 HTTP/1.1" 200 0 "https://www.luffycity.com/" "Mozilla/5.0 (Windows NT 6.1; Win64; x64) AppleWebKit/537.36 (KHTML, like Gecko) Chrome/88.0.4324.190 Safari/537.36" 
113.68.108.14 - - [19/Mar/2021:11:21:38 +0800] "GET /api/v1/study/data/?degree_id=18 HTTP/1.1" 200 106 "https://www.luffycity.com/" "Mozilla/5.0 (Windows NT 6.1; Win64; x64) AppleWebKit/537.36 (KHTML, like Gecko) Chrome/88.0.4324.190 Safari/537.36" 
120.204.78.86, 39.97.49.232 - - [19/Mar/2021:11:21:38 +0800] "GET /api/v1/result/ HTTP/1.1" 200 231 "https://www.luffycity.com/actual-course?category_id=2" "Mozilla/5.0 (Windows NT 10.0; WOW64) AppleWebKit/537.36 (KHTML, like Gecko) Chrome/70.0.3538.110 Safari/537.36" 
120.204.78.86, 39.97.49.232 - - [19/Mar/2021:11:21:39 +0800] "GET /api/v1/course/actual/169/?courseType=actual&id=169 HTTP/1.1" 200 1200 "https://www.luffycity.com/actual-course?category_id=2" "Mozilla/5.0 (Windows NT 10.0; WOW64) AppleWebKit/537.36 (KHTML, like Gecko) Chrome/70.0.3538.110 Safari/537.36" 
36.238.42.177, 39.97.49.232 - - [19/Mar/2021:11:21:39 +0800] "GET /api/v1/course/actual/?limit=3 HTTP/1.1" 200 2342 "-" "Mozilla/5.0 (Windows NT 10.0; Win64; x64) AppleWebKit/537.36 (KHTML, like Gecko) Chrome/89.0.4389.82 Safari/537.36" 
36.238.42.177, 39.97.49.232 - - [19/Mar/2021:11:21:39 +0800] "GET /api/v1/course/degree/ HTTP/1.1" 200 951 "-" "Mozilla/5.0 (Windows NT 10.0; Win64; x64) AppleWebKit/537.36 (KHTML, like Gecko) Chrome/89.0.4389.82 Safari/537.36" 
113.68.108.14 - - [19/Mar/2021:11:21:39 +0800] "OPTIONS /api/v1/study/courses/ HTTP/1.1" 200 0 "https://www.luffycity.com/" "Mozilla/5.0 (Windows NT 6.1; Win64; x64) AppleWebKit/537.36 (KHTML, like Gecko) Chrome/88.0.4324.190 Safari/537.36" 
113.68.108.14 - - [19/Mar/2021:11:21:40 +0800] "OPTIONS /api/v1/study/module/actual/51359/?courseType=actual&id=51359 HTTP/1.1" 200 0 "https://www.luffycity.com/" "Mozilla/5.0 (Windows NT 6.1; Win64; x64) AppleWebKit/537.36 (KHTML, like Gecko) Chrome/88.0.4324.190 Safari/537.36" 
120.204.78.86 - - [19/Mar/2021:11:21:40 +0800] "GET /api/v1/media/play/7b225ff602c7498f8379265557de5cd3/?suffix=7b225ff602c7498f8379265557de5cd3 HTTP/1.1" 200 1787 "https://www.luffycity.com/actual-course/169/chapter" "Mozilla/5.0 (Windows NT 10.0; WOW64) AppleWebKit/537.36 (KHTML, like Gecko) Chrome/70.0.3538.110 Safari/537.36" 
36.238.42.177 - - [19/Mar/2021:11:21:40 +0800] "GET /api/v1/result/enroll/?resultType=enroll&limit=2 HTTP/1.1" 200 722 "https://www.luffycity.com/" "Mozilla/5.0 (Windows NT 10.0; Win64; x64) AppleWebKit/537.36 (KHTML, like Gecko) Chrome/89.0.4389.82 Safari/537.36" 
61.178.38.150 - - [19/Mar/2021:11:21:41 +0800] "OPTIONS /api/v1/course/actual/?category_id=2 HTTP/1.1" 200 0 "https://www.luffycity.com/actual-course?category_id=11" "Mozilla/5.0 (Windows NT 10.0; WOW64) AppleWebKit/537.36 (KHTML, like Gecko) Chrome/78.0.3904.108 Safari/537.36" 
120.236.201.164 - - [19/Mar/2021:11:21:43 +0800] "OPTIONS /api/v1/play/sections/?section_id=5212 HTTP/1.1" 200 0 "https://www.luffycity.com/" "Mozilla/5.0 (Windows NT 6.1; Win64; x64) AppleWebKit/537.36 (KHTML, like Gecko) Chrome/89.0.4389.90 Safari/537.36 Edg/89.0.774.54" 
120.236.201.164 - - [19/Mar/2021:11:21:43 +0800] "OPTIONS /api/v1/play/5212/?play_id=5212 HTTP/1.1" 200 0 "https://www.luffycity.com/" "Mozilla/5.0 (Windows NT 6.1; Win64; x64) AppleWebKit/537.36 (KHTML, like Gecko) Chrome/89.0.4389.90 Safari/537.36 Edg/89.0.774.54" 
120.236.201.164 - - [19/Mar/2021:11:21:43 +0800] "GET /api/v1/survey/section/5212/?sectionId=5212 HTTP/1.1" 200 10 "https://www.luffycity.com/" "Mozilla/5.0 (Windows NT 6.1; Win64; x64) AppleWebKit/537.36 (KHTML, like Gecko) Chrome/89.0.4389.90 Safari/537.36 Edg/89.0.774.54" 
120.236.201.164 - - [19/Mar/2021:11:21:43 +0800] "GET /api/v1/play/sections/?section_id=5212 HTTP/1.1" 200 3522 "https://www.luffycity.com/" "Mozilla/5.0 (Windows NT 6.1; Win64; x64) AppleWebKit/537.36 (KHTML, like Gecko) Chrome/89.0.4389.90 Safari/537.36 Edg/89.0.774.54" 
113.68.108.14 - - [19/Mar/2021:11:21:44 +0800] "OPTIONS /api/v1/study/module/actual/51299/?courseType=actual&id=51299 HTTP/1.1" 200 0 "https://www.luffycity.com/" "Mozilla/5.0 (Windows NT 6.1; Win64; x64) AppleWebKit/537.36 (KHTML, like Gecko) Chrome/88.0.4324.190 Safari/537.36" 
113.68.108.14 - - [19/Mar/2021:11:21:49 +0800] "OPTIONS /api/v1/qa/question/?limit=5&offset=0 HTTP/1.1" 200 0 "https://www.luffycity.com/" "Mozilla/5.0 (Windows NT 6.1; Win64; x64) AppleWebKit/537.36 (KHTML, like Gecko) Chrome/88.0.4324.190 Safari/537.36" 
120.204.78.86 - - [19/Mar/2021:11:21:51 +0800] "OPTIONS /api/v1/survey/section/18425/?sectionId=18425 HTTP/1.1" 200 0 "-" "Mozilla/5.0 (Windows NT 10.0; WOW64) AppleWebKit/537.36 (KHTML, like Gecko) Chrome/70.0.3538.110 Safari/537.36" 
120.204.78.86 - - [19/Mar/2021:11:21:51 +0800] "OPTIONS /api/v1/comment/?section_id=18425&limit=10&offset=0 HTTP/1.1" 200 0 "-" "Mozilla/5.0 (Windows NT 10.0; WOW64) AppleWebKit/537.36 (KHTML, like Gecko) Chrome/70.0.3538.110 Safari/537.36" 
120.204.78.86 - - [19/Mar/2021:11:21:51 +0800] "GET /api/v1/play/sections/?section_id=18425 HTTP/1.1" 200 8255 "https://www.luffycity.com/play/18425" "Mozilla/5.0 (Windows NT 10.0; WOW64) AppleWebKit/537.36 (KHTML, like Gecko) Chrome/70.0.3538.110 Safari/537.36" 
120.204.78.86 - - [19/Mar/2021:11:21:51 +0800] "GET /api/v1/play/18425/?play_id=18425 HTTP/1.1" 200 452 "https://www.luffycity.com/play/18425" "Mozilla/5.0 (Windows NT 10.0; WOW64) AppleWebKit/537.36 (KHTML, like Gecko) Chrome/70.0.3538.110 Safari/537.36" 
113.68.108.14 - - [19/Mar/2021:11:21:53 +0800] "GET /api/v1/study/courses/ HTTP/1.1" 200 1154 "https://www.luffycity.com/" "Mozilla/5.0 (Windows NT 6.1; Win64; x64) AppleWebKit/537.36 (KHTML, like Gecko) Chrome/88.0.4324.190 Safari/537.36" 
113.68.108.14 - - [19/Mar/2021:11:21:57 +0800] "GET /api/v1/study/module/actual/51299/?courseType=actual&id=51299 HTTP/1.1" 200 2636 "https://www.luffycity.com/" "Mozilla/5.0 (Windows NT 6.1; Win64; x64) AppleWebKit/537.36 (KHTML, like Gecko) Chrome/88.0.4324.190 Safari/537.36" 
36.238.42.177, 39.97.49.232 - - [19/Mar/2021:11:22:01 +0800] "GET /api/v1/auth/token/ HTTP/1.1" 200 29 "-" "Mozilla/5.0 (Windows NT 10.0; Win64; x64) AppleWebKit/537.36 (KHTML, like Gecko) Chrome/89.0.4389.82 Safari/537.36" 
113.68.108.14 - - [19/Mar/2021:11:22:01 +0800] "OPTIONS /api/v1/comment/?section_id=15862&limit=10&offset=0 HTTP/1.1" 200 0 "https://www.luffycity.com/" "Mozilla/5.0 (Windows NT 6.1; Win64; x64) AppleWebKit/537.36 (KHTML, like Gecko) Chrome/88.0.4324.190 Safari/537.36" 
113.68.108.14 - - [19/Mar/2021:11:22:01 +0800] "OPTIONS /api/v1/survey/section/15862/?sectionId=15862 HTTP/1.1" 200 0 "https://www.luffycity.com/" "Mozilla/5.0 (Windows NT 6.1; Win64; x64) AppleWebKit/537.36 (KHTML, like Gecko) Chrome/88.0.4324.190 Safari/537.36" 
