185.191.171.41, 39.97.49.232 - - [19/Mar/2021:07:27:53 +0800] "GET /api/v1/course/degree/ HTTP/1.1" 200 951 "-" "Mozilla/5.0 (compatible; SemrushBot/7~bl; +http://www.semrush.com/bot.html)" 
221.221.234.235 - - [19/Mar/2021:07:28:18 +0800] "GET /api/v1/study/degrees/0/mentor/?degree_id=0 HTTP/1.1" 200 137 "https://www.luffycity.com/" "Mozilla/5.0 (Windows NT 10.0; Win64; x64) AppleWebKit/537.36 (KHTML, like Gecko) Chrome/89.0.4389.90 Safari/537.36" 
221.221.234.235 - - [19/Mar/2021:07:28:19 +0800] "GET /api/v1/study/degrees/ HTTP/1.1" 200 262 "https://www.luffycity.com/" "Mozilla/5.0 (Windows NT 10.0; Win64; x64) AppleWebKit/537.36 (KHTML, like Gecko) Chrome/89.0.4389.90 Safari/537.36" 
221.221.234.235 - - [19/Mar/2021:07:28:19 +0800] "GET /api/v1/study/data/?degree_id=1 HTTP/1.1" 200 113 "https://www.luffycity.com/" "Mozilla/5.0 (Windows NT 10.0; Win64; x64) AppleWebKit/537.36 (KHTML, like Gecko) Chrome/89.0.4389.90 Safari/537.36" 
221.221.234.235 - - [19/Mar/2021:07:28:33 +0800] "GET /api/v1/study/module/degree/44831/?courseType=degree&id=44831 HTTP/1.1" 200 7432 "https://www.luffycity.com/" "Mozilla/5.0 (Windows NT 10.0; Win64; x64) AppleWebKit/537.36 (KHTML, like Gecko) Chrome/89.0.4389.90 Safari/537.36" 
60.26.153.34 - - [19/Mar/2021:07:31:02 +0800] "OPTIONS /api/v1/comment/?section_id=31184&limit=10&offset=0 HTTP/1.1" 200 0 "https://www.luffycity.com/" "Mozilla/5.0 (Macintosh; Intel Mac OS X 10_15_4) AppleWebKit/605.1.15 (KHTML, like Gecko) Version/13.1.1 Safari/605.1.15" 
60.26.153.34 - - [19/Mar/2021:07:31:02 +0800] "OPTIONS /api/v1/survey/section/31184/?sectionId=31184 HTTP/1.1" 200 0 "https://www.luffycity.com/" "Mozilla/5.0 (Macintosh; Intel Mac OS X 10_15_4) AppleWebKit/605.1.15 (KHTML, like Gecko) Version/13.1.1 Safari/605.1.15" 
60.26.153.34 - - [19/Mar/2021:07:31:02 +0800] "GET /api/v1/survey/section/31184/?sectionId=31184 HTTP/1.1" 200 10 "https://www.luffycity.com/play/31184" "Mozilla/5.0 (Macintosh; Intel Mac OS X 10_15_4) AppleWebKit/605.1.15 (KHTML, like Gecko) Version/13.1.1 Safari/605.1.15" 
60.26.153.34 - - [19/Mar/2021:07:31:02 +0800] "GET /api/v1/play/sections/?section_id=31184 HTTP/1.1" 200 3307 "https://www.luffycity.com/play/31184" "Mozilla/5.0 (Macintosh; Intel Mac OS X 10_15_4) AppleWebKit/605.1.15 (KHTML, like Gecko) Version/13.1.1 Safari/605.1.15" 
40.77.167.15, 39.97.49.232 - - [19/Mar/2021:07:31:07 +0800] "GET /api/v1/result/ HTTP/1.1" 200 231 "-" "Mozilla/5.0 (compatible; bingbot/2.0; +http://www.bing.com/bingbot.htm)" 
123.233.69.94 - - [19/Mar/2021:07:31:40 +0800] "GET /api/v1/course/degree/2/teacher/?id=2 HTTP/1.1" 200 2563 "https://m.luffycity.com/employment-course/2/detail" "Mozilla/5.0 (iPhone; CPU iPhone OS 11_4_1 like Mac OS X) AppleWebKit/605.1.15 (KHTML, like Gecko) Mobile/15G77 ChannelId(73) NebulaSDK/1.8.100112 Nebula PSDType(1) AlipayDefined(nt:4G,ws:320|504|2.0) AliApp(AP/10.1.30.300) AlipayClient/10.1.30.300 Alipay Language/zh-Hans" 
117.85.13.91 - - [19/Mar/2021:07:31:41 +0800] "GET /api/v1/course/degree/2/teacher/?id=2 HTTP/1.1" 200 2563 "https://m.luffycity.com/employment-course/2/detail" "Mozilla/5.0 (iPhone; CPU iPhone OS 11_4_1 like Mac OS X) AppleWebKit/605.1.15 (KHTML, like Gecko) Mobile/15G77 ChannelId(73) NebulaSDK/1.8.100112 Nebula PSDType(1) AlipayDefined(nt:4G,ws:320|504|2.0) AliApp(AP/10.1.30.300) AlipayClient/10.1.30.300 Alipay Language/zh-Hans" 
101.88.120.39, 39.97.49.232 - - [19/Mar/2021:07:32:19 +0800] "GET /api/v1/auth/token/ HTTP/1.1" 200 401 "-" "Mozilla/5.0 (Macintosh; Intel Mac OS X 11_2_3) AppleWebKit/537.36 (KHTML, like Gecko) Chrome/89.0.4389.82 Safari/537.36" 
101.88.120.39, 39.97.49.232 - - [19/Mar/2021:07:32:19 +0800] "GET /api/v1/result/ HTTP/1.1" 200 231 "-" "Mozilla/5.0 (Macintosh; Intel Mac OS X 11_2_3) AppleWebKit/537.36 (KHTML, like Gecko) Chrome/89.0.4389.82 Safari/537.36" 
101.88.120.39 - - [19/Mar/2021:07:32:21 +0800] "OPTIONS /api/v1/study/data/ HTTP/1.1" 200 0 "https://www.luffycity.com/" "Mozilla/5.0 (Macintosh; Intel Mac OS X 11_2_3) AppleWebKit/537.36 (KHTML, like Gecko) Chrome/89.0.4389.82 Safari/537.36" 
101.88.120.39 - - [19/Mar/2021:07:32:21 +0800] "GET /api/v1/study/degrees/ HTTP/1.1" 200 138 "https://www.luffycity.com/" "Mozilla/5.0 (Macintosh; Intel Mac OS X 11_2_3) AppleWebKit/537.36 (KHTML, like Gecko) Chrome/89.0.4389.82 Safari/537.36" 
101.88.120.39 - - [19/Mar/2021:07:32:21 +0800] "OPTIONS /api/v1/study/data/?degree_id=23 HTTP/1.1" 200 0 "https://www.luffycity.com/" "Mozilla/5.0 (Macintosh; Intel Mac OS X 11_2_3) AppleWebKit/537.36 (KHTML, like Gecko) Chrome/89.0.4389.82 Safari/537.36" 
101.88.120.39 - - [19/Mar/2021:07:32:21 +0800] "GET /api/v1/study/data/ HTTP/1.1" 200 109 "https://www.luffycity.com/" "Mozilla/5.0 (Macintosh; Intel Mac OS X 11_2_3) AppleWebKit/537.36 (KHTML, like Gecko) Chrome/89.0.4389.82 Safari/537.36" 
101.88.120.39 - - [19/Mar/2021:07:32:21 +0800] "GET /api/v1/study/data/?degree_id=23 HTTP/1.1" 200 115 "https://www.luffycity.com/" "Mozilla/5.0 (Macintosh; Intel Mac OS X 11_2_3) AppleWebKit/537.36 (KHTML, like Gecko) Chrome/89.0.4389.82 Safari/537.36" 
101.88.120.39 - - [19/Mar/2021:07:32:21 +0800] "GET /api/v1/study/degrees/23/?degree_id=23 HTTP/1.1" 200 1632 "https://www.luffycity.com/" "Mozilla/5.0 (Macintosh; Intel Mac OS X 11_2_3) AppleWebKit/537.36 (KHTML, like Gecko) Chrome/89.0.4389.82 Safari/537.36" 
101.88.120.39 - - [19/Mar/2021:07:32:26 +0800] "OPTIONS /api/v1/comment/?section_id=26603&limit=10&offset=0 HTTP/1.1" 200 0 "https://www.luffycity.com/" "Mozilla/5.0 (Macintosh; Intel Mac OS X 11_2_3) AppleWebKit/537.36 (KHTML, like Gecko) Chrome/89.0.4389.82 Safari/537.36" 
101.88.120.39 - - [19/Mar/2021:07:32:26 +0800] "OPTIONS /api/v1/survey/section/26603/?sectionId=26603 HTTP/1.1" 200 0 "https://www.luffycity.com/" "Mozilla/5.0 (Macintosh; Intel Mac OS X 11_2_3) AppleWebKit/537.36 (KHTML, like Gecko) Chrome/89.0.4389.82 Safari/537.36" 
101.88.120.39 - - [19/Mar/2021:07:32:26 +0800] "GET /api/v1/survey/section/26603/?sectionId=26603 HTTP/1.1" 200 32 "https://www.luffycity.com/" "Mozilla/5.0 (Macintosh; Intel Mac OS X 11_2_3) AppleWebKit/537.36 (KHTML, like Gecko) Chrome/89.0.4389.82 Safari/537.36" 
101.88.120.39 - - [19/Mar/2021:07:32:26 +0800] "GET /api/v1/play/26603/?play_id=26603 HTTP/1.1" 200 412 "https://www.luffycity.com/" "Mozilla/5.0 (Macintosh; Intel Mac OS X 11_2_3) AppleWebKit/537.36 (KHTML, like Gecko) Chrome/89.0.4389.82 Safari/537.36" 
101.88.120.39 - - [19/Mar/2021:07:32:33 +0800] "GET /api/v1/study/degrees/23/mentor/?degree_id=23 HTTP/1.1" 200 190 "https://www.luffycity.com/" "Mozilla/5.0 (Macintosh; Intel Mac OS X 11_2_3) AppleWebKit/537.36 (KHTML, like Gecko) Chrome/89.0.4389.82 Safari/537.36" 
101.88.120.39 - - [19/Mar/2021:07:32:34 +0800] "GET /api/v1/study/data/ HTTP/1.1" 200 109 "https://www.luffycity.com/" "Mozilla/5.0 (Macintosh; Intel Mac OS X 11_2_3) AppleWebKit/537.36 (KHTML, like Gecko) Chrome/89.0.4389.82 Safari/537.36" 
101.88.120.39 - - [19/Mar/2021:07:32:34 +0800] "GET /api/v1/study/degrees/23/?degree_id=23 HTTP/1.1" 200 1632 "https://www.luffycity.com/" "Mozilla/5.0 (Macintosh; Intel Mac OS X 11_2_3) AppleWebKit/537.36 (KHTML, like Gecko) Chrome/89.0.4389.82 Safari/537.36" 
203.208.60.66, 39.97.49.232 - - [19/Mar/2021:07:32:35 +0800] "GET /api/v1/auth/token/ HTTP/1.1" 200 29 "-" "Mozilla/5.0 (compatible; Googlebot/2.1; +http://www.google.com/bot.html)" 
203.208.60.66, 39.97.49.232 - - [19/Mar/2021:07:32:35 +0800] "GET /api/v1/course/actual/?limit=3 HTTP/1.1" 200 2342 "-" "Mozilla/5.0 (compatible; Googlebot/2.1; +http://www.google.com/bot.html)" 
203.208.60.66, 39.97.49.232 - - [19/Mar/2021:07:32:35 +0800] "GET /api/v1/course/home-free/?limit=3 HTTP/1.1" 200 865 "-" "Mozilla/5.0 (compatible; Googlebot/2.1; +http://www.google.com/bot.html)" 
1.198.17.107 - - [19/Mar/2021:07:33:13 +0800] "OPTIONS /api/v1/play/2563/?play_id=2563 HTTP/1.1" 200 0 "https://www.luffycity.com/" "Mozilla/5.0 (Windows NT 10.0; Win64; x64) AppleWebKit/537.36 (KHTML, like Gecko) Chrome/89.0.4389.90 Safari/537.36" 
1.198.17.107 - - [19/Mar/2021:07:33:13 +0800] "OPTIONS /api/v1/comment/?section_id=2563&limit=10&offset=0 HTTP/1.1" 200 0 "https://www.luffycity.com/" "Mozilla/5.0 (Windows NT 10.0; Win64; x64) AppleWebKit/537.36 (KHTML, like Gecko) Chrome/89.0.4389.90 Safari/537.36" 
1.198.17.107 - - [19/Mar/2021:07:33:13 +0800] "GET /api/v1/play/sections/?section_id=2563 HTTP/1.1" 200 5414 "https://www.luffycity.com/" "Mozilla/5.0 (Windows NT 10.0; Win64; x64) AppleWebKit/537.36 (KHTML, like Gecko) Chrome/89.0.4389.90 Safari/537.36" 
1.198.17.107 - - [19/Mar/2021:07:33:13 +0800] "GET /api/v1/comment/?section_id=2563&limit=10&offset=0 HTTP/1.1" 200 1268 "https://www.luffycity.com/" "Mozilla/5.0 (Windows NT 10.0; Win64; x64) AppleWebKit/537.36 (KHTML, like Gecko) Chrome/89.0.4389.90 Safari/537.36" 
203.208.60.124, 39.97.49.232 - - [19/Mar/2021:07:33:41 +0800] "GET /api/v1/store/7/?id=7 HTTP/1.1" 200 733 "-" "Mozilla/5.0 (compatible; Googlebot/2.1; +http://www.google.com/bot.html)" 
117.189.31.181 - - [19/Mar/2021:07:34:11 +0800] "GET /api/v1/auth/token/ HTTP/1.1" 200 29 "https://m.luffycity.com/activity/python-8days-camp?source=c" "Mozilla/5.0 (Linux; Android 10; JEF-AN00; HMSCore 5.2.0.303) AppleWebKit/537.36 (KHTML, like Gecko) Chrome/83.0.4103.106 HuaweiBrowser/11.0.8.301 Mobile Safari/537.36" 
223.91.224.69, 39.97.49.232 - - [19/Mar/2021:07:34:46 +0800] "GET /api/v1/auth/token/ HTTP/1.1" 200 29 "-" "Mozilla/5.0 (Windows NT 6.1; Win64; x64) AppleWebKit/537.36 (KHTML, like Gecko) Chrome/83.0.4103.116 Safari/537.36" 
223.91.224.69, 39.97.49.232 - - [19/Mar/2021:07:34:47 +0800] "GET /api/v1/course/actual/?limit=3 HTTP/1.1" 200 2342 "-" "Mozilla/5.0 (Windows NT 6.1; Win64; x64) AppleWebKit/537.36 (KHTML, like Gecko) Chrome/83.0.4103.116 Safari/537.36" 
223.91.224.69, 39.97.49.232 - - [19/Mar/2021:07:34:47 +0800] "GET /api/v1/course/home-free/?limit=3 HTTP/1.1" 200 865 "-" "Mozilla/5.0 (Windows NT 6.1; Win64; x64) AppleWebKit/537.36 (KHTML, like Gecko) Chrome/83.0.4103.116 Safari/537.36" 
223.91.224.69 - - [19/Mar/2021:07:34:48 +0800] "OPTIONS /api/v1/result/enroll/?resultType=enroll&limit=2 HTTP/1.1" 200 0 "https://www.luffycity.com/" "Mozilla/5.0 (Windows NT 6.1; Win64; x64) AppleWebKit/537.36 (KHTML, like Gecko) Chrome/83.0.4103.116 Safari/537.36" 
223.91.224.69 - - [19/Mar/2021:07:34:50 +0800] "OPTIONS /api/v1/auth/wechat/ HTTP/1.1" 200 0 "https://www.luffycity.com/" "Mozilla/5.0 (Windows NT 6.1; Win64; x64) AppleWebKit/537.36 (KHTML, like Gecko) Chrome/83.0.4103.116 Safari/537.36" 
223.91.224.69 - - [19/Mar/2021:07:34:51 +0800] "OPTIONS /api/v1/auth/password/login/?loginWay=password HTTP/1.1" 200 0 "https://www.luffycity.com/" "Mozilla/5.0 (Windows NT 6.1; Win64; x64) AppleWebKit/537.36 (KHTML, like Gecko) Chrome/83.0.4103.116 Safari/537.36" 
223.91.224.69 - - [19/Mar/2021:07:34:51 +0800] "OPTIONS /api/v1/auth/token/ HTTP/1.1" 200 0 "https://www.luffycity.com/" "Mozilla/5.0 (Windows NT 6.1; Win64; x64) AppleWebKit/537.36 (KHTML, like Gecko) Chrome/83.0.4103.116 Safari/537.36" 
223.91.224.69 - - [19/Mar/2021:07:34:52 +0800] "OPTIONS /api/v1/study/degrees/ HTTP/1.1" 200 0 "https://www.luffycity.com/study/degree" "Mozilla/5.0 (Windows NT 6.1; Win64; x64) AppleWebKit/537.36 (KHTML, like Gecko) Chrome/83.0.4103.116 Safari/537.36" 
223.91.224.69 - - [19/Mar/2021:07:34:52 +0800] "OPTIONS /api/v1/study/degrees/0/mentor/?degree_id=0 HTTP/1.1" 200 0 "https://www.luffycity.com/study/degree" "Mozilla/5.0 (Windows NT 6.1; Win64; x64) AppleWebKit/537.36 (KHTML, like Gecko) Chrome/83.0.4103.116 Safari/537.36" 
223.91.224.69 - - [19/Mar/2021:07:34:52 +0800] "GET /api/v1/study/degrees/ HTTP/1.1" 200 146 "https://www.luffycity.com/study/degree" "Mozilla/5.0 (Windows NT 6.1; Win64; x64) AppleWebKit/537.36 (KHTML, like Gecko) Chrome/83.0.4103.116 Safari/537.36" 
223.91.224.69 - - [19/Mar/2021:07:34:52 +0800] "OPTIONS /api/v1/study/degrees/1/mentor/?degree_id=1 HTTP/1.1" 200 0 "https://www.luffycity.com/study/degree" "Mozilla/5.0 (Windows NT 6.1; Win64; x64) AppleWebKit/537.36 (KHTML, like Gecko) Chrome/83.0.4103.116 Safari/537.36" 
223.91.224.69 - - [19/Mar/2021:07:34:52 +0800] "OPTIONS /api/v1/study/degrees/1/?degree_id=1 HTTP/1.1" 200 0 "https://www.luffycity.com/study/degree" "Mozilla/5.0 (Windows NT 6.1; Win64; x64) AppleWebKit/537.36 (KHTML, like Gecko) Chrome/83.0.4103.116 Safari/537.36" 
223.91.224.69 - - [19/Mar/2021:07:34:52 +0800] "GET /api/v1/study/data/?degree_id=1 HTTP/1.1" 200 117 "https://www.luffycity.com/study/degree" "Mozilla/5.0 (Windows NT 6.1; Win64; x64) AppleWebKit/537.36 (KHTML, like Gecko) Chrome/83.0.4103.116 Safari/537.36" 
223.91.224.69 - - [19/Mar/2021:07:34:55 +0800] "OPTIONS /api/v1/play/sections/?section_id=4075 HTTP/1.1" 200 0 "https://www.luffycity.com/play/4075" "Mozilla/5.0 (Windows NT 6.1; Win64; x64) AppleWebKit/537.36 (KHTML, like Gecko) Chrome/83.0.4103.116 Safari/537.36" 
223.91.224.69 - - [19/Mar/2021:07:34:55 +0800] "OPTIONS /api/v1/play/4075/?play_id=4075 HTTP/1.1" 200 0 "https://www.luffycity.com/play/4075" "Mozilla/5.0 (Windows NT 6.1; Win64; x64) AppleWebKit/537.36 (KHTML, like Gecko) Chrome/83.0.4103.116 Safari/537.36" 
223.91.224.69 - - [19/Mar/2021:07:34:55 +0800] "GET /api/v1/play/4075/?play_id=4075 HTTP/1.1" 200 391 "https://www.luffycity.com/play/4075" "Mozilla/5.0 (Windows NT 6.1; Win64; x64) AppleWebKit/537.36 (KHTML, like Gecko) Chrome/83.0.4103.116 Safari/537.36" 
223.91.224.69 - - [19/Mar/2021:07:34:55 +0800] "GET /api/v1/play/sections/?section_id=4075 HTTP/1.1" 200 7794 "https://www.luffycity.com/play/4075" "Mozilla/5.0 (Windows NT 6.1; Win64; x64) AppleWebKit/537.36 (KHTML, like Gecko) Chrome/83.0.4103.116 Safari/537.36" 
101.88.120.39 - - [19/Mar/2021:07:35:02 +0800] "GET /api/v1/survey/section/26603/?sectionId=26603 HTTP/1.1" 200 32 "https://www.luffycity.com/" "Mozilla/5.0 (Macintosh; Intel Mac OS X 11_2_3) AppleWebKit/537.36 (KHTML, like Gecko) Chrome/89.0.4389.82 Safari/537.36" 
101.88.120.39 - - [19/Mar/2021:07:35:02 +0800] "GET /api/v1/comment/?section_id=26603&limit=10&offset=0 HTTP/1.1" 200 922 "https://www.luffycity.com/" "Mozilla/5.0 (Macintosh; Intel Mac OS X 11_2_3) AppleWebKit/537.36 (KHTML, like Gecko) Chrome/89.0.4389.82 Safari/537.36" 
223.91.224.69 - - [19/Mar/2021:07:35:06 +0800] "OPTIONS /api/v1/play/sections/?section_id=4076 HTTP/1.1" 200 0 "https://www.luffycity.com/play/4076" "Mozilla/5.0 (Windows NT 6.1; Win64; x64) AppleWebKit/537.36 (KHTML, like Gecko) Chrome/83.0.4103.116 Safari/537.36" 
223.91.224.69 - - [19/Mar/2021:07:35:06 +0800] "OPTIONS /api/v1/play/4076/?play_id=4076 HTTP/1.1" 200 0 "https://www.luffycity.com/play/4076" "Mozilla/5.0 (Windows NT 6.1; Win64; x64) AppleWebKit/537.36 (KHTML, like Gecko) Chrome/83.0.4103.116 Safari/537.36" 
223.91.224.69 - - [19/Mar/2021:07:35:06 +0800] "GET /api/v1/survey/section/4076/?sectionId=4076 HTTP/1.1" 200 10 "https://www.luffycity.com/play/4076" "Mozilla/5.0 (Windows NT 6.1; Win64; x64) AppleWebKit/537.36 (KHTML, like Gecko) Chrome/83.0.4103.116 Safari/537.36" 
223.91.224.69 - - [19/Mar/2021:07:35:06 +0800] "GET /api/v1/play/sections/?section_id=4076 HTTP/1.1" 200 7794 "https://www.luffycity.com/play/4076" "Mozilla/5.0 (Windows NT 6.1; Win64; x64) AppleWebKit/537.36 (KHTML, like Gecko) Chrome/83.0.4103.116 Safari/537.36" 
124.166.94.0, 39.97.49.232 - - [19/Mar/2021:07:35:11 +0800] "GET /api/v1/auth/token/ HTTP/1.1" 200 29 "http://c.biancheng.net/" "Mozilla/5.0 (Windows NT 6.1; Win64; x64) AppleWebKit/537.36 (KHTML, like Gecko) Chrome/88.0.4324.182 Safari/537.36" 
124.166.94.0, 39.97.49.232 - - [19/Mar/2021:07:35:11 +0800] "GET /api/v1/result/ HTTP/1.1" 200 231 "http://c.biancheng.net/" "Mozilla/5.0 (Windows NT 6.1; Win64; x64) AppleWebKit/537.36 (KHTML, like Gecko) Chrome/88.0.4324.182 Safari/537.36" 
124.166.94.0 - - [19/Mar/2021:07:35:12 +0800] "GET /api/v1/activity/survey/?course_id=252 HTTP/1.1" 200 11 "https://www.luffycity.com/" "Mozilla/5.0 (Windows NT 6.1; Win64; x64) AppleWebKit/537.36 (KHTML, like Gecko) Chrome/88.0.4324.182 Safari/537.36" 
101.88.120.39 - - [19/Mar/2021:07:35:14 +0800] "OPTIONS /api/v1/comment/?section_id=26589&limit=10&offset=0 HTTP/1.1" 200 0 "https://www.luffycity.com/" "Mozilla/5.0 (Macintosh; Intel Mac OS X 11_2_3) AppleWebKit/537.36 (KHTML, like Gecko) Chrome/89.0.4389.82 Safari/537.36" 
101.88.120.39 - - [19/Mar/2021:07:35:14 +0800] "OPTIONS /api/v1/survey/section/26589/?sectionId=26589 HTTP/1.1" 200 0 "https://www.luffycity.com/" "Mozilla/5.0 (Macintosh; Intel Mac OS X 11_2_3) AppleWebKit/537.36 (KHTML, like Gecko) Chrome/89.0.4389.82 Safari/537.36" 
101.88.120.39 - - [19/Mar/2021:07:35:15 +0800] "GET /api/v1/survey/section/26589/?sectionId=26589 HTTP/1.1" 200 10 "https://www.luffycity.com/" "Mozilla/5.0 (Macintosh; Intel Mac OS X 11_2_3) AppleWebKit/537.36 (KHTML, like Gecko) Chrome/89.0.4389.82 Safari/537.36" 
101.88.120.39 - - [19/Mar/2021:07:35:15 +0800] "GET /api/v1/play/26589/?play_id=26589 HTTP/1.1" 200 441 "https://www.luffycity.com/" "Mozilla/5.0 (Macintosh; Intel Mac OS X 11_2_3) AppleWebKit/537.36 (KHTML, like Gecko) Chrome/89.0.4389.82 Safari/537.36" 
106.46.41.105, 39.97.49.232 - - [19/Mar/2021:07:36:07 +0800] "GET /api/v1/index/banner/ HTTP/1.1" 200 382 "-" "Mozilla/5.0 (Windows NT 10.0; Win64; x64) AppleWebKit/537.36 (KHTML, like Gecko) Chrome/89.0.4389.90 Safari/537.36 Edg/89.0.774.54" 
106.46.41.105, 39.97.49.232 - - [19/Mar/2021:07:36:07 +0800] "GET /api/v1/course/actual/?limit=3 HTTP/1.1" 200 2342 "-" "Mozilla/5.0 (Windows NT 10.0; Win64; x64) AppleWebKit/537.36 (KHTML, like Gecko) Chrome/89.0.4389.90 Safari/537.36 Edg/89.0.774.54" 
106.46.41.105, 39.97.49.232 - - [19/Mar/2021:07:36:07 +0800] "GET /api/v1/course/home-free/?limit=3 HTTP/1.1" 200 865 "-" "Mozilla/5.0 (Windows NT 10.0; Win64; x64) AppleWebKit/537.36 (KHTML, like Gecko) Chrome/89.0.4389.90 Safari/537.36 Edg/89.0.774.54" 
106.46.41.105 - - [19/Mar/2021:07:36:08 +0800] "OPTIONS /api/v1/result/enroll/?resultType=enroll&limit=2 HTTP/1.1" 200 0 "https://www.luffycity.com/" "Mozilla/5.0 (Windows NT 10.0; Win64; x64) AppleWebKit/537.36 (KHTML, like Gecko) Chrome/89.0.4389.90 Safari/537.36 Edg/89.0.774.54" 
106.46.41.105 - - [19/Mar/2021:07:36:09 +0800] "OPTIONS /api/v1/auth/wechat/ HTTP/1.1" 200 0 "https://www.luffycity.com/" "Mozilla/5.0 (Windows NT 10.0; Win64; x64) AppleWebKit/537.36 (KHTML, like Gecko) Chrome/89.0.4389.90 Safari/537.36 Edg/89.0.774.54" 
106.46.41.105 - - [19/Mar/2021:07:36:24 +0800] "OPTIONS /api/v1/auth/password/login/?loginWay=password HTTP/1.1" 200 0 "https://www.luffycity.com/" "Mozilla/5.0 (Windows NT 10.0; Win64; x64) AppleWebKit/537.36 (KHTML, like Gecko) Chrome/89.0.4389.90 Safari/537.36 Edg/89.0.774.54" 
183.8.131.3 - - [19/Mar/2021:07:36:32 +0800] "GET /api/v1/play/20726/?play_id=20726 HTTP/1.1" 200 427 "https://m.luffycity.com/play/20724" "Mozilla/5.0 (Linux; U; Android 10; zh-cn; Redmi Note 7 Build/QKQ1.190910.002) AppleWebKit/537.36 (KHTML, like Gecko) Version/4.0 Chrome/79.0.3945.147 Mobile Safari/537.36 XiaoMi/MiuiBrowser/14.1.18" 
106.46.41.105 - - [19/Mar/2021:07:36:33 +0800] "POST /api/v1/auth/password/login/?loginWay=password HTTP/1.1" 200 274 "https://www.luffycity.com/" "Mozilla/5.0 (Windows NT 10.0; Win64; x64) AppleWebKit/537.36 (KHTML, like Gecko) Chrome/89.0.4389.90 Safari/537.36 Edg/89.0.774.54" 
171.9.199.89 - - [19/Mar/2021:07:36:33 +0800] "OPTIONS /api/v1/play/sections/?section_id=27961 HTTP/1.1" 200 0 "https://www.luffycity.com/" "Mozilla/5.0 (Windows NT 10.0; Win64; x64) AppleWebKit/537.36 (KHTML, like Gecko) Chrome/89.0.4389.90 Safari/537.36" 
171.9.199.89 - - [19/Mar/2021:07:36:33 +0800] "OPTIONS /api/v1/play/27961/?play_id=27961 HTTP/1.1" 200 0 "https://www.luffycity.com/" "Mozilla/5.0 (Windows NT 10.0; Win64; x64) AppleWebKit/537.36 (KHTML, like Gecko) Chrome/89.0.4389.90 Safari/537.36" 
106.46.41.105 - - [19/Mar/2021:07:36:33 +0800] "GET /api/v1/auth/token/ HTTP/1.1" 200 398 "https://www.luffycity.com/" "Mozilla/5.0 (Windows NT 10.0; Win64; x64) AppleWebKit/537.36 (KHTML, like Gecko) Chrome/89.0.4389.90 Safari/537.36 Edg/89.0.774.54" 
171.9.199.89 - - [19/Mar/2021:07:36:33 +0800] "GET /api/v1/comment/?section_id=27961&limit=10&offset=0 HTTP/1.1" 200 69 "https://www.luffycity.com/" "Mozilla/5.0 (Windows NT 10.0; Win64; x64) AppleWebKit/537.36 (KHTML, like Gecko) Chrome/89.0.4389.90 Safari/537.36" 
171.9.199.89 - - [19/Mar/2021:07:36:33 +0800] "GET /api/v1/play/sections/?section_id=27961 HTTP/1.1" 200 1995 "https://www.luffycity.com/" "Mozilla/5.0 (Windows NT 10.0; Win64; x64) AppleWebKit/537.36 (KHTML, like Gecko) Chrome/89.0.4389.90 Safari/537.36" 
112.97.52.107 - - [19/Mar/2021:07:36:34 +0800] "GET /api/v1/index/banner/ HTTP/1.1" 200 20 "https://m.luffycity.com/" "Mozilla/5.0 (Linux; Android 10; HRY-AL00Ta; HMSCore 5.2.0.303) AppleWebKit/537.36 (KHTML, like Gecko) Chrome/83.0.4103.106 HuaweiBrowser/11.0.8.300 Mobile Safari/537.36" 
106.46.41.105 - - [19/Mar/2021:07:36:35 +0800] "OPTIONS /api/v1/study/data/ HTTP/1.1" 200 0 "https://www.luffycity.com/" "Mozilla/5.0 (Windows NT 10.0; Win64; x64) AppleWebKit/537.36 (KHTML, like Gecko) Chrome/89.0.4389.90 Safari/537.36 Edg/89.0.774.54" 
106.46.41.105 - - [19/Mar/2021:07:36:35 +0800] "GET /api/v1/study/degrees/0/mentor/?degree_id=0 HTTP/1.1" 200 137 "https://www.luffycity.com/" "Mozilla/5.0 (Windows NT 10.0; Win64; x64) AppleWebKit/537.36 (KHTML, like Gecko) Chrome/89.0.4389.90 Safari/537.36 Edg/89.0.774.54" 
106.46.41.105 - - [19/Mar/2021:07:36:35 +0800] "OPTIONS /api/v1/study/data/?degree_id=1 HTTP/1.1" 200 0 "https://www.luffycity.com/" "Mozilla/5.0 (Windows NT 10.0; Win64; x64) AppleWebKit/537.36 (KHTML, like Gecko) Chrome/89.0.4389.90 Safari/537.36 Edg/89.0.774.54" 
106.46.41.105 - - [19/Mar/2021:07:36:35 +0800] "GET /api/v1/study/degrees/1/mentor/?degree_id=1 HTTP/1.1" 200 229 "https://www.luffycity.com/" "Mozilla/5.0 (Windows NT 10.0; Win64; x64) AppleWebKit/537.36 (KHTML, like Gecko) Chrome/89.0.4389.90 Safari/537.36 Edg/89.0.774.54" 
106.46.41.105 - - [19/Mar/2021:07:36:36 +0800] "GET /api/v1/study/data/ HTTP/1.1" 200 107 "https://www.luffycity.com/" "Mozilla/5.0 (Windows NT 10.0; Win64; x64) AppleWebKit/537.36 (KHTML, like Gecko) Chrome/89.0.4389.90 Safari/537.36 Edg/89.0.774.54" 
106.46.41.105 - - [19/Mar/2021:07:36:36 +0800] "GET /api/v1/study/degrees/1/?degree_id=1 HTTP/1.1" 200 1951 "https://www.luffycity.com/" "Mozilla/5.0 (Windows NT 10.0; Win64; x64) AppleWebKit/537.36 (KHTML, like Gecko) Chrome/89.0.4389.90 Safari/537.36 Edg/89.0.774.54" 
112.97.52.107 - - [19/Mar/2021:07:36:36 +0800] "GET /api/v1/study/degrees/ HTTP/1.1" 200 504 "https://m.luffycity.com/study/degree" "Mozilla/5.0 (Linux; Android 10; HRY-AL00Ta; HMSCore 5.2.0.303) AppleWebKit/537.36 (KHTML, like Gecko) Chrome/83.0.4103.106 HuaweiBrowser/11.0.8.300 Mobile Safari/537.36" 
112.97.52.107 - - [19/Mar/2021:07:36:37 +0800] "GET /api/v1/study/degrees/2/?degree_id=2 HTTP/1.1" 200 1513 "https://m.luffycity.com/study/degree" "Mozilla/5.0 (Linux; Android 10; HRY-AL00Ta; HMSCore 5.2.0.303) AppleWebKit/537.36 (KHTML, like Gecko) Chrome/83.0.4103.106 HuaweiBrowser/11.0.8.300 Mobile Safari/537.36" 
106.46.41.105 - - [19/Mar/2021:07:36:39 +0800] "OPTIONS /api/v1/comment/?section_id=5108&limit=10&offset=0 HTTP/1.1" 200 0 "https://www.luffycity.com/" "Mozilla/5.0 (Windows NT 10.0; Win64; x64) AppleWebKit/537.36 (KHTML, like Gecko) Chrome/89.0.4389.90 Safari/537.36 Edg/89.0.774.54" 
106.46.41.105 - - [19/Mar/2021:07:36:39 +0800] "OPTIONS /api/v1/survey/section/5108/?sectionId=5108 HTTP/1.1" 200 0 "https://www.luffycity.com/" "Mozilla/5.0 (Windows NT 10.0; Win64; x64) AppleWebKit/537.36 (KHTML, like Gecko) Chrome/89.0.4389.90 Safari/537.36 Edg/89.0.774.54" 
106.46.41.105 - - [19/Mar/2021:07:36:39 +0800] "GET /api/v1/comment/?section_id=5108&limit=10&offset=0 HTTP/1.1" 200 1207 "https://www.luffycity.com/" "Mozilla/5.0 (Windows NT 10.0; Win64; x64) AppleWebKit/537.36 (KHTML, like Gecko) Chrome/89.0.4389.90 Safari/537.36 Edg/89.0.774.54" 
106.46.41.105 - - [19/Mar/2021:07:36:39 +0800] "GET /api/v1/play/5108/?play_id=5108 HTTP/1.1" 200 395 "https://www.luffycity.com/" "Mozilla/5.0 (Windows NT 10.0; Win64; x64) AppleWebKit/537.36 (KHTML, like Gecko) Chrome/89.0.4389.90 Safari/537.36 Edg/89.0.774.54" 
112.97.52.107 - - [19/Mar/2021:07:36:44 +0800] "GET /api/v1/play/2965/?play_id=2965 HTTP/1.1" 200 499 "https://m.luffycity.com/play/2965" "Mozilla/5.0 (Linux; Android 10; HRY-AL00Ta; HMSCore 5.2.0.303) AppleWebKit/537.36 (KHTML, like Gecko) Chrome/83.0.4103.106 HuaweiBrowser/11.0.8.300 Mobile Safari/537.36" 
106.46.41.105 - - [19/Mar/2021:07:36:52 +0800] "OPTIONS /api/v1/survey/section/5107/?sectionId=5107 HTTP/1.1" 200 0 "https://www.luffycity.com/" "Mozilla/5.0 (Windows NT 10.0; Win64; x64) AppleWebKit/537.36 (KHTML, like Gecko) Chrome/89.0.4389.90 Safari/537.36 Edg/89.0.774.54" 
106.46.41.105 - - [19/Mar/2021:07:36:52 +0800] "OPTIONS /api/v1/comment/?section_id=5107&limit=10&offset=0 HTTP/1.1" 200 0 "https://www.luffycity.com/" "Mozilla/5.0 (Windows NT 10.0; Win64; x64) AppleWebKit/537.36 (KHTML, like Gecko) Chrome/89.0.4389.90 Safari/537.36 Edg/89.0.774.54" 
106.46.41.105 - - [19/Mar/2021:07:36:52 +0800] "GET /api/v1/comment/?section_id=5107&limit=10&offset=0 HTTP/1.1" 200 1207 "https://www.luffycity.com/" "Mozilla/5.0 (Windows NT 10.0; Win64; x64) AppleWebKit/537.36 (KHTML, like Gecko) Chrome/89.0.4389.90 Safari/537.36 Edg/89.0.774.54" 
106.46.41.105 - - [19/Mar/2021:07:36:53 +0800] "GET /api/v1/play/5107/?play_id=5107 HTTP/1.1" 200 392 "https://www.luffycity.com/" "Mozilla/5.0 (Windows NT 10.0; Win64; x64) AppleWebKit/537.36 (KHTML, like Gecko) Chrome/89.0.4389.90 Safari/537.36 Edg/89.0.774.54" 
112.97.52.107 - - [19/Mar/2021:07:36:53 +0800] "GET /api/v1/auth/token/ HTTP/1.1" 200 391 "https://m.luffycity.com/play/2965" "Mozilla/5.0 (Linux; Android 10; HRY-AL00Ta; HMSCore 5.2.0.303) AppleWebKit/537.36 (KHTML, like Gecko) Chrome/83.0.4103.106 HuaweiBrowser/11.0.8.300 Mobile Safari/537.36" 
112.97.52.107 - - [19/Mar/2021:07:36:53 +0800] "GET /api/v1/play/sections/?section_id=2966 HTTP/1.1" 200 3479 "https://m.luffycity.com/play/2966" "Mozilla/5.0 (Linux; Android 10; HRY-AL00Ta; HMSCore 5.2.0.303) AppleWebKit/537.36 (KHTML, like Gecko) Chrome/83.0.4103.106 HuaweiBrowser/11.0.8.300 Mobile Safari/537.36" 
106.46.41.105 - - [19/Mar/2021:07:36:54 +0800] "GET /api/v1/survey/section/5108/?sectionId=5108 HTTP/1.1" 200 10 "https://www.luffycity.com/" "Mozilla/5.0 (Windows NT 10.0; Win64; x64) AppleWebKit/537.36 (KHTML, like Gecko) Chrome/89.0.4389.90 Safari/537.36 Edg/89.0.774.54" 
106.46.41.105 - - [19/Mar/2021:07:36:54 +0800] "GET /api/v1/comment/?section_id=5108&limit=10&offset=0 HTTP/1.1" 200 1207 "https://www.luffycity.com/" "Mozilla/5.0 (Windows NT 10.0; Win64; x64) AppleWebKit/537.36 (KHTML, like Gecko) Chrome/89.0.4389.90 Safari/537.36 Edg/89.0.774.54" 
101.88.120.39 - - [19/Mar/2021:07:37:03 +0800] "OPTIONS /api/v1/survey/section/26591/?sectionId=26591 HTTP/1.1" 200 0 "https://www.luffycity.com/" "Mozilla/5.0 (Macintosh; Intel Mac OS X 11_2_3) AppleWebKit/537.36 (KHTML, like Gecko) Chrome/89.0.4389.82 Safari/537.36" 
101.88.120.39 - - [19/Mar/2021:07:37:03 +0800] "OPTIONS /api/v1/comment/?section_id=26591&limit=10&offset=0 HTTP/1.1" 200 0 "https://www.luffycity.com/" "Mozilla/5.0 (Macintosh; Intel Mac OS X 11_2_3) AppleWebKit/537.36 (KHTML, like Gecko) Chrome/89.0.4389.82 Safari/537.36" 
101.88.120.39 - - [19/Mar/2021:07:37:03 +0800] "GET /api/v1/survey/section/26591/?sectionId=26591 HTTP/1.1" 200 10 "https://www.luffycity.com/" "Mozilla/5.0 (Macintosh; Intel Mac OS X 11_2_3) AppleWebKit/537.36 (KHTML, like Gecko) Chrome/89.0.4389.82 Safari/537.36" 
101.88.120.39 - - [19/Mar/2021:07:37:03 +0800] "GET /api/v1/play/sections/?section_id=26591 HTTP/1.1" 200 2593 "https://www.luffycity.com/" "Mozilla/5.0 (Macintosh; Intel Mac OS X 11_2_3) AppleWebKit/537.36 (KHTML, like Gecko) Chrome/89.0.4389.82 Safari/537.36" 
112.97.52.107 - - [19/Mar/2021:07:37:04 +0800] "GET /api/v1/auth/token/ HTTP/1.1" 200 391 "https://m.luffycity.com/play/2966" "Mozilla/5.0 (Linux; Android 10; HRY-AL00Ta; HMSCore 5.2.0.303) AppleWebKit/537.36 (KHTML, like Gecko) Chrome/83.0.4103.106 HuaweiBrowser/11.0.8.300 Mobile Safari/537.36" 
112.97.52.107 - - [19/Mar/2021:07:37:05 +0800] "GET /api/v1/play/sections/?section_id=2965 HTTP/1.1" 200 3479 "https://m.luffycity.com/play/2965" "Mozilla/5.0 (Linux; Android 10; HRY-AL00Ta; HMSCore 5.2.0.303) AppleWebKit/537.36 (KHTML, like Gecko) Chrome/83.0.4103.106 HuaweiBrowser/11.0.8.300 Mobile Safari/537.36" 
221.192.218.254 - - [19/Mar/2021:07:37:10 +0800] "OPTIONS /api/v1/activity/survey/?course_id=256 HTTP/1.1" 200 0 "https://www.luffycity.com/" "Mozilla/5.0 (Windows NT 10.0; Win64; x64) AppleWebKit/537.36 (KHTML, like Gecko) Chrome/89.0.4389.82 Safari/537.36" 
123.147.248.232, 39.97.49.232 - - [19/Mar/2021:07:37:38 +0800] "GET /api/v1/auth/token/ HTTP/1.1" 200 393 "-" "Mozilla/5.0 (Windows NT 10.0; Win64; x64) AppleWebKit/537.36 (KHTML, like Gecko) Chrome/89.0.4389.90 Safari/537.36 Edg/89.0.774.54" 
123.147.248.232, 39.97.49.232 - - [19/Mar/2021:07:37:38 +0800] "GET /api/v1/result/ HTTP/1.1" 200 231 "-" "Mozilla/5.0 (Windows NT 10.0; Win64; x64) AppleWebKit/537.36 (KHTML, like Gecko) Chrome/89.0.4389.90 Safari/537.36 Edg/89.0.774.54" 
123.147.248.232 - - [19/Mar/2021:07:37:40 +0800] "OPTIONS /api/v1/play/30895/?play_id=30895 HTTP/1.1" 200 0 "https://www.luffycity.com/" "Mozilla/5.0 (Windows NT 10.0; Win64; x64) AppleWebKit/537.36 (KHTML, like Gecko) Chrome/89.0.4389.90 Safari/537.36 Edg/89.0.774.54" 
123.147.248.232 - - [19/Mar/2021:07:37:40 +0800] "OPTIONS /api/v1/comment/?section_id=30895&limit=10&offset=0 HTTP/1.1" 200 0 "https://www.luffycity.com/" "Mozilla/5.0 (Windows NT 10.0; Win64; x64) AppleWebKit/537.36 (KHTML, like Gecko) Chrome/89.0.4389.90 Safari/537.36 Edg/89.0.774.54" 
123.147.248.232 - - [19/Mar/2021:07:37:40 +0800] "GET /api/v1/survey/section/30895/?sectionId=30895 HTTP/1.1" 200 10 "https://www.luffycity.com/" "Mozilla/5.0 (Windows NT 10.0; Win64; x64) AppleWebKit/537.36 (KHTML, like Gecko) Chrome/89.0.4389.90 Safari/537.36 Edg/89.0.774.54" 
123.147.248.232 - - [19/Mar/2021:07:37:40 +0800] "GET /api/v1/comment/?section_id=30895&limit=10&offset=0 HTTP/1.1" 200 1642 "https://www.luffycity.com/" "Mozilla/5.0 (Windows NT 10.0; Win64; x64) AppleWebKit/537.36 (KHTML, like Gecko) Chrome/89.0.4389.90 Safari/537.36 Edg/89.0.774.54" 
49.7.20.128, 39.97.49.232 - - [19/Mar/2021:07:38:01 +0800] "GET /api/v1/auth/token/ HTTP/1.1" 200 29 "-" "Sogou web spider/4.0(+http://www.sogou.com/docs/help/webmasters.htm#07)" 
49.7.20.128, 39.97.49.232 - - [19/Mar/2021:07:38:01 +0800] "GET /api/v1/result/ HTTP/1.1" 200 231 "-" "Sogou web spider/4.0(+http://www.sogou.com/docs/help/webmasters.htm#07)" 
27.149.67.130, 14.152.68.197 - - [19/Mar/2021:07:38:18 +0800] "GET /api/v1/auth/token/ HTTP/1.1" 200 29 "https://m.luffycity.com/" "Mozilla/5.0 (Linux; U; Android 10; zh-CN; V2001A Build/QP1A.190711.020) AppleWebKit/537.36 (KHTML, like Gecko) Version/4.0 Chrome/78.0.3904.108 Quark/4.7.0.168 Mobile Safari/537.36" 
27.149.67.130, 14.152.68.197 - - [19/Mar/2021:07:38:50 +0800] "GET /api/v1/auth/token/ HTTP/1.1" 200 29 "https://m.luffycity.com/" "Mozilla/5.0 (Linux; U; Android 10; zh-CN; V2001A Build/QP1A.190711.020) AppleWebKit/537.36 (KHTML, like Gecko) Version/4.0 Chrome/78.0.3904.108 Quark/4.7.0.168 Mobile Safari/537.36" 
27.149.67.130, 14.152.68.197 - - [19/Mar/2021:07:38:55 +0800] "GET /api/v1/auth/token/ HTTP/1.1" 200 29 "https://m.luffycity.com/" "Mozilla/5.0 (Linux; U; Android 10; zh-CN; V2001A Build/QP1A.190711.020) AppleWebKit/537.36 (KHTML, like Gecko) Version/4.0 Chrome/78.0.3904.108 Quark/4.7.0.168 Mobile Safari/537.36" 
27.149.67.130, 14.152.68.197 - - [19/Mar/2021:07:38:56 +0800] "GET /api/v1/course/degree/1/?courseType=degree&id=1 HTTP/1.1" 200 711 "https://m.luffycity.com/employment-course/1/detail" "Mozilla/5.0 (Linux; U; Android 10; zh-CN; V2001A Build/QP1A.190711.020) AppleWebKit/537.36 (KHTML, like Gecko) Version/4.0 Chrome/78.0.3904.108 Quark/4.7.0.168 Mobile Safari/537.36" 
112.80.136.130, 39.97.49.232 - - [19/Mar/2021:07:39:19 +0800] "GET /api/v1/course/degree/ HTTP/1.1" 200 951 "-" "Scrapy/1.7.3 (+https://scrapy.org)" 
112.80.136.130, 39.97.49.232 - - [19/Mar/2021:07:39:19 +0800] "GET /api/v1/course/home-free/?limit=3 HTTP/1.1" 200 865 "-" "Scrapy/1.7.3 (+https://scrapy.org)" 
112.80.136.130, 39.97.49.232 - - [19/Mar/2021:07:39:24 +0800] "GET /api/v1/auth/token/ HTTP/1.1" 200 29 "https://www.luffycity.com/" "Scrapy/1.7.3 (+https://scrapy.org)" 
112.80.136.130, 39.97.49.232 - - [19/Mar/2021:07:39:24 +0800] "GET /api/v1/course/actual/?limit=3 HTTP/1.1" 200 2342 "https://www.luffycity.com/" "Scrapy/1.7.3 (+https://scrapy.org)" 
112.80.136.130, 39.97.49.232 - - [19/Mar/2021:07:39:24 +0800] "GET /api/v1/course/degree/ HTTP/1.1" 200 951 "https://www.luffycity.com/" "Scrapy/1.7.3 (+https://scrapy.org)" 
112.80.136.130, 39.97.49.232 - - [19/Mar/2021:07:39:24 +0800] "GET /api/v1/course/home-free/?limit=3 HTTP/1.1" 200 865 "https://www.luffycity.com/" "Scrapy/1.7.3 (+https://scrapy.org)" 
175.152.111.212, 39.97.49.232 - - [19/Mar/2021:07:39:26 +0800] "GET /api/v1/auth/token/ HTTP/1.1" 200 29 "https://www.luffycity.com/" "Scrapy/1.7.3 (+https://scrapy.org)" 
175.152.111.212, 39.97.49.232 - - [19/Mar/2021:07:39:26 +0800] "GET /api/v1/auth/token/ HTTP/1.1" 200 29 "https://www.luffycity.com/" "Scrapy/1.7.3 (+https://scrapy.org)" 
175.152.111.212, 39.97.49.232 - - [19/Mar/2021:07:39:27 +0800] "GET /api/v1/auth/token/ HTTP/1.1" 200 29 "https://www.luffycity.com/" "Scrapy/1.7.3 (+https://scrapy.org)" 
175.152.111.212, 39.97.49.232 - - [19/Mar/2021:07:39:27 +0800] "GET /api/v1/result/ HTTP/1.1" 200 231 "https://www.luffycity.com/" "Scrapy/1.7.3 (+https://scrapy.org)" 
106.4.161.104, 39.97.49.232 - - [19/Mar/2021:07:39:28 +0800] "GET /api/v1/auth/token/ HTTP/1.1" 200 29 "https://www.luffycity.com/" "Scrapy/1.7.3 (+https://scrapy.org)" 
106.4.161.104, 39.97.49.232 - - [19/Mar/2021:07:39:28 +0800] "GET /api/v1/result/ HTTP/1.1" 200 231 "https://www.luffycity.com/" "Scrapy/1.7.3 (+https://scrapy.org)" 
175.152.111.212, 39.97.49.232 - - [19/Mar/2021:07:39:28 +0800] "GET /api/v1/auth/token/ HTTP/1.1" 200 29 "https://www.luffycity.com/" "Scrapy/1.7.3 (+https://scrapy.org)" 
106.4.161.104, 39.97.49.232 - - [19/Mar/2021:07:39:28 +0800] "GET /api/v1/auth/token/ HTTP/1.1" 200 29 "https://www.luffycity.com/help" "Scrapy/1.7.3 (+https://scrapy.org)" 
112.80.136.130, 39.97.49.232 - - [19/Mar/2021:07:39:28 +0800] "GET /api/v1/auth/token/ HTTP/1.1" 200 29 "https://www.luffycity.com/" "Scrapy/1.7.3 (+https://scrapy.org)" 
106.4.161.104, 39.97.49.232 - - [19/Mar/2021:07:39:28 +0800] "GET /api/v1/result/ HTTP/1.1" 200 231 "https://www.luffycity.com/help" "Scrapy/1.7.3 (+https://scrapy.org)" 
123.14.254.74, 39.97.49.232 - - [19/Mar/2021:07:39:29 +0800] "GET /api/v1/course/actual/252/?courseType=actual&id=252 HTTP/1.1" 200 1137 "https://www.luffycity.com/" "Scrapy/1.7.3 (+https://scrapy.org)" 
112.80.136.130, 39.97.49.232 - - [19/Mar/2021:07:39:29 +0800] "GET /api/v1/course/free/143/?courseType=free&id=143 HTTP/1.1" 200 1718 "https://www.luffycity.com/" "Scrapy/1.7.3 (+https://scrapy.org)" 
36.248.89.34, 39.97.49.232 - - [19/Mar/2021:07:39:29 +0800] "GET /api/v1/auth/token/ HTTP/1.1" 200 29 "https://www.luffycity.com/help" "Scrapy/1.7.3 (+https://scrapy.org)" 
221.13.12.227, 39.97.49.232 - - [19/Mar/2021:07:39:29 +0800] "GET /api/v1/result/ HTTP/1.1" 200 231 "https://www.luffycity.com/" "Scrapy/1.7.3 (+https://scrapy.org)" 
36.248.89.34, 39.97.49.232 - - [19/Mar/2021:07:39:29 +0800] "GET /api/v1/result/ HTTP/1.1" 200 231 "https://www.luffycity.com/help" "Scrapy/1.7.3 (+https://scrapy.org)" 
220.250.10.57, 39.97.49.232 - - [19/Mar/2021:07:39:29 +0800] "GET /api/v1/auth/token/ HTTP/1.1" 200 29 "https://www.luffycity.com/student-related/speak" "Scrapy/1.7.3 (+https://scrapy.org)" 
112.66.104.54, 39.97.49.232 - - [19/Mar/2021:07:39:29 +0800] "GET /api/v1/auth/token/ HTTP/1.1" 200 29 "https://www.luffycity.com/employment-course/2/detail" "Scrapy/1.7.3 (+https://scrapy.org)" 
112.66.104.54, 39.97.49.232 - - [19/Mar/2021:07:39:29 +0800] "GET /api/v1/result/ HTTP/1.1" 200 231 "https://www.luffycity.com/employment-course/2/detail" "Scrapy/1.7.3 (+https://scrapy.org)" 
112.66.104.54, 39.97.49.232 - - [19/Mar/2021:07:39:29 +0800] "GET /api/v1/course/degree/2/?courseType=degree&id=2 HTTP/1.1" 200 654 "https://www.luffycity.com/employment-course/2/detail" "Scrapy/1.7.3 (+https://scrapy.org)" 
106.4.161.104, 39.97.49.232 - - [19/Mar/2021:07:39:29 +0800] "GET /api/v1/auth/token/ HTTP/1.1" 200 29 "https://www.luffycity.com/student-related/speak" "Scrapy/1.7.3 (+https://scrapy.org)" 
36.248.89.34, 39.97.49.232 - - [19/Mar/2021:07:39:29 +0800] "GET /api/v1/auth/token/ HTTP/1.1" 200 29 "https://www.luffycity.com/student-related/speak" "Scrapy/1.7.3 (+https://scrapy.org)" 
175.152.111.212, 39.97.49.232 - - [19/Mar/2021:07:39:29 +0800] "GET /api/v1/auth/token/ HTTP/1.1" 200 29 "https://www.luffycity.com/actual-course/252" "Scrapy/1.7.3 (+https://scrapy.org)" 
36.248.89.34, 39.97.49.232 - - [19/Mar/2021:07:39:30 +0800] "GET /api/v1/result/ HTTP/1.1" 200 231 "https://www.luffycity.com/student-related/speak" "Scrapy/1.7.3 (+https://scrapy.org)" 
175.152.111.212, 39.97.49.232 - - [19/Mar/2021:07:39:30 +0800] "GET /api/v1/result/ HTTP/1.1" 200 231 "https://www.luffycity.com/actual-course/252" "Scrapy/1.7.3 (+https://scrapy.org)" 
221.13.12.227, 39.97.49.232 - - [19/Mar/2021:07:39:30 +0800] "GET /api/v1/auth/token/ HTTP/1.1" 200 29 "https://www.luffycity.com/student-related/speak" "Scrapy/1.7.3 (+https://scrapy.org)" 
106.4.161.104, 39.97.49.232 - - [19/Mar/2021:07:39:30 +0800] "GET /api/v1/course/actual/?limit=3 HTTP/1.1" 200 2342 "https://www.luffycity.com/student-related/speak" "Scrapy/1.7.3 (+https://scrapy.org)" 
36.248.89.34, 39.97.49.232 - - [19/Mar/2021:07:39:30 +0800] "GET /api/v1/result/speech/?resultType=speech&limit=10&offset=NaN HTTP/1.1" 200 11788 "https://www.luffycity.com/student-related/speak" "Scrapy/1.7.3 (+https://scrapy.org)" 
175.152.111.212, 39.97.49.232 - - [19/Mar/2021:07:39:30 +0800] "GET /api/v1/course/actual/252/?courseType=actual&id=252 HTTP/1.1" 200 1137 "https://www.luffycity.com/actual-course/252" "Scrapy/1.7.3 (+https://scrapy.org)" 
106.4.161.104, 39.97.49.232 - - [19/Mar/2021:07:39:30 +0800] "GET /api/v1/course/home-free/?limit=3 HTTP/1.1" 200 865 "https://www.luffycity.com/student-related/speak" "Scrapy/1.7.3 (+https://scrapy.org)" 
220.250.10.57, 39.97.49.232 - - [19/Mar/2021:07:39:30 +0800] "GET /api/v1/auth/token/ HTTP/1.1" 200 29 "https://www.luffycity.com/actual-course/285" "Scrapy/1.7.3 (+https://scrapy.org)" 
221.13.12.227, 39.97.49.232 - - [19/Mar/2021:07:39:30 +0800] "GET /api/v1/auth/token/ HTTP/1.1" 200 29 "https://www.luffycity.com/employment-course/2/detail" "Scrapy/1.7.3 (+https://scrapy.org)" 
112.66.104.54, 39.97.49.232 - - [19/Mar/2021:07:39:30 +0800] "GET /api/v1/result/ HTTP/1.1" 200 231 "https://www.luffycity.com/actual-course/285" "Scrapy/1.7.3 (+https://scrapy.org)" 
221.13.12.227, 39.97.49.232 - - [19/Mar/2021:07:39:30 +0800] "GET /api/v1/course/degree/2/?courseType=degree&id=2 HTTP/1.1" 200 654 "https://www.luffycity.com/employment-course/2/detail" "Scrapy/1.7.3 (+https://scrapy.org)" 
221.13.12.227, 39.97.49.232 - - [19/Mar/2021:07:39:30 +0800] "GET /api/v1/course/degree/2/teacher/?id=2 HTTP/1.1" 200 2563 "https://www.luffycity.com/employment-course/2/detail" "Scrapy/1.7.3 (+https://scrapy.org)" 
220.250.10.57, 39.97.49.232 - - [19/Mar/2021:07:39:30 +0800] "GET /api/v1/course/actual/285/?courseType=actual&id=285 HTTP/1.1" 200 1009 "https://www.luffycity.com/actual-course/285" "Scrapy/1.7.3 (+https://scrapy.org)" 
112.66.104.54, 39.97.49.232 - - [19/Mar/2021:07:39:30 +0800] "GET /api/v1/course/actual/285/?courseType=actual&id=285 HTTP/1.1" 200 1009 "https://www.luffycity.com/actual-course/285" "Scrapy/1.7.3 (+https://scrapy.org)" 
221.13.12.227, 39.97.49.232 - - [19/Mar/2021:07:39:31 +0800] "GET /api/v1/auth/token/ HTTP/1.1" 200 29 "https://www.luffycity.com/free-course/130/detail" "Scrapy/1.7.3 (+https://scrapy.org)" 
112.66.104.54, 39.97.49.232 - - [19/Mar/2021:07:39:31 +0800] "GET /api/v1/auth/token/ HTTP/1.1" 200 29 "https://www.luffycity.com/free-course/130/detail" "Scrapy/1.7.3 (+https://scrapy.org)" 
175.152.111.212, 39.97.49.232 - - [19/Mar/2021:07:39:31 +0800] "GET /api/v1/result/ HTTP/1.1" 200 231 "https://www.luffycity.com/actual-course/285" "Scrapy/1.7.3 (+https://scrapy.org)" 
221.13.12.227, 39.97.49.232 - - [19/Mar/2021:07:39:31 +0800] "GET /api/v1/result/ HTTP/1.1" 200 231 "https://www.luffycity.com/free-course/130/detail" "Scrapy/1.7.3 (+https://scrapy.org)" 
36.248.89.34, 39.97.49.232 - - [19/Mar/2021:07:39:31 +0800] "GET /api/v1/result/ HTTP/1.1" 200 231 "https://www.luffycity.com/free-course/130/detail" "Scrapy/1.7.3 (+https://scrapy.org)" 
220.250.10.57, 39.97.49.232 - - [19/Mar/2021:07:39:31 +0800] "GET /api/v1/result/ HTTP/1.1" 200 231 "https://www.luffycity.com/free-course/124/detail" "Scrapy/1.7.3 (+https://scrapy.org)" 
175.152.111.212, 39.97.49.232 - - [19/Mar/2021:07:39:31 +0800] "GET /api/v1/course/actual/285/?courseType=actual&id=285 HTTP/1.1" 200 1009 "https://www.luffycity.com/actual-course/285" "Scrapy/1.7.3 (+https://scrapy.org)" 
106.4.161.104, 39.97.49.232 - - [19/Mar/2021:07:39:31 +0800] "GET /api/v1/course/free/131/?courseType=free&id=131 HTTP/1.1" 200 1643 "https://www.luffycity.com/free-course/130/detail" "Scrapy/1.7.3 (+https://scrapy.org)" 
123.14.254.74, 39.97.49.232 - - [19/Mar/2021:07:39:31 +0800] "GET /api/v1/course/free/130/?courseType=free&id=130 HTTP/1.1" 200 1445 "https://www.luffycity.com/free-course/130/detail" "Scrapy/1.7.3 (+https://scrapy.org)" 
220.250.10.57, 39.97.49.232 - - [19/Mar/2021:07:39:31 +0800] "GET /api/v1/course/actual/23/?courseType=actual&id=23 HTTP/1.1" 200 1083 "https://www.luffycity.com/free-course/124/detail" "Scrapy/1.7.3 (+https://scrapy.org)" 
123.14.254.74, 39.97.49.232 - - [19/Mar/2021:07:39:31 +0800] "GET /api/v1/auth/token/ HTTP/1.1" 200 29 "https://www.luffycity.com/free-course/124/detail" "Scrapy/1.7.3 (+https://scrapy.org)" 
112.80.136.130, 39.97.49.232 - - [19/Mar/2021:07:39:31 +0800] "GET /api/v1/auth/token/ HTTP/1.1" 200 29 "https://www.luffycity.com/free-course/124/detail" "Scrapy/1.7.3 (+https://scrapy.org)" 
106.4.161.104, 39.97.49.232 - - [19/Mar/2021:07:39:31 +0800] "GET /api/v1/result/ HTTP/1.1" 200 231 "https://www.luffycity.com/free-course/124/detail" "Scrapy/1.7.3 (+https://scrapy.org)" 
123.14.254.74, 39.97.49.232 - - [19/Mar/2021:07:39:32 +0800] "GET /api/v1/course/actual/9/?courseType=actual&id=9 HTTP/1.1" 200 977 "https://www.luffycity.com/free-course/124/detail" "Scrapy/1.7.3 (+https://scrapy.org)" 
112.80.136.130, 39.97.49.232 - - [19/Mar/2021:07:39:32 +0800] "GET /api/v1/course/actual/2/?courseType=actual&id=2 HTTP/1.1" 200 1150 "https://www.luffycity.com/free-course/124/detail" "Scrapy/1.7.3 (+https://scrapy.org)" 
123.14.254.74, 39.97.49.232 - - [19/Mar/2021:07:39:33 +0800] "GET /api/v1/auth/token/ HTTP/1.1" 200 29 "https://www.luffycity.com/free-course/124/detail" "Scrapy/1.7.3 (+https://scrapy.org)" 
175.152.111.212, 39.97.49.232 - - [19/Mar/2021:07:39:33 +0800] "GET /api/v1/auth/token/ HTTP/1.1" 200 29 "https://www.luffycity.com/student-related/speech" "Scrapy/1.7.3 (+https://scrapy.org)" 
220.250.10.57, 39.97.49.232 - - [19/Mar/2021:07:39:33 +0800] "GET /api/v1/auth/token/ HTTP/1.1" 200 29 "https://www.luffycity.com/free-course/124/detail" "Scrapy/1.7.3 (+https://scrapy.org)" 
112.66.104.54, 39.97.49.232 - - [19/Mar/2021:07:39:33 +0800] "GET /api/v1/auth/token/ HTTP/1.1" 200 29 "https://www.luffycity.com/free-course/124/detail" "Scrapy/1.7.3 (+https://scrapy.org)" 
175.152.111.212, 39.97.49.232 - - [19/Mar/2021:07:39:33 +0800] "GET /api/v1/result/ HTTP/1.1" 200 231 "https://www.luffycity.com/student-related/speech" "Scrapy/1.7.3 (+https://scrapy.org)" 
221.13.12.227, 39.97.49.232 - - [19/Mar/2021:07:39:33 +0800] "GET /api/v1/result/ HTTP/1.1" 200 231 "https://www.luffycity.com/free-course/124/detail" "Scrapy/1.7.3 (+https://scrapy.org)" 
36.248.89.34, 39.97.49.232 - - [19/Mar/2021:07:39:33 +0800] "GET /api/v1/result/ HTTP/1.1" 200 231 "https://www.luffycity.com/free-course/124/detail" "Scrapy/1.7.3 (+https://scrapy.org)" 
112.66.104.54, 39.97.49.232 - - [19/Mar/2021:07:39:33 +0800] "GET /api/v1/result/ HTTP/1.1" 200 231 "https://www.luffycity.com/free-course/124/detail" "Scrapy/1.7.3 (+https://scrapy.org)" 
123.14.254.74, 39.97.49.232 - - [19/Mar/2021:07:39:33 +0800] "GET /api/v1/course/actual/11/?courseType=actual&id=11 HTTP/1.1" 200 1016 "https://www.luffycity.com/free-course/124/detail" "Scrapy/1.7.3 (+https://scrapy.org)" 
220.250.10.57, 39.97.49.232 - - [19/Mar/2021:07:39:33 +0800] "GET /api/v1/course/free/126/?courseType=free&id=126 HTTP/1.1" 200 1982 "https://www.luffycity.com/free-course/124/detail" "Scrapy/1.7.3 (+https://scrapy.org)" 
36.248.89.34, 39.97.49.232 - - [19/Mar/2021:07:39:33 +0800] "GET /api/v1/course/free/124/?courseType=free&id=124 HTTP/1.1" 200 2009 "https://www.luffycity.com/free-course/124/detail" "Scrapy/1.7.3 (+https://scrapy.org)" 
123.14.254.74, 39.97.49.232 - - [19/Mar/2021:07:39:35 +0800] "GET /api/v1/auth/token/ HTTP/1.1" 200 29 "https://www.luffycity.com/actual-course/23/detail" "Scrapy/1.7.3 (+https://scrapy.org)" 
106.4.161.104, 39.97.49.232 - - [19/Mar/2021:07:39:35 +0800] "GET /api/v1/auth/token/ HTTP/1.1" 200 29 "https://www.luffycity.com/free-course/132" "Scrapy/1.7.3 (+https://scrapy.org)" 
221.13.12.227, 39.97.49.232 - - [19/Mar/2021:07:39:35 +0800] "GET /api/v1/auth/token/ HTTP/1.1" 200 29 "https://www.luffycity.com/actual-course/284" "Scrapy/1.7.3 (+https://scrapy.org)" 
112.66.104.54, 39.97.49.232 - - [19/Mar/2021:07:39:35 +0800] "GET /api/v1/auth/token/ HTTP/1.1" 200 29 "https://www.luffycity.com/free-course/143/detail" "Scrapy/1.7.3 (+https://scrapy.org)" 
123.14.254.74, 39.97.49.232 - - [19/Mar/2021:07:39:35 +0800] "GET /api/v1/result/ HTTP/1.1" 200 231 "https://www.luffycity.com/actual-course/23/detail" "Scrapy/1.7.3 (+https://scrapy.org)" 
221.13.12.227, 39.97.49.232 - - [19/Mar/2021:07:39:35 +0800] "GET /api/v1/result/ HTTP/1.1" 200 231 "https://www.luffycity.com/actual-course/284" "Scrapy/1.7.3 (+https://scrapy.org)" 
220.250.10.57, 39.97.49.232 - - [19/Mar/2021:07:39:35 +0800] "GET /api/v1/result/ HTTP/1.1" 200 231 "https://www.luffycity.com/actual-course/284" "Scrapy/1.7.3 (+https://scrapy.org)" 
36.248.89.34, 39.97.49.232 - - [19/Mar/2021:07:39:35 +0800] "GET /api/v1/result/ HTTP/1.1" 200 231 "https://www.luffycity.com/actual-course/9/detail" "Scrapy/1.7.3 (+https://scrapy.org)" 
106.4.161.104, 39.97.49.232 - - [19/Mar/2021:07:39:35 +0800] "GET /api/v1/course/free/132/?courseType=free&id=132 HTTP/1.1" 200 1565 "https://www.luffycity.com/free-course/132" "Scrapy/1.7.3 (+https://scrapy.org)" 
123.14.254.74, 39.97.49.232 - - [19/Mar/2021:07:39:35 +0800] "GET /api/v1/course/actual/23/?courseType=actual&id=23 HTTP/1.1" 200 1083 "https://www.luffycity.com/actual-course/23/detail" "Scrapy/1.7.3 (+https://scrapy.org)" 
112.66.104.54, 39.97.49.232 - - [19/Mar/2021:07:39:35 +0800] "GET /api/v1/course/actual/105/?courseType=actual&id=105 HTTP/1.1" 200 966 "https://www.luffycity.com/free-course/143/detail" "Scrapy/1.7.3 (+https://scrapy.org)" 
36.248.89.34, 39.97.49.232 - - [19/Mar/2021:07:39:36 +0800] "GET /api/v1/auth/token/ HTTP/1.1" 200 29 "https://www.luffycity.com/actual-course/4/detail" "Scrapy/1.7.3 (+https://scrapy.org)" 
220.250.10.57, 39.97.49.232 - - [19/Mar/2021:07:39:36 +0800] "GET /api/v1/auth/token/ HTTP/1.1" 200 29 "https://www.luffycity.com/actual-course/11/detail" "Scrapy/1.7.3 (+https://scrapy.org)" 
112.66.104.54, 39.97.49.232 - - [19/Mar/2021:07:39:36 +0800] "GET /api/v1/result/ HTTP/1.1" 200 231 "https://www.luffycity.com/free-course/143/detail" "Scrapy/1.7.3 (+https://scrapy.org)" 
123.14.254.74, 39.97.49.232 - - [19/Mar/2021:07:39:36 +0800] "GET /api/v1/auth/token/ HTTP/1.1" 200 29 "https://www.luffycity.com/free-course/125" "Scrapy/1.7.3 (+https://scrapy.org)" 
36.248.89.34, 39.97.49.232 - - [19/Mar/2021:07:39:36 +0800] "GET /api/v1/course/actual/4/?courseType=actual&id=4 HTTP/1.1" 200 907 "https://www.luffycity.com/actual-course/4/detail" "Scrapy/1.7.3 (+https://scrapy.org)" 
123.14.254.74, 39.97.49.232 - - [19/Mar/2021:07:39:36 +0800] "GET /api/v1/result/ HTTP/1.1" 200 231 "https://www.luffycity.com/free-course/125" "Scrapy/1.7.3 (+https://scrapy.org)" 
175.152.111.212, 39.97.49.232 - - [19/Mar/2021:07:39:36 +0800] "GET /api/v1/course/free/126/?courseType=free&id=126 HTTP/1.1" 200 1986 "https://www.luffycity.com/free-course/126" "Scrapy/1.7.3 (+https://scrapy.org)" 
123.14.254.74, 39.97.49.232 - - [19/Mar/2021:07:39:38 +0800] "GET /api/v1/auth/token/ HTTP/1.1" 200 29 "https://www.luffycity.com/free-course/125" "Scrapy/1.7.3 (+https://scrapy.org)" 
106.4.161.104, 39.97.49.232 - - [19/Mar/2021:07:39:38 +0800] "GET /api/v1/auth/token/ HTTP/1.1" 200 29 "https://www.luffycity.com/actual-course/23/detail" "Scrapy/1.7.3 (+https://scrapy.org)" 
221.13.12.227, 39.97.49.232 - - [19/Mar/2021:07:39:38 +0800] "GET /api/v1/auth/token/ HTTP/1.1" 200 29 "https://www.luffycity.com/actual-course/105/detail" "Scrapy/1.7.3 (+https://scrapy.org)" 
112.66.104.54, 39.97.49.232 - - [19/Mar/2021:07:39:38 +0800] "GET /api/v1/auth/token/ HTTP/1.1" 200 29 "https://www.luffycity.com/actual-course/11/detail" "Scrapy/1.7.3 (+https://scrapy.org)" 
220.250.10.57, 39.97.49.232 - - [19/Mar/2021:07:39:38 +0800] "GET /api/v1/auth/token/ HTTP/1.1" 200 29 "https://www.luffycity.com/actual-course/2/detail" "Scrapy/1.7.3 (+https://scrapy.org)" 
106.4.161.104, 39.97.49.232 - - [19/Mar/2021:07:39:38 +0800] "GET /api/v1/result/ HTTP/1.1" 200 231 "https://www.luffycity.com/actual-course/23/detail" "Scrapy/1.7.3 (+https://scrapy.org)" 
