220.173.183.233 - - [19/Mar/2021:20:45:42 +0800] "GET /api/v1/study/degrees/1/?degree_id=1 HTTP/1.1" 200 1986 "https://www.luffycity.com/study/degree" "Mozilla/5.0 (Windows NT 10.0; WOW64) AppleWebKit/537.36 (KHTML, like Gecko) Chrome/78.0.3904.108 Safari/537.36" 
117.95.194.212 - - [19/Mar/2021:20:45:54 +0800] "OPTIONS /api/v1/play/sections/?section_id=27900 HTTP/1.1" 200 0 "https://www.luffycity.com/" "Mozilla/5.0 (Macintosh; Intel Mac OS X 11_3_0) AppleWebKit/537.36 (KHTML, like Gecko) Chrome/89.0.4389.90 Safari/537.36 Edg/89.0.774.54" 
117.95.194.212 - - [19/Mar/2021:20:45:54 +0800] "OPTIONS /api/v1/play/27900/?play_id=27900 HTTP/1.1" 200 0 "https://www.luffycity.com/" "Mozilla/5.0 (Macintosh; Intel Mac OS X 11_3_0) AppleWebKit/537.36 (KHTML, like Gecko) Chrome/89.0.4389.90 Safari/537.36 Edg/89.0.774.54" 
117.95.194.212 - - [19/Mar/2021:20:45:54 +0800] "GET /api/v1/play/sections/?section_id=27900 HTTP/1.1" 200 5603 "https://www.luffycity.com/" "Mozilla/5.0 (Macintosh; Intel Mac OS X 11_3_0) AppleWebKit/537.36 (KHTML, like Gecko) Chrome/89.0.4389.90 Safari/537.36 Edg/89.0.774.54" 
117.95.194.212 - - [19/Mar/2021:20:45:54 +0800] "GET /api/v1/play/27900/?play_id=27900 HTTP/1.1" 200 434 "https://www.luffycity.com/" "Mozilla/5.0 (Macintosh; Intel Mac OS X 11_3_0) AppleWebKit/537.36 (KHTML, like Gecko) Chrome/89.0.4389.90 Safari/537.36 Edg/89.0.774.54" 
112.3.10.99, 39.97.49.232 - - [19/Mar/2021:20:46:04 +0800] "GET /api/v1/result/ HTTP/1.1" 200 231 "https://www.luffycity.com/play/28648" "Mozilla/5.0 (Windows NT 10.0; Win64; x64) AppleWebKit/537.36 (KHTML, like Gecko) Chrome/89.0.4389.90 Safari/537.36" 
112.3.10.99 - - [19/Mar/2021:20:46:05 +0800] "GET /api/v1/survey/section/28648/?sectionId=28648 HTTP/1.1" 200 64 "https://www.luffycity.com/" "Mozilla/5.0 (Windows NT 10.0; Win64; x64) AppleWebKit/537.36 (KHTML, like Gecko) Chrome/89.0.4389.90 Safari/537.36" 
112.3.10.99 - - [19/Mar/2021:20:46:05 +0800] "GET /api/v1/comment/?section_id=28648&limit=10&offset=0 HTTP/1.1" 200 1367 "https://www.luffycity.com/" "Mozilla/5.0 (Windows NT 10.0; Win64; x64) AppleWebKit/537.36 (KHTML, like Gecko) Chrome/89.0.4389.90 Safari/537.36" 
221.226.22.114 - - [19/Mar/2021:20:46:07 +0800] "POST /api/v1/survey/section/579/?sectionId=579 HTTP/1.1" 200 10 "https://www.luffycity.com/" "Mozilla/5.0 (Windows NT 10.0; Win64; x64) AppleWebKit/537.36 (KHTML, like Gecko) Chrome/89.0.4389.82 Safari/537.36" 
221.226.22.114 - - [19/Mar/2021:20:46:09 +0800] "OPTIONS /api/v1/comment/?section_id=662&limit=10&offset=0 HTTP/1.1" 200 0 "https://www.luffycity.com/" "Mozilla/5.0 (Windows NT 10.0; Win64; x64) AppleWebKit/537.36 (KHTML, like Gecko) Chrome/89.0.4389.82 Safari/537.36" 
221.226.22.114 - - [19/Mar/2021:20:46:09 +0800] "OPTIONS /api/v1/survey/section/662/?sectionId=662 HTTP/1.1" 200 0 "https://www.luffycity.com/" "Mozilla/5.0 (Windows NT 10.0; Win64; x64) AppleWebKit/537.36 (KHTML, like Gecko) Chrome/89.0.4389.82 Safari/537.36" 
221.226.22.114 - - [19/Mar/2021:20:46:09 +0800] "GET /api/v1/survey/section/662/?sectionId=662 HTTP/1.1" 200 10 "https://www.luffycity.com/" "Mozilla/5.0 (Windows NT 10.0; Win64; x64) AppleWebKit/537.36 (KHTML, like Gecko) Chrome/89.0.4389.82 Safari/537.36" 
221.226.22.114 - - [19/Mar/2021:20:46:10 +0800] "GET /api/v1/comment/?section_id=662&limit=10&offset=0 HTTP/1.1" 200 1547 "https://www.luffycity.com/" "Mozilla/5.0 (Windows NT 10.0; Win64; x64) AppleWebKit/537.36 (KHTML, like Gecko) Chrome/89.0.4389.82 Safari/537.36" 
111.9.215.73 - - [19/Mar/2021:20:46:14 +0800] "OPTIONS /api/v1/play/sections/?section_id=30942 HTTP/1.1" 200 0 "https://www.luffycity.com/" "Mozilla/5.0 (Windows NT 10.0; Win64; x64) AppleWebKit/537.36 (KHTML, like Gecko) Chrome/89.0.4389.90 Safari/537.36 Edg/89.0.774.54" 
111.9.215.73 - - [19/Mar/2021:20:46:14 +0800] "OPTIONS /api/v1/play/30942/?play_id=30942 HTTP/1.1" 200 0 "https://www.luffycity.com/" "Mozilla/5.0 (Windows NT 10.0; Win64; x64) AppleWebKit/537.36 (KHTML, like Gecko) Chrome/89.0.4389.90 Safari/537.36 Edg/89.0.774.54" 
111.9.215.73 - - [19/Mar/2021:20:46:14 +0800] "GET /api/v1/survey/section/30942/?sectionId=30942 HTTP/1.1" 200 10 "https://www.luffycity.com/" "Mozilla/5.0 (Windows NT 10.0; Win64; x64) AppleWebKit/537.36 (KHTML, like Gecko) Chrome/89.0.4389.90 Safari/537.36 Edg/89.0.774.54" 
111.9.215.73 - - [19/Mar/2021:20:46:14 +0800] "GET /api/v1/play/sections/?section_id=30942 HTTP/1.1" 200 3008 "https://www.luffycity.com/" "Mozilla/5.0 (Windows NT 10.0; Win64; x64) AppleWebKit/537.36 (KHTML, like Gecko) Chrome/89.0.4389.90 Safari/537.36 Edg/89.0.774.54" 
112.3.10.99, 39.97.49.232 - - [19/Mar/2021:20:46:18 +0800] "GET /api/v1/result/ HTTP/1.1" 200 231 "https://www.luffycity.com/play/28648" "Mozilla/5.0 (Windows NT 10.0; Win64; x64) AppleWebKit/537.36 (KHTML, like Gecko) Chrome/89.0.4389.90 Safari/537.36" 
112.3.10.99 - - [19/Mar/2021:20:46:18 +0800] "GET /api/v1/survey/section/28648/?sectionId=28648 HTTP/1.1" 200 64 "https://www.luffycity.com/" "Mozilla/5.0 (Windows NT 10.0; Win64; x64) AppleWebKit/537.36 (KHTML, like Gecko) Chrome/89.0.4389.90 Safari/537.36" 
112.3.10.99 - - [19/Mar/2021:20:46:18 +0800] "GET /api/v1/comment/?section_id=28648&limit=10&offset=0 HTTP/1.1" 200 1367 "https://www.luffycity.com/" "Mozilla/5.0 (Windows NT 10.0; Win64; x64) AppleWebKit/537.36 (KHTML, like Gecko) Chrome/89.0.4389.90 Safari/537.36" 
112.86.218.14 - - [19/Mar/2021:20:46:22 +0800] "OPTIONS /api/v1/play/sections/?section_id=15200 HTTP/1.1" 200 0 "https://www.luffycity.com/" "Mozilla/5.0 (Windows NT 10.0; Win64; x64) AppleWebKit/537.36 (KHTML, like Gecko) Chrome/89.0.4389.90 Safari/537.36" 
112.86.218.14 - - [19/Mar/2021:20:46:22 +0800] "OPTIONS /api/v1/survey/section/15200/?sectionId=15200 HTTP/1.1" 200 0 "https://www.luffycity.com/" "Mozilla/5.0 (Windows NT 10.0; Win64; x64) AppleWebKit/537.36 (KHTML, like Gecko) Chrome/89.0.4389.90 Safari/537.36" 
112.86.218.14 - - [19/Mar/2021:20:46:22 +0800] "GET /api/v1/play/sections/?section_id=15200 HTTP/1.1" 200 986 "https://www.luffycity.com/" "Mozilla/5.0 (Windows NT 10.0; Win64; x64) AppleWebKit/537.36 (KHTML, like Gecko) Chrome/89.0.4389.90 Safari/537.36" 
112.86.218.14 - - [19/Mar/2021:20:46:22 +0800] "GET /api/v1/play/15200/?play_id=15200 HTTP/1.1" 200 396 "https://www.luffycity.com/" "Mozilla/5.0 (Windows NT 10.0; Win64; x64) AppleWebKit/537.36 (KHTML, like Gecko) Chrome/89.0.4389.90 Safari/537.36" 
113.141.113.111, 39.97.49.232 - - [19/Mar/2021:20:46:23 +0800] "GET /api/v1/auth/token/ HTTP/1.1" 200 29 "-" "Mozilla/5.0 (Windows NT 10.0; Win64; x64) AppleWebKit/537.36 (KHTML, like Gecko) Chrome/89.0.4389.90 Safari/537.36" 
113.141.113.111 - - [19/Mar/2021:20:46:25 +0800] "OPTIONS /api/v1/auth/wechat/ HTTP/1.1" 200 0 "https://www.luffycity.com/" "Mozilla/5.0 (Windows NT 10.0; Win64; x64) AppleWebKit/537.36 (KHTML, like Gecko) Chrome/89.0.4389.90 Safari/537.36" 
112.3.10.99, 39.97.49.232 - - [19/Mar/2021:20:46:30 +0800] "GET /api/v1/auth/token/ HTTP/1.1" 200 29 "https://www.luffycity.com/play/28648" "Mozilla/5.0 (Windows NT 10.0; Win64; x64) AppleWebKit/537.36 (KHTML, like Gecko) Chrome/89.0.4389.90 Safari/537.36" 
112.3.10.99, 39.97.49.232 - - [19/Mar/2021:20:46:30 +0800] "GET /api/v1/result/ HTTP/1.1" 200 231 "https://www.luffycity.com/play/28648" "Mozilla/5.0 (Windows NT 10.0; Win64; x64) AppleWebKit/537.36 (KHTML, like Gecko) Chrome/89.0.4389.90 Safari/537.36" 
112.3.10.99 - - [19/Mar/2021:20:46:31 +0800] "GET /api/v1/survey/section/28648/?sectionId=28648 HTTP/1.1" 200 64 "https://www.luffycity.com/" "Mozilla/5.0 (Windows NT 10.0; Win64; x64) AppleWebKit/537.36 (KHTML, like Gecko) Chrome/89.0.4389.90 Safari/537.36" 
112.3.10.99 - - [19/Mar/2021:20:46:31 +0800] "GET /api/v1/comment/?section_id=28648&limit=10&offset=0 HTTP/1.1" 200 1367 "https://www.luffycity.com/" "Mozilla/5.0 (Windows NT 10.0; Win64; x64) AppleWebKit/537.36 (KHTML, like Gecko) Chrome/89.0.4389.90 Safari/537.36" 
117.154.89.17 - - [19/Mar/2021:20:46:31 +0800] "OPTIONS /api/v1/comment/?section_id=30889&limit=10&offset=0 HTTP/1.1" 200 0 "https://www.luffycity.com/" "Mozilla/5.0 (Macintosh; Intel Mac OS X 11_2_3) AppleWebKit/537.36 (KHTML, like Gecko) Chrome/89.0.4389.90 Safari/537.36" 
117.154.89.17 - - [19/Mar/2021:20:46:31 +0800] "OPTIONS /api/v1/survey/section/30889/?sectionId=30889 HTTP/1.1" 200 0 "https://www.luffycity.com/" "Mozilla/5.0 (Macintosh; Intel Mac OS X 11_2_3) AppleWebKit/537.36 (KHTML, like Gecko) Chrome/89.0.4389.90 Safari/537.36" 
117.154.89.17 - - [19/Mar/2021:20:46:31 +0800] "GET /api/v1/survey/section/30889/?sectionId=30889 HTTP/1.1" 200 10 "https://www.luffycity.com/" "Mozilla/5.0 (Macintosh; Intel Mac OS X 11_2_3) AppleWebKit/537.36 (KHTML, like Gecko) Chrome/89.0.4389.90 Safari/537.36" 
117.154.89.17 - - [19/Mar/2021:20:46:32 +0800] "GET /api/v1/play/sections/?section_id=30889 HTTP/1.1" 200 3337 "https://www.luffycity.com/" "Mozilla/5.0 (Macintosh; Intel Mac OS X 11_2_3) AppleWebKit/537.36 (KHTML, like Gecko) Chrome/89.0.4389.90 Safari/537.36" 
113.141.113.111, 39.97.49.232 - - [19/Mar/2021:20:46:36 +0800] "GET /api/v1/auth/token/ HTTP/1.1" 200 29 "https://open.weixin.qq.com/" "Mozilla/5.0 (Windows NT 10.0; Win64; x64) AppleWebKit/537.36 (KHTML, like Gecko) Chrome/89.0.4389.90 Safari/537.36" 
113.141.113.111, 39.97.49.232 - - [19/Mar/2021:20:46:36 +0800] "GET /api/v1/result/ HTTP/1.1" 200 231 "https://open.weixin.qq.com/" "Mozilla/5.0 (Windows NT 10.0; Win64; x64) AppleWebKit/537.36 (KHTML, like Gecko) Chrome/89.0.4389.90 Safari/537.36" 
113.141.113.111 - - [19/Mar/2021:20:46:37 +0800] "POST /api/v1/auth/wechat/ HTTP/1.1" 200 289 "https://www.luffycity.com/" "Mozilla/5.0 (Windows NT 10.0; Win64; x64) AppleWebKit/537.36 (KHTML, like Gecko) Chrome/89.0.4389.90 Safari/537.36" 
113.141.113.111 - - [19/Mar/2021:20:46:37 +0800] "GET /api/v1/auth/token/ HTTP/1.1" 200 390 "https://www.luffycity.com/" "Mozilla/5.0 (Windows NT 10.0; Win64; x64) AppleWebKit/537.36 (KHTML, like Gecko) Chrome/89.0.4389.90 Safari/537.36" 
113.141.113.111 - - [19/Mar/2021:20:46:42 +0800] "OPTIONS /api/v1/study/data/ HTTP/1.1" 200 0 "https://www.luffycity.com/" "Mozilla/5.0 (Windows NT 10.0; Win64; x64) AppleWebKit/537.36 (KHTML, like Gecko) Chrome/89.0.4389.90 Safari/537.36" 
113.141.113.111 - - [19/Mar/2021:20:46:42 +0800] "GET /api/v1/study/degrees/0/mentor/?degree_id=0 HTTP/1.1" 200 137 "https://www.luffycity.com/" "Mozilla/5.0 (Windows NT 10.0; Win64; x64) AppleWebKit/537.36 (KHTML, like Gecko) Chrome/89.0.4389.90 Safari/537.36" 
113.141.113.111 - - [19/Mar/2021:20:46:42 +0800] "GET /api/v1/study/degrees/ HTTP/1.1" 200 146 "https://www.luffycity.com/" "Mozilla/5.0 (Windows NT 10.0; Win64; x64) AppleWebKit/537.36 (KHTML, like Gecko) Chrome/89.0.4389.90 Safari/537.36" 
113.141.113.111 - - [19/Mar/2021:20:46:42 +0800] "OPTIONS /api/v1/study/data/?degree_id=1 HTTP/1.1" 200 0 "https://www.luffycity.com/" "Mozilla/5.0 (Windows NT 10.0; Win64; x64) AppleWebKit/537.36 (KHTML, like Gecko) Chrome/89.0.4389.90 Safari/537.36" 
113.141.113.111 - - [19/Mar/2021:20:46:42 +0800] "GET /api/v1/study/degrees/1/mentor/?degree_id=1 HTTP/1.1" 200 188 "https://www.luffycity.com/" "Mozilla/5.0 (Windows NT 10.0; Win64; x64) AppleWebKit/537.36 (KHTML, like Gecko) Chrome/89.0.4389.90 Safari/537.36" 
113.141.113.111 - - [19/Mar/2021:20:46:42 +0800] "GET /api/v1/study/degrees/1/?degree_id=1 HTTP/1.1" 200 1949 "https://www.luffycity.com/" "Mozilla/5.0 (Windows NT 10.0; Win64; x64) AppleWebKit/537.36 (KHTML, like Gecko) Chrome/89.0.4389.90 Safari/537.36" 
1.198.17.107, 39.97.49.232 - - [19/Mar/2021:20:46:44 +0800] "GET /api/v1/auth/token/ HTTP/1.1" 200 378 "-" "Mozilla/5.0 (Windows NT 10.0; Win64; x64) AppleWebKit/537.36 (KHTML, like Gecko) Chrome/89.0.4389.90 Safari/537.36" 
1.198.17.107, 39.97.49.232 - - [19/Mar/2021:20:46:44 +0800] "GET /api/v1/result/ HTTP/1.1" 200 231 "-" "Mozilla/5.0 (Windows NT 10.0; Win64; x64) AppleWebKit/537.36 (KHTML, like Gecko) Chrome/89.0.4389.90 Safari/537.36" 
113.141.113.111 - - [19/Mar/2021:20:46:46 +0800] "OPTIONS /api/v1/study/module/281/homework/222/?moduleId=281&homeworkId=222 HTTP/1.1" 200 0 "https://www.luffycity.com/" "Mozilla/5.0 (Windows NT 10.0; Win64; x64) AppleWebKit/537.36 (KHTML, like Gecko) Chrome/89.0.4389.90 Safari/537.36" 
113.141.113.111 - - [19/Mar/2021:20:46:46 +0800] "GET /api/v1/study/module/281/homework/222/?moduleId=281&homeworkId=222 HTTP/1.1" 200 2028 "https://www.luffycity.com/" "Mozilla/5.0 (Windows NT 10.0; Win64; x64) AppleWebKit/537.36 (KHTML, like Gecko) Chrome/89.0.4389.90 Safari/537.36" 
113.141.113.111 - - [19/Mar/2021:20:46:46 +0800] "GET /api/v1/survey/homework/?surveyType=homework&related_id=31960 HTTP/1.1" 200 29 "https://www.luffycity.com/" "Mozilla/5.0 (Windows NT 10.0; Win64; x64) AppleWebKit/537.36 (KHTML, like Gecko) Chrome/89.0.4389.90 Safari/537.36" 
112.3.10.99, 39.97.49.232 - - [19/Mar/2021:20:46:46 +0800] "GET /api/v1/result/ HTTP/1.1" 200 231 "https://www.luffycity.com/play/28648" "Mozilla/5.0 (Windows NT 10.0; Win64; x64) AppleWebKit/537.36 (KHTML, like Gecko) Chrome/89.0.4389.90 Safari/537.36" 
112.3.10.99 - - [19/Mar/2021:20:46:47 +0800] "GET /api/v1/play/28648/?play_id=28648 HTTP/1.1" 200 64 "https://www.luffycity.com/" "Mozilla/5.0 (Windows NT 10.0; Win64; x64) AppleWebKit/537.36 (KHTML, like Gecko) Chrome/89.0.4389.90 Safari/537.36" 
112.3.10.99 - - [19/Mar/2021:20:46:47 +0800] "GET /api/v1/play/sections/?section_id=28648 HTTP/1.1" 200 3429 "https://www.luffycity.com/" "Mozilla/5.0 (Windows NT 10.0; Win64; x64) AppleWebKit/537.36 (KHTML, like Gecko) Chrome/89.0.4389.90 Safari/537.36" 
1.198.17.107 - - [19/Mar/2021:20:46:47 +0800] "OPTIONS /api/v1/comment/?section_id=2563&limit=10&offset=0 HTTP/1.1" 200 0 "https://www.luffycity.com/" "Mozilla/5.0 (Windows NT 10.0; Win64; x64) AppleWebKit/537.36 (KHTML, like Gecko) Chrome/89.0.4389.90 Safari/537.36" 
1.198.17.107 - - [19/Mar/2021:20:46:47 +0800] "OPTIONS /api/v1/survey/section/2563/?sectionId=2563 HTTP/1.1" 200 0 "https://www.luffycity.com/" "Mozilla/5.0 (Windows NT 10.0; Win64; x64) AppleWebKit/537.36 (KHTML, like Gecko) Chrome/89.0.4389.90 Safari/537.36" 
1.198.17.107 - - [19/Mar/2021:20:46:47 +0800] "GET /api/v1/survey/section/2563/?sectionId=2563 HTTP/1.1" 200 10 "https://www.luffycity.com/" "Mozilla/5.0 (Windows NT 10.0; Win64; x64) AppleWebKit/537.36 (KHTML, like Gecko) Chrome/89.0.4389.90 Safari/537.36" 
1.198.17.107 - - [19/Mar/2021:20:46:47 +0800] "GET /api/v1/play/2563/?play_id=2563 HTTP/1.1" 200 388 "https://www.luffycity.com/" "Mozilla/5.0 (Windows NT 10.0; Win64; x64) AppleWebKit/537.36 (KHTML, like Gecko) Chrome/89.0.4389.90 Safari/537.36" 
113.141.113.111 - - [19/Mar/2021:20:46:48 +0800] "GET /api/v1/study/module/281/homework/224/?moduleId=281&homeworkId=224 HTTP/1.1" 200 902 "https://www.luffycity.com/" "Mozilla/5.0 (Windows NT 10.0; Win64; x64) AppleWebKit/537.36 (KHTML, like Gecko) Chrome/89.0.4389.90 Safari/537.36" 
113.141.113.111 - - [19/Mar/2021:20:46:48 +0800] "GET /api/v1/survey/check/?surveyType=check&related_id=31972 HTTP/1.1" 200 29 "https://www.luffycity.com/" "Mozilla/5.0 (Windows NT 10.0; Win64; x64) AppleWebKit/537.36 (KHTML, like Gecko) Chrome/89.0.4389.90 Safari/537.36" 
112.3.10.99, 39.97.49.232 - - [19/Mar/2021:20:46:50 +0800] "GET /api/v1/result/ HTTP/1.1" 200 231 "https://www.luffycity.com/play/28648" "Mozilla/5.0 (Windows NT 10.0; Win64; x64) AppleWebKit/537.36 (KHTML, like Gecko) Chrome/89.0.4389.90 Safari/537.36" 
112.3.10.99 - - [19/Mar/2021:20:46:50 +0800] "GET /api/v1/play/28648/?play_id=28648 HTTP/1.1" 200 64 "https://www.luffycity.com/" "Mozilla/5.0 (Windows NT 10.0; Win64; x64) AppleWebKit/537.36 (KHTML, like Gecko) Chrome/89.0.4389.90 Safari/537.36" 
112.3.10.99 - - [19/Mar/2021:20:46:51 +0800] "GET /api/v1/play/sections/?section_id=28648 HTTP/1.1" 200 3429 "https://www.luffycity.com/" "Mozilla/5.0 (Windows NT 10.0; Win64; x64) AppleWebKit/537.36 (KHTML, like Gecko) Chrome/89.0.4389.90 Safari/537.36" 
112.0.211.141 - - [19/Mar/2021:20:46:54 +0800] "OPTIONS /api/v1/play/26784/?play_id=26784 HTTP/1.1" 200 0 "-" "Mozilla/5.0 (Windows NT 10.0; WOW64) AppleWebKit/537.36 (KHTML, like Gecko) Chrome/65.0.3325.181 Safari/537.36" 
112.0.211.141 - - [19/Mar/2021:20:46:54 +0800] "OPTIONS /api/v1/play/sections/?section_id=26784 HTTP/1.1" 200 0 "-" "Mozilla/5.0 (Windows NT 10.0; WOW64) AppleWebKit/537.36 (KHTML, like Gecko) Chrome/65.0.3325.181 Safari/537.36" 
112.0.211.141 - - [19/Mar/2021:20:46:54 +0800] "GET /api/v1/survey/section/26784/?sectionId=26784 HTTP/1.1" 200 10 "https://www.luffycity.com/play/26784" "Mozilla/5.0 (Windows NT 10.0; WOW64) AppleWebKit/537.36 (KHTML, like Gecko) Chrome/65.0.3325.181 Safari/537.36" 
112.0.211.141 - - [19/Mar/2021:20:46:54 +0800] "GET /api/v1/play/26784/?play_id=26784 HTTP/1.1" 200 403 "https://www.luffycity.com/play/26784" "Mozilla/5.0 (Windows NT 10.0; WOW64) AppleWebKit/537.36 (KHTML, like Gecko) Chrome/65.0.3325.181 Safari/537.36" 
113.141.113.111 - - [19/Mar/2021:20:46:56 +0800] "GET /api/v1/survey/check/?surveyType=check&related_id=31972 HTTP/1.1" 200 29 "https://www.luffycity.com/" "Mozilla/5.0 (Windows NT 10.0; Win64; x64) AppleWebKit/537.36 (KHTML, like Gecko) Chrome/89.0.4389.90 Safari/537.36" 
113.141.113.111 - - [19/Mar/2021:20:46:56 +0800] "GET /api/v1/survey/check/?surveyType=check&related_id=31972 HTTP/1.1" 200 29 "https://www.luffycity.com/" "Mozilla/5.0 (Windows NT 10.0; Win64; x64) AppleWebKit/537.36 (KHTML, like Gecko) Chrome/89.0.4389.90 Safari/537.36" 
112.3.10.99, 39.97.49.232 - - [19/Mar/2021:20:46:57 +0800] "GET /api/v1/auth/token/ HTTP/1.1" 200 29 "-" "Mozilla/5.0 (Windows NT 10.0; Win64; x64) AppleWebKit/537.36 (KHTML, like Gecko) Chrome/89.0.4389.90 Safari/537.36" 
112.3.10.99, 39.97.49.232 - - [19/Mar/2021:20:46:57 +0800] "GET /api/v1/result/ HTTP/1.1" 200 231 "-" "Mozilla/5.0 (Windows NT 10.0; Win64; x64) AppleWebKit/537.36 (KHTML, like Gecko) Chrome/89.0.4389.90 Safari/537.36" 
112.3.10.99 - - [19/Mar/2021:20:46:58 +0800] "OPTIONS /api/v1/result/enroll/?resultType=enroll&limit=2 HTTP/1.1" 200 0 "https://www.luffycity.com/" "Mozilla/5.0 (Windows NT 10.0; Win64; x64) AppleWebKit/537.36 (KHTML, like Gecko) Chrome/89.0.4389.90 Safari/537.36" 
220.173.183.233 - - [19/Mar/2021:20:47:06 +0800] "OPTIONS /api/v1/comment/?section_id=2987&limit=10&offset=0 HTTP/1.1" 200 0 "https://www.luffycity.com/play/2987" "Mozilla/5.0 (Windows NT 10.0; WOW64) AppleWebKit/537.36 (KHTML, like Gecko) Chrome/78.0.3904.108 Safari/537.36" 
220.173.183.233 - - [19/Mar/2021:20:47:06 +0800] "OPTIONS /api/v1/survey/section/2987/?sectionId=2987 HTTP/1.1" 200 0 "https://www.luffycity.com/play/2987" "Mozilla/5.0 (Windows NT 10.0; WOW64) AppleWebKit/537.36 (KHTML, like Gecko) Chrome/78.0.3904.108 Safari/537.36" 
220.173.183.233 - - [19/Mar/2021:20:47:06 +0800] "GET /api/v1/play/sections/?section_id=2987 HTTP/1.1" 200 5428 "https://www.luffycity.com/play/2987" "Mozilla/5.0 (Windows NT 10.0; WOW64) AppleWebKit/537.36 (KHTML, like Gecko) Chrome/78.0.3904.108 Safari/537.36" 
220.173.183.233 - - [19/Mar/2021:20:47:06 +0800] "GET /api/v1/play/2987/?play_id=2987 HTTP/1.1" 200 464 "https://www.luffycity.com/play/2987" "Mozilla/5.0 (Windows NT 10.0; WOW64) AppleWebKit/537.36 (KHTML, like Gecko) Chrome/78.0.3904.108 Safari/537.36" 
125.69.45.111 - - [19/Mar/2021:20:47:15 +0800] "OPTIONS /api/v1/play/sections/?section_id=30860 HTTP/1.1" 200 0 "https://www.luffycity.com/" "Mozilla/5.0 (Windows NT 10.0; Win64; x64) AppleWebKit/537.36 (KHTML, like Gecko) Chrome/89.0.4389.90 Safari/537.36" 
125.69.45.111 - - [19/Mar/2021:20:47:15 +0800] "OPTIONS /api/v1/play/30860/?play_id=30860 HTTP/1.1" 200 0 "https://www.luffycity.com/" "Mozilla/5.0 (Windows NT 10.0; Win64; x64) AppleWebKit/537.36 (KHTML, like Gecko) Chrome/89.0.4389.90 Safari/537.36" 
125.69.45.111 - - [19/Mar/2021:20:47:15 +0800] "GET /api/v1/play/sections/?section_id=30860 HTTP/1.1" 200 3333 "https://www.luffycity.com/" "Mozilla/5.0 (Windows NT 10.0; Win64; x64) AppleWebKit/537.36 (KHTML, like Gecko) Chrome/89.0.4389.90 Safari/537.36" 
125.69.45.111 - - [19/Mar/2021:20:47:15 +0800] "GET /api/v1/play/30860/?play_id=30860 HTTP/1.1" 200 399 "https://www.luffycity.com/" "Mozilla/5.0 (Windows NT 10.0; Win64; x64) AppleWebKit/537.36 (KHTML, like Gecko) Chrome/89.0.4389.90 Safari/537.36" 
14.106.231.234, 39.97.49.232 - - [19/Mar/2021:20:47:20 +0800] "GET /api/v1/auth/token/ HTTP/1.1" 200 29 "-" "Mozilla/5.0 (Windows NT 10.0; WOW64) AppleWebKit/537.36 (KHTML, like Gecko) Chrome/70.0.3538.25 Safari/537.36 Core/1.70.3861.400 QQBrowser/10.7.4313.400" 
125.122.180.15 - - [19/Mar/2021:20:47:20 +0800] "OPTIONS /api/v1/survey/section/31669/?sectionId=31669 HTTP/1.1" 200 0 "https://www.luffycity.com/play/31669" "Mozilla/5.0 (Windows NT 10.0; WOW64) AppleWebKit/537.36 (KHTML, like Gecko) Chrome/78.0.3904.108 Safari/537.36" 
125.122.180.15 - - [19/Mar/2021:20:47:20 +0800] "OPTIONS /api/v1/comment/?section_id=31669&limit=10&offset=0 HTTP/1.1" 200 0 "https://www.luffycity.com/play/31669" "Mozilla/5.0 (Windows NT 10.0; WOW64) AppleWebKit/537.36 (KHTML, like Gecko) Chrome/78.0.3904.108 Safari/537.36" 
125.122.180.15 - - [19/Mar/2021:20:47:20 +0800] "GET /api/v1/survey/section/31669/?sectionId=31669 HTTP/1.1" 200 10 "https://www.luffycity.com/play/31669" "Mozilla/5.0 (Windows NT 10.0; WOW64) AppleWebKit/537.36 (KHTML, like Gecko) Chrome/78.0.3904.108 Safari/537.36" 
125.122.180.15 - - [19/Mar/2021:20:47:20 +0800] "GET /api/v1/play/31669/?play_id=31669 HTTP/1.1" 200 420 "https://www.luffycity.com/play/31669" "Mozilla/5.0 (Windows NT 10.0; WOW64) AppleWebKit/537.36 (KHTML, like Gecko) Chrome/78.0.3904.108 Safari/537.36" 
14.106.231.234, 39.97.49.232 - - [19/Mar/2021:20:47:21 +0800] "GET /api/v1/result/ HTTP/1.1" 200 231 "-" "Mozilla/5.0 (Windows NT 10.0; WOW64) AppleWebKit/537.36 (KHTML, like Gecko) Chrome/70.0.3538.25 Safari/537.36 Core/1.70.3861.400 QQBrowser/10.7.4313.400" 
14.106.231.234, 39.97.49.232 - - [19/Mar/2021:20:47:21 +0800] "GET /api/v1/index/banner/ HTTP/1.1" 200 382 "-" "Mozilla/5.0 (Windows NT 10.0; WOW64) AppleWebKit/537.36 (KHTML, like Gecko) Chrome/70.0.3538.25 Safari/537.36 Core/1.70.3861.400 QQBrowser/10.7.4313.400" 
14.106.231.234, 39.97.49.232 - - [19/Mar/2021:20:47:21 +0800] "GET /api/v1/course/home-free/?limit=3 HTTP/1.1" 200 865 "-" "Mozilla/5.0 (Windows NT 10.0; WOW64) AppleWebKit/537.36 (KHTML, like Gecko) Chrome/70.0.3538.25 Safari/537.36 Core/1.70.3861.400 QQBrowser/10.7.4313.400" 
183.95.51.164 - - [19/Mar/2021:20:47:22 +0800] "GET /api/v1/study/degrees/23/mentor/?degree_id=23 HTTP/1.1" 200 188 "https://www.luffycity.com/" "Mozilla/5.0 (Windows NT 10.0; Win64; x64) AppleWebKit/537.36 (KHTML, like Gecko) Chrome/89.0.4389.90 Safari/537.36" 
183.95.51.164 - - [19/Mar/2021:20:47:22 +0800] "GET /api/v1/study/data/ HTTP/1.1" 200 111 "https://www.luffycity.com/" "Mozilla/5.0 (Windows NT 10.0; Win64; x64) AppleWebKit/537.36 (KHTML, like Gecko) Chrome/89.0.4389.90 Safari/537.36" 
183.95.51.164 - - [19/Mar/2021:20:47:22 +0800] "GET /api/v1/study/degrees/23/?degree_id=23 HTTP/1.1" 200 1633 "https://www.luffycity.com/" "Mozilla/5.0 (Windows NT 10.0; Win64; x64) AppleWebKit/537.36 (KHTML, like Gecko) Chrome/89.0.4389.90 Safari/537.36" 
183.95.51.164 - - [19/Mar/2021:20:47:23 +0800] "GET /api/v1/study/module/234/homework/203/?moduleId=234&homeworkId=203 HTTP/1.1" 200 2136 "https://www.luffycity.com/" "Mozilla/5.0 (Windows NT 10.0; Win64; x64) AppleWebKit/537.36 (KHTML, like Gecko) Chrome/89.0.4389.90 Safari/537.36" 
36.152.140.66, 39.97.49.232 - - [19/Mar/2021:20:47:26 +0800] "GET /api/v1/result/ HTTP/1.1" 200 231 "-" "Mozilla/5.0 (Windows NT 10.0; WOW64) AppleWebKit/537.36 (KHTML, like Gecko) Chrome/78.0.3904.108 Safari/537.36" 
36.152.140.66, 39.97.49.232 - - [19/Mar/2021:20:47:26 +0800] "GET /api/v1/index/banner/ HTTP/1.1" 200 382 "-" "Mozilla/5.0 (Windows NT 10.0; WOW64) AppleWebKit/537.36 (KHTML, like Gecko) Chrome/78.0.3904.108 Safari/537.36" 
36.152.140.66, 39.97.49.232 - - [19/Mar/2021:20:47:26 +0800] "GET /api/v1/course/actual/?limit=3 HTTP/1.1" 200 2342 "-" "Mozilla/5.0 (Windows NT 10.0; WOW64) AppleWebKit/537.36 (KHTML, like Gecko) Chrome/78.0.3904.108 Safari/537.36" 
36.152.140.66, 39.97.49.232 - - [19/Mar/2021:20:47:26 +0800] "GET /api/v1/course/degree/ HTTP/1.1" 200 949 "-" "Mozilla/5.0 (Windows NT 10.0; WOW64) AppleWebKit/537.36 (KHTML, like Gecko) Chrome/78.0.3904.108 Safari/537.36" 
120.244.224.203, 39.97.49.232 - - [19/Mar/2021:20:47:27 +0800] "GET /api/v1/auth/token/ HTTP/1.1" 200 393 "-" "Mozilla/5.0 (Windows NT 10.0; Win64; x64) AppleWebKit/537.36 (KHTML, like Gecko) Chrome/70.0.3538.102 Safari/537.36 Edge/18.18362" 
183.95.51.164 - - [19/Mar/2021:20:47:27 +0800] "GET /api/v1/study/module/234/homework/203/?moduleId=234&homeworkId=203 HTTP/1.1" 200 2136 "https://www.luffycity.com/" "Mozilla/5.0 (Windows NT 10.0; Win64; x64) AppleWebKit/537.36 (KHTML, like Gecko) Chrome/89.0.4389.90 Safari/537.36" 
36.152.140.66 - - [19/Mar/2021:20:47:27 +0800] "GET /api/v1/result/enroll/?resultType=enroll&limit=2 HTTP/1.1" 200 1878 "https://www.luffycity.com/" "Mozilla/5.0 (Windows NT 10.0; WOW64) AppleWebKit/537.36 (KHTML, like Gecko) Chrome/78.0.3904.108 Safari/537.36" 
120.244.224.203 - - [19/Mar/2021:20:47:28 +0800] "OPTIONS /api/v1/play/30827/?play_id=30827 HTTP/1.1" 200 0 "https://www.luffycity.com/play/30827" "Mozilla/5.0 (Windows NT 10.0; Win64; x64) AppleWebKit/537.36 (KHTML, like Gecko) Chrome/70.0.3538.102 Safari/537.36 Edge/18.18362" 
120.244.224.203 - - [19/Mar/2021:20:47:28 +0800] "OPTIONS /api/v1/survey/section/30827/?sectionId=30827 HTTP/1.1" 200 0 "https://www.luffycity.com/play/30827" "Mozilla/5.0 (Windows NT 10.0; Win64; x64) AppleWebKit/537.36 (KHTML, like Gecko) Chrome/70.0.3538.102 Safari/537.36 Edge/18.18362" 
120.244.224.203 - - [19/Mar/2021:20:47:28 +0800] "GET /api/v1/play/sections/?section_id=30827 HTTP/1.1" 200 3327 "https://www.luffycity.com/play/30827" "Mozilla/5.0 (Windows NT 10.0; Win64; x64) AppleWebKit/537.36 (KHTML, like Gecko) Chrome/70.0.3538.102 Safari/537.36 Edge/18.18362" 
120.244.224.203 - - [19/Mar/2021:20:47:28 +0800] "GET /api/v1/play/30827/?play_id=30827 HTTP/1.1" 200 393 "https://www.luffycity.com/play/30827" "Mozilla/5.0 (Windows NT 10.0; Win64; x64) AppleWebKit/537.36 (KHTML, like Gecko) Chrome/70.0.3538.102 Safari/537.36 Edge/18.18362" 
1.189.41.215, 39.97.49.232 - - [19/Mar/2021:20:47:30 +0800] "GET /api/v1/auth/token/ HTTP/1.1" 200 402 "-" "Mozilla/5.0 (Windows NT 10.0; Win64; x64) AppleWebKit/537.36 (KHTML, like Gecko) Chrome/89.0.4389.90 Safari/537.36" 
1.189.41.215, 39.97.49.232 - - [19/Mar/2021:20:47:30 +0800] "GET /api/v1/result/ HTTP/1.1" 200 231 "-" "Mozilla/5.0 (Windows NT 10.0; Win64; x64) AppleWebKit/537.36 (KHTML, like Gecko) Chrome/89.0.4389.90 Safari/537.36" 
1.189.41.215, 39.97.49.232 - - [19/Mar/2021:20:47:30 +0800] "GET /api/v1/index/banner/ HTTP/1.1" 200 382 "-" "Mozilla/5.0 (Windows NT 10.0; Win64; x64) AppleWebKit/537.36 (KHTML, like Gecko) Chrome/89.0.4389.90 Safari/537.36" 
1.189.41.215, 39.97.49.232 - - [19/Mar/2021:20:47:30 +0800] "GET /api/v1/course/actual/?limit=3 HTTP/1.1" 200 2342 "-" "Mozilla/5.0 (Windows NT 10.0; Win64; x64) AppleWebKit/537.36 (KHTML, like Gecko) Chrome/89.0.4389.90 Safari/537.36" 
1.189.41.215, 39.97.49.232 - - [19/Mar/2021:20:47:30 +0800] "GET /api/v1/course/degree/ HTTP/1.1" 200 949 "-" "Mozilla/5.0 (Windows NT 10.0; Win64; x64) AppleWebKit/537.36 (KHTML, like Gecko) Chrome/89.0.4389.90 Safari/537.36" 
120.244.224.203 - - [19/Mar/2021:20:47:32 +0800] "OPTIONS /api/v1/comment/?section_id=30828&limit=10&offset=0 HTTP/1.1" 200 0 "https://www.luffycity.com/play/30828" "Mozilla/5.0 (Windows NT 10.0; Win64; x64) AppleWebKit/537.36 (KHTML, like Gecko) Chrome/70.0.3538.102 Safari/537.36 Edge/18.18362" 
120.244.224.203 - - [19/Mar/2021:20:47:32 +0800] "OPTIONS /api/v1/survey/section/30828/?sectionId=30828 HTTP/1.1" 200 0 "https://www.luffycity.com/play/30828" "Mozilla/5.0 (Windows NT 10.0; Win64; x64) AppleWebKit/537.36 (KHTML, like Gecko) Chrome/70.0.3538.102 Safari/537.36 Edge/18.18362" 
120.244.224.203 - - [19/Mar/2021:20:47:32 +0800] "GET /api/v1/survey/section/30828/?sectionId=30828 HTTP/1.1" 200 10 "https://www.luffycity.com/play/30828" "Mozilla/5.0 (Windows NT 10.0; Win64; x64) AppleWebKit/537.36 (KHTML, like Gecko) Chrome/70.0.3538.102 Safari/537.36 Edge/18.18362" 
120.244.224.203 - - [19/Mar/2021:20:47:33 +0800] "GET /api/v1/play/30828/?play_id=30828 HTTP/1.1" 200 421 "https://www.luffycity.com/play/30828" "Mozilla/5.0 (Windows NT 10.0; Win64; x64) AppleWebKit/537.36 (KHTML, like Gecko) Chrome/70.0.3538.102 Safari/537.36 Edge/18.18362" 
14.106.224.92 - - [19/Mar/2021:20:47:42 +0800] "GET /api/v1/result/enroll/?resultType=enroll&limit=2 HTTP/1.1" 200 1878 "https://www.luffycity.com/" "Mozilla/5.0 (Windows NT 10.0; WOW64) AppleWebKit/537.36 (KHTML, like Gecko) Chrome/70.0.3538.25 Safari/537.36 Core/1.70.3861.400 QQBrowser/10.7.4313.400" 
222.20.78.134 - - [19/Mar/2021:20:47:51 +0800] "OPTIONS /api/v1/play/sections/?section_id=14273 HTTP/1.1" 200 0 "https://www.luffycity.com/" "Mozilla/5.0 (Windows NT 10.0; Win64; x64) AppleWebKit/537.36 (KHTML, like Gecko) Chrome/87.0.4280.66 Safari/537.36" 
222.20.78.134 - - [19/Mar/2021:20:47:51 +0800] "OPTIONS /api/v1/survey/section/14273/?sectionId=14273 HTTP/1.1" 200 0 "https://www.luffycity.com/" "Mozilla/5.0 (Windows NT 10.0; Win64; x64) AppleWebKit/537.36 (KHTML, like Gecko) Chrome/87.0.4280.66 Safari/537.36" 
222.20.78.134 - - [19/Mar/2021:20:47:51 +0800] "GET /api/v1/play/14273/?play_id=14273 HTTP/1.1" 200 460 "https://www.luffycity.com/" "Mozilla/5.0 (Windows NT 10.0; Win64; x64) AppleWebKit/537.36 (KHTML, like Gecko) Chrome/87.0.4280.66 Safari/537.36" 
222.20.78.134 - - [19/Mar/2021:20:47:51 +0800] "GET /api/v1/play/sections/?section_id=14273 HTTP/1.1" 200 6358 "https://www.luffycity.com/" "Mozilla/5.0 (Windows NT 10.0; Win64; x64) AppleWebKit/537.36 (KHTML, like Gecko) Chrome/87.0.4280.66 Safari/537.36" 
1.189.41.223 - - [19/Mar/2021:20:48:00 +0800] "GET /api/v1/study/degrees/0/mentor/?degree_id=0 HTTP/1.1" 200 137 "https://www.luffycity.com/" "Mozilla/5.0 (Windows NT 10.0; Win64; x64) AppleWebKit/537.36 (KHTML, like Gecko) Chrome/89.0.4389.90 Safari/537.36" 
1.189.41.223 - - [19/Mar/2021:20:48:00 +0800] "GET /api/v1/study/degrees/ HTTP/1.1" 200 146 "https://www.luffycity.com/" "Mozilla/5.0 (Windows NT 10.0; Win64; x64) AppleWebKit/537.36 (KHTML, like Gecko) Chrome/89.0.4389.90 Safari/537.36" 
1.189.41.223 - - [19/Mar/2021:20:48:00 +0800] "GET /api/v1/study/data/?degree_id=1 HTTP/1.1" 200 118 "https://www.luffycity.com/" "Mozilla/5.0 (Windows NT 10.0; Win64; x64) AppleWebKit/537.36 (KHTML, like Gecko) Chrome/89.0.4389.90 Safari/537.36" 
14.106.224.92 - - [19/Mar/2021:20:48:01 +0800] "GET /api/v1/auth/wechat/ HTTP/1.1" 200 232 "https://www.luffycity.com/" "Mozilla/5.0 (Windows NT 10.0; WOW64) AppleWebKit/537.36 (KHTML, like Gecko) Chrome/70.0.3538.25 Safari/537.36 Core/1.70.3861.400 QQBrowser/10.7.4313.400" 
1.189.41.223 - - [19/Mar/2021:20:48:02 +0800] "OPTIONS /api/v1/study/module/16/homework/?moduleId=16 HTTP/1.1" 200 0 "https://www.luffycity.com/" "Mozilla/5.0 (Windows NT 10.0; Win64; x64) AppleWebKit/537.36 (KHTML, like Gecko) Chrome/89.0.4389.90 Safari/537.36" 
1.189.41.223 - - [19/Mar/2021:20:48:02 +0800] "GET /api/v1/study/module/16/homework/?moduleId=16 HTTP/1.1" 200 599 "https://www.luffycity.com/" "Mozilla/5.0 (Windows NT 10.0; Win64; x64) AppleWebKit/537.36 (KHTML, like Gecko) Chrome/89.0.4389.90 Safari/537.36" 
1.189.41.223 - - [19/Mar/2021:20:48:02 +0800] "OPTIONS /api/v1/survey/homework/?surveyType=homework HTTP/1.1" 200 0 "https://www.luffycity.com/" "Mozilla/5.0 (Windows NT 10.0; Win64; x64) AppleWebKit/537.36 (KHTML, like Gecko) Chrome/89.0.4389.90 Safari/537.36" 
112.3.10.99 - - [19/Mar/2021:20:48:03 +0800] "GET /api/v1/course/actual/252/?courseType=actual&id=252 HTTP/1.1" 200 1138 "https://www.luffycity.com/" "Mozilla/5.0 (Windows NT 10.0; Win64; x64) AppleWebKit/537.36 (KHTML, like Gecko) Chrome/89.0.4389.90 Safari/537.36" 
112.3.10.99 - - [19/Mar/2021:20:48:03 +0800] "OPTIONS /api/v1/media/play/a34aa824b36d49ce82167d0bc66819a1/?suffix=a34aa824b36d49ce82167d0bc66819a1 HTTP/1.1" 200 0 "https://www.luffycity.com/" "Mozilla/5.0 (Windows NT 10.0; Win64; x64) AppleWebKit/537.36 (KHTML, like Gecko) Chrome/89.0.4389.90 Safari/537.36" 
112.3.10.99 - - [19/Mar/2021:20:48:03 +0800] "GET /api/v1/media/play/a34aa824b36d49ce82167d0bc66819a1/?suffix=a34aa824b36d49ce82167d0bc66819a1 HTTP/1.1" 200 1783 "https://www.luffycity.com/" "Mozilla/5.0 (Windows NT 10.0; Win64; x64) AppleWebKit/537.36 (KHTML, like Gecko) Chrome/89.0.4389.90 Safari/537.36" 
14.106.224.92 - - [19/Mar/2021:20:48:03 +0800] "POST /api/v1/auth/password/login/?loginWay=password HTTP/1.1" 200 274 "https://www.luffycity.com/" "Mozilla/5.0 (Windows NT 10.0; WOW64) AppleWebKit/537.36 (KHTML, like Gecko) Chrome/70.0.3538.25 Safari/537.36 Core/1.70.3861.400 QQBrowser/10.7.4313.400" 
14.106.224.92 - - [19/Mar/2021:20:48:03 +0800] "GET /api/v1/auth/token/ HTTP/1.1" 200 374 "https://www.luffycity.com/" "Mozilla/5.0 (Windows NT 10.0; WOW64) AppleWebKit/537.36 (KHTML, like Gecko) Chrome/70.0.3538.25 Safari/537.36 Core/1.70.3861.400 QQBrowser/10.7.4313.400" 
14.106.224.92 - - [19/Mar/2021:20:48:05 +0800] "OPTIONS /api/v1/study/data/ HTTP/1.1" 200 0 "-" "Mozilla/5.0 (Windows NT 10.0; WOW64) AppleWebKit/537.36 (KHTML, like Gecko) Chrome/70.0.3538.25 Safari/537.36 Core/1.70.3861.400 QQBrowser/10.7.4313.400" 
14.106.224.92 - - [19/Mar/2021:20:48:05 +0800] "GET /api/v1/study/degrees/0/mentor/?degree_id=0 HTTP/1.1" 200 137 "https://www.luffycity.com/study/degree" "Mozilla/5.0 (Windows NT 10.0; WOW64) AppleWebKit/537.36 (KHTML, like Gecko) Chrome/70.0.3538.25 Safari/537.36 Core/1.70.3861.400 QQBrowser/10.7.4313.400" 
14.106.224.92 - - [19/Mar/2021:20:48:06 +0800] "GET /api/v1/study/degrees/ HTTP/1.1" 200 402 "https://www.luffycity.com/study/degree" "Mozilla/5.0 (Windows NT 10.0; WOW64) AppleWebKit/537.36 (KHTML, like Gecko) Chrome/70.0.3538.25 Safari/537.36 Core/1.70.3861.400 QQBrowser/10.7.4313.400" 
14.106.224.92 - - [19/Mar/2021:20:48:06 +0800] "OPTIONS /api/v1/study/data/?degree_id=2 HTTP/1.1" 200 0 "-" "Mozilla/5.0 (Windows NT 10.0; WOW64) AppleWebKit/537.36 (KHTML, like Gecko) Chrome/70.0.3538.25 Safari/537.36 Core/1.70.3861.400 QQBrowser/10.7.4313.400" 
14.106.224.92 - - [19/Mar/2021:20:48:06 +0800] "GET /api/v1/study/data/?degree_id=2 HTTP/1.1" 200 109 "https://www.luffycity.com/study/degree" "Mozilla/5.0 (Windows NT 10.0; WOW64) AppleWebKit/537.36 (KHTML, like Gecko) Chrome/70.0.3538.25 Safari/537.36 Core/1.70.3861.400 QQBrowser/10.7.4313.400" 
14.106.224.92 - - [19/Mar/2021:20:48:06 +0800] "GET /api/v1/study/degrees/2/?degree_id=2 HTTP/1.1" 200 1311 "https://www.luffycity.com/study/degree" "Mozilla/5.0 (Windows NT 10.0; WOW64) AppleWebKit/537.36 (KHTML, like Gecko) Chrome/70.0.3538.25 Safari/537.36 Core/1.70.3861.400 QQBrowser/10.7.4313.400" 
1.189.41.223 - - [19/Mar/2021:20:48:07 +0800] "OPTIONS /api/v1/study/module/16/homework/18/?moduleId=16&homeworkId=18 HTTP/1.1" 200 0 "https://www.luffycity.com/" "Mozilla/5.0 (Windows NT 10.0; Win64; x64) AppleWebKit/537.36 (KHTML, like Gecko) Chrome/89.0.4389.90 Safari/537.36" 
1.189.41.223 - - [19/Mar/2021:20:48:07 +0800] "GET /api/v1/survey/homework/?surveyType=homework HTTP/1.1" 200 416 "https://www.luffycity.com/" "Mozilla/5.0 (Windows NT 10.0; Win64; x64) AppleWebKit/537.36 (KHTML, like Gecko) Chrome/89.0.4389.90 Safari/537.36" 
157.55.39.114, 39.97.49.232 - - [19/Mar/2021:20:48:10 +0800] "GET /api/v1/result/ HTTP/1.1" 200 231 "-" "Mozilla/5.0 (compatible; bingbot/2.0; +http://www.bing.com/bingbot.htm)" 
1.189.41.223 - - [19/Mar/2021:20:48:10 +0800] "GET /api/v1/survey/homework/?surveyType=homework HTTP/1.1" 200 416 "https://www.luffycity.com/" "Mozilla/5.0 (Windows NT 10.0; Win64; x64) AppleWebKit/537.36 (KHTML, like Gecko) Chrome/89.0.4389.90 Safari/537.36" 
223.104.107.93 - - [19/Mar/2021:20:48:10 +0800] "OPTIONS /api/v1/survey/section/19482/?sectionId=19482 HTTP/1.1" 200 0 "https://www.luffycity.com/" "Mozilla/5.0 (Windows NT 10.0; Win64; x64) AppleWebKit/537.36 (KHTML, like Gecko) Chrome/89.0.4389.90 Safari/537.36 Edg/89.0.774.54" 
223.104.107.93 - - [19/Mar/2021:20:48:10 +0800] "OPTIONS /api/v1/play/19482/?play_id=19482 HTTP/1.1" 200 0 "https://www.luffycity.com/" "Mozilla/5.0 (Windows NT 10.0; Win64; x64) AppleWebKit/537.36 (KHTML, like Gecko) Chrome/89.0.4389.90 Safari/537.36 Edg/89.0.774.54" 
223.104.107.93 - - [19/Mar/2021:20:48:11 +0800] "GET /api/v1/survey/section/19482/?sectionId=19482 HTTP/1.1" 200 10 "https://www.luffycity.com/" "Mozilla/5.0 (Windows NT 10.0; Win64; x64) AppleWebKit/537.36 (KHTML, like Gecko) Chrome/89.0.4389.90 Safari/537.36 Edg/89.0.774.54" 
223.104.107.93 - - [19/Mar/2021:20:48:11 +0800] "GET /api/v1/comment/?section_id=19482&limit=10&offset=0 HTTP/1.1" 200 1241 "https://www.luffycity.com/" "Mozilla/5.0 (Windows NT 10.0; Win64; x64) AppleWebKit/537.36 (KHTML, like Gecko) Chrome/89.0.4389.90 Safari/537.36 Edg/89.0.774.54" 
8.210.234.52 - - [19/Mar/2021:20:48:15 +0800] "OPTIONS /api/v1/study/degrees/4/?degree_id=4 HTTP/1.1" 200 0 "https://www.luffycity.com/" "Mozilla/5.0 (Windows NT 10.0; Win64; x64) AppleWebKit/537.36 (KHTML, like Gecko) Chrome/89.0.4389.90 Safari/537.36" 
8.210.234.52 - - [19/Mar/2021:20:48:15 +0800] "OPTIONS /api/v1/study/data/?degree_id=4 HTTP/1.1" 200 0 "https://www.luffycity.com/" "Mozilla/5.0 (Windows NT 10.0; Win64; x64) AppleWebKit/537.36 (KHTML, like Gecko) Chrome/89.0.4389.90 Safari/537.36" 
8.210.234.52 - - [19/Mar/2021:20:48:16 +0800] "GET /api/v1/study/data/?degree_id=4 HTTP/1.1" 200 106 "https://www.luffycity.com/" "Mozilla/5.0 (Windows NT 10.0; Win64; x64) AppleWebKit/537.36 (KHTML, like Gecko) Chrome/89.0.4389.90 Safari/537.36" 
14.106.224.92 - - [19/Mar/2021:20:48:18 +0800] "OPTIONS /api/v1/study/module/184/homework/183/?moduleId=184&homeworkId=183 HTTP/1.1" 200 0 "-" "Mozilla/5.0 (Windows NT 10.0; WOW64) AppleWebKit/537.36 (KHTML, like Gecko) Chrome/70.0.3538.25 Safari/537.36 Core/1.70.3861.400 QQBrowser/10.7.4313.400" 
14.106.224.92 - - [19/Mar/2021:20:48:18 +0800] "GET /api/v1/study/module/184/homework/183/?moduleId=184&homeworkId=183 HTTP/1.1" 200 2400 "https://www.luffycity.com/study/homework/184?default=183" "Mozilla/5.0 (Windows NT 10.0; WOW64) AppleWebKit/537.36 (KHTML, like Gecko) Chrome/70.0.3538.25 Safari/537.36 Core/1.70.3861.400 QQBrowser/10.7.4313.400" 
14.106.224.92 - - [19/Mar/2021:20:48:19 +0800] "GET /api/v1/survey/homework/?surveyType=homework HTTP/1.1" 200 416 "https://www.luffycity.com/study/homework/184?default=183" "Mozilla/5.0 (Windows NT 10.0; WOW64) AppleWebKit/537.36 (KHTML, like Gecko) Chrome/70.0.3538.25 Safari/537.36 Core/1.70.3861.400 QQBrowser/10.7.4313.400" 
1.189.41.223 - - [19/Mar/2021:20:48:21 +0800] "GET /api/v1/survey/homework/?surveyType=homework HTTP/1.1" 200 416 "https://www.luffycity.com/" "Mozilla/5.0 (Windows NT 10.0; Win64; x64) AppleWebKit/537.36 (KHTML, like Gecko) Chrome/89.0.4389.90 Safari/537.36" 
183.95.51.164 - - [19/Mar/2021:20:48:21 +0800] "POST /api/v1/survey/homework/?surveyType=homework HTTP/1.1" 200 10 "https://www.luffycity.com/" "Mozilla/5.0 (Windows NT 10.0; Win64; x64) AppleWebKit/537.36 (KHTML, like Gecko) Chrome/89.0.4389.90 Safari/537.36" 
183.95.51.164 - - [19/Mar/2021:20:48:25 +0800] "GET /api/v1/study/module/234/homework/203/?moduleId=234&homeworkId=203 HTTP/1.1" 200 2129 "https://www.luffycity.com/" "Mozilla/5.0 (Windows NT 10.0; Win64; x64) AppleWebKit/537.36 (KHTML, like Gecko) Chrome/89.0.4389.90 Safari/537.36" 
183.95.51.164 - - [19/Mar/2021:20:48:26 +0800] "OPTIONS /api/v1/study/module/234/homework/204/?moduleId=234&homeworkId=204 HTTP/1.1" 200 0 "https://www.luffycity.com/" "Mozilla/5.0 (Windows NT 10.0; Win64; x64) AppleWebKit/537.36 (KHTML, like Gecko) Chrome/89.0.4389.90 Safari/537.36" 
183.95.51.164 - - [19/Mar/2021:20:48:26 +0800] "OPTIONS /api/v1/survey/check/?surveyType=check HTTP/1.1" 200 0 "https://www.luffycity.com/" "Mozilla/5.0 (Windows NT 10.0; Win64; x64) AppleWebKit/537.36 (KHTML, like Gecko) Chrome/89.0.4389.90 Safari/537.36" 
111.9.215.73 - - [19/Mar/2021:20:48:32 +0800] "OPTIONS /api/v1/play/sections/?section_id=30943 HTTP/1.1" 200 0 "https://www.luffycity.com/" "Mozilla/5.0 (Windows NT 10.0; Win64; x64) AppleWebKit/537.36 (KHTML, like Gecko) Chrome/89.0.4389.90 Safari/537.36 Edg/89.0.774.54" 
111.9.215.73 - - [19/Mar/2021:20:48:32 +0800] "OPTIONS /api/v1/play/30943/?play_id=30943 HTTP/1.1" 200 0 "https://www.luffycity.com/" "Mozilla/5.0 (Windows NT 10.0; Win64; x64) AppleWebKit/537.36 (KHTML, like Gecko) Chrome/89.0.4389.90 Safari/537.36 Edg/89.0.774.54" 
111.9.215.73 - - [19/Mar/2021:20:48:32 +0800] "GET /api/v1/survey/section/30943/?sectionId=30943 HTTP/1.1" 200 10 "https://www.luffycity.com/" "Mozilla/5.0 (Windows NT 10.0; Win64; x64) AppleWebKit/537.36 (KHTML, like Gecko) Chrome/89.0.4389.90 Safari/537.36 Edg/89.0.774.54" 
111.9.215.73 - - [19/Mar/2021:20:48:32 +0800] "GET /api/v1/play/sections/?section_id=30943 HTTP/1.1" 200 3009 "https://www.luffycity.com/" "Mozilla/5.0 (Windows NT 10.0; Win64; x64) AppleWebKit/537.36 (KHTML, like Gecko) Chrome/89.0.4389.90 Safari/537.36 Edg/89.0.774.54" 
223.104.63.14 - - [19/Mar/2021:20:48:56 +0800] "GET /api/v1/play/sections/?section_id=20215 HTTP/1.1" 200 18064 "https://www.luffycity.com/" "Mozilla/5.0 (Windows NT 10.0; WOW64) AppleWebKit/537.36 (KHTML, like Gecko) Chrome/87.0.4280.88 Safari/537.36" 
223.104.63.14 - - [19/Mar/2021:20:48:56 +0800] "GET /api/v1/play/20215/?play_id=20215 HTTP/1.1" 200 436 "https://www.luffycity.com/" "Mozilla/5.0 (Windows NT 10.0; WOW64) AppleWebKit/537.36 (KHTML, like Gecko) Chrome/87.0.4280.88 Safari/537.36" 
183.252.218.211 - - [19/Mar/2021:20:49:11 +0800] "OPTIONS /api/v1/survey/section/14467/?sectionId=14467 HTTP/1.1" 200 0 "https://www.luffycity.com/" "Mozilla/5.0 (Windows NT 10.0; Win64; x64) AppleWebKit/537.36 (KHTML, like Gecko) Chrome/89.0.4389.90 Safari/537.36" 
183.252.218.211 - - [19/Mar/2021:20:49:11 +0800] "OPTIONS /api/v1/play/sections/?section_id=14467 HTTP/1.1" 200 0 "https://www.luffycity.com/" "Mozilla/5.0 (Windows NT 10.0; Win64; x64) AppleWebKit/537.36 (KHTML, like Gecko) Chrome/89.0.4389.90 Safari/537.36" 
183.252.218.211 - - [19/Mar/2021:20:49:11 +0800] "GET /api/v1/survey/section/14467/?sectionId=14467 HTTP/1.1" 200 10 "https://www.luffycity.com/" "Mozilla/5.0 (Windows NT 10.0; Win64; x64) AppleWebKit/537.36 (KHTML, like Gecko) Chrome/89.0.4389.90 Safari/537.36" 
183.252.218.211 - - [19/Mar/2021:20:49:11 +0800] "GET /api/v1/comment/?section_id=14467&limit=10&offset=0 HTTP/1.1" 200 1754 "https://www.luffycity.com/" "Mozilla/5.0 (Windows NT 10.0; Win64; x64) AppleWebKit/537.36 (KHTML, like Gecko) Chrome/89.0.4389.90 Safari/537.36" 
119.86.150.177 - - [19/Mar/2021:20:49:15 +0800] "GET /api/v1/survey/section/30918/?sectionId=30918 HTTP/1.1" 200 10 "https://www.luffycity.com/play/30918" "Mozilla/5.0 (Windows NT 10.0; WOW64) AppleWebKit/537.36 (KHTML, like Gecko) Chrome/86.0.4240.198 Safari/537.36" 
119.86.150.177 - - [19/Mar/2021:20:49:15 +0800] "GET /api/v1/play/30918/?play_id=30918 HTTP/1.1" 200 408 "https://www.luffycity.com/play/30918" "Mozilla/5.0 (Windows NT 10.0; WOW64) AppleWebKit/537.36 (KHTML, like Gecko) Chrome/86.0.4240.198 Safari/537.36" 
119.164.19.165, 39.97.49.232 - - [19/Mar/2021:20:49:27 +0800] "GET /api/v1/auth/token/ HTTP/1.1" 200 29 "https://www.baidu.com/link?url=-kknGtwJBNDDUKls082YB3dUIEiSUrrB4QIOVHE-al6k5mCHs1sFPa2XG_VGykqt&wd=&eqid=cbb563640006b5a70000000260549daa" "Mozilla/5.0 (Windows NT 10.0; Win64; x64) AppleWebKit/537.36 (KHTML, like Gecko) Chrome/87.0.4280.88 Safari/537.36" 
119.164.19.165, 39.97.49.232 - - [19/Mar/2021:20:49:27 +0800] "GET /api/v1/index/banner/ HTTP/1.1" 200 382 "https://www.baidu.com/link?url=-kknGtwJBNDDUKls082YB3dUIEiSUrrB4QIOVHE-al6k5mCHs1sFPa2XG_VGykqt&wd=&eqid=cbb563640006b5a70000000260549daa" "Mozilla/5.0 (Windows NT 10.0; Win64; x64) AppleWebKit/537.36 (KHTML, like Gecko) Chrome/87.0.4280.88 Safari/537.36" 
119.164.19.165 - - [19/Mar/2021:20:49:28 +0800] "GET /api/v1/result/enroll/?resultType=enroll&limit=2 HTTP/1.1" 200 1878 "https://www.luffycity.com/" "Mozilla/5.0 (Windows NT 10.0; Win64; x64) AppleWebKit/537.36 (KHTML, like Gecko) Chrome/87.0.4280.88 Safari/537.36" 
49.64.254.2, 39.97.49.232 - - [19/Mar/2021:20:49:32 +0800] "GET /api/v1/auth/token/ HTTP/1.1" 200 29 "https://www.sogou.com/link?url=hedJjaC291MkaRHharuXPKYhp-uyeHUJG_H1iKm2_78." "Mozilla/5.0 (Windows NT 10.0; WOW64) AppleWebKit/537.36 (KHTML, like Gecko) Chrome/70.0.3538.25 Safari/537.36 Core/1.70.3861.400 QQBrowser/10.7.4313.400" 
49.64.254.2, 39.97.49.232 - - [19/Mar/2021:20:49:32 +0800] "GET /api/v1/result/ HTTP/1.1" 200 231 "https://www.sogou.com/link?url=hedJjaC291MkaRHharuXPKYhp-uyeHUJG_H1iKm2_78." "Mozilla/5.0 (Windows NT 10.0; WOW64) AppleWebKit/537.36 (KHTML, like Gecko) Chrome/70.0.3538.25 Safari/537.36 Core/1.70.3861.400 QQBrowser/10.7.4313.400" 
49.64.254.2, 39.97.49.232 - - [19/Mar/2021:20:49:32 +0800] "GET /api/v1/course/actual/?limit=3 HTTP/1.1" 200 2342 "https://www.sogou.com/link?url=hedJjaC291MkaRHharuXPKYhp-uyeHUJG_H1iKm2_78." "Mozilla/5.0 (Windows NT 10.0; WOW64) AppleWebKit/537.36 (KHTML, like Gecko) Chrome/70.0.3538.25 Safari/537.36 Core/1.70.3861.400 QQBrowser/10.7.4313.400" 
49.64.254.2, 39.97.49.232 - - [19/Mar/2021:20:49:32 +0800] "GET /api/v1/course/degree/ HTTP/1.1" 200 949 "https://www.sogou.com/link?url=hedJjaC291MkaRHharuXPKYhp-uyeHUJG_H1iKm2_78." "Mozilla/5.0 (Windows NT 10.0; WOW64) AppleWebKit/537.36 (KHTML, like Gecko) Chrome/70.0.3538.25 Safari/537.36 Core/1.70.3861.400 QQBrowser/10.7.4313.400" 
49.64.254.2 - - [19/Mar/2021:20:49:33 +0800] "OPTIONS /api/v1/result/enroll/?resultType=enroll&limit=2 HTTP/1.1" 200 0 "-" "Mozilla/5.0 (Windows NT 10.0; WOW64) AppleWebKit/537.36 (KHTML, like Gecko) Chrome/70.0.3538.25 Safari/537.36 Core/1.70.3861.400 QQBrowser/10.7.4313.400" 
49.64.254.2 - - [19/Mar/2021:20:49:35 +0800] "OPTIONS /api/v1/auth/wechat/ HTTP/1.1" 200 0 "-" "Mozilla/5.0 (Windows NT 10.0; WOW64) AppleWebKit/537.36 (KHTML, like Gecko) Chrome/70.0.3538.25 Safari/537.36 Core/1.70.3861.400 QQBrowser/10.7.4313.400" 
223.104.176.146, 39.97.49.232 - - [19/Mar/2021:20:49:35 +0800] "GET /api/v1/auth/token/ HTTP/1.1" 200 402 "-" "Mozilla/5.0 (Macintosh; Intel Mac OS X 11_2_3) AppleWebKit/537.36 (KHTML, like Gecko) Chrome/89.0.4389.82 Safari/537.36" 
223.104.176.146, 39.97.49.232 - - [19/Mar/2021:20:49:35 +0800] "GET /api/v1/result/ HTTP/1.1" 200 231 "-" "Mozilla/5.0 (Macintosh; Intel Mac OS X 11_2_3) AppleWebKit/537.36 (KHTML, like Gecko) Chrome/89.0.4389.82 Safari/537.36" 
223.104.176.146 - - [19/Mar/2021:20:49:36 +0800] "GET /api/v1/study/degrees/0/mentor/?degree_id=0 HTTP/1.1" 200 137 "https://www.luffycity.com/" "Mozilla/5.0 (Macintosh; Intel Mac OS X 11_2_3) AppleWebKit/537.36 (KHTML, like Gecko) Chrome/89.0.4389.82 Safari/537.36" 
223.104.176.146 - - [19/Mar/2021:20:49:36 +0800] "GET /api/v1/study/degrees/ HTTP/1.1" 200 388 "https://www.luffycity.com/" "Mozilla/5.0 (Macintosh; Intel Mac OS X 11_2_3) AppleWebKit/537.36 (KHTML, like Gecko) Chrome/89.0.4389.82 Safari/537.36" 
223.104.176.146 - - [19/Mar/2021:20:49:37 +0800] "GET /api/v1/study/data/?degree_id=2 HTTP/1.1" 200 115 "https://www.luffycity.com/" "Mozilla/5.0 (Macintosh; Intel Mac OS X 11_2_3) AppleWebKit/537.36 (KHTML, like Gecko) Chrome/89.0.4389.82 Safari/537.36" 
119.164.19.165 - - [19/Mar/2021:20:49:41 +0800] "GET /api/v1/course/free/124/?courseType=free&id=124 HTTP/1.1" 200 1998 "https://www.luffycity.com/" "Mozilla/5.0 (Windows NT 10.0; Win64; x64) AppleWebKit/537.36 (KHTML, like Gecko) Chrome/87.0.4280.88 Safari/537.36" 
119.164.19.165 - - [19/Mar/2021:20:49:42 +0800] "GET /api/v1/course/free/124/sections/?courseType=free&id=124 HTTP/1.1" 200 3097 "https://www.luffycity.com/" "Mozilla/5.0 (Windows NT 10.0; Win64; x64) AppleWebKit/537.36 (KHTML, like Gecko) Chrome/87.0.4280.88 Safari/537.36" 
49.64.254.2 - - [19/Mar/2021:20:49:44 +0800] "OPTIONS /api/v1/auth/password/login/?loginWay=password HTTP/1.1" 200 0 "-" "Mozilla/5.0 (Windows NT 10.0; WOW64) AppleWebKit/537.36 (KHTML, like Gecko) Chrome/70.0.3538.25 Safari/537.36 Core/1.70.3861.400 QQBrowser/10.7.4313.400" 
49.64.254.2 - - [19/Mar/2021:20:49:44 +0800] "OPTIONS /api/v1/auth/token/ HTTP/1.1" 200 0 "-" "Mozilla/5.0 (Windows NT 10.0; WOW64) AppleWebKit/537.36 (KHTML, like Gecko) Chrome/70.0.3538.25 Safari/537.36 Core/1.70.3861.400 QQBrowser/10.7.4313.400" 
119.164.19.165 - - [19/Mar/2021:20:49:44 +0800] "GET /api/v1/auth/wechat/ HTTP/1.1" 200 232 "https://www.luffycity.com/" "Mozilla/5.0 (Windows NT 10.0; Win64; x64) AppleWebKit/537.36 (KHTML, like Gecko) Chrome/87.0.4280.88 Safari/537.36" 
112.3.10.99 - - [19/Mar/2021:20:49:47 +0800] "GET /api/v1/auth/wechat/ HTTP/1.1" 200 232 "https://www.luffycity.com/" "Mozilla/5.0 (Windows NT 10.0; Win64; x64) AppleWebKit/537.36 (KHTML, like Gecko) Chrome/89.0.4389.90 Safari/537.36" 
123.112.65.255 - - [19/Mar/2021:20:49:49 +0800] "OPTIONS /api/v1/survey/section/31632/?sectionId=31632 HTTP/1.1" 200 0 "https://www.luffycity.com/" "Mozilla/5.0 (Windows NT 10.0; Win64; x64) AppleWebKit/537.36 (KHTML, like Gecko) Chrome/89.0.4389.90 Safari/537.36" 
123.112.65.255 - - [19/Mar/2021:20:49:49 +0800] "OPTIONS /api/v1/comment/?section_id=31632&limit=10&offset=0 HTTP/1.1" 200 0 "https://www.luffycity.com/" "Mozilla/5.0 (Windows NT 10.0; Win64; x64) AppleWebKit/537.36 (KHTML, like Gecko) Chrome/89.0.4389.90 Safari/537.36" 
123.112.65.255 - - [19/Mar/2021:20:49:49 +0800] "GET /api/v1/play/sections/?section_id=31632 HTTP/1.1" 200 2202 "https://www.luffycity.com/" "Mozilla/5.0 (Windows NT 10.0; Win64; x64) AppleWebKit/537.36 (KHTML, like Gecko) Chrome/89.0.4389.90 Safari/537.36" 
123.112.65.255 - - [19/Mar/2021:20:49:49 +0800] "GET /api/v1/comment/?section_id=31632&limit=10&offset=0 HTTP/1.1" 200 823 "https://www.luffycity.com/" "Mozilla/5.0 (Windows NT 10.0; Win64; x64) AppleWebKit/537.36 (KHTML, like Gecko) Chrome/89.0.4389.90 Safari/537.36" 
