112.66.104.54, 39.97.49.232 - - [19/Mar/2021:07:40:43 +0800] "GET /api/v1/result/ HTTP/1.1" 200 231 "https://www.luffycity.com/actual-course" "Scrapy/1.7.3 (+https://scrapy.org)" 
175.152.111.212, 39.97.49.232 - - [19/Mar/2021:07:40:43 +0800] "GET /api/v1/result/ HTTP/1.1" 200 231 "https://www.luffycity.com/actual-course" "Scrapy/1.7.3 (+https://scrapy.org)" 
112.80.136.130, 39.97.49.232 - - [19/Mar/2021:07:40:43 +0800] "GET /api/v1/auth/token/ HTTP/1.1" 200 29 "https://www.luffycity.com/actual-course" "Scrapy/1.7.3 (+https://scrapy.org)" 
175.152.111.212, 39.97.49.232 - - [19/Mar/2021:07:40:43 +0800] "GET /api/v1/course/category/actual/?courseType=actual HTTP/1.1" 200 252 "https://www.luffycity.com/actual-course" "Scrapy/1.7.3 (+https://scrapy.org)" 
175.152.111.212, 39.97.49.232 - - [19/Mar/2021:07:40:43 +0800] "GET /api/v1/course/actual/?category_id=11 HTTP/1.1" 200 1650 "https://www.luffycity.com/actual-course" "Scrapy/1.7.3 (+https://scrapy.org)" 
112.80.136.130, 39.97.49.232 - - [19/Mar/2021:07:40:43 +0800] "GET /api/v1/result/ HTTP/1.1" 200 231 "https://www.luffycity.com/actual-course" "Scrapy/1.7.3 (+https://scrapy.org)" 
36.248.89.34, 39.97.49.232 - - [19/Mar/2021:07:40:43 +0800] "GET /api/v1/course/actual/286/?courseType=actual&id=286 HTTP/1.1" 200 995 "https://www.luffycity.com/actual-course" "Scrapy/1.7.3 (+https://scrapy.org)" 
220.250.10.57, 39.97.49.232 - - [19/Mar/2021:07:40:43 +0800] "GET /api/v1/course/actual/288/?courseType=actual&id=288 HTTP/1.1" 200 931 "https://www.luffycity.com/actual-course" "Scrapy/1.7.3 (+https://scrapy.org)" 
175.152.111.212, 39.97.49.232 - - [19/Mar/2021:07:40:44 +0800] "GET /api/v1/auth/token/ HTTP/1.1" 200 29 "https://www.luffycity.com/actual-course" "Scrapy/1.7.3 (+https://scrapy.org)" 
123.14.254.74, 39.97.49.232 - - [19/Mar/2021:07:40:44 +0800] "GET /api/v1/auth/token/ HTTP/1.1" 200 29 "https://www.luffycity.com/actual-course" "Scrapy/1.7.3 (+https://scrapy.org)" 
112.66.104.54, 39.97.49.232 - - [19/Mar/2021:07:40:44 +0800] "GET /api/v1/auth/token/ HTTP/1.1" 200 29 "https://www.luffycity.com/light-course" "Scrapy/1.7.3 (+https://scrapy.org)" 
220.250.10.57, 39.97.49.232 - - [19/Mar/2021:07:40:44 +0800] "GET /api/v1/auth/token/ HTTP/1.1" 200 29 "https://www.luffycity.com/light-course" "Scrapy/1.7.3 (+https://scrapy.org)" 
221.13.12.227, 39.97.49.232 - - [19/Mar/2021:07:40:44 +0800] "GET /api/v1/result/ HTTP/1.1" 200 231 "https://www.luffycity.com/actual-course/203/chapter" "Scrapy/1.7.3 (+https://scrapy.org)" 
175.152.111.212, 39.97.49.232 - - [19/Mar/2021:07:40:44 +0800] "GET /api/v1/result/ HTTP/1.1" 200 231 "https://www.luffycity.com/actual-course" "Scrapy/1.7.3 (+https://scrapy.org)" 
123.14.254.74, 39.97.49.232 - - [19/Mar/2021:07:40:44 +0800] "GET /api/v1/result/ HTTP/1.1" 200 231 "https://www.luffycity.com/actual-course" "Scrapy/1.7.3 (+https://scrapy.org)" 
112.66.104.54, 39.97.49.232 - - [19/Mar/2021:07:40:44 +0800] "GET /api/v1/result/ HTTP/1.1" 200 231 "https://www.luffycity.com/light-course" "Scrapy/1.7.3 (+https://scrapy.org)" 
123.14.254.74, 39.97.49.232 - - [19/Mar/2021:07:40:44 +0800] "GET /api/v1/course/category/actual/?courseType=actual HTTP/1.1" 200 252 "https://www.luffycity.com/actual-course" "Scrapy/1.7.3 (+https://scrapy.org)" 
175.152.111.212, 39.97.49.232 - - [19/Mar/2021:07:40:44 +0800] "GET /api/v1/course/category/actual/?courseType=actual HTTP/1.1" 200 252 "https://www.luffycity.com/actual-course" "Scrapy/1.7.3 (+https://scrapy.org)" 
220.250.10.57, 39.97.49.232 - - [19/Mar/2021:07:40:44 +0800] "GET /api/v1/result/ HTTP/1.1" 200 231 "https://www.luffycity.com/light-course" "Scrapy/1.7.3 (+https://scrapy.org)" 
112.80.136.130, 39.97.49.232 - - [19/Mar/2021:07:40:44 +0800] "GET /api/v1/result/ HTTP/1.1" 200 231 "https://www.luffycity.com/actual-course/203/chapter" "Scrapy/1.7.3 (+https://scrapy.org)" 
36.248.89.34, 39.97.49.232 - - [19/Mar/2021:07:40:44 +0800] "GET /api/v1/result/ HTTP/1.1" 200 231 "https://www.luffycity.com/light-course" "Scrapy/1.7.3 (+https://scrapy.org)" 
221.13.12.227, 39.97.49.232 - - [19/Mar/2021:07:40:44 +0800] "GET /api/v1/course/actual/203/?courseType=actual&id=203 HTTP/1.1" 200 1473 "https://www.luffycity.com/actual-course/203/chapter" "Scrapy/1.7.3 (+https://scrapy.org)" 
112.80.136.130, 39.97.49.232 - - [19/Mar/2021:07:40:44 +0800] "GET /api/v1/course/actual/203/?courseType=actual&id=203 HTTP/1.1" 200 1473 "https://www.luffycity.com/actual-course/203/chapter" "Scrapy/1.7.3 (+https://scrapy.org)" 
123.14.254.74, 39.97.49.232 - - [19/Mar/2021:07:40:45 +0800] "GET /api/v1/auth/token/ HTTP/1.1" 200 29 "https://www.luffycity.com/actual-course/289" "Scrapy/1.7.3 (+https://scrapy.org)" 
221.13.12.227, 39.97.49.232 - - [19/Mar/2021:07:40:45 +0800] "GET /api/v1/auth/token/ HTTP/1.1" 200 29 "https://www.luffycity.com/employment-course" "Scrapy/1.7.3 (+https://scrapy.org)" 
220.250.10.57, 39.97.49.232 - - [19/Mar/2021:07:40:45 +0800] "GET /api/v1/auth/token/ HTTP/1.1" 200 29 "https://www.luffycity.com/actual-course/202/chapter" "Scrapy/1.7.3 (+https://scrapy.org)" 
123.14.254.74, 39.97.49.232 - - [19/Mar/2021:07:40:46 +0800] "GET /api/v1/result/ HTTP/1.1" 200 231 "https://www.luffycity.com/actual-course/289" "Scrapy/1.7.3 (+https://scrapy.org)" 
175.152.111.212, 39.97.49.232 - - [19/Mar/2021:07:40:46 +0800] "GET /api/v1/result/ HTTP/1.1" 200 231 "https://www.luffycity.com/light-course" "Scrapy/1.7.3 (+https://scrapy.org)" 
112.66.104.54, 39.97.49.232 - - [19/Mar/2021:07:40:46 +0800] "GET /api/v1/result/ HTTP/1.1" 200 231 "https://www.luffycity.com/actual-course/202" "Scrapy/1.7.3 (+https://scrapy.org)" 
36.248.89.34, 39.97.49.232 - - [19/Mar/2021:07:40:46 +0800] "GET /api/v1/result/ HTTP/1.1" 200 231 "https://www.luffycity.com/actual-course/289/chapter" "Scrapy/1.7.3 (+https://scrapy.org)" 
112.80.136.130, 39.97.49.232 - - [19/Mar/2021:07:40:46 +0800] "GET /api/v1/store/7/?id=7 HTTP/1.1" 200 733 "https://www.luffycity.com/exchange-shop" "Scrapy/1.7.3 (+https://scrapy.org)" 
221.13.12.227, 39.97.49.232 - - [19/Mar/2021:07:40:46 +0800] "GET /api/v1/course/degree/4/?courseType=degree&id=4 HTTP/1.1" 200 629 "https://www.luffycity.com/employment-course" "Scrapy/1.7.3 (+https://scrapy.org)" 
123.14.254.74, 39.97.49.232 - - [19/Mar/2021:07:40:46 +0800] "GET /api/v1/course/actual/289/?courseType=actual&id=289 HTTP/1.1" 200 1225 "https://www.luffycity.com/actual-course/289" "Scrapy/1.7.3 (+https://scrapy.org)" 
112.66.104.54, 39.97.49.232 - - [19/Mar/2021:07:40:46 +0800] "GET /api/v1/course/actual/202/?courseType=actual&id=202 HTTP/1.1" 200 1229 "https://www.luffycity.com/actual-course/202" "Scrapy/1.7.3 (+https://scrapy.org)" 
221.13.12.227, 39.97.49.232 - - [19/Mar/2021:07:40:48 +0800] "GET /api/v1/auth/token/ HTTP/1.1" 200 29 "https://www.luffycity.com/actual-course/288/chapter" "Scrapy/1.7.3 (+https://scrapy.org)" 
112.66.104.54, 39.97.49.232 - - [19/Mar/2021:07:40:48 +0800] "GET /api/v1/auth/token/ HTTP/1.1" 200 29 "https://www.luffycity.com/exchange-shop" "Scrapy/1.7.3 (+https://scrapy.org)" 
112.80.136.130, 39.97.49.232 - - [19/Mar/2021:07:40:48 +0800] "GET /api/v1/auth/token/ HTTP/1.1" 200 29 "https://www.luffycity.com/actual-course/286/chapter" "Scrapy/1.7.3 (+https://scrapy.org)" 
36.248.89.34, 39.97.49.232 - - [19/Mar/2021:07:40:48 +0800] "GET /api/v1/auth/token/ HTTP/1.1" 200 29 "https://www.luffycity.com/exchange-shop" "Scrapy/1.7.3 (+https://scrapy.org)" 
221.13.12.227, 39.97.49.232 - - [19/Mar/2021:07:40:48 +0800] "GET /api/v1/result/ HTTP/1.1" 200 231 "https://www.luffycity.com/actual-course/288/chapter" "Scrapy/1.7.3 (+https://scrapy.org)" 
112.80.136.130, 39.97.49.232 - - [19/Mar/2021:07:40:48 +0800] "GET /api/v1/result/ HTTP/1.1" 200 231 "https://www.luffycity.com/actual-course/286/chapter" "Scrapy/1.7.3 (+https://scrapy.org)" 
36.248.89.34, 39.97.49.232 - - [19/Mar/2021:07:40:48 +0800] "GET /api/v1/result/ HTTP/1.1" 200 231 "https://www.luffycity.com/exchange-shop" "Scrapy/1.7.3 (+https://scrapy.org)" 
112.66.104.54, 39.97.49.232 - - [19/Mar/2021:07:40:48 +0800] "GET /api/v1/store/12/?id=12 HTTP/1.1" 200 259 "https://www.luffycity.com/exchange-shop" "Scrapy/1.7.3 (+https://scrapy.org)" 
112.80.136.130, 39.97.49.232 - - [19/Mar/2021:07:40:48 +0800] "GET /api/v1/course/actual/286/?courseType=actual&id=286 HTTP/1.1" 200 995 "https://www.luffycity.com/actual-course/286/chapter" "Scrapy/1.7.3 (+https://scrapy.org)" 
106.4.161.104, 39.97.49.232 - - [19/Mar/2021:07:40:49 +0800] "GET /api/v1/auth/token/ HTTP/1.1" 200 29 "https://www.luffycity.com/exchange-shop" "Scrapy/1.7.3 (+https://scrapy.org)" 
123.14.254.74, 39.97.49.232 - - [19/Mar/2021:07:40:49 +0800] "GET /api/v1/auth/token/ HTTP/1.1" 200 29 "https://www.luffycity.com/exchange-shop" "Scrapy/1.7.3 (+https://scrapy.org)" 
221.13.12.227, 39.97.49.232 - - [19/Mar/2021:07:40:49 +0800] "GET /api/v1/auth/token/ HTTP/1.1" 200 29 "https://www.luffycity.com/employment-course/1/detail" "Scrapy/1.7.3 (+https://scrapy.org)" 
112.66.104.54, 39.97.49.232 - - [19/Mar/2021:07:40:49 +0800] "GET /api/v1/auth/token/ HTTP/1.1" 200 29 "https://www.luffycity.com/exchange-shop" "Scrapy/1.7.3 (+https://scrapy.org)" 
175.152.111.212, 39.97.49.232 - - [19/Mar/2021:07:40:49 +0800] "GET /api/v1/auth/token/ HTTP/1.1" 200 29 "https://www.luffycity.com/study/degree" "Scrapy/1.7.3 (+https://scrapy.org)" 
220.250.10.57, 39.97.49.232 - - [19/Mar/2021:07:40:49 +0800] "GET /api/v1/auth/token/ HTTP/1.1" 200 29 "https://www.luffycity.com/exchange-shop" "Scrapy/1.7.3 (+https://scrapy.org)" 
36.248.89.34, 39.97.49.232 - - [19/Mar/2021:07:40:49 +0800] "GET /api/v1/auth/token/ HTTP/1.1" 200 29 "https://www.luffycity.com/exchange-shop" "Scrapy/1.7.3 (+https://scrapy.org)" 
106.4.161.104, 39.97.49.232 - - [19/Mar/2021:07:40:49 +0800] "GET /api/v1/result/ HTTP/1.1" 200 231 "https://www.luffycity.com/exchange-shop" "Scrapy/1.7.3 (+https://scrapy.org)" 
112.66.104.54, 39.97.49.232 - - [19/Mar/2021:07:40:50 +0800] "GET /api/v1/result/ HTTP/1.1" 200 231 "https://www.luffycity.com/exchange-shop" "Scrapy/1.7.3 (+https://scrapy.org)" 
123.14.254.74, 39.97.49.232 - - [19/Mar/2021:07:40:50 +0800] "GET /api/v1/store/10/?id=10 HTTP/1.1" 200 533 "https://www.luffycity.com/exchange-shop" "Scrapy/1.7.3 (+https://scrapy.org)" 
112.80.136.130, 39.97.49.232 - - [19/Mar/2021:07:40:50 +0800] "GET /api/v1/result/ HTTP/1.1" 200 231 "https://www.luffycity.com/exchange-shop" "Scrapy/1.7.3 (+https://scrapy.org)" 
36.248.89.34, 39.97.49.232 - - [19/Mar/2021:07:40:50 +0800] "GET /api/v1/result/ HTTP/1.1" 200 231 "https://www.luffycity.com/exchange-shop" "Scrapy/1.7.3 (+https://scrapy.org)" 
112.66.104.54, 39.97.49.232 - - [19/Mar/2021:07:40:50 +0800] "GET /api/v1/store/9/?id=9 HTTP/1.1" 200 415 "https://www.luffycity.com/exchange-shop" "Scrapy/1.7.3 (+https://scrapy.org)" 
175.152.111.212, 39.97.49.232 - - [19/Mar/2021:07:40:51 +0800] "GET /api/v1/auth/token/ HTTP/1.1" 200 29 "https://www.luffycity.com/employment-course/4/detail" "Scrapy/1.7.3 (+https://scrapy.org)" 
221.13.12.227, 39.97.49.232 - - [19/Mar/2021:07:40:51 +0800] "GET /api/v1/auth/token/ HTTP/1.1" 200 29 "https://www.luffycity.com/employment-course/4/detail" "Scrapy/1.7.3 (+https://scrapy.org)" 
220.250.10.57, 39.97.49.232 - - [19/Mar/2021:07:40:51 +0800] "GET /api/v1/auth/token/ HTTP/1.1" 200 29 "https://www.luffycity.com/" "Scrapy/1.7.3 (+https://scrapy.org)" 
175.152.111.212, 39.97.49.232 - - [19/Mar/2021:07:40:51 +0800] "GET /api/v1/result/ HTTP/1.1" 200 231 "https://www.luffycity.com/employment-course/4/detail" "Scrapy/1.7.3 (+https://scrapy.org)" 
36.248.89.34, 39.97.49.232 - - [19/Mar/2021:07:40:51 +0800] "GET /api/v1/result/ HTTP/1.1" 200 231 "https://www.luffycity.com/account/center/order" "Scrapy/1.7.3 (+https://scrapy.org)" 
220.250.10.57, 39.97.49.232 - - [19/Mar/2021:07:40:51 +0800] "GET /api/v1/result/ HTTP/1.1" 200 231 "https://www.luffycity.com/" "Scrapy/1.7.3 (+https://scrapy.org)" 
123.14.254.74, 39.97.49.232 - - [19/Mar/2021:07:40:51 +0800] "GET /api/v1/course/degree/4/?courseType=degree&id=4 HTTP/1.1" 200 629 "https://www.luffycity.com/employment-course/4/detail" "Scrapy/1.7.3 (+https://scrapy.org)" 
220.250.10.57, 39.97.49.232 - - [19/Mar/2021:07:40:51 +0800] "GET /api/v1/account/coupon/ HTTP/1.1" 200 64 "https://www.luffycity.com/" "Scrapy/1.7.3 (+https://scrapy.org)" 
175.152.111.212, 39.97.49.232 - - [19/Mar/2021:07:40:51 +0800] "GET /api/v1/course/degree/4/?courseType=degree&id=4 HTTP/1.1" 200 629 "https://www.luffycity.com/employment-course/4/detail" "Scrapy/1.7.3 (+https://scrapy.org)" 
27.149.67.130, 14.152.68.197 - - [19/Mar/2021:07:40:56 +0800] "GET /api/v1/auth/token/ HTTP/1.1" 200 29 "https://m.luffycity.com/" "Mozilla/5.0 (Linux; U; Android 10; zh-CN; V2001A Build/QP1A.190711.020) AppleWebKit/537.36 (KHTML, like Gecko) Version/4.0 Chrome/78.0.3904.108 Quark/4.7.0.168 Mobile Safari/537.36" 
27.149.67.130 - - [19/Mar/2021:07:41:01 +0800] "GET /api/v1/index/banner/ HTTP/1.1" 200 20 "https://m.luffycity.com/" "Mozilla/5.0 (Linux; U; Android 10; zh-CN; V2001A Build/QP1A.190711.020) AppleWebKit/537.36 (KHTML, like Gecko) Version/4.0 Chrome/78.0.3904.108 Quark/4.7.0.168 Mobile Safari/537.36" 
203.208.60.31, 39.97.49.232 - - [19/Mar/2021:07:41:02 +0800] "GET /api/v1/auth/token/ HTTP/1.1" 200 29 "-" "Mozilla/5.0 (compatible; Googlebot/2.1; +http://www.google.com/bot.html)" 
203.208.60.31, 39.97.49.232 - - [19/Mar/2021:07:41:02 +0800] "GET /api/v1/course/free/128/?courseType=free&id=128 HTTP/1.1" 200 1484 "-" "Mozilla/5.0 (compatible; Googlebot/2.1; +http://www.google.com/bot.html)" 
27.149.67.130 - - [19/Mar/2021:07:41:03 +0800] "GET /api/v1/course/degree/4/teacher/?id=4 HTTP/1.1" 200 4264 "https://m.luffycity.com/employment-course/4/detail" "Mozilla/5.0 (Linux; U; Android 10; zh-CN; V2001A Build/QP1A.190711.020) AppleWebKit/537.36 (KHTML, like Gecko) Version/4.0 Chrome/78.0.3904.108 Quark/4.7.0.168 Mobile Safari/537.36" 
27.149.67.130 - - [19/Mar/2021:07:41:20 +0800] "GET /api/v1/auth/token/ HTTP/1.1" 200 29 "https://m.luffycity.com/" "Mozilla/5.0 (Linux; U; Android 10; zh-CN; V2001A Build/QP1A.190711.020) AppleWebKit/537.36 (KHTML, like Gecko) Version/4.0 Chrome/78.0.3904.108 Quark/4.7.0.168 Mobile Safari/537.36" 
27.149.67.130 - - [19/Mar/2021:07:41:23 +0800] "GET /api/v1/course/degree/1/?courseType=degree&id=1 HTTP/1.1" 200 711 "https://m.luffycity.com/employment-course/1/detail" "Mozilla/5.0 (Linux; U; Android 10; zh-CN; V2001A Build/QP1A.190711.020) AppleWebKit/537.36 (KHTML, like Gecko) Version/4.0 Chrome/78.0.3904.108 Quark/4.7.0.168 Mobile Safari/537.36" 
27.149.67.130 - - [19/Mar/2021:07:41:24 +0800] "GET /api/v1/auth/token/ HTTP/1.1" 200 29 "https://m.luffycity.com/employment-course/1/detail" "Mozilla/5.0 (Linux; U; Android 10; zh-CN; V2001A Build/QP1A.190711.020) AppleWebKit/537.36 (KHTML, like Gecko) Version/4.0 Chrome/78.0.3904.108 Quark/4.7.0.168 Mobile Safari/537.36" 
27.149.67.130 - - [19/Mar/2021:07:41:26 +0800] "GET /api/v1/course/degree/1/sections/?courseType=degree&id=1 HTTP/1.1" 200 80557 "https://m.luffycity.com/employment-course/1/chapter" "Mozilla/5.0 (Linux; U; Android 10; zh-CN; V2001A Build/QP1A.190711.020) AppleWebKit/537.36 (KHTML, like Gecko) Version/4.0 Chrome/78.0.3904.108 Quark/4.7.0.168 Mobile Safari/537.36" 
223.91.224.69 - - [19/Mar/2021:07:41:58 +0800] "OPTIONS /api/v1/play/4077/?play_id=4077 HTTP/1.1" 200 0 "https://www.luffycity.com/play/4077" "Mozilla/5.0 (Windows NT 6.1; Win64; x64) AppleWebKit/537.36 (KHTML, like Gecko) Chrome/83.0.4103.116 Safari/537.36" 
223.91.224.69 - - [19/Mar/2021:07:41:58 +0800] "OPTIONS /api/v1/play/sections/?section_id=4077 HTTP/1.1" 200 0 "https://www.luffycity.com/play/4077" "Mozilla/5.0 (Windows NT 6.1; Win64; x64) AppleWebKit/537.36 (KHTML, like Gecko) Chrome/83.0.4103.116 Safari/537.36" 
223.91.224.69 - - [19/Mar/2021:07:41:58 +0800] "GET /api/v1/comment/?section_id=4077&limit=10&offset=0 HTTP/1.1" 200 1702 "https://www.luffycity.com/play/4077" "Mozilla/5.0 (Windows NT 6.1; Win64; x64) AppleWebKit/537.36 (KHTML, like Gecko) Chrome/83.0.4103.116 Safari/537.36" 
223.91.224.69 - - [19/Mar/2021:07:41:58 +0800] "GET /api/v1/play/4077/?play_id=4077 HTTP/1.1" 200 388 "https://www.luffycity.com/play/4077" "Mozilla/5.0 (Windows NT 6.1; Win64; x64) AppleWebKit/537.36 (KHTML, like Gecko) Chrome/83.0.4103.116 Safari/537.36" 
61.160.122.210 - - [19/Mar/2021:07:42:04 +0800] "OPTIONS /api/v1/survey/section/28663/?sectionId=28663 HTTP/1.1" 200 0 "https://www.luffycity.com/" "Mozilla/5.0 (Windows NT 6.1; Win64; x64) AppleWebKit/537.36 (KHTML, like Gecko) Chrome/86.0.4240.111 Safari/537.36" 
61.160.122.210 - - [19/Mar/2021:07:42:04 +0800] "OPTIONS /api/v1/play/28663/?play_id=28663 HTTP/1.1" 200 0 "https://www.luffycity.com/" "Mozilla/5.0 (Windows NT 6.1; Win64; x64) AppleWebKit/537.36 (KHTML, like Gecko) Chrome/86.0.4240.111 Safari/537.36" 
61.160.122.210 - - [19/Mar/2021:07:42:04 +0800] "GET /api/v1/survey/section/28663/?sectionId=28663 HTTP/1.1" 200 10 "https://www.luffycity.com/" "Mozilla/5.0 (Windows NT 6.1; Win64; x64) AppleWebKit/537.36 (KHTML, like Gecko) Chrome/86.0.4240.111 Safari/537.36" 
61.160.122.210 - - [19/Mar/2021:07:42:04 +0800] "GET /api/v1/play/28663/?play_id=28663 HTTP/1.1" 200 421 "https://www.luffycity.com/" "Mozilla/5.0 (Windows NT 6.1; Win64; x64) AppleWebKit/537.36 (KHTML, like Gecko) Chrome/86.0.4240.111 Safari/537.36" 
61.160.122.210 - - [19/Mar/2021:07:42:08 +0800] "OPTIONS /api/v1/comment/?section_id=28664&limit=10&offset=0 HTTP/1.1" 200 0 "https://www.luffycity.com/" "Mozilla/5.0 (Windows NT 6.1; Win64; x64) AppleWebKit/537.36 (KHTML, like Gecko) Chrome/86.0.4240.111 Safari/537.36" 
61.160.122.210 - - [19/Mar/2021:07:42:08 +0800] "OPTIONS /api/v1/survey/section/28664/?sectionId=28664 HTTP/1.1" 200 0 "https://www.luffycity.com/" "Mozilla/5.0 (Windows NT 6.1; Win64; x64) AppleWebKit/537.36 (KHTML, like Gecko) Chrome/86.0.4240.111 Safari/537.36" 
61.160.122.210 - - [19/Mar/2021:07:42:08 +0800] "GET /api/v1/survey/section/28664/?sectionId=28664 HTTP/1.1" 200 10 "https://www.luffycity.com/" "Mozilla/5.0 (Windows NT 6.1; Win64; x64) AppleWebKit/537.36 (KHTML, like Gecko) Chrome/86.0.4240.111 Safari/537.36" 
61.160.122.210 - - [19/Mar/2021:07:42:08 +0800] "GET /api/v1/comment/?section_id=28664&limit=10&offset=0 HTTP/1.1" 200 1362 "https://www.luffycity.com/" "Mozilla/5.0 (Windows NT 6.1; Win64; x64) AppleWebKit/537.36 (KHTML, like Gecko) Chrome/86.0.4240.111 Safari/537.36" 
27.149.67.130 - - [19/Mar/2021:07:42:33 +0800] "GET /api/v1/auth/token/ HTTP/1.1" 200 29 "https://m.luffycity.com/" "Mozilla/5.0 (Linux; U; Android 10; zh-CN; V2001A Build/QP1A.190711.020) AppleWebKit/537.36 (KHTML, like Gecko) Version/4.0 Chrome/78.0.3904.108 Quark/4.7.0.168 Mobile Safari/537.36" 
113.246.93.71 - - [19/Mar/2021:07:43:19 +0800] "OPTIONS /api/v1/play/sections/?section_id=2673 HTTP/1.1" 200 0 "https://www.luffycity.com/" "Mozilla/5.0 (Windows NT 10.0; Win64; x64) AppleWebKit/537.36 (KHTML, like Gecko) Chrome/89.0.4389.82 Safari/537.36" 
113.246.93.71 - - [19/Mar/2021:07:43:19 +0800] "OPTIONS /api/v1/play/2673/?play_id=2673 HTTP/1.1" 200 0 "https://www.luffycity.com/" "Mozilla/5.0 (Windows NT 10.0; Win64; x64) AppleWebKit/537.36 (KHTML, like Gecko) Chrome/89.0.4389.82 Safari/537.36" 
113.246.93.71 - - [19/Mar/2021:07:43:19 +0800] "GET /api/v1/survey/section/2673/?sectionId=2673 HTTP/1.1" 200 10 "https://www.luffycity.com/" "Mozilla/5.0 (Windows NT 10.0; Win64; x64) AppleWebKit/537.36 (KHTML, like Gecko) Chrome/89.0.4389.82 Safari/537.36" 
113.246.93.71 - - [19/Mar/2021:07:43:19 +0800] "GET /api/v1/play/sections/?section_id=2673 HTTP/1.1" 200 5404 "https://www.luffycity.com/" "Mozilla/5.0 (Windows NT 10.0; Win64; x64) AppleWebKit/537.36 (KHTML, like Gecko) Chrome/89.0.4389.82 Safari/537.36" 
113.246.93.71 - - [19/Mar/2021:07:43:23 +0800] "GET /api/v1/play/sections/?section_id=2675 HTTP/1.1" 200 5404 "https://www.luffycity.com/" "Mozilla/5.0 (Windows NT 10.0; Win64; x64) AppleWebKit/537.36 (KHTML, like Gecko) Chrome/89.0.4389.82 Safari/537.36" 
113.246.93.71 - - [19/Mar/2021:07:43:23 +0800] "GET /api/v1/play/2675/?play_id=2675 HTTP/1.1" 200 448 "https://www.luffycity.com/" "Mozilla/5.0 (Windows NT 10.0; Win64; x64) AppleWebKit/537.36 (KHTML, like Gecko) Chrome/89.0.4389.82 Safari/537.36" 
183.8.131.3 - - [19/Mar/2021:07:43:23 +0800] "GET /api/v1/play/20727/?play_id=20727 HTTP/1.1" 200 414 "https://m.luffycity.com/play/20724" "Mozilla/5.0 (Linux; U; Android 10; zh-cn; Redmi Note 7 Build/QKQ1.190910.002) AppleWebKit/537.36 (KHTML, like Gecko) Version/4.0 Chrome/79.0.3945.147 Mobile Safari/537.36 XiaoMi/MiuiBrowser/14.1.18" 
123.147.248.232 - - [19/Mar/2021:07:44:03 +0800] "OPTIONS /api/v1/play/sections/?section_id=30897 HTTP/1.1" 200 0 "https://www.luffycity.com/" "Mozilla/5.0 (Windows NT 10.0; Win64; x64) AppleWebKit/537.36 (KHTML, like Gecko) Chrome/89.0.4389.90 Safari/537.36 Edg/89.0.774.54" 
123.147.248.232 - - [19/Mar/2021:07:44:03 +0800] "OPTIONS /api/v1/comment/?section_id=30897&limit=10&offset=0 HTTP/1.1" 200 0 "https://www.luffycity.com/" "Mozilla/5.0 (Windows NT 10.0; Win64; x64) AppleWebKit/537.36 (KHTML, like Gecko) Chrome/89.0.4389.90 Safari/537.36 Edg/89.0.774.54" 
123.147.248.232 - - [19/Mar/2021:07:44:03 +0800] "GET /api/v1/comment/?section_id=30897&limit=10&offset=0 HTTP/1.1" 200 1642 "https://www.luffycity.com/" "Mozilla/5.0 (Windows NT 10.0; Win64; x64) AppleWebKit/537.36 (KHTML, like Gecko) Chrome/89.0.4389.90 Safari/537.36 Edg/89.0.774.54" 
123.147.248.232 - - [19/Mar/2021:07:44:03 +0800] "GET /api/v1/play/30897/?play_id=30897 HTTP/1.1" 200 414 "https://www.luffycity.com/" "Mozilla/5.0 (Windows NT 10.0; Win64; x64) AppleWebKit/537.36 (KHTML, like Gecko) Chrome/89.0.4389.90 Safari/537.36 Edg/89.0.774.54" 
61.52.72.148 - - [19/Mar/2021:07:44:39 +0800] "GET /api/v1/auth/token/ HTTP/1.1" 200 29 "https://m.luffycity.com/employment-course/2/detail" "Mozilla/5.0 (iPhone; CPU iPhone OS 11_4_1 like Mac OS X) AppleWebKit/605.1.15 (KHTML, like Gecko) Mobile/15G77 ChannelId(73) NebulaSDK/1.8.100112 Nebula PSDType(1) AlipayDefined(nt:4G,ws:320|504|2.0) AliApp(AP/10.1.30.300) AlipayClient/10.1.30.300 Alipay Language/zh-Hans" 
61.52.72.148 - - [19/Mar/2021:07:44:39 +0800] "GET /api/v1/course/degree/2/?courseType=degree&id=2 HTTP/1.1" 200 654 "https://m.luffycity.com/employment-course/2/detail" "Mozilla/5.0 (iPhone; CPU iPhone OS 11_4_1 like Mac OS X) AppleWebKit/605.1.15 (KHTML, like Gecko) Mobile/15G77 ChannelId(73) NebulaSDK/1.8.100112 Nebula PSDType(1) AlipayDefined(nt:4G,ws:320|504|2.0) AliApp(AP/10.1.30.300) AlipayClient/10.1.30.300 Alipay Language/zh-Hans" 
119.123.201.102, 39.97.49.232 - - [19/Mar/2021:07:46:33 +0800] "GET /api/v1/auth/token/ HTTP/1.1" 200 29 "-" "Mozilla/5.0 (Windows NT 10.0; Win64; x64) AppleWebKit/537.36 (KHTML, like Gecko) Chrome/89.0.4389.90 Safari/537.36" 
119.123.201.102, 39.97.49.232 - - [19/Mar/2021:07:46:33 +0800] "GET /api/v1/course/actual/?limit=3 HTTP/1.1" 200 2342 "-" "Mozilla/5.0 (Windows NT 10.0; Win64; x64) AppleWebKit/537.36 (KHTML, like Gecko) Chrome/89.0.4389.90 Safari/537.36" 
119.123.201.102 - - [19/Mar/2021:07:46:34 +0800] "OPTIONS /api/v1/result/enroll/?resultType=enroll&limit=2 HTTP/1.1" 200 0 "https://www.luffycity.com/" "Mozilla/5.0 (Windows NT 10.0; Win64; x64) AppleWebKit/537.36 (KHTML, like Gecko) Chrome/89.0.4389.90 Safari/537.36" 
119.123.201.102 - - [19/Mar/2021:07:46:35 +0800] "OPTIONS /api/v1/auth/wechat/ HTTP/1.1" 200 0 "https://www.luffycity.com/" "Mozilla/5.0 (Windows NT 10.0; Win64; x64) AppleWebKit/537.36 (KHTML, like Gecko) Chrome/89.0.4389.90 Safari/537.36" 
119.123.201.102 - - [19/Mar/2021:07:46:35 +0800] "OPTIONS /api/v1/auth/password/login/?loginWay=password HTTP/1.1" 200 0 "https://www.luffycity.com/" "Mozilla/5.0 (Windows NT 10.0; Win64; x64) AppleWebKit/537.36 (KHTML, like Gecko) Chrome/89.0.4389.90 Safari/537.36" 
119.123.201.102 - - [19/Mar/2021:07:46:36 +0800] "OPTIONS /api/v1/auth/token/ HTTP/1.1" 200 0 "https://www.luffycity.com/" "Mozilla/5.0 (Windows NT 10.0; Win64; x64) AppleWebKit/537.36 (KHTML, like Gecko) Chrome/89.0.4389.90 Safari/537.36" 
119.123.201.102 - - [19/Mar/2021:07:46:37 +0800] "OPTIONS /api/v1/study/degrees/ HTTP/1.1" 200 0 "https://www.luffycity.com/" "Mozilla/5.0 (Windows NT 10.0; Win64; x64) AppleWebKit/537.36 (KHTML, like Gecko) Chrome/89.0.4389.90 Safari/537.36" 
119.123.201.102 - - [19/Mar/2021:07:46:37 +0800] "OPTIONS /api/v1/study/degrees/0/mentor/?degree_id=0 HTTP/1.1" 200 0 "https://www.luffycity.com/" "Mozilla/5.0 (Windows NT 10.0; Win64; x64) AppleWebKit/537.36 (KHTML, like Gecko) Chrome/89.0.4389.90 Safari/537.36" 
119.123.201.102 - - [19/Mar/2021:07:46:37 +0800] "GET /api/v1/study/data/ HTTP/1.1" 200 109 "https://www.luffycity.com/" "Mozilla/5.0 (Windows NT 10.0; Win64; x64) AppleWebKit/537.36 (KHTML, like Gecko) Chrome/89.0.4389.90 Safari/537.36" 
119.123.201.102 - - [19/Mar/2021:07:46:37 +0800] "OPTIONS /api/v1/study/degrees/1/?degree_id=1 HTTP/1.1" 200 0 "https://www.luffycity.com/" "Mozilla/5.0 (Windows NT 10.0; Win64; x64) AppleWebKit/537.36 (KHTML, like Gecko) Chrome/89.0.4389.90 Safari/537.36" 
119.123.201.102 - - [19/Mar/2021:07:46:37 +0800] "OPTIONS /api/v1/study/degrees/1/mentor/?degree_id=1 HTTP/1.1" 200 0 "https://www.luffycity.com/" "Mozilla/5.0 (Windows NT 10.0; Win64; x64) AppleWebKit/537.36 (KHTML, like Gecko) Chrome/89.0.4389.90 Safari/537.36" 
119.123.201.102 - - [19/Mar/2021:07:46:37 +0800] "GET /api/v1/study/data/?degree_id=1 HTTP/1.1" 200 115 "https://www.luffycity.com/" "Mozilla/5.0 (Windows NT 10.0; Win64; x64) AppleWebKit/537.36 (KHTML, like Gecko) Chrome/89.0.4389.90 Safari/537.36" 
119.123.201.102 - - [19/Mar/2021:07:46:40 +0800] "OPTIONS /api/v1/study/degrees/1/homework/?degreeId=1&limit=5&offset=0 HTTP/1.1" 200 0 "https://www.luffycity.com/" "Mozilla/5.0 (Windows NT 10.0; Win64; x64) AppleWebKit/537.36 (KHTML, like Gecko) Chrome/89.0.4389.90 Safari/537.36" 
119.123.201.102 - - [19/Mar/2021:07:46:40 +0800] "GET /api/v1/study/degrees/1/homework/?degreeId=1&limit=5&offset=0 HTTP/1.1" 200 1145 "https://www.luffycity.com/" "Mozilla/5.0 (Windows NT 10.0; Win64; x64) AppleWebKit/537.36 (KHTML, like Gecko) Chrome/89.0.4389.90 Safari/537.36" 
40.77.167.15, 39.97.49.232 - - [19/Mar/2021:07:46:47 +0800] "GET /api/v1/result/ HTTP/1.1" 200 231 "-" "Mozilla/5.0 (compatible; bingbot/2.0; +http://www.bing.com/bingbot.htm)" 
40.77.167.15, 39.97.49.232 - - [19/Mar/2021:07:46:48 +0800] "GET /api/v1/course/actual/161/?courseType=actual&id=161 HTTP/1.1" 200 992 "-" "Mozilla/5.0 (compatible; bingbot/2.0; +http://www.bing.com/bingbot.htm)" 
119.123.201.102 - - [19/Mar/2021:07:46:56 +0800] "GET /api/v1/study/degrees/0/mentor/?degree_id=0 HTTP/1.1" 200 137 "https://www.luffycity.com/" "Mozilla/5.0 (Windows NT 10.0; Win64; x64) AppleWebKit/537.36 (KHTML, like Gecko) Chrome/89.0.4389.90 Safari/537.36" 
119.123.201.102 - - [19/Mar/2021:07:46:56 +0800] "GET /api/v1/study/degrees/ HTTP/1.1" 200 262 "https://www.luffycity.com/" "Mozilla/5.0 (Windows NT 10.0; Win64; x64) AppleWebKit/537.36 (KHTML, like Gecko) Chrome/89.0.4389.90 Safari/537.36" 
119.123.201.102 - - [19/Mar/2021:07:46:57 +0800] "GET /api/v1/study/data/?degree_id=1 HTTP/1.1" 200 115 "https://www.luffycity.com/" "Mozilla/5.0 (Windows NT 10.0; Win64; x64) AppleWebKit/537.36 (KHTML, like Gecko) Chrome/89.0.4389.90 Safari/537.36" 
113.246.93.71 - - [19/Mar/2021:07:47:52 +0800] "GET /api/v1/survey/section/2673/?sectionId=2673 HTTP/1.1" 200 10 "https://www.luffycity.com/" "Mozilla/5.0 (Windows NT 10.0; Win64; x64) AppleWebKit/537.36 (KHTML, like Gecko) Chrome/89.0.4389.82 Safari/537.36" 
113.246.93.71 - - [19/Mar/2021:07:47:52 +0800] "GET /api/v1/comment/?section_id=2673&limit=10&offset=0 HTTP/1.1" 200 1268 "https://www.luffycity.com/" "Mozilla/5.0 (Windows NT 10.0; Win64; x64) AppleWebKit/537.36 (KHTML, like Gecko) Chrome/89.0.4389.82 Safari/537.36" 
113.246.93.71 - - [19/Mar/2021:07:48:08 +0800] "OPTIONS /api/v1/comment/?section_id=2676&limit=10&offset=0 HTTP/1.1" 200 0 "https://www.luffycity.com/" "Mozilla/5.0 (Windows NT 10.0; Win64; x64) AppleWebKit/537.36 (KHTML, like Gecko) Chrome/89.0.4389.82 Safari/537.36" 
113.246.93.71 - - [19/Mar/2021:07:48:08 +0800] "OPTIONS /api/v1/survey/section/2676/?sectionId=2676 HTTP/1.1" 200 0 "https://www.luffycity.com/" "Mozilla/5.0 (Windows NT 10.0; Win64; x64) AppleWebKit/537.36 (KHTML, like Gecko) Chrome/89.0.4389.82 Safari/537.36" 
113.246.93.71 - - [19/Mar/2021:07:48:08 +0800] "GET /api/v1/comment/?section_id=2676&limit=10&offset=0 HTTP/1.1" 200 1268 "https://www.luffycity.com/" "Mozilla/5.0 (Windows NT 10.0; Win64; x64) AppleWebKit/537.36 (KHTML, like Gecko) Chrome/89.0.4389.82 Safari/537.36" 
113.246.93.71 - - [19/Mar/2021:07:48:08 +0800] "GET /api/v1/play/2676/?play_id=2676 HTTP/1.1" 200 445 "https://www.luffycity.com/" "Mozilla/5.0 (Windows NT 10.0; Win64; x64) AppleWebKit/537.36 (KHTML, like Gecko) Chrome/89.0.4389.82 Safari/537.36" 
203.208.60.82, 39.97.49.232 - - [19/Mar/2021:07:48:24 +0800] "GET /api/v1/result/ HTTP/1.1" 200 231 "-" "Mozilla/5.0 (compatible; Googlebot/2.1; +http://www.google.com/bot.html)" 
203.208.60.82, 39.97.49.232 - - [19/Mar/2021:07:48:24 +0800] "GET /api/v1/index/banner/ HTTP/1.1" 200 382 "-" "Mozilla/5.0 (compatible; Googlebot/2.1; +http://www.google.com/bot.html)" 
203.208.60.82, 39.97.49.232 - - [19/Mar/2021:07:48:24 +0800] "GET /api/v1/course/home-free/?limit=3 HTTP/1.1" 200 865 "-" "Mozilla/5.0 (compatible; Googlebot/2.1; +http://www.google.com/bot.html)" 
220.181.108.159, 39.97.49.232 - - [19/Mar/2021:07:48:29 +0800] "GET /api/v1/auth/token/ HTTP/1.1" 200 29 "-" "Mozilla/5.0 (compatible; Baiduspider/2.0; +http://www.baidu.com/search/spider.html)" 
220.181.108.159, 39.97.49.232 - - [19/Mar/2021:07:48:29 +0800] "GET /api/v1/course/category/actual/?courseType=actual HTTP/1.1" 200 252 "-" "Mozilla/5.0 (compatible; Baiduspider/2.0; +http://www.baidu.com/search/spider.html)" 
123.147.248.232 - - [19/Mar/2021:07:49:57 +0800] "OPTIONS /api/v1/play/sections/?section_id=30898 HTTP/1.1" 200 0 "https://www.luffycity.com/" "Mozilla/5.0 (Windows NT 10.0; Win64; x64) AppleWebKit/537.36 (KHTML, like Gecko) Chrome/89.0.4389.90 Safari/537.36 Edg/89.0.774.54" 
123.147.248.232 - - [19/Mar/2021:07:49:57 +0800] "OPTIONS /api/v1/survey/section/30898/?sectionId=30898 HTTP/1.1" 200 0 "https://www.luffycity.com/" "Mozilla/5.0 (Windows NT 10.0; Win64; x64) AppleWebKit/537.36 (KHTML, like Gecko) Chrome/89.0.4389.90 Safari/537.36 Edg/89.0.774.54" 
123.147.248.232 - - [19/Mar/2021:07:49:58 +0800] "GET /api/v1/survey/section/30898/?sectionId=30898 HTTP/1.1" 200 10 "https://www.luffycity.com/" "Mozilla/5.0 (Windows NT 10.0; Win64; x64) AppleWebKit/537.36 (KHTML, like Gecko) Chrome/89.0.4389.90 Safari/537.36 Edg/89.0.774.54" 
123.147.248.232 - - [19/Mar/2021:07:49:58 +0800] "GET /api/v1/play/30898/?play_id=30898 HTTP/1.1" 200 429 "https://www.luffycity.com/" "Mozilla/5.0 (Windows NT 10.0; Win64; x64) AppleWebKit/537.36 (KHTML, like Gecko) Chrome/89.0.4389.90 Safari/537.36 Edg/89.0.774.54" 
58.243.98.212 - - [19/Mar/2021:07:50:14 +0800] "OPTIONS /api/v1/play/sections/?section_id=26686 HTTP/1.1" 200 0 "https://www.luffycity.com/play/26686" "Mozilla/5.0 (Windows NT 10.0; Win64; x64; rv:86.0) Gecko/20100101 Firefox/86.0" 
58.243.98.212 - - [19/Mar/2021:07:50:14 +0800] "OPTIONS /api/v1/play/26686/?play_id=26686 HTTP/1.1" 200 0 "https://www.luffycity.com/play/26686" "Mozilla/5.0 (Windows NT 10.0; Win64; x64; rv:86.0) Gecko/20100101 Firefox/86.0" 
58.243.98.212 - - [19/Mar/2021:07:50:15 +0800] "GET /api/v1/play/sections/?section_id=26686 HTTP/1.1" 200 2269 "https://www.luffycity.com/play/26686" "Mozilla/5.0 (Windows NT 10.0; Win64; x64; rv:86.0) Gecko/20100101 Firefox/86.0" 
58.243.98.212 - - [19/Mar/2021:07:50:15 +0800] "GET /api/v1/play/26686/?play_id=26686 HTTP/1.1" 200 410 "https://www.luffycity.com/play/26686" "Mozilla/5.0 (Windows NT 10.0; Win64; x64; rv:86.0) Gecko/20100101 Firefox/86.0" 
40.77.167.9, 39.97.49.232 - - [19/Mar/2021:07:52:03 +0800] "GET /api/v1/auth/token/ HTTP/1.1" 200 29 "-" "Mozilla/5.0 (compatible; bingbot/2.0; +http://www.bing.com/bingbot.htm)" 
40.77.167.9, 39.97.49.232 - - [19/Mar/2021:07:52:03 +0800] "GET /api/v1/result/ HTTP/1.1" 200 231 "-" "Mozilla/5.0 (compatible; bingbot/2.0; +http://www.bing.com/bingbot.htm)" 
117.136.119.213 - - [19/Mar/2021:07:52:40 +0800] "GET /api/v1/play/30993/?play_id=30993 HTTP/1.1" 200 64 "https://m.luffycity.com/play/30993" "Mozilla/5.0 (iPhone; CPU iPhone OS 14_2 like Mac OS X) AppleWebKit/605.1.15 (KHTML, like Gecko) CriOS/87.0.4280.77 Mobile/15E148 Safari/604.1" 
58.243.98.212 - - [19/Mar/2021:07:52:43 +0800] "POST /api/v1/survey/section/26686/?sectionId=26686 HTTP/1.1" 200 10 "https://www.luffycity.com/play/26686" "Mozilla/5.0 (Windows NT 10.0; Win64; x64; rv:86.0) Gecko/20100101 Firefox/86.0" 
58.243.98.212 - - [19/Mar/2021:07:52:44 +0800] "OPTIONS /api/v1/comment/?section_id=26687&limit=10&offset=0 HTTP/1.1" 200 0 "https://www.luffycity.com/play/26687" "Mozilla/5.0 (Windows NT 10.0; Win64; x64; rv:86.0) Gecko/20100101 Firefox/86.0" 
58.243.98.212 - - [19/Mar/2021:07:52:44 +0800] "OPTIONS /api/v1/survey/section/26687/?sectionId=26687 HTTP/1.1" 200 0 "https://www.luffycity.com/play/26687" "Mozilla/5.0 (Windows NT 10.0; Win64; x64; rv:86.0) Gecko/20100101 Firefox/86.0" 
58.243.98.212 - - [19/Mar/2021:07:52:44 +0800] "GET /api/v1/survey/section/26687/?sectionId=26687 HTTP/1.1" 200 10 "https://www.luffycity.com/play/26687" "Mozilla/5.0 (Windows NT 10.0; Win64; x64; rv:86.0) Gecko/20100101 Firefox/86.0" 
58.243.98.212 - - [19/Mar/2021:07:52:44 +0800] "GET /api/v1/play/26687/?play_id=26687 HTTP/1.1" 200 425 "https://www.luffycity.com/play/26687" "Mozilla/5.0 (Windows NT 10.0; Win64; x64; rv:86.0) Gecko/20100101 Firefox/86.0" 
13.66.139.13, 39.97.49.232 - - [19/Mar/2021:07:52:44 +0800] "GET /api/v1/auth/token/ HTTP/1.1" 200 29 "-" "Mozilla/5.0 (compatible; bingbot/2.0; +http://www.bing.com/bingbot.htm)" 
13.66.139.13, 39.97.49.232 - - [19/Mar/2021:07:52:44 +0800] "GET /api/v1/result/ HTTP/1.1" 200 231 "-" "Mozilla/5.0 (compatible; bingbot/2.0; +http://www.bing.com/bingbot.htm)" 
106.121.70.53, 123.150.181.254 - - [19/Mar/2021:07:52:59 +0800] "GET /api/v1/auth/token/ HTTP/1.1" 200 361 "https://m.luffycity.com/play/25542" "Mozilla/5.0 (iPhone; U; CPU iPhone OS 4_3_2 like Mac OS X; en-us) AppleWebKit/533.17.9 (KHTML, like Gecko) Version/5.0.2 Mobile/8H7 Safari/6533.18.5 Quark/4.7.0.168" 
106.121.70.53, 123.150.181.254 - - [19/Mar/2021:07:52:59 +0800] "GET /api/v1/play/sections/?section_id=25542 HTTP/1.1" 200 5906 "https://m.luffycity.com/play/25542" "Mozilla/5.0 (iPhone; U; CPU iPhone OS 4_3_2 like Mac OS X; en-us) AppleWebKit/533.17.9 (KHTML, like Gecko) Version/5.0.2 Mobile/8H7 Safari/6533.18.5 Quark/4.7.0.168" 
117.136.119.213 - - [19/Mar/2021:07:54:22 +0800] "GET /api/v1/play/30993/?play_id=30993 HTTP/1.1" 200 64 "https://m.luffycity.com/play/30993" "Mozilla/5.0 (iPhone; CPU iPhone OS 14_2 like Mac OS X) AppleWebKit/605.1.15 (KHTML, like Gecko) CriOS/87.0.4280.77 Mobile/15E148 Safari/604.1" 
123.126.152.235 - - [19/Mar/2021:07:54:24 +0800] "OPTIONS /api/v1/play/11958/?play_id=11958 HTTP/1.1" 200 0 "https://www.luffycity.com/" "Mozilla/5.0 (Macintosh; Intel Mac OS X 10_11_6) AppleWebKit/537.36 (KHTML, like Gecko) Chrome/88.0.4324.182 Safari/537.36" 
123.126.152.235 - - [19/Mar/2021:07:54:24 +0800] "OPTIONS /api/v1/play/sections/?section_id=11958 HTTP/1.1" 200 0 "https://www.luffycity.com/" "Mozilla/5.0 (Macintosh; Intel Mac OS X 10_11_6) AppleWebKit/537.36 (KHTML, like Gecko) Chrome/88.0.4324.182 Safari/537.36" 
123.126.152.235 - - [19/Mar/2021:07:54:24 +0800] "GET /api/v1/survey/section/11958/?sectionId=11958 HTTP/1.1" 200 10 "https://www.luffycity.com/" "Mozilla/5.0 (Macintosh; Intel Mac OS X 10_11_6) AppleWebKit/537.36 (KHTML, like Gecko) Chrome/88.0.4324.182 Safari/537.36" 
123.126.152.235 - - [19/Mar/2021:07:54:24 +0800] "GET /api/v1/play/sections/?section_id=11958 HTTP/1.1" 200 7806 "https://www.luffycity.com/" "Mozilla/5.0 (Macintosh; Intel Mac OS X 10_11_6) AppleWebKit/537.36 (KHTML, like Gecko) Chrome/88.0.4324.182 Safari/537.36" 
117.136.119.213 - - [19/Mar/2021:07:54:32 +0800] "GET /api/v1/auth/token/ HTTP/1.1" 200 29 "https://m.luffycity.com/study/degree" "Mozilla/5.0 (iPhone; CPU iPhone OS 14_2 like Mac OS X) AppleWebKit/605.1.15 (KHTML, like Gecko) CriOS/87.0.4280.77 Mobile/15E148 Safari/604.1" 
117.136.119.213 - - [19/Mar/2021:07:54:33 +0800] "GET /api/v1/auth/token/ HTTP/1.1" 200 29 "https://m.luffycity.com/study/degree" "Mozilla/5.0 (iPhone; CPU iPhone OS 14_2 like Mac OS X) AppleWebKit/605.1.15 (KHTML, like Gecko) CriOS/87.0.4280.77 Mobile/15E148 Safari/604.1" 
117.136.119.213 - - [19/Mar/2021:07:54:35 +0800] "GET /api/v1/auth/captcha/ HTTP/1.1" 200 137 "https://m.luffycity.com/signup?redirect=%2Fstudy%2Fdegree" "Mozilla/5.0 (iPhone; CPU iPhone OS 14_2 like Mac OS X) AppleWebKit/605.1.15 (KHTML, like Gecko) CriOS/87.0.4280.77 Mobile/15E148 Safari/604.1" 
117.136.119.213 - - [19/Mar/2021:07:55:00 +0800] "POST /api/v1/auth/mobile/login/?loginWay=mobile HTTP/1.1" 200 274 "https://m.luffycity.com/signup?redirect=%2Fstudy%2Fdegree" "Mozilla/5.0 (iPhone; CPU iPhone OS 14_2 like Mac OS X) AppleWebKit/605.1.15 (KHTML, like Gecko) CriOS/87.0.4280.77 Mobile/15E148 Safari/604.1" 
117.136.119.213 - - [19/Mar/2021:07:55:00 +0800] "GET /api/v1/study/degrees/ HTTP/1.1" 200 146 "https://m.luffycity.com/study/degree" "Mozilla/5.0 (iPhone; CPU iPhone OS 14_2 like Mac OS X) AppleWebKit/605.1.15 (KHTML, like Gecko) CriOS/87.0.4280.77 Mobile/15E148 Safari/604.1" 
117.136.119.213 - - [19/Mar/2021:07:55:03 +0800] "GET /api/v1/auth/token/ HTTP/1.1" 200 377 "https://m.luffycity.com/study/degree" "Mozilla/5.0 (iPhone; CPU iPhone OS 14_2 like Mac OS X) AppleWebKit/605.1.15 (KHTML, like Gecko) CriOS/87.0.4280.77 Mobile/15E148 Safari/604.1" 
117.136.119.213 - - [19/Mar/2021:07:55:04 +0800] "GET /api/v1/play/sections/?section_id=31000 HTTP/1.1" 200 2999 "https://m.luffycity.com/play/31000" "Mozilla/5.0 (iPhone; CPU iPhone OS 14_2 like Mac OS X) AppleWebKit/605.1.15 (KHTML, like Gecko) CriOS/87.0.4280.77 Mobile/15E148 Safari/604.1" 
117.136.119.213 - - [19/Mar/2021:07:55:08 +0800] "GET /api/v1/play/31004/?play_id=31004 HTTP/1.1" 200 415 "https://m.luffycity.com/play/31000" "Mozilla/5.0 (iPhone; CPU iPhone OS 14_2 like Mac OS X) AppleWebKit/605.1.15 (KHTML, like Gecko) CriOS/87.0.4280.77 Mobile/15E148 Safari/604.1" 
117.136.119.213 - - [19/Mar/2021:07:55:23 +0800] "GET /api/v1/play/31004/?play_id=31004 HTTP/1.1" 200 415 "https://m.luffycity.com/play/31004" "Mozilla/5.0 (iPhone; CPU iPhone OS 14_2 like Mac OS X) AppleWebKit/605.1.15 (KHTML, like Gecko) CriOS/87.0.4280.77 Mobile/15E148 Safari/604.1" 
223.91.224.69 - - [19/Mar/2021:07:55:33 +0800] "OPTIONS /api/v1/survey/section/4078/?sectionId=4078 HTTP/1.1" 200 0 "https://www.luffycity.com/play/4078" "Mozilla/5.0 (Windows NT 6.1; Win64; x64) AppleWebKit/537.36 (KHTML, like Gecko) Chrome/83.0.4103.116 Safari/537.36" 
223.91.224.69 - - [19/Mar/2021:07:55:33 +0800] "OPTIONS /api/v1/comment/?section_id=4078&limit=10&offset=0 HTTP/1.1" 200 0 "https://www.luffycity.com/play/4078" "Mozilla/5.0 (Windows NT 6.1; Win64; x64) AppleWebKit/537.36 (KHTML, like Gecko) Chrome/83.0.4103.116 Safari/537.36" 
223.91.224.69 - - [19/Mar/2021:07:55:33 +0800] "GET /api/v1/play/4078/?play_id=4078 HTTP/1.1" 200 415 "https://www.luffycity.com/play/4078" "Mozilla/5.0 (Windows NT 6.1; Win64; x64) AppleWebKit/537.36 (KHTML, like Gecko) Chrome/83.0.4103.116 Safari/537.36" 
223.91.224.69 - - [19/Mar/2021:07:55:33 +0800] "GET /api/v1/play/sections/?section_id=4078 HTTP/1.1" 200 7787 "https://www.luffycity.com/play/4078" "Mozilla/5.0 (Windows NT 6.1; Win64; x64) AppleWebKit/537.36 (KHTML, like Gecko) Chrome/83.0.4103.116 Safari/537.36" 
223.104.187.9 - - [19/Mar/2021:07:55:44 +0800] "GET /api/v1/index/banner/ HTTP/1.1" 200 20 "https://m.luffycity.com/" "Mozilla/5.0 (Linux; Android 10; CLT-AL00; HMSCore 5.2.0.303; GMSCore 20.15.16) AppleWebKit/537.36 (KHTML, like Gecko) Chrome/83.0.4103.106 HuaweiBrowser/11.0.8.300 Mobile Safari/537.36" 
223.104.187.9 - - [19/Mar/2021:07:55:51 +0800] "GET /api/v1/study/degrees/ HTTP/1.1" 200 138 "https://m.luffycity.com/study/degree" "Mozilla/5.0 (Linux; Android 10; CLT-AL00; HMSCore 5.2.0.303; GMSCore 20.15.16) AppleWebKit/537.36 (KHTML, like Gecko) Chrome/83.0.4103.106 HuaweiBrowser/11.0.8.300 Mobile Safari/537.36" 
223.104.187.9 - - [19/Mar/2021:07:55:51 +0800] "GET /api/v1/study/degrees/23/?degree_id=23 HTTP/1.1" 200 1613 "https://m.luffycity.com/study/degree" "Mozilla/5.0 (Linux; Android 10; CLT-AL00; HMSCore 5.2.0.303; GMSCore 20.15.16) AppleWebKit/537.36 (KHTML, like Gecko) Chrome/83.0.4103.106 HuaweiBrowser/11.0.8.300 Mobile Safari/537.36" 
223.104.187.9 - - [19/Mar/2021:07:55:57 +0800] "GET /api/v1/play/31684/?play_id=31684 HTTP/1.1" 200 439 "https://m.luffycity.com/play/31684" "Mozilla/5.0 (Linux; Android 10; CLT-AL00; HMSCore 5.2.0.303; GMSCore 20.15.16) AppleWebKit/537.36 (KHTML, like Gecko) Chrome/83.0.4103.106 HuaweiBrowser/11.0.8.300 Mobile Safari/537.36" 
175.167.136.206 - - [19/Mar/2021:07:56:03 +0800] "GET /api/v1/index/banner/ HTTP/1.1" 200 20 "https://m.luffycity.com/" "Mozilla/5.0 (Linux; Android 10; HMA-AL00; HMSCore 5.2.0.303; GMSCore 20.15.16) AppleWebKit/537.36 (KHTML, like Gecko) Chrome/83.0.4103.106 HuaweiBrowser/11.0.8.300 Mobile Safari/537.36" 
223.104.187.9 - - [19/Mar/2021:07:56:07 +0800] "GET /api/v1/auth/token/ HTTP/1.1" 200 392 "https://m.luffycity.com/play/31684" "Mozilla/5.0 (Linux; Android 10; CLT-AL00; HMSCore 5.2.0.303; GMSCore 20.15.16) AppleWebKit/537.36 (KHTML, like Gecko) Chrome/83.0.4103.106 HuaweiBrowser/11.0.8.300 Mobile Safari/537.36" 
223.104.187.9 - - [19/Mar/2021:07:56:07 +0800] "GET /api/v1/play/sections/?section_id=31676 HTTP/1.1" 200 2203 "https://m.luffycity.com/play/31676" "Mozilla/5.0 (Linux; Android 10; CLT-AL00; HMSCore 5.2.0.303; GMSCore 20.15.16) AppleWebKit/537.36 (KHTML, like Gecko) Chrome/83.0.4103.106 HuaweiBrowser/11.0.8.300 Mobile Safari/537.36" 
175.167.136.206 - - [19/Mar/2021:07:56:14 +0800] "GET /api/v1/study/degrees/ HTTP/1.1" 200 146 "https://m.luffycity.com/study/degree" "Mozilla/5.0 (Linux; Android 10; HMA-AL00; HMSCore 5.2.0.303; GMSCore 20.15.16) AppleWebKit/537.36 (KHTML, like Gecko) Chrome/83.0.4103.106 HuaweiBrowser/11.0.8.300 Mobile Safari/537.36" 
175.167.136.206 - - [19/Mar/2021:07:56:14 +0800] "GET /api/v1/study/degrees/1/?degree_id=1 HTTP/1.1" 200 1986 "https://m.luffycity.com/study/degree" "Mozilla/5.0 (Linux; Android 10; HMA-AL00; HMSCore 5.2.0.303; GMSCore 20.15.16) AppleWebKit/537.36 (KHTML, like Gecko) Chrome/83.0.4103.106 HuaweiBrowser/11.0.8.300 Mobile Safari/537.36" 
175.167.136.206 - - [19/Mar/2021:07:56:16 +0800] "GET /api/v1/play/31629/?play_id=31629 HTTP/1.1" 200 454 "https://m.luffycity.com/play/31629" "Mozilla/5.0 (Linux; Android 10; HMA-AL00; HMSCore 5.2.0.303; GMSCore 20.15.16) AppleWebKit/537.36 (KHTML, like Gecko) Chrome/83.0.4103.106 HuaweiBrowser/11.0.8.300 Mobile Safari/537.36" 
223.104.187.9 - - [19/Mar/2021:07:56:18 +0800] "GET /api/v1/auth/token/ HTTP/1.1" 200 392 "https://m.luffycity.com/play/31676" "Mozilla/5.0 (Linux; Android 10; CLT-AL00; HMSCore 5.2.0.303; GMSCore 20.15.16) AppleWebKit/537.36 (KHTML, like Gecko) Chrome/83.0.4103.106 HuaweiBrowser/11.0.8.300 Mobile Safari/537.36" 
223.104.187.9 - - [19/Mar/2021:07:56:19 +0800] "GET /api/v1/play/31685/?play_id=31685 HTTP/1.1" 200 414 "https://m.luffycity.com/play/31685" "Mozilla/5.0 (Linux; Android 10; CLT-AL00; HMSCore 5.2.0.303; GMSCore 20.15.16) AppleWebKit/537.36 (KHTML, like Gecko) Chrome/83.0.4103.106 HuaweiBrowser/11.0.8.300 Mobile Safari/537.36" 
175.167.136.206 - - [19/Mar/2021:07:56:21 +0800] "GET /api/v1/auth/token/ HTTP/1.1" 200 402 "https://m.luffycity.com/play/31629" "Mozilla/5.0 (Linux; Android 10; HMA-AL00; HMSCore 5.2.0.303; GMSCore 20.15.16) AppleWebKit/537.36 (KHTML, like Gecko) Chrome/83.0.4103.106 HuaweiBrowser/11.0.8.300 Mobile Safari/537.36" 
175.167.136.206 - - [19/Mar/2021:07:56:21 +0800] "GET /api/v1/play/sections/?section_id=31628 HTTP/1.1" 200 2198 "https://m.luffycity.com/play/31628" "Mozilla/5.0 (Linux; Android 10; HMA-AL00; HMSCore 5.2.0.303; GMSCore 20.15.16) AppleWebKit/537.36 (KHTML, like Gecko) Chrome/83.0.4103.106 HuaweiBrowser/11.0.8.300 Mobile Safari/537.36" 
117.136.119.213 - - [19/Mar/2021:07:56:26 +0800] "GET /api/v1/play/31005/?play_id=31005 HTTP/1.1" 200 434 "https://m.luffycity.com/play/31004" "Mozilla/5.0 (iPhone; CPU iPhone OS 14_2 like Mac OS X) AppleWebKit/605.1.15 (KHTML, like Gecko) CriOS/87.0.4280.77 Mobile/15E148 Safari/604.1" 
203.208.60.42 - - [19/Mar/2021:07:56:31 +0800] "OPTIONS /api/v1/result/enroll/?resultType=enroll&limit=2 HTTP/1.1" 200 0 "https://www.luffycity.com/" "Mozilla/5.0 AppleWebKit/537.36 (KHTML, like Gecko; compatible; Googlebot/2.1; +http://www.google.com/bot.html) Safari/537.36" 
60.29.18.61, 39.97.49.232 - - [19/Mar/2021:07:56:38 +0800] "GET /api/v1/index/banner/ HTTP/1.1" 200 382 "https://www.baidu.com/link?url=eiUss-jRWxZlQa5oBhTDL7X0XAwYiEYqB7RSfhCYfSwej7VQf50d5z76nzraDkin&wd=&eqid=dcec2e56001b1be4000000026053e8b4" "Mozilla/5.0 (Windows NT 10.0; Win64; x64) AppleWebKit/537.36 (KHTML, like Gecko) Chrome/88.0.4324.150 Safari/537.36" 
60.29.18.61, 39.97.49.232 - - [19/Mar/2021:07:56:38 +0800] "GET /api/v1/course/actual/?limit=3 HTTP/1.1" 200 2342 "https://www.baidu.com/link?url=eiUss-jRWxZlQa5oBhTDL7X0XAwYiEYqB7RSfhCYfSwej7VQf50d5z76nzraDkin&wd=&eqid=dcec2e56001b1be4000000026053e8b4" "Mozilla/5.0 (Windows NT 10.0; Win64; x64) AppleWebKit/537.36 (KHTML, like Gecko) Chrome/88.0.4324.150 Safari/537.36" 
60.29.18.61 - - [19/Mar/2021:07:56:39 +0800] "OPTIONS /api/v1/result/enroll/?resultType=enroll&limit=2 HTTP/1.1" 200 0 "https://www.luffycity.com/" "Mozilla/5.0 (Windows NT 10.0; Win64; x64) AppleWebKit/537.36 (KHTML, like Gecko) Chrome/88.0.4324.150 Safari/537.36" 
60.29.18.61 - - [19/Mar/2021:07:56:42 +0800] "OPTIONS /api/v1/auth/wechat/ HTTP/1.1" 200 0 "https://www.luffycity.com/" "Mozilla/5.0 (Windows NT 10.0; Win64; x64) AppleWebKit/537.36 (KHTML, like Gecko) Chrome/88.0.4324.150 Safari/537.36" 
60.29.18.61 - - [19/Mar/2021:07:56:53 +0800] "OPTIONS /api/v1/auth/password/login/?loginWay=password HTTP/1.1" 200 0 "https://www.luffycity.com/" "Mozilla/5.0 (Windows NT 10.0; Win64; x64) AppleWebKit/537.36 (KHTML, like Gecko) Chrome/88.0.4324.150 Safari/537.36" 
60.29.18.61 - - [19/Mar/2021:07:56:53 +0800] "OPTIONS /api/v1/auth/token/ HTTP/1.1" 200 0 "https://www.luffycity.com/" "Mozilla/5.0 (Windows NT 10.0; Win64; x64) AppleWebKit/537.36 (KHTML, like Gecko) Chrome/88.0.4324.150 Safari/537.36" 
171.9.199.89 - - [19/Mar/2021:07:56:55 +0800] "GET /api/v1/survey/section/27965/?sectionId=27965 HTTP/1.1" 200 10 "https://www.luffycity.com/" "Mozilla/5.0 (Windows NT 10.0; Win64; x64) AppleWebKit/537.36 (KHTML, like Gecko) Chrome/89.0.4389.90 Safari/537.36" 
171.9.199.89 - - [19/Mar/2021:07:56:55 +0800] "GET /api/v1/play/sections/?section_id=27965 HTTP/1.1" 200 1997 "https://www.luffycity.com/" "Mozilla/5.0 (Windows NT 10.0; Win64; x64) AppleWebKit/537.36 (KHTML, like Gecko) Chrome/89.0.4389.90 Safari/537.36" 
171.9.199.89 - - [19/Mar/2021:07:56:57 +0800] "GET /api/v1/play/sections/?section_id=27961 HTTP/1.1" 200 1997 "https://www.luffycity.com/" "Mozilla/5.0 (Windows NT 10.0; Win64; x64) AppleWebKit/537.36 (KHTML, like Gecko) Chrome/89.0.4389.90 Safari/537.36" 
171.9.199.89 - - [19/Mar/2021:07:56:57 +0800] "GET /api/v1/play/27961/?play_id=27961 HTTP/1.1" 200 440 "https://www.luffycity.com/" "Mozilla/5.0 (Windows NT 10.0; Win64; x64) AppleWebKit/537.36 (KHTML, like Gecko) Chrome/89.0.4389.90 Safari/537.36" 
42.236.10.78 - - [19/Mar/2021:07:57:12 +0800] "GET /api/v1/auth/token/ HTTP/1.1" 200 29 "https://m.luffycity.com/play/31684" "Mozilla/5.0 (Linux; U; Android 8.1.0; zh-CN; EML-AL00 Build/HUAWEIEML-AL00) AppleWebKit/537.36 (KHTML, like Gecko) Version/4.0 Chrome/57.0.2987.108 baidu.sogo.uc.UCBrowser/11.9.4.974 UWS/2.13.1.48 Mobile Safari/537.36 AliApp(DingTalk/4.5.11) com.alibaba.android.rimet/10487439 Channel/227200 language/zh-CN" 
42.236.10.78 - - [19/Mar/2021:07:57:13 +0800] "GET /api/v1/play/sections/?section_id=31684 HTTP/1.1" 200 2165 "https://m.luffycity.com/play/31684" "Mozilla/5.0 (Linux; U; Android 8.1.0; zh-CN; EML-AL00 Build/HUAWEIEML-AL00) AppleWebKit/537.36 (KHTML, like Gecko) Version/4.0 Chrome/57.0.2987.108 baidu.sogo.uc.UCBrowser/11.9.4.974 UWS/2.13.1.48 Mobile Safari/537.36 AliApp(DingTalk/4.5.11) com.alibaba.android.rimet/10487439 Channel/227200 language/zh-CN" 
112.65.48.108 - - [19/Mar/2021:07:57:16 +0800] "GET /api/v1/study/data/ HTTP/1.1" 200 64 "https://m.luffycity.com/study/degree" "Mozilla/5.0 (Linux; Android 10; LYA-AL00 Build/HUAWEILYA-AL00; wv) AppleWebKit/537.36 (KHTML, like Gecko) Version/4.0 Chrome/77.0.3865.120 MQQBrowser/6.2 TBS/045513 Mobile Safari/537.36 MMWEBID/2524 MicroMessenger/8.0.1.1841(0x280001A9) Process/tools WeChat/arm64 Weixin NetType/4G Language/zh_CN ABI/arm64" 
203.208.60.120 - - [19/Mar/2021:07:57:23 +0800] "GET /api/v1/course/actual/166/payment/?courseType=actual&id=166 HTTP/1.1" 200 285 "https://m.luffycity.com/actual-course/166/chapter" "Mozilla/5.0 (Linux; Android 6.0.1; Nexus 5X Build/MMB29P) AppleWebKit/537.36 (KHTML, like Gecko) Chrome/89.0.4389.93 Mobile Safari/537.36 (compatible; Googlebot/2.1; +http://www.google.com/bot.html)" 
60.29.18.61, 39.97.49.232 - - [19/Mar/2021:07:57:30 +0800] "GET /api/v1/auth/token/ HTTP/1.1" 200 399 "https://www.luffycity.com/" "Mozilla/5.0 (Windows NT 10.0; Win64; x64) AppleWebKit/537.36 (KHTML, like Gecko) Chrome/88.0.4324.150 Safari/537.36" 
60.29.18.61, 39.97.49.232 - - [19/Mar/2021:07:57:30 +0800] "GET /api/v1/course/category/free/?courseType=free HTTP/1.1" 200 174 "https://www.luffycity.com/" "Mozilla/5.0 (Windows NT 10.0; Win64; x64) AppleWebKit/537.36 (KHTML, like Gecko) Chrome/88.0.4324.150 Safari/537.36" 
