220.175.67.11, 39.97.49.232 - - [21/Mar/2021:13:02:13 +0800] "GET /api/v1/result/ HTTP/1.1" 200 231 "-" "Mozilla/5.0 (Windows NT 10.0; Win64; x64) AppleWebKit/537.36 (KHTML, like Gecko) Chrome/78.0.3904.108 Safari/537.36" 
220.175.67.11, 39.97.49.232 - - [21/Mar/2021:13:02:13 +0800] "GET /api/v1/index/banner/ HTTP/1.1" 200 382 "-" "Mozilla/5.0 (Windows NT 10.0; Win64; x64) AppleWebKit/537.36 (KHTML, like Gecko) Chrome/78.0.3904.108 Safari/537.36" 
220.175.67.11, 39.97.49.232 - - [21/Mar/2021:13:02:13 +0800] "GET /api/v1/course/actual/?limit=3 HTTP/1.1" 200 2342 "-" "Mozilla/5.0 (Windows NT 10.0; Win64; x64) AppleWebKit/537.36 (KHTML, like Gecko) Chrome/78.0.3904.108 Safari/537.36" 
101.44.198.19 - - [21/Mar/2021:13:02:14 +0800] "OPTIONS /api/v1/play/sections/?section_id=30973 HTTP/1.1" 200 0 "https://www.luffycity.com/" "Mozilla/5.0 (Windows NT 10.0; Win64; x64) AppleWebKit/537.36 (KHTML, like Gecko) Chrome/89.0.4389.90 Safari/537.36" 
101.44.198.19 - - [21/Mar/2021:13:02:14 +0800] "OPTIONS /api/v1/play/30973/?play_id=30973 HTTP/1.1" 200 0 "https://www.luffycity.com/" "Mozilla/5.0 (Windows NT 10.0; Win64; x64) AppleWebKit/537.36 (KHTML, like Gecko) Chrome/89.0.4389.90 Safari/537.36" 
101.44.198.19 - - [21/Mar/2021:13:02:14 +0800] "GET /api/v1/play/sections/?section_id=30973 HTTP/1.1" 200 3026 "https://www.luffycity.com/" "Mozilla/5.0 (Windows NT 10.0; Win64; x64) AppleWebKit/537.36 (KHTML, like Gecko) Chrome/89.0.4389.90 Safari/537.36" 
101.44.198.19 - - [21/Mar/2021:13:02:14 +0800] "GET /api/v1/play/30973/?play_id=30973 HTTP/1.1" 200 427 "https://www.luffycity.com/" "Mozilla/5.0 (Windows NT 10.0; Win64; x64) AppleWebKit/537.36 (KHTML, like Gecko) Chrome/89.0.4389.90 Safari/537.36" 
112.32.5.57, 39.97.49.232 - - [21/Mar/2021:13:02:19 +0800] "GET /api/v1/auth/token/ HTTP/1.1" 200 29 "-" "Mozilla/5.0 (Windows NT 10.0; Win64; x64) AppleWebKit/537.36 (KHTML, like Gecko) Chrome/89.0.4389.90 Safari/537.36 Edg/89.0.774.57" 
112.32.5.57, 39.97.49.232 - - [21/Mar/2021:13:02:19 +0800] "GET /api/v1/course/actual/?limit=3 HTTP/1.1" 200 2342 "-" "Mozilla/5.0 (Windows NT 10.0; Win64; x64) AppleWebKit/537.36 (KHTML, like Gecko) Chrome/89.0.4389.90 Safari/537.36 Edg/89.0.774.57" 
112.32.5.57, 39.97.49.232 - - [21/Mar/2021:13:02:19 +0800] "GET /api/v1/course/degree/ HTTP/1.1" 200 948 "-" "Mozilla/5.0 (Windows NT 10.0; Win64; x64) AppleWebKit/537.36 (KHTML, like Gecko) Chrome/89.0.4389.90 Safari/537.36 Edg/89.0.774.57" 
112.32.5.57, 39.97.49.232 - - [21/Mar/2021:13:02:20 +0800] "GET /api/v1/course/home-free/?limit=3 HTTP/1.1" 200 865 "-" "Mozilla/5.0 (Windows NT 10.0; Win64; x64) AppleWebKit/537.36 (KHTML, like Gecko) Chrome/89.0.4389.90 Safari/537.36 Edg/89.0.774.57" 
112.32.5.57 - - [21/Mar/2021:13:02:20 +0800] "OPTIONS /api/v1/result/enroll/?resultType=enroll&limit=2 HTTP/1.1" 200 0 "https://www.luffycity.com/" "Mozilla/5.0 (Windows NT 10.0; Win64; x64) AppleWebKit/537.36 (KHTML, like Gecko) Chrome/89.0.4389.90 Safari/537.36 Edg/89.0.774.57" 
112.32.5.57 - - [21/Mar/2021:13:02:26 +0800] "OPTIONS /api/v1/auth/wechat/ HTTP/1.1" 200 0 "https://www.luffycity.com/" "Mozilla/5.0 (Windows NT 10.0; Win64; x64) AppleWebKit/537.36 (KHTML, like Gecko) Chrome/89.0.4389.90 Safari/537.36 Edg/89.0.774.57" 
112.32.5.57 - - [21/Mar/2021:13:02:28 +0800] "OPTIONS /api/v1/auth/password/login/?loginWay=password HTTP/1.1" 200 0 "https://www.luffycity.com/" "Mozilla/5.0 (Windows NT 10.0; Win64; x64) AppleWebKit/537.36 (KHTML, like Gecko) Chrome/89.0.4389.90 Safari/537.36 Edg/89.0.774.57" 
112.32.5.57 - - [21/Mar/2021:13:02:28 +0800] "OPTIONS /api/v1/auth/token/ HTTP/1.1" 200 0 "https://www.luffycity.com/" "Mozilla/5.0 (Windows NT 10.0; Win64; x64) AppleWebKit/537.36 (KHTML, like Gecko) Chrome/89.0.4389.90 Safari/537.36 Edg/89.0.774.57" 
220.175.67.11 - - [21/Mar/2021:13:02:33 +0800] "GET /api/v1/result/enroll/?resultType=enroll&limit=2 HTTP/1.1" 200 1976 "https://www.luffycity.com/" "Mozilla/5.0 (Windows NT 10.0; Win64; x64) AppleWebKit/537.36 (KHTML, like Gecko) Chrome/78.0.3904.108 Safari/537.36" 
221.223.199.88, 39.97.49.232 - - [21/Mar/2021:13:02:47 +0800] "GET /api/v1/auth/token/ HTTP/1.1" 200 367 "-" "Mozilla/5.0 (Windows NT 10.0; Win64; x64) AppleWebKit/537.36 (KHTML, like Gecko) Chrome/89.0.4389.90 Safari/537.36" 
221.223.199.88, 39.97.49.232 - - [21/Mar/2021:13:02:47 +0800] "GET /api/v1/result/ HTTP/1.1" 200 231 "-" "Mozilla/5.0 (Windows NT 10.0; Win64; x64) AppleWebKit/537.36 (KHTML, like Gecko) Chrome/89.0.4389.90 Safari/537.36" 
112.32.5.57 - - [21/Mar/2021:13:02:52 +0800] "OPTIONS /api/v1/study/degrees/ HTTP/1.1" 200 0 "https://www.luffycity.com/" "Mozilla/5.0 (Windows NT 10.0; Win64; x64) AppleWebKit/537.36 (KHTML, like Gecko) Chrome/89.0.4389.90 Safari/537.36 Edg/89.0.774.57" 
112.32.5.57 - - [21/Mar/2021:13:02:52 +0800] "OPTIONS /api/v1/study/degrees/0/mentor/?degree_id=0 HTTP/1.1" 200 0 "https://www.luffycity.com/" "Mozilla/5.0 (Windows NT 10.0; Win64; x64) AppleWebKit/537.36 (KHTML, like Gecko) Chrome/89.0.4389.90 Safari/537.36 Edg/89.0.774.57" 
112.32.5.57 - - [21/Mar/2021:13:02:52 +0800] "GET /api/v1/study/degrees/ HTTP/1.1" 200 263 "https://www.luffycity.com/" "Mozilla/5.0 (Windows NT 10.0; Win64; x64) AppleWebKit/537.36 (KHTML, like Gecko) Chrome/89.0.4389.90 Safari/537.36 Edg/89.0.774.57" 
112.32.5.57 - - [21/Mar/2021:13:02:52 +0800] "OPTIONS /api/v1/study/degrees/1/?degree_id=1 HTTP/1.1" 200 0 "https://www.luffycity.com/" "Mozilla/5.0 (Windows NT 10.0; Win64; x64) AppleWebKit/537.36 (KHTML, like Gecko) Chrome/89.0.4389.90 Safari/537.36 Edg/89.0.774.57" 
112.32.5.57 - - [21/Mar/2021:13:02:52 +0800] "OPTIONS /api/v1/study/degrees/1/mentor/?degree_id=1 HTTP/1.1" 200 0 "https://www.luffycity.com/" "Mozilla/5.0 (Windows NT 10.0; Win64; x64) AppleWebKit/537.36 (KHTML, like Gecko) Chrome/89.0.4389.90 Safari/537.36 Edg/89.0.774.57" 
112.32.5.57 - - [21/Mar/2021:13:02:52 +0800] "GET /api/v1/study/degrees/1/?degree_id=1 HTTP/1.1" 200 1929 "https://www.luffycity.com/" "Mozilla/5.0 (Windows NT 10.0; Win64; x64) AppleWebKit/537.36 (KHTML, like Gecko) Chrome/89.0.4389.90 Safari/537.36 Edg/89.0.774.57" 
112.32.5.57 - - [21/Mar/2021:13:02:56 +0800] "OPTIONS /api/v1/play/sections/?section_id=30851 HTTP/1.1" 200 0 "https://www.luffycity.com/" "Mozilla/5.0 (Windows NT 10.0; Win64; x64) AppleWebKit/537.36 (KHTML, like Gecko) Chrome/89.0.4389.90 Safari/537.36 Edg/89.0.774.57" 
112.32.5.57 - - [21/Mar/2021:13:02:56 +0800] "OPTIONS /api/v1/play/30851/?play_id=30851 HTTP/1.1" 200 0 "https://www.luffycity.com/" "Mozilla/5.0 (Windows NT 10.0; Win64; x64) AppleWebKit/537.36 (KHTML, like Gecko) Chrome/89.0.4389.90 Safari/537.36 Edg/89.0.774.57" 
112.32.5.57 - - [21/Mar/2021:13:02:56 +0800] "GET /api/v1/comment/?section_id=30851&limit=10&offset=0 HTTP/1.1" 200 1644 "https://www.luffycity.com/" "Mozilla/5.0 (Windows NT 10.0; Win64; x64) AppleWebKit/537.36 (KHTML, like Gecko) Chrome/89.0.4389.90 Safari/537.36 Edg/89.0.774.57" 
112.32.5.57 - - [21/Mar/2021:13:02:56 +0800] "GET /api/v1/play/30851/?play_id=30851 HTTP/1.1" 200 430 "https://www.luffycity.com/" "Mozilla/5.0 (Windows NT 10.0; Win64; x64) AppleWebKit/537.36 (KHTML, like Gecko) Chrome/89.0.4389.90 Safari/537.36 Edg/89.0.774.57" 
220.175.67.11 - - [21/Mar/2021:13:02:56 +0800] "OPTIONS /api/v1/auth/password/login/?loginWay=password HTTP/1.1" 200 0 "https://www.luffycity.com/" "Mozilla/5.0 (Windows NT 10.0; Win64; x64) AppleWebKit/537.36 (KHTML, like Gecko) Chrome/78.0.3904.108 Safari/537.36" 
221.223.199.88 - - [21/Mar/2021:13:03:00 +0800] "OPTIONS /api/v1/comment/?section_id=17728&limit=10&offset=0 HTTP/1.1" 200 0 "https://www.luffycity.com/" "Mozilla/5.0 (Windows NT 10.0; Win64; x64) AppleWebKit/537.36 (KHTML, like Gecko) Chrome/89.0.4389.90 Safari/537.36" 
221.223.199.88 - - [21/Mar/2021:13:03:00 +0800] "OPTIONS /api/v1/play/17728/?play_id=17728 HTTP/1.1" 200 0 "https://www.luffycity.com/" "Mozilla/5.0 (Windows NT 10.0; Win64; x64) AppleWebKit/537.36 (KHTML, like Gecko) Chrome/89.0.4389.90 Safari/537.36" 
221.223.199.88 - - [21/Mar/2021:13:03:00 +0800] "GET /api/v1/survey/section/17728/?sectionId=17728 HTTP/1.1" 200 10 "https://www.luffycity.com/" "Mozilla/5.0 (Windows NT 10.0; Win64; x64) AppleWebKit/537.36 (KHTML, like Gecko) Chrome/89.0.4389.90 Safari/537.36" 
221.223.199.88 - - [21/Mar/2021:13:03:00 +0800] "GET /api/v1/comment/?section_id=17728&limit=10&offset=0 HTTP/1.1" 200 871 "https://www.luffycity.com/" "Mozilla/5.0 (Windows NT 10.0; Win64; x64) AppleWebKit/537.36 (KHTML, like Gecko) Chrome/89.0.4389.90 Safari/537.36" 
112.32.5.57 - - [21/Mar/2021:13:03:00 +0800] "OPTIONS /api/v1/play/30850/?play_id=30850 HTTP/1.1" 200 0 "https://www.luffycity.com/" "Mozilla/5.0 (Windows NT 10.0; Win64; x64) AppleWebKit/537.36 (KHTML, like Gecko) Chrome/89.0.4389.90 Safari/537.36 Edg/89.0.774.57" 
112.32.5.57 - - [21/Mar/2021:13:03:00 +0800] "OPTIONS /api/v1/play/sections/?section_id=30850 HTTP/1.1" 200 0 "https://www.luffycity.com/" "Mozilla/5.0 (Windows NT 10.0; Win64; x64) AppleWebKit/537.36 (KHTML, like Gecko) Chrome/89.0.4389.90 Safari/537.36 Edg/89.0.774.57" 
112.32.5.57 - - [21/Mar/2021:13:03:00 +0800] "GET /api/v1/survey/section/30850/?sectionId=30850 HTTP/1.1" 200 10 "https://www.luffycity.com/" "Mozilla/5.0 (Windows NT 10.0; Win64; x64) AppleWebKit/537.36 (KHTML, like Gecko) Chrome/89.0.4389.90 Safari/537.36 Edg/89.0.774.57" 
112.32.5.57 - - [21/Mar/2021:13:03:01 +0800] "GET /api/v1/play/30850/?play_id=30850 HTTP/1.1" 200 412 "https://www.luffycity.com/" "Mozilla/5.0 (Windows NT 10.0; Win64; x64) AppleWebKit/537.36 (KHTML, like Gecko) Chrome/89.0.4389.90 Safari/537.36 Edg/89.0.774.57" 
220.175.67.11 - - [21/Mar/2021:13:03:01 +0800] "POST /api/v1/auth/password/login/?loginWay=password HTTP/1.1" 200 274 "https://www.luffycity.com/" "Mozilla/5.0 (Windows NT 10.0; Win64; x64) AppleWebKit/537.36 (KHTML, like Gecko) Chrome/78.0.3904.108 Safari/537.36" 
220.175.67.11 - - [21/Mar/2021:13:03:13 +0800] "GET /api/v1/auth/wechat/ HTTP/1.1" 200 232 "https://www.luffycity.com/" "Mozilla/5.0 (Windows NT 10.0; Win64; x64) AppleWebKit/537.36 (KHTML, like Gecko) Chrome/78.0.3904.108 Safari/537.36" 
220.175.67.11 - - [21/Mar/2021:13:03:18 +0800] "GET /api/v1/auth/token/ HTTP/1.1" 200 385 "https://www.luffycity.com/" "Mozilla/5.0 (Windows NT 10.0; Win64; x64) AppleWebKit/537.36 (KHTML, like Gecko) Chrome/78.0.3904.108 Safari/537.36" 
111.202.169.183 - - [21/Mar/2021:13:03:18 +0800] "OPTIONS /api/v1/play/sections/?section_id=15961 HTTP/1.1" 200 0 "https://www.luffycity.com/" "Mozilla/5.0 (Windows NT 10.0; Win64; x64) AppleWebKit/537.36 (KHTML, like Gecko) Chrome/89.0.4389.90 Safari/537.36" 
111.202.169.183 - - [21/Mar/2021:13:03:18 +0800] "OPTIONS /api/v1/comment/?section_id=15961&limit=10&offset=0 HTTP/1.1" 200 0 "https://www.luffycity.com/" "Mozilla/5.0 (Windows NT 10.0; Win64; x64) AppleWebKit/537.36 (KHTML, like Gecko) Chrome/89.0.4389.90 Safari/537.36" 
111.202.169.183 - - [21/Mar/2021:13:03:18 +0800] "GET /api/v1/survey/section/15961/?sectionId=15961 HTTP/1.1" 200 10 "https://www.luffycity.com/" "Mozilla/5.0 (Windows NT 10.0; Win64; x64) AppleWebKit/537.36 (KHTML, like Gecko) Chrome/89.0.4389.90 Safari/537.36" 
111.202.169.183 - - [21/Mar/2021:13:03:18 +0800] "GET /api/v1/play/15961/?play_id=15961 HTTP/1.1" 200 379 "https://www.luffycity.com/" "Mozilla/5.0 (Windows NT 10.0; Win64; x64) AppleWebKit/537.36 (KHTML, like Gecko) Chrome/89.0.4389.90 Safari/537.36" 
111.202.169.183 - - [21/Mar/2021:13:03:20 +0800] "GET /api/v1/play/sections/?section_id=15968 HTTP/1.1" 200 7467 "https://www.luffycity.com/" "Mozilla/5.0 (Windows NT 10.0; Win64; x64) AppleWebKit/537.36 (KHTML, like Gecko) Chrome/89.0.4389.90 Safari/537.36" 
111.202.169.183 - - [21/Mar/2021:13:03:20 +0800] "GET /api/v1/play/15968/?play_id=15968 HTTP/1.1" 200 385 "https://www.luffycity.com/" "Mozilla/5.0 (Windows NT 10.0; Win64; x64) AppleWebKit/537.36 (KHTML, like Gecko) Chrome/89.0.4389.90 Safari/537.36" 
111.202.169.183 - - [21/Mar/2021:13:03:21 +0800] "GET /api/v1/play/sections/?section_id=15961 HTTP/1.1" 200 7467 "https://www.luffycity.com/" "Mozilla/5.0 (Windows NT 10.0; Win64; x64) AppleWebKit/537.36 (KHTML, like Gecko) Chrome/89.0.4389.90 Safari/537.36" 
111.202.169.183 - - [21/Mar/2021:13:03:21 +0800] "GET /api/v1/play/15961/?play_id=15961 HTTP/1.1" 200 379 "https://www.luffycity.com/" "Mozilla/5.0 (Windows NT 10.0; Win64; x64) AppleWebKit/537.36 (KHTML, like Gecko) Chrome/89.0.4389.90 Safari/537.36" 
117.10.74.57 - - [21/Mar/2021:13:03:25 +0800] "GET /api/v1/study/module/degree/97940/?courseType=degree&id=97940 HTTP/1.1" 200 3304 "https://www.luffycity.com/study/chapter/97940" "Mozilla/5.0 (Windows NT 6.1; WOW64) AppleWebKit/537.36 (KHTML, like Gecko) Chrome/63.0.3239.132 Safari/537.36" 
117.10.74.57 - - [21/Mar/2021:13:03:30 +0800] "GET /api/v1/index/banner/ HTTP/1.1" 200 382 "https://www.luffycity.com/study/chapter/97940" "Mozilla/5.0 (Windows NT 6.1; WOW64) AppleWebKit/537.36 (KHTML, like Gecko) Chrome/63.0.3239.132 Safari/537.36" 
117.10.74.57 - - [21/Mar/2021:13:03:30 +0800] "GET /api/v1/course/actual/?limit=3 HTTP/1.1" 200 2342 "https://www.luffycity.com/study/chapter/97940" "Mozilla/5.0 (Windows NT 6.1; WOW64) AppleWebKit/537.36 (KHTML, like Gecko) Chrome/63.0.3239.132 Safari/537.36" 
117.10.74.57 - - [21/Mar/2021:13:03:31 +0800] "GET /api/v1/course/home-free/?limit=3 HTTP/1.1" 200 865 "https://www.luffycity.com/study/chapter/97940" "Mozilla/5.0 (Windows NT 6.1; WOW64) AppleWebKit/537.36 (KHTML, like Gecko) Chrome/63.0.3239.132 Safari/537.36" 
117.10.74.57 - - [21/Mar/2021:13:03:31 +0800] "GET /api/v1/result/enroll/?resultType=enroll&limit=2 HTTP/1.1" 200 1976 "https://www.luffycity.com/" "Mozilla/5.0 (Windows NT 6.1; WOW64) AppleWebKit/537.36 (KHTML, like Gecko) Chrome/63.0.3239.132 Safari/537.36" 
220.175.67.11 - - [21/Mar/2021:13:03:33 +0800] "OPTIONS /api/v1/study/data/ HTTP/1.1" 200 0 "https://www.luffycity.com/study/degree" "Mozilla/5.0 (Windows NT 10.0; Win64; x64) AppleWebKit/537.36 (KHTML, like Gecko) Chrome/78.0.3904.108 Safari/537.36" 
220.175.67.11 - - [21/Mar/2021:13:03:33 +0800] "GET /api/v1/study/degrees/0/mentor/?degree_id=0 HTTP/1.1" 200 137 "https://www.luffycity.com/study/degree" "Mozilla/5.0 (Windows NT 10.0; Win64; x64) AppleWebKit/537.36 (KHTML, like Gecko) Chrome/78.0.3904.108 Safari/537.36" 
220.175.67.11 - - [21/Mar/2021:13:03:33 +0800] "GET /api/v1/study/data/ HTTP/1.1" 200 105 "https://www.luffycity.com/study/degree" "Mozilla/5.0 (Windows NT 10.0; Win64; x64) AppleWebKit/537.36 (KHTML, like Gecko) Chrome/78.0.3904.108 Safari/537.36" 
114.216.240.126 - - [21/Mar/2021:13:03:34 +0800] "GET /api/v1/activity/survey/?course_id=256 HTTP/1.1" 200 11 "https://www.luffycity.com/activity/vue-camp?source=bootcss" "Mozilla/5.0 (Windows NT 6.1; Win64; x64; rv:86.0) Gecko/20100101 Firefox/86.0" 
113.89.247.187 - - [21/Mar/2021:13:03:34 +0800] "OPTIONS /api/v1/play/sections/?section_id=803 HTTP/1.1" 200 0 "https://www.luffycity.com/play/803" "Mozilla/5.0 (Windows NT 10.0; Win64; x64) AppleWebKit/537.36 (KHTML, like Gecko) Chrome/73.0.3683.75 Safari/537.36" 
113.89.247.187 - - [21/Mar/2021:13:03:34 +0800] "OPTIONS /api/v1/survey/section/803/?sectionId=803 HTTP/1.1" 200 0 "https://www.luffycity.com/play/803" "Mozilla/5.0 (Windows NT 10.0; Win64; x64) AppleWebKit/537.36 (KHTML, like Gecko) Chrome/73.0.3683.75 Safari/537.36" 
113.89.247.187 - - [21/Mar/2021:13:03:34 +0800] "GET /api/v1/survey/section/803/?sectionId=803 HTTP/1.1" 200 10 "https://www.luffycity.com/play/803" "Mozilla/5.0 (Windows NT 10.0; Win64; x64) AppleWebKit/537.36 (KHTML, like Gecko) Chrome/73.0.3683.75 Safari/537.36" 
113.89.247.187 - - [21/Mar/2021:13:03:34 +0800] "GET /api/v1/comment/?section_id=803&limit=10&offset=0 HTTP/1.1" 200 1547 "https://www.luffycity.com/play/803" "Mozilla/5.0 (Windows NT 10.0; Win64; x64) AppleWebKit/537.36 (KHTML, like Gecko) Chrome/73.0.3683.75 Safari/537.36" 
220.175.67.11 - - [21/Mar/2021:13:03:35 +0800] "GET /api/v1/study/degrees/ HTTP/1.1" 200 276 "https://www.luffycity.com/study/degree" "Mozilla/5.0 (Windows NT 10.0; Win64; x64) AppleWebKit/537.36 (KHTML, like Gecko) Chrome/78.0.3904.108 Safari/537.36" 
220.175.67.11 - - [21/Mar/2021:13:03:36 +0800] "OPTIONS /api/v1/study/degrees/2/mentor/?degree_id=2 HTTP/1.1" 200 0 "https://www.luffycity.com/study/degree" "Mozilla/5.0 (Windows NT 10.0; Win64; x64) AppleWebKit/537.36 (KHTML, like Gecko) Chrome/78.0.3904.108 Safari/537.36" 
220.175.67.11 - - [21/Mar/2021:13:03:36 +0800] "GET /api/v1/study/degrees/2/mentor/?degree_id=2 HTTP/1.1" 200 230 "https://www.luffycity.com/study/degree" "Mozilla/5.0 (Windows NT 10.0; Win64; x64) AppleWebKit/537.36 (KHTML, like Gecko) Chrome/78.0.3904.108 Safari/537.36" 
220.175.67.11 - - [21/Mar/2021:13:03:36 +0800] "GET /api/v1/study/data/?degree_id=2 HTTP/1.1" 200 111 "https://www.luffycity.com/study/degree" "Mozilla/5.0 (Windows NT 10.0; Win64; x64) AppleWebKit/537.36 (KHTML, like Gecko) Chrome/78.0.3904.108 Safari/537.36" 
39.181.134.234 - - [21/Mar/2021:13:03:39 +0800] "GET /api/v1/study/degrees/0/mentor/?degree_id=0 HTTP/1.1" 200 137 "https://www.luffycity.com/" "Mozilla/5.0 (Windows NT 10.0; Win64; x64) AppleWebKit/537.36 (KHTML, like Gecko) Chrome/89.0.4389.90 Safari/537.36" 
39.181.134.234 - - [21/Mar/2021:13:03:40 +0800] "GET /api/v1/study/degrees/1/mentor/?degree_id=1 HTTP/1.1" 200 185 "https://www.luffycity.com/" "Mozilla/5.0 (Windows NT 10.0; Win64; x64) AppleWebKit/537.36 (KHTML, like Gecko) Chrome/89.0.4389.90 Safari/537.36" 
39.181.134.234 - - [21/Mar/2021:13:03:40 +0800] "GET /api/v1/study/degrees/1/?degree_id=1 HTTP/1.1" 200 1923 "https://www.luffycity.com/" "Mozilla/5.0 (Windows NT 10.0; Win64; x64) AppleWebKit/537.36 (KHTML, like Gecko) Chrome/89.0.4389.90 Safari/537.36" 
220.175.67.11 - - [21/Mar/2021:13:03:43 +0800] "OPTIONS /api/v1/comment/?section_id=2957&limit=10&offset=0 HTTP/1.1" 200 0 "https://www.luffycity.com/play/2957" "Mozilla/5.0 (Windows NT 10.0; Win64; x64) AppleWebKit/537.36 (KHTML, like Gecko) Chrome/78.0.3904.108 Safari/537.36" 
220.175.67.11 - - [21/Mar/2021:13:03:43 +0800] "GET /api/v1/survey/section/2957/?sectionId=2957 HTTP/1.1" 200 10 "https://www.luffycity.com/play/2957" "Mozilla/5.0 (Windows NT 10.0; Win64; x64) AppleWebKit/537.36 (KHTML, like Gecko) Chrome/78.0.3904.108 Safari/537.36" 
220.175.67.11 - - [21/Mar/2021:13:03:43 +0800] "GET /api/v1/comment/?section_id=2957&limit=10&offset=0 HTTP/1.1" 200 1007 "https://www.luffycity.com/play/2957" "Mozilla/5.0 (Windows NT 10.0; Win64; x64) AppleWebKit/537.36 (KHTML, like Gecko) Chrome/78.0.3904.108 Safari/537.36" 
114.216.240.126 - - [21/Mar/2021:13:03:44 +0800] "GET /api/v1/auth/wechat/ HTTP/1.1" 200 232 "https://www.luffycity.com/activity/vue-camp?source=bootcss" "Mozilla/5.0 (Windows NT 6.1; Win64; x64; rv:86.0) Gecko/20100101 Firefox/86.0" 
220.175.67.11 - - [21/Mar/2021:13:03:45 +0800] "GET /api/v1/play/sections/?section_id=2957 HTTP/1.1" 200 3450 "https://www.luffycity.com/play/2957" "Mozilla/5.0 (Windows NT 10.0; Win64; x64) AppleWebKit/537.36 (KHTML, like Gecko) Chrome/78.0.3904.108 Safari/537.36" 
114.216.240.126 - - [21/Mar/2021:13:04:06 +0800] "POST /api/v1/auth/wechat/ HTTP/1.1" 200 242 "https://www.luffycity.com/oauth/signin?code=011fi70w3cv33W22Pa2w3kmM3c4fi70h&state=wechat" "Mozilla/5.0 (Windows NT 6.1; Win64; x64; rv:86.0) Gecko/20100101 Firefox/86.0" 
114.216.240.126 - - [21/Mar/2021:13:04:07 +0800] "GET /api/v1/auth/captcha/ HTTP/1.1" 200 137 "https://www.luffycity.com/oauth/bind-phone" "Mozilla/5.0 (Windows NT 6.1; Win64; x64; rv:86.0) Gecko/20100101 Firefox/86.0" 
106.14.163.133, 39.97.49.232 - - [21/Mar/2021:13:04:07 +0800] "GET /api/v1/auth/token/ HTTP/1.1" 200 29 "-" "Mozilla/5.0 (X11; Ubuntu; Linux x86_64; rv:36.0) Gecko/20100101 Firefox/36.0" 
106.14.163.133, 39.97.49.232 - - [21/Mar/2021:13:04:08 +0800] "GET /api/v1/course/home-free/?limit=3 HTTP/1.1" 200 865 "-" "Mozilla/5.0 (X11; Ubuntu; Linux x86_64; rv:36.0) Gecko/20100101 Firefox/36.0" 
120.244.224.203 - - [21/Mar/2021:13:04:14 +0800] "OPTIONS /api/v1/play/sections/?section_id=30880 HTTP/1.1" 200 0 "https://www.luffycity.com/play/30880" "Mozilla/5.0 (Windows NT 10.0; Win64; x64) AppleWebKit/537.36 (KHTML, like Gecko) Chrome/70.0.3538.102 Safari/537.36 Edge/18.18362" 
120.244.224.203 - - [21/Mar/2021:13:04:14 +0800] "OPTIONS /api/v1/play/30880/?play_id=30880 HTTP/1.1" 200 0 "https://www.luffycity.com/play/30880" "Mozilla/5.0 (Windows NT 10.0; Win64; x64) AppleWebKit/537.36 (KHTML, like Gecko) Chrome/70.0.3538.102 Safari/537.36 Edge/18.18362" 
120.244.224.203 - - [21/Mar/2021:13:04:14 +0800] "GET /api/v1/play/sections/?section_id=30880 HTTP/1.1" 200 3321 "https://www.luffycity.com/play/30880" "Mozilla/5.0 (Windows NT 10.0; Win64; x64) AppleWebKit/537.36 (KHTML, like Gecko) Chrome/70.0.3538.102 Safari/537.36 Edge/18.18362" 
120.244.224.203 - - [21/Mar/2021:13:04:15 +0800] "GET /api/v1/play/30880/?play_id=30880 HTTP/1.1" 200 405 "https://www.luffycity.com/play/30880" "Mozilla/5.0 (Windows NT 10.0; Win64; x64) AppleWebKit/537.36 (KHTML, like Gecko) Chrome/70.0.3538.102 Safari/537.36 Edge/18.18362" 
114.216.240.126 - - [21/Mar/2021:13:04:16 +0800] "GET /api/v1/check/unionid/?mobile=19522796909&field=unionid HTTP/1.1" 200 34 "https://www.luffycity.com/oauth/bind-phone" "Mozilla/5.0 (Windows NT 6.1; Win64; x64; rv:86.0) Gecko/20100101 Firefox/86.0" 
114.216.240.126 - - [21/Mar/2021:13:04:21 +0800] "POST /api/v1/sms/send/ HTTP/1.1" 200 31 "https://www.luffycity.com/oauth/bind-phone" "Mozilla/5.0 (Windows NT 6.1; Win64; x64; rv:86.0) Gecko/20100101 Firefox/86.0" 
117.10.144.238, 39.97.49.232 - - [21/Mar/2021:13:04:21 +0800] "GET /api/v1/result/ HTTP/1.1" 200 231 "https://www.luffycity.com/account/coupon" "Mozilla/5.0 (Macintosh; Intel Mac OS X 10_14_3) AppleWebKit/537.36 (KHTML, like Gecko) Chrome/89.0.4389.90 Safari/537.36" 
117.10.144.238 - - [21/Mar/2021:13:04:23 +0800] "OPTIONS /api/v1/play/22373/?play_id=22373 HTTP/1.1" 200 0 "https://www.luffycity.com/" "Mozilla/5.0 (Macintosh; Intel Mac OS X 10_14_3) AppleWebKit/537.36 (KHTML, like Gecko) Chrome/89.0.4389.90 Safari/537.36" 
117.10.144.238 - - [21/Mar/2021:13:04:23 +0800] "OPTIONS /api/v1/play/sections/?section_id=22373 HTTP/1.1" 200 0 "https://www.luffycity.com/" "Mozilla/5.0 (Macintosh; Intel Mac OS X 10_14_3) AppleWebKit/537.36 (KHTML, like Gecko) Chrome/89.0.4389.90 Safari/537.36" 
117.10.144.238 - - [21/Mar/2021:13:04:23 +0800] "GET /api/v1/play/sections/?section_id=22373 HTTP/1.1" 200 908 "https://www.luffycity.com/" "Mozilla/5.0 (Macintosh; Intel Mac OS X 10_14_3) AppleWebKit/537.36 (KHTML, like Gecko) Chrome/89.0.4389.90 Safari/537.36" 
117.10.144.238 - - [21/Mar/2021:13:04:23 +0800] "GET /api/v1/comment/?section_id=22373&limit=10&offset=0 HTTP/1.1" 200 1013 "https://www.luffycity.com/" "Mozilla/5.0 (Macintosh; Intel Mac OS X 10_14_3) AppleWebKit/537.36 (KHTML, like Gecko) Chrome/89.0.4389.90 Safari/537.36" 
114.216.240.126 - - [21/Mar/2021:13:04:46 +0800] "POST /api/v1/auth/registration/ HTTP/1.1" 200 274 "https://www.luffycity.com/oauth/bind-phone" "Mozilla/5.0 (Windows NT 6.1; Win64; x64; rv:86.0) Gecko/20100101 Firefox/86.0" 
114.216.240.126 - - [21/Mar/2021:13:04:46 +0800] "GET /api/v1/auth/token/ HTTP/1.1" 200 375 "https://www.luffycity.com/oauth/bind-phone" "Mozilla/5.0 (Windows NT 6.1; Win64; x64; rv:86.0) Gecko/20100101 Firefox/86.0" 
114.216.240.126 - - [21/Mar/2021:13:04:48 +0800] "OPTIONS /api/v1/pay/create/ HTTP/1.1" 200 0 "https://www.luffycity.com/activity/vue-camp?source=bootcss" "Mozilla/5.0 (Windows NT 6.1; Win64; x64; rv:86.0) Gecko/20100101 Firefox/86.0" 
221.223.199.88 - - [21/Mar/2021:13:04:50 +0800] "OPTIONS /api/v1/play/sections/?section_id=17718 HTTP/1.1" 200 0 "https://www.luffycity.com/" "Mozilla/5.0 (Windows NT 10.0; Win64; x64) AppleWebKit/537.36 (KHTML, like Gecko) Chrome/89.0.4389.90 Safari/537.36" 
221.223.199.88 - - [21/Mar/2021:13:04:50 +0800] "OPTIONS /api/v1/play/17718/?play_id=17718 HTTP/1.1" 200 0 "https://www.luffycity.com/" "Mozilla/5.0 (Windows NT 10.0; Win64; x64) AppleWebKit/537.36 (KHTML, like Gecko) Chrome/89.0.4389.90 Safari/537.36" 
221.223.199.88 - - [21/Mar/2021:13:04:50 +0800] "GET /api/v1/play/sections/?section_id=17718 HTTP/1.1" 200 2860 "https://www.luffycity.com/" "Mozilla/5.0 (Windows NT 10.0; Win64; x64) AppleWebKit/537.36 (KHTML, like Gecko) Chrome/89.0.4389.90 Safari/537.36" 
221.223.199.88 - - [21/Mar/2021:13:04:50 +0800] "GET /api/v1/play/17718/?play_id=17718 HTTP/1.1" 200 411 "https://www.luffycity.com/" "Mozilla/5.0 (Windows NT 10.0; Win64; x64) AppleWebKit/537.36 (KHTML, like Gecko) Chrome/89.0.4389.90 Safari/537.36" 
220.175.67.11 - - [21/Mar/2021:13:04:53 +0800] "OPTIONS /api/v1/play/2958/?play_id=2958 HTTP/1.1" 200 0 "https://www.luffycity.com/play/2958" "Mozilla/5.0 (Windows NT 10.0; Win64; x64) AppleWebKit/537.36 (KHTML, like Gecko) Chrome/78.0.3904.108 Safari/537.36" 
220.175.67.11 - - [21/Mar/2021:13:04:53 +0800] "OPTIONS /api/v1/survey/section/2958/?sectionId=2958 HTTP/1.1" 200 0 "https://www.luffycity.com/play/2958" "Mozilla/5.0 (Windows NT 10.0; Win64; x64) AppleWebKit/537.36 (KHTML, like Gecko) Chrome/78.0.3904.108 Safari/537.36" 
220.175.67.11 - - [21/Mar/2021:13:04:53 +0800] "GET /api/v1/play/2958/?play_id=2958 HTTP/1.1" 200 489 "https://www.luffycity.com/play/2958" "Mozilla/5.0 (Windows NT 10.0; Win64; x64) AppleWebKit/537.36 (KHTML, like Gecko) Chrome/78.0.3904.108 Safari/537.36" 
220.175.67.11 - - [21/Mar/2021:13:04:55 +0800] "GET /api/v1/play/sections/?section_id=2958 HTTP/1.1" 200 3450 "https://www.luffycity.com/play/2958" "Mozilla/5.0 (Windows NT 10.0; Win64; x64) AppleWebKit/537.36 (KHTML, like Gecko) Chrome/78.0.3904.108 Safari/537.36" 
213.108.196.109, 39.97.49.232 - - [21/Mar/2021:13:05:11 +0800] "GET /api/v1/auth/token/ HTTP/1.1" 200 29 "-" "masscan/1.3 (https://github.com/robertdavidgraham/masscan)" 
213.108.196.109, 39.97.49.232 - - [21/Mar/2021:13:05:11 +0800] "GET /api/v1/index/banner/ HTTP/1.1" 200 382 "-" "masscan/1.3 (https://github.com/robertdavidgraham/masscan)" 
213.108.196.109, 39.97.49.232 - - [21/Mar/2021:13:05:11 +0800] "GET /api/v1/course/actual/?limit=3 HTTP/1.1" 200 2342 "-" "masscan/1.3 (https://github.com/robertdavidgraham/masscan)" 
213.108.196.109, 39.97.49.232 - - [21/Mar/2021:13:05:11 +0800] "GET /api/v1/course/home-free/?limit=3 HTTP/1.1" 200 865 "-" "masscan/1.3 (https://github.com/robertdavidgraham/masscan)" 
114.216.240.126 - - [21/Mar/2021:13:05:13 +0800] "OPTIONS /api/v1/study/degrees/ HTTP/1.1" 200 0 "https://www.luffycity.com/study/degree" "Mozilla/5.0 (Windows NT 6.1; Win64; x64; rv:86.0) Gecko/20100101 Firefox/86.0" 
114.216.240.126 - - [21/Mar/2021:13:05:13 +0800] "OPTIONS /api/v1/study/degrees/0/mentor/?degree_id=0 HTTP/1.1" 200 0 "https://www.luffycity.com/study/degree" "Mozilla/5.0 (Windows NT 6.1; Win64; x64; rv:86.0) Gecko/20100101 Firefox/86.0" 
114.216.240.126 - - [21/Mar/2021:13:05:13 +0800] "GET /api/v1/study/degrees/0/mentor/?degree_id=0 HTTP/1.1" 200 137 "https://www.luffycity.com/study/degree" "Mozilla/5.0 (Windows NT 6.1; Win64; x64; rv:86.0) Gecko/20100101 Firefox/86.0" 
117.136.32.220 - - [21/Mar/2021:13:05:20 +0800] "POST /api/v1/survey/section/30859/?sectionId=30859 HTTP/1.1" 200 10 "https://www.luffycity.com/play/30859" "Mozilla/5.0 (Macintosh; Intel Mac OS X 10_15_6) AppleWebKit/605.1.15 (KHTML, like Gecko) Version/14.0.2 Safari/605.1.15" 
117.136.32.220 - - [21/Mar/2021:13:05:23 +0800] "OPTIONS /api/v1/survey/section/30860/?sectionId=30860 HTTP/1.1" 200 0 "https://www.luffycity.com/" "Mozilla/5.0 (Macintosh; Intel Mac OS X 10_15_6) AppleWebKit/605.1.15 (KHTML, like Gecko) Version/14.0.2 Safari/605.1.15" 
117.136.32.220 - - [21/Mar/2021:13:05:23 +0800] "OPTIONS /api/v1/comment/?section_id=30860&limit=10&offset=0 HTTP/1.1" 200 0 "https://www.luffycity.com/" "Mozilla/5.0 (Macintosh; Intel Mac OS X 10_15_6) AppleWebKit/605.1.15 (KHTML, like Gecko) Version/14.0.2 Safari/605.1.15" 
117.136.32.220 - - [21/Mar/2021:13:05:23 +0800] "GET /api/v1/survey/section/30860/?sectionId=30860 HTTP/1.1" 200 10 "https://www.luffycity.com/play/30860" "Mozilla/5.0 (Macintosh; Intel Mac OS X 10_15_6) AppleWebKit/605.1.15 (KHTML, like Gecko) Version/14.0.2 Safari/605.1.15" 
117.136.32.220 - - [21/Mar/2021:13:05:24 +0800] "GET /api/v1/play/sections/?section_id=30860 HTTP/1.1" 200 3345 "https://www.luffycity.com/play/30860" "Mozilla/5.0 (Macintosh; Intel Mac OS X 10_15_6) AppleWebKit/605.1.15 (KHTML, like Gecko) Version/14.0.2 Safari/605.1.15" 
220.175.67.11 - - [21/Mar/2021:13:05:25 +0800] "GET /api/v1/comment/?section_id=2957&limit=10&offset=0 HTTP/1.1" 200 1007 "https://www.luffycity.com/play/2957" "Mozilla/5.0 (Windows NT 10.0; Win64; x64) AppleWebKit/537.36 (KHTML, like Gecko) Chrome/78.0.3904.108 Safari/537.36" 
220.175.67.11 - - [21/Mar/2021:13:05:29 +0800] "GET /api/v1/play/sections/?section_id=2957 HTTP/1.1" 200 3450 "https://www.luffycity.com/play/2957" "Mozilla/5.0 (Windows NT 10.0; Win64; x64) AppleWebKit/537.36 (KHTML, like Gecko) Chrome/78.0.3904.108 Safari/537.36" 
114.216.240.126, 39.97.49.232 - - [21/Mar/2021:13:05:35 +0800] "GET /api/v1/course/category/free/?courseType=free HTTP/1.1" 200 174 "https://www.luffycity.com/study/degree" "Mozilla/5.0 (Windows NT 6.1; Win64; x64; rv:86.0) Gecko/20100101 Firefox/86.0" 
114.216.240.126, 39.97.49.232 - - [21/Mar/2021:13:05:36 +0800] "GET /api/v1/course/free/ HTTP/1.1" 200 1893 "https://www.luffycity.com/study/degree" "Mozilla/5.0 (Windows NT 6.1; Win64; x64; rv:86.0) Gecko/20100101 Firefox/86.0" 
114.216.240.126, 39.97.49.232 - - [21/Mar/2021:13:05:44 +0800] "GET /api/v1/auth/token/ HTTP/1.1" 200 29 "-" "Mozilla/5.0 (Windows NT 6.1; Win64; x64; rv:86.0) Gecko/20100101 Firefox/86.0" 
114.216.240.126, 39.97.49.232 - - [21/Mar/2021:13:05:44 +0800] "GET /api/v1/result/ HTTP/1.1" 200 231 "-" "Mozilla/5.0 (Windows NT 6.1; Win64; x64; rv:86.0) Gecko/20100101 Firefox/86.0" 
114.216.240.126 - - [21/Mar/2021:13:05:45 +0800] "GET /api/v1/activity/survey/?course_id=256 HTTP/1.1" 200 11 "https://www.luffycity.com/activity/vue-camp?source=bootcss" "Mozilla/5.0 (Windows NT 6.1; Win64; x64; rv:86.0) Gecko/20100101 Firefox/86.0" 
220.175.67.11 - - [21/Mar/2021:13:05:45 +0800] "GET /api/v1/survey/section/2958/?sectionId=2958 HTTP/1.1" 200 10 "https://www.luffycity.com/play/2958" "Mozilla/5.0 (Windows NT 10.0; Win64; x64) AppleWebKit/537.36 (KHTML, like Gecko) Chrome/78.0.3904.108 Safari/537.36" 
117.136.32.220 - - [21/Mar/2021:13:05:45 +0800] "OPTIONS /api/v1/play/30861/?play_id=30861 HTTP/1.1" 200 0 "https://www.luffycity.com/" "Mozilla/5.0 (Macintosh; Intel Mac OS X 10_15_6) AppleWebKit/605.1.15 (KHTML, like Gecko) Version/14.0.2 Safari/605.1.15" 
117.136.32.220 - - [21/Mar/2021:13:05:45 +0800] "OPTIONS /api/v1/play/sections/?section_id=30861 HTTP/1.1" 200 0 "https://www.luffycity.com/" "Mozilla/5.0 (Macintosh; Intel Mac OS X 10_15_6) AppleWebKit/605.1.15 (KHTML, like Gecko) Version/14.0.2 Safari/605.1.15" 
117.136.32.220 - - [21/Mar/2021:13:05:46 +0800] "GET /api/v1/survey/section/30861/?sectionId=30861 HTTP/1.1" 200 10 "https://www.luffycity.com/play/30861" "Mozilla/5.0 (Macintosh; Intel Mac OS X 10_15_6) AppleWebKit/605.1.15 (KHTML, like Gecko) Version/14.0.2 Safari/605.1.15" 
117.136.32.220 - - [21/Mar/2021:13:05:46 +0800] "GET /api/v1/play/sections/?section_id=30861 HTTP/1.1" 200 3344 "https://www.luffycity.com/play/30861" "Mozilla/5.0 (Macintosh; Intel Mac OS X 10_15_6) AppleWebKit/605.1.15 (KHTML, like Gecko) Version/14.0.2 Safari/605.1.15" 
220.175.67.11 - - [21/Mar/2021:13:05:47 +0800] "GET /api/v1/play/sections/?section_id=2958 HTTP/1.1" 200 3450 "https://www.luffycity.com/play/2958" "Mozilla/5.0 (Windows NT 10.0; Win64; x64) AppleWebKit/537.36 (KHTML, like Gecko) Chrome/78.0.3904.108 Safari/537.36" 
221.198.234.64, 39.97.49.232 - - [21/Mar/2021:13:05:51 +0800] "GET /api/v1/auth/token/ HTTP/1.1" 200 377 "-" "Mozilla/5.0 (Windows NT 10.0; Win64; x64) AppleWebKit/537.36 (KHTML, like Gecko) Chrome/89.0.4389.90 Safari/537.36" 
221.198.234.64 - - [21/Mar/2021:13:05:54 +0800] "OPTIONS /api/v1/survey/section/404/?sectionId=404 HTTP/1.1" 200 0 "https://www.luffycity.com/" "Mozilla/5.0 (Windows NT 10.0; Win64; x64) AppleWebKit/537.36 (KHTML, like Gecko) Chrome/89.0.4389.90 Safari/537.36" 
221.198.234.64 - - [21/Mar/2021:13:05:54 +0800] "OPTIONS /api/v1/comment/?section_id=404&limit=10&offset=0 HTTP/1.1" 200 0 "https://www.luffycity.com/" "Mozilla/5.0 (Windows NT 10.0; Win64; x64) AppleWebKit/537.36 (KHTML, like Gecko) Chrome/89.0.4389.90 Safari/537.36" 
221.198.234.64 - - [21/Mar/2021:13:05:54 +0800] "GET /api/v1/play/404/?play_id=404 HTTP/1.1" 200 415 "https://www.luffycity.com/" "Mozilla/5.0 (Windows NT 10.0; Win64; x64) AppleWebKit/537.36 (KHTML, like Gecko) Chrome/89.0.4389.90 Safari/537.36" 
221.198.234.64 - - [21/Mar/2021:13:05:54 +0800] "GET /api/v1/play/sections/?section_id=404 HTTP/1.1" 200 2920 "https://www.luffycity.com/" "Mozilla/5.0 (Windows NT 10.0; Win64; x64) AppleWebKit/537.36 (KHTML, like Gecko) Chrome/89.0.4389.90 Safari/537.36" 
114.241.170.102 - - [21/Mar/2021:13:05:57 +0800] "OPTIONS /api/v1/survey/section/12997/?sectionId=12997 HTTP/1.1" 200 0 "https://www.luffycity.com/" "Mozilla/5.0 (Windows NT 10.0; Win64; x64) AppleWebKit/537.36 (KHTML, like Gecko) Chrome/89.0.4389.90 Safari/537.36 Edg/89.0.774.57" 
114.241.170.102 - - [21/Mar/2021:13:05:57 +0800] "OPTIONS /api/v1/comment/?section_id=12997&limit=10&offset=0 HTTP/1.1" 200 0 "https://www.luffycity.com/" "Mozilla/5.0 (Windows NT 10.0; Win64; x64) AppleWebKit/537.36 (KHTML, like Gecko) Chrome/89.0.4389.90 Safari/537.36 Edg/89.0.774.57" 
114.241.170.102 - - [21/Mar/2021:13:05:57 +0800] "GET /api/v1/comment/?section_id=12997&limit=10&offset=0 HTTP/1.1" 200 1311 "https://www.luffycity.com/" "Mozilla/5.0 (Windows NT 10.0; Win64; x64) AppleWebKit/537.36 (KHTML, like Gecko) Chrome/89.0.4389.90 Safari/537.36 Edg/89.0.774.57" 
114.241.170.102 - - [21/Mar/2021:13:05:57 +0800] "GET /api/v1/play/12997/?play_id=12997 HTTP/1.1" 200 438 "https://www.luffycity.com/" "Mozilla/5.0 (Windows NT 10.0; Win64; x64) AppleWebKit/537.36 (KHTML, like Gecko) Chrome/89.0.4389.90 Safari/537.36 Edg/89.0.774.57" 
39.181.134.234 - - [21/Mar/2021:13:05:58 +0800] "GET /api/v1/play/sections/?section_id=30965 HTTP/1.1" 200 3015 "https://www.luffycity.com/" "Mozilla/5.0 (Windows NT 10.0; Win64; x64) AppleWebKit/537.36 (KHTML, like Gecko) Chrome/89.0.4389.90 Safari/537.36" 
39.181.134.234 - - [21/Mar/2021:13:05:58 +0800] "GET /api/v1/play/30965/?play_id=30965 HTTP/1.1" 200 399 "https://www.luffycity.com/" "Mozilla/5.0 (Windows NT 10.0; Win64; x64) AppleWebKit/537.36 (KHTML, like Gecko) Chrome/89.0.4389.90 Safari/537.36" 
114.216.240.126 - - [21/Mar/2021:13:06:04 +0800] "OPTIONS /api/v1/course/free/124/?courseType=free&id=124 HTTP/1.1" 200 0 "https://www.luffycity.com/free-course" "Mozilla/5.0 (Windows NT 6.1; Win64; x64; rv:86.0) Gecko/20100101 Firefox/86.0" 
114.216.240.126 - - [21/Mar/2021:13:06:04 +0800] "OPTIONS /api/v1/course/free/124/sections/?courseType=free&id=124 HTTP/1.1" 200 0 "https://www.luffycity.com/free-course/124/detail" "Mozilla/5.0 (Windows NT 6.1; Win64; x64; rv:86.0) Gecko/20100101 Firefox/86.0" 
114.216.240.126 - - [21/Mar/2021:13:06:10 +0800] "POST /api/v1/pay/create/ HTTP/1.1" 200 88 "https://www.luffycity.com/free-course/124/detail" "Mozilla/5.0 (Windows NT 6.1; Win64; x64; rv:86.0) Gecko/20100101 Firefox/86.0" 
114.216.240.126 - - [21/Mar/2021:13:06:10 +0800] "OPTIONS /api/v1/comment/?section_id=14383&limit=10&offset=0 HTTP/1.1" 200 0 "https://www.luffycity.com/play/14383" "Mozilla/5.0 (Windows NT 6.1; Win64; x64; rv:86.0) Gecko/20100101 Firefox/86.0" 
114.216.240.126 - - [21/Mar/2021:13:06:10 +0800] "OPTIONS /api/v1/survey/section/14383/?sectionId=14383 HTTP/1.1" 200 0 "https://www.luffycity.com/play/14383" "Mozilla/5.0 (Windows NT 6.1; Win64; x64; rv:86.0) Gecko/20100101 Firefox/86.0" 
114.216.240.126 - - [21/Mar/2021:13:06:10 +0800] "GET /api/v1/survey/section/14383/?sectionId=14383 HTTP/1.1" 200 10 "https://www.luffycity.com/play/14383" "Mozilla/5.0 (Windows NT 6.1; Win64; x64; rv:86.0) Gecko/20100101 Firefox/86.0" 
114.216.240.126 - - [21/Mar/2021:13:06:10 +0800] "GET /api/v1/comment/?section_id=14383&limit=10&offset=0 HTTP/1.1" 200 1755 "https://www.luffycity.com/play/14383" "Mozilla/5.0 (Windows NT 6.1; Win64; x64; rv:86.0) Gecko/20100101 Firefox/86.0" 
111.173.135.54, 39.97.49.232 - - [21/Mar/2021:13:06:12 +0800] "GET /api/v1/result/ HTTP/1.1" 200 231 "https://v3.bootcss.com/" "Mozilla/5.0 (Windows NT 6.3; WOW64; Trident/7.0; rv:11.0) like Gecko" 
111.173.135.54 - - [21/Mar/2021:13:06:12 +0800] "GET /api/v1/activity/survey/?course_id=256 HTTP/1.1" 200 11 "https://www.luffycity.com/activity/vue-camp?source=bootcss" "Mozilla/5.0 (Windows NT 6.3; WOW64; Trident/7.0; rv:11.0) like Gecko" 
124.91.32.145 - - [21/Mar/2021:13:06:22 +0800] "OPTIONS /api/v1/index/search/?words=%E9%87%91%E8%9E%8D HTTP/1.1" 200 0 "https://www.luffycity.com/courses/7/details-introduce" "Mozilla/5.0 (Macintosh; Intel Mac OS X -1_0_0) AppleWebKit/537.36 (KHTML, like Gecko) Chrome/78.0.3904.108 Safari/537.36" 
124.91.32.145, 39.97.49.232 - - [21/Mar/2021:13:06:34 +0800] "GET /api/v1/course/actual/7/?courseType=actual&id=7 HTTP/1.1" 200 1092 "https://www.luffycity.com/search?words=%E9%87%91%E8%9E%8D" "Mozilla/5.0 (Macintosh; Intel Mac OS X 10_16_0) AppleWebKit/537.36 (KHTML, like Gecko) Chrome/78.0.3904.108 Safari/537.36" 
124.91.32.145 - - [21/Mar/2021:13:06:34 +0800] "OPTIONS /api/v1/course/actual/7/payment/?courseType=actual&id=7 HTTP/1.1" 200 0 "https://www.luffycity.com/actual-course/7" "Mozilla/5.0 (Macintosh; Intel Mac OS X -1_0_0) AppleWebKit/537.36 (KHTML, like Gecko) Chrome/78.0.3904.108 Safari/537.36" 
124.91.32.145 - - [21/Mar/2021:13:06:34 +0800] "GET /api/v1/media/play/bd7791b260c04f27880088fe471d5b26/?suffix=bd7791b260c04f27880088fe471d5b26 HTTP/1.1" 200 1773 "https://www.luffycity.com/actual-course/7/detail" "Mozilla/5.0 (Macintosh; Intel Mac OS X -1_0_0) AppleWebKit/537.36 (KHTML, like Gecko) Chrome/78.0.3904.108 Safari/537.36" 
115.196.150.219, 39.97.49.232 - - [21/Mar/2021:13:06:52 +0800] "GET /api/v1/result/ HTTP/1.1" 200 231 "-" "Mozilla/5.0 (Windows NT 10.0; Win64; x64) AppleWebKit/537.36 (KHTML, like Gecko) Chrome/89.0.4389.90 Safari/537.36" 
115.196.150.219 - - [21/Mar/2021:13:06:53 +0800] "OPTIONS /api/v1/study/data/ HTTP/1.1" 200 0 "https://www.luffycity.com/" "Mozilla/5.0 (Windows NT 10.0; Win64; x64) AppleWebKit/537.36 (KHTML, like Gecko) Chrome/89.0.4389.90 Safari/537.36" 
115.196.150.219 - - [21/Mar/2021:13:06:53 +0800] "OPTIONS /api/v1/auth/wechat/ HTTP/1.1" 200 0 "https://www.luffycity.com/" "Mozilla/5.0 (Windows NT 10.0; Win64; x64) AppleWebKit/537.36 (KHTML, like Gecko) Chrome/89.0.4389.90 Safari/537.36" 
115.196.150.219 - - [21/Mar/2021:13:06:53 +0800] "GET /api/v1/study/degrees/0/mentor/?degree_id=0 HTTP/1.1" 200 64 "https://www.luffycity.com/" "Mozilla/5.0 (Windows NT 10.0; Win64; x64) AppleWebKit/537.36 (KHTML, like Gecko) Chrome/89.0.4389.90 Safari/537.36" 
115.196.150.219 - - [21/Mar/2021:13:06:53 +0800] "GET /api/v1/auth/wechat/ HTTP/1.1" 200 232 "https://www.luffycity.com/" "Mozilla/5.0 (Windows NT 10.0; Win64; x64) AppleWebKit/537.36 (KHTML, like Gecko) Chrome/89.0.4389.90 Safari/537.36" 
111.173.135.54, 39.97.49.232 - - [21/Mar/2021:13:06:55 +0800] "GET /api/v1/auth/token/ HTTP/1.1" 200 29 "https://v3.bootcss.com/" "Mozilla/5.0 (Windows NT 6.3; WOW64; Trident/7.0; rv:11.0) like Gecko" 
111.173.135.54 - - [21/Mar/2021:13:06:56 +0800] "GET /api/v1/activity/survey/?course_id=256 HTTP/1.1" 200 11 "https://www.luffycity.com/activity/vue-camp?source=bootcss" "Mozilla/5.0 (Windows NT 6.3; WOW64; Trident/7.0; rv:11.0) like Gecko" 
111.202.169.183 - - [21/Mar/2021:13:07:04 +0800] "OPTIONS /api/v1/play/15964/?play_id=15964 HTTP/1.1" 200 0 "https://www.luffycity.com/" "Mozilla/5.0 (Windows NT 10.0; Win64; x64) AppleWebKit/537.36 (KHTML, like Gecko) Chrome/89.0.4389.90 Safari/537.36" 
111.202.169.183 - - [21/Mar/2021:13:07:04 +0800] "OPTIONS /api/v1/comment/?section_id=15964&limit=10&offset=0 HTTP/1.1" 200 0 "https://www.luffycity.com/" "Mozilla/5.0 (Windows NT 10.0; Win64; x64) AppleWebKit/537.36 (KHTML, like Gecko) Chrome/89.0.4389.90 Safari/537.36" 
111.202.169.183 - - [21/Mar/2021:13:07:04 +0800] "GET /api/v1/survey/section/15964/?sectionId=15964 HTTP/1.1" 200 10 "https://www.luffycity.com/" "Mozilla/5.0 (Windows NT 10.0; Win64; x64) AppleWebKit/537.36 (KHTML, like Gecko) Chrome/89.0.4389.90 Safari/537.36" 
111.202.169.183 - - [21/Mar/2021:13:07:04 +0800] "GET /api/v1/comment/?section_id=15964&limit=10&offset=0 HTTP/1.1" 200 1608 "https://www.luffycity.com/" "Mozilla/5.0 (Windows NT 10.0; Win64; x64) AppleWebKit/537.36 (KHTML, like Gecko) Chrome/89.0.4389.90 Safari/537.36" 
39.181.134.234 - - [21/Mar/2021:13:07:04 +0800] "OPTIONS /api/v1/comment/?section_id=30966&limit=10&offset=0 HTTP/1.1" 200 0 "https://www.luffycity.com/" "Mozilla/5.0 (Windows NT 10.0; Win64; x64) AppleWebKit/537.36 (KHTML, like Gecko) Chrome/89.0.4389.90 Safari/537.36" 
39.181.134.234 - - [21/Mar/2021:13:07:04 +0800] "OPTIONS /api/v1/survey/section/30966/?sectionId=30966 HTTP/1.1" 200 0 "https://www.luffycity.com/" "Mozilla/5.0 (Windows NT 10.0; Win64; x64) AppleWebKit/537.36 (KHTML, like Gecko) Chrome/89.0.4389.90 Safari/537.36" 
39.181.134.234 - - [21/Mar/2021:13:07:04 +0800] "GET /api/v1/survey/section/30966/?sectionId=30966 HTTP/1.1" 200 10 "https://www.luffycity.com/" "Mozilla/5.0 (Windows NT 10.0; Win64; x64) AppleWebKit/537.36 (KHTML, like Gecko) Chrome/89.0.4389.90 Safari/537.36" 
39.181.134.234 - - [21/Mar/2021:13:07:05 +0800] "GET /api/v1/play/30966/?play_id=30966 HTTP/1.1" 200 435 "https://www.luffycity.com/" "Mozilla/5.0 (Windows NT 10.0; Win64; x64) AppleWebKit/537.36 (KHTML, like Gecko) Chrome/89.0.4389.90 Safari/537.36" 
117.136.32.220 - - [21/Mar/2021:13:07:12 +0800] "OPTIONS /api/v1/survey/section/30864/?sectionId=30864 HTTP/1.1" 200 0 "https://www.luffycity.com/" "Mozilla/5.0 (Macintosh; Intel Mac OS X 10_15_6) AppleWebKit/605.1.15 (KHTML, like Gecko) Version/14.0.2 Safari/605.1.15" 
117.136.32.220 - - [21/Mar/2021:13:07:12 +0800] "OPTIONS /api/v1/comment/?section_id=30864&limit=10&offset=0 HTTP/1.1" 200 0 "https://www.luffycity.com/" "Mozilla/5.0 (Macintosh; Intel Mac OS X 10_15_6) AppleWebKit/605.1.15 (KHTML, like Gecko) Version/14.0.2 Safari/605.1.15" 
117.136.32.220 - - [21/Mar/2021:13:07:12 +0800] "GET /api/v1/survey/section/30864/?sectionId=30864 HTTP/1.1" 200 10 "https://www.luffycity.com/play/30864" "Mozilla/5.0 (Macintosh; Intel Mac OS X 10_15_6) AppleWebKit/605.1.15 (KHTML, like Gecko) Version/14.0.2 Safari/605.1.15" 
117.136.32.220 - - [21/Mar/2021:13:07:12 +0800] "GET /api/v1/play/30864/?play_id=30864 HTTP/1.1" 200 435 "https://www.luffycity.com/play/30864" "Mozilla/5.0 (Macintosh; Intel Mac OS X 10_15_6) AppleWebKit/605.1.15 (KHTML, like Gecko) Version/14.0.2 Safari/605.1.15" 
183.210.196.221 - - [21/Mar/2021:13:07:20 +0800] "OPTIONS /api/v1/comment/?section_id=11522&limit=10&offset=0 HTTP/1.1" 200 0 "https://www.luffycity.com/" "Mozilla/5.0 (Windows NT 10.0; Win64; x64) AppleWebKit/537.36 (KHTML, like Gecko) Chrome/89.0.4389.90 Safari/537.36 Edg/89.0.774.57" 
183.210.196.221 - - [21/Mar/2021:13:07:20 +0800] "OPTIONS /api/v1/survey/section/11522/?sectionId=11522 HTTP/1.1" 200 0 "https://www.luffycity.com/" "Mozilla/5.0 (Windows NT 10.0; Win64; x64) AppleWebKit/537.36 (KHTML, like Gecko) Chrome/89.0.4389.90 Safari/537.36 Edg/89.0.774.57" 
183.210.196.221 - - [21/Mar/2021:13:07:20 +0800] "GET /api/v1/survey/section/11522/?sectionId=11522 HTTP/1.1" 200 64 "https://www.luffycity.com/" "Mozilla/5.0 (Windows NT 10.0; Win64; x64) AppleWebKit/537.36 (KHTML, like Gecko) Chrome/89.0.4389.90 Safari/537.36 Edg/89.0.774.57" 
183.210.196.221 - - [21/Mar/2021:13:07:20 +0800] "GET /api/v1/play/11522/?play_id=11522 HTTP/1.1" 200 64 "https://www.luffycity.com/" "Mozilla/5.0 (Windows NT 10.0; Win64; x64) AppleWebKit/537.36 (KHTML, like Gecko) Chrome/89.0.4389.90 Safari/537.36 Edg/89.0.774.57" 
120.244.224.203 - - [21/Mar/2021:13:07:24 +0800] "POST /api/v1/survey/section/30880/?sectionId=30880 HTTP/1.1" 200 10 "https://www.luffycity.com/play/30880" "Mozilla/5.0 (Windows NT 10.0; Win64; x64) AppleWebKit/537.36 (KHTML, like Gecko) Chrome/70.0.3538.102 Safari/537.36 Edge/18.18362" 
120.244.224.203 - - [21/Mar/2021:13:07:28 +0800] "OPTIONS /api/v1/comment/?section_id=30881&limit=10&offset=0 HTTP/1.1" 200 0 "https://www.luffycity.com/play/30881" "Mozilla/5.0 (Windows NT 10.0; Win64; x64) AppleWebKit/537.36 (KHTML, like Gecko) Chrome/70.0.3538.102 Safari/537.36 Edge/18.18362" 
120.244.224.203 - - [21/Mar/2021:13:07:28 +0800] "OPTIONS /api/v1/survey/section/30881/?sectionId=30881 HTTP/1.1" 200 0 "https://www.luffycity.com/play/30881" "Mozilla/5.0 (Windows NT 10.0; Win64; x64) AppleWebKit/537.36 (KHTML, like Gecko) Chrome/70.0.3538.102 Safari/537.36 Edge/18.18362" 
120.244.224.203 - - [21/Mar/2021:13:07:28 +0800] "GET /api/v1/survey/section/30881/?sectionId=30881 HTTP/1.1" 200 10 "https://www.luffycity.com/play/30881" "Mozilla/5.0 (Windows NT 10.0; Win64; x64) AppleWebKit/537.36 (KHTML, like Gecko) Chrome/70.0.3538.102 Safari/537.36 Edge/18.18362" 
120.244.224.203 - - [21/Mar/2021:13:07:28 +0800] "GET /api/v1/comment/?section_id=30881&limit=10&offset=0 HTTP/1.1" 200 1641 "https://www.luffycity.com/play/30881" "Mozilla/5.0 (Windows NT 10.0; Win64; x64) AppleWebKit/537.36 (KHTML, like Gecko) Chrome/70.0.3538.102 Safari/537.36 Edge/18.18362" 
115.196.150.219 - - [21/Mar/2021:13:07:33 +0800] "POST /api/v1/auth/password/login/?loginWay=password HTTP/1.1" 200 274 "https://www.luffycity.com/" "Mozilla/5.0 (Windows NT 10.0; Win64; x64) AppleWebKit/537.36 (KHTML, like Gecko) Chrome/89.0.4389.90 Safari/537.36" 
115.196.150.219 - - [21/Mar/2021:13:07:34 +0800] "GET /api/v1/auth/token/ HTTP/1.1" 200 388 "https://www.luffycity.com/" "Mozilla/5.0 (Windows NT 10.0; Win64; x64) AppleWebKit/537.36 (KHTML, like Gecko) Chrome/89.0.4389.90 Safari/537.36" 
113.249.195.191 - - [21/Mar/2021:13:07:35 +0800] "OPTIONS /api/v1/play/24672/?play_id=24672 HTTP/1.1" 200 0 "https://www.luffycity.com/" "Mozilla/5.0 (Windows NT 10.0; Win64; x64) AppleWebKit/537.36 (KHTML, like Gecko) Chrome/89.0.4389.90 Safari/537.36" 
113.249.195.191 - - [21/Mar/2021:13:07:35 +0800] "OPTIONS /api/v1/comment/?section_id=24672&limit=10&offset=0 HTTP/1.1" 200 0 "https://www.luffycity.com/" "Mozilla/5.0 (Windows NT 10.0; Win64; x64) AppleWebKit/537.36 (KHTML, like Gecko) Chrome/89.0.4389.90 Safari/537.36" 
113.249.195.191 - - [21/Mar/2021:13:07:35 +0800] "GET /api/v1/survey/section/24672/?sectionId=24672 HTTP/1.1" 200 10 "https://www.luffycity.com/" "Mozilla/5.0 (Windows NT 10.0; Win64; x64) AppleWebKit/537.36 (KHTML, like Gecko) Chrome/89.0.4389.90 Safari/537.36" 
113.249.195.191 - - [21/Mar/2021:13:07:35 +0800] "GET /api/v1/comment/?section_id=24672&limit=10&offset=0 HTTP/1.1" 200 1234 "https://www.luffycity.com/" "Mozilla/5.0 (Windows NT 10.0; Win64; x64) AppleWebKit/537.36 (KHTML, like Gecko) Chrome/89.0.4389.90 Safari/537.36" 
115.196.150.219, 39.97.49.232 - - [21/Mar/2021:13:07:38 +0800] "GET /api/v1/auth/token/ HTTP/1.1" 200 388 "-" "Mozilla/5.0 (Windows NT 10.0; Win64; x64) AppleWebKit/537.36 (KHTML, like Gecko) Chrome/89.0.4389.90 Safari/537.36" 
115.196.150.219, 39.97.49.232 - - [21/Mar/2021:13:07:38 +0800] "GET /api/v1/result/ HTTP/1.1" 200 231 "-" "Mozilla/5.0 (Windows NT 10.0; Win64; x64) AppleWebKit/537.36 (KHTML, like Gecko) Chrome/89.0.4389.90 Safari/537.36" 
115.196.150.219 - - [21/Mar/2021:13:07:39 +0800] "GET /api/v1/study/data/ HTTP/1.1" 200 102 "https://www.luffycity.com/" "Mozilla/5.0 (Windows NT 10.0; Win64; x64) AppleWebKit/537.36 (KHTML, like Gecko) Chrome/89.0.4389.90 Safari/537.36" 
115.196.150.219 - - [21/Mar/2021:13:07:39 +0800] "OPTIONS /api/v1/study/degrees/11/?degree_id=11 HTTP/1.1" 200 0 "https://www.luffycity.com/" "Mozilla/5.0 (Windows NT 10.0; Win64; x64) AppleWebKit/537.36 (KHTML, like Gecko) Chrome/89.0.4389.90 Safari/537.36" 
115.196.150.219 - - [21/Mar/2021:13:07:39 +0800] "OPTIONS /api/v1/study/degrees/11/mentor/?degree_id=11 HTTP/1.1" 200 0 "https://www.luffycity.com/" "Mozilla/5.0 (Windows NT 10.0; Win64; x64) AppleWebKit/537.36 (KHTML, like Gecko) Chrome/89.0.4389.90 Safari/537.36" 
115.196.150.219 - - [21/Mar/2021:13:07:39 +0800] "GET /api/v1/study/degrees/11/mentor/?degree_id=11 HTTP/1.1" 200 229 "https://www.luffycity.com/" "Mozilla/5.0 (Windows NT 10.0; Win64; x64) AppleWebKit/537.36 (KHTML, like Gecko) Chrome/89.0.4389.90 Safari/537.36" 
115.196.150.219 - - [21/Mar/2021:13:07:55 +0800] "OPTIONS /api/v1/play/sections/?section_id=12241 HTTP/1.1" 200 0 "https://www.luffycity.com/" "Mozilla/5.0 (Windows NT 10.0; Win64; x64) AppleWebKit/537.36 (KHTML, like Gecko) Chrome/89.0.4389.90 Safari/537.36" 
115.196.150.219 - - [21/Mar/2021:13:07:55 +0800] "OPTIONS /api/v1/play/12241/?play_id=12241 HTTP/1.1" 200 0 "https://www.luffycity.com/" "Mozilla/5.0 (Windows NT 10.0; Win64; x64) AppleWebKit/537.36 (KHTML, like Gecko) Chrome/89.0.4389.90 Safari/537.36" 
115.196.150.219 - - [21/Mar/2021:13:07:55 +0800] "GET /api/v1/comment/?section_id=12241&limit=10&offset=0 HTTP/1.1" 200 69 "https://www.luffycity.com/" "Mozilla/5.0 (Windows NT 10.0; Win64; x64) AppleWebKit/537.36 (KHTML, like Gecko) Chrome/89.0.4389.90 Safari/537.36" 
115.196.150.219 - - [21/Mar/2021:13:07:55 +0800] "GET /api/v1/play/sections/?section_id=12241 HTTP/1.1" 200 8462 "https://www.luffycity.com/" "Mozilla/5.0 (Windows NT 10.0; Win64; x64) AppleWebKit/537.36 (KHTML, like Gecko) Chrome/89.0.4389.90 Safari/537.36" 
115.196.150.219, 39.97.49.232 - - [21/Mar/2021:13:08:02 +0800] "GET /api/v1/auth/token/ HTTP/1.1" 200 388 "-" "Mozilla/5.0 (Windows NT 10.0; Win64; x64) AppleWebKit/537.36 (KHTML, like Gecko) Chrome/89.0.4389.90 Safari/537.36" 
115.196.150.219 - - [21/Mar/2021:13:08:02 +0800] "GET /api/v1/play/sections/?section_id=12241 HTTP/1.1" 200 8462 "https://www.luffycity.com/" "Mozilla/5.0 (Windows NT 10.0; Win64; x64) AppleWebKit/537.36 (KHTML, like Gecko) Chrome/89.0.4389.90 Safari/537.36" 
