220.196.49.26, 39.97.49.232 - - [19/Mar/2021:15:59:28 +0800] "GET /api/v1/auth/token/ HTTP/1.1" 200 29 "http://c.biancheng.net/spring_mvc/" "Mozilla/5.0 (Macintosh; Intel Mac OS X 10_15_7) AppleWebKit/605.1.15 (KHTML, like Gecko) Version/14.0 Safari/605.1.15" 
220.196.49.26 - - [19/Mar/2021:15:59:29 +0800] "OPTIONS /api/v1/activity/survey/?course_id=252 HTTP/1.1" 200 0 "https://www.luffycity.com/" "Mozilla/5.0 (Macintosh; Intel Mac OS X 10_15_7) AppleWebKit/605.1.15 (KHTML, like Gecko) Version/14.0 Safari/605.1.15" 
182.118.252.5 - - [19/Mar/2021:15:59:31 +0800] "OPTIONS /api/v1/play/sections/?section_id=30931 HTTP/1.1" 200 0 "https://www.luffycity.com/" "Mozilla/5.0 (Windows NT 10.0; Win64; x64) AppleWebKit/537.36 (KHTML, like Gecko) Chrome/89.0.4389.90 Safari/537.36 Edg/89.0.774.54" 
182.118.252.5 - - [19/Mar/2021:15:59:31 +0800] "OPTIONS /api/v1/play/30931/?play_id=30931 HTTP/1.1" 200 0 "https://www.luffycity.com/" "Mozilla/5.0 (Windows NT 10.0; Win64; x64) AppleWebKit/537.36 (KHTML, like Gecko) Chrome/89.0.4389.90 Safari/537.36 Edg/89.0.774.54" 
182.118.252.5 - - [19/Mar/2021:15:59:32 +0800] "GET /api/v1/comment/?section_id=30931&limit=10&offset=0 HTTP/1.1" 200 1798 "https://www.luffycity.com/" "Mozilla/5.0 (Windows NT 10.0; Win64; x64) AppleWebKit/537.36 (KHTML, like Gecko) Chrome/89.0.4389.90 Safari/537.36 Edg/89.0.774.54" 
183.230.166.96 - - [19/Mar/2021:15:59:32 +0800] "OPTIONS /api/v1/play/11443/?play_id=11443 HTTP/1.1" 200 0 "https://www.luffycity.com/" "Mozilla/5.0 (Windows NT 10.0; Win64; x64) AppleWebKit/537.36 (KHTML, like Gecko) Chrome/89.0.4389.90 Safari/537.36" 
183.230.166.96 - - [19/Mar/2021:15:59:32 +0800] "OPTIONS /api/v1/survey/section/11443/?sectionId=11443 HTTP/1.1" 200 0 "https://www.luffycity.com/" "Mozilla/5.0 (Windows NT 10.0; Win64; x64) AppleWebKit/537.36 (KHTML, like Gecko) Chrome/89.0.4389.90 Safari/537.36" 
182.118.252.5 - - [19/Mar/2021:15:59:32 +0800] "GET /api/v1/play/30931/?play_id=30931 HTTP/1.1" 200 420 "https://www.luffycity.com/" "Mozilla/5.0 (Windows NT 10.0; Win64; x64) AppleWebKit/537.36 (KHTML, like Gecko) Chrome/89.0.4389.90 Safari/537.36 Edg/89.0.774.54" 
183.230.166.96 - - [19/Mar/2021:15:59:32 +0800] "GET /api/v1/comment/?section_id=11443&limit=10&offset=0 HTTP/1.1" 200 585 "https://www.luffycity.com/" "Mozilla/5.0 (Windows NT 10.0; Win64; x64) AppleWebKit/537.36 (KHTML, like Gecko) Chrome/89.0.4389.90 Safari/537.36" 
183.230.166.96 - - [19/Mar/2021:15:59:32 +0800] "GET /api/v1/play/sections/?section_id=11443 HTTP/1.1" 200 9544 "https://www.luffycity.com/" "Mozilla/5.0 (Windows NT 10.0; Win64; x64) AppleWebKit/537.36 (KHTML, like Gecko) Chrome/89.0.4389.90 Safari/537.36" 
113.119.70.31 - - [19/Mar/2021:15:59:32 +0800] "OPTIONS /api/v1/study/data/ HTTP/1.1" 200 0 "https://www.luffycity.com/" "Mozilla/5.0 (Windows NT 10.0; Win64; x64) AppleWebKit/537.36 (KHTML, like Gecko) Chrome/86.0.4240.193 Safari/537.36" 
113.119.70.31 - - [19/Mar/2021:15:59:32 +0800] "GET /api/v1/study/degrees/ HTTP/1.1" 200 146 "https://www.luffycity.com/" "Mozilla/5.0 (Windows NT 10.0; Win64; x64) AppleWebKit/537.36 (KHTML, like Gecko) Chrome/86.0.4240.193 Safari/537.36" 
113.119.70.31 - - [19/Mar/2021:15:59:32 +0800] "GET /api/v1/study/data/ HTTP/1.1" 200 109 "https://www.luffycity.com/" "Mozilla/5.0 (Windows NT 10.0; Win64; x64) AppleWebKit/537.36 (KHTML, like Gecko) Chrome/86.0.4240.193 Safari/537.36" 
113.119.70.31 - - [19/Mar/2021:15:59:32 +0800] "OPTIONS /api/v1/study/data/?degree_id=1 HTTP/1.1" 200 0 "https://www.luffycity.com/" "Mozilla/5.0 (Windows NT 10.0; Win64; x64) AppleWebKit/537.36 (KHTML, like Gecko) Chrome/86.0.4240.193 Safari/537.36" 
113.119.70.31 - - [19/Mar/2021:15:59:33 +0800] "GET /api/v1/study/data/?degree_id=1 HTTP/1.1" 200 115 "https://www.luffycity.com/" "Mozilla/5.0 (Windows NT 10.0; Win64; x64) AppleWebKit/537.36 (KHTML, like Gecko) Chrome/86.0.4240.193 Safari/537.36" 
113.119.70.31 - - [19/Mar/2021:15:59:33 +0800] "GET /api/v1/study/degrees/1/?degree_id=1 HTTP/1.1" 200 1926 "https://www.luffycity.com/" "Mozilla/5.0 (Windows NT 10.0; Win64; x64) AppleWebKit/537.36 (KHTML, like Gecko) Chrome/86.0.4240.193 Safari/537.36" 
113.119.70.31 - - [19/Mar/2021:15:59:37 +0800] "OPTIONS /api/v1/study/module/281/homework/222/?moduleId=281&homeworkId=222 HTTP/1.1" 200 0 "https://www.luffycity.com/" "Mozilla/5.0 (Windows NT 10.0; Win64; x64) AppleWebKit/537.36 (KHTML, like Gecko) Chrome/86.0.4240.193 Safari/537.36" 
113.119.70.31 - - [19/Mar/2021:15:59:37 +0800] "GET /api/v1/study/module/281/homework/222/?moduleId=281&homeworkId=222 HTTP/1.1" 200 1580 "https://www.luffycity.com/" "Mozilla/5.0 (Windows NT 10.0; Win64; x64) AppleWebKit/537.36 (KHTML, like Gecko) Chrome/86.0.4240.193 Safari/537.36" 
113.119.70.31 - - [19/Mar/2021:15:59:37 +0800] "GET /api/v1/survey/homework/?surveyType=homework HTTP/1.1" 200 416 "https://www.luffycity.com/" "Mozilla/5.0 (Windows NT 10.0; Win64; x64) AppleWebKit/537.36 (KHTML, like Gecko) Chrome/86.0.4240.193 Safari/537.36" 
116.246.31.34 - - [19/Mar/2021:15:59:37 +0800] "OPTIONS /api/v1/study/degrees/ HTTP/1.1" 200 0 "https://www.luffycity.com/study/degree" "Mozilla/5.0 (Windows NT 10.0; Win64; x64) AppleWebKit/537.36 (KHTML, like Gecko) Chrome/78.0.3904.97 Safari/537.36" 
116.246.31.34 - - [19/Mar/2021:15:59:37 +0800] "OPTIONS /api/v1/study/degrees/2/?degree_id=2 HTTP/1.1" 200 0 "https://www.luffycity.com/study/degree" "Mozilla/5.0 (Windows NT 10.0; Win64; x64) AppleWebKit/537.36 (KHTML, like Gecko) Chrome/78.0.3904.97 Safari/537.36" 
116.246.31.34 - - [19/Mar/2021:15:59:37 +0800] "OPTIONS /api/v1/study/degrees/2/mentor/?degree_id=2 HTTP/1.1" 200 0 "https://www.luffycity.com/study/degree" "Mozilla/5.0 (Windows NT 10.0; Win64; x64) AppleWebKit/537.36 (KHTML, like Gecko) Chrome/78.0.3904.97 Safari/537.36" 
116.246.31.34 - - [19/Mar/2021:15:59:38 +0800] "GET /api/v1/study/degrees/2/?degree_id=2 HTTP/1.1" 200 1391 "https://www.luffycity.com/study/degree" "Mozilla/5.0 (Windows NT 10.0; Win64; x64) AppleWebKit/537.36 (KHTML, like Gecko) Chrome/78.0.3904.97 Safari/537.36" 
116.246.31.34 - - [19/Mar/2021:15:59:40 +0800] "GET /api/v1/study/courses/ HTTP/1.1" 200 654 "https://www.luffycity.com/study/special" "Mozilla/5.0 (Windows NT 10.0; Win64; x64) AppleWebKit/537.36 (KHTML, like Gecko) Chrome/78.0.3904.97 Safari/537.36" 
116.246.31.34 - - [19/Mar/2021:15:59:40 +0800] "GET /api/v1/study/degrees/ HTTP/1.1" 200 386 "https://www.luffycity.com/study/degree" "Mozilla/5.0 (Windows NT 10.0; Win64; x64) AppleWebKit/537.36 (KHTML, like Gecko) Chrome/78.0.3904.97 Safari/537.36" 
116.246.31.34 - - [19/Mar/2021:15:59:40 +0800] "GET /api/v1/study/data/?degree_id=2 HTTP/1.1" 200 118 "https://www.luffycity.com/study/degree" "Mozilla/5.0 (Windows NT 10.0; Win64; x64) AppleWebKit/537.36 (KHTML, like Gecko) Chrome/78.0.3904.97 Safari/537.36" 
112.228.147.153, 39.97.49.232 - - [19/Mar/2021:15:59:43 +0800] "GET /api/v1/auth/token/ HTTP/1.1" 200 29 "https://www.luffycity.com/actual-course/252/detail" "Mozilla/5.0 (Windows NT 6.1; WOW64) AppleWebKit/537.36 (KHTML, like Gecko) Chrome/80.0.3987.87 Safari/537.36 SE 2.X MetaSr 1.0" 
183.220.27.137, 219.133.46.85 - - [19/Mar/2021:15:59:43 +0800] "GET /api/v1/play/28525/?play_id=28525 HTTP/1.1" 200 425 "https://m.luffycity.com/play/28516" "Mozilla/5.0 (iPhone; U; CPU iPhone OS 4_3_2 like Mac OS X; en-us) AppleWebKit/533.17.9 (KHTML, like Gecko) Version/5.0.2 Mobile/8H7 Safari/6533.18.5 Quark/4.7.0.168" 
183.252.216.231 - - [19/Mar/2021:15:59:43 +0800] "OPTIONS /api/v1/play/sections/?section_id=30859 HTTP/1.1" 200 0 "https://www.luffycity.com/play/30859" "Mozilla/5.0 (Windows NT 10.0; Win64; x64; rv:86.0) Gecko/20100101 Firefox/86.0" 
183.252.216.231 - - [19/Mar/2021:15:59:43 +0800] "OPTIONS /api/v1/play/30859/?play_id=30859 HTTP/1.1" 200 0 "https://www.luffycity.com/play/30859" "Mozilla/5.0 (Windows NT 10.0; Win64; x64; rv:86.0) Gecko/20100101 Firefox/86.0" 
183.252.216.231 - - [19/Mar/2021:15:59:43 +0800] "GET /api/v1/play/sections/?section_id=30859 HTTP/1.1" 200 3347 "https://www.luffycity.com/play/30859" "Mozilla/5.0 (Windows NT 10.0; Win64; x64; rv:86.0) Gecko/20100101 Firefox/86.0" 
183.252.216.231 - - [19/Mar/2021:15:59:43 +0800] "GET /api/v1/play/30859/?play_id=30859 HTTP/1.1" 200 399 "https://www.luffycity.com/play/30859" "Mozilla/5.0 (Windows NT 10.0; Win64; x64; rv:86.0) Gecko/20100101 Firefox/86.0" 
116.8.5.34 - - [19/Mar/2021:15:59:45 +0800] "OPTIONS /api/v1/comment/?section_id=2585&limit=10&offset=0 HTTP/1.1" 200 0 "https://www.luffycity.com/" "Mozilla/5.0 (Windows NT 10.0; Win64; x64) AppleWebKit/537.36 (KHTML, like Gecko) Chrome/89.0.4389.90 Safari/537.36" 
116.8.5.34 - - [19/Mar/2021:15:59:45 +0800] "OPTIONS /api/v1/survey/section/2585/?sectionId=2585 HTTP/1.1" 200 0 "https://www.luffycity.com/" "Mozilla/5.0 (Windows NT 10.0; Win64; x64) AppleWebKit/537.36 (KHTML, like Gecko) Chrome/89.0.4389.90 Safari/537.36" 
116.8.5.34 - - [19/Mar/2021:15:59:45 +0800] "GET /api/v1/survey/section/2585/?sectionId=2585 HTTP/1.1" 200 10 "https://www.luffycity.com/" "Mozilla/5.0 (Windows NT 10.0; Win64; x64) AppleWebKit/537.36 (KHTML, like Gecko) Chrome/89.0.4389.90 Safari/537.36" 
116.8.5.34 - - [19/Mar/2021:15:59:45 +0800] "GET /api/v1/comment/?section_id=2585&limit=10&offset=0 HTTP/1.1" 200 1268 "https://www.luffycity.com/" "Mozilla/5.0 (Windows NT 10.0; Win64; x64) AppleWebKit/537.36 (KHTML, like Gecko) Chrome/89.0.4389.90 Safari/537.36" 
116.246.31.34 - - [19/Mar/2021:15:59:46 +0800] "GET /api/v1/study/degrees/0/mentor/?degree_id=0 HTTP/1.1" 200 137 "https://www.luffycity.com/study/degree" "Mozilla/5.0 (Windows NT 10.0; Win64; x64) AppleWebKit/537.36 (KHTML, like Gecko) Chrome/78.0.3904.97 Safari/537.36" 
116.246.31.34 - - [19/Mar/2021:15:59:46 +0800] "GET /api/v1/study/degrees/ HTTP/1.1" 200 386 "https://www.luffycity.com/study/degree" "Mozilla/5.0 (Windows NT 10.0; Win64; x64) AppleWebKit/537.36 (KHTML, like Gecko) Chrome/78.0.3904.97 Safari/537.36" 
116.246.31.34 - - [19/Mar/2021:15:59:46 +0800] "GET /api/v1/study/data/?degree_id=2 HTTP/1.1" 200 118 "https://www.luffycity.com/study/degree" "Mozilla/5.0 (Windows NT 10.0; Win64; x64) AppleWebKit/537.36 (KHTML, like Gecko) Chrome/78.0.3904.97 Safari/537.36" 
60.29.18.61 - - [19/Mar/2021:15:59:47 +0800] "OPTIONS /api/v1/comment/?section_id=28664&limit=10&offset=0 HTTP/1.1" 200 0 "https://www.luffycity.com/" "Mozilla/5.0 (Windows NT 10.0; Win64; x64) AppleWebKit/537.36 (KHTML, like Gecko) Chrome/88.0.4324.150 Safari/537.36" 
60.29.18.61 - - [19/Mar/2021:15:59:47 +0800] "OPTIONS /api/v1/survey/section/28664/?sectionId=28664 HTTP/1.1" 200 0 "https://www.luffycity.com/" "Mozilla/5.0 (Windows NT 10.0; Win64; x64) AppleWebKit/537.36 (KHTML, like Gecko) Chrome/88.0.4324.150 Safari/537.36" 
60.29.18.61 - - [19/Mar/2021:15:59:47 +0800] "GET /api/v1/comment/?section_id=28664&limit=10&offset=0 HTTP/1.1" 200 1362 "https://www.luffycity.com/" "Mozilla/5.0 (Windows NT 10.0; Win64; x64) AppleWebKit/537.36 (KHTML, like Gecko) Chrome/88.0.4324.150 Safari/537.36" 
60.29.18.61 - - [19/Mar/2021:15:59:47 +0800] "GET /api/v1/play/28664/?play_id=28664 HTTP/1.1" 200 418 "https://www.luffycity.com/" "Mozilla/5.0 (Windows NT 10.0; Win64; x64) AppleWebKit/537.36 (KHTML, like Gecko) Chrome/88.0.4324.150 Safari/537.36" 
112.228.147.153, 39.97.49.232 - - [19/Mar/2021:15:59:49 +0800] "GET /api/v1/auth/token/ HTTP/1.1" 200 29 "https://www.luffycity.com/light-course" "Mozilla/5.0 (Windows NT 6.1; WOW64) AppleWebKit/537.36 (KHTML, like Gecko) Chrome/80.0.3987.87 Safari/537.36 SE 2.X MetaSr 1.0" 
117.136.36.24 - - [19/Mar/2021:15:59:55 +0800] "POST /api/v1/survey/section/20025/?sectionId=20025 HTTP/1.1" 200 10 "https://www.luffycity.com/" "Mozilla/5.0 (Windows NT 10.0; Win64; x64) AppleWebKit/537.36 (KHTML, like Gecko) Chrome/89.0.4389.90 Safari/537.36" 
120.244.224.203 - - [19/Mar/2021:15:59:55 +0800] "OPTIONS /api/v1/play/sections/?section_id=30816 HTTP/1.1" 200 0 "https://www.luffycity.com/play/30816" "Mozilla/5.0 (Windows NT 10.0; Win64; x64) AppleWebKit/537.36 (KHTML, like Gecko) Chrome/70.0.3538.102 Safari/537.36 Edge/18.18362" 
120.244.224.203 - - [19/Mar/2021:15:59:55 +0800] "OPTIONS /api/v1/survey/section/30816/?sectionId=30816 HTTP/1.1" 200 0 "https://www.luffycity.com/play/30816" "Mozilla/5.0 (Windows NT 10.0; Win64; x64) AppleWebKit/537.36 (KHTML, like Gecko) Chrome/70.0.3538.102 Safari/537.36 Edge/18.18362" 
120.244.224.203 - - [19/Mar/2021:15:59:55 +0800] "GET /api/v1/survey/section/30816/?sectionId=30816 HTTP/1.1" 200 10 "https://www.luffycity.com/play/30816" "Mozilla/5.0 (Windows NT 10.0; Win64; x64) AppleWebKit/537.36 (KHTML, like Gecko) Chrome/70.0.3538.102 Safari/537.36 Edge/18.18362" 
120.244.224.203 - - [19/Mar/2021:15:59:55 +0800] "GET /api/v1/play/30816/?play_id=30816 HTTP/1.1" 200 413 "https://www.luffycity.com/play/30816" "Mozilla/5.0 (Windows NT 10.0; Win64; x64) AppleWebKit/537.36 (KHTML, like Gecko) Chrome/70.0.3538.102 Safari/537.36 Edge/18.18362" 
116.246.31.34 - - [19/Mar/2021:15:59:56 +0800] "OPTIONS /api/v1/study/module/250/homework/?moduleId=250 HTTP/1.1" 200 0 "https://www.luffycity.com/study/homework/250?default=216" "Mozilla/5.0 (Windows NT 10.0; Win64; x64) AppleWebKit/537.36 (KHTML, like Gecko) Chrome/78.0.3904.97 Safari/537.36" 
116.246.31.34 - - [19/Mar/2021:15:59:56 +0800] "GET /api/v1/study/module/250/homework/?moduleId=250 HTTP/1.1" 200 812 "https://www.luffycity.com/study/homework/250?default=216" "Mozilla/5.0 (Windows NT 10.0; Win64; x64) AppleWebKit/537.36 (KHTML, like Gecko) Chrome/78.0.3904.97 Safari/537.36" 
116.246.31.34 - - [19/Mar/2021:15:59:56 +0800] "OPTIONS /api/v1/survey/homework/?surveyType=homework HTTP/1.1" 200 0 "https://www.luffycity.com/study/homework/250?default=216" "Mozilla/5.0 (Windows NT 10.0; Win64; x64) AppleWebKit/537.36 (KHTML, like Gecko) Chrome/78.0.3904.97 Safari/537.36" 
116.246.31.34 - - [19/Mar/2021:16:00:00 +0800] "OPTIONS /api/v1/study/module/250/homework/217/?moduleId=250&homeworkId=217 HTTP/1.1" 200 0 "https://www.luffycity.com/study/homework/250?default=216" "Mozilla/5.0 (Windows NT 10.0; Win64; x64) AppleWebKit/537.36 (KHTML, like Gecko) Chrome/78.0.3904.97 Safari/537.36" 
116.246.31.34 - - [19/Mar/2021:16:00:00 +0800] "GET /api/v1/survey/homework/?surveyType=homework HTTP/1.1" 200 416 "https://www.luffycity.com/study/homework/250?default=217" "Mozilla/5.0 (Windows NT 10.0; Win64; x64) AppleWebKit/537.36 (KHTML, like Gecko) Chrome/78.0.3904.97 Safari/537.36" 
116.246.31.34 - - [19/Mar/2021:16:00:01 +0800] "GET /api/v1/survey/homework/?surveyType=homework HTTP/1.1" 200 416 "https://www.luffycity.com/study/homework/250?default=216" "Mozilla/5.0 (Windows NT 10.0; Win64; x64) AppleWebKit/537.36 (KHTML, like Gecko) Chrome/78.0.3904.97 Safari/537.36" 
111.207.202.8, 39.97.49.232 - - [19/Mar/2021:16:00:05 +0800] "GET /api/v1/auth/token/ HTTP/1.1" 200 393 "https://www.luffycity.com/study/degree" "Mozilla/5.0 (Windows NT 6.1; WOW64) AppleWebKit/537.36 (KHTML, like Gecko) Chrome/89.0.4389.90 Safari/537.36" 
111.207.202.8, 39.97.49.232 - - [19/Mar/2021:16:00:05 +0800] "GET /api/v1/result/ HTTP/1.1" 200 231 "https://www.luffycity.com/study/degree" "Mozilla/5.0 (Windows NT 6.1; WOW64) AppleWebKit/537.36 (KHTML, like Gecko) Chrome/89.0.4389.90 Safari/537.36" 
111.207.202.8 - - [19/Mar/2021:16:00:05 +0800] "GET /api/v1/pay/cart/ HTTP/1.1" 200 20 "https://www.luffycity.com/" "Mozilla/5.0 (Windows NT 6.1; WOW64) AppleWebKit/537.36 (KHTML, like Gecko) Chrome/89.0.4389.90 Safari/537.36" 
116.246.31.34 - - [19/Mar/2021:16:00:19 +0800] "OPTIONS /api/v1/comment/?section_id=29632&limit=10&offset=0 HTTP/1.1" 200 0 "https://www.luffycity.com/play/29632" "Mozilla/5.0 (Windows NT 10.0; Win64; x64) AppleWebKit/537.36 (KHTML, like Gecko) Chrome/78.0.3904.97 Safari/537.36" 
116.246.31.34 - - [19/Mar/2021:16:00:19 +0800] "OPTIONS /api/v1/survey/section/29632/?sectionId=29632 HTTP/1.1" 200 0 "https://www.luffycity.com/play/29632" "Mozilla/5.0 (Windows NT 10.0; Win64; x64) AppleWebKit/537.36 (KHTML, like Gecko) Chrome/78.0.3904.97 Safari/537.36" 
116.246.31.34 - - [19/Mar/2021:16:00:19 +0800] "GET /api/v1/survey/section/29632/?sectionId=29632 HTTP/1.1" 200 10 "https://www.luffycity.com/play/29632" "Mozilla/5.0 (Windows NT 10.0; Win64; x64) AppleWebKit/537.36 (KHTML, like Gecko) Chrome/78.0.3904.97 Safari/537.36" 
116.246.31.34 - - [19/Mar/2021:16:00:20 +0800] "GET /api/v1/play/29632/?play_id=29632 HTTP/1.1" 200 395 "https://www.luffycity.com/play/29632" "Mozilla/5.0 (Windows NT 10.0; Win64; x64) AppleWebKit/537.36 (KHTML, like Gecko) Chrome/78.0.3904.97 Safari/537.36" 
116.246.31.34 - - [19/Mar/2021:16:00:21 +0800] "GET /api/v1/survey/homework/?surveyType=homework HTTP/1.1" 200 416 "https://www.luffycity.com/study/homework/250?default=216" "Mozilla/5.0 (Windows NT 10.0; Win64; x64) AppleWebKit/537.36 (KHTML, like Gecko) Chrome/78.0.3904.97 Safari/537.36" 
171.113.234.213 - - [19/Mar/2021:16:00:21 +0800] "OPTIONS /api/v1/play/sections/?section_id=29180 HTTP/1.1" 200 0 "https://www.luffycity.com/" "Mozilla/5.0 (Windows NT 6.1; Win64; x64) AppleWebKit/537.36 (KHTML, like Gecko) Chrome/88.0.4324.150 Safari/537.36" 
171.113.234.213 - - [19/Mar/2021:16:00:21 +0800] "OPTIONS /api/v1/play/29180/?play_id=29180 HTTP/1.1" 200 0 "https://www.luffycity.com/" "Mozilla/5.0 (Windows NT 6.1; Win64; x64) AppleWebKit/537.36 (KHTML, like Gecko) Chrome/88.0.4324.150 Safari/537.36" 
171.113.234.213 - - [19/Mar/2021:16:00:21 +0800] "GET /api/v1/play/sections/?section_id=29180 HTTP/1.1" 200 2211 "https://www.luffycity.com/" "Mozilla/5.0 (Windows NT 6.1; Win64; x64) AppleWebKit/537.36 (KHTML, like Gecko) Chrome/88.0.4324.150 Safari/537.36" 
171.113.234.213 - - [19/Mar/2021:16:00:21 +0800] "GET /api/v1/play/29180/?play_id=29180 HTTP/1.1" 200 420 "https://www.luffycity.com/" "Mozilla/5.0 (Windows NT 6.1; Win64; x64) AppleWebKit/537.36 (KHTML, like Gecko) Chrome/88.0.4324.150 Safari/537.36" 
59.67.0.196 - - [19/Mar/2021:16:00:25 +0800] "GET /api/v1/media/play/3bedaed4446e46c98a65b5c12868f5af/?suffix=3bedaed4446e46c98a65b5c12868f5af HTTP/1.1" 200 1826 "https://www.luffycity.com/" "Mozilla/5.0 (Windows NT 10.0; Win64; x64) AppleWebKit/537.36 (KHTML, like Gecko) Chrome/87.0.4280.141 Safari/537.36" 
116.8.5.34 - - [19/Mar/2021:16:00:26 +0800] "OPTIONS /api/v1/comment/?section_id=3075&limit=10&offset=0 HTTP/1.1" 200 0 "https://www.luffycity.com/" "Mozilla/5.0 (Windows NT 10.0; Win64; x64) AppleWebKit/537.36 (KHTML, like Gecko) Chrome/89.0.4389.90 Safari/537.36" 
116.8.5.34 - - [19/Mar/2021:16:00:26 +0800] "OPTIONS /api/v1/survey/section/3075/?sectionId=3075 HTTP/1.1" 200 0 "https://www.luffycity.com/" "Mozilla/5.0 (Windows NT 10.0; Win64; x64) AppleWebKit/537.36 (KHTML, like Gecko) Chrome/89.0.4389.90 Safari/537.36" 
116.8.5.34 - - [19/Mar/2021:16:00:26 +0800] "GET /api/v1/survey/section/3075/?sectionId=3075 HTTP/1.1" 200 10 "https://www.luffycity.com/" "Mozilla/5.0 (Windows NT 10.0; Win64; x64) AppleWebKit/537.36 (KHTML, like Gecko) Chrome/89.0.4389.90 Safari/537.36" 
116.8.5.34 - - [19/Mar/2021:16:00:26 +0800] "GET /api/v1/comment/?section_id=3075&limit=10&offset=0 HTTP/1.1" 200 1268 "https://www.luffycity.com/" "Mozilla/5.0 (Windows NT 10.0; Win64; x64) AppleWebKit/537.36 (KHTML, like Gecko) Chrome/89.0.4389.90 Safari/537.36" 
118.81.80.119 - - [19/Mar/2021:16:00:31 +0800] "OPTIONS /api/v1/study/degrees/ HTTP/1.1" 200 0 "https://www.luffycity.com/" "Mozilla/5.0 (Windows NT 10.0; Win64; x64) AppleWebKit/537.36 (KHTML, like Gecko) Chrome/89.0.4389.90 Safari/537.36" 
118.81.80.119 - - [19/Mar/2021:16:00:31 +0800] "OPTIONS /api/v1/study/data/ HTTP/1.1" 200 0 "https://www.luffycity.com/" "Mozilla/5.0 (Windows NT 10.0; Win64; x64) AppleWebKit/537.36 (KHTML, like Gecko) Chrome/89.0.4389.90 Safari/537.36" 
118.81.80.119 - - [19/Mar/2021:16:00:31 +0800] "GET /api/v1/study/degrees/ HTTP/1.1" 200 64 "https://www.luffycity.com/" "Mozilla/5.0 (Windows NT 10.0; Win64; x64) AppleWebKit/537.36 (KHTML, like Gecko) Chrome/89.0.4389.90 Safari/537.36" 
118.81.80.119 - - [19/Mar/2021:16:00:31 +0800] "GET /api/v1/auth/wechat/ HTTP/1.1" 200 232 "https://www.luffycity.com/" "Mozilla/5.0 (Windows NT 10.0; Win64; x64) AppleWebKit/537.36 (KHTML, like Gecko) Chrome/89.0.4389.90 Safari/537.36" 
118.81.80.119 - - [19/Mar/2021:16:00:32 +0800] "OPTIONS /api/v1/auth/password/login/?loginWay=password HTTP/1.1" 200 0 "https://www.luffycity.com/" "Mozilla/5.0 (Windows NT 10.0; Win64; x64) AppleWebKit/537.36 (KHTML, like Gecko) Chrome/89.0.4389.90 Safari/537.36" 
118.81.80.119 - - [19/Mar/2021:16:00:33 +0800] "OPTIONS /api/v1/auth/token/ HTTP/1.1" 200 0 "https://www.luffycity.com/" "Mozilla/5.0 (Windows NT 10.0; Win64; x64) AppleWebKit/537.36 (KHTML, like Gecko) Chrome/89.0.4389.90 Safari/537.36" 
223.104.63.14 - - [19/Mar/2021:16:00:34 +0800] "OPTIONS /api/v1/survey/section/20204/?sectionId=20204 HTTP/1.1" 200 0 "https://www.luffycity.com/" "Mozilla/5.0 (Windows NT 10.0; WOW64) AppleWebKit/537.36 (KHTML, like Gecko) Chrome/87.0.4280.88 Safari/537.36" 
223.104.63.14 - - [19/Mar/2021:16:00:34 +0800] "OPTIONS /api/v1/play/sections/?section_id=20204 HTTP/1.1" 200 0 "https://www.luffycity.com/" "Mozilla/5.0 (Windows NT 10.0; WOW64) AppleWebKit/537.36 (KHTML, like Gecko) Chrome/87.0.4280.88 Safari/537.36" 
223.104.63.14 - - [19/Mar/2021:16:00:34 +0800] "GET /api/v1/play/20204/?play_id=20204 HTTP/1.1" 200 433 "https://www.luffycity.com/" "Mozilla/5.0 (Windows NT 10.0; WOW64) AppleWebKit/537.36 (KHTML, like Gecko) Chrome/87.0.4280.88 Safari/537.36" 
223.104.63.14 - - [19/Mar/2021:16:00:34 +0800] "GET /api/v1/play/sections/?section_id=20204 HTTP/1.1" 200 18053 "https://www.luffycity.com/" "Mozilla/5.0 (Windows NT 10.0; WOW64) AppleWebKit/537.36 (KHTML, like Gecko) Chrome/87.0.4280.88 Safari/537.36" 
36.43.123.88 - - [19/Mar/2021:16:00:34 +0800] "GET /api/v1/result/offer/?resultType=offer&limit=20&offset=0 HTTP/1.1" 200 391 "https://www.luffycity.com/" "Mozilla/5.0 (Windows NT 10.0; Win64; x64) AppleWebKit/537.36 (KHTML, like Gecko) Chrome/89.0.4389.82 Safari/537.36" 
118.81.80.119, 39.97.49.232 - - [19/Mar/2021:16:00:35 +0800] "GET /api/v1/auth/token/ HTTP/1.1" 200 375 "-" "Mozilla/5.0 (Windows NT 10.0; Win64; x64) AppleWebKit/537.36 (KHTML, like Gecko) Chrome/89.0.4389.90 Safari/537.36" 
118.81.80.119 - - [19/Mar/2021:16:00:35 +0800] "GET /api/v1/study/degrees/0/mentor/?degree_id=0 HTTP/1.1" 200 137 "https://www.luffycity.com/" "Mozilla/5.0 (Windows NT 10.0; Win64; x64) AppleWebKit/537.36 (KHTML, like Gecko) Chrome/89.0.4389.90 Safari/537.36" 
118.81.80.119 - - [19/Mar/2021:16:00:35 +0800] "GET /api/v1/study/degrees/ HTTP/1.1" 200 142 "https://www.luffycity.com/" "Mozilla/5.0 (Windows NT 10.0; Win64; x64) AppleWebKit/537.36 (KHTML, like Gecko) Chrome/89.0.4389.90 Safari/537.36" 
118.81.80.119 - - [19/Mar/2021:16:00:35 +0800] "OPTIONS /api/v1/study/data/?degree_id=20 HTTP/1.1" 200 0 "https://www.luffycity.com/" "Mozilla/5.0 (Windows NT 10.0; Win64; x64) AppleWebKit/537.36 (KHTML, like Gecko) Chrome/89.0.4389.90 Safari/537.36" 
118.81.80.119 - - [19/Mar/2021:16:00:35 +0800] "GET /api/v1/study/degrees/20/mentor/?degree_id=20 HTTP/1.1" 200 218 "https://www.luffycity.com/" "Mozilla/5.0 (Windows NT 10.0; Win64; x64) AppleWebKit/537.36 (KHTML, like Gecko) Chrome/89.0.4389.90 Safari/537.36" 
118.81.80.119 - - [19/Mar/2021:16:00:36 +0800] "GET /api/v1/study/degrees/20/?degree_id=20 HTTP/1.1" 200 1114 "https://www.luffycity.com/" "Mozilla/5.0 (Windows NT 10.0; Win64; x64) AppleWebKit/537.36 (KHTML, like Gecko) Chrome/89.0.4389.90 Safari/537.36" 
36.43.123.88 - - [19/Mar/2021:16:00:37 +0800] "GET /api/v1/result/offer/?resultType=offer&limit=20&offset=20 HTTP/1.1" 200 386 "https://www.luffycity.com/" "Mozilla/5.0 (Windows NT 10.0; Win64; x64) AppleWebKit/537.36 (KHTML, like Gecko) Chrome/89.0.4389.82 Safari/537.36" 
36.43.123.88 - - [19/Mar/2021:16:00:39 +0800] "GET /api/v1/result/offer/?resultType=offer&limit=20&offset=40 HTTP/1.1" 200 379 "https://www.luffycity.com/" "Mozilla/5.0 (Windows NT 10.0; Win64; x64) AppleWebKit/537.36 (KHTML, like Gecko) Chrome/89.0.4389.82 Safari/537.36" 
116.246.31.34 - - [19/Mar/2021:16:00:39 +0800] "GET /api/v1/study/module/250/homework/217/?moduleId=250&homeworkId=217 HTTP/1.1" 200 1123 "https://www.luffycity.com/study/homework/250?default=216" "Mozilla/5.0 (Windows NT 10.0; Win64; x64) AppleWebKit/537.36 (KHTML, like Gecko) Chrome/78.0.3904.97 Safari/537.36" 
36.43.123.88 - - [19/Mar/2021:16:00:41 +0800] "GET /api/v1/result/offer/?resultType=offer&limit=20&offset=60 HTTP/1.1" 200 440 "https://www.luffycity.com/" "Mozilla/5.0 (Windows NT 10.0; Win64; x64) AppleWebKit/537.36 (KHTML, like Gecko) Chrome/89.0.4389.82 Safari/537.36" 
202.105.31.147, 39.97.49.232 - - [19/Mar/2021:16:00:48 +0800] "GET /api/v1/auth/token/ HTTP/1.1" 200 29 "https://book.apeland.cn/" "Mozilla/5.0 (X11; Linux x86_64) AppleWebKit/537.36 (KHTML, like Gecko) Chrome/89.0.4389.82 Safari/537.36" 
202.105.31.147, 39.97.49.232 - - [19/Mar/2021:16:00:48 +0800] "GET /api/v1/result/ HTTP/1.1" 200 231 "https://book.apeland.cn/" "Mozilla/5.0 (X11; Linux x86_64) AppleWebKit/537.36 (KHTML, like Gecko) Chrome/89.0.4389.82 Safari/537.36" 
202.105.31.147, 39.97.49.232 - - [19/Mar/2021:16:00:48 +0800] "GET /api/v1/course/actual/?limit=3 HTTP/1.1" 200 2342 "https://book.apeland.cn/" "Mozilla/5.0 (X11; Linux x86_64) AppleWebKit/537.36 (KHTML, like Gecko) Chrome/89.0.4389.82 Safari/537.36" 
202.105.31.147, 39.97.49.232 - - [19/Mar/2021:16:00:48 +0800] "GET /api/v1/course/home-free/?limit=3 HTTP/1.1" 200 865 "https://book.apeland.cn/" "Mozilla/5.0 (X11; Linux x86_64) AppleWebKit/537.36 (KHTML, like Gecko) Chrome/89.0.4389.82 Safari/537.36" 
202.105.31.147 - - [19/Mar/2021:16:00:50 +0800] "OPTIONS /api/v1/result/enroll/?resultType=enroll&limit=2 HTTP/1.1" 200 0 "https://www.luffycity.com/" "Mozilla/5.0 (X11; Linux x86_64) AppleWebKit/537.36 (KHTML, like Gecko) Chrome/89.0.4389.82 Safari/537.36" 
36.43.123.88 - - [19/Mar/2021:16:00:50 +0800] "GET /api/v1/result/offer/?resultType=offer&limit=20&offset=80 HTTP/1.1" 200 336 "https://www.luffycity.com/" "Mozilla/5.0 (Windows NT 10.0; Win64; x64) AppleWebKit/537.36 (KHTML, like Gecko) Chrome/89.0.4389.82 Safari/537.36" 
36.43.123.88 - - [19/Mar/2021:16:00:52 +0800] "GET /api/v1/result/offer/?resultType=offer&limit=20&offset=100 HTTP/1.1" 200 480 "https://www.luffycity.com/" "Mozilla/5.0 (Windows NT 10.0; Win64; x64) AppleWebKit/537.36 (KHTML, like Gecko) Chrome/89.0.4389.82 Safari/537.36" 
36.43.123.88 - - [19/Mar/2021:16:01:01 +0800] "GET /api/v1/result/offer/?resultType=offer&limit=20&offset=120 HTTP/1.1" 200 549 "https://www.luffycity.com/" "Mozilla/5.0 (Windows NT 10.0; Win64; x64) AppleWebKit/537.36 (KHTML, like Gecko) Chrome/89.0.4389.82 Safari/537.36" 
36.43.123.88 - - [19/Mar/2021:16:01:04 +0800] "GET /api/v1/result/offer/?resultType=offer&limit=20&offset=140 HTTP/1.1" 200 699 "https://www.luffycity.com/" "Mozilla/5.0 (Windows NT 10.0; Win64; x64) AppleWebKit/537.36 (KHTML, like Gecko) Chrome/89.0.4389.82 Safari/537.36" 
218.2.200.244 - - [19/Mar/2021:16:01:05 +0800] "OPTIONS /api/v1/play/sections/?section_id=7171 HTTP/1.1" 200 0 "https://www.luffycity.com/" "Mozilla/5.0 (Windows NT 10.0; Win64; x64) AppleWebKit/537.36 (KHTML, like Gecko) Chrome/87.0.4280.88 Safari/537.36" 
218.2.200.244 - - [19/Mar/2021:16:01:05 +0800] "OPTIONS /api/v1/play/7171/?play_id=7171 HTTP/1.1" 200 0 "https://www.luffycity.com/" "Mozilla/5.0 (Windows NT 10.0; Win64; x64) AppleWebKit/537.36 (KHTML, like Gecko) Chrome/87.0.4280.88 Safari/537.36" 
218.2.200.244 - - [19/Mar/2021:16:01:06 +0800] "GET /api/v1/play/sections/?section_id=7171 HTTP/1.1" 200 8642 "https://www.luffycity.com/" "Mozilla/5.0 (Windows NT 10.0; Win64; x64) AppleWebKit/537.36 (KHTML, like Gecko) Chrome/87.0.4280.88 Safari/537.36" 
218.2.200.244 - - [19/Mar/2021:16:01:06 +0800] "GET /api/v1/comment/?section_id=7171&limit=10&offset=0 HTTP/1.1" 200 1707 "https://www.luffycity.com/" "Mozilla/5.0 (Windows NT 10.0; Win64; x64) AppleWebKit/537.36 (KHTML, like Gecko) Chrome/87.0.4280.88 Safari/537.36" 
59.67.0.196 - - [19/Mar/2021:16:01:09 +0800] "OPTIONS /api/v1/result/enroll/?resultType=enroll&limit=5&offset=-5 HTTP/1.1" 200 0 "https://www.luffycity.com/" "Mozilla/5.0 (Windows NT 10.0; Win64; x64) AppleWebKit/537.36 (KHTML, like Gecko) Chrome/87.0.4280.141 Safari/537.36" 
36.43.123.88 - - [19/Mar/2021:16:01:12 +0800] "GET /api/v1/result/speech/?resultType=speech&limit=10&offset=NaN HTTP/1.1" 200 13137 "https://www.luffycity.com/" "Mozilla/5.0 (Windows NT 10.0; Win64; x64) AppleWebKit/537.36 (KHTML, like Gecko) Chrome/89.0.4389.82 Safari/537.36" 
125.85.204.202 - - [19/Mar/2021:16:01:14 +0800] "GET /api/v1/play/19434/?play_id=19434 HTTP/1.1" 200 402 "https://m.luffycity.com/play/19433" "Mozilla/5.0 (Linux; U; Android 9; zh-cn; MI CC 9e Build/PKQ1.190416.001) AppleWebKit/537.36 (KHTML, like Gecko) Version/4.0 Chrome/79.0.3945.147 Mobile Safari/537.36 XiaoMi/MiuiBrowser/14.1.18" 
125.85.204.202 - - [19/Mar/2021:16:01:14 +0800] "GET /api/v1/play/19434/?play_id=19434 HTTP/1.1" 200 402 "https://m.luffycity.com/play/19434" "Mozilla/5.0 (Linux; U; Android 9; zh-cn; MI CC 9e Build/PKQ1.190416.001) AppleWebKit/537.36 (KHTML, like Gecko) Version/4.0 Chrome/79.0.3945.147 Mobile Safari/537.36 XiaoMi/MiuiBrowser/14.1.18" 
36.43.123.88 - - [19/Mar/2021:16:01:15 +0800] "GET /api/v1/result/note/?resultType=note&limit=20&offset=0 HTTP/1.1" 200 481 "https://www.luffycity.com/" "Mozilla/5.0 (Windows NT 10.0; Win64; x64) AppleWebKit/537.36 (KHTML, like Gecko) Chrome/89.0.4389.82 Safari/537.36" 
59.67.0.196 - - [19/Mar/2021:16:01:18 +0800] "OPTIONS /api/v1/result/offer/?resultType=offer&limit=20&offset=0 HTTP/1.1" 200 0 "https://www.luffycity.com/" "Mozilla/5.0 (Windows NT 10.0; Win64; x64) AppleWebKit/537.36 (KHTML, like Gecko) Chrome/87.0.4280.141 Safari/537.36" 
59.67.0.196 - - [19/Mar/2021:16:01:19 +0800] "OPTIONS /api/v1/result/speech/?resultType=speech&limit=10&offset=NaN HTTP/1.1" 200 0 "https://www.luffycity.com/" "Mozilla/5.0 (Windows NT 10.0; Win64; x64) AppleWebKit/537.36 (KHTML, like Gecko) Chrome/87.0.4280.141 Safari/537.36" 
59.67.0.196 - - [19/Mar/2021:16:01:23 +0800] "OPTIONS /api/v1/result/note/?resultType=note&limit=20&offset=0 HTTP/1.1" 200 0 "https://www.luffycity.com/" "Mozilla/5.0 (Windows NT 10.0; Win64; x64) AppleWebKit/537.36 (KHTML, like Gecko) Chrome/87.0.4280.141 Safari/537.36" 
36.43.123.88 - - [19/Mar/2021:16:01:23 +0800] "GET /api/v1/result/homework/?resultType=homework&limit=10&offset=NaN&degree_id=1 HTTP/1.1" 200 4209 "https://www.luffycity.com/" "Mozilla/5.0 (Windows NT 10.0; Win64; x64) AppleWebKit/537.36 (KHTML, like Gecko) Chrome/89.0.4389.82 Safari/537.36" 
59.67.0.196 - - [19/Mar/2021:16:01:26 +0800] "OPTIONS /api/v1/result/homework/?resultType=homework&limit=10&offset=NaN&degree_id=1 HTTP/1.1" 200 0 "https://www.luffycity.com/" "Mozilla/5.0 (Windows NT 10.0; Win64; x64) AppleWebKit/537.36 (KHTML, like Gecko) Chrome/87.0.4280.141 Safari/537.36" 
59.67.0.196 - - [19/Mar/2021:16:01:27 +0800] "GET /api/v1/result/homework/?resultType=homework&limit=10&offset=NaN&degree_id=1 HTTP/1.1" 200 4209 "https://www.luffycity.com/" "Mozilla/5.0 (Windows NT 10.0; Win64; x64) AppleWebKit/537.36 (KHTML, like Gecko) Chrome/87.0.4280.141 Safari/537.36" 
36.43.123.88 - - [19/Mar/2021:16:01:29 +0800] "OPTIONS /api/v1/result/homework/?resultType=homework&limit=10&offset=NaN&degree_id=2 HTTP/1.1" 200 0 "https://www.luffycity.com/" "Mozilla/5.0 (Windows NT 10.0; Win64; x64) AppleWebKit/537.36 (KHTML, like Gecko) Chrome/89.0.4389.82 Safari/537.36" 
111.207.202.8, 39.97.49.232 - - [19/Mar/2021:16:01:30 +0800] "GET /api/v1/result/ HTTP/1.1" 200 231 "-" "Mozilla/5.0 (Windows NT 6.1; WOW64) AppleWebKit/537.36 (KHTML, like Gecko) Chrome/89.0.4389.90 Safari/537.36" 
111.207.202.8, 39.97.49.232 - - [19/Mar/2021:16:01:36 +0800] "GET /api/v1/auth/token/ HTTP/1.1" 200 393 "-" "Mozilla/5.0 (Windows NT 6.1; WOW64) AppleWebKit/537.36 (KHTML, like Gecko) Chrome/89.0.4389.90 Safari/537.36" 
111.207.202.8, 39.97.49.232 - - [19/Mar/2021:16:01:37 +0800] "GET /api/v1/auth/token/ HTTP/1.1" 200 393 "-" "Mozilla/5.0 (Windows NT 6.1; WOW64) AppleWebKit/537.36 (KHTML, like Gecko) Chrome/89.0.4389.90 Safari/537.36" 
111.207.202.8, 39.97.49.232 - - [19/Mar/2021:16:01:37 +0800] "GET /api/v1/result/ HTTP/1.1" 200 231 "-" "Mozilla/5.0 (Windows NT 6.1; WOW64) AppleWebKit/537.36 (KHTML, like Gecko) Chrome/89.0.4389.90 Safari/537.36" 
39.188.209.211 - - [19/Mar/2021:16:01:39 +0800] "POST /api/v1/survey/section/30884/?sectionId=30884 HTTP/1.1" 200 10 "https://www.luffycity.com/play/30884" "Mozilla/5.0 (Macintosh; Intel Mac OS X 10_15_7) AppleWebKit/605.1.15 (KHTML, like Gecko) Version/13.1.3 Safari/605.1.15" 
39.188.209.211 - - [19/Mar/2021:16:01:41 +0800] "OPTIONS /api/v1/comment/?section_id=30885&limit=10&offset=0 HTTP/1.1" 200 0 "https://www.luffycity.com/" "Mozilla/5.0 (Macintosh; Intel Mac OS X 10_15_7) AppleWebKit/605.1.15 (KHTML, like Gecko) Version/13.1.3 Safari/605.1.15" 
39.188.209.211 - - [19/Mar/2021:16:01:41 +0800] "OPTIONS /api/v1/survey/section/30885/?sectionId=30885 HTTP/1.1" 200 0 "https://www.luffycity.com/" "Mozilla/5.0 (Macintosh; Intel Mac OS X 10_15_7) AppleWebKit/605.1.15 (KHTML, like Gecko) Version/13.1.3 Safari/605.1.15" 
39.188.209.211 - - [19/Mar/2021:16:01:41 +0800] "GET /api/v1/survey/section/30885/?sectionId=30885 HTTP/1.1" 200 10 "https://www.luffycity.com/play/30885" "Mozilla/5.0 (Macintosh; Intel Mac OS X 10_15_7) AppleWebKit/605.1.15 (KHTML, like Gecko) Version/13.1.3 Safari/605.1.15" 
39.188.209.211 - - [19/Mar/2021:16:01:41 +0800] "GET /api/v1/play/30885/?play_id=30885 HTTP/1.1" 200 417 "https://www.luffycity.com/play/30885" "Mozilla/5.0 (Macintosh; Intel Mac OS X 10_15_7) AppleWebKit/605.1.15 (KHTML, like Gecko) Version/13.1.3 Safari/605.1.15" 
111.207.202.8, 39.97.49.232 - - [19/Mar/2021:16:01:42 +0800] "GET /api/v1/result/ HTTP/1.1" 200 231 "-" "Mozilla/5.0 (Windows NT 6.1; WOW64) AppleWebKit/537.36 (KHTML, like Gecko) Chrome/89.0.4389.90 Safari/537.36" 
202.108.219.14 - - [19/Mar/2021:16:01:43 +0800] "OPTIONS /api/v1/play/sections/?section_id=31298 HTTP/1.1" 200 0 "https://www.luffycity.com/" "Mozilla/5.0 (Windows NT 10.0; Win64; x64) AppleWebKit/537.36 (KHTML, like Gecko) Chrome/89.0.4389.90 Safari/537.36 Edg/89.0.774.54" 
202.108.219.14 - - [19/Mar/2021:16:01:43 +0800] "OPTIONS /api/v1/play/31298/?play_id=31298 HTTP/1.1" 200 0 "https://www.luffycity.com/" "Mozilla/5.0 (Windows NT 10.0; Win64; x64) AppleWebKit/537.36 (KHTML, like Gecko) Chrome/89.0.4389.90 Safari/537.36 Edg/89.0.774.54" 
202.108.219.14 - - [19/Mar/2021:16:01:44 +0800] "GET /api/v1/survey/section/31298/?sectionId=31298 HTTP/1.1" 200 10 "https://www.luffycity.com/" "Mozilla/5.0 (Windows NT 10.0; Win64; x64) AppleWebKit/537.36 (KHTML, like Gecko) Chrome/89.0.4389.90 Safari/537.36 Edg/89.0.774.54" 
202.108.219.14 - - [19/Mar/2021:16:01:44 +0800] "GET /api/v1/play/sections/?section_id=31298 HTTP/1.1" 200 5867 "https://www.luffycity.com/" "Mozilla/5.0 (Windows NT 10.0; Win64; x64) AppleWebKit/537.36 (KHTML, like Gecko) Chrome/89.0.4389.90 Safari/537.36 Edg/89.0.774.54" 
36.43.123.88 - - [19/Mar/2021:16:01:44 +0800] "OPTIONS /api/v1/result/offer/?resultType=offer&limit=20&offset=160 HTTP/1.1" 200 0 "https://www.luffycity.com/" "Mozilla/5.0 (Windows NT 10.0; Win64; x64) AppleWebKit/537.36 (KHTML, like Gecko) Chrome/89.0.4389.82 Safari/537.36" 
36.43.123.88 - - [19/Mar/2021:16:01:44 +0800] "GET /api/v1/result/offer/?resultType=offer&limit=20&offset=160 HTTP/1.1" 200 603 "https://www.luffycity.com/" "Mozilla/5.0 (Windows NT 10.0; Win64; x64) AppleWebKit/537.36 (KHTML, like Gecko) Chrome/89.0.4389.82 Safari/537.36" 
223.96.149.97, 39.97.49.232 - - [19/Mar/2021:16:01:48 +0800] "GET /api/v1/auth/token/ HTTP/1.1" 200 400 "https://www.luffycity.com/" "Mozilla/5.0 (Windows NT 10.0; Win64; x64) AppleWebKit/537.36 (KHTML, like Gecko) Chrome/89.0.4389.90 Safari/537.36" 
223.96.149.97, 39.97.49.232 - - [19/Mar/2021:16:01:48 +0800] "GET /api/v1/result/ HTTP/1.1" 200 231 "https://www.luffycity.com/" "Mozilla/5.0 (Windows NT 10.0; Win64; x64) AppleWebKit/537.36 (KHTML, like Gecko) Chrome/89.0.4389.90 Safari/537.36" 
116.246.31.34 - - [19/Mar/2021:16:01:49 +0800] "OPTIONS /api/v1/study/module/250/homework/218/?moduleId=250&homeworkId=218 HTTP/1.1" 200 0 "https://www.luffycity.com/study/homework/250?default=217" "Mozilla/5.0 (Windows NT 10.0; Win64; x64) AppleWebKit/537.36 (KHTML, like Gecko) Chrome/78.0.3904.97 Safari/537.36" 
116.246.31.34 - - [19/Mar/2021:16:01:49 +0800] "GET /api/v1/survey/homework/?surveyType=homework HTTP/1.1" 200 416 "https://www.luffycity.com/study/homework/250?default=218" "Mozilla/5.0 (Windows NT 10.0; Win64; x64) AppleWebKit/537.36 (KHTML, like Gecko) Chrome/78.0.3904.97 Safari/537.36" 
223.96.149.97 - - [19/Mar/2021:16:01:49 +0800] "OPTIONS /api/v1/play/14658/?play_id=14658 HTTP/1.1" 200 0 "https://www.luffycity.com/" "Mozilla/5.0 (Windows NT 10.0; Win64; x64) AppleWebKit/537.36 (KHTML, like Gecko) Chrome/89.0.4389.90 Safari/537.36" 
223.96.149.97 - - [19/Mar/2021:16:01:49 +0800] "OPTIONS /api/v1/survey/section/14658/?sectionId=14658 HTTP/1.1" 200 0 "https://www.luffycity.com/" "Mozilla/5.0 (Windows NT 10.0; Win64; x64) AppleWebKit/537.36 (KHTML, like Gecko) Chrome/89.0.4389.90 Safari/537.36" 
223.96.149.97 - - [19/Mar/2021:16:01:49 +0800] "GET /api/v1/survey/section/14658/?sectionId=14658 HTTP/1.1" 200 10 "https://www.luffycity.com/" "Mozilla/5.0 (Windows NT 10.0; Win64; x64) AppleWebKit/537.36 (KHTML, like Gecko) Chrome/89.0.4389.90 Safari/537.36" 
223.96.149.97 - - [19/Mar/2021:16:01:49 +0800] "GET /api/v1/play/sections/?section_id=14658 HTTP/1.1" 200 2070 "https://www.luffycity.com/" "Mozilla/5.0 (Windows NT 10.0; Win64; x64) AppleWebKit/537.36 (KHTML, like Gecko) Chrome/89.0.4389.90 Safari/537.36" 
59.67.0.196 - - [19/Mar/2021:16:01:52 +0800] "OPTIONS /api/v1/result/homework/?resultType=homework&limit=10&offset=10&degree_id=1 HTTP/1.1" 200 0 "https://www.luffycity.com/" "Mozilla/5.0 (Windows NT 10.0; Win64; x64) AppleWebKit/537.36 (KHTML, like Gecko) Chrome/87.0.4280.141 Safari/537.36" 
183.252.216.231 - - [19/Mar/2021:16:01:57 +0800] "OPTIONS /api/v1/comment/?section_id=30860&limit=10&offset=0 HTTP/1.1" 200 0 "https://www.luffycity.com/play/30860" "Mozilla/5.0 (Windows NT 10.0; Win64; x64; rv:86.0) Gecko/20100101 Firefox/86.0" 
183.252.216.231 - - [19/Mar/2021:16:01:57 +0800] "OPTIONS /api/v1/survey/section/30860/?sectionId=30860 HTTP/1.1" 200 0 "https://www.luffycity.com/play/30860" "Mozilla/5.0 (Windows NT 10.0; Win64; x64; rv:86.0) Gecko/20100101 Firefox/86.0" 
183.252.216.231 - - [19/Mar/2021:16:01:57 +0800] "GET /api/v1/survey/section/30860/?sectionId=30860 HTTP/1.1" 200 10 "https://www.luffycity.com/play/30860" "Mozilla/5.0 (Windows NT 10.0; Win64; x64; rv:86.0) Gecko/20100101 Firefox/86.0" 
183.252.216.231 - - [19/Mar/2021:16:01:57 +0800] "GET /api/v1/comment/?section_id=30860&limit=10&offset=0 HTTP/1.1" 200 1643 "https://www.luffycity.com/play/30860" "Mozilla/5.0 (Windows NT 10.0; Win64; x64; rv:86.0) Gecko/20100101 Firefox/86.0" 
58.248.180.221, 39.97.49.232 - - [19/Mar/2021:16:01:58 +0800] "GET /api/v1/auth/token/ HTTP/1.1" 200 29 "https://v3.bootcss.com/" "Mozilla/5.0 (Windows NT 10.0; Win64; x64) AppleWebKit/537.36 (KHTML, like Gecko) Chrome/89.0.4389.90 Safari/537.36" 
58.248.180.221, 39.97.49.232 - - [19/Mar/2021:16:01:58 +0800] "GET /api/v1/result/ HTTP/1.1" 200 231 "https://v3.bootcss.com/" "Mozilla/5.0 (Windows NT 10.0; Win64; x64) AppleWebKit/537.36 (KHTML, like Gecko) Chrome/89.0.4389.90 Safari/537.36" 
58.248.180.221 - - [19/Mar/2021:16:01:59 +0800] "OPTIONS /api/v1/activity/survey/?course_id=256 HTTP/1.1" 200 0 "https://www.luffycity.com/" "Mozilla/5.0 (Windows NT 10.0; Win64; x64) AppleWebKit/537.36 (KHTML, like Gecko) Chrome/89.0.4389.90 Safari/537.36" 
120.244.224.203 - - [19/Mar/2021:16:02:02 +0800] "OPTIONS /api/v1/survey/section/30816/?sectionId=30816 HTTP/1.1" 200 0 "https://www.luffycity.com/play/30816" "Mozilla/5.0 (Windows NT 10.0; Win64; x64) AppleWebKit/537.36 (KHTML, like Gecko) Chrome/70.0.3538.102 Safari/537.36 Edge/18.18362" 
116.246.31.34 - - [19/Mar/2021:16:02:02 +0800] "GET /api/v1/study/module/250/homework/219/?moduleId=250&homeworkId=219 HTTP/1.1" 200 763 "https://www.luffycity.com/study/homework/250?default=219" "Mozilla/5.0 (Windows NT 10.0; Win64; x64) AppleWebKit/537.36 (KHTML, like Gecko) Chrome/78.0.3904.97 Safari/537.36" 
116.246.31.34 - - [19/Mar/2021:16:02:03 +0800] "GET /api/v1/study/module/250/homework/218/?moduleId=250&homeworkId=218 HTTP/1.1" 200 792 "https://www.luffycity.com/study/homework/250?default=219" "Mozilla/5.0 (Windows NT 10.0; Win64; x64) AppleWebKit/537.36 (KHTML, like Gecko) Chrome/78.0.3904.97 Safari/537.36" 
116.246.31.34 - - [19/Mar/2021:16:02:04 +0800] "GET /api/v1/study/module/250/homework/217/?moduleId=250&homeworkId=217 HTTP/1.1" 200 1123 "https://www.luffycity.com/study/homework/250?default=218" "Mozilla/5.0 (Windows NT 10.0; Win64; x64) AppleWebKit/537.36 (KHTML, like Gecko) Chrome/78.0.3904.97 Safari/537.36" 
116.246.31.34 - - [19/Mar/2021:16:02:04 +0800] "GET /api/v1/study/module/250/homework/216/?moduleId=250&homeworkId=216 HTTP/1.1" 200 826 "https://www.luffycity.com/study/homework/250?default=217" "Mozilla/5.0 (Windows NT 10.0; Win64; x64) AppleWebKit/537.36 (KHTML, like Gecko) Chrome/78.0.3904.97 Safari/537.36" 
116.246.31.34 - - [19/Mar/2021:16:02:04 +0800] "GET /api/v1/study/module/250/homework/217/?moduleId=250&homeworkId=217 HTTP/1.1" 200 1123 "https://www.luffycity.com/study/homework/250?default=216" "Mozilla/5.0 (Windows NT 10.0; Win64; x64) AppleWebKit/537.36 (KHTML, like Gecko) Chrome/78.0.3904.97 Safari/537.36" 
116.246.31.34 - - [19/Mar/2021:16:02:05 +0800] "GET /api/v1/study/module/250/homework/218/?moduleId=250&homeworkId=218 HTTP/1.1" 200 792 "https://www.luffycity.com/study/homework/250?default=217" "Mozilla/5.0 (Windows NT 10.0; Win64; x64) AppleWebKit/537.36 (KHTML, like Gecko) Chrome/78.0.3904.97 Safari/537.36" 
49.7.21.82, 39.97.49.232 - - [19/Mar/2021:16:02:07 +0800] "GET /api/v1/course/degree/ HTTP/1.1" 200 949 "-" "Sogou web spider/4.0(+http://www.sogou.com/docs/help/webmasters.htm#07)" 
36.43.123.88 - - [19/Mar/2021:16:02:07 +0800] "GET /api/v1/result/homework/?resultType=homework&limit=10&offset=20&degree_id=2 HTTP/1.1" 200 3892 "https://www.luffycity.com/" "Mozilla/5.0 (Windows NT 10.0; Win64; x64) AppleWebKit/537.36 (KHTML, like Gecko) Chrome/89.0.4389.82 Safari/537.36" 
36.43.123.88 - - [19/Mar/2021:16:02:08 +0800] "OPTIONS /api/v1/result/note/?resultType=note&limit=20&offset=40 HTTP/1.1" 200 0 "https://www.luffycity.com/" "Mozilla/5.0 (Windows NT 10.0; Win64; x64) AppleWebKit/537.36 (KHTML, like Gecko) Chrome/89.0.4389.82 Safari/537.36" 
36.43.123.88 - - [19/Mar/2021:16:02:09 +0800] "GET /api/v1/result/note/?resultType=note&limit=20&offset=40 HTTP/1.1" 200 693 "https://www.luffycity.com/" "Mozilla/5.0 (Windows NT 10.0; Win64; x64) AppleWebKit/537.36 (KHTML, like Gecko) Chrome/89.0.4389.82 Safari/537.36" 
36.43.123.88 - - [19/Mar/2021:16:02:10 +0800] "GET /api/v1/result/homework/?resultType=homework&limit=10&offset=70&degree_id=2 HTTP/1.1" 200 3461 "https://www.luffycity.com/" "Mozilla/5.0 (Windows NT 10.0; Win64; x64) AppleWebKit/537.36 (KHTML, like Gecko) Chrome/89.0.4389.82 Safari/537.36" 
183.211.6.197 - - [19/Mar/2021:16:02:10 +0800] "OPTIONS /api/v1/play/sections/?section_id=30915 HTTP/1.1" 200 0 "https://www.luffycity.com/" "Mozilla/5.0 (Macintosh; Intel Mac OS X 10_14_6) AppleWebKit/537.36 (KHTML, like Gecko) Chrome/89.0.4389.90 Safari/537.36" 
183.211.6.197 - - [19/Mar/2021:16:02:10 +0800] "OPTIONS /api/v1/play/30915/?play_id=30915 HTTP/1.1" 200 0 "https://www.luffycity.com/" "Mozilla/5.0 (Macintosh; Intel Mac OS X 10_14_6) AppleWebKit/537.36 (KHTML, like Gecko) Chrome/89.0.4389.90 Safari/537.36" 
183.211.6.197 - - [19/Mar/2021:16:02:10 +0800] "GET /api/v1/play/sections/?section_id=30915 HTTP/1.1" 200 3292 "https://www.luffycity.com/" "Mozilla/5.0 (Macintosh; Intel Mac OS X 10_14_6) AppleWebKit/537.36 (KHTML, like Gecko) Chrome/89.0.4389.90 Safari/537.36" 
183.211.6.197 - - [19/Mar/2021:16:02:10 +0800] "GET /api/v1/play/30915/?play_id=30915 HTTP/1.1" 200 405 "https://www.luffycity.com/" "Mozilla/5.0 (Macintosh; Intel Mac OS X 10_14_6) AppleWebKit/537.36 (KHTML, like Gecko) Chrome/89.0.4389.90 Safari/537.36" 
36.43.123.88 - - [19/Mar/2021:16:02:14 +0800] "OPTIONS /api/v1/result/note/?resultType=note&limit=20&offset=60 HTTP/1.1" 200 0 "https://www.luffycity.com/" "Mozilla/5.0 (Windows NT 10.0; Win64; x64) AppleWebKit/537.36 (KHTML, like Gecko) Chrome/89.0.4389.82 Safari/537.36" 
36.43.123.88 - - [19/Mar/2021:16:02:14 +0800] "GET /api/v1/result/note/?resultType=note&limit=20&offset=60 HTTP/1.1" 200 642 "https://www.luffycity.com/" "Mozilla/5.0 (Windows NT 10.0; Win64; x64) AppleWebKit/537.36 (KHTML, like Gecko) Chrome/89.0.4389.82 Safari/537.36" 
221.4.172.34 - - [19/Mar/2021:16:02:18 +0800] "OPTIONS /api/v1/play/sections/?section_id=28451 HTTP/1.1" 200 0 "https://www.luffycity.com/" "Mozilla/5.0 (Windows NT 10.0; WOW64) AppleWebKit/537.36 (KHTML, like Gecko) Chrome/87.0.4280.66 Safari/537.36" 
221.4.172.34 - - [19/Mar/2021:16:02:18 +0800] "OPTIONS /api/v1/play/28451/?play_id=28451 HTTP/1.1" 200 0 "https://www.luffycity.com/" "Mozilla/5.0 (Windows NT 10.0; WOW64) AppleWebKit/537.36 (KHTML, like Gecko) Chrome/87.0.4280.66 Safari/537.36" 
221.4.172.34 - - [19/Mar/2021:16:02:18 +0800] "GET /api/v1/play/sections/?section_id=28451 HTTP/1.1" 200 2924 "https://www.luffycity.com/" "Mozilla/5.0 (Windows NT 10.0; WOW64) AppleWebKit/537.36 (KHTML, like Gecko) Chrome/87.0.4280.66 Safari/537.36" 
221.4.172.34 - - [19/Mar/2021:16:02:18 +0800] "GET /api/v1/play/28451/?play_id=28451 HTTP/1.1" 200 411 "https://www.luffycity.com/" "Mozilla/5.0 (Windows NT 10.0; WOW64) AppleWebKit/537.36 (KHTML, like Gecko) Chrome/87.0.4280.66 Safari/537.36" 
59.78.22.142, 39.97.49.232 - - [19/Mar/2021:16:02:19 +0800] "GET /api/v1/auth/token/ HTTP/1.1" 200 29 "http://c.biancheng.net/" "Mozilla/5.0 (Windows NT 10.0; Win64; x64) AppleWebKit/537.36 (KHTML, like Gecko) Chrome/89.0.4389.90 Safari/537.36 Edg/89.0.774.54" 
59.78.22.142, 39.97.49.232 - - [19/Mar/2021:16:02:19 +0800] "GET /api/v1/result/ HTTP/1.1" 200 231 "http://c.biancheng.net/" "Mozilla/5.0 (Windows NT 10.0; Win64; x64) AppleWebKit/537.36 (KHTML, like Gecko) Chrome/89.0.4389.90 Safari/537.36 Edg/89.0.774.54" 
59.78.22.142, 39.97.49.232 - - [19/Mar/2021:16:02:19 +0800] "GET /api/v1/result/ HTTP/1.1" 200 231 "http://c.biancheng.net/" "Mozilla/5.0 (Windows NT 10.0; Win64; x64) AppleWebKit/537.36 (KHTML, like Gecko) Chrome/89.0.4389.90 Safari/537.36 Edg/89.0.774.54" 
59.78.22.142 - - [19/Mar/2021:16:02:19 +0800] "OPTIONS /api/v1/activity/survey/?course_id=252 HTTP/1.1" 200 0 "https://www.luffycity.com/" "Mozilla/5.0 (Windows NT 10.0; Win64; x64) AppleWebKit/537.36 (KHTML, like Gecko) Chrome/89.0.4389.90 Safari/537.36 Edg/89.0.774.54" 
59.78.22.142 - - [19/Mar/2021:16:02:20 +0800] "GET /api/v1/activity/survey/?course_id=252 HTTP/1.1" 200 11 "https://www.luffycity.com/" "Mozilla/5.0 (Windows NT 10.0; Win64; x64) AppleWebKit/537.36 (KHTML, like Gecko) Chrome/89.0.4389.90 Safari/537.36 Edg/89.0.774.54" 
36.43.123.88 - - [19/Mar/2021:16:02:26 +0800] "OPTIONS /api/v1/result/offer/?resultType=offer&limit=20&offset=220 HTTP/1.1" 200 0 "https://www.luffycity.com/" "Mozilla/5.0 (Windows NT 10.0; Win64; x64) AppleWebKit/537.36 (KHTML, like Gecko) Chrome/89.0.4389.82 Safari/537.36" 
36.43.123.88 - - [19/Mar/2021:16:02:26 +0800] "GET /api/v1/result/note/?resultType=note&limit=20&offset=20 HTTP/1.1" 200 527 "https://www.luffycity.com/" "Mozilla/5.0 (Windows NT 10.0; Win64; x64) AppleWebKit/537.36 (KHTML, like Gecko) Chrome/89.0.4389.82 Safari/537.36" 
36.43.123.88 - - [19/Mar/2021:16:02:26 +0800] "GET /api/v1/result/note/?resultType=note&limit=20&offset=80 HTTP/1.1" 200 533 "https://www.luffycity.com/" "Mozilla/5.0 (Windows NT 10.0; Win64; x64) AppleWebKit/537.36 (KHTML, like Gecko) Chrome/89.0.4389.82 Safari/537.36" 
36.43.123.88 - - [19/Mar/2021:16:02:30 +0800] "OPTIONS /api/v1/result/note/?resultType=note&limit=20&offset=100 HTTP/1.1" 200 0 "https://www.luffycity.com/" "Mozilla/5.0 (Windows NT 10.0; Win64; x64) AppleWebKit/537.36 (KHTML, like Gecko) Chrome/89.0.4389.82 Safari/537.36" 
36.43.123.88 - - [19/Mar/2021:16:02:30 +0800] "GET /api/v1/result/offer/?resultType=offer&limit=20&offset=240 HTTP/1.1" 200 563 "https://www.luffycity.com/" "Mozilla/5.0 (Windows NT 10.0; Win64; x64) AppleWebKit/537.36 (KHTML, like Gecko) Chrome/89.0.4389.82 Safari/537.36" 
120.244.224.203 - - [19/Mar/2021:16:02:33 +0800] "OPTIONS /api/v1/play/sections/?section_id=30817 HTTP/1.1" 200 0 "https://www.luffycity.com/play/30817" "Mozilla/5.0 (Windows NT 10.0; Win64; x64) AppleWebKit/537.36 (KHTML, like Gecko) Chrome/70.0.3538.102 Safari/537.36 Edge/18.18362" 
120.244.224.203 - - [19/Mar/2021:16:02:33 +0800] "OPTIONS /api/v1/play/30817/?play_id=30817 HTTP/1.1" 200 0 "https://www.luffycity.com/play/30817" "Mozilla/5.0 (Windows NT 10.0; Win64; x64) AppleWebKit/537.36 (KHTML, like Gecko) Chrome/70.0.3538.102 Safari/537.36 Edge/18.18362" 
120.244.224.203 - - [19/Mar/2021:16:02:33 +0800] "GET /api/v1/comment/?section_id=30817&limit=10&offset=0 HTTP/1.1" 200 1642 "https://www.luffycity.com/play/30817" "Mozilla/5.0 (Windows NT 10.0; Win64; x64) AppleWebKit/537.36 (KHTML, like Gecko) Chrome/70.0.3538.102 Safari/537.36 Edge/18.18362" 
120.244.224.203 - - [19/Mar/2021:16:02:33 +0800] "GET /api/v1/play/30817/?play_id=30817 HTTP/1.1" 200 411 "https://www.luffycity.com/play/30817" "Mozilla/5.0 (Windows NT 10.0; Win64; x64) AppleWebKit/537.36 (KHTML, like Gecko) Chrome/70.0.3538.102 Safari/537.36 Edge/18.18362" 
59.67.0.196 - - [19/Mar/2021:16:02:34 +0800] "OPTIONS /api/v1/result/homework/?resultType=homework&limit=10&offset=20&degree_id=1 HTTP/1.1" 200 0 "https://www.luffycity.com/" "Mozilla/5.0 (Windows NT 10.0; Win64; x64) AppleWebKit/537.36 (KHTML, like Gecko) Chrome/87.0.4280.141 Safari/537.36" 
