123.112.66.147 - - [18/Mar/2021:21:28:07 +0800] "OPTIONS /api/v1/comment/?section_id=20467&limit=10&offset=0 HTTP/1.1" 200 0 "https://www.luffycity.com/play/20467" "Mozilla/5.0 (Windows NT 10.0; WOW64) AppleWebKit/537.36 (KHTML, like Gecko) Chrome/80.0.3987.87 Safari/537.36 SE 2.X MetaSr 1.0" 
123.112.66.147 - - [18/Mar/2021:21:28:07 +0800] "GET /api/v1/survey/section/20467/?sectionId=20467 HTTP/1.1" 200 10 "https://www.luffycity.com/play/20467" "Mozilla/5.0 (Windows NT 10.0; WOW64) AppleWebKit/537.36 (KHTML, like Gecko) Chrome/80.0.3987.87 Safari/537.36 SE 2.X MetaSr 1.0" 
123.112.66.147 - - [18/Mar/2021:21:28:07 +0800] "GET /api/v1/comment/?section_id=20467&limit=10&offset=0 HTTP/1.1" 200 1190 "https://www.luffycity.com/play/20467" "Mozilla/5.0 (Windows NT 10.0; WOW64) AppleWebKit/537.36 (KHTML, like Gecko) Chrome/80.0.3987.87 Safari/537.36 SE 2.X MetaSr 1.0" 
221.221.51.114 - - [18/Mar/2021:21:28:13 +0800] "OPTIONS /api/v1/play/sections/?section_id=30883 HTTP/1.1" 200 0 "-" "Mozilla/5.0 (Windows NT 10.0; WOW64) AppleWebKit/537.36 (KHTML, like Gecko) Chrome/69.0.3947.100 Safari/537.36" 
221.221.51.114 - - [18/Mar/2021:21:28:13 +0800] "OPTIONS /api/v1/play/30883/?play_id=30883 HTTP/1.1" 200 0 "-" "Mozilla/5.0 (Windows NT 10.0; WOW64) AppleWebKit/537.36 (KHTML, like Gecko) Chrome/69.0.3947.100 Safari/537.36" 
221.221.51.114 - - [18/Mar/2021:21:28:13 +0800] "GET /api/v1/play/sections/?section_id=30883 HTTP/1.1" 200 3320 "https://www.luffycity.com/play/30883" "Mozilla/5.0 (Windows NT 10.0; WOW64) AppleWebKit/537.36 (KHTML, like Gecko) Chrome/69.0.3947.100 Safari/537.36" 
221.221.51.114 - - [18/Mar/2021:21:28:13 +0800] "GET /api/v1/play/30883/?play_id=30883 HTTP/1.1" 200 405 "https://www.luffycity.com/play/30883" "Mozilla/5.0 (Windows NT 10.0; WOW64) AppleWebKit/537.36 (KHTML, like Gecko) Chrome/69.0.3947.100 Safari/537.36" 
116.23.16.187, 39.97.49.232 - - [18/Mar/2021:21:28:13 +0800] "GET /api/v1/result/ HTTP/1.1" 200 232 "https://www.luffycity.com/actual-course" "Mozilla/5.0 (Windows NT 6.1; Win64; x64) AppleWebKit/537.36 (KHTML, like Gecko) Chrome/72.0.3614.0 Safari/537.36" 
116.23.16.187 - - [18/Mar/2021:21:28:14 +0800] "OPTIONS /api/v1/course/actual/147/payment/?courseType=actual&id=147 HTTP/1.1" 200 0 "https://www.luffycity.com/actual-course/147/chapter" "Mozilla/5.0 (Windows NT 6.1; Win64; x64) AppleWebKit/537.36 (KHTML, like Gecko) Chrome/72.0.3614.0 Safari/537.36" 
116.23.16.187 - - [18/Mar/2021:21:28:14 +0800] "GET /api/v1/course/actual/147/sections/?courseType=actual&id=147 HTTP/1.1" 200 1038 "https://www.luffycity.com/actual-course/147/chapter" "Mozilla/5.0 (Windows NT 6.1; Win64; x64) AppleWebKit/537.36 (KHTML, like Gecko) Chrome/72.0.3614.0 Safari/537.36" 
116.23.16.187 - - [18/Mar/2021:21:28:14 +0800] "GET /api/v1/media/play/af79a90fca954508b97f5cd393334732/?suffix=af79a90fca954508b97f5cd393334732 HTTP/1.1" 200 1775 "https://www.luffycity.com/actual-course/147/chapter" "Mozilla/5.0 (Windows NT 6.1; Win64; x64) AppleWebKit/537.36 (KHTML, like Gecko) Chrome/72.0.3614.0 Safari/537.36" 
100.8.235.7, 39.97.49.232 - - [18/Mar/2021:21:28:18 +0800] "GET /api/v1/result/ HTTP/1.1" 200 232 "https://www.luffycity.com/actual-course" "Mozilla/5.0 (Macintosh; Intel Mac OS X 10_15_7) AppleWebKit/537.36 (KHTML, like Gecko) Chrome/89.0.4389.90 Safari/537.36" 
100.8.235.7, 39.97.49.232 - - [18/Mar/2021:21:28:18 +0800] "GET /api/v1/course/degree/ HTTP/1.1" 200 949 "https://www.luffycity.com/actual-course" "Mozilla/5.0 (Macintosh; Intel Mac OS X 10_15_7) AppleWebKit/537.36 (KHTML, like Gecko) Chrome/89.0.4389.90 Safari/537.36" 
116.23.16.187 - - [18/Mar/2021:21:28:22 +0800] "GET /api/v1/auth/wechat/ HTTP/1.1" 200 232 "https://www.luffycity.com/actual-course/147/chapter" "Mozilla/5.0 (Windows NT 6.1; Win64; x64) AppleWebKit/537.36 (KHTML, like Gecko) Chrome/72.0.3614.0 Safari/537.36" 
125.36.119.65 - - [18/Mar/2021:21:28:34 +0800] "OPTIONS /api/v1/comment/?section_id=28653&limit=10&offset=0 HTTP/1.1" 200 0 "https://www.luffycity.com/" "Mozilla/5.0 (Windows NT 10.0; Win64; x64) AppleWebKit/537.36 (KHTML, like Gecko) Chrome/88.0.4324.150 Safari/537.36" 
125.36.119.65 - - [18/Mar/2021:21:28:34 +0800] "OPTIONS /api/v1/survey/section/28653/?sectionId=28653 HTTP/1.1" 200 0 "https://www.luffycity.com/" "Mozilla/5.0 (Windows NT 10.0; Win64; x64) AppleWebKit/537.36 (KHTML, like Gecko) Chrome/88.0.4324.150 Safari/537.36" 
125.36.119.65 - - [18/Mar/2021:21:28:34 +0800] "GET /api/v1/survey/section/28653/?sectionId=28653 HTTP/1.1" 200 10 "https://www.luffycity.com/" "Mozilla/5.0 (Windows NT 10.0; Win64; x64) AppleWebKit/537.36 (KHTML, like Gecko) Chrome/88.0.4324.150 Safari/537.36" 
125.36.119.65 - - [18/Mar/2021:21:28:34 +0800] "GET /api/v1/play/28653/?play_id=28653 HTTP/1.1" 200 416 "https://www.luffycity.com/" "Mozilla/5.0 (Windows NT 10.0; Win64; x64) AppleWebKit/537.36 (KHTML, like Gecko) Chrome/88.0.4324.150 Safari/537.36" 
111.196.240.83, 39.97.49.232 - - [18/Mar/2021:21:28:40 +0800] "GET /api/v1/auth/token/ HTTP/1.1" 200 29 "-" "Mozilla/5.0 (Windows NT 10.0; Win64; x64) AppleWebKit/537.36 (KHTML, like Gecko) Chrome/87.0.4280.88 Safari/537.36" 
111.196.240.83, 39.97.49.232 - - [18/Mar/2021:21:28:40 +0800] "GET /api/v1/course/home-free/?limit=3 HTTP/1.1" 200 865 "-" "Mozilla/5.0 (Windows NT 10.0; Win64; x64) AppleWebKit/537.36 (KHTML, like Gecko) Chrome/87.0.4280.88 Safari/537.36" 
111.196.240.83 - - [18/Mar/2021:21:28:40 +0800] "GET /api/v1/result/enroll/?resultType=enroll&limit=2 HTTP/1.1" 200 718 "https://www.luffycity.com/" "Mozilla/5.0 (Windows NT 10.0; Win64; x64) AppleWebKit/537.36 (KHTML, like Gecko) Chrome/87.0.4280.88 Safari/537.36" 
111.196.242.183, 39.97.49.232 - - [18/Mar/2021:21:28:47 +0800] "GET /api/v1/auth/token/ HTTP/1.1" 200 330 "-" "Mozilla/5.0 (Windows NT 10.0; Win64; x64) AppleWebKit/537.36 (KHTML, like Gecko) Chrome/89.0.4389.82 Safari/537.36" 
111.196.242.183, 39.97.49.232 - - [18/Mar/2021:21:28:48 +0800] "GET /api/v1/result/ HTTP/1.1" 200 232 "-" "Mozilla/5.0 (Windows NT 10.0; Win64; x64) AppleWebKit/537.36 (KHTML, like Gecko) Chrome/89.0.4389.82 Safari/537.36" 
111.196.242.183, 39.97.49.232 - - [18/Mar/2021:21:28:48 +0800] "GET /api/v1/index/banner/ HTTP/1.1" 200 382 "-" "Mozilla/5.0 (Windows NT 10.0; Win64; x64) AppleWebKit/537.36 (KHTML, like Gecko) Chrome/89.0.4389.82 Safari/537.36" 
111.196.242.183, 39.97.49.232 - - [18/Mar/2021:21:28:48 +0800] "GET /api/v1/course/degree/ HTTP/1.1" 200 949 "-" "Mozilla/5.0 (Windows NT 10.0; Win64; x64) AppleWebKit/537.36 (KHTML, like Gecko) Chrome/89.0.4389.82 Safari/537.36" 
175.167.217.221 - - [18/Mar/2021:21:28:48 +0800] "OPTIONS /api/v1/study/data/ HTTP/1.1" 200 0 "https://www.luffycity.com/" "Mozilla/5.0 (Windows NT 6.1; WOW64) AppleWebKit/537.36 (KHTML, like Gecko) Chrome/89.0.4389.82 Safari/537.36" 
175.167.217.221 - - [18/Mar/2021:21:28:48 +0800] "GET /api/v1/study/degrees/0/mentor/?degree_id=0 HTTP/1.1" 200 137 "https://www.luffycity.com/" "Mozilla/5.0 (Windows NT 6.1; WOW64) AppleWebKit/537.36 (KHTML, like Gecko) Chrome/89.0.4389.82 Safari/537.36" 
175.167.217.221 - - [18/Mar/2021:21:28:48 +0800] "GET /api/v1/study/degrees/ HTTP/1.1" 200 20 "https://www.luffycity.com/" "Mozilla/5.0 (Windows NT 6.1; WOW64) AppleWebKit/537.36 (KHTML, like Gecko) Chrome/89.0.4389.82 Safari/537.36" 
100.8.235.7, 39.97.49.232 - - [18/Mar/2021:21:28:49 +0800] "GET /api/v1/result/ HTTP/1.1" 200 232 "https://www.luffycity.com/employment-course" "Mozilla/5.0 (Macintosh; Intel Mac OS X 10_15_7) AppleWebKit/537.36 (KHTML, like Gecko) Chrome/89.0.4389.90 Safari/537.36" 
111.196.242.183 - - [18/Mar/2021:21:28:49 +0800] "GET /api/v1/result/enroll/?resultType=enroll&limit=2 HTTP/1.1" 200 718 "https://www.luffycity.com/" "Mozilla/5.0 (Windows NT 10.0; Win64; x64) AppleWebKit/537.36 (KHTML, like Gecko) Chrome/89.0.4389.82 Safari/537.36" 
100.8.235.7 - - [18/Mar/2021:21:28:52 +0800] "GET /api/v1/result/enroll/?resultType=enroll&limit=5&offset=-5 HTTP/1.1" 200 1325 "https://www.luffycity.com/" "Mozilla/5.0 (Macintosh; Intel Mac OS X 10_15_7) AppleWebKit/537.36 (KHTML, like Gecko) Chrome/89.0.4389.90 Safari/537.36" 
175.167.217.221 - - [18/Mar/2021:21:28:54 +0800] "GET /api/v1/study/data/ HTTP/1.1" 200 100 "https://www.luffycity.com/" "Mozilla/5.0 (Windows NT 6.1; WOW64) AppleWebKit/537.36 (KHTML, like Gecko) Chrome/89.0.4389.82 Safari/537.36" 
66.249.79.199, 39.97.49.232 - - [18/Mar/2021:21:29:10 +0800] "GET /api/v1/auth/token/ HTTP/1.1" 200 29 "-" "Mozilla/5.0 (compatible; Googlebot/2.1; +http://www.google.com/bot.html)" 
66.249.79.199, 39.97.49.232 - - [18/Mar/2021:21:29:10 +0800] "GET /api/v1/result/ HTTP/1.1" 200 232 "-" "Mozilla/5.0 (compatible; Googlebot/2.1; +http://www.google.com/bot.html)" 
203.208.60.16 - - [18/Mar/2021:21:29:20 +0800] "OPTIONS /api/v1/comment/?course_id=138&limit=10&offset=0 HTTP/1.1" 200 0 "https://www.luffycity.com/" "Mozilla/5.0 AppleWebKit/537.36 (KHTML, like Gecko; compatible; Googlebot/2.1; +http://www.google.com/bot.html) Chrome/89.0.4389.84 Safari/537.36" 
203.208.60.55 - - [18/Mar/2021:21:29:21 +0800] "GET /api/v1/comment/?course_id=138&limit=10&offset=0 HTTP/1.1" 200 1605 "https://www.luffycity.com/" "Mozilla/5.0 AppleWebKit/537.36 (KHTML, like Gecko; compatible; Googlebot/2.1; +http://www.google.com/bot.html) Chrome/89.0.4389.84 Safari/537.36" 
219.232.77.87 - - [18/Mar/2021:21:29:22 +0800] "OPTIONS /api/v1/play/sections/?section_id=12039 HTTP/1.1" 200 0 "https://www.luffycity.com/" "Mozilla/5.0 (Windows NT 10.0; Win64; x64) AppleWebKit/537.36 (KHTML, like Gecko) Chrome/89.0.4389.90 Safari/537.36 Edg/89.0.774.54" 
219.232.77.87 - - [18/Mar/2021:21:29:22 +0800] "OPTIONS /api/v1/play/12039/?play_id=12039 HTTP/1.1" 200 0 "https://www.luffycity.com/" "Mozilla/5.0 (Windows NT 10.0; Win64; x64) AppleWebKit/537.36 (KHTML, like Gecko) Chrome/89.0.4389.90 Safari/537.36 Edg/89.0.774.54" 
219.232.77.87 - - [18/Mar/2021:21:29:22 +0800] "GET /api/v1/survey/section/12039/?sectionId=12039 HTTP/1.1" 200 10 "https://www.luffycity.com/" "Mozilla/5.0 (Windows NT 10.0; Win64; x64) AppleWebKit/537.36 (KHTML, like Gecko) Chrome/89.0.4389.90 Safari/537.36 Edg/89.0.774.54" 
219.232.77.87 - - [18/Mar/2021:21:29:22 +0800] "GET /api/v1/play/12039/?play_id=12039 HTTP/1.1" 200 431 "https://www.luffycity.com/" "Mozilla/5.0 (Windows NT 10.0; Win64; x64) AppleWebKit/537.36 (KHTML, like Gecko) Chrome/89.0.4389.90 Safari/537.36 Edg/89.0.774.54" 
36.161.25.4 - - [18/Mar/2021:21:29:22 +0800] "OPTIONS /api/v1/comment/?section_id=19482&limit=10&offset=0 HTTP/1.1" 200 0 "https://www.luffycity.com/" "Mozilla/5.0 (Windows NT 10.0; Win64; x64) AppleWebKit/537.36 (KHTML, like Gecko) Chrome/89.0.4389.90 Safari/537.36 Edg/89.0.774.54" 
36.161.25.4 - - [18/Mar/2021:21:29:22 +0800] "OPTIONS /api/v1/survey/section/19482/?sectionId=19482 HTTP/1.1" 200 0 "https://www.luffycity.com/" "Mozilla/5.0 (Windows NT 10.0; Win64; x64) AppleWebKit/537.36 (KHTML, like Gecko) Chrome/89.0.4389.90 Safari/537.36 Edg/89.0.774.54" 
36.161.25.4 - - [18/Mar/2021:21:29:22 +0800] "GET /api/v1/survey/section/19482/?sectionId=19482 HTTP/1.1" 200 10 "https://www.luffycity.com/" "Mozilla/5.0 (Windows NT 10.0; Win64; x64) AppleWebKit/537.36 (KHTML, like Gecko) Chrome/89.0.4389.90 Safari/537.36 Edg/89.0.774.54" 
36.161.25.4 - - [18/Mar/2021:21:29:22 +0800] "GET /api/v1/comment/?section_id=19482&limit=10&offset=0 HTTP/1.1" 200 1241 "https://www.luffycity.com/" "Mozilla/5.0 (Windows NT 10.0; Win64; x64) AppleWebKit/537.36 (KHTML, like Gecko) Chrome/89.0.4389.90 Safari/537.36 Edg/89.0.774.54" 
100.8.235.7 - - [18/Mar/2021:21:29:25 +0800] "OPTIONS /api/v1/course/degree/2/?courseType=degree&id=2 HTTP/1.1" 200 0 "https://www.luffycity.com/" "Mozilla/5.0 (Macintosh; Intel Mac OS X 10_15_7) AppleWebKit/537.36 (KHTML, like Gecko) Chrome/89.0.4389.90 Safari/537.36" 
180.111.128.184, 39.97.49.232 - - [18/Mar/2021:21:29:27 +0800] "GET /api/v1/result/ HTTP/1.1" 200 232 "https://v3.bootcss.com/" "Mozilla/5.0 (Windows NT 10.0; Win64; x64) AppleWebKit/537.36 (KHTML, like Gecko) Chrome/89.0.4389.90 Safari/537.36" 
180.111.128.184 - - [18/Mar/2021:21:29:27 +0800] "GET /api/v1/activity/survey/?course_id=256 HTTP/1.1" 200 11 "https://www.luffycity.com/" "Mozilla/5.0 (Windows NT 10.0; Win64; x64) AppleWebKit/537.36 (KHTML, like Gecko) Chrome/89.0.4389.90 Safari/537.36" 
113.141.113.111 - - [18/Mar/2021:21:29:34 +0800] "OPTIONS /api/v1/study/module/281/homework/222/ HTTP/1.1" 200 0 "https://www.luffycity.com/" "Mozilla/5.0 (Windows NT 10.0; Win64; x64) AppleWebKit/537.36 (KHTML, like Gecko) Chrome/89.0.4389.90 Safari/537.36" 
219.232.77.87 - - [18/Mar/2021:21:29:34 +0800] "GET /api/v1/play/sections/?section_id=12039 HTTP/1.1" 200 8479 "https://www.luffycity.com/" "Mozilla/5.0 (Windows NT 10.0; Win64; x64) AppleWebKit/537.36 (KHTML, like Gecko) Chrome/89.0.4389.90 Safari/537.36 Edg/89.0.774.54" 
219.232.77.87 - - [18/Mar/2021:21:29:35 +0800] "GET /api/v1/play/12039/?play_id=12039 HTTP/1.1" 200 431 "https://www.luffycity.com/" "Mozilla/5.0 (Windows NT 10.0; Win64; x64) AppleWebKit/537.36 (KHTML, like Gecko) Chrome/89.0.4389.90 Safari/537.36 Edg/89.0.774.54" 
116.23.16.187, 39.97.49.232 - - [18/Mar/2021:21:29:42 +0800] "GET /api/v1/result/ HTTP/1.1" 200 232 "https://www.luffycity.com/actual-course" "Mozilla/5.0 (Windows NT 6.1; Win64; x64) AppleWebKit/537.36 (KHTML, like Gecko) Chrome/72.0.3614.0 Safari/537.36" 
116.23.16.187 - - [18/Mar/2021:21:29:43 +0800] "GET /api/v1/course/actual/147/sections/?courseType=actual&id=147 HTTP/1.1" 200 1038 "https://www.luffycity.com/actual-course/147/chapter" "Mozilla/5.0 (Windows NT 6.1; Win64; x64) AppleWebKit/537.36 (KHTML, like Gecko) Chrome/72.0.3614.0 Safari/537.36" 
116.23.16.187 - - [18/Mar/2021:21:29:43 +0800] "GET /api/v1/media/play/af79a90fca954508b97f5cd393334732/?suffix=af79a90fca954508b97f5cd393334732 HTTP/1.1" 200 1771 "https://www.luffycity.com/actual-course/147/chapter" "Mozilla/5.0 (Windows NT 6.1; Win64; x64) AppleWebKit/537.36 (KHTML, like Gecko) Chrome/72.0.3614.0 Safari/537.36" 
116.23.16.187 - - [18/Mar/2021:21:29:48 +0800] "GET /api/v1/comment/?course_id=147&limit=10&offset=0 HTTP/1.1" 200 1594 "https://www.luffycity.com/actual-course/147/comments" "Mozilla/5.0 (Windows NT 6.1; Win64; x64) AppleWebKit/537.36 (KHTML, like Gecko) Chrome/72.0.3614.0 Safari/537.36" 
110.152.33.105 - - [18/Mar/2021:21:29:55 +0800] "GET /api/v1/study/degrees/17/mentor/?degree_id=17 HTTP/1.1" 200 212 "https://www.luffycity.com/" "Mozilla/5.0 (Windows NT 10.0; Win64; x64) AppleWebKit/537.36 (KHTML, like Gecko) Chrome/89.0.4389.82 Safari/537.36" 
110.152.33.105 - - [18/Mar/2021:21:29:55 +0800] "GET /api/v1/study/data/ HTTP/1.1" 200 102 "https://www.luffycity.com/" "Mozilla/5.0 (Windows NT 10.0; Win64; x64) AppleWebKit/537.36 (KHTML, like Gecko) Chrome/89.0.4389.82 Safari/537.36" 
110.152.33.105 - - [18/Mar/2021:21:29:55 +0800] "GET /api/v1/study/degrees/17/?degree_id=17 HTTP/1.1" 200 975 "https://www.luffycity.com/" "Mozilla/5.0 (Windows NT 10.0; Win64; x64) AppleWebKit/537.36 (KHTML, like Gecko) Chrome/89.0.4389.82 Safari/537.36" 
222.243.156.14, 39.97.49.232 - - [18/Mar/2021:21:29:56 +0800] "GET /api/v1/auth/token/ HTTP/1.1" 200 29 "-" "Mozilla/5.0 (Windows NT 6.1; WOW64) AppleWebKit/537.36 (KHTML, like Gecko) Chrome/78.0.3904.108 Safari/537.36" 
222.243.156.14, 39.97.49.232 - - [18/Mar/2021:21:29:56 +0800] "GET /api/v1/result/ HTTP/1.1" 200 232 "-" "Mozilla/5.0 (Windows NT 6.1; WOW64) AppleWebKit/537.36 (KHTML, like Gecko) Chrome/78.0.3904.108 Safari/537.36" 
222.243.156.14, 39.97.49.232 - - [18/Mar/2021:21:29:56 +0800] "GET /api/v1/index/banner/ HTTP/1.1" 200 382 "-" "Mozilla/5.0 (Windows NT 6.1; WOW64) AppleWebKit/537.36 (KHTML, like Gecko) Chrome/78.0.3904.108 Safari/537.36" 
222.243.156.14, 39.97.49.232 - - [18/Mar/2021:21:29:56 +0800] "GET /api/v1/course/degree/ HTTP/1.1" 200 949 "-" "Mozilla/5.0 (Windows NT 6.1; WOW64) AppleWebKit/537.36 (KHTML, like Gecko) Chrome/78.0.3904.108 Safari/537.36" 
110.152.33.105 - - [18/Mar/2021:21:29:57 +0800] "GET /api/v1/study/module/degree/46647/?courseType=degree&id=46647 HTTP/1.1" 200 1426 "https://www.luffycity.com/" "Mozilla/5.0 (Windows NT 10.0; Win64; x64) AppleWebKit/537.36 (KHTML, like Gecko) Chrome/89.0.4389.82 Safari/537.36" 
222.243.156.14 - - [18/Mar/2021:21:29:58 +0800] "GET /api/v1/result/enroll/?resultType=enroll&limit=2 HTTP/1.1" 200 718 "https://www.luffycity.com/" "Mozilla/5.0 (Windows NT 6.1; WOW64) AppleWebKit/537.36 (KHTML, like Gecko) Chrome/78.0.3904.108 Safari/537.36" 
125.36.119.65 - - [18/Mar/2021:21:29:59 +0800] "OPTIONS /api/v1/comment/?section_id=28654&limit=10&offset=0 HTTP/1.1" 200 0 "https://www.luffycity.com/" "Mozilla/5.0 (Windows NT 10.0; Win64; x64) AppleWebKit/537.36 (KHTML, like Gecko) Chrome/88.0.4324.150 Safari/537.36" 
125.36.119.65 - - [18/Mar/2021:21:29:59 +0800] "OPTIONS /api/v1/survey/section/28654/?sectionId=28654 HTTP/1.1" 200 0 "https://www.luffycity.com/" "Mozilla/5.0 (Windows NT 10.0; Win64; x64) AppleWebKit/537.36 (KHTML, like Gecko) Chrome/88.0.4324.150 Safari/537.36" 
125.36.119.65 - - [18/Mar/2021:21:29:59 +0800] "GET /api/v1/survey/section/28654/?sectionId=28654 HTTP/1.1" 200 10 "https://www.luffycity.com/" "Mozilla/5.0 (Windows NT 10.0; Win64; x64) AppleWebKit/537.36 (KHTML, like Gecko) Chrome/88.0.4324.150 Safari/537.36" 
125.36.119.65 - - [18/Mar/2021:21:29:59 +0800] "GET /api/v1/play/28654/?play_id=28654 HTTP/1.1" 200 424 "https://www.luffycity.com/" "Mozilla/5.0 (Windows NT 10.0; Win64; x64) AppleWebKit/537.36 (KHTML, like Gecko) Chrome/88.0.4324.150 Safari/537.36" 
1.31.97.252, 39.97.49.232 - - [18/Mar/2021:21:30:01 +0800] "GET /api/v1/result/ HTTP/1.1" 200 232 "-" "Mozilla/5.0 (Windows NT 10.0; WOW64) AppleWebKit/537.36 (KHTML, like Gecko) Chrome/86.0.4240.198 Safari/537.36" 
1.31.97.252, 39.97.49.232 - - [18/Mar/2021:21:30:01 +0800] "GET /api/v1/index/banner/ HTTP/1.1" 200 382 "-" "Mozilla/5.0 (Windows NT 10.0; WOW64) AppleWebKit/537.36 (KHTML, like Gecko) Chrome/86.0.4240.198 Safari/537.36" 
1.31.97.252, 39.97.49.232 - - [18/Mar/2021:21:30:01 +0800] "GET /api/v1/course/actual/?limit=3 HTTP/1.1" 200 2342 "-" "Mozilla/5.0 (Windows NT 10.0; WOW64) AppleWebKit/537.36 (KHTML, like Gecko) Chrome/86.0.4240.198 Safari/537.36" 
222.243.156.14 - - [18/Mar/2021:21:30:01 +0800] "GET /api/v1/auth/wechat/ HTTP/1.1" 200 232 "https://www.luffycity.com/" "Mozilla/5.0 (Windows NT 6.1; WOW64) AppleWebKit/537.36 (KHTML, like Gecko) Chrome/78.0.3904.108 Safari/537.36" 
1.31.97.252 - - [18/Mar/2021:21:30:03 +0800] "OPTIONS /api/v1/result/enroll/?resultType=enroll&limit=2 HTTP/1.1" 200 0 "https://www.luffycity.com/" "Mozilla/5.0 (Windows NT 10.0; WOW64) AppleWebKit/537.36 (KHTML, like Gecko) Chrome/86.0.4240.198 Safari/537.36" 
1.31.97.252 - - [18/Mar/2021:21:30:05 +0800] "OPTIONS /api/v1/auth/wechat/ HTTP/1.1" 200 0 "https://www.luffycity.com/" "Mozilla/5.0 (Windows NT 10.0; WOW64) AppleWebKit/537.36 (KHTML, like Gecko) Chrome/86.0.4240.198 Safari/537.36" 
1.31.97.252 - - [18/Mar/2021:21:30:06 +0800] "OPTIONS /api/v1/auth/password/login/?loginWay=password HTTP/1.1" 200 0 "https://www.luffycity.com/" "Mozilla/5.0 (Windows NT 10.0; WOW64) AppleWebKit/537.36 (KHTML, like Gecko) Chrome/86.0.4240.198 Safari/537.36" 
1.31.97.252 - - [18/Mar/2021:21:30:06 +0800] "OPTIONS /api/v1/auth/token/ HTTP/1.1" 200 0 "https://www.luffycity.com/" "Mozilla/5.0 (Windows NT 10.0; WOW64) AppleWebKit/537.36 (KHTML, like Gecko) Chrome/86.0.4240.198 Safari/537.36" 
222.243.156.14 - - [18/Mar/2021:21:30:07 +0800] "GET /api/v1/auth/captcha/ HTTP/1.1" 200 137 "https://www.luffycity.com/" "Mozilla/5.0 (Windows NT 6.1; WOW64) AppleWebKit/537.36 (KHTML, like Gecko) Chrome/78.0.3904.108 Safari/537.36" 
1.31.97.252 - - [18/Mar/2021:21:30:09 +0800] "OPTIONS /api/v1/study/degrees/ HTTP/1.1" 200 0 "https://www.luffycity.com/study/degree" "Mozilla/5.0 (Windows NT 10.0; WOW64) AppleWebKit/537.36 (KHTML, like Gecko) Chrome/86.0.4240.198 Safari/537.36" 
1.31.97.252 - - [18/Mar/2021:21:30:09 +0800] "OPTIONS /api/v1/study/degrees/0/mentor/?degree_id=0 HTTP/1.1" 200 0 "https://www.luffycity.com/study/degree" "Mozilla/5.0 (Windows NT 10.0; WOW64) AppleWebKit/537.36 (KHTML, like Gecko) Chrome/86.0.4240.198 Safari/537.36" 
1.31.97.252 - - [18/Mar/2021:21:30:09 +0800] "GET /api/v1/study/data/ HTTP/1.1" 200 109 "https://www.luffycity.com/study/degree" "Mozilla/5.0 (Windows NT 10.0; WOW64) AppleWebKit/537.36 (KHTML, like Gecko) Chrome/86.0.4240.198 Safari/537.36" 
1.31.97.252 - - [18/Mar/2021:21:30:09 +0800] "OPTIONS /api/v1/study/degrees/1/?degree_id=1 HTTP/1.1" 200 0 "https://www.luffycity.com/study/degree" "Mozilla/5.0 (Windows NT 10.0; WOW64) AppleWebKit/537.36 (KHTML, like Gecko) Chrome/86.0.4240.198 Safari/537.36" 
1.31.97.252 - - [18/Mar/2021:21:30:09 +0800] "OPTIONS /api/v1/study/degrees/1/mentor/?degree_id=1 HTTP/1.1" 200 0 "https://www.luffycity.com/study/degree" "Mozilla/5.0 (Windows NT 10.0; WOW64) AppleWebKit/537.36 (KHTML, like Gecko) Chrome/86.0.4240.198 Safari/537.36" 
1.31.97.252 - - [18/Mar/2021:21:30:10 +0800] "GET /api/v1/study/degrees/1/?degree_id=1 HTTP/1.1" 200 1925 "https://www.luffycity.com/study/degree" "Mozilla/5.0 (Windows NT 10.0; WOW64) AppleWebKit/537.36 (KHTML, like Gecko) Chrome/86.0.4240.198 Safari/537.36" 
1.31.97.252 - - [18/Mar/2021:21:30:11 +0800] "OPTIONS /api/v1/play/sections/?section_id=31006 HTTP/1.1" 200 0 "https://www.luffycity.com/play/31006" "Mozilla/5.0 (Windows NT 10.0; WOW64) AppleWebKit/537.36 (KHTML, like Gecko) Chrome/86.0.4240.198 Safari/537.36" 
1.31.97.252 - - [18/Mar/2021:21:30:11 +0800] "OPTIONS /api/v1/play/31006/?play_id=31006 HTTP/1.1" 200 0 "https://www.luffycity.com/play/31006" "Mozilla/5.0 (Windows NT 10.0; WOW64) AppleWebKit/537.36 (KHTML, like Gecko) Chrome/86.0.4240.198 Safari/537.36" 
1.31.97.252 - - [18/Mar/2021:21:30:12 +0800] "GET /api/v1/play/sections/?section_id=31006 HTTP/1.1" 200 2990 "https://www.luffycity.com/play/31006" "Mozilla/5.0 (Windows NT 10.0; WOW64) AppleWebKit/537.36 (KHTML, like Gecko) Chrome/86.0.4240.198 Safari/537.36" 
1.31.97.252 - - [18/Mar/2021:21:30:12 +0800] "GET /api/v1/play/31006/?play_id=31006 HTTP/1.1" 200 433 "https://www.luffycity.com/play/31006" "Mozilla/5.0 (Windows NT 10.0; WOW64) AppleWebKit/537.36 (KHTML, like Gecko) Chrome/86.0.4240.198 Safari/537.36" 
1.31.97.252 - - [18/Mar/2021:21:30:17 +0800] "GET /api/v1/study/degrees/0/mentor/?degree_id=0 HTTP/1.1" 200 137 "https://www.luffycity.com/study/degree" "Mozilla/5.0 (Windows NT 10.0; WOW64) AppleWebKit/537.36 (KHTML, like Gecko) Chrome/86.0.4240.198 Safari/537.36" 
1.31.97.252 - - [18/Mar/2021:21:30:17 +0800] "GET /api/v1/study/degrees/ HTTP/1.1" 200 146 "https://www.luffycity.com/study/degree" "Mozilla/5.0 (Windows NT 10.0; WOW64) AppleWebKit/537.36 (KHTML, like Gecko) Chrome/86.0.4240.198 Safari/537.36" 
1.31.97.252 - - [18/Mar/2021:21:30:17 +0800] "GET /api/v1/study/data/?degree_id=1 HTTP/1.1" 200 115 "https://www.luffycity.com/study/degree" "Mozilla/5.0 (Windows NT 10.0; WOW64) AppleWebKit/537.36 (KHTML, like Gecko) Chrome/86.0.4240.198 Safari/537.36" 
222.243.156.14 - - [18/Mar/2021:21:30:29 +0800] "POST /api/v1/auth/password/login/?loginWay=password HTTP/1.1" 200 274 "https://www.luffycity.com/" "Mozilla/5.0 (Windows NT 6.1; WOW64) AppleWebKit/537.36 (KHTML, like Gecko) Chrome/78.0.3904.108 Safari/537.36" 
222.243.156.14 - - [18/Mar/2021:21:30:29 +0800] "GET /api/v1/auth/token/ HTTP/1.1" 200 377 "https://www.luffycity.com/" "Mozilla/5.0 (Windows NT 6.1; WOW64) AppleWebKit/537.36 (KHTML, like Gecko) Chrome/78.0.3904.108 Safari/537.36" 
110.152.33.105 - - [18/Mar/2021:21:30:32 +0800] "GET /api/v1/study/degrees/17/mentor/?degree_id=17 HTTP/1.1" 200 212 "https://www.luffycity.com/" "Mozilla/5.0 (Windows NT 10.0; Win64; x64) AppleWebKit/537.36 (KHTML, like Gecko) Chrome/89.0.4389.82 Safari/537.36" 
110.152.33.105 - - [18/Mar/2021:21:30:32 +0800] "GET /api/v1/study/data/ HTTP/1.1" 200 102 "https://www.luffycity.com/" "Mozilla/5.0 (Windows NT 10.0; Win64; x64) AppleWebKit/537.36 (KHTML, like Gecko) Chrome/89.0.4389.82 Safari/537.36" 
110.152.33.105 - - [18/Mar/2021:21:30:32 +0800] "GET /api/v1/study/degrees/17/?degree_id=17 HTTP/1.1" 200 975 "https://www.luffycity.com/" "Mozilla/5.0 (Windows NT 10.0; Win64; x64) AppleWebKit/537.36 (KHTML, like Gecko) Chrome/89.0.4389.82 Safari/537.36" 
222.243.156.14 - - [18/Mar/2021:21:30:32 +0800] "OPTIONS /api/v1/study/data/ HTTP/1.1" 200 0 "https://www.luffycity.com/study/degree" "Mozilla/5.0 (Windows NT 6.1; WOW64) AppleWebKit/537.36 (KHTML, like Gecko) Chrome/78.0.3904.108 Safari/537.36" 
222.243.156.14 - - [18/Mar/2021:21:30:33 +0800] "GET /api/v1/study/degrees/0/mentor/?degree_id=0 HTTP/1.1" 200 137 "https://www.luffycity.com/study/degree" "Mozilla/5.0 (Windows NT 6.1; WOW64) AppleWebKit/537.36 (KHTML, like Gecko) Chrome/78.0.3904.108 Safari/537.36" 
222.243.156.14 - - [18/Mar/2021:21:30:33 +0800] "OPTIONS /api/v1/study/data/?degree_id=1 HTTP/1.1" 200 0 "https://www.luffycity.com/study/degree" "Mozilla/5.0 (Windows NT 6.1; WOW64) AppleWebKit/537.36 (KHTML, like Gecko) Chrome/78.0.3904.108 Safari/537.36" 
222.243.156.14 - - [18/Mar/2021:21:30:33 +0800] "GET /api/v1/study/data/ HTTP/1.1" 200 112 "https://www.luffycity.com/study/degree" "Mozilla/5.0 (Windows NT 6.1; WOW64) AppleWebKit/537.36 (KHTML, like Gecko) Chrome/78.0.3904.108 Safari/537.36" 
222.243.156.14 - - [18/Mar/2021:21:30:33 +0800] "GET /api/v1/study/data/?degree_id=1 HTTP/1.1" 200 118 "https://www.luffycity.com/study/degree" "Mozilla/5.0 (Windows NT 6.1; WOW64) AppleWebKit/537.36 (KHTML, like Gecko) Chrome/78.0.3904.108 Safari/537.36" 
222.243.156.14 - - [18/Mar/2021:21:30:33 +0800] "GET /api/v1/study/degrees/1/?degree_id=1 HTTP/1.1" 200 1886 "https://www.luffycity.com/study/degree" "Mozilla/5.0 (Windows NT 6.1; WOW64) AppleWebKit/537.36 (KHTML, like Gecko) Chrome/78.0.3904.108 Safari/537.36" 
1.31.97.252 - - [18/Mar/2021:21:30:34 +0800] "OPTIONS /api/v1/study/courses/ HTTP/1.1" 200 0 "https://www.luffycity.com/study/special" "Mozilla/5.0 (Windows NT 10.0; WOW64) AppleWebKit/537.36 (KHTML, like Gecko) Chrome/86.0.4240.198 Safari/537.36" 
222.243.156.14 - - [18/Mar/2021:21:30:36 +0800] "OPTIONS /api/v1/study/module/16/homework/17/?moduleId=16&homeworkId=17 HTTP/1.1" 200 0 "https://www.luffycity.com/study/homework/16?default=17" "Mozilla/5.0 (Windows NT 6.1; WOW64) AppleWebKit/537.36 (KHTML, like Gecko) Chrome/78.0.3904.108 Safari/537.36" 
222.243.156.14 - - [18/Mar/2021:21:30:36 +0800] "GET /api/v1/study/module/16/homework/17/?moduleId=16&homeworkId=17 HTTP/1.1" 200 1935 "https://www.luffycity.com/study/homework/16?default=17" "Mozilla/5.0 (Windows NT 6.1; WOW64) AppleWebKit/537.36 (KHTML, like Gecko) Chrome/78.0.3904.108 Safari/537.36" 
222.243.156.14 - - [18/Mar/2021:21:30:36 +0800] "GET /api/v1/survey/homework/?surveyType=homework&related_id=31788 HTTP/1.1" 200 29 "https://www.luffycity.com/study/homework/16?default=17" "Mozilla/5.0 (Windows NT 6.1; WOW64) AppleWebKit/537.36 (KHTML, like Gecko) Chrome/78.0.3904.108 Safari/537.36" 
1.31.97.252 - - [18/Mar/2021:21:30:36 +0800] "GET /api/v1/study/degrees/ HTTP/1.1" 200 146 "https://www.luffycity.com/study/degree" "Mozilla/5.0 (Windows NT 10.0; WOW64) AppleWebKit/537.36 (KHTML, like Gecko) Chrome/86.0.4240.198 Safari/537.36" 
1.31.97.252 - - [18/Mar/2021:21:30:37 +0800] "GET /api/v1/study/data/?degree_id=1 HTTP/1.1" 200 115 "https://www.luffycity.com/study/degree" "Mozilla/5.0 (Windows NT 10.0; WOW64) AppleWebKit/537.36 (KHTML, like Gecko) Chrome/86.0.4240.198 Safari/537.36" 
219.145.73.240 - - [18/Mar/2021:21:30:37 +0800] "OPTIONS /api/v1/auth/wechat/ HTTP/1.1" 200 0 "https://www.luffycity.com/" "Mozilla/5.0 (Windows NT 10.0; Win64; x64) AppleWebKit/537.36 (KHTML, like Gecko) Chrome/89.0.4389.90 Safari/537.36 Edg/89.0.774.54" 
110.152.33.105 - - [18/Mar/2021:21:30:38 +0800] "GET /api/v1/study/module/degree/46650/?courseType=degree&id=46650 HTTP/1.1" 200 672 "https://www.luffycity.com/" "Mozilla/5.0 (Windows NT 10.0; Win64; x64) AppleWebKit/537.36 (KHTML, like Gecko) Chrome/89.0.4389.82 Safari/537.36" 
122.6.139.181 - - [18/Mar/2021:21:30:39 +0800] "OPTIONS /api/v1/play/12837/?play_id=12837 HTTP/1.1" 200 0 "https://www.luffycity.com/" "Mozilla/5.0 (Windows NT 10.0; Win64; x64) AppleWebKit/537.36 (KHTML, like Gecko) Chrome/89.0.4389.82 Safari/537.36" 
122.6.139.181 - - [18/Mar/2021:21:30:39 +0800] "OPTIONS /api/v1/survey/section/12837/?sectionId=12837 HTTP/1.1" 200 0 "https://www.luffycity.com/" "Mozilla/5.0 (Windows NT 10.0; Win64; x64) AppleWebKit/537.36 (KHTML, like Gecko) Chrome/89.0.4389.82 Safari/537.36" 
122.6.139.181 - - [18/Mar/2021:21:30:39 +0800] "GET /api/v1/play/sections/?section_id=12837 HTTP/1.1" 200 9436 "https://www.luffycity.com/" "Mozilla/5.0 (Windows NT 10.0; Win64; x64) AppleWebKit/537.36 (KHTML, like Gecko) Chrome/89.0.4389.82 Safari/537.36" 
122.6.139.181 - - [18/Mar/2021:21:30:39 +0800] "GET /api/v1/play/12837/?play_id=12837 HTTP/1.1" 200 461 "https://www.luffycity.com/" "Mozilla/5.0 (Windows NT 10.0; Win64; x64) AppleWebKit/537.36 (KHTML, like Gecko) Chrome/89.0.4389.82 Safari/537.36" 
222.243.156.14 - - [18/Mar/2021:21:30:39 +0800] "GET /api/v1/study/module/16/homework/18/?moduleId=16&homeworkId=18 HTTP/1.1" 200 999 "https://www.luffycity.com/study/homework/16?default=18" "Mozilla/5.0 (Windows NT 6.1; WOW64) AppleWebKit/537.36 (KHTML, like Gecko) Chrome/78.0.3904.108 Safari/537.36" 
222.243.156.14 - - [18/Mar/2021:21:30:39 +0800] "GET /api/v1/survey/homework/?surveyType=homework HTTP/1.1" 200 416 "https://www.luffycity.com/study/homework/16?default=18" "Mozilla/5.0 (Windows NT 6.1; WOW64) AppleWebKit/537.36 (KHTML, like Gecko) Chrome/78.0.3904.108 Safari/537.36" 
219.145.73.240 - - [18/Mar/2021:21:30:39 +0800] "OPTIONS /api/v1/auth/password/login/?loginWay=password HTTP/1.1" 200 0 "https://www.luffycity.com/" "Mozilla/5.0 (Windows NT 10.0; Win64; x64) AppleWebKit/537.36 (KHTML, like Gecko) Chrome/89.0.4389.90 Safari/537.36 Edg/89.0.774.54" 
219.145.73.240 - - [18/Mar/2021:21:30:40 +0800] "OPTIONS /api/v1/auth/token/ HTTP/1.1" 200 0 "https://www.luffycity.com/" "Mozilla/5.0 (Windows NT 10.0; Win64; x64) AppleWebKit/537.36 (KHTML, like Gecko) Chrome/89.0.4389.90 Safari/537.36 Edg/89.0.774.54" 
219.145.73.240 - - [18/Mar/2021:21:30:42 +0800] "OPTIONS /api/v1/pay/cart/ HTTP/1.1" 200 0 "https://www.luffycity.com/" "Mozilla/5.0 (Windows NT 10.0; Win64; x64) AppleWebKit/537.36 (KHTML, like Gecko) Chrome/89.0.4389.90 Safari/537.36 Edg/89.0.774.54" 
219.145.73.240 - - [18/Mar/2021:21:30:46 +0800] "OPTIONS /api/v1/study/degrees/ HTTP/1.1" 200 0 "https://www.luffycity.com/" "Mozilla/5.0 (Windows NT 10.0; Win64; x64) AppleWebKit/537.36 (KHTML, like Gecko) Chrome/89.0.4389.90 Safari/537.36 Edg/89.0.774.54" 
219.145.73.240 - - [18/Mar/2021:21:30:46 +0800] "OPTIONS /api/v1/study/degrees/0/mentor/?degree_id=0 HTTP/1.1" 200 0 "https://www.luffycity.com/" "Mozilla/5.0 (Windows NT 10.0; Win64; x64) AppleWebKit/537.36 (KHTML, like Gecko) Chrome/89.0.4389.90 Safari/537.36 Edg/89.0.774.54" 
219.145.73.240 - - [18/Mar/2021:21:30:46 +0800] "GET /api/v1/study/data/ HTTP/1.1" 200 100 "https://www.luffycity.com/" "Mozilla/5.0 (Windows NT 10.0; Win64; x64) AppleWebKit/537.36 (KHTML, like Gecko) Chrome/89.0.4389.90 Safari/537.36 Edg/89.0.774.54" 
219.145.73.240 - - [18/Mar/2021:21:30:56 +0800] "OPTIONS /api/v1/study/courses/ HTTP/1.1" 200 0 "https://www.luffycity.com/" "Mozilla/5.0 (Windows NT 10.0; Win64; x64) AppleWebKit/537.36 (KHTML, like Gecko) Chrome/89.0.4389.90 Safari/537.36 Edg/89.0.774.54" 
39.128.23.217, 39.97.49.232 - - [18/Mar/2021:21:30:56 +0800] "GET /api/v1/course/category/free/?courseType=free HTTP/1.1" 200 174 "https://www.apeland.cn/python" "Mozilla/5.0 (Windows NT 10.0; WOW64) AppleWebKit/537.36 (KHTML, like Gecko) Chrome/70.0.3538.25 Safari/537.36 Core/1.70.3861.400 QQBrowser/10.7.4313.400" 
219.145.73.240 - - [18/Mar/2021:21:30:57 +0800] "OPTIONS /api/v1/qa/question/?limit=5&offset=0 HTTP/1.1" 200 0 "https://www.luffycity.com/" "Mozilla/5.0 (Windows NT 10.0; Win64; x64) AppleWebKit/537.36 (KHTML, like Gecko) Chrome/89.0.4389.90 Safari/537.36 Edg/89.0.774.54" 
39.128.23.217, 39.97.49.232 - - [18/Mar/2021:21:30:58 +0800] "GET /api/v1/course/free/ HTTP/1.1" 200 1899 "https://www.apeland.cn/python" "Mozilla/5.0 (Windows NT 10.0; WOW64) AppleWebKit/537.36 (KHTML, like Gecko) Chrome/70.0.3538.25 Safari/537.36 Core/1.70.3861.400 QQBrowser/10.7.4313.400" 
219.145.73.240 - - [18/Mar/2021:21:31:00 +0800] "GET /api/v1/qa/question/?limit=5&offset=0 HTTP/1.1" 200 69 "https://www.luffycity.com/" "Mozilla/5.0 (Windows NT 10.0; Win64; x64) AppleWebKit/537.36 (KHTML, like Gecko) Chrome/89.0.4389.90 Safari/537.36 Edg/89.0.774.54" 
153.3.29.141 - - [18/Mar/2021:21:31:03 +0800] "GET /api/v1/auth/token/ HTTP/1.1" 200 399 "https://m.luffycity.com/study/degree" "Mozilla/5.0 (Linux; Android 11; IN2020 Build/RP1A.201005.001; wv) AppleWebKit/537.36 (KHTML, like Gecko) Version/4.0 Chrome/77.0.3865.120 MQQBrowser/6.2 TBS/045513 Mobile Safari/537.36 MMWEBID/3430 MicroMessenger/8.0.1.1841(0x2800015D) Process/tools WeChat/arm64 Weixin NetType/4G Language/zh_CN ABI/arm64" 
221.208.253.83, 39.97.49.232 - - [18/Mar/2021:21:31:03 +0800] "GET /api/v1/result/ HTTP/1.1" 200 232 "-" "Mozilla/5.0 (Windows NT 10.0; Win64; x64) AppleWebKit/537.36 (KHTML, like Gecko) Chrome/89.0.4389.90 Safari/537.36" 
120.244.32.114 - - [18/Mar/2021:21:31:03 +0800] "OPTIONS /api/v1/play/sections/?section_id=31629 HTTP/1.1" 200 0 "https://www.luffycity.com/" "Mozilla/5.0 (Macintosh; Intel Mac OS X 10_15_7) AppleWebKit/537.36 (KHTML, like Gecko) Chrome/89.0.4389.72 Safari/537.36" 
120.244.32.114 - - [18/Mar/2021:21:31:03 +0800] "OPTIONS /api/v1/play/31629/?play_id=31629 HTTP/1.1" 200 0 "https://www.luffycity.com/" "Mozilla/5.0 (Macintosh; Intel Mac OS X 10_15_7) AppleWebKit/537.36 (KHTML, like Gecko) Chrome/89.0.4389.72 Safari/537.36" 
120.244.32.114 - - [18/Mar/2021:21:31:03 +0800] "GET /api/v1/play/sections/?section_id=31629 HTTP/1.1" 200 2201 "https://www.luffycity.com/" "Mozilla/5.0 (Macintosh; Intel Mac OS X 10_15_7) AppleWebKit/537.36 (KHTML, like Gecko) Chrome/89.0.4389.72 Safari/537.36" 
120.244.32.114 - - [18/Mar/2021:21:31:03 +0800] "GET /api/v1/play/31629/?play_id=31629 HTTP/1.1" 200 454 "https://www.luffycity.com/" "Mozilla/5.0 (Macintosh; Intel Mac OS X 10_15_7) AppleWebKit/537.36 (KHTML, like Gecko) Chrome/89.0.4389.72 Safari/537.36" 
39.128.23.217, 39.97.49.232 - - [18/Mar/2021:21:31:05 +0800] "GET /api/v1/auth/token/ HTTP/1.1" 200 29 "https://www.luffycity.com/free-course?source=APELAND" "Mozilla/5.0 (Windows NT 10.0; WOW64) AppleWebKit/537.36 (KHTML, like Gecko) Chrome/70.0.3538.25 Safari/537.36 Core/1.70.3861.400 QQBrowser/10.7.4313.400" 
39.128.23.217, 39.97.49.232 - - [18/Mar/2021:21:31:06 +0800] "GET /api/v1/course/actual/ HTTP/1.1" 200 25980 "https://www.luffycity.com/free-course?source=APELAND" "Mozilla/5.0 (Windows NT 10.0; WOW64) AppleWebKit/537.36 (KHTML, like Gecko) Chrome/70.0.3538.25 Safari/537.36 Core/1.70.3861.400 QQBrowser/10.7.4313.400" 
100.8.235.7 - - [18/Mar/2021:21:31:06 +0800] "OPTIONS /api/v1/result/enroll/?resultType=enroll&limit=5&offset=-5&degree_id=2 HTTP/1.1" 200 0 "https://www.luffycity.com/" "Mozilla/5.0 (Macintosh; Intel Mac OS X 10_15_7) AppleWebKit/537.36 (KHTML, like Gecko) Chrome/89.0.4389.90 Safari/537.36" 
153.3.29.141 - - [18/Mar/2021:21:31:07 +0800] "GET /api/v1/auth/token/ HTTP/1.1" 200 399 "https://m.luffycity.com/account/center/home" "Mozilla/5.0 (Linux; Android 11; IN2020 Build/RP1A.201005.001; wv) AppleWebKit/537.36 (KHTML, like Gecko) Version/4.0 Chrome/77.0.3865.120 MQQBrowser/6.2 TBS/045513 Mobile Safari/537.36 MMWEBID/3430 MicroMessenger/8.0.1.1841(0x2800015D) Process/tools WeChat/arm64 Weixin NetType/4G Language/zh_CN ABI/arm64" 
153.3.29.141 - - [18/Mar/2021:21:31:09 +0800] "GET /api/v1/auth/token/ HTTP/1.1" 200 399 "https://m.luffycity.com/account/center/home" "Mozilla/5.0 (Linux; Android 11; IN2020 Build/RP1A.201005.001; wv) AppleWebKit/537.36 (KHTML, like Gecko) Version/4.0 Chrome/77.0.3865.120 MQQBrowser/6.2 TBS/045513 Mobile Safari/537.36 MMWEBID/3430 MicroMessenger/8.0.1.1841(0x2800015D) Process/tools WeChat/arm64 Weixin NetType/4G Language/zh_CN ABI/arm64" 
221.208.253.83, 39.97.49.232 - - [18/Mar/2021:21:31:21 +0800] "GET /api/v1/auth/token/ HTTP/1.1" 200 395 "https://www.luffycity.com/search?words=vue" "Mozilla/5.0 (Windows NT 10.0; Win64; x64) AppleWebKit/537.36 (KHTML, like Gecko) Chrome/89.0.4389.90 Safari/537.36" 
221.208.253.83, 39.97.49.232 - - [18/Mar/2021:21:31:21 +0800] "GET /api/v1/result/ HTTP/1.1" 200 232 "https://www.luffycity.com/search?words=vue" "Mozilla/5.0 (Windows NT 10.0; Win64; x64) AppleWebKit/537.36 (KHTML, like Gecko) Chrome/89.0.4389.90 Safari/537.36" 
60.191.194.90 - - [18/Mar/2021:21:31:24 +0800] "GET /api/v1/activity/survey/?course_id=252 HTTP/1.1" 200 11 "https://www.luffycity.com/activity/python-8days-camp?source=c" "Mozilla/5.0 (compatible; MSIE 9.0; Windows NT 6.1; WOW64; Trident/7.0)" 
221.208.253.83 - - [18/Mar/2021:21:31:25 +0800] "OPTIONS /api/v1/media/play/d8e0acaffb7541c2a38a5337c5fcb012/?suffix=d8e0acaffb7541c2a38a5337c5fcb012 HTTP/1.1" 200 0 "https://www.luffycity.com/" "Mozilla/5.0 (Windows NT 10.0; Win64; x64) AppleWebKit/537.36 (KHTML, like Gecko) Chrome/89.0.4389.90 Safari/537.36" 
221.208.253.83 - - [18/Mar/2021:21:31:25 +0800] "GET /api/v1/media/play/d8e0acaffb7541c2a38a5337c5fcb012/?suffix=d8e0acaffb7541c2a38a5337c5fcb012 HTTP/1.1" 200 1765 "https://www.luffycity.com/" "Mozilla/5.0 (Windows NT 10.0; Win64; x64) AppleWebKit/537.36 (KHTML, like Gecko) Chrome/89.0.4389.90 Safari/537.36" 
223.104.63.174, 39.97.49.232 - - [18/Mar/2021:21:31:27 +0800] "GET /api/v1/auth/token/ HTTP/1.1" 200 29 "-" "Mozilla/5.0 (Windows NT 10.0; Win64; x64) AppleWebKit/537.36 (KHTML, like Gecko) Chrome/89.0.4389.90 Safari/537.36 Edg/89.0.774.54" 
223.104.63.174 - - [18/Mar/2021:21:31:28 +0800] "OPTIONS /api/v1/study/data/ HTTP/1.1" 200 0 "https://www.luffycity.com/" "Mozilla/5.0 (Windows NT 10.0; Win64; x64) AppleWebKit/537.36 (KHTML, like Gecko) Chrome/89.0.4389.90 Safari/537.36 Edg/89.0.774.54" 
223.104.63.174 - - [18/Mar/2021:21:31:28 +0800] "OPTIONS /api/v1/auth/wechat/ HTTP/1.1" 200 0 "https://www.luffycity.com/" "Mozilla/5.0 (Windows NT 10.0; Win64; x64) AppleWebKit/537.36 (KHTML, like Gecko) Chrome/89.0.4389.90 Safari/537.36 Edg/89.0.774.54" 
58.101.13.215, 39.97.49.232 - - [18/Mar/2021:21:31:28 +0800] "GET /api/v1/auth/token/ HTTP/1.1" 200 29 "-" "Mozilla/5.0 (Windows NT 10.0; Win64; x64) AppleWebKit/537.36 (KHTML, like Gecko) Chrome/88.0.4324.182 Safari/537.36" 
223.104.63.174 - - [18/Mar/2021:21:31:28 +0800] "GET /api/v1/study/data/ HTTP/1.1" 200 64 "https://www.luffycity.com/" "Mozilla/5.0 (Windows NT 10.0; Win64; x64) AppleWebKit/537.36 (KHTML, like Gecko) Chrome/89.0.4389.90 Safari/537.36 Edg/89.0.774.54" 
223.104.63.174 - - [18/Mar/2021:21:31:28 +0800] "GET /api/v1/study/degrees/0/mentor/?degree_id=0 HTTP/1.1" 200 64 "https://www.luffycity.com/" "Mozilla/5.0 (Windows NT 10.0; Win64; x64) AppleWebKit/537.36 (KHTML, like Gecko) Chrome/89.0.4389.90 Safari/537.36 Edg/89.0.774.54" 
58.101.13.215, 39.97.49.232 - - [18/Mar/2021:21:31:28 +0800] "GET /api/v1/result/ HTTP/1.1" 200 232 "-" "Mozilla/5.0 (Windows NT 10.0; Win64; x64) AppleWebKit/537.36 (KHTML, like Gecko) Chrome/88.0.4324.182 Safari/537.36" 
58.101.13.215, 39.97.49.232 - - [18/Mar/2021:21:31:28 +0800] "GET /api/v1/index/banner/ HTTP/1.1" 200 382 "-" "Mozilla/5.0 (Windows NT 10.0; Win64; x64) AppleWebKit/537.36 (KHTML, like Gecko) Chrome/88.0.4324.182 Safari/537.36" 
58.101.13.215, 39.97.49.232 - - [18/Mar/2021:21:31:28 +0800] "GET /api/v1/course/actual/?limit=3 HTTP/1.1" 200 2342 "-" "Mozilla/5.0 (Windows NT 10.0; Win64; x64) AppleWebKit/537.36 (KHTML, like Gecko) Chrome/88.0.4324.182 Safari/537.36" 
58.101.13.215, 39.97.49.232 - - [18/Mar/2021:21:31:28 +0800] "GET /api/v1/course/degree/ HTTP/1.1" 200 949 "-" "Mozilla/5.0 (Windows NT 10.0; Win64; x64) AppleWebKit/537.36 (KHTML, like Gecko) Chrome/88.0.4324.182 Safari/537.36" 
58.101.13.215 - - [18/Mar/2021:21:31:29 +0800] "OPTIONS /api/v1/result/enroll/?resultType=enroll&limit=2 HTTP/1.1" 200 0 "https://www.luffycity.com/" "Mozilla/5.0 (Windows NT 10.0; Win64; x64) AppleWebKit/537.36 (KHTML, like Gecko) Chrome/88.0.4324.182 Safari/537.36" 
100.8.235.7 - - [18/Mar/2021:21:31:29 +0800] "OPTIONS /api/v1/result/enroll/?resultType=enroll&limit=5&offset=20&degree_id=2 HTTP/1.1" 200 0 "https://www.luffycity.com/" "Mozilla/5.0 (Macintosh; Intel Mac OS X 10_15_7) AppleWebKit/537.36 (KHTML, like Gecko) Chrome/89.0.4389.90 Safari/537.36" 
223.104.63.174 - - [18/Mar/2021:21:31:31 +0800] "POST /api/v1/auth/password/login/?loginWay=password HTTP/1.1" 200 274 "https://www.luffycity.com/" "Mozilla/5.0 (Windows NT 10.0; Win64; x64) AppleWebKit/537.36 (KHTML, like Gecko) Chrome/89.0.4389.90 Safari/537.36 Edg/89.0.774.54" 
223.104.63.174 - - [18/Mar/2021:21:31:32 +0800] "GET /api/v1/auth/token/ HTTP/1.1" 200 391 "https://www.luffycity.com/" "Mozilla/5.0 (Windows NT 10.0; Win64; x64) AppleWebKit/537.36 (KHTML, like Gecko) Chrome/89.0.4389.90 Safari/537.36 Edg/89.0.774.54" 
58.101.13.215, 39.97.49.232 - - [18/Mar/2021:21:31:33 +0800] "GET /api/v1/result/ HTTP/1.1" 200 232 "-" "Mozilla/5.0 (Windows NT 10.0; Win64; x64) AppleWebKit/537.36 (KHTML, like Gecko) Chrome/88.0.4324.182 Safari/537.36" 
58.101.13.215 - - [18/Mar/2021:21:31:33 +0800] "OPTIONS /api/v1/comment/?section_id=6794&limit=10&offset=0 HTTP/1.1" 200 0 "https://www.luffycity.com/" "Mozilla/5.0 (Windows NT 10.0; Win64; x64) AppleWebKit/537.36 (KHTML, like Gecko) Chrome/88.0.4324.182 Safari/537.36" 
58.101.13.215 - - [18/Mar/2021:21:31:33 +0800] "OPTIONS /api/v1/survey/section/6794/?sectionId=6794 HTTP/1.1" 200 0 "https://www.luffycity.com/" "Mozilla/5.0 (Windows NT 10.0; Win64; x64) AppleWebKit/537.36 (KHTML, like Gecko) Chrome/88.0.4324.182 Safari/537.36" 
58.101.13.215 - - [18/Mar/2021:21:31:34 +0800] "GET /api/v1/survey/section/6794/?sectionId=6794 HTTP/1.1" 200 64 "https://www.luffycity.com/" "Mozilla/5.0 (Windows NT 10.0; Win64; x64) AppleWebKit/537.36 (KHTML, like Gecko) Chrome/88.0.4324.182 Safari/537.36" 
58.101.13.215 - - [18/Mar/2021:21:31:34 +0800] "GET /api/v1/play/6794/?play_id=6794 HTTP/1.1" 200 64 "https://www.luffycity.com/" "Mozilla/5.0 (Windows NT 10.0; Win64; x64) AppleWebKit/537.36 (KHTML, like Gecko) Chrome/88.0.4324.182 Safari/537.36" 
1.31.97.252 - - [18/Mar/2021:21:31:36 +0800] "GET /api/v1/survey/section/31006/?sectionId=31006 HTTP/1.1" 200 10 "https://www.luffycity.com/play/31006" "Mozilla/5.0 (Windows NT 10.0; WOW64) AppleWebKit/537.36 (KHTML, like Gecko) Chrome/86.0.4240.198 Safari/537.36" 
1.31.97.252 - - [18/Mar/2021:21:31:36 +0800] "GET /api/v1/play/31006/?play_id=31006 HTTP/1.1" 200 433 "https://www.luffycity.com/play/31006" "Mozilla/5.0 (Windows NT 10.0; WOW64) AppleWebKit/537.36 (KHTML, like Gecko) Chrome/86.0.4240.198 Safari/537.36" 
106.47.65.107 - - [18/Mar/2021:21:31:38 +0800] "POST /api/v1/survey/section/860/?sectionId=860 HTTP/1.1" 200 10 "https://www.luffycity.com/" "Mozilla/5.0 (Windows NT 10.0; Win64; x64) AppleWebKit/537.36 (KHTML, like Gecko) Chrome/89.0.4389.90 Safari/537.36 Edg/89.0.774.54" 
1.31.97.252 - - [18/Mar/2021:21:31:40 +0800] "GET /api/v1/study/degrees/1/mentor/?degree_id=1 HTTP/1.1" 200 214 "https://www.luffycity.com/study/degree" "Mozilla/5.0 (Windows NT 10.0; WOW64) AppleWebKit/537.36 (KHTML, like Gecko) Chrome/86.0.4240.198 Safari/537.36" 
1.31.97.252 - - [18/Mar/2021:21:31:40 +0800] "GET /api/v1/study/data/ HTTP/1.1" 200 109 "https://www.luffycity.com/study/degree" "Mozilla/5.0 (Windows NT 10.0; WOW64) AppleWebKit/537.36 (KHTML, like Gecko) Chrome/86.0.4240.198 Safari/537.36" 
1.31.97.252 - - [18/Mar/2021:21:31:40 +0800] "GET /api/v1/study/degrees/1/?degree_id=1 HTTP/1.1" 200 1925 "https://www.luffycity.com/study/degree" "Mozilla/5.0 (Windows NT 10.0; WOW64) AppleWebKit/537.36 (KHTML, like Gecko) Chrome/86.0.4240.198 Safari/537.36" 
106.47.65.107 - - [18/Mar/2021:21:31:42 +0800] "OPTIONS /api/v1/comment/?section_id=861&limit=10&offset=0 HTTP/1.1" 200 0 "https://www.luffycity.com/" "Mozilla/5.0 (Windows NT 10.0; Win64; x64) AppleWebKit/537.36 (KHTML, like Gecko) Chrome/89.0.4389.90 Safari/537.36 Edg/89.0.774.54" 
106.47.65.107 - - [18/Mar/2021:21:31:42 +0800] "OPTIONS /api/v1/survey/section/861/?sectionId=861 HTTP/1.1" 200 0 "https://www.luffycity.com/" "Mozilla/5.0 (Windows NT 10.0; Win64; x64) AppleWebKit/537.36 (KHTML, like Gecko) Chrome/89.0.4389.90 Safari/537.36 Edg/89.0.774.54" 
106.47.65.107 - - [18/Mar/2021:21:31:42 +0800] "GET /api/v1/survey/section/861/?sectionId=861 HTTP/1.1" 200 10 "https://www.luffycity.com/" "Mozilla/5.0 (Windows NT 10.0; Win64; x64) AppleWebKit/537.36 (KHTML, like Gecko) Chrome/89.0.4389.90 Safari/537.36 Edg/89.0.774.54" 
106.47.65.107 - - [18/Mar/2021:21:31:42 +0800] "GET /api/v1/play/861/?play_id=861 HTTP/1.1" 200 450 "https://www.luffycity.com/" "Mozilla/5.0 (Windows NT 10.0; Win64; x64) AppleWebKit/537.36 (KHTML, like Gecko) Chrome/89.0.4389.90 Safari/537.36 Edg/89.0.774.54" 
58.101.13.215 - - [18/Mar/2021:21:31:42 +0800] "GET /api/v1/auth/wechat/ HTTP/1.1" 200 232 "https://www.luffycity.com/" "Mozilla/5.0 (Windows NT 10.0; Win64; x64) AppleWebKit/537.36 (KHTML, like Gecko) Chrome/88.0.4324.182 Safari/537.36" 
58.101.13.215 - - [18/Mar/2021:21:31:44 +0800] "POST /api/v1/auth/password/login/?loginWay=password HTTP/1.1" 200 274 "https://www.luffycity.com/" "Mozilla/5.0 (Windows NT 10.0; Win64; x64) AppleWebKit/537.36 (KHTML, like Gecko) Chrome/88.0.4324.182 Safari/537.36" 
58.101.13.215 - - [18/Mar/2021:21:31:44 +0800] "GET /api/v1/auth/token/ HTTP/1.1" 200 389 "https://www.luffycity.com/" "Mozilla/5.0 (Windows NT 10.0; Win64; x64) AppleWebKit/537.36 (KHTML, like Gecko) Chrome/88.0.4324.182 Safari/537.36" 
88.166.145.75 - - [18/Mar/2021:21:31:45 +0800] "GET /api/v1/activity/survey/?course_id=256 HTTP/1.1" 200 11 "https://www.luffycity.com/" "Mozilla/5.0 (Windows NT 10.0; Win64; x64) AppleWebKit/537.36 (KHTML, like Gecko) Chrome/89.0.4389.90 Safari/537.36" 
58.101.13.215 - - [18/Mar/2021:21:31:46 +0800] "OPTIONS /api/v1/study/data/ HTTP/1.1" 200 0 "https://www.luffycity.com/" "Mozilla/5.0 (Windows NT 10.0; Win64; x64) AppleWebKit/537.36 (KHTML, like Gecko) Chrome/88.0.4324.182 Safari/537.36" 
58.101.13.215 - - [18/Mar/2021:21:31:46 +0800] "GET /api/v1/study/degrees/ HTTP/1.1" 200 649 "https://www.luffycity.com/" "Mozilla/5.0 (Windows NT 10.0; Win64; x64) AppleWebKit/537.36 (KHTML, like Gecko) Chrome/88.0.4324.182 Safari/537.36" 
58.101.13.215 - - [18/Mar/2021:21:31:46 +0800] "OPTIONS /api/v1/study/data/?degree_id=1 HTTP/1.1" 200 0 "https://www.luffycity.com/" "Mozilla/5.0 (Windows NT 10.0; Win64; x64) AppleWebKit/537.36 (KHTML, like Gecko) Chrome/88.0.4324.182 Safari/537.36" 
58.101.13.215 - - [18/Mar/2021:21:31:46 +0800] "GET /api/v1/study/degrees/1/mentor/?degree_id=1 HTTP/1.1" 200 229 "https://www.luffycity.com/" "Mozilla/5.0 (Windows NT 10.0; Win64; x64) AppleWebKit/537.36 (KHTML, like Gecko) Chrome/88.0.4324.182 Safari/537.36" 
58.101.13.215 - - [18/Mar/2021:21:31:46 +0800] "GET /api/v1/study/data/ HTTP/1.1" 200 107 "https://www.luffycity.com/" "Mozilla/5.0 (Windows NT 10.0; Win64; x64) AppleWebKit/537.36 (KHTML, like Gecko) Chrome/88.0.4324.182 Safari/537.36" 
58.101.13.215 - - [18/Mar/2021:21:31:46 +0800] "GET /api/v1/study/data/?degree_id=1 HTTP/1.1" 200 113 "https://www.luffycity.com/" "Mozilla/5.0 (Windows NT 10.0; Win64; x64) AppleWebKit/537.36 (KHTML, like Gecko) Chrome/88.0.4324.182 Safari/537.36" 
1.31.97.252 - - [18/Mar/2021:21:31:49 +0800] "GET /api/v1/survey/section/31006/?sectionId=31006 HTTP/1.1" 200 10 "https://www.luffycity.com/play/31006" "Mozilla/5.0 (Windows NT 10.0; WOW64) AppleWebKit/537.36 (KHTML, like Gecko) Chrome/86.0.4240.198 Safari/537.36" 
1.31.97.252 - - [18/Mar/2021:21:31:49 +0800] "GET /api/v1/comment/?section_id=31006&limit=10&offset=0 HTTP/1.1" 200 1798 "https://www.luffycity.com/play/31006" "Mozilla/5.0 (Windows NT 10.0; WOW64) AppleWebKit/537.36 (KHTML, like Gecko) Chrome/86.0.4240.198 Safari/537.36" 
58.101.13.215 - - [18/Mar/2021:21:31:49 +0800] "OPTIONS /api/v1/study/module/19/homework/108/?moduleId=19&homeworkId=108 HTTP/1.1" 200 0 "https://www.luffycity.com/" "Mozilla/5.0 (Windows NT 10.0; Win64; x64) AppleWebKit/537.36 (KHTML, like Gecko) Chrome/88.0.4324.182 Safari/537.36" 
58.101.13.215 - - [18/Mar/2021:21:31:50 +0800] "GET /api/v1/study/module/19/homework/?moduleId=19 HTTP/1.1" 200 741 "https://www.luffycity.com/" "Mozilla/5.0 (Windows NT 10.0; Win64; x64) AppleWebKit/537.36 (KHTML, like Gecko) Chrome/88.0.4324.182 Safari/537.36" 
58.101.13.215 - - [18/Mar/2021:21:31:50 +0800] "GET /api/v1/survey/homework/?surveyType=homework&related_id=31952 HTTP/1.1" 200 416 "https://www.luffycity.com/" "Mozilla/5.0 (Windows NT 10.0; Win64; x64) AppleWebKit/537.36 (KHTML, like Gecko) Chrome/88.0.4324.182 Safari/537.36" 
171.9.199.89 - - [18/Mar/2021:21:31:53 +0800] "OPTIONS /api/v1/play/sections/?section_id=27959 HTTP/1.1" 200 0 "https://www.luffycity.com/" "Mozilla/5.0 (Windows NT 10.0; Win64; x64) AppleWebKit/537.36 (KHTML, like Gecko) Chrome/89.0.4389.90 Safari/537.36" 
171.9.199.89 - - [18/Mar/2021:21:31:53 +0800] "OPTIONS /api/v1/comment/?section_id=27959&limit=10&offset=0 HTTP/1.1" 200 0 "https://www.luffycity.com/" "Mozilla/5.0 (Windows NT 10.0; Win64; x64) AppleWebKit/537.36 (KHTML, like Gecko) Chrome/89.0.4389.90 Safari/537.36" 
171.9.199.89 - - [18/Mar/2021:21:31:53 +0800] "GET /api/v1/comment/?section_id=27959&limit=10&offset=0 HTTP/1.1" 200 69 "https://www.luffycity.com/" "Mozilla/5.0 (Windows NT 10.0; Win64; x64) AppleWebKit/537.36 (KHTML, like Gecko) Chrome/89.0.4389.90 Safari/537.36" 
171.9.199.89 - - [18/Mar/2021:21:31:53 +0800] "GET /api/v1/play/sections/?section_id=27959 HTTP/1.1" 200 1998 "https://www.luffycity.com/" "Mozilla/5.0 (Windows NT 10.0; Win64; x64) AppleWebKit/537.36 (KHTML, like Gecko) Chrome/89.0.4389.90 Safari/537.36" 
