223.85.176.209 - - [19/Mar/2021:06:54:22 +0800] "POST /api/v1/survey/section/1772/?sectionId=1772 HTTP/1.1" 200 10 "https://www.luffycity.com/" "Mozilla/5.0 (Windows NT 10.0; Win64; x64) AppleWebKit/537.36 (KHTML, like Gecko) Chrome/87.0.4280.141 Safari/537.36" 
223.85.176.209 - - [19/Mar/2021:06:54:23 +0800] "OPTIONS /api/v1/comment/?section_id=1773&limit=10&offset=0 HTTP/1.1" 200 0 "https://www.luffycity.com/" "Mozilla/5.0 (Windows NT 10.0; Win64; x64) AppleWebKit/537.36 (KHTML, like Gecko) Chrome/87.0.4280.141 Safari/537.36" 
223.85.176.209 - - [19/Mar/2021:06:54:23 +0800] "OPTIONS /api/v1/survey/section/1773/?sectionId=1773 HTTP/1.1" 200 0 "https://www.luffycity.com/" "Mozilla/5.0 (Windows NT 10.0; Win64; x64) AppleWebKit/537.36 (KHTML, like Gecko) Chrome/87.0.4280.141 Safari/537.36" 
223.85.176.209 - - [19/Mar/2021:06:54:23 +0800] "GET /api/v1/survey/section/1773/?sectionId=1773 HTTP/1.1" 200 10 "https://www.luffycity.com/" "Mozilla/5.0 (Windows NT 10.0; Win64; x64) AppleWebKit/537.36 (KHTML, like Gecko) Chrome/87.0.4280.141 Safari/537.36" 
223.85.176.209 - - [19/Mar/2021:06:54:24 +0800] "GET /api/v1/play/1773/?play_id=1773 HTTP/1.1" 200 413 "https://www.luffycity.com/" "Mozilla/5.0 (Windows NT 10.0; Win64; x64) AppleWebKit/537.36 (KHTML, like Gecko) Chrome/87.0.4280.141 Safari/537.36" 
203.208.60.126 - - [19/Mar/2021:06:54:39 +0800] "GET /api/v1/course/actual/188/payment/?courseType=actual&id=188 HTTP/1.1" 200 328 "https://www.luffycity.com/" "Mozilla/5.0 AppleWebKit/537.36 (KHTML, like Gecko; compatible; Googlebot/2.1; +http://www.google.com/bot.html) Chrome/89.0.4389.93 Safari/537.36" 
112.41.91.197, 49.7.6.233 - - [19/Mar/2021:06:54:50 +0800] "GET /api/v1/auth/token/ HTTP/1.1" 200 29 "https://m.luffycity.com/" "Mozilla/5.0 (iPhone; CPU iPhone OS 13_6 like Mac OS X; zh-cn) AppleWebKit/601.1.46 (KHTML, like Gecko) Mobile/17G68 Quark/4.7.0.1156 Mobile" 
115.196.183.112 - - [19/Mar/2021:06:55:14 +0800] "OPTIONS /api/v1/play/sections/?section_id=30736 HTTP/1.1" 200 0 "https://www.luffycity.com/" "Mozilla/5.0 (Windows NT 10.0; Win64; x64) AppleWebKit/537.36 (KHTML, like Gecko) Chrome/89.0.4389.90 Safari/537.36 Edg/89.0.774.54" 
115.196.183.112 - - [19/Mar/2021:06:55:14 +0800] "OPTIONS /api/v1/comment/?section_id=30736&limit=10&offset=0 HTTP/1.1" 200 0 "https://www.luffycity.com/" "Mozilla/5.0 (Windows NT 10.0; Win64; x64) AppleWebKit/537.36 (KHTML, like Gecko) Chrome/89.0.4389.90 Safari/537.36 Edg/89.0.774.54" 
115.196.183.112 - - [19/Mar/2021:06:55:14 +0800] "GET /api/v1/survey/section/30736/?sectionId=30736 HTTP/1.1" 200 10 "https://www.luffycity.com/" "Mozilla/5.0 (Windows NT 10.0; Win64; x64) AppleWebKit/537.36 (KHTML, like Gecko) Chrome/89.0.4389.90 Safari/537.36 Edg/89.0.774.54" 
115.196.183.112 - - [19/Mar/2021:06:55:14 +0800] "GET /api/v1/play/sections/?section_id=30736 HTTP/1.1" 200 755 "https://www.luffycity.com/" "Mozilla/5.0 (Windows NT 10.0; Win64; x64) AppleWebKit/537.36 (KHTML, like Gecko) Chrome/89.0.4389.90 Safari/537.36 Edg/89.0.774.54" 
223.72.58.27 - - [19/Mar/2021:06:55:36 +0800] "OPTIONS /api/v1/comment/?section_id=2380&limit=10&offset=0 HTTP/1.1" 200 0 "https://www.luffycity.com/" "Mozilla/5.0 (Windows NT 10.0; Win64; x64) AppleWebKit/537.36 (KHTML, like Gecko) Chrome/88.0.4324.96 Safari/537.36" 
223.72.58.27 - - [19/Mar/2021:06:55:36 +0800] "OPTIONS /api/v1/survey/section/2380/?sectionId=2380 HTTP/1.1" 200 0 "https://www.luffycity.com/" "Mozilla/5.0 (Windows NT 10.0; Win64; x64) AppleWebKit/537.36 (KHTML, like Gecko) Chrome/88.0.4324.96 Safari/537.36" 
223.72.58.27 - - [19/Mar/2021:06:55:36 +0800] "GET /api/v1/comment/?section_id=2380&limit=10&offset=0 HTTP/1.1" 200 1873 "https://www.luffycity.com/" "Mozilla/5.0 (Windows NT 10.0; Win64; x64) AppleWebKit/537.36 (KHTML, like Gecko) Chrome/88.0.4324.96 Safari/537.36" 
223.72.58.27 - - [19/Mar/2021:06:55:36 +0800] "GET /api/v1/play/2380/?play_id=2380 HTTP/1.1" 200 458 "https://www.luffycity.com/" "Mozilla/5.0 (Windows NT 10.0; Win64; x64) AppleWebKit/537.36 (KHTML, like Gecko) Chrome/88.0.4324.96 Safari/537.36" 
203.208.60.66, 39.97.49.232 - - [19/Mar/2021:06:56:57 +0800] "GET /api/v1/result/ HTTP/1.1" 200 231 "-" "Mozilla/5.0 (compatible; Googlebot/2.1; +http://www.google.com/bot.html)" 
203.208.60.66, 39.97.49.232 - - [19/Mar/2021:06:56:57 +0800] "GET /api/v1/course/degree/2/?courseType=degree&id=2 HTTP/1.1" 200 654 "-" "Mozilla/5.0 (compatible; Googlebot/2.1; +http://www.google.com/bot.html)" 
106.11.155.75, 39.97.49.232 - - [19/Mar/2021:06:58:25 +0800] "GET /api/v1/auth/token/ HTTP/1.1" 200 29 "-" "Mozilla/5.0 (Windows NT 6.1; Win64; x64) AppleWebKit/537.36 (KHTML, like Gecko) Chrome/69.0.3497.81 YisouSpider/5.0 Safari/537.36" 
106.11.155.75, 39.97.49.232 - - [19/Mar/2021:06:58:25 +0800] "GET /api/v1/result/ HTTP/1.1" 200 231 "-" "Mozilla/5.0 (Windows NT 6.1; Win64; x64) AppleWebKit/537.36 (KHTML, like Gecko) Chrome/69.0.3497.81 YisouSpider/5.0 Safari/537.36" 
180.117.47.62 - - [19/Mar/2021:07:00:07 +0800] "OPTIONS /api/v1/survey/section/30916/?sectionId=30916 HTTP/1.1" 200 0 "https://www.luffycity.com/" "Mozilla/5.0 (Windows NT 10.0; Win64; x64) AppleWebKit/537.36 (KHTML, like Gecko) Chrome/89.0.4389.90 Safari/537.36" 
180.117.47.62 - - [19/Mar/2021:07:00:07 +0800] "OPTIONS /api/v1/play/30916/?play_id=30916 HTTP/1.1" 200 0 "https://www.luffycity.com/" "Mozilla/5.0 (Windows NT 10.0; Win64; x64) AppleWebKit/537.36 (KHTML, like Gecko) Chrome/89.0.4389.90 Safari/537.36" 
180.117.47.62 - - [19/Mar/2021:07:00:08 +0800] "GET /api/v1/comment/?section_id=30916&limit=10&offset=0 HTTP/1.1" 200 1643 "https://www.luffycity.com/" "Mozilla/5.0 (Windows NT 10.0; Win64; x64) AppleWebKit/537.36 (KHTML, like Gecko) Chrome/89.0.4389.90 Safari/537.36" 
180.117.47.62 - - [19/Mar/2021:07:00:08 +0800] "GET /api/v1/play/30916/?play_id=30916 HTTP/1.1" 200 414 "https://www.luffycity.com/" "Mozilla/5.0 (Windows NT 10.0; Win64; x64) AppleWebKit/537.36 (KHTML, like Gecko) Chrome/89.0.4389.90 Safari/537.36" 
112.65.184.170 - - [19/Mar/2021:07:00:57 +0800] "OPTIONS /api/v1/survey/section/16946/?sectionId=16946 HTTP/1.1" 200 0 "https://www.luffycity.com/play/16946" "Mozilla/5.0 (Windows NT 10.0; WOW64) AppleWebKit/537.36 (KHTML, like Gecko) Chrome/72.0.3626.81 Safari/537.36 SE 2.X MetaSr 1.0" 
112.65.184.170 - - [19/Mar/2021:07:00:58 +0800] "OPTIONS /api/v1/play/sections/?section_id=16949 HTTP/1.1" 200 0 "https://www.luffycity.com/play/16949" "Mozilla/5.0 (Windows NT 10.0; WOW64) AppleWebKit/537.36 (KHTML, like Gecko) Chrome/72.0.3626.81 Safari/537.36 SE 2.X MetaSr 1.0" 
112.65.184.170 - - [19/Mar/2021:07:00:58 +0800] "OPTIONS /api/v1/play/16949/?play_id=16949 HTTP/1.1" 200 0 "https://www.luffycity.com/play/16949" "Mozilla/5.0 (Windows NT 10.0; WOW64) AppleWebKit/537.36 (KHTML, like Gecko) Chrome/72.0.3626.81 Safari/537.36 SE 2.X MetaSr 1.0" 
112.65.184.170 - - [19/Mar/2021:07:00:58 +0800] "GET /api/v1/comment/?section_id=16949&limit=10&offset=0 HTTP/1.1" 200 1343 "https://www.luffycity.com/play/16949" "Mozilla/5.0 (Windows NT 10.0; WOW64) AppleWebKit/537.36 (KHTML, like Gecko) Chrome/72.0.3626.81 Safari/537.36 SE 2.X MetaSr 1.0" 
112.65.184.170 - - [19/Mar/2021:07:00:58 +0800] "GET /api/v1/play/16949/?play_id=16949 HTTP/1.1" 200 401 "https://www.luffycity.com/play/16949" "Mozilla/5.0 (Windows NT 10.0; WOW64) AppleWebKit/537.36 (KHTML, like Gecko) Chrome/72.0.3626.81 Safari/537.36 SE 2.X MetaSr 1.0" 
203.208.60.23 - - [19/Mar/2021:07:00:59 +0800] "OPTIONS /api/v1/result/enroll/?resultType=enroll&limit=2 HTTP/1.1" 200 0 "https://www.luffycity.com/" "Mozilla/5.0 AppleWebKit/537.36 (KHTML, like Gecko; compatible; Googlebot/2.1; +http://www.google.com/bot.html) Safari/537.36" 
116.7.98.78 - - [19/Mar/2021:07:03:08 +0800] "POST /api/v1/survey/section/12889/?sectionId=12889 HTTP/1.1" 200 10 "https://www.luffycity.com/" "Mozilla/5.0 (Windows NT 10.0; Win64; x64) AppleWebKit/537.36 (KHTML, like Gecko) Chrome/89.0.4389.90 Safari/537.36" 
116.7.98.78 - - [19/Mar/2021:07:03:10 +0800] "OPTIONS /api/v1/comment/?section_id=12888&limit=10&offset=0 HTTP/1.1" 200 0 "https://www.luffycity.com/" "Mozilla/5.0 (Windows NT 10.0; Win64; x64) AppleWebKit/537.36 (KHTML, like Gecko) Chrome/89.0.4389.90 Safari/537.36" 
116.7.98.78 - - [19/Mar/2021:07:03:10 +0800] "OPTIONS /api/v1/survey/section/12888/?sectionId=12888 HTTP/1.1" 200 0 "https://www.luffycity.com/" "Mozilla/5.0 (Windows NT 10.0; Win64; x64) AppleWebKit/537.36 (KHTML, like Gecko) Chrome/89.0.4389.90 Safari/537.36" 
116.7.98.78 - - [19/Mar/2021:07:03:10 +0800] "GET /api/v1/survey/section/12888/?sectionId=12888 HTTP/1.1" 200 10 "https://www.luffycity.com/" "Mozilla/5.0 (Windows NT 10.0; Win64; x64) AppleWebKit/537.36 (KHTML, like Gecko) Chrome/89.0.4389.90 Safari/537.36" 
116.7.98.78 - - [19/Mar/2021:07:03:10 +0800] "GET /api/v1/play/sections/?section_id=12888 HTTP/1.1" 200 9529 "https://www.luffycity.com/" "Mozilla/5.0 (Windows NT 10.0; Win64; x64) AppleWebKit/537.36 (KHTML, like Gecko) Chrome/89.0.4389.90 Safari/537.36" 
219.137.52.167 - - [19/Mar/2021:07:03:20 +0800] "OPTIONS /api/v1/play/sections/?section_id=30869 HTTP/1.1" 200 0 "https://www.luffycity.com/" "Mozilla/5.0 (Windows NT 10.0; Win64; x64) AppleWebKit/537.36 (KHTML, like Gecko) Chrome/88.0.4324.146 Safari/537.36" 
219.137.52.167 - - [19/Mar/2021:07:03:20 +0800] "OPTIONS /api/v1/play/30869/?play_id=30869 HTTP/1.1" 200 0 "https://www.luffycity.com/" "Mozilla/5.0 (Windows NT 10.0; Win64; x64) AppleWebKit/537.36 (KHTML, like Gecko) Chrome/88.0.4324.146 Safari/537.36" 
219.137.52.167 - - [19/Mar/2021:07:03:20 +0800] "GET /api/v1/play/sections/?section_id=30869 HTTP/1.1" 200 3344 "https://www.luffycity.com/" "Mozilla/5.0 (Windows NT 10.0; Win64; x64) AppleWebKit/537.36 (KHTML, like Gecko) Chrome/88.0.4324.146 Safari/537.36" 
219.137.52.167 - - [19/Mar/2021:07:03:20 +0800] "GET /api/v1/comment/?section_id=30869&limit=10&offset=0 HTTP/1.1" 200 1639 "https://www.luffycity.com/" "Mozilla/5.0 (Windows NT 10.0; Win64; x64) AppleWebKit/537.36 (KHTML, like Gecko) Chrome/88.0.4324.146 Safari/537.36" 
221.221.234.235, 39.97.49.232 - - [19/Mar/2021:07:04:07 +0800] "GET /api/v1/result/ HTTP/1.1" 200 231 "-" "Mozilla/5.0 (Windows NT 10.0; Win64; x64) AppleWebKit/537.36 (KHTML, like Gecko) Chrome/89.0.4389.90 Safari/537.36" 
221.221.234.235 - - [19/Mar/2021:07:04:08 +0800] "OPTIONS /api/v1/study/data/ HTTP/1.1" 200 0 "https://www.luffycity.com/" "Mozilla/5.0 (Windows NT 10.0; Win64; x64) AppleWebKit/537.36 (KHTML, like Gecko) Chrome/89.0.4389.90 Safari/537.36" 
221.221.234.235 - - [19/Mar/2021:07:04:08 +0800] "GET /api/v1/study/degrees/0/mentor/?degree_id=0 HTTP/1.1" 200 137 "https://www.luffycity.com/" "Mozilla/5.0 (Windows NT 10.0; Win64; x64) AppleWebKit/537.36 (KHTML, like Gecko) Chrome/89.0.4389.90 Safari/537.36" 
221.221.234.235 - - [19/Mar/2021:07:04:08 +0800] "OPTIONS /api/v1/study/data/?degree_id=1 HTTP/1.1" 200 0 "https://www.luffycity.com/" "Mozilla/5.0 (Windows NT 10.0; Win64; x64) AppleWebKit/537.36 (KHTML, like Gecko) Chrome/89.0.4389.90 Safari/537.36" 
221.221.234.235 - - [19/Mar/2021:07:04:08 +0800] "GET /api/v1/study/degrees/1/mentor/?degree_id=1 HTTP/1.1" 200 227 "https://www.luffycity.com/" "Mozilla/5.0 (Windows NT 10.0; Win64; x64) AppleWebKit/537.36 (KHTML, like Gecko) Chrome/89.0.4389.90 Safari/537.36" 
221.221.234.235 - - [19/Mar/2021:07:04:08 +0800] "GET /api/v1/study/data/ HTTP/1.1" 200 107 "https://www.luffycity.com/" "Mozilla/5.0 (Windows NT 10.0; Win64; x64) AppleWebKit/537.36 (KHTML, like Gecko) Chrome/89.0.4389.90 Safari/537.36" 
221.221.234.235 - - [19/Mar/2021:07:04:08 +0800] "GET /api/v1/study/data/?degree_id=1 HTTP/1.1" 200 113 "https://www.luffycity.com/" "Mozilla/5.0 (Windows NT 10.0; Win64; x64) AppleWebKit/537.36 (KHTML, like Gecko) Chrome/89.0.4389.90 Safari/537.36" 
119.123.175.254, 39.97.49.232 - - [19/Mar/2021:07:04:44 +0800] "GET /api/v1/auth/token/ HTTP/1.1" 200 391 "-" "Mozilla/5.0 (Macintosh; Intel Mac OS X 11_2_3) AppleWebKit/537.36 (KHTML, like Gecko) Chrome/89.0.4389.90 Safari/537.36" 
119.123.175.254, 39.97.49.232 - - [19/Mar/2021:07:04:44 +0800] "GET /api/v1/auth/token/ HTTP/1.1" 200 391 "-" "Mozilla/5.0 (Macintosh; Intel Mac OS X 11_2_3) AppleWebKit/537.36 (KHTML, like Gecko) Chrome/89.0.4389.90 Safari/537.36" 
113.118.134.51 - - [19/Mar/2021:07:04:45 +0800] "OPTIONS /api/v1/play/sections/?section_id=2965 HTTP/1.1" 200 0 "https://www.luffycity.com/" "Mozilla/5.0 (Macintosh; Intel Mac OS X 11_2_3) AppleWebKit/537.36 (KHTML, like Gecko) Chrome/89.0.4389.90 Safari/537.36" 
113.118.134.51 - - [19/Mar/2021:07:04:45 +0800] "OPTIONS /api/v1/survey/section/2965/?sectionId=2965 HTTP/1.1" 200 0 "https://www.luffycity.com/" "Mozilla/5.0 (Macintosh; Intel Mac OS X 11_2_3) AppleWebKit/537.36 (KHTML, like Gecko) Chrome/89.0.4389.90 Safari/537.36" 
113.118.134.51 - - [19/Mar/2021:07:04:45 +0800] "OPTIONS /api/v1/study/data/ HTTP/1.1" 200 0 "https://www.luffycity.com/" "Mozilla/5.0 (Macintosh; Intel Mac OS X 11_2_3) AppleWebKit/537.36 (KHTML, like Gecko) Chrome/89.0.4389.90 Safari/537.36" 
113.118.134.51 - - [19/Mar/2021:07:04:45 +0800] "GET /api/v1/study/degrees/0/mentor/?degree_id=0 HTTP/1.1" 200 137 "https://www.luffycity.com/" "Mozilla/5.0 (Macintosh; Intel Mac OS X 11_2_3) AppleWebKit/537.36 (KHTML, like Gecko) Chrome/89.0.4389.90 Safari/537.36" 
113.118.134.51 - - [19/Mar/2021:07:04:45 +0800] "OPTIONS /api/v1/study/data/?degree_id=2 HTTP/1.1" 200 0 "https://www.luffycity.com/" "Mozilla/5.0 (Macintosh; Intel Mac OS X 11_2_3) AppleWebKit/537.36 (KHTML, like Gecko) Chrome/89.0.4389.90 Safari/537.36" 
113.118.134.51 - - [19/Mar/2021:07:04:45 +0800] "GET /api/v1/play/sections/?section_id=2965 HTTP/1.1" 200 3479 "https://www.luffycity.com/" "Mozilla/5.0 (Macintosh; Intel Mac OS X 11_2_3) AppleWebKit/537.36 (KHTML, like Gecko) Chrome/89.0.4389.90 Safari/537.36" 
113.118.134.51 - - [19/Mar/2021:07:04:45 +0800] "GET /api/v1/play/2965/?play_id=2965 HTTP/1.1" 200 499 "https://www.luffycity.com/" "Mozilla/5.0 (Macintosh; Intel Mac OS X 11_2_3) AppleWebKit/537.36 (KHTML, like Gecko) Chrome/89.0.4389.90 Safari/537.36" 
113.118.134.51 - - [19/Mar/2021:07:04:45 +0800] "GET /api/v1/study/data/ HTTP/1.1" 200 105 "https://www.luffycity.com/" "Mozilla/5.0 (Macintosh; Intel Mac OS X 11_2_3) AppleWebKit/537.36 (KHTML, like Gecko) Chrome/89.0.4389.90 Safari/537.36" 
113.118.134.51 - - [19/Mar/2021:07:04:46 +0800] "GET /api/v1/study/degrees/2/?degree_id=2 HTTP/1.1" 200 1513 "https://www.luffycity.com/" "Mozilla/5.0 (Macintosh; Intel Mac OS X 11_2_3) AppleWebKit/537.36 (KHTML, like Gecko) Chrome/89.0.4389.90 Safari/537.36" 
113.118.134.51 - - [19/Mar/2021:07:04:46 +0800] "GET /api/v1/study/data/?degree_id=2 HTTP/1.1" 200 111 "https://www.luffycity.com/" "Mozilla/5.0 (Macintosh; Intel Mac OS X 11_2_3) AppleWebKit/537.36 (KHTML, like Gecko) Chrome/89.0.4389.90 Safari/537.36" 
203.208.60.123 - - [19/Mar/2021:07:05:55 +0800] "GET /api/v1/course/actual/123/?courseType=actual&id=123 HTTP/1.1" 200 870 "https://m.luffycity.com/actual-course/123" "Mozilla/5.0 (Linux; Android 6.0.1; Nexus 5X Build/MMB29P) AppleWebKit/537.36 (KHTML, like Gecko) Chrome/89.0.4389.93 Mobile Safari/537.36 (compatible; Googlebot/2.1; +http://www.google.com/bot.html)" 
203.208.60.108 - - [19/Mar/2021:07:05:58 +0800] "GET /api/v1/media/play/64909ecf86e943e78b91b103156a7b62/?suffix=64909ecf86e943e78b91b103156a7b62 HTTP/1.1" 200 1765 "https://m.luffycity.com/actual-course/123" "Mozilla/5.0 (Linux; Android 6.0.1; Nexus 5X Build/MMB29P) AppleWebKit/537.36 (KHTML, like Gecko) Chrome/89.0.4389.93 Mobile Safari/537.36 (compatible; Googlebot/2.1; +http://www.google.com/bot.html)" 
171.9.199.89, 39.97.49.232 - - [19/Mar/2021:07:06:15 +0800] "GET /api/v1/result/ HTTP/1.1" 200 231 "-" "Mozilla/5.0 (Windows NT 10.0; Win64; x64) AppleWebKit/537.36 (KHTML, like Gecko) Chrome/89.0.4389.90 Safari/537.36" 
171.9.199.89, 39.97.49.232 - - [19/Mar/2021:07:06:15 +0800] "GET /api/v1/course/actual/?limit=3 HTTP/1.1" 200 2342 "-" "Mozilla/5.0 (Windows NT 10.0; Win64; x64) AppleWebKit/537.36 (KHTML, like Gecko) Chrome/89.0.4389.90 Safari/537.36" 
171.9.199.89, 39.97.49.232 - - [19/Mar/2021:07:06:16 +0800] "GET /api/v1/course/home-free/?limit=3 HTTP/1.1" 200 865 "-" "Mozilla/5.0 (Windows NT 10.0; Win64; x64) AppleWebKit/537.36 (KHTML, like Gecko) Chrome/89.0.4389.90 Safari/537.36" 
171.9.199.89 - - [19/Mar/2021:07:06:17 +0800] "GET /api/v1/result/enroll/?resultType=enroll&limit=2 HTTP/1.1" 200 722 "https://www.luffycity.com/" "Mozilla/5.0 (Windows NT 10.0; Win64; x64) AppleWebKit/537.36 (KHTML, like Gecko) Chrome/89.0.4389.90 Safari/537.36" 
171.9.199.89 - - [19/Mar/2021:07:06:19 +0800] "GET /api/v1/auth/wechat/ HTTP/1.1" 200 232 "https://www.luffycity.com/" "Mozilla/5.0 (Windows NT 10.0; Win64; x64) AppleWebKit/537.36 (KHTML, like Gecko) Chrome/89.0.4389.90 Safari/537.36" 
171.9.199.89 - - [19/Mar/2021:07:06:20 +0800] "POST /api/v1/auth/password/login/?loginWay=password HTTP/1.1" 200 274 "https://www.luffycity.com/" "Mozilla/5.0 (Windows NT 10.0; Win64; x64) AppleWebKit/537.36 (KHTML, like Gecko) Chrome/89.0.4389.90 Safari/537.36" 
171.9.199.89 - - [19/Mar/2021:07:06:20 +0800] "GET /api/v1/auth/token/ HTTP/1.1" 200 383 "https://www.luffycity.com/" "Mozilla/5.0 (Windows NT 10.0; Win64; x64) AppleWebKit/537.36 (KHTML, like Gecko) Chrome/89.0.4389.90 Safari/537.36" 
175.167.136.206 - - [19/Mar/2021:07:06:21 +0800] "GET /api/v1/auth/token/ HTTP/1.1" 200 402 "https://m.luffycity.com/study/degree" "Mozilla/5.0 (Linux; Android 10; HMA-AL00; HMSCore 5.2.0.303; GMSCore 20.15.16) AppleWebKit/537.36 (KHTML, like Gecko) Chrome/83.0.4103.106 HuaweiBrowser/11.0.8.300 Mobile Safari/537.36" 
175.167.136.206 - - [19/Mar/2021:07:06:24 +0800] "GET /api/v1/auth/token/ HTTP/1.1" 200 402 "https://m.luffycity.com/account/center/home" "Mozilla/5.0 (Linux; Android 10; HMA-AL00; HMSCore 5.2.0.303; GMSCore 20.15.16) AppleWebKit/537.36 (KHTML, like Gecko) Chrome/83.0.4103.106 HuaweiBrowser/11.0.8.300 Mobile Safari/537.36" 
171.9.199.89 - - [19/Mar/2021:07:06:24 +0800] "OPTIONS /api/v1/study/data/ HTTP/1.1" 200 0 "https://www.luffycity.com/" "Mozilla/5.0 (Windows NT 10.0; Win64; x64) AppleWebKit/537.36 (KHTML, like Gecko) Chrome/89.0.4389.90 Safari/537.36" 
171.9.199.89 - - [19/Mar/2021:07:06:25 +0800] "GET /api/v1/study/degrees/0/mentor/?degree_id=0 HTTP/1.1" 200 137 "https://www.luffycity.com/" "Mozilla/5.0 (Windows NT 10.0; Win64; x64) AppleWebKit/537.36 (KHTML, like Gecko) Chrome/89.0.4389.90 Safari/537.36" 
171.9.199.89 - - [19/Mar/2021:07:06:25 +0800] "OPTIONS /api/v1/study/data/?degree_id=19 HTTP/1.1" 200 0 "https://www.luffycity.com/" "Mozilla/5.0 (Windows NT 10.0; Win64; x64) AppleWebKit/537.36 (KHTML, like Gecko) Chrome/89.0.4389.90 Safari/537.36" 
171.9.199.89 - - [19/Mar/2021:07:06:25 +0800] "GET /api/v1/study/data/ HTTP/1.1" 200 109 "https://www.luffycity.com/" "Mozilla/5.0 (Windows NT 10.0; Win64; x64) AppleWebKit/537.36 (KHTML, like Gecko) Chrome/89.0.4389.90 Safari/537.36" 
171.9.199.89 - - [19/Mar/2021:07:06:25 +0800] "GET /api/v1/study/degrees/19/mentor/?degree_id=19 HTTP/1.1" 200 212 "https://www.luffycity.com/" "Mozilla/5.0 (Windows NT 10.0; Win64; x64) AppleWebKit/537.36 (KHTML, like Gecko) Chrome/89.0.4389.90 Safari/537.36" 
171.9.199.89 - - [19/Mar/2021:07:06:25 +0800] "GET /api/v1/study/degrees/19/?degree_id=19 HTTP/1.1" 200 1349 "https://www.luffycity.com/" "Mozilla/5.0 (Windows NT 10.0; Win64; x64) AppleWebKit/537.36 (KHTML, like Gecko) Chrome/89.0.4389.90 Safari/537.36" 
175.167.136.206 - - [19/Mar/2021:07:06:40 +0800] "GET /api/v1/course/category/actual/?courseType=actual HTTP/1.1" 200 252 "https://m.luffycity.com/actual-course" "Mozilla/5.0 (Linux; Android 10; HMA-AL00; HMSCore 5.2.0.303; GMSCore 20.15.16) AppleWebKit/537.36 (KHTML, like Gecko) Chrome/83.0.4103.106 HuaweiBrowser/11.0.8.300 Mobile Safari/537.36" 
175.167.136.206 - - [19/Mar/2021:07:06:41 +0800] "GET /api/v1/auth/token/ HTTP/1.1" 200 402 "https://m.luffycity.com/actual-course" "Mozilla/5.0 (Linux; Android 10; HMA-AL00; HMSCore 5.2.0.303; GMSCore 20.15.16) AppleWebKit/537.36 (KHTML, like Gecko) Chrome/83.0.4103.106 HuaweiBrowser/11.0.8.300 Mobile Safari/537.36" 
39.97.50.217 - - [19/Mar/2021:07:10:05 +0800] "GET /api/v1/result/ HTTP/1.1" 200 231 "-" "Mozilla/5.0 (Linux; Android 6.0.1; Nexus 5X Build/MMB29P) AppleWebKit/537.36 (KHTML, like Gecko) Chrome/89.0.4389.95 Mobile Safari/537.36 (compatible; Googlebot/2.1; +http://www.google.com/bot.html)" 
39.97.50.217 - - [19/Mar/2021:07:10:06 +0800] "GET /api/v1/course/actual/160/?courseType=actual&id=160 HTTP/1.1" 200 1010 "-" "Mozilla/5.0 (Linux; Android 6.0.1; Nexus 5X Build/MMB29P) AppleWebKit/537.36 (KHTML, like Gecko) Chrome/89.0.4389.95 Mobile Safari/537.36 (compatible; Googlebot/2.1; +http://www.google.com/bot.html)" 
203.208.60.81 - - [19/Mar/2021:07:10:22 +0800] "OPTIONS /api/v1/media/play/ad8f6075beed4d1b91493560c82dff4d/?suffix=ad8f6075beed4d1b91493560c82dff4d HTTP/1.1" 200 0 "http://alpha.luffycity.com:3000/" "Mozilla/5.0 (Linux; Android 6.0.1; Nexus 5X Build/MMB29P) AppleWebKit/537.36 (KHTML, like Gecko) Chrome/89.0.4389.93 Mobile Safari/537.36 (compatible; Googlebot/2.1; +http://www.google.com/bot.html)" 
203.208.60.6 - - [19/Mar/2021:07:10:24 +0800] "GET /api/v1/media/play/ad8f6075beed4d1b91493560c82dff4d/?suffix=ad8f6075beed4d1b91493560c82dff4d HTTP/1.1" 200 1774 "http://alpha.luffycity.com:3000/" "Mozilla/5.0 (Linux; Android 6.0.1; Nexus 5X Build/MMB29P) AppleWebKit/537.36 (KHTML, like Gecko) Chrome/89.0.4389.93 Mobile Safari/537.36 (compatible; Googlebot/2.1; +http://www.google.com/bot.html)" 
171.9.199.89 - - [19/Mar/2021:07:10:51 +0800] "OPTIONS /api/v1/play/sections/?section_id=27959 HTTP/1.1" 200 0 "https://www.luffycity.com/" "Mozilla/5.0 (Windows NT 10.0; Win64; x64) AppleWebKit/537.36 (KHTML, like Gecko) Chrome/89.0.4389.90 Safari/537.36" 
171.9.199.89 - - [19/Mar/2021:07:10:51 +0800] "OPTIONS /api/v1/survey/section/27959/?sectionId=27959 HTTP/1.1" 200 0 "https://www.luffycity.com/" "Mozilla/5.0 (Windows NT 10.0; Win64; x64) AppleWebKit/537.36 (KHTML, like Gecko) Chrome/89.0.4389.90 Safari/537.36" 
171.9.199.89 - - [19/Mar/2021:07:10:51 +0800] "GET /api/v1/comment/?section_id=27959&limit=10&offset=0 HTTP/1.1" 200 69 "https://www.luffycity.com/" "Mozilla/5.0 (Windows NT 10.0; Win64; x64) AppleWebKit/537.36 (KHTML, like Gecko) Chrome/89.0.4389.90 Safari/537.36" 
171.9.199.89 - - [19/Mar/2021:07:10:51 +0800] "GET /api/v1/play/sections/?section_id=27959 HTTP/1.1" 200 1998 "https://www.luffycity.com/" "Mozilla/5.0 (Windows NT 10.0; Win64; x64) AppleWebKit/537.36 (KHTML, like Gecko) Chrome/89.0.4389.90 Safari/537.36" 
66.249.68.58 - - [19/Mar/2021:07:10:51 +0800] "GET /api/v1/comment/?course_id=145&limit=10&offset=0 HTTP/1.1" 200 1601 "https://www.luffycity.com/" "Mozilla/5.0 AppleWebKit/537.36 (KHTML, like Gecko; compatible; Googlebot/2.1; +http://www.google.com/bot.html) Chrome/89.0.4389.93 Safari/537.36" 
180.117.47.62 - - [19/Mar/2021:07:10:58 +0800] "OPTIONS /api/v1/play/30915/?play_id=30915 HTTP/1.1" 200 0 "https://www.luffycity.com/" "Mozilla/5.0 (Windows NT 10.0; Win64; x64) AppleWebKit/537.36 (KHTML, like Gecko) Chrome/89.0.4389.90 Safari/537.36" 
180.117.47.62 - - [19/Mar/2021:07:10:58 +0800] "OPTIONS /api/v1/comment/?section_id=30915&limit=10&offset=0 HTTP/1.1" 200 0 "https://www.luffycity.com/" "Mozilla/5.0 (Windows NT 10.0; Win64; x64) AppleWebKit/537.36 (KHTML, like Gecko) Chrome/89.0.4389.90 Safari/537.36" 
180.117.47.62 - - [19/Mar/2021:07:10:58 +0800] "GET /api/v1/play/sections/?section_id=30915 HTTP/1.1" 200 3292 "https://www.luffycity.com/" "Mozilla/5.0 (Windows NT 10.0; Win64; x64) AppleWebKit/537.36 (KHTML, like Gecko) Chrome/89.0.4389.90 Safari/537.36" 
180.117.47.62 - - [19/Mar/2021:07:10:58 +0800] "GET /api/v1/comment/?section_id=30915&limit=10&offset=0 HTTP/1.1" 200 1643 "https://www.luffycity.com/" "Mozilla/5.0 (Windows NT 10.0; Win64; x64) AppleWebKit/537.36 (KHTML, like Gecko) Chrome/89.0.4389.90 Safari/537.36" 
171.9.199.89 - - [19/Mar/2021:07:11:18 +0800] "POST /api/v1/survey/section/27959/?sectionId=27959 HTTP/1.1" 200 10 "https://www.luffycity.com/" "Mozilla/5.0 (Windows NT 10.0; Win64; x64) AppleWebKit/537.36 (KHTML, like Gecko) Chrome/89.0.4389.90 Safari/537.36" 
171.9.199.89 - - [19/Mar/2021:07:11:18 +0800] "OPTIONS /api/v1/comment/?section_id=27958&limit=10&offset=0 HTTP/1.1" 200 0 "https://www.luffycity.com/" "Mozilla/5.0 (Windows NT 10.0; Win64; x64) AppleWebKit/537.36 (KHTML, like Gecko) Chrome/89.0.4389.90 Safari/537.36" 
171.9.199.89 - - [19/Mar/2021:07:11:18 +0800] "OPTIONS /api/v1/survey/section/27958/?sectionId=27958 HTTP/1.1" 200 0 "https://www.luffycity.com/" "Mozilla/5.0 (Windows NT 10.0; Win64; x64) AppleWebKit/537.36 (KHTML, like Gecko) Chrome/89.0.4389.90 Safari/537.36" 
171.9.199.89 - - [19/Mar/2021:07:11:19 +0800] "GET /api/v1/survey/section/27958/?sectionId=27958 HTTP/1.1" 200 10 "https://www.luffycity.com/" "Mozilla/5.0 (Windows NT 10.0; Win64; x64) AppleWebKit/537.36 (KHTML, like Gecko) Chrome/89.0.4389.90 Safari/537.36" 
171.9.199.89 - - [19/Mar/2021:07:11:19 +0800] "GET /api/v1/comment/?section_id=27958&limit=10&offset=0 HTTP/1.1" 200 69 "https://www.luffycity.com/" "Mozilla/5.0 (Windows NT 10.0; Win64; x64) AppleWebKit/537.36 (KHTML, like Gecko) Chrome/89.0.4389.90 Safari/537.36" 
13.66.139.32, 39.97.49.232 - - [19/Mar/2021:07:11:44 +0800] "GET /api/v1/course/actual/148/?courseType=actual&id=148 HTTP/1.1" 200 1010 "-" "Mozilla/5.0 (compatible; bingbot/2.0; +http://www.bing.com/bingbot.htm)" 
113.246.93.71 - - [19/Mar/2021:07:12:23 +0800] "OPTIONS /api/v1/play/sections/?section_id=2675 HTTP/1.1" 200 0 "https://www.luffycity.com/" "Mozilla/5.0 (Windows NT 10.0; Win64; x64) AppleWebKit/537.36 (KHTML, like Gecko) Chrome/89.0.4389.82 Safari/537.36" 
113.246.93.71 - - [19/Mar/2021:07:12:23 +0800] "OPTIONS /api/v1/survey/section/2675/?sectionId=2675 HTTP/1.1" 200 0 "https://www.luffycity.com/" "Mozilla/5.0 (Windows NT 10.0; Win64; x64) AppleWebKit/537.36 (KHTML, like Gecko) Chrome/89.0.4389.82 Safari/537.36" 
113.246.93.71 - - [19/Mar/2021:07:12:23 +0800] "GET /api/v1/comment/?section_id=2675&limit=10&offset=0 HTTP/1.1" 200 1267 "https://www.luffycity.com/" "Mozilla/5.0 (Windows NT 10.0; Win64; x64) AppleWebKit/537.36 (KHTML, like Gecko) Chrome/89.0.4389.82 Safari/537.36" 
113.246.93.71 - - [19/Mar/2021:07:12:23 +0800] "GET /api/v1/play/2675/?play_id=2675 HTTP/1.1" 200 448 "https://www.luffycity.com/" "Mozilla/5.0 (Windows NT 10.0; Win64; x64) AppleWebKit/537.36 (KHTML, like Gecko) Chrome/89.0.4389.82 Safari/537.36" 
119.62.42.104, 39.97.49.232 - - [19/Mar/2021:07:15:01 +0800] "GET /api/v1/result/ HTTP/1.1" 200 231 "-" "Mozilla/5.0 (Windows NT 6.1) AppleWebKit/537.31 (KHTML, like Gecko) PhantomJS/19.0" 
119.62.42.104, 39.97.49.232 - - [19/Mar/2021:07:15:01 +0800] "GET /api/v1/index/banner/ HTTP/1.1" 200 382 "-" "Mozilla/5.0 (Windows NT 6.1) AppleWebKit/537.31 (KHTML, like Gecko) PhantomJS/19.0" 
119.62.42.104, 39.97.49.232 - - [19/Mar/2021:07:15:02 +0800] "GET /api/v1/course/actual/?limit=3 HTTP/1.1" 200 2342 "-" "Mozilla/5.0 (Windows NT 6.1) AppleWebKit/537.31 (KHTML, like Gecko) PhantomJS/19.0" 
119.62.42.104, 39.97.49.232 - - [19/Mar/2021:07:15:02 +0800] "GET /api/v1/course/degree/ HTTP/1.1" 200 951 "-" "Mozilla/5.0 (Windows NT 6.1) AppleWebKit/537.31 (KHTML, like Gecko) PhantomJS/19.0" 
119.62.42.104, 39.97.49.232 - - [19/Mar/2021:07:15:02 +0800] "GET /api/v1/course/home-free/?limit=3 HTTP/1.1" 200 865 "-" "Mozilla/5.0 (Windows NT 6.1) AppleWebKit/537.31 (KHTML, like Gecko) PhantomJS/19.0" 
119.62.42.104, 39.97.49.232 - - [19/Mar/2021:07:15:03 +0800] "GET /api/v1/course/actual/?limit=3 HTTP/1.1" 200 2342 "-" "Mozilla/5.0 (Windows NT 6.1) AppleWebKit/537.31 (KHTML, like Gecko) PhantomJS/19.0" 
60.26.153.34 - - [19/Mar/2021:07:17:04 +0800] "GET /api/v1/play/31182/?play_id=31182 HTTP/1.1" 200 393 "https://www.luffycity.com/play/31182" "Mozilla/5.0 (Macintosh; Intel Mac OS X 10_15_4) AppleWebKit/605.1.15 (KHTML, like Gecko) Version/13.1.1 Safari/605.1.15" 
60.26.153.34 - - [19/Mar/2021:07:17:04 +0800] "GET /api/v1/play/sections/?section_id=31182 HTTP/1.1" 200 3309 "https://www.luffycity.com/play/31182" "Mozilla/5.0 (Macintosh; Intel Mac OS X 10_15_4) AppleWebKit/605.1.15 (KHTML, like Gecko) Version/13.1.1 Safari/605.1.15" 
61.52.74.45, 39.97.49.232 - - [19/Mar/2021:07:17:44 +0800] "GET /api/v1/index/banner/ HTTP/1.1" 200 382 "-" "Mozilla/5.0 (Macintosh; Intel Mac OS X 10_13_6) AppleWebKit/537.36 (KHTML, like Gecko) Chrome/73.0.3683.103 Safari/537.36" 
61.52.74.45, 39.97.49.232 - - [19/Mar/2021:07:17:45 +0800] "GET /api/v1/course/actual/?limit=3 HTTP/1.1" 200 2342 "-" "Mozilla/5.0 (Macintosh; Intel Mac OS X 10_13_6) AppleWebKit/537.36 (KHTML, like Gecko) Chrome/73.0.3683.103 Safari/537.36" 
106.11.155.28 - - [19/Mar/2021:07:17:46 +0800] "OPTIONS /api/v1/result/enroll/?resultType=enroll&limit=2 HTTP/1.1" 200 0 "https://www.luffycity.com/" "Mozilla/5.0 (Macintosh; Intel Mac OS X 10_13_6) AppleWebKit/537.36 (KHTML, like Gecko) Chrome/73.0.3683.103 Safari/537.36" 
116.179.32.200, 39.97.49.232 - - [19/Mar/2021:07:18:22 +0800] "GET /api/v1/auth/token/ HTTP/1.1" 200 29 "-" "Mozilla/5.0 (compatible; Baiduspider/2.0; +http://www.baidu.com/search/spider.html)" 
116.179.32.200, 39.97.49.232 - - [19/Mar/2021:07:18:22 +0800] "GET /api/v1/course/category/actual/?courseType=actual HTTP/1.1" 200 252 "-" "Mozilla/5.0 (compatible; Baiduspider/2.0; +http://www.baidu.com/search/spider.html)" 
116.179.32.200, 39.97.49.232 - - [19/Mar/2021:07:18:22 +0800] "GET /api/v1/course/actual/?category_id=10 HTTP/1.1" 200 4865 "-" "Mozilla/5.0 (compatible; Baiduspider/2.0; +http://www.baidu.com/search/spider.html)" 
203.208.60.89, 39.97.49.232 - - [19/Mar/2021:07:18:59 +0800] "GET /api/v1/auth/token/ HTTP/1.1" 200 29 "-" "Mozilla/5.0 (compatible; Googlebot/2.1; +http://www.google.com/bot.html)" 
203.208.60.89, 39.97.49.232 - - [19/Mar/2021:07:19:00 +0800] "GET /api/v1/result/ HTTP/1.1" 200 231 "-" "Mozilla/5.0 (compatible; Googlebot/2.1; +http://www.google.com/bot.html)" 
203.208.60.89, 39.97.49.232 - - [19/Mar/2021:07:19:00 +0800] "GET /api/v1/course/category/actual/?courseType=actual HTTP/1.1" 200 252 "-" "Mozilla/5.0 (compatible; Googlebot/2.1; +http://www.google.com/bot.html)" 
61.160.122.210, 39.97.49.232 - - [19/Mar/2021:07:19:06 +0800] "GET /api/v1/result/ HTTP/1.1" 200 231 "http://c.biancheng.net/" "Mozilla/5.0 (Windows NT 6.1; Win64; x64) AppleWebKit/537.36 (KHTML, like Gecko) Chrome/86.0.4240.111 Safari/537.36" 
61.160.122.210 - - [19/Mar/2021:07:19:09 +0800] "OPTIONS /api/v1/play/sections/?section_id=28659 HTTP/1.1" 200 0 "https://www.luffycity.com/" "Mozilla/5.0 (Windows NT 6.1; Win64; x64) AppleWebKit/537.36 (KHTML, like Gecko) Chrome/86.0.4240.111 Safari/537.36" 
61.160.122.210 - - [19/Mar/2021:07:19:09 +0800] "OPTIONS /api/v1/survey/section/28659/?sectionId=28659 HTTP/1.1" 200 0 "https://www.luffycity.com/" "Mozilla/5.0 (Windows NT 6.1; Win64; x64) AppleWebKit/537.36 (KHTML, like Gecko) Chrome/86.0.4240.111 Safari/537.36" 
61.160.122.210 - - [19/Mar/2021:07:19:09 +0800] "GET /api/v1/survey/section/28659/?sectionId=28659 HTTP/1.1" 200 10 "https://www.luffycity.com/" "Mozilla/5.0 (Windows NT 6.1; Win64; x64) AppleWebKit/537.36 (KHTML, like Gecko) Chrome/86.0.4240.111 Safari/537.36" 
61.160.122.210 - - [19/Mar/2021:07:19:09 +0800] "GET /api/v1/play/sections/?section_id=28659 HTTP/1.1" 200 3468 "https://www.luffycity.com/" "Mozilla/5.0 (Windows NT 6.1; Win64; x64) AppleWebKit/537.36 (KHTML, like Gecko) Chrome/86.0.4240.111 Safari/537.36" 
106.47.113.161 - - [19/Mar/2021:07:19:25 +0800] "GET /api/v1/auth/token/ HTTP/1.1" 200 393 "https://m.luffycity.com/play/868" "Mozilla/5.0 (Linux; Android 10; HLK-AL00; HMSCore 4.0.3.308) AppleWebKit/537.36 (KHTML, like Gecko) Chrome/78.0.3904.108 HuaweiBrowser/11.0.2.301 Mobile Safari/537.36" 
106.47.113.161 - - [19/Mar/2021:07:19:25 +0800] "GET /api/v1/play/sections/?section_id=869 HTTP/1.1" 200 3104 "https://m.luffycity.com/play/869" "Mozilla/5.0 (Linux; Android 10; HLK-AL00; HMSCore 4.0.3.308) AppleWebKit/537.36 (KHTML, like Gecko) Chrome/78.0.3904.108 HuaweiBrowser/11.0.2.301 Mobile Safari/537.36" 
183.200.0.165, 39.97.49.232 - - [19/Mar/2021:07:19:44 +0800] "GET /api/v1/result/ HTTP/1.1" 200 231 "-" "Mozilla/5.0 (Windows NT 6.1) AppleWebKit/537.36 (KHTML, like Gecko) Chrome/86.0.4240.198 Safari/537.36" 
183.200.0.165, 39.97.49.232 - - [19/Mar/2021:07:19:44 +0800] "GET /api/v1/course/actual/?limit=3 HTTP/1.1" 200 2342 "-" "Mozilla/5.0 (Windows NT 6.1) AppleWebKit/537.36 (KHTML, like Gecko) Chrome/86.0.4240.198 Safari/537.36" 
183.200.0.165, 39.97.49.232 - - [19/Mar/2021:07:19:44 +0800] "GET /api/v1/course/degree/ HTTP/1.1" 200 951 "-" "Mozilla/5.0 (Windows NT 6.1) AppleWebKit/537.36 (KHTML, like Gecko) Chrome/86.0.4240.198 Safari/537.36" 
183.200.0.165 - - [19/Mar/2021:07:19:56 +0800] "GET /api/v1/result/enroll/?resultType=enroll&limit=2 HTTP/1.1" 200 722 "https://www.luffycity.com/" "Mozilla/5.0 (Windows NT 6.1) AppleWebKit/537.36 (KHTML, like Gecko) Chrome/86.0.4240.198 Safari/537.36" 
223.72.46.253 - - [19/Mar/2021:07:20:07 +0800] "OPTIONS /api/v1/survey/section/19452/?sectionId=19452 HTTP/1.1" 200 0 "https://www.luffycity.com/" "Mozilla/5.0 (Windows NT 10.0; Win64; x64) AppleWebKit/537.36 (KHTML, like Gecko) Chrome/89.0.4389.90 Safari/537.36 Edg/89.0.774.54" 
183.8.131.3 - - [19/Mar/2021:07:20:33 +0800] "GET /api/v1/study/data/ HTTP/1.1" 200 64 "https://m.luffycity.com/study/degree" "Mozilla/5.0 (Linux; U; Android 10; zh-cn; Redmi Note 7 Build/QKQ1.190910.002) AppleWebKit/537.36 (KHTML, like Gecko) Version/4.0 Chrome/79.0.3945.147 Mobile Safari/537.36 XiaoMi/MiuiBrowser/14.1.18" 
183.8.131.3 - - [19/Mar/2021:07:20:46 +0800] "POST /api/v1/auth/password/login/?loginWay=password HTTP/1.1" 200 274 "https://m.luffycity.com/signin?redirect=%2Fstudy%2Fdegree" "Mozilla/5.0 (Linux; U; Android 10; zh-cn; Redmi Note 7 Build/QKQ1.190910.002) AppleWebKit/537.36 (KHTML, like Gecko) Version/4.0 Chrome/79.0.3945.147 Mobile Safari/537.36 XiaoMi/MiuiBrowser/14.1.18" 
183.8.131.3 - - [19/Mar/2021:07:20:47 +0800] "GET /api/v1/study/degrees/ HTTP/1.1" 200 288 "https://m.luffycity.com/study/degree" "Mozilla/5.0 (Linux; U; Android 10; zh-cn; Redmi Note 7 Build/QKQ1.190910.002) AppleWebKit/537.36 (KHTML, like Gecko) Version/4.0 Chrome/79.0.3945.147 Mobile Safari/537.36 XiaoMi/MiuiBrowser/14.1.18" 
183.8.131.3 - - [19/Mar/2021:07:20:51 +0800] "GET /api/v1/auth/token/ HTTP/1.1" 200 403 "https://m.luffycity.com/study/degree" "Mozilla/5.0 (Linux; U; Android 10; zh-cn; Redmi Note 7 Build/QKQ1.190910.002) AppleWebKit/537.36 (KHTML, like Gecko) Version/4.0 Chrome/79.0.3945.147 Mobile Safari/537.36 XiaoMi/MiuiBrowser/14.1.18" 
183.8.131.3 - - [19/Mar/2021:07:20:51 +0800] "GET /api/v1/play/sections/?section_id=20730 HTTP/1.1" 200 3740 "https://m.luffycity.com/play/20730" "Mozilla/5.0 (Linux; U; Android 10; zh-cn; Redmi Note 7 Build/QKQ1.190910.002) AppleWebKit/537.36 (KHTML, like Gecko) Version/4.0 Chrome/79.0.3945.147 Mobile Safari/537.36 XiaoMi/MiuiBrowser/14.1.18" 
183.8.131.3 - - [19/Mar/2021:07:21:15 +0800] "GET /api/v1/play/20724/?play_id=20724 HTTP/1.1" 200 441 "https://m.luffycity.com/play/20730" "Mozilla/5.0 (Linux; U; Android 10; zh-cn; Redmi Note 7 Build/QKQ1.190910.002) AppleWebKit/537.36 (KHTML, like Gecko) Version/4.0 Chrome/79.0.3945.147 Mobile Safari/537.36 XiaoMi/MiuiBrowser/14.1.18" 
183.8.131.3 - - [19/Mar/2021:07:21:15 +0800] "GET /api/v1/play/20724/?play_id=20724 HTTP/1.1" 200 441 "https://m.luffycity.com/play/20724" "Mozilla/5.0 (Linux; U; Android 10; zh-cn; Redmi Note 7 Build/QKQ1.190910.002) AppleWebKit/537.36 (KHTML, like Gecko) Version/4.0 Chrome/79.0.3945.147 Mobile Safari/537.36 XiaoMi/MiuiBrowser/14.1.18" 
203.208.60.98, 39.97.49.232 - - [19/Mar/2021:07:21:45 +0800] "GET /api/v1/result/ HTTP/1.1" 200 231 "-" "Mozilla/5.0 (compatible; Googlebot/2.1; +http://www.google.com/bot.html)" 
116.7.98.78 - - [19/Mar/2021:07:21:59 +0800] "OPTIONS /api/v1/play/sections/?section_id=12890 HTTP/1.1" 200 0 "https://www.luffycity.com/" "Mozilla/5.0 (Windows NT 10.0; Win64; x64) AppleWebKit/537.36 (KHTML, like Gecko) Chrome/89.0.4389.90 Safari/537.36" 
116.7.98.78 - - [19/Mar/2021:07:21:59 +0800] "OPTIONS /api/v1/play/12890/?play_id=12890 HTTP/1.1" 200 0 "https://www.luffycity.com/" "Mozilla/5.0 (Windows NT 10.0; Win64; x64) AppleWebKit/537.36 (KHTML, like Gecko) Chrome/89.0.4389.90 Safari/537.36" 
116.7.98.78 - - [19/Mar/2021:07:21:59 +0800] "GET /api/v1/comment/?section_id=12890&limit=10&offset=0 HTTP/1.1" 200 69 "https://www.luffycity.com/" "Mozilla/5.0 (Windows NT 10.0; Win64; x64) AppleWebKit/537.36 (KHTML, like Gecko) Chrome/89.0.4389.90 Safari/537.36" 
116.7.98.78 - - [19/Mar/2021:07:21:59 +0800] "GET /api/v1/play/sections/?section_id=12890 HTTP/1.1" 200 9527 "https://www.luffycity.com/" "Mozilla/5.0 (Windows NT 10.0; Win64; x64) AppleWebKit/537.36 (KHTML, like Gecko) Chrome/89.0.4389.90 Safari/537.36" 
60.26.153.34 - - [19/Mar/2021:07:22:22 +0800] "OPTIONS /api/v1/play/sections/?section_id=31183 HTTP/1.1" 200 0 "https://www.luffycity.com/" "Mozilla/5.0 (Macintosh; Intel Mac OS X 10_15_4) AppleWebKit/605.1.15 (KHTML, like Gecko) Version/13.1.1 Safari/605.1.15" 
60.26.153.34 - - [19/Mar/2021:07:22:22 +0800] "OPTIONS /api/v1/play/31183/?play_id=31183 HTTP/1.1" 200 0 "https://www.luffycity.com/" "Mozilla/5.0 (Macintosh; Intel Mac OS X 10_15_4) AppleWebKit/605.1.15 (KHTML, like Gecko) Version/13.1.1 Safari/605.1.15" 
60.26.153.34 - - [19/Mar/2021:07:22:22 +0800] "GET /api/v1/comment/?section_id=31183&limit=10&offset=0 HTTP/1.1" 200 521 "https://www.luffycity.com/play/31183" "Mozilla/5.0 (Macintosh; Intel Mac OS X 10_15_4) AppleWebKit/605.1.15 (KHTML, like Gecko) Version/13.1.1 Safari/605.1.15" 
60.26.153.34 - - [19/Mar/2021:07:22:22 +0800] "GET /api/v1/play/sections/?section_id=31183 HTTP/1.1" 200 3309 "https://www.luffycity.com/play/31183" "Mozilla/5.0 (Macintosh; Intel Mac OS X 10_15_4) AppleWebKit/605.1.15 (KHTML, like Gecko) Version/13.1.1 Safari/605.1.15" 
112.96.193.124 - - [19/Mar/2021:07:22:39 +0800] "GET /api/v1/auth/token/ HTTP/1.1" 200 29 "https://m.luffycity.com/activity/python-8days-camp?source=APELAND" "Mozilla/5.0 (iPhone; CPU iPhone OS 10_3_2 like Mac OS X) AppleWebKit/603.2.4 (KHTML, like Gecko) Version/10.0 Mobile/14F89 Safari/602.1" 
117.136.107.212 - - [19/Mar/2021:07:23:00 +0800] "GET /api/v1/auth/token/ HTTP/1.1" 200 29 "https://m.luffycity.com/activity/python-8days-camp?source=APELAND" "Mozilla/5.0 (Linux; Android 11; Mi 10 Build/RKQ1.200826.002; wv) AppleWebKit/537.36 (KHTML, like Gecko) Version/4.0 Chrome/77.0.3865.120 MQQBrowser/6.2 TBS/045514 Mobile Safari/537.36 V1_AND_SQ_8.5.5_1630_YYB_D A_8050500 QQ/8.5.5.5105 NetType/4G WebP/0.3.0 Pixel/1080 StatusBarHeight/90 SimpleUISwitch/0 QQTheme/1000 InMagicWin/0" 
112.96.193.124 - - [19/Mar/2021:07:23:08 +0800] "GET /api/v1/auth/token/ HTTP/1.1" 200 29 "https://m.luffycity.com/404?source=APELAND" "Mozilla/5.0 (iPhone; CPU iPhone OS 10_3_2 like Mac OS X) AppleWebKit/603.2.4 (KHTML, like Gecko) Version/10.0 Mobile/14F89 Safari/602.1" 
112.96.193.124 - - [19/Mar/2021:07:23:08 +0800] "GET /api/v1/course/actual/?category_id=1 HTTP/1.1" 200 6892 "https://m.luffycity.com/actual-course" "Mozilla/5.0 (iPhone; CPU iPhone OS 10_3_2 like Mac OS X) AppleWebKit/603.2.4 (KHTML, like Gecko) Version/10.0 Mobile/14F89 Safari/602.1" 
180.163.220.3 - - [19/Mar/2021:07:23:17 +0800] "GET /api/v1/play/869/?play_id=869 HTTP/1.1" 200 64 "https://m.luffycity.com/play/869" "Mozilla/5.0 (Linux; U; Android 8.1.0; zh-CN; EML-AL00 Build/HUAWEIEML-AL00) AppleWebKit/537.36 (KHTML, like Gecko) Version/4.0 Chrome/57.0.2987.108 baidu.sogo.uc.UCBrowser/11.9.4.974 UWS/2.13.1.48 Mobile Safari/537.36 AliApp(DingTalk/4.5.11) com.alibaba.android.rimet/10487439 Channel/227200 language/zh-CN" 
112.96.193.124 - - [19/Mar/2021:07:23:24 +0800] "GET /api/v1/course/actual/?category_id=13 HTTP/1.1" 200 2128 "https://m.luffycity.com/actual-course" "Mozilla/5.0 (iPhone; CPU iPhone OS 10_3_2 like Mac OS X) AppleWebKit/603.2.4 (KHTML, like Gecko) Version/10.0 Mobile/14F89 Safari/602.1" 
112.96.193.124 - - [19/Mar/2021:07:23:40 +0800] "GET /api/v1/course/actual/?category_id=2 HTTP/1.1" 200 5609 "https://m.luffycity.com/actual-course" "Mozilla/5.0 (iPhone; CPU iPhone OS 10_3_2 like Mac OS X) AppleWebKit/603.2.4 (KHTML, like Gecko) Version/10.0 Mobile/14F89 Safari/602.1" 
112.96.193.124 - - [19/Mar/2021:07:24:23 +0800] "GET /api/v1/course/actual/?category_id=11 HTTP/1.1" 200 1650 "https://m.luffycity.com/actual-course" "Mozilla/5.0 (iPhone; CPU iPhone OS 10_3_2 like Mac OS X) AppleWebKit/603.2.4 (KHTML, like Gecko) Version/10.0 Mobile/14F89 Safari/602.1" 
112.96.193.124 - - [19/Mar/2021:07:24:34 +0800] "GET /api/v1/course/actual/150/payment/?courseType=actual&id=150 HTTP/1.1" 200 301 "https://m.luffycity.com/actual-course/150/detail" "Mozilla/5.0 (iPhone; CPU iPhone OS 10_3_2 like Mac OS X) AppleWebKit/603.2.4 (KHTML, like Gecko) Version/10.0 Mobile/14F89 Safari/602.1" 
112.96.193.124 - - [19/Mar/2021:07:24:34 +0800] "GET /api/v1/media/play/undefined/ HTTP/1.1" 200 64 "https://m.luffycity.com/actual-course/150/detail" "Mozilla/5.0 (iPhone; CPU iPhone OS 10_3_2 like Mac OS X) AppleWebKit/603.2.4 (KHTML, like Gecko) Version/10.0 Mobile/14F89 Safari/602.1" 
112.96.193.124 - - [19/Mar/2021:07:24:49 +0800] "GET /api/v1/auth/token/ HTTP/1.1" 200 29 "https://m.luffycity.com/actual-course" "Mozilla/5.0 (iPhone; CPU iPhone OS 10_3_2 like Mac OS X) AppleWebKit/603.2.4 (KHTML, like Gecko) Version/10.0 Mobile/14F89 Safari/602.1" 
112.96.193.124 - - [19/Mar/2021:07:24:53 +0800] "GET /api/v1/auth/token/ HTTP/1.1" 200 29 "https://m.luffycity.com/404?source=APELAND" "Mozilla/5.0 (iPhone; CPU iPhone OS 10_3_2 like Mac OS X) AppleWebKit/603.2.4 (KHTML, like Gecko) Version/10.0 Mobile/14F89 Safari/602.1" 
112.96.193.124 - - [19/Mar/2021:07:25:06 +0800] "GET /api/v1/auth/token/ HTTP/1.1" 200 29 "https://m.luffycity.com/" "Mozilla/5.0 (iPhone; CPU iPhone OS 10_3_2 like Mac OS X) AppleWebKit/603.2.4 (KHTML, like Gecko) Version/10.0 Mobile/14F89 Safari/602.1" 
112.96.193.124 - - [19/Mar/2021:07:25:06 +0800] "GET /api/v1/course/degree/4/?courseType=degree&id=4 HTTP/1.1" 200 629 "https://m.luffycity.com/employment-course/4/detail" "Mozilla/5.0 (iPhone; CPU iPhone OS 10_3_2 like Mac OS X) AppleWebKit/603.2.4 (KHTML, like Gecko) Version/10.0 Mobile/14F89 Safari/602.1" 
117.136.107.212 - - [19/Mar/2021:07:25:08 +0800] "GET /api/v1/auth/token/ HTTP/1.1" 200 29 "https://m.luffycity.com/404?source=APELAND" "Mozilla/5.0 (Linux; Android 11; Mi 10 Build/RKQ1.200826.002; wv) AppleWebKit/537.36 (KHTML, like Gecko) Version/4.0 Chrome/78.0.3904.62 XWEB/2759 MMWEBSDK/201201 Mobile Safari/537.36 MMWEBID/722 MicroMessenger/8.0.1.1841(0x2800015D) Process/toolsmp WeChat/arm64 Weixin NetType/4G Language/zh_CN ABI/arm64" 
112.96.193.124 - - [19/Mar/2021:07:25:16 +0800] "GET /api/v1/auth/token/ HTTP/1.1" 200 29 "https://m.luffycity.com/employment-course/4/detail" "Mozilla/5.0 (iPhone; CPU iPhone OS 10_3_2 like Mac OS X) AppleWebKit/603.2.4 (KHTML, like Gecko) Version/10.0 Mobile/14F89 Safari/602.1" 
112.96.193.124 - - [19/Mar/2021:07:25:17 +0800] "GET /api/v1/course/degree/4/?courseType=degree&id=4 HTTP/1.1" 200 629 "https://m.luffycity.com/employment-course/4/detail" "Mozilla/5.0 (iPhone; CPU iPhone OS 10_3_2 like Mac OS X) AppleWebKit/603.2.4 (KHTML, like Gecko) Version/10.0 Mobile/14F89 Safari/602.1" 
112.96.193.124 - - [19/Mar/2021:07:25:19 +0800] "GET /api/v1/auth/token/ HTTP/1.1" 200 29 "https://m.luffycity.com/" "Mozilla/5.0 (iPhone; CPU iPhone OS 10_3_2 like Mac OS X) AppleWebKit/603.2.4 (KHTML, like Gecko) Version/10.0 Mobile/14F89 Safari/602.1" 
117.136.107.212 - - [19/Mar/2021:07:25:25 +0800] "GET /api/v1/auth/token/ HTTP/1.1" 200 29 "https://m.luffycity.com/" "Mozilla/5.0 (Linux; Android 11; Mi 10 Build/RKQ1.200826.002; wv) AppleWebKit/537.36 (KHTML, like Gecko) Version/4.0 Chrome/78.0.3904.62 XWEB/2759 MMWEBSDK/201201 Mobile Safari/537.36 MMWEBID/722 MicroMessenger/8.0.1.1841(0x2800015D) Process/toolsmp WeChat/arm64 Weixin NetType/4G Language/zh_CN ABI/arm64" 
171.9.199.89 - - [19/Mar/2021:07:25:30 +0800] "OPTIONS /api/v1/comment/?section_id=27965&limit=10&offset=0 HTTP/1.1" 200 0 "https://www.luffycity.com/" "Mozilla/5.0 (Windows NT 10.0; Win64; x64) AppleWebKit/537.36 (KHTML, like Gecko) Chrome/89.0.4389.90 Safari/537.36" 
171.9.199.89 - - [19/Mar/2021:07:25:30 +0800] "OPTIONS /api/v1/survey/section/27965/?sectionId=27965 HTTP/1.1" 200 0 "https://www.luffycity.com/" "Mozilla/5.0 (Windows NT 10.0; Win64; x64) AppleWebKit/537.36 (KHTML, like Gecko) Chrome/89.0.4389.90 Safari/537.36" 
171.9.199.89 - - [19/Mar/2021:07:25:30 +0800] "GET /api/v1/survey/section/27965/?sectionId=27965 HTTP/1.1" 200 10 "https://www.luffycity.com/" "Mozilla/5.0 (Windows NT 10.0; Win64; x64) AppleWebKit/537.36 (KHTML, like Gecko) Chrome/89.0.4389.90 Safari/537.36" 
171.9.199.89 - - [19/Mar/2021:07:25:31 +0800] "GET /api/v1/play/27965/?play_id=27965 HTTP/1.1" 200 441 "https://www.luffycity.com/" "Mozilla/5.0 (Windows NT 10.0; Win64; x64) AppleWebKit/537.36 (KHTML, like Gecko) Chrome/89.0.4389.90 Safari/537.36" 
117.136.107.212 - - [19/Mar/2021:07:25:32 +0800] "GET /api/v1/auth/token/ HTTP/1.1" 200 29 "https://m.luffycity.com/404?source=APELAND" "Mozilla/5.0 (Linux; Android 11; Mi 10 Build/RKQ1.200826.002; wv) AppleWebKit/537.36 (KHTML, like Gecko) Version/4.0 Chrome/78.0.3904.62 XWEB/2759 MMWEBSDK/201201 Mobile Safari/537.36 MMWEBID/722 MicroMessenger/8.0.1.1841(0x2800015D) Process/toolsmp WeChat/arm64 Weixin NetType/4G Language/zh_CN ABI/arm64" 
112.96.193.124 - - [19/Mar/2021:07:25:34 +0800] "GET /api/v1/course/degree/3/?courseType=degree&id=3 HTTP/1.1" 200 682 "https://m.luffycity.com/employment-course/3/detail" "Mozilla/5.0 (iPhone; CPU iPhone OS 10_3_2 like Mac OS X) AppleWebKit/603.2.4 (KHTML, like Gecko) Version/10.0 Mobile/14F89 Safari/602.1" 
171.9.199.89 - - [19/Mar/2021:07:25:35 +0800] "GET /api/v1/survey/section/27958/?sectionId=27958 HTTP/1.1" 200 10 "https://www.luffycity.com/" "Mozilla/5.0 (Windows NT 10.0; Win64; x64) AppleWebKit/537.36 (KHTML, like Gecko) Chrome/89.0.4389.90 Safari/537.36" 
171.9.199.89 - - [19/Mar/2021:07:25:35 +0800] "GET /api/v1/comment/?section_id=27958&limit=10&offset=0 HTTP/1.1" 200 69 "https://www.luffycity.com/" "Mozilla/5.0 (Windows NT 10.0; Win64; x64) AppleWebKit/537.36 (KHTML, like Gecko) Chrome/89.0.4389.90 Safari/537.36" 
112.96.193.124 - - [19/Mar/2021:07:25:47 +0800] "GET /api/v1/auth/token/ HTTP/1.1" 200 29 "https://m.luffycity.com/employment-course/3/detail" "Mozilla/5.0 (iPhone; CPU iPhone OS 10_3_2 like Mac OS X) AppleWebKit/603.2.4 (KHTML, like Gecko) Version/10.0 Mobile/14F89 Safari/602.1" 
112.96.193.124 - - [19/Mar/2021:07:25:47 +0800] "GET /api/v1/course/degree/3/sections/?courseType=degree&id=3 HTTP/1.1" 200 10792 "https://m.luffycity.com/employment-course/3/chapter" "Mozilla/5.0 (iPhone; CPU iPhone OS 10_3_2 like Mac OS X) AppleWebKit/603.2.4 (KHTML, like Gecko) Version/10.0 Mobile/14F89 Safari/602.1" 
39.97.50.217 - - [19/Mar/2021:07:25:52 +0800] "GET /api/v1/auth/token/ HTTP/1.1" 200 29 "-" "Mozilla/5.0 (compatible; CensysInspect/1.1; +https://about.censys.io/)" 
39.97.50.217 - - [19/Mar/2021:07:25:53 +0800] "GET /api/v1/result/ HTTP/1.1" 200 231 "-" "Mozilla/5.0 (compatible; CensysInspect/1.1; +https://about.censys.io/)" 
39.97.50.217 - - [19/Mar/2021:07:25:53 +0800] "GET /api/v1/index/banner/ HTTP/1.1" 200 382 "-" "Mozilla/5.0 (compatible; CensysInspect/1.1; +https://about.censys.io/)" 
112.96.193.124 - - [19/Mar/2021:07:26:02 +0800] "GET /api/v1/auth/token/ HTTP/1.1" 200 29 "https://m.luffycity.com/" "Mozilla/5.0 (iPhone; CPU iPhone OS 10_3_2 like Mac OS X) AppleWebKit/603.2.4 (KHTML, like Gecko) Version/10.0 Mobile/14F89 Safari/602.1" 
112.96.193.124 - - [19/Mar/2021:07:26:02 +0800] "GET /api/v1/course/degree/4/teacher/?id=4 HTTP/1.1" 200 4264 "https://m.luffycity.com/employment-course/4/detail" "Mozilla/5.0 (iPhone; CPU iPhone OS 10_3_2 like Mac OS X) AppleWebKit/603.2.4 (KHTML, like Gecko) Version/10.0 Mobile/14F89 Safari/602.1" 
112.96.193.124 - - [19/Mar/2021:07:26:19 +0800] "GET /api/v1/auth/token/ HTTP/1.1" 200 29 "https://m.luffycity.com/" "Mozilla/5.0 (iPhone; CPU iPhone OS 10_3_2 like Mac OS X) AppleWebKit/603.2.4 (KHTML, like Gecko) Version/10.0 Mobile/14F89 Safari/602.1" 
203.208.60.121, 39.97.49.232 - - [19/Mar/2021:07:26:20 +0800] "GET /api/v1/auth/token/ HTTP/1.1" 200 29 "-" "Mozilla/5.0 (compatible; Googlebot/2.1; +http://www.google.com/bot.html)" 
203.208.60.121, 39.97.49.232 - - [19/Mar/2021:07:26:20 +0800] "GET /api/v1/course/degree/1/?courseType=degree&id=1 HTTP/1.1" 200 711 "-" "Mozilla/5.0 (compatible; Googlebot/2.1; +http://www.google.com/bot.html)" 
203.208.60.121, 39.97.49.232 - - [19/Mar/2021:07:26:20 +0800] "GET /api/v1/course/degree/1/teacher/?id=1 HTTP/1.1" 200 4002 "-" "Mozilla/5.0 (compatible; Googlebot/2.1; +http://www.google.com/bot.html)" 
112.96.193.124 - - [19/Mar/2021:07:26:49 +0800] "GET /api/v1/auth/token/ HTTP/1.1" 200 29 "https://m.luffycity.com/" "Mozilla/5.0 (iPhone; CPU iPhone OS 10_3_2 like Mac OS X) AppleWebKit/603.2.4 (KHTML, like Gecko) Version/10.0 Mobile/14F89 Safari/602.1" 
112.96.193.124 - - [19/Mar/2021:07:27:03 +0800] "GET /api/v1/auth/token/ HTTP/1.1" 200 29 "https://m.luffycity.com/" "Mozilla/5.0 (iPhone; CPU iPhone OS 10_3_2 like Mac OS X) AppleWebKit/603.2.4 (KHTML, like Gecko) Version/10.0 Mobile/14F89 Safari/602.1" 
112.96.193.124 - - [19/Mar/2021:07:27:15 +0800] "GET /api/v1/auth/token/ HTTP/1.1" 200 29 "https://m.luffycity.com/actual-course" "Mozilla/5.0 (iPhone; CPU iPhone OS 10_3_2 like Mac OS X) AppleWebKit/603.2.4 (KHTML, like Gecko) Version/10.0 Mobile/14F89 Safari/602.1" 
112.96.193.124 - - [19/Mar/2021:07:27:17 +0800] "GET /api/v1/auth/token/ HTTP/1.1" 200 29 "https://m.luffycity.com/404?source=APELAND" "Mozilla/5.0 (iPhone; CPU iPhone OS 10_3_2 like Mac OS X) AppleWebKit/603.2.4 (KHTML, like Gecko) Version/10.0 Mobile/14F89 Safari/602.1" 
