116.24.106.178 - - [19/Mar/2021:16:29:15 +0800] "POST /api/v1/sms/send/ HTTP/1.1" 200 31 "https://www.luffycity.com/" "Mozilla/5.0 (Windows NT 10.0; Win64; x64) AppleWebKit/537.36 (KHTML, like Gecko) Chrome/89.0.4389.90 Safari/537.36" 
223.104.3.238 - - [19/Mar/2021:16:29:19 +0800] "OPTIONS /api/v1/result/note/?resultType=note&limit=10 HTTP/1.1" 200 0 "https://www.luffycity.com/" "Mozilla/5.0 (Windows NT 6.1; Win64; x64) AppleWebKit/537.36 (KHTML, like Gecko) Chrome/89.0.4389.90 Safari/537.36 FS" 
116.24.106.178 - - [19/Mar/2021:16:29:30 +0800] "POST /api/v1/auth/register/?loginWay=password HTTP/1.1" 200 295 "https://www.luffycity.com/" "Mozilla/5.0 (Windows NT 10.0; Win64; x64) AppleWebKit/537.36 (KHTML, like Gecko) Chrome/89.0.4389.90 Safari/537.36" 
116.24.106.178 - - [19/Mar/2021:16:29:30 +0800] "GET /api/v1/auth/token/ HTTP/1.1" 200 375 "https://www.luffycity.com/" "Mozilla/5.0 (Windows NT 10.0; Win64; x64) AppleWebKit/537.36 (KHTML, like Gecko) Chrome/89.0.4389.90 Safari/537.36" 
221.10.55.218 - - [19/Mar/2021:16:29:31 +0800] "OPTIONS /api/v1/play/14388/?play_id=14388 HTTP/1.1" 200 0 "https://www.luffycity.com/play/14388" "Mozilla/5.0 (Windows NT 10.0; WOW64) AppleWebKit/537.36 (KHTML, like Gecko) Chrome/78.0.3904.108 Safari/537.36" 
221.10.55.218 - - [19/Mar/2021:16:29:31 +0800] "OPTIONS /api/v1/survey/section/14388/?sectionId=14388 HTTP/1.1" 200 0 "https://www.luffycity.com/play/14388" "Mozilla/5.0 (Windows NT 10.0; WOW64) AppleWebKit/537.36 (KHTML, like Gecko) Chrome/78.0.3904.108 Safari/537.36" 
221.10.55.218 - - [19/Mar/2021:16:29:31 +0800] "GET /api/v1/survey/section/14388/?sectionId=14388 HTTP/1.1" 200 10 "https://www.luffycity.com/play/14388" "Mozilla/5.0 (Windows NT 10.0; WOW64) AppleWebKit/537.36 (KHTML, like Gecko) Chrome/78.0.3904.108 Safari/537.36" 
221.10.55.218 - - [19/Mar/2021:16:29:31 +0800] "GET /api/v1/play/sections/?section_id=14388 HTTP/1.1" 200 3107 "https://www.luffycity.com/play/14388" "Mozilla/5.0 (Windows NT 10.0; WOW64) AppleWebKit/537.36 (KHTML, like Gecko) Chrome/78.0.3904.108 Safari/537.36" 
223.75.234.115 - - [19/Mar/2021:16:29:32 +0800] "OPTIONS /api/v1/play/27170/?play_id=27170 HTTP/1.1" 200 0 "https://www.luffycity.com/" "Mozilla/5.0 (Windows NT 10.0; Win64; x64) AppleWebKit/537.36 (KHTML, like Gecko) Chrome/87.0.4280.88 Safari/537.36" 
223.75.234.115 - - [19/Mar/2021:16:29:32 +0800] "OPTIONS /api/v1/survey/section/27170/?sectionId=27170 HTTP/1.1" 200 0 "https://www.luffycity.com/" "Mozilla/5.0 (Windows NT 10.0; Win64; x64) AppleWebKit/537.36 (KHTML, like Gecko) Chrome/87.0.4280.88 Safari/537.36" 
223.75.234.115 - - [19/Mar/2021:16:29:32 +0800] "GET /api/v1/survey/section/27170/?sectionId=27170 HTTP/1.1" 200 32 "https://www.luffycity.com/" "Mozilla/5.0 (Windows NT 10.0; Win64; x64) AppleWebKit/537.36 (KHTML, like Gecko) Chrome/87.0.4280.88 Safari/537.36" 
223.75.234.115 - - [19/Mar/2021:16:29:32 +0800] "GET /api/v1/comment/?section_id=27170&limit=10&offset=0 HTTP/1.1" 200 69 "https://www.luffycity.com/" "Mozilla/5.0 (Windows NT 10.0; Win64; x64) AppleWebKit/537.36 (KHTML, like Gecko) Chrome/87.0.4280.88 Safari/537.36" 
116.24.106.178 - - [19/Mar/2021:16:29:32 +0800] "POST /api/v1/pay/create/ HTTP/1.1" 200 88 "https://www.luffycity.com/" "Mozilla/5.0 (Windows NT 10.0; Win64; x64) AppleWebKit/537.36 (KHTML, like Gecko) Chrome/89.0.4389.90 Safari/537.36" 
112.43.100.94 - - [19/Mar/2021:16:29:33 +0800] "GET /api/v1/study/courses/ HTTP/1.1" 200 491 "https://m.luffycity.com/study/special" "Mozilla/5.0 (Windows NT 10.0; Win64; x64) AppleWebKit/537.36 (KHTML, like Gecko) Chrome/89.0.4389.90 Safari/537.36 Edg/89.0.774.54" 
112.43.100.94 - - [19/Mar/2021:16:29:35 +0800] "GET /api/v1/study/degrees/ HTTP/1.1" 200 286 "https://m.luffycity.com/study/degree" "Mozilla/5.0 (Windows NT 10.0; Win64; x64) AppleWebKit/537.36 (KHTML, like Gecko) Chrome/89.0.4389.90 Safari/537.36 Edg/89.0.774.54" 
223.104.3.238 - - [19/Mar/2021:16:29:35 +0800] "OPTIONS /api/v1/result/homework/?resultType=homework&limit=4 HTTP/1.1" 200 0 "https://www.luffycity.com/" "Mozilla/5.0 (Windows NT 6.1; Win64; x64) AppleWebKit/537.36 (KHTML, like Gecko) Chrome/89.0.4389.90 Safari/537.36 FS" 
223.104.3.238 - - [19/Mar/2021:16:29:35 +0800] "GET /api/v1/result/homework/?resultType=homework&limit=4 HTTP/1.1" 200 2075 "https://www.luffycity.com/" "Mozilla/5.0 (Windows NT 6.1; Win64; x64) AppleWebKit/537.36 (KHTML, like Gecko) Chrome/89.0.4389.90 Safari/537.36 FS" 
119.57.65.134, 39.97.49.232 - - [19/Mar/2021:16:29:35 +0800] "GET /api/v1/auth/token/ HTTP/1.1" 200 29 "https://v3.bootcss.com/" "Mozilla/5.0 (Macintosh; Intel Mac OS X 10_15_6) AppleWebKit/605.1.15 (KHTML, like Gecko) Version/14.0.3 Safari/605.1.15" 
119.57.65.134 - - [19/Mar/2021:16:29:36 +0800] "GET /api/v1/activity/survey/?course_id=256 HTTP/1.1" 200 11 "https://www.luffycity.com/activity/vue-camp?source=bootcss" "Mozilla/5.0 (Macintosh; Intel Mac OS X 10_15_6) AppleWebKit/605.1.15 (KHTML, like Gecko) Version/14.0.3 Safari/605.1.15" 
111.207.202.8 - - [19/Mar/2021:16:29:45 +0800] "GET /api/v1/auth/wechat/ HTTP/1.1" 200 232 "https://www.luffycity.com/" "Mozilla/5.0 (Windows NT 6.1; WOW64) AppleWebKit/537.36 (KHTML, like Gecko) Chrome/89.0.4389.90 Safari/537.36" 
111.207.202.8 - - [19/Mar/2021:16:29:47 +0800] "GET /api/v1/auth/captcha/ HTTP/1.1" 200 137 "https://www.luffycity.com/" "Mozilla/5.0 (Windows NT 6.1; WOW64) AppleWebKit/537.36 (KHTML, like Gecko) Chrome/89.0.4389.90 Safari/537.36" 
112.43.100.94 - - [19/Mar/2021:16:29:48 +0800] "GET /api/v1/auth/token/ HTTP/1.1" 200 402 "https://m.luffycity.com/study/degree" "Mozilla/5.0 (Windows NT 10.0; Win64; x64) AppleWebKit/537.36 (KHTML, like Gecko) Chrome/89.0.4389.90 Safari/537.36 Edg/89.0.774.54" 
124.65.96.6, 39.97.49.232 - - [19/Mar/2021:16:29:48 +0800] "GET /api/v1/auth/token/ HTTP/1.1" 200 29 "https://v3.bootcss.com/" "Mozilla/5.0 (Windows NT 10.0; Win64; x64; rv:86.0) Gecko/20100101 Firefox/86.0" 
125.114.254.176, 39.97.49.232 - - [19/Mar/2021:16:29:49 +0800] "GET /api/v1/index/banner/ HTTP/1.1" 200 382 "-" "Mozilla/5.0 (Windows NT 10.0; Win64; x64) AppleWebKit/537.36 (KHTML, like Gecko) Chrome/89.0.4389.90 Safari/537.36 Edg/89.0.774.54" 
125.114.254.176, 39.97.49.232 - - [19/Mar/2021:16:29:49 +0800] "GET /api/v1/course/actual/?limit=3 HTTP/1.1" 200 2342 "-" "Mozilla/5.0 (Windows NT 10.0; Win64; x64) AppleWebKit/537.36 (KHTML, like Gecko) Chrome/89.0.4389.90 Safari/537.36 Edg/89.0.774.54" 
125.114.254.176, 39.97.49.232 - - [19/Mar/2021:16:29:49 +0800] "GET /api/v1/course/degree/ HTTP/1.1" 200 949 "-" "Mozilla/5.0 (Windows NT 10.0; Win64; x64) AppleWebKit/537.36 (KHTML, like Gecko) Chrome/89.0.4389.90 Safari/537.36 Edg/89.0.774.54" 
124.65.96.6 - - [19/Mar/2021:16:29:49 +0800] "GET /api/v1/activity/survey/?course_id=256 HTTP/1.1" 200 11 "https://www.luffycity.com/activity/vue-camp?source=bootcss" "Mozilla/5.0 (Windows NT 10.0; Win64; x64; rv:86.0) Gecko/20100101 Firefox/86.0" 
125.114.254.176 - - [19/Mar/2021:16:29:52 +0800] "GET /api/v1/result/enroll/?resultType=enroll&limit=2 HTTP/1.1" 200 1881 "https://www.luffycity.com/" "Mozilla/5.0 (Windows NT 10.0; Win64; x64) AppleWebKit/537.36 (KHTML, like Gecko) Chrome/89.0.4389.90 Safari/537.36 Edg/89.0.774.54" 
112.43.100.94 - - [19/Mar/2021:16:29:54 +0800] "GET /api/v1/auth/token/ HTTP/1.1" 200 402 "https://m.luffycity.com/" "Mozilla/5.0 (Windows NT 10.0; Win64; x64) AppleWebKit/537.36 (KHTML, like Gecko) Chrome/89.0.4389.90 Safari/537.36 Edg/89.0.774.54" 
112.43.100.94 - - [19/Mar/2021:16:29:54 +0800] "GET /api/v1/course/actual/?category_id=1 HTTP/1.1" 200 6892 "https://m.luffycity.com/actual-course" "Mozilla/5.0 (Windows NT 10.0; Win64; x64) AppleWebKit/537.36 (KHTML, like Gecko) Chrome/89.0.4389.90 Safari/537.36 Edg/89.0.774.54" 
111.207.202.8 - - [19/Mar/2021:16:29:55 +0800] "GET /api/v1/check/mobile/?field=mobile&mobile=13051391292 HTTP/1.1" 200 33 "https://www.luffycity.com/" "Mozilla/5.0 (Windows NT 6.1; WOW64) AppleWebKit/537.36 (KHTML, like Gecko) Chrome/89.0.4389.90 Safari/537.36" 
183.200.112.22, 39.97.49.232 - - [19/Mar/2021:16:29:55 +0800] "GET /api/v1/auth/token/ HTTP/1.1" 200 29 "http://c.biancheng.net/view/vip_3229.html" "Mozilla/5.0 (Windows NT 10.0; Win64; x64; rv:86.0) Gecko/20100101 Firefox/86.0" 
183.200.112.22, 39.97.49.232 - - [19/Mar/2021:16:29:56 +0800] "GET /api/v1/result/ HTTP/1.1" 200 231 "http://c.biancheng.net/view/vip_3229.html" "Mozilla/5.0 (Windows NT 10.0; Win64; x64; rv:86.0) Gecko/20100101 Firefox/86.0" 
183.200.112.22 - - [19/Mar/2021:16:29:57 +0800] "OPTIONS /api/v1/activity/survey/?course_id=252 HTTP/1.1" 200 0 "https://www.luffycity.com/activity/python-8days-camp?source=c" "Mozilla/5.0 (Windows NT 10.0; Win64; x64; rv:86.0) Gecko/20100101 Firefox/86.0" 
223.104.3.238 - - [19/Mar/2021:16:29:57 +0800] "GET /api/v1/store/ HTTP/1.1" 200 682 "https://www.luffycity.com/" "Mozilla/5.0 (Windows NT 6.1; Win64; x64) AppleWebKit/537.36 (KHTML, like Gecko) Chrome/89.0.4389.90 Safari/537.36 FS" 
111.207.202.8 - - [19/Mar/2021:16:29:58 +0800] "POST /api/v1/sms/send/ HTTP/1.1" 200 31 "https://www.luffycity.com/" "Mozilla/5.0 (Windows NT 6.1; WOW64) AppleWebKit/537.36 (KHTML, like Gecko) Chrome/89.0.4389.90 Safari/537.36" 
112.43.100.94 - - [19/Mar/2021:16:29:58 +0800] "GET /api/v1/course/actual/252/payment/?courseType=actual&id=252 HTTP/1.1" 200 312 "https://m.luffycity.com/actual-course/252/detail" "Mozilla/5.0 (Windows NT 10.0; Win64; x64) AppleWebKit/537.36 (KHTML, like Gecko) Chrome/89.0.4389.90 Safari/537.36 Edg/89.0.774.54" 
112.43.100.94 - - [19/Mar/2021:16:29:58 +0800] "GET /api/v1/media/play/undefined/ HTTP/1.1" 200 64 "https://m.luffycity.com/actual-course/252/detail" "Mozilla/5.0 (Windows NT 10.0; Win64; x64) AppleWebKit/537.36 (KHTML, like Gecko) Chrome/89.0.4389.90 Safari/537.36 Edg/89.0.774.54" 
125.114.254.176, 39.97.49.232 - - [19/Mar/2021:16:29:59 +0800] "GET /api/v1/result/ HTTP/1.1" 200 231 "https://www.luffycity.com/" "Mozilla/5.0 (Windows NT 10.0; Win64; x64) AppleWebKit/537.36 (KHTML, like Gecko) Chrome/89.0.4389.90 Safari/537.36 Edg/89.0.774.54" 
125.114.254.176, 39.97.49.232 - - [19/Mar/2021:16:30:01 +0800] "GET /api/v1/course/free/ HTTP/1.1" 200 1895 "https://www.luffycity.com/" "Mozilla/5.0 (Windows NT 10.0; Win64; x64) AppleWebKit/537.36 (KHTML, like Gecko) Chrome/89.0.4389.90 Safari/537.36 Edg/89.0.774.54" 
112.43.100.94 - - [19/Mar/2021:16:30:01 +0800] "GET /api/v1/auth/token/ HTTP/1.1" 200 402 "https://m.luffycity.com/actual-course" "Mozilla/5.0 (Windows NT 10.0; Win64; x64) AppleWebKit/537.36 (KHTML, like Gecko) Chrome/89.0.4389.90 Safari/537.36 Edg/89.0.774.54" 
203.208.60.91, 39.97.49.232 - - [19/Mar/2021:16:30:01 +0800] "GET /api/v1/result/ HTTP/1.1" 200 231 "-" "Mozilla/5.0 (compatible; Googlebot/2.1; +http://www.google.com/bot.html)" 
203.208.60.91, 39.97.49.232 - - [19/Mar/2021:16:30:01 +0800] "GET /api/v1/course/degree/3/?courseType=degree&id=3 HTTP/1.1" 200 682 "-" "Mozilla/5.0 (compatible; Googlebot/2.1; +http://www.google.com/bot.html)" 
112.43.100.94 - - [19/Mar/2021:16:30:05 +0800] "GET /api/v1/auth/token/ HTTP/1.1" 200 402 "https://m.luffycity.com/study/degree" "Mozilla/5.0 (Windows NT 10.0; Win64; x64) AppleWebKit/537.36 (KHTML, like Gecko) Chrome/89.0.4389.90 Safari/537.36 Edg/89.0.774.54" 
112.43.100.94 - - [19/Mar/2021:16:30:07 +0800] "GET /api/v1/auth/token/ HTTP/1.1" 200 402 "https://m.luffycity.com/study/special" "Mozilla/5.0 (Windows NT 10.0; Win64; x64) AppleWebKit/537.36 (KHTML, like Gecko) Chrome/89.0.4389.90 Safari/537.36 Edg/89.0.774.54" 
112.43.100.94 - - [19/Mar/2021:16:30:07 +0800] "GET /api/v1/play/sections/?section_id=2814 HTTP/1.1" 200 573 "https://m.luffycity.com/play/2814" "Mozilla/5.0 (Windows NT 10.0; Win64; x64) AppleWebKit/537.36 (KHTML, like Gecko) Chrome/89.0.4389.90 Safari/537.36 Edg/89.0.774.54" 
111.207.202.8 - - [19/Mar/2021:16:30:07 +0800] "POST /api/v1/auth/mobile/login/?loginWay=mobile HTTP/1.1" 200 274 "https://www.luffycity.com/" "Mozilla/5.0 (Windows NT 6.1; WOW64) AppleWebKit/537.36 (KHTML, like Gecko) Chrome/89.0.4389.90 Safari/537.36" 
111.207.202.8 - - [19/Mar/2021:16:30:08 +0800] "GET /api/v1/auth/token/ HTTP/1.1" 200 393 "https://www.luffycity.com/" "Mozilla/5.0 (Windows NT 6.1; WOW64) AppleWebKit/537.36 (KHTML, like Gecko) Chrome/89.0.4389.90 Safari/537.36" 
218.240.149.151, 39.97.49.232 - - [19/Mar/2021:16:30:11 +0800] "GET /api/v1/course/actual/200/?courseType=actual&id=200 HTTP/1.1" 200 1475 "https://www.luffycity.com/actual-course?category_id=1" "Mozilla/5.0 (Windows NT 10.0; WOW64) AppleWebKit/537.36 (KHTML, like Gecko) Chrome/89.0.4389.90 Safari/537.36" 
111.207.202.8 - - [19/Mar/2021:16:30:11 +0800] "OPTIONS /api/v1/study/data/ HTTP/1.1" 200 0 "https://www.luffycity.com/" "Mozilla/5.0 (Windows NT 6.1; WOW64) AppleWebKit/537.36 (KHTML, like Gecko) Chrome/89.0.4389.90 Safari/537.36" 
218.240.149.151 - - [19/Mar/2021:16:30:11 +0800] "OPTIONS /api/v1/media/play/566b7baa6d23460389d4ce5f13c66486/?suffix=566b7baa6d23460389d4ce5f13c66486 HTTP/1.1" 200 0 "https://www.luffycity.com/" "Mozilla/5.0 (Windows NT 10.0; WOW64) AppleWebKit/537.36 (KHTML, like Gecko) Chrome/89.0.4389.90 Safari/537.36" 
111.207.202.8 - - [19/Mar/2021:16:30:11 +0800] "GET /api/v1/study/degrees/ HTTP/1.1" 200 262 "https://www.luffycity.com/" "Mozilla/5.0 (Windows NT 6.1; WOW64) AppleWebKit/537.36 (KHTML, like Gecko) Chrome/89.0.4389.90 Safari/537.36" 
111.207.202.8 - - [19/Mar/2021:16:30:11 +0800] "OPTIONS /api/v1/study/data/?degree_id=1 HTTP/1.1" 200 0 "https://www.luffycity.com/" "Mozilla/5.0 (Windows NT 6.1; WOW64) AppleWebKit/537.36 (KHTML, like Gecko) Chrome/89.0.4389.90 Safari/537.36" 
111.207.202.8 - - [19/Mar/2021:16:30:11 +0800] "GET /api/v1/study/data/ HTTP/1.1" 200 104 "https://www.luffycity.com/" "Mozilla/5.0 (Windows NT 6.1; WOW64) AppleWebKit/537.36 (KHTML, like Gecko) Chrome/89.0.4389.90 Safari/537.36" 
111.207.202.8 - - [19/Mar/2021:16:30:11 +0800] "GET /api/v1/study/degrees/1/mentor/?degree_id=1 HTTP/1.1" 200 229 "https://www.luffycity.com/" "Mozilla/5.0 (Windows NT 6.1; WOW64) AppleWebKit/537.36 (KHTML, like Gecko) Chrome/89.0.4389.90 Safari/537.36" 
218.240.149.151 - - [19/Mar/2021:16:30:11 +0800] "GET /api/v1/media/play/566b7baa6d23460389d4ce5f13c66486/?suffix=566b7baa6d23460389d4ce5f13c66486 HTTP/1.1" 200 1761 "https://www.luffycity.com/" "Mozilla/5.0 (Windows NT 10.0; WOW64) AppleWebKit/537.36 (KHTML, like Gecko) Chrome/89.0.4389.90 Safari/537.36" 
111.207.202.8 - - [19/Mar/2021:16:30:12 +0800] "GET /api/v1/study/degrees/1/?degree_id=1 HTTP/1.1" 200 1944 "https://www.luffycity.com/" "Mozilla/5.0 (Windows NT 6.1; WOW64) AppleWebKit/537.36 (KHTML, like Gecko) Chrome/89.0.4389.90 Safari/537.36" 
125.114.254.176, 39.97.49.232 - - [19/Mar/2021:16:30:19 +0800] "GET /api/v1/auth/token/ HTTP/1.1" 200 29 "https://www.luffycity.com/free-course" "Mozilla/5.0 (Windows NT 10.0; Win64; x64) AppleWebKit/537.36 (KHTML, like Gecko) Chrome/89.0.4389.90 Safari/537.36 Edg/89.0.774.54" 
125.114.254.176, 39.97.49.232 - - [19/Mar/2021:16:30:19 +0800] "GET /api/v1/result/ HTTP/1.1" 200 231 "https://www.luffycity.com/free-course" "Mozilla/5.0 (Windows NT 10.0; Win64; x64) AppleWebKit/537.36 (KHTML, like Gecko) Chrome/89.0.4389.90 Safari/537.36 Edg/89.0.774.54" 
115.238.105.173 - - [19/Mar/2021:16:30:20 +0800] "OPTIONS /api/v1/play/6865/?play_id=6865 HTTP/1.1" 200 0 "https://www.luffycity.com/" "Mozilla/5.0 (Windows NT 10.0; Win64; x64) AppleWebKit/537.36 (KHTML, like Gecko) Chrome/89.0.4389.82 Safari/537.36" 
115.238.105.173 - - [19/Mar/2021:16:30:20 +0800] "OPTIONS /api/v1/survey/section/6865/?sectionId=6865 HTTP/1.1" 200 0 "https://www.luffycity.com/" "Mozilla/5.0 (Windows NT 10.0; Win64; x64) AppleWebKit/537.36 (KHTML, like Gecko) Chrome/89.0.4389.82 Safari/537.36" 
115.238.105.173 - - [19/Mar/2021:16:30:21 +0800] "GET /api/v1/survey/section/6865/?sectionId=6865 HTTP/1.1" 200 10 "https://www.luffycity.com/" "Mozilla/5.0 (Windows NT 10.0; Win64; x64) AppleWebKit/537.36 (KHTML, like Gecko) Chrome/89.0.4389.82 Safari/537.36" 
115.238.105.173 - - [19/Mar/2021:16:30:21 +0800] "GET /api/v1/comment/?section_id=6865&limit=10&offset=0 HTTP/1.1" 200 1543 "https://www.luffycity.com/" "Mozilla/5.0 (Windows NT 10.0; Win64; x64) AppleWebKit/537.36 (KHTML, like Gecko) Chrome/89.0.4389.82 Safari/537.36" 
125.114.254.176 - - [19/Mar/2021:16:30:22 +0800] "GET /api/v1/course/free/131/sections/?courseType=free&id=131 HTTP/1.1" 200 2071 "https://www.luffycity.com/" "Mozilla/5.0 (Windows NT 10.0; Win64; x64) AppleWebKit/537.36 (KHTML, like Gecko) Chrome/89.0.4389.90 Safari/537.36 Edg/89.0.774.54" 
203.208.60.29 - - [19/Mar/2021:16:30:22 +0800] "GET /api/v1/course/actual/4/payment/?courseType=actual&id=4 HTTP/1.1" 200 253 "https://m.luffycity.com/actual-course/4/detail" "Mozilla/5.0 (Linux; Android 6.0.1; Nexus 5X Build/MMB29P) AppleWebKit/537.36 (KHTML, like Gecko) Chrome/89.0.4389.93 Mobile Safari/537.36 (compatible; Googlebot/2.1; +http://www.google.com/bot.html)" 
223.104.3.238 - - [19/Mar/2021:16:30:23 +0800] "GET /api/v1/store/1/?id=1 HTTP/1.1" 200 386 "https://www.luffycity.com/" "Mozilla/5.0 (Windows NT 6.1; Win64; x64) AppleWebKit/537.36 (KHTML, like Gecko) Chrome/89.0.4389.90 Safari/537.36 FS" 
119.137.54.153 - - [19/Mar/2021:16:30:27 +0800] "OPTIONS /api/v1/index/search/?words=%E5%8D%83%E5%8F%B0%E6%9C%8D%E5%8A%A1%E5%99%A8%E7%AE%A1%E7%90%86%E7%B3%BB%E7%BB%9F%E5%BC%80%E5%8F%91%E5%AE%9E%E6%88%98 HTTP/1.1" 200 0 "https://www.luffycity.com/free-course/133/detail" "Mozilla/5.0 (Windows NT 6.1; WOW64) AppleWebKit/537.36 (KHTML, like Gecko) Chrome/55.0.2883.87 Safari/537.36" 
223.104.3.238 - - [19/Mar/2021:16:30:29 +0800] "OPTIONS /api/v1/study/data/ HTTP/1.1" 200 0 "https://www.luffycity.com/" "Mozilla/5.0 (Windows NT 6.1; Win64; x64) AppleWebKit/537.36 (KHTML, like Gecko) Chrome/89.0.4389.90 Safari/537.36 FS" 
223.104.3.238 - - [19/Mar/2021:16:30:29 +0800] "GET /api/v1/study/degrees/ HTTP/1.1" 200 748 "https://www.luffycity.com/" "Mozilla/5.0 (Windows NT 6.1; Win64; x64) AppleWebKit/537.36 (KHTML, like Gecko) Chrome/89.0.4389.90 Safari/537.36 FS" 
223.104.3.238 - - [19/Mar/2021:16:30:29 +0800] "OPTIONS /api/v1/study/data/?degree_id=4 HTTP/1.1" 200 0 "https://www.luffycity.com/" "Mozilla/5.0 (Windows NT 6.1; Win64; x64) AppleWebKit/537.36 (KHTML, like Gecko) Chrome/89.0.4389.90 Safari/537.36 FS" 
223.104.3.238 - - [19/Mar/2021:16:30:29 +0800] "GET /api/v1/study/degrees/4/mentor/?degree_id=4 HTTP/1.1" 200 213 "https://www.luffycity.com/" "Mozilla/5.0 (Windows NT 6.1; Win64; x64) AppleWebKit/537.36 (KHTML, like Gecko) Chrome/89.0.4389.90 Safari/537.36 FS" 
223.104.3.238 - - [19/Mar/2021:16:30:30 +0800] "GET /api/v1/study/data/ HTTP/1.1" 200 115 "https://www.luffycity.com/" "Mozilla/5.0 (Windows NT 6.1; Win64; x64) AppleWebKit/537.36 (KHTML, like Gecko) Chrome/89.0.4389.90 Safari/537.36 FS" 
223.104.3.238 - - [19/Mar/2021:16:30:30 +0800] "GET /api/v1/study/degrees/4/?degree_id=4 HTTP/1.1" 200 1893 "https://www.luffycity.com/" "Mozilla/5.0 (Windows NT 6.1; Win64; x64) AppleWebKit/537.36 (KHTML, like Gecko) Chrome/89.0.4389.90 Safari/537.36 FS" 
218.240.149.151 - - [19/Mar/2021:16:30:31 +0800] "GET /api/v1/course/actual/?category_id=2 HTTP/1.1" 200 5622 "https://www.luffycity.com/" "Mozilla/5.0 (Windows NT 10.0; WOW64) AppleWebKit/537.36 (KHTML, like Gecko) Chrome/89.0.4389.90 Safari/537.36" 
119.137.54.153 - - [19/Mar/2021:16:30:31 +0800] "OPTIONS /api/v1/course/actual/43/payment/?courseType=actual&id=43 HTTP/1.1" 200 0 "https://www.luffycity.com/actual-course/43" "Mozilla/5.0 (Windows NT 6.1; WOW64) AppleWebKit/537.36 (KHTML, like Gecko) Chrome/55.0.2883.87 Safari/537.36" 
119.137.54.153 - - [19/Mar/2021:16:30:32 +0800] "GET /api/v1/media/play/c614b2f28d744a2c8c4dc4f7c4f2780b/?suffix=c614b2f28d744a2c8c4dc4f7c4f2780b HTTP/1.1" 200 1783 "https://www.luffycity.com/actual-course/43" "Mozilla/5.0 (Windows NT 6.1; WOW64) AppleWebKit/537.36 (KHTML, like Gecko) Chrome/55.0.2883.87 Safari/537.36" 
218.240.149.151, 39.97.49.232 - - [19/Mar/2021:16:30:32 +0800] "GET /api/v1/auth/token/ HTTP/1.1" 200 29 "https://www.luffycity.com/actual-course?category_id=2" "Mozilla/5.0 (Windows NT 10.0; WOW64) AppleWebKit/537.36 (KHTML, like Gecko) Chrome/89.0.4389.90 Safari/537.36" 
218.240.149.151, 39.97.49.232 - - [19/Mar/2021:16:30:32 +0800] "GET /api/v1/result/ HTTP/1.1" 200 231 "https://www.luffycity.com/actual-course?category_id=2" "Mozilla/5.0 (Windows NT 10.0; WOW64) AppleWebKit/537.36 (KHTML, like Gecko) Chrome/89.0.4389.90 Safari/537.36" 
112.43.100.94 - - [19/Mar/2021:16:30:33 +0800] "GET /api/v1/auth/token/ HTTP/1.1" 200 402 "https://m.luffycity.com/study/special" "Mozilla/5.0 (Windows NT 10.0; Win64; x64) AppleWebKit/537.36 (KHTML, like Gecko) Chrome/89.0.4389.90 Safari/537.36 Edg/89.0.774.54" 
218.240.149.151 - - [19/Mar/2021:16:30:33 +0800] "OPTIONS /api/v1/media/play/b9a3e03697a4428b90cf33e6b711d167/?suffix=b9a3e03697a4428b90cf33e6b711d167 HTTP/1.1" 200 0 "https://www.luffycity.com/" "Mozilla/5.0 (Windows NT 10.0; WOW64) AppleWebKit/537.36 (KHTML, like Gecko) Chrome/89.0.4389.90 Safari/537.36" 
218.240.149.151 - - [19/Mar/2021:16:30:33 +0800] "GET /api/v1/media/play/b9a3e03697a4428b90cf33e6b711d167/?suffix=b9a3e03697a4428b90cf33e6b711d167 HTTP/1.1" 200 1791 "https://www.luffycity.com/" "Mozilla/5.0 (Windows NT 10.0; WOW64) AppleWebKit/537.36 (KHTML, like Gecko) Chrome/89.0.4389.90 Safari/537.36" 
119.137.54.153 - - [19/Mar/2021:16:30:34 +0800] "OPTIONS /api/v1/course/actual/43/sections/?courseType=actual&id=43 HTTP/1.1" 200 0 "https://www.luffycity.com/actual-course/43/chapter" "Mozilla/5.0 (Windows NT 6.1; WOW64) AppleWebKit/537.36 (KHTML, like Gecko) Chrome/55.0.2883.87 Safari/537.36" 
112.43.100.94 - - [19/Mar/2021:16:30:35 +0800] "GET /api/v1/study/degrees/ HTTP/1.1" 200 286 "https://m.luffycity.com/study/degree" "Mozilla/5.0 (Windows NT 10.0; Win64; x64) AppleWebKit/537.36 (KHTML, like Gecko) Chrome/89.0.4389.90 Safari/537.36 Edg/89.0.774.54" 
125.114.254.176 - - [19/Mar/2021:16:30:53 +0800] "GET /api/v1/course/free/132/?courseType=free&id=132 HTTP/1.1" 200 1573 "https://www.luffycity.com/" "Mozilla/5.0 (Windows NT 10.0; Win64; x64) AppleWebKit/537.36 (KHTML, like Gecko) Chrome/89.0.4389.90 Safari/537.36 Edg/89.0.774.54" 
125.114.254.176 - - [19/Mar/2021:16:30:53 +0800] "GET /api/v1/course/free/132/sections/?courseType=free&id=132 HTTP/1.1" 200 1515 "https://www.luffycity.com/" "Mozilla/5.0 (Windows NT 10.0; Win64; x64) AppleWebKit/537.36 (KHTML, like Gecko) Chrome/89.0.4389.90 Safari/537.36 Edg/89.0.774.54" 
223.104.3.238 - - [19/Mar/2021:16:30:56 +0800] "OPTIONS /api/v1/study/data/?degree_id=1 HTTP/1.1" 200 0 "https://www.luffycity.com/" "Mozilla/5.0 (Windows NT 6.1; Win64; x64) AppleWebKit/537.36 (KHTML, like Gecko) Chrome/89.0.4389.90 Safari/537.36 FS" 
171.217.88.96, 39.97.49.232 - - [19/Mar/2021:16:30:56 +0800] "GET /api/v1/index/banner/ HTTP/1.1" 200 382 "-" "Mozilla/5.0 (Windows NT 10.0; Win64; x64) AppleWebKit/537.36 (KHTML, like Gecko) Chrome/89.0.4389.90 Safari/537.36" 
223.104.3.238 - - [19/Mar/2021:16:30:56 +0800] "GET /api/v1/study/degrees/1/mentor/?degree_id=1 HTTP/1.1" 200 225 "https://www.luffycity.com/" "Mozilla/5.0 (Windows NT 6.1; Win64; x64) AppleWebKit/537.36 (KHTML, like Gecko) Chrome/89.0.4389.90 Safari/537.36 FS" 
171.217.88.96, 39.97.49.232 - - [19/Mar/2021:16:30:56 +0800] "GET /api/v1/course/actual/?limit=3 HTTP/1.1" 200 2342 "-" "Mozilla/5.0 (Windows NT 10.0; Win64; x64) AppleWebKit/537.36 (KHTML, like Gecko) Chrome/89.0.4389.90 Safari/537.36" 
43.224.44.43 - - [19/Mar/2021:16:30:56 +0800] "GET /api/v1/auth/token/ HTTP/1.1" 200 29 "https://m.luffycity.com/" "Mozilla/5.0 (Linux; Android 9; PAR-AL00; HMSCore 5.2.0.303; GMSCore 19.6.29) AppleWebKit/537.36 (KHTML, like Gecko) Chrome/83.0.4103.106 HuaweiBrowser/11.0.8.301 Mobile Safari/537.36" 
223.104.3.238 - - [19/Mar/2021:16:30:57 +0800] "GET /api/v1/study/degrees/1/?degree_id=1 HTTP/1.1" 200 2124 "https://www.luffycity.com/" "Mozilla/5.0 (Windows NT 6.1; Win64; x64) AppleWebKit/537.36 (KHTML, like Gecko) Chrome/89.0.4389.90 Safari/537.36 FS" 
218.240.149.151, 39.97.49.232 - - [19/Mar/2021:16:30:57 +0800] "GET /api/v1/auth/token/ HTTP/1.1" 200 29 "https://www.luffycity.com/actual-course?category_id=2" "Mozilla/5.0 (Windows NT 10.0; WOW64) AppleWebKit/537.36 (KHTML, like Gecko) Chrome/89.0.4389.90 Safari/537.36" 
171.217.88.96 - - [19/Mar/2021:16:30:57 +0800] "OPTIONS /api/v1/result/enroll/?resultType=enroll&limit=2 HTTP/1.1" 200 0 "https://www.luffycity.com/" "Mozilla/5.0 (Windows NT 10.0; Win64; x64) AppleWebKit/537.36 (KHTML, like Gecko) Chrome/89.0.4389.90 Safari/537.36" 
218.240.149.151 - - [19/Mar/2021:16:30:58 +0800] "OPTIONS /api/v1/media/play/7b225ff602c7498f8379265557de5cd3/?suffix=7b225ff602c7498f8379265557de5cd3 HTTP/1.1" 200 0 "https://www.luffycity.com/" "Mozilla/5.0 (Windows NT 10.0; WOW64) AppleWebKit/537.36 (KHTML, like Gecko) Chrome/89.0.4389.90 Safari/537.36" 
218.240.149.151 - - [19/Mar/2021:16:30:58 +0800] "GET /api/v1/media/play/7b225ff602c7498f8379265557de5cd3/?suffix=7b225ff602c7498f8379265557de5cd3 HTTP/1.1" 200 1793 "https://www.luffycity.com/" "Mozilla/5.0 (Windows NT 10.0; WOW64) AppleWebKit/537.36 (KHTML, like Gecko) Chrome/89.0.4389.90 Safari/537.36" 
43.224.44.43 - - [19/Mar/2021:16:30:59 +0800] "GET /api/v1/auth/token/ HTTP/1.1" 200 29 "https://m.luffycity.com/" "Mozilla/5.0 (Linux; Android 9; PAR-AL00; HMSCore 5.2.0.303; GMSCore 19.6.29) AppleWebKit/537.36 (KHTML, like Gecko) Chrome/83.0.4103.106 HuaweiBrowser/11.0.8.301 Mobile Safari/537.36" 
43.224.44.43 - - [19/Mar/2021:16:31:01 +0800] "GET /api/v1/auth/token/ HTTP/1.1" 200 29 "https://m.luffycity.com/study/degree" "Mozilla/5.0 (Linux; Android 9; PAR-AL00; HMSCore 5.2.0.303; GMSCore 19.6.29) AppleWebKit/537.36 (KHTML, like Gecko) Chrome/83.0.4103.106 HuaweiBrowser/11.0.8.301 Mobile Safari/537.36" 
112.43.100.94 - - [19/Mar/2021:16:31:04 +0800] "GET /api/v1/auth/token/ HTTP/1.1" 200 402 "https://m.luffycity.com/study/degree" "Mozilla/5.0 (Windows NT 10.0; Win64; x64) AppleWebKit/537.36 (KHTML, like Gecko) Chrome/89.0.4389.90 Safari/537.36 Edg/89.0.774.54" 
112.43.100.94 - - [19/Mar/2021:16:31:05 +0800] "GET /api/v1/auth/token/ HTTP/1.1" 200 402 "https://m.luffycity.com/study/special" "Mozilla/5.0 (Windows NT 10.0; Win64; x64) AppleWebKit/537.36 (KHTML, like Gecko) Chrome/89.0.4389.90 Safari/537.36 Edg/89.0.774.54" 
43.224.44.43 - - [19/Mar/2021:16:31:05 +0800] "GET /api/v1/auth/token/ HTTP/1.1" 200 402 "https://m.luffycity.com/signin?redirect=%2Fstudy%2Fdegree" "Mozilla/5.0 (Linux; Android 9; PAR-AL00; HMSCore 5.2.0.303; GMSCore 19.6.29) AppleWebKit/537.36 (KHTML, like Gecko) Chrome/83.0.4103.106 HuaweiBrowser/11.0.8.301 Mobile Safari/537.36" 
112.43.100.94 - - [19/Mar/2021:16:31:05 +0800] "GET /api/v1/study/degrees/11/?degree_id=11 HTTP/1.1" 200 1014 "https://m.luffycity.com/study/degree" "Mozilla/5.0 (Windows NT 10.0; Win64; x64) AppleWebKit/537.36 (KHTML, like Gecko) Chrome/89.0.4389.90 Safari/537.36 Edg/89.0.774.54" 
43.224.44.43 - - [19/Mar/2021:16:31:05 +0800] "GET /api/v1/study/degrees/1/?degree_id=1 HTTP/1.1" 200 1893 "https://m.luffycity.com/study/degree" "Mozilla/5.0 (Linux; Android 9; PAR-AL00; HMSCore 5.2.0.303; GMSCore 19.6.29) AppleWebKit/537.36 (KHTML, like Gecko) Chrome/83.0.4103.106 HuaweiBrowser/11.0.8.301 Mobile Safari/537.36" 
171.217.88.96 - - [19/Mar/2021:16:31:07 +0800] "OPTIONS /api/v1/course/free/143/?courseType=free&id=143 HTTP/1.1" 200 0 "https://www.luffycity.com/" "Mozilla/5.0 (Windows NT 10.0; Win64; x64) AppleWebKit/537.36 (KHTML, like Gecko) Chrome/89.0.4389.90 Safari/537.36" 
171.217.88.96 - - [19/Mar/2021:16:31:07 +0800] "OPTIONS /api/v1/course/free/143/sections/?courseType=free&id=143 HTTP/1.1" 200 0 "https://www.luffycity.com/" "Mozilla/5.0 (Windows NT 10.0; Win64; x64) AppleWebKit/537.36 (KHTML, like Gecko) Chrome/89.0.4389.90 Safari/537.36" 
116.8.5.34 - - [19/Mar/2021:16:31:08 +0800] "OPTIONS /api/v1/play/2587/?play_id=2587 HTTP/1.1" 200 0 "https://www.luffycity.com/" "Mozilla/5.0 (Windows NT 10.0; Win64; x64) AppleWebKit/537.36 (KHTML, like Gecko) Chrome/89.0.4389.90 Safari/537.36" 
116.8.5.34 - - [19/Mar/2021:16:31:08 +0800] "OPTIONS /api/v1/survey/section/2587/?sectionId=2587 HTTP/1.1" 200 0 "https://www.luffycity.com/" "Mozilla/5.0 (Windows NT 10.0; Win64; x64) AppleWebKit/537.36 (KHTML, like Gecko) Chrome/89.0.4389.90 Safari/537.36" 
116.8.5.34 - - [19/Mar/2021:16:31:09 +0800] "GET /api/v1/comment/?section_id=2587&limit=10&offset=0 HTTP/1.1" 200 1267 "https://www.luffycity.com/" "Mozilla/5.0 (Windows NT 10.0; Win64; x64) AppleWebKit/537.36 (KHTML, like Gecko) Chrome/89.0.4389.90 Safari/537.36" 
116.8.5.34 - - [19/Mar/2021:16:31:09 +0800] "GET /api/v1/play/2587/?play_id=2587 HTTP/1.1" 200 427 "https://www.luffycity.com/" "Mozilla/5.0 (Windows NT 10.0; Win64; x64) AppleWebKit/537.36 (KHTML, like Gecko) Chrome/89.0.4389.90 Safari/537.36" 
218.2.216.6 - - [19/Mar/2021:16:31:09 +0800] "OPTIONS /api/v1/survey/section/15059/?sectionId=15059 HTTP/1.1" 200 0 "https://www.luffycity.com/" "Mozilla/5.0 (Windows NT 10.0; Win64; x64) AppleWebKit/537.36 (KHTML, like Gecko) Chrome/89.0.4389.90 Safari/537.36 Edg/89.0.774.54" 
218.2.216.6 - - [19/Mar/2021:16:31:09 +0800] "OPTIONS /api/v1/play/sections/?section_id=15059 HTTP/1.1" 200 0 "https://www.luffycity.com/" "Mozilla/5.0 (Windows NT 10.0; Win64; x64) AppleWebKit/537.36 (KHTML, like Gecko) Chrome/89.0.4389.90 Safari/537.36 Edg/89.0.774.54" 
218.2.216.6 - - [19/Mar/2021:16:31:09 +0800] "GET /api/v1/survey/section/15059/?sectionId=15059 HTTP/1.1" 200 10 "https://www.luffycity.com/" "Mozilla/5.0 (Windows NT 10.0; Win64; x64) AppleWebKit/537.36 (KHTML, like Gecko) Chrome/89.0.4389.90 Safari/537.36 Edg/89.0.774.54" 
125.114.254.176, 39.97.49.232 - - [19/Mar/2021:16:31:09 +0800] "GET /api/v1/auth/token/ HTTP/1.1" 200 29 "https://www.luffycity.com/free-course/132/detail" "Mozilla/5.0 (Windows NT 10.0; Win64; x64) AppleWebKit/537.36 (KHTML, like Gecko) Chrome/89.0.4389.90 Safari/537.36 Edg/89.0.774.54" 
218.2.216.6 - - [19/Mar/2021:16:31:09 +0800] "GET /api/v1/play/15059/?play_id=15059 HTTP/1.1" 200 415 "https://www.luffycity.com/" "Mozilla/5.0 (Windows NT 10.0; Win64; x64) AppleWebKit/537.36 (KHTML, like Gecko) Chrome/89.0.4389.90 Safari/537.36 Edg/89.0.774.54" 
125.114.254.176, 39.97.49.232 - - [19/Mar/2021:16:31:09 +0800] "GET /api/v1/result/ HTTP/1.1" 200 231 "https://www.luffycity.com/free-course/132/detail" "Mozilla/5.0 (Windows NT 10.0; Win64; x64) AppleWebKit/537.36 (KHTML, like Gecko) Chrome/89.0.4389.90 Safari/537.36 Edg/89.0.774.54" 
125.114.254.176, 39.97.49.232 - - [19/Mar/2021:16:31:09 +0800] "GET /api/v1/course/category/actual/?courseType=actual HTTP/1.1" 200 252 "https://www.luffycity.com/free-course/132/detail" "Mozilla/5.0 (Windows NT 10.0; Win64; x64) AppleWebKit/537.36 (KHTML, like Gecko) Chrome/89.0.4389.90 Safari/537.36 Edg/89.0.774.54" 
125.114.254.176, 39.97.49.232 - - [19/Mar/2021:16:31:09 +0800] "GET /api/v1/course/actual/ HTTP/1.1" 200 25971 "https://www.luffycity.com/free-course/132/detail" "Mozilla/5.0 (Windows NT 10.0; Win64; x64) AppleWebKit/537.36 (KHTML, like Gecko) Chrome/89.0.4389.90 Safari/537.36 Edg/89.0.774.54" 
119.137.54.153 - - [19/Mar/2021:16:31:16 +0800] "GET /api/v1/index/search/?words=Mysql+%E5%BC%80%E5%8F%91%E5%9F%BA%E7%A1%80%E5%85%A5%E9%97%A8 HTTP/1.1" 200 1536 "https://www.luffycity.com/actual-course/43/chapter" "Mozilla/5.0 (Windows NT 6.1; WOW64) AppleWebKit/537.36 (KHTML, like Gecko) Chrome/55.0.2883.87 Safari/537.36" 
119.137.53.175, 39.97.49.232 - - [19/Mar/2021:16:31:17 +0800] "GET /api/v1/auth/token/ HTTP/1.1" 200 29 "https://www.luffycity.com/search?words=Mysql%20%E5%BC%80%E5%8F%91%E5%9F%BA%E7%A1%80%E5%85%A5%E9%97%A8" "Mozilla/5.0 (Windows NT 6.1; WOW64) AppleWebKit/537.36 (KHTML, like Gecko) Chrome/55.0.2883.87 Safari/537.36" 
119.137.53.175, 39.97.49.232 - - [19/Mar/2021:16:31:17 +0800] "GET /api/v1/result/ HTTP/1.1" 200 231 "https://www.luffycity.com/search?words=Mysql%20%E5%BC%80%E5%8F%91%E5%9F%BA%E7%A1%80%E5%85%A5%E9%97%A8" "Mozilla/5.0 (Windows NT 6.1; WOW64) AppleWebKit/537.36 (KHTML, like Gecko) Chrome/55.0.2883.87 Safari/537.36" 
119.137.53.175, 39.97.49.232 - - [19/Mar/2021:16:31:17 +0800] "GET /api/v1/course/free/139/?courseType=free&id=139 HTTP/1.1" 200 1448 "https://www.luffycity.com/search?words=Mysql%20%E5%BC%80%E5%8F%91%E5%9F%BA%E7%A1%80%E5%85%A5%E9%97%A8" "Mozilla/5.0 (Windows NT 6.1; WOW64) AppleWebKit/537.36 (KHTML, like Gecko) Chrome/55.0.2883.87 Safari/537.36" 
117.136.36.24 - - [19/Mar/2021:16:31:18 +0800] "OPTIONS /api/v1/play/sections/?section_id=20026 HTTP/1.1" 200 0 "https://www.luffycity.com/" "Mozilla/5.0 (Windows NT 10.0; Win64; x64) AppleWebKit/537.36 (KHTML, like Gecko) Chrome/89.0.4389.90 Safari/537.36" 
117.136.36.24 - - [19/Mar/2021:16:31:18 +0800] "OPTIONS /api/v1/play/20026/?play_id=20026 HTTP/1.1" 200 0 "https://www.luffycity.com/" "Mozilla/5.0 (Windows NT 10.0; Win64; x64) AppleWebKit/537.36 (KHTML, like Gecko) Chrome/89.0.4389.90 Safari/537.36" 
117.136.36.24 - - [19/Mar/2021:16:31:18 +0800] "GET /api/v1/survey/section/20026/?sectionId=20026 HTTP/1.1" 200 32 "https://www.luffycity.com/" "Mozilla/5.0 (Windows NT 10.0; Win64; x64) AppleWebKit/537.36 (KHTML, like Gecko) Chrome/89.0.4389.90 Safari/537.36" 
117.136.36.24 - - [19/Mar/2021:16:31:18 +0800] "GET /api/v1/play/sections/?section_id=20026 HTTP/1.1" 200 8497 "https://www.luffycity.com/" "Mozilla/5.0 (Windows NT 10.0; Win64; x64) AppleWebKit/537.36 (KHTML, like Gecko) Chrome/89.0.4389.90 Safari/537.36" 
119.137.54.153 - - [19/Mar/2021:16:31:19 +0800] "GET /api/v1/course/free/139/sections/?courseType=free&id=139 HTTP/1.1" 200 675 "https://www.luffycity.com/free-course/139/detail" "Mozilla/5.0 (Windows NT 6.1; WOW64) AppleWebKit/537.36 (KHTML, like Gecko) Chrome/55.0.2883.87 Safari/537.36" 
125.114.254.176 - - [19/Mar/2021:16:31:26 +0800] "GET /api/v1/course/category/actual/?courseType=actual HTTP/1.1" 200 252 "https://www.luffycity.com/" "Mozilla/5.0 (Windows NT 10.0; Win64; x64) AppleWebKit/537.36 (KHTML, like Gecko) Chrome/89.0.4389.90 Safari/537.36 Edg/89.0.774.54" 
125.114.254.176 - - [19/Mar/2021:16:31:27 +0800] "GET /api/v1/course/actual/?category_id=1 HTTP/1.1" 200 6892 "https://www.luffycity.com/" "Mozilla/5.0 (Windows NT 10.0; Win64; x64) AppleWebKit/537.36 (KHTML, like Gecko) Chrome/89.0.4389.90 Safari/537.36 Edg/89.0.774.54" 
223.104.107.93 - - [19/Mar/2021:16:31:29 +0800] "OPTIONS /api/v1/play/sections/?section_id=19479 HTTP/1.1" 200 0 "https://www.luffycity.com/" "Mozilla/5.0 (Windows NT 10.0; Win64; x64) AppleWebKit/537.36 (KHTML, like Gecko) Chrome/89.0.4389.90 Safari/537.36 Edg/89.0.774.54" 
223.104.107.93 - - [19/Mar/2021:16:31:29 +0800] "OPTIONS /api/v1/comment/?section_id=19479&limit=10&offset=0 HTTP/1.1" 200 0 "https://www.luffycity.com/" "Mozilla/5.0 (Windows NT 10.0; Win64; x64) AppleWebKit/537.36 (KHTML, like Gecko) Chrome/89.0.4389.90 Safari/537.36 Edg/89.0.774.54" 
223.104.107.93 - - [19/Mar/2021:16:31:29 +0800] "GET /api/v1/survey/section/19479/?sectionId=19479 HTTP/1.1" 200 10 "https://www.luffycity.com/" "Mozilla/5.0 (Windows NT 10.0; Win64; x64) AppleWebKit/537.36 (KHTML, like Gecko) Chrome/89.0.4389.90 Safari/537.36 Edg/89.0.774.54" 
223.104.107.93 - - [19/Mar/2021:16:31:29 +0800] "GET /api/v1/play/sections/?section_id=19479 HTTP/1.1" 200 2453 "https://www.luffycity.com/" "Mozilla/5.0 (Windows NT 10.0; Win64; x64) AppleWebKit/537.36 (KHTML, like Gecko) Chrome/89.0.4389.90 Safari/537.36 Edg/89.0.774.54" 
171.217.88.96 - - [19/Mar/2021:16:31:30 +0800] "OPTIONS /api/v1/index/banner/ HTTP/1.1" 200 0 "https://www.luffycity.com/" "Mozilla/5.0 (Windows NT 10.0; Win64; x64) AppleWebKit/537.36 (KHTML, like Gecko) Chrome/89.0.4389.90 Safari/537.36" 
171.217.88.96 - - [19/Mar/2021:16:31:30 +0800] "OPTIONS /api/v1/course/actual/?limit=3 HTTP/1.1" 200 0 "https://www.luffycity.com/" "Mozilla/5.0 (Windows NT 10.0; Win64; x64) AppleWebKit/537.36 (KHTML, like Gecko) Chrome/89.0.4389.90 Safari/537.36" 
171.217.88.96 - - [19/Mar/2021:16:31:30 +0800] "OPTIONS /api/v1/course/home-free/?limit=3 HTTP/1.1" 200 0 "https://www.luffycity.com/" "Mozilla/5.0 (Windows NT 10.0; Win64; x64) AppleWebKit/537.36 (KHTML, like Gecko) Chrome/89.0.4389.90 Safari/537.36" 
171.217.88.96 - - [19/Mar/2021:16:31:30 +0800] "GET /api/v1/result/enroll/?resultType=enroll&limit=2 HTTP/1.1" 200 1878 "https://www.luffycity.com/" "Mozilla/5.0 (Windows NT 10.0; Win64; x64) AppleWebKit/537.36 (KHTML, like Gecko) Chrome/89.0.4389.90 Safari/537.36" 
125.114.254.176, 39.97.49.232 - - [19/Mar/2021:16:31:32 +0800] "GET /api/v1/result/ HTTP/1.1" 200 231 "https://www.luffycity.com/actual-course?category_id=1" "Mozilla/5.0 (Windows NT 10.0; Win64; x64) AppleWebKit/537.36 (KHTML, like Gecko) Chrome/89.0.4389.90 Safari/537.36 Edg/89.0.774.54" 
125.114.254.176 - - [19/Mar/2021:16:31:33 +0800] "OPTIONS /api/v1/media/play/a34aa824b36d49ce82167d0bc66819a1/?suffix=a34aa824b36d49ce82167d0bc66819a1 HTTP/1.1" 200 0 "https://www.luffycity.com/" "Mozilla/5.0 (Windows NT 10.0; Win64; x64) AppleWebKit/537.36 (KHTML, like Gecko) Chrome/89.0.4389.90 Safari/537.36 Edg/89.0.774.54" 
125.114.254.176 - - [19/Mar/2021:16:31:34 +0800] "GET /api/v1/media/play/a34aa824b36d49ce82167d0bc66819a1/?suffix=a34aa824b36d49ce82167d0bc66819a1 HTTP/1.1" 200 1787 "https://www.luffycity.com/" "Mozilla/5.0 (Windows NT 10.0; Win64; x64) AppleWebKit/537.36 (KHTML, like Gecko) Chrome/89.0.4389.90 Safari/537.36 Edg/89.0.774.54" 
223.104.3.238, 39.97.49.232 - - [19/Mar/2021:16:31:34 +0800] "GET /api/v1/course/category/free/?courseType=free HTTP/1.1" 200 174 "https://www.luffycity.com/study/degree" "Mozilla/5.0 (Windows NT 6.1; Win64; x64) AppleWebKit/537.36 (KHTML, like Gecko) Chrome/89.0.4389.90 Safari/537.36 FS" 
171.217.88.96, 39.97.49.232 - - [19/Mar/2021:16:31:38 +0800] "GET /api/v1/result/ HTTP/1.1" 200 231 "https://www.luffycity.com/" "Mozilla/5.0 (Windows NT 10.0; Win64; x64) AppleWebKit/537.36 (KHTML, like Gecko) Chrome/89.0.4389.90 Safari/537.36" 
171.217.88.96, 39.97.49.232 - - [19/Mar/2021:16:31:38 +0800] "GET /api/v1/course/category/actual/?courseType=actual HTTP/1.1" 200 252 "https://www.luffycity.com/" "Mozilla/5.0 (Windows NT 10.0; Win64; x64) AppleWebKit/537.36 (KHTML, like Gecko) Chrome/89.0.4389.90 Safari/537.36" 
171.217.88.96 - - [19/Mar/2021:16:31:42 +0800] "OPTIONS /api/v1/course/category/actual/?courseType=actual HTTP/1.1" 200 0 "https://www.luffycity.com/" "Mozilla/5.0 (Windows NT 10.0; Win64; x64) AppleWebKit/537.36 (KHTML, like Gecko) Chrome/89.0.4389.90 Safari/537.36" 
171.217.88.96 - - [19/Mar/2021:16:31:42 +0800] "OPTIONS /api/v1/course/actual/?category_id=1 HTTP/1.1" 200 0 "https://www.luffycity.com/" "Mozilla/5.0 (Windows NT 10.0; Win64; x64) AppleWebKit/537.36 (KHTML, like Gecko) Chrome/89.0.4389.90 Safari/537.36" 
140.243.5.131 - - [19/Mar/2021:16:31:47 +0800] "GET /api/v1/study/degrees/0/mentor/?degree_id=0 HTTP/1.1" 200 137 "https://www.luffycity.com/study/degree" "Mozilla/5.0 (Windows NT 10.0; WOW64) AppleWebKit/537.36 (KHTML, like Gecko) Chrome/86.0.4240.198 Safari/537.36" 
140.243.5.131 - - [19/Mar/2021:16:31:47 +0800] "GET /api/v1/study/degrees/ HTTP/1.1" 200 417 "https://www.luffycity.com/study/degree" "Mozilla/5.0 (Windows NT 10.0; WOW64) AppleWebKit/537.36 (KHTML, like Gecko) Chrome/86.0.4240.198 Safari/537.36" 
140.243.5.131 - - [19/Mar/2021:16:31:48 +0800] "GET /api/v1/study/data/?degree_id=3 HTTP/1.1" 200 106 "https://www.luffycity.com/study/degree" "Mozilla/5.0 (Windows NT 10.0; WOW64) AppleWebKit/537.36 (KHTML, like Gecko) Chrome/86.0.4240.198 Safari/537.36" 
223.104.3.238, 39.97.49.232 - - [19/Mar/2021:16:31:48 +0800] "GET /api/v1/course/degree/ HTTP/1.1" 200 949 "https://www.luffycity.com/free-course" "Mozilla/5.0 (Windows NT 6.1; Win64; x64) AppleWebKit/537.36 (KHTML, like Gecko) Chrome/89.0.4389.90 Safari/537.36 FS" 
140.243.5.131 - - [19/Mar/2021:16:31:50 +0800] "GET /api/v1/study/degrees/11/mentor/?degree_id=11 HTTP/1.1" 200 212 "https://www.luffycity.com/study/degree" "Mozilla/5.0 (Windows NT 10.0; WOW64) AppleWebKit/537.36 (KHTML, like Gecko) Chrome/86.0.4240.198 Safari/537.36" 
140.243.5.131 - - [19/Mar/2021:16:31:50 +0800] "GET /api/v1/study/degrees/11/?degree_id=11 HTTP/1.1" 200 1028 "https://www.luffycity.com/study/degree" "Mozilla/5.0 (Windows NT 10.0; WOW64) AppleWebKit/537.36 (KHTML, like Gecko) Chrome/86.0.4240.198 Safari/537.36" 
117.80.111.200 - - [19/Mar/2021:16:31:51 +0800] "OPTIONS /api/v1/play/sections/?section_id=2666 HTTP/1.1" 200 0 "-" "Mozilla/5.0 (Windows NT 10.0; WOW64) AppleWebKit/537.36 (KHTML, like Gecko) Chrome/70.0.3538.25 Safari/537.36 Core/1.70.3775.400 QQBrowser/10.6.4209.400" 
117.80.111.200 - - [19/Mar/2021:16:31:51 +0800] "OPTIONS /api/v1/play/2666/?play_id=2666 HTTP/1.1" 200 0 "-" "Mozilla/5.0 (Windows NT 10.0; WOW64) AppleWebKit/537.36 (KHTML, like Gecko) Chrome/70.0.3538.25 Safari/537.36 Core/1.70.3775.400 QQBrowser/10.6.4209.400" 
117.80.111.200 - - [19/Mar/2021:16:31:52 +0800] "GET /api/v1/comment/?section_id=2666&limit=10&offset=0 HTTP/1.1" 200 1268 "https://www.luffycity.com/play/2666" "Mozilla/5.0 (Windows NT 10.0; WOW64) AppleWebKit/537.36 (KHTML, like Gecko) Chrome/70.0.3538.25 Safari/537.36 Core/1.70.3775.400 QQBrowser/10.6.4209.400" 
117.80.111.200 - - [19/Mar/2021:16:31:52 +0800] "GET /api/v1/play/2666/?play_id=2666 HTTP/1.1" 200 419 "https://www.luffycity.com/play/2666" "Mozilla/5.0 (Windows NT 10.0; WOW64) AppleWebKit/537.36 (KHTML, like Gecko) Chrome/70.0.3538.25 Safari/537.36 Core/1.70.3775.400 QQBrowser/10.6.4209.400" 
119.85.100.162, 39.97.49.232 - - [19/Mar/2021:16:31:55 +0800] "GET /api/v1/auth/token/ HTTP/1.1" 200 29 "http://c.biancheng.net/view/2413.html" "Mozilla/5.0 (Windows NT 6.1; Win64; x64) AppleWebKit/537.36 (KHTML, like Gecko) Chrome/80.0.3987.100 Safari/537.36" 
119.85.100.162, 39.97.49.232 - - [19/Mar/2021:16:31:55 +0800] "GET /api/v1/result/ HTTP/1.1" 200 231 "http://c.biancheng.net/view/2413.html" "Mozilla/5.0 (Windows NT 6.1; Win64; x64) AppleWebKit/537.36 (KHTML, like Gecko) Chrome/80.0.3987.100 Safari/537.36" 
171.217.88.96 - - [19/Mar/2021:16:31:59 +0800] "OPTIONS /api/v1/course/actual/191/payment/?courseType=actual&id=191 HTTP/1.1" 200 0 "https://www.luffycity.com/" "Mozilla/5.0 (Windows NT 10.0; Win64; x64) AppleWebKit/537.36 (KHTML, like Gecko) Chrome/89.0.4389.90 Safari/537.36" 
171.217.88.96 - - [19/Mar/2021:16:31:59 +0800] "GET /api/v1/course/actual/191/payment/?courseType=actual&id=191 HTTP/1.1" 200 309 "https://www.luffycity.com/" "Mozilla/5.0 (Windows NT 10.0; Win64; x64) AppleWebKit/537.36 (KHTML, like Gecko) Chrome/89.0.4389.90 Safari/537.36" 
223.104.3.238, 39.97.49.232 - - [19/Mar/2021:16:32:00 +0800] "GET /api/v1/course/degree/ HTTP/1.1" 200 949 "https://www.luffycity.com/employment-course" "Mozilla/5.0 (Windows NT 6.1; Win64; x64) AppleWebKit/537.36 (KHTML, like Gecko) Chrome/89.0.4389.90 Safari/537.36 FS" 
140.243.5.131 - - [19/Mar/2021:16:32:03 +0800] "OPTIONS /api/v1/study/module/degree/78780/?courseType=degree&id=78780 HTTP/1.1" 200 0 "https://www.luffycity.com/study/chapter/78780" "Mozilla/5.0 (Windows NT 10.0; WOW64) AppleWebKit/537.36 (KHTML, like Gecko) Chrome/86.0.4240.198 Safari/537.36" 
112.43.100.94 - - [19/Mar/2021:16:32:09 +0800] "GET /api/v1/play/20941/?play_id=20941 HTTP/1.1" 200 418 "https://m.luffycity.com/play/20941" "Mozilla/5.0 (Windows NT 10.0; Win64; x64) AppleWebKit/537.36 (KHTML, like Gecko) Chrome/89.0.4389.90 Safari/537.36 Edg/89.0.774.54" 
36.113.134.103, 39.97.49.232 - - [19/Mar/2021:16:32:20 +0800] "GET /api/v1/auth/token/ HTTP/1.1" 200 396 "-" "Mozilla/5.0 (Windows NT 10.0; Win64; x64) AppleWebKit/537.36 (KHTML, like Gecko) Chrome/89.0.4389.90 Safari/537.36" 
36.113.134.103, 39.97.49.232 - - [19/Mar/2021:16:32:20 +0800] "GET /api/v1/index/banner/ HTTP/1.1" 200 382 "-" "Mozilla/5.0 (Windows NT 10.0; Win64; x64) AppleWebKit/537.36 (KHTML, like Gecko) Chrome/89.0.4389.90 Safari/537.36" 
36.113.134.103, 39.97.49.232 - - [19/Mar/2021:16:32:20 +0800] "GET /api/v1/course/actual/?limit=3 HTTP/1.1" 200 2342 "-" "Mozilla/5.0 (Windows NT 10.0; Win64; x64) AppleWebKit/537.36 (KHTML, like Gecko) Chrome/89.0.4389.90 Safari/537.36" 
36.113.134.103 - - [19/Mar/2021:16:32:23 +0800] "OPTIONS /api/v1/study/degrees/ HTTP/1.1" 200 0 "https://www.luffycity.com/" "Mozilla/5.0 (Windows NT 10.0; Win64; x64) AppleWebKit/537.36 (KHTML, like Gecko) Chrome/89.0.4389.90 Safari/537.36" 
36.113.134.103 - - [19/Mar/2021:16:32:23 +0800] "OPTIONS /api/v1/study/degrees/0/mentor/?degree_id=0 HTTP/1.1" 200 0 "https://www.luffycity.com/" "Mozilla/5.0 (Windows NT 10.0; Win64; x64) AppleWebKit/537.36 (KHTML, like Gecko) Chrome/89.0.4389.90 Safari/537.36" 
36.113.134.103 - - [19/Mar/2021:16:32:23 +0800] "OPTIONS /api/v1/study/degrees/19/?degree_id=19 HTTP/1.1" 200 0 "https://www.luffycity.com/" "Mozilla/5.0 (Windows NT 10.0; Win64; x64) AppleWebKit/537.36 (KHTML, like Gecko) Chrome/89.0.4389.90 Safari/537.36" 
36.113.134.103 - - [19/Mar/2021:16:32:23 +0800] "OPTIONS /api/v1/study/degrees/19/mentor/?degree_id=19 HTTP/1.1" 200 0 "https://www.luffycity.com/" "Mozilla/5.0 (Windows NT 10.0; Win64; x64) AppleWebKit/537.36 (KHTML, like Gecko) Chrome/89.0.4389.90 Safari/537.36" 
36.113.134.103 - - [19/Mar/2021:16:32:23 +0800] "GET /api/v1/study/data/?degree_id=19 HTTP/1.1" 200 107 "https://www.luffycity.com/" "Mozilla/5.0 (Windows NT 10.0; Win64; x64) AppleWebKit/537.36 (KHTML, like Gecko) Chrome/89.0.4389.90 Safari/537.36" 
36.113.134.103 - - [19/Mar/2021:16:32:23 +0800] "GET /api/v1/study/data/ HTTP/1.1" 200 111 "https://www.luffycity.com/" "Mozilla/5.0 (Windows NT 10.0; Win64; x64) AppleWebKit/537.36 (KHTML, like Gecko) Chrome/89.0.4389.90 Safari/537.36" 
112.43.100.94 - - [19/Mar/2021:16:32:23 +0800] "GET /api/v1/play/20941/?play_id=20941 HTTP/1.1" 200 418 "https://m.luffycity.com/play/20941" "Mozilla/5.0 (Windows NT 10.0; Win64; x64) AppleWebKit/537.36 (KHTML, like Gecko) Chrome/89.0.4389.90 Safari/537.36 Edg/89.0.774.54" 
36.113.134.103 - - [19/Mar/2021:16:32:25 +0800] "OPTIONS /api/v1/study/degrees/2/?degree_id=2 HTTP/1.1" 200 0 "https://www.luffycity.com/" "Mozilla/5.0 (Windows NT 10.0; Win64; x64) AppleWebKit/537.36 (KHTML, like Gecko) Chrome/89.0.4389.90 Safari/537.36" 
36.113.134.103 - - [19/Mar/2021:16:32:25 +0800] "OPTIONS /api/v1/study/degrees/2/mentor/?degree_id=2 HTTP/1.1" 200 0 "https://www.luffycity.com/" "Mozilla/5.0 (Windows NT 10.0; Win64; x64) AppleWebKit/537.36 (KHTML, like Gecko) Chrome/89.0.4389.90 Safari/537.36" 
1.206.255.79 - - [19/Mar/2021:16:32:25 +0800] "GET /api/v1/auth/token/ HTTP/1.1" 200 29 "https://m.luffycity.com/404?source=c" "Mozilla/5.0 (Linux; U; Android 10; zh-cn; MI 8 Build/QKQ1.190828.002) AppleWebKit/537.36 (KHTML, like Gecko) Version/4.0 Chrome/77.0.3865.120 MQQBrowser/11.3 Mobile Safari/537.36 COVC/045530" 
36.113.134.103 - - [19/Mar/2021:16:32:25 +0800] "GET /api/v1/study/data/?degree_id=2 HTTP/1.1" 200 112 "https://www.luffycity.com/" "Mozilla/5.0 (Windows NT 10.0; Win64; x64) AppleWebKit/537.36 (KHTML, like Gecko) Chrome/89.0.4389.90 Safari/537.36" 
218.89.143.225, 39.97.49.232 - - [19/Mar/2021:16:32:29 +0800] "GET /api/v1/auth/token/ HTTP/1.1" 200 29 "https://v3.bootcss.com/" "Mozilla/5.0 (Windows NT 10.0; WOW64) AppleWebKit/537.36 (KHTML, like Gecko) Chrome/78.0.3904.108 Safari/537.36" 
218.89.143.225 - - [19/Mar/2021:16:32:30 +0800] "OPTIONS /api/v1/activity/survey/?course_id=256 HTTP/1.1" 200 0 "https://www.luffycity.com/activity/vue-camp?source=bootcss" "Mozilla/5.0 (Windows NT 10.0; WOW64) AppleWebKit/537.36 (KHTML, like Gecko) Chrome/78.0.3904.108 Safari/537.36" 
171.217.88.96 - - [19/Mar/2021:16:32:30 +0800] "GET /api/v1/course/category/actual/?courseType=actual HTTP/1.1" 200 252 "https://www.luffycity.com/" "Mozilla/5.0 (Windows NT 10.0; Win64; x64) AppleWebKit/537.36 (KHTML, like Gecko) Chrome/89.0.4389.90 Safari/537.36" 
171.217.88.96 - - [19/Mar/2021:16:32:30 +0800] "GET /api/v1/course/actual/?category_id=3 HTTP/1.1" 200 6382 "https://www.luffycity.com/" "Mozilla/5.0 (Windows NT 10.0; Win64; x64) AppleWebKit/537.36 (KHTML, like Gecko) Chrome/89.0.4389.90 Safari/537.36" 
36.113.134.103 - - [19/Mar/2021:16:32:30 +0800] "OPTIONS /api/v1/study/module/degree/15442/?courseType=degree&id=15442 HTTP/1.1" 200 0 "https://www.luffycity.com/" "Mozilla/5.0 (Windows NT 10.0; Win64; x64) AppleWebKit/537.36 (KHTML, like Gecko) Chrome/89.0.4389.90 Safari/537.36" 
49.7.21.109, 39.97.49.232 - - [19/Mar/2021:16:32:31 +0800] "GET /api/v1/auth/token/ HTTP/1.1" 200 29 "-" "Sogou web spider/4.0(+http://www.sogou.com/docs/help/webmasters.htm#07)" 
49.7.21.109, 39.97.49.232 - - [19/Mar/2021:16:32:31 +0800] "GET /api/v1/course/category/actual/?courseType=actual HTTP/1.1" 200 252 "-" "Sogou web spider/4.0(+http://www.sogou.com/docs/help/webmasters.htm#07)" 
49.7.21.109, 39.97.49.232 - - [19/Mar/2021:16:32:32 +0800] "GET /api/v1/course/actual/ HTTP/1.1" 200 25971 "-" "Sogou web spider/4.0(+http://www.sogou.com/docs/help/webmasters.htm#07)" 
183.253.20.51 - - [19/Mar/2021:16:32:40 +0800] "OPTIONS /api/v1/activity/survey/?course_id=256 HTTP/1.1" 200 0 "https://www.luffycity.com/" "Mozilla/5.0 (Windows NT 10.0; Win64; x64) AppleWebKit/537.36 (KHTML, like Gecko) Chrome/89.0.4389.90 Safari/537.36" 
36.113.134.103 - - [19/Mar/2021:16:32:41 +0800] "GET /api/v1/study/degrees/2/mentor/?degree_id=2 HTTP/1.1" 200 227 "https://www.luffycity.com/" "Mozilla/5.0 (Windows NT 10.0; Win64; x64) AppleWebKit/537.36 (KHTML, like Gecko) Chrome/89.0.4389.90 Safari/537.36" 
36.113.134.103 - - [19/Mar/2021:16:32:42 +0800] "GET /api/v1/study/data/ HTTP/1.1" 200 111 "https://www.luffycity.com/" "Mozilla/5.0 (Windows NT 10.0; Win64; x64) AppleWebKit/537.36 (KHTML, like Gecko) Chrome/89.0.4389.90 Safari/537.36" 
36.113.134.103 - - [19/Mar/2021:16:32:42 +0800] "GET /api/v1/study/degrees/2/?degree_id=2 HTTP/1.1" 200 1426 "https://www.luffycity.com/" "Mozilla/5.0 (Windows NT 10.0; Win64; x64) AppleWebKit/537.36 (KHTML, like Gecko) Chrome/89.0.4389.90 Safari/537.36" 
