112.80.118.139 - - [20/Mar/2021:22:53:26 +0800] "GET /api/v1/survey/section/19434/?sectionId=19434 HTTP/1.1" 200 10 "https://www.luffycity.com/play/19434" "Mozilla/5.0 (Windows NT 10.0; WOW64) AppleWebKit/537.36 (KHTML, like Gecko) Chrome/58.0.3029.110 Safari/537.36 SE 2.X MetaSr 1.0" 
112.80.118.139 - - [20/Mar/2021:22:53:26 +0800] "GET /api/v1/play/19434/?play_id=19434 HTTP/1.1" 200 402 "https://www.luffycity.com/play/19434" "Mozilla/5.0 (Windows NT 10.0; WOW64) AppleWebKit/537.36 (KHTML, like Gecko) Chrome/58.0.3029.110 Safari/537.36 SE 2.X MetaSr 1.0" 
223.104.64.201 - - [20/Mar/2021:22:53:26 +0800] "OPTIONS /api/v1/comment/?section_id=28682&limit=10&offset=0 HTTP/1.1" 200 0 "https://www.luffycity.com/" "Mozilla/5.0 (Windows NT 10.0; Win64; x64) AppleWebKit/537.36 (KHTML, like Gecko) Chrome/89.0.4389.90 Safari/537.36 Edg/89.0.774.57" 
223.104.64.201 - - [20/Mar/2021:22:53:26 +0800] "OPTIONS /api/v1/survey/section/28682/?sectionId=28682 HTTP/1.1" 200 0 "https://www.luffycity.com/" "Mozilla/5.0 (Windows NT 10.0; Win64; x64) AppleWebKit/537.36 (KHTML, like Gecko) Chrome/89.0.4389.90 Safari/537.36 Edg/89.0.774.57" 
223.104.64.201 - - [20/Mar/2021:22:53:27 +0800] "GET /api/v1/play/28682/?play_id=28682 HTTP/1.1" 200 440 "https://www.luffycity.com/" "Mozilla/5.0 (Windows NT 10.0; Win64; x64) AppleWebKit/537.36 (KHTML, like Gecko) Chrome/89.0.4389.90 Safari/537.36 Edg/89.0.774.57" 
223.104.64.201 - - [20/Mar/2021:22:53:27 +0800] "GET /api/v1/comment/?section_id=28682&limit=10&offset=0 HTTP/1.1" 200 1362 "https://www.luffycity.com/" "Mozilla/5.0 (Windows NT 10.0; Win64; x64) AppleWebKit/537.36 (KHTML, like Gecko) Chrome/89.0.4389.90 Safari/537.36 Edg/89.0.774.57" 
112.80.118.139 - - [20/Mar/2021:22:53:27 +0800] "OPTIONS /api/v1/comment/?section_id=19435&limit=10&offset=0 HTTP/1.1" 200 0 "https://www.luffycity.com/play/19435" "Mozilla/5.0 (Windows NT 10.0; WOW64) AppleWebKit/537.36 (KHTML, like Gecko) Chrome/58.0.3029.110 Safari/537.36 SE 2.X MetaSr 1.0" 
112.80.118.139 - - [20/Mar/2021:22:53:27 +0800] "OPTIONS /api/v1/survey/section/19435/?sectionId=19435 HTTP/1.1" 200 0 "https://www.luffycity.com/play/19435" "Mozilla/5.0 (Windows NT 10.0; WOW64) AppleWebKit/537.36 (KHTML, like Gecko) Chrome/58.0.3029.110 Safari/537.36 SE 2.X MetaSr 1.0" 
112.80.118.139 - - [20/Mar/2021:22:53:27 +0800] "GET /api/v1/survey/section/19435/?sectionId=19435 HTTP/1.1" 200 10 "https://www.luffycity.com/play/19435" "Mozilla/5.0 (Windows NT 10.0; WOW64) AppleWebKit/537.36 (KHTML, like Gecko) Chrome/58.0.3029.110 Safari/537.36 SE 2.X MetaSr 1.0" 
112.80.118.139 - - [20/Mar/2021:22:53:27 +0800] "GET /api/v1/comment/?section_id=19435&limit=10&offset=0 HTTP/1.1" 200 1802 "https://www.luffycity.com/play/19435" "Mozilla/5.0 (Windows NT 10.0; WOW64) AppleWebKit/537.36 (KHTML, like Gecko) Chrome/58.0.3029.110 Safari/537.36 SE 2.X MetaSr 1.0" 
220.175.67.11 - - [20/Mar/2021:22:53:27 +0800] "OPTIONS /api/v1/study/degrees/ HTTP/1.1" 200 0 "https://www.luffycity.com/study/degree" "Mozilla/5.0 (Windows NT 10.0; Win64; x64) AppleWebKit/537.36 (KHTML, like Gecko) Chrome/78.0.3904.108 Safari/537.36" 
220.175.67.11 - - [20/Mar/2021:22:53:28 +0800] "OPTIONS /api/v1/study/degrees/0/mentor/?degree_id=0 HTTP/1.1" 200 0 "https://www.luffycity.com/study/degree" "Mozilla/5.0 (Windows NT 10.0; Win64; x64) AppleWebKit/537.36 (KHTML, like Gecko) Chrome/78.0.3904.108 Safari/537.36" 
220.175.67.11 - - [20/Mar/2021:22:53:28 +0800] "GET /api/v1/study/degrees/0/mentor/?degree_id=0 HTTP/1.1" 200 137 "https://www.luffycity.com/study/degree" "Mozilla/5.0 (Windows NT 10.0; Win64; x64) AppleWebKit/537.36 (KHTML, like Gecko) Chrome/78.0.3904.108 Safari/537.36" 
220.175.67.11 - - [20/Mar/2021:22:53:28 +0800] "OPTIONS /api/v1/study/degrees/2/?degree_id=2 HTTP/1.1" 200 0 "https://www.luffycity.com/study/degree" "Mozilla/5.0 (Windows NT 10.0; Win64; x64) AppleWebKit/537.36 (KHTML, like Gecko) Chrome/78.0.3904.108 Safari/537.36" 
112.80.118.139 - - [20/Mar/2021:22:53:28 +0800] "OPTIONS /api/v1/comment/?section_id=19436&limit=10&offset=0 HTTP/1.1" 200 0 "https://www.luffycity.com/play/19436" "Mozilla/5.0 (Windows NT 10.0; WOW64) AppleWebKit/537.36 (KHTML, like Gecko) Chrome/58.0.3029.110 Safari/537.36 SE 2.X MetaSr 1.0" 
220.175.67.11 - - [20/Mar/2021:22:53:28 +0800] "GET /api/v1/study/data/ HTTP/1.1" 200 106 "https://www.luffycity.com/study/degree" "Mozilla/5.0 (Windows NT 10.0; Win64; x64) AppleWebKit/537.36 (KHTML, like Gecko) Chrome/78.0.3904.108 Safari/537.36" 
112.80.118.139 - - [20/Mar/2021:22:53:28 +0800] "OPTIONS /api/v1/survey/section/19436/?sectionId=19436 HTTP/1.1" 200 0 "https://www.luffycity.com/play/19436" "Mozilla/5.0 (Windows NT 10.0; WOW64) AppleWebKit/537.36 (KHTML, like Gecko) Chrome/58.0.3029.110 Safari/537.36 SE 2.X MetaSr 1.0" 
220.175.67.11 - - [20/Mar/2021:22:53:28 +0800] "GET /api/v1/study/degrees/2/mentor/?degree_id=2 HTTP/1.1" 200 230 "https://www.luffycity.com/study/degree" "Mozilla/5.0 (Windows NT 10.0; Win64; x64) AppleWebKit/537.36 (KHTML, like Gecko) Chrome/78.0.3904.108 Safari/537.36" 
112.80.118.139 - - [20/Mar/2021:22:53:28 +0800] "GET /api/v1/survey/section/19436/?sectionId=19436 HTTP/1.1" 200 10 "https://www.luffycity.com/play/19436" "Mozilla/5.0 (Windows NT 10.0; WOW64) AppleWebKit/537.36 (KHTML, like Gecko) Chrome/58.0.3029.110 Safari/537.36 SE 2.X MetaSr 1.0" 
112.80.118.139 - - [20/Mar/2021:22:53:28 +0800] "GET /api/v1/play/19436/?play_id=19436 HTTP/1.1" 200 396 "https://www.luffycity.com/play/19436" "Mozilla/5.0 (Windows NT 10.0; WOW64) AppleWebKit/537.36 (KHTML, like Gecko) Chrome/58.0.3029.110 Safari/537.36 SE 2.X MetaSr 1.0" 
220.175.67.11 - - [20/Mar/2021:22:53:28 +0800] "GET /api/v1/study/degrees/2/?degree_id=2 HTTP/1.1" 200 1448 "https://www.luffycity.com/study/degree" "Mozilla/5.0 (Windows NT 10.0; Win64; x64) AppleWebKit/537.36 (KHTML, like Gecko) Chrome/78.0.3904.108 Safari/537.36" 
112.80.118.139 - - [20/Mar/2021:22:53:29 +0800] "OPTIONS /api/v1/comment/?section_id=19437&limit=10&offset=0 HTTP/1.1" 200 0 "https://www.luffycity.com/play/19437" "Mozilla/5.0 (Windows NT 10.0; WOW64) AppleWebKit/537.36 (KHTML, like Gecko) Chrome/58.0.3029.110 Safari/537.36 SE 2.X MetaSr 1.0" 
112.80.118.139 - - [20/Mar/2021:22:53:29 +0800] "OPTIONS /api/v1/survey/section/19437/?sectionId=19437 HTTP/1.1" 200 0 "https://www.luffycity.com/play/19437" "Mozilla/5.0 (Windows NT 10.0; WOW64) AppleWebKit/537.36 (KHTML, like Gecko) Chrome/58.0.3029.110 Safari/537.36 SE 2.X MetaSr 1.0" 
112.80.118.139 - - [20/Mar/2021:22:53:29 +0800] "GET /api/v1/survey/section/19437/?sectionId=19437 HTTP/1.1" 200 10 "https://www.luffycity.com/play/19437" "Mozilla/5.0 (Windows NT 10.0; WOW64) AppleWebKit/537.36 (KHTML, like Gecko) Chrome/58.0.3029.110 Safari/537.36 SE 2.X MetaSr 1.0" 
112.80.118.139 - - [20/Mar/2021:22:53:29 +0800] "GET /api/v1/play/sections/?section_id=19437 HTTP/1.1" 200 1961 "https://www.luffycity.com/play/19437" "Mozilla/5.0 (Windows NT 10.0; WOW64) AppleWebKit/537.36 (KHTML, like Gecko) Chrome/58.0.3029.110 Safari/537.36 SE 2.X MetaSr 1.0" 
66.249.66.137 - - [20/Mar/2021:22:53:30 +0800] "GET /api/v1/course/actual/158/payment/?courseType=actual&id=158 HTTP/1.1" 200 294 "https://m.luffycity.com/actual-course/158" "Mozilla/5.0 AppleWebKit/537.36 (KHTML, like Gecko; compatible; Googlebot/2.1; +http://www.google.com/bot.html) Chrome/89.0.4389.93 Safari/537.36" 
112.80.118.139 - - [20/Mar/2021:22:53:31 +0800] "OPTIONS /api/v1/comment/?section_id=19438&limit=10&offset=0 HTTP/1.1" 200 0 "https://www.luffycity.com/play/19438" "Mozilla/5.0 (Windows NT 10.0; WOW64) AppleWebKit/537.36 (KHTML, like Gecko) Chrome/58.0.3029.110 Safari/537.36 SE 2.X MetaSr 1.0" 
112.80.118.139 - - [20/Mar/2021:22:53:31 +0800] "OPTIONS /api/v1/survey/section/19438/?sectionId=19438 HTTP/1.1" 200 0 "https://www.luffycity.com/play/19438" "Mozilla/5.0 (Windows NT 10.0; WOW64) AppleWebKit/537.36 (KHTML, like Gecko) Chrome/58.0.3029.110 Safari/537.36 SE 2.X MetaSr 1.0" 
112.80.118.139 - - [20/Mar/2021:22:53:31 +0800] "GET /api/v1/survey/section/19438/?sectionId=19438 HTTP/1.1" 200 10 "https://www.luffycity.com/play/19438" "Mozilla/5.0 (Windows NT 10.0; WOW64) AppleWebKit/537.36 (KHTML, like Gecko) Chrome/58.0.3029.110 Safari/537.36 SE 2.X MetaSr 1.0" 
112.80.118.139 - - [20/Mar/2021:22:53:31 +0800] "GET /api/v1/play/19438/?play_id=19438 HTTP/1.1" 200 388 "https://www.luffycity.com/play/19438" "Mozilla/5.0 (Windows NT 10.0; WOW64) AppleWebKit/537.36 (KHTML, like Gecko) Chrome/58.0.3029.110 Safari/537.36 SE 2.X MetaSr 1.0" 
112.80.118.139 - - [20/Mar/2021:22:53:32 +0800] "OPTIONS /api/v1/comment/?section_id=19439&limit=10&offset=0 HTTP/1.1" 200 0 "https://www.luffycity.com/play/19439" "Mozilla/5.0 (Windows NT 10.0; WOW64) AppleWebKit/537.36 (KHTML, like Gecko) Chrome/58.0.3029.110 Safari/537.36 SE 2.X MetaSr 1.0" 
112.80.118.139 - - [20/Mar/2021:22:53:32 +0800] "OPTIONS /api/v1/survey/section/19439/?sectionId=19439 HTTP/1.1" 200 0 "https://www.luffycity.com/play/19439" "Mozilla/5.0 (Windows NT 10.0; WOW64) AppleWebKit/537.36 (KHTML, like Gecko) Chrome/58.0.3029.110 Safari/537.36 SE 2.X MetaSr 1.0" 
112.80.118.139 - - [20/Mar/2021:22:53:33 +0800] "GET /api/v1/comment/?section_id=19439&limit=10&offset=0 HTTP/1.1" 200 1802 "https://www.luffycity.com/play/19439" "Mozilla/5.0 (Windows NT 10.0; WOW64) AppleWebKit/537.36 (KHTML, like Gecko) Chrome/58.0.3029.110 Safari/537.36 SE 2.X MetaSr 1.0" 
112.80.118.139 - - [20/Mar/2021:22:53:33 +0800] "GET /api/v1/play/19439/?play_id=19439 HTTP/1.1" 200 391 "https://www.luffycity.com/play/19439" "Mozilla/5.0 (Windows NT 10.0; WOW64) AppleWebKit/537.36 (KHTML, like Gecko) Chrome/58.0.3029.110 Safari/537.36 SE 2.X MetaSr 1.0" 
66.249.66.139 - - [20/Mar/2021:22:53:33 +0800] "GET /api/v1/media/play/72a09426412a477f90e20999f2f1167a/?suffix=72a09426412a477f90e20999f2f1167a HTTP/1.1" 200 1781 "https://m.luffycity.com/actual-course/158" "Mozilla/5.0 AppleWebKit/537.36 (KHTML, like Gecko; compatible; Googlebot/2.1; +http://www.google.com/bot.html) Chrome/89.0.4389.93 Safari/537.36" 
112.80.118.139 - - [20/Mar/2021:22:53:34 +0800] "OPTIONS /api/v1/comment/?section_id=19440&limit=10&offset=0 HTTP/1.1" 200 0 "https://www.luffycity.com/play/19440" "Mozilla/5.0 (Windows NT 10.0; WOW64) AppleWebKit/537.36 (KHTML, like Gecko) Chrome/58.0.3029.110 Safari/537.36 SE 2.X MetaSr 1.0" 
112.80.118.139 - - [20/Mar/2021:22:53:34 +0800] "OPTIONS /api/v1/survey/section/19440/?sectionId=19440 HTTP/1.1" 200 0 "https://www.luffycity.com/play/19440" "Mozilla/5.0 (Windows NT 10.0; WOW64) AppleWebKit/537.36 (KHTML, like Gecko) Chrome/58.0.3029.110 Safari/537.36 SE 2.X MetaSr 1.0" 
112.80.118.139 - - [20/Mar/2021:22:53:34 +0800] "GET /api/v1/comment/?section_id=19440&limit=10&offset=0 HTTP/1.1" 200 1803 "https://www.luffycity.com/play/19440" "Mozilla/5.0 (Windows NT 10.0; WOW64) AppleWebKit/537.36 (KHTML, like Gecko) Chrome/58.0.3029.110 Safari/537.36 SE 2.X MetaSr 1.0" 
112.80.118.139 - - [20/Mar/2021:22:53:34 +0800] "GET /api/v1/play/19440/?play_id=19440 HTTP/1.1" 200 393 "https://www.luffycity.com/play/19440" "Mozilla/5.0 (Windows NT 10.0; WOW64) AppleWebKit/537.36 (KHTML, like Gecko) Chrome/58.0.3029.110 Safari/537.36 SE 2.X MetaSr 1.0" 
112.80.118.139 - - [20/Mar/2021:22:53:36 +0800] "OPTIONS /api/v1/survey/section/19441/?sectionId=19441 HTTP/1.1" 200 0 "https://www.luffycity.com/play/19441" "Mozilla/5.0 (Windows NT 10.0; WOW64) AppleWebKit/537.36 (KHTML, like Gecko) Chrome/58.0.3029.110 Safari/537.36 SE 2.X MetaSr 1.0" 
112.80.118.139 - - [20/Mar/2021:22:53:36 +0800] "OPTIONS /api/v1/comment/?section_id=19441&limit=10&offset=0 HTTP/1.1" 200 0 "https://www.luffycity.com/play/19441" "Mozilla/5.0 (Windows NT 10.0; WOW64) AppleWebKit/537.36 (KHTML, like Gecko) Chrome/58.0.3029.110 Safari/537.36 SE 2.X MetaSr 1.0" 
112.80.118.139 - - [20/Mar/2021:22:53:36 +0800] "GET /api/v1/play/sections/?section_id=19441 HTTP/1.1" 200 1956 "https://www.luffycity.com/play/19441" "Mozilla/5.0 (Windows NT 10.0; WOW64) AppleWebKit/537.36 (KHTML, like Gecko) Chrome/58.0.3029.110 Safari/537.36 SE 2.X MetaSr 1.0" 
112.80.118.139 - - [20/Mar/2021:22:53:36 +0800] "GET /api/v1/comment/?section_id=19441&limit=10&offset=0 HTTP/1.1" 200 1801 "https://www.luffycity.com/play/19441" "Mozilla/5.0 (Windows NT 10.0; WOW64) AppleWebKit/537.36 (KHTML, like Gecko) Chrome/58.0.3029.110 Safari/537.36 SE 2.X MetaSr 1.0" 
220.175.67.11 - - [20/Mar/2021:22:53:38 +0800] "OPTIONS /api/v1/comment/?section_id=2957&limit=10&offset=0 HTTP/1.1" 200 0 "https://www.luffycity.com/play/2957" "Mozilla/5.0 (Windows NT 10.0; Win64; x64) AppleWebKit/537.36 (KHTML, like Gecko) Chrome/78.0.3904.108 Safari/537.36" 
220.175.67.11 - - [20/Mar/2021:22:53:38 +0800] "GET /api/v1/survey/section/2957/?sectionId=2957 HTTP/1.1" 200 10 "https://www.luffycity.com/play/2957" "Mozilla/5.0 (Windows NT 10.0; Win64; x64) AppleWebKit/537.36 (KHTML, like Gecko) Chrome/78.0.3904.108 Safari/537.36" 
220.175.67.11 - - [20/Mar/2021:22:53:38 +0800] "GET /api/v1/play/sections/?section_id=2957 HTTP/1.1" 200 3450 "https://www.luffycity.com/play/2957" "Mozilla/5.0 (Windows NT 10.0; Win64; x64) AppleWebKit/537.36 (KHTML, like Gecko) Chrome/78.0.3904.108 Safari/537.36" 
220.175.67.11 - - [20/Mar/2021:22:53:38 +0800] "GET /api/v1/comment/?section_id=2957&limit=10&offset=0 HTTP/1.1" 200 1007 "https://www.luffycity.com/play/2957" "Mozilla/5.0 (Windows NT 10.0; Win64; x64) AppleWebKit/537.36 (KHTML, like Gecko) Chrome/78.0.3904.108 Safari/537.36" 
112.80.118.139 - - [20/Mar/2021:22:53:44 +0800] "OPTIONS /api/v1/comment/?section_id=19423&limit=10&offset=0 HTTP/1.1" 200 0 "https://www.luffycity.com/play/19423" "Mozilla/5.0 (Windows NT 10.0; WOW64) AppleWebKit/537.36 (KHTML, like Gecko) Chrome/58.0.3029.110 Safari/537.36 SE 2.X MetaSr 1.0" 
112.80.118.139 - - [20/Mar/2021:22:53:44 +0800] "OPTIONS /api/v1/survey/section/19423/?sectionId=19423 HTTP/1.1" 200 0 "https://www.luffycity.com/play/19423" "Mozilla/5.0 (Windows NT 10.0; WOW64) AppleWebKit/537.36 (KHTML, like Gecko) Chrome/58.0.3029.110 Safari/537.36 SE 2.X MetaSr 1.0" 
112.80.118.139 - - [20/Mar/2021:22:53:44 +0800] "GET /api/v1/survey/section/19423/?sectionId=19423 HTTP/1.1" 200 10 "https://www.luffycity.com/play/19423" "Mozilla/5.0 (Windows NT 10.0; WOW64) AppleWebKit/537.36 (KHTML, like Gecko) Chrome/58.0.3029.110 Safari/537.36 SE 2.X MetaSr 1.0" 
112.80.118.139 - - [20/Mar/2021:22:53:44 +0800] "GET /api/v1/play/sections/?section_id=19423 HTTP/1.1" 200 1956 "https://www.luffycity.com/play/19423" "Mozilla/5.0 (Windows NT 10.0; WOW64) AppleWebKit/537.36 (KHTML, like Gecko) Chrome/58.0.3029.110 Safari/537.36 SE 2.X MetaSr 1.0" 
220.175.67.11 - - [20/Mar/2021:22:53:46 +0800] "OPTIONS /api/v1/play/sections/?section_id=2936 HTTP/1.1" 200 0 "https://www.luffycity.com/play/2936" "Mozilla/5.0 (Windows NT 10.0; Win64; x64) AppleWebKit/537.36 (KHTML, like Gecko) Chrome/78.0.3904.108 Safari/537.36" 
220.175.67.11 - - [20/Mar/2021:22:53:46 +0800] "GET /api/v1/survey/section/2936/?sectionId=2936 HTTP/1.1" 200 10 "https://www.luffycity.com/play/2936" "Mozilla/5.0 (Windows NT 10.0; Win64; x64) AppleWebKit/537.36 (KHTML, like Gecko) Chrome/78.0.3904.108 Safari/537.36" 
220.175.67.11 - - [20/Mar/2021:22:53:47 +0800] "GET /api/v1/play/sections/?section_id=2936 HTTP/1.1" 200 3450 "https://www.luffycity.com/play/2936" "Mozilla/5.0 (Windows NT 10.0; Win64; x64) AppleWebKit/537.36 (KHTML, like Gecko) Chrome/78.0.3904.108 Safari/537.36" 
220.175.67.11 - - [20/Mar/2021:22:53:47 +0800] "GET /api/v1/play/2936/?play_id=2936 HTTP/1.1" 200 460 "https://www.luffycity.com/play/2936" "Mozilla/5.0 (Windows NT 10.0; Win64; x64) AppleWebKit/537.36 (KHTML, like Gecko) Chrome/78.0.3904.108 Safari/537.36" 
117.152.37.141 - - [20/Mar/2021:22:53:57 +0800] "OPTIONS /api/v1/play/19478/?play_id=19478 HTTP/1.1" 200 0 "https://www.luffycity.com/play/19478" "Mozilla/5.0 (Windows NT 10.0; WOW64) AppleWebKit/537.36 (KHTML, like Gecko) Chrome/86.0.4240.198 Safari/537.36" 
117.152.37.141 - - [20/Mar/2021:22:53:57 +0800] "OPTIONS /api/v1/survey/section/19478/?sectionId=19478 HTTP/1.1" 200 0 "https://www.luffycity.com/play/19478" "Mozilla/5.0 (Windows NT 10.0; WOW64) AppleWebKit/537.36 (KHTML, like Gecko) Chrome/86.0.4240.198 Safari/537.36" 
117.152.37.141 - - [20/Mar/2021:22:53:57 +0800] "GET /api/v1/comment/?section_id=19478&limit=10&offset=0 HTTP/1.1" 200 1241 "https://www.luffycity.com/play/19478" "Mozilla/5.0 (Windows NT 10.0; WOW64) AppleWebKit/537.36 (KHTML, like Gecko) Chrome/86.0.4240.198 Safari/537.36" 
117.152.37.141 - - [20/Mar/2021:22:53:57 +0800] "GET /api/v1/play/19478/?play_id=19478 HTTP/1.1" 200 410 "https://www.luffycity.com/play/19478" "Mozilla/5.0 (Windows NT 10.0; WOW64) AppleWebKit/537.36 (KHTML, like Gecko) Chrome/86.0.4240.198 Safari/537.36" 
222.91.148.149 - - [20/Mar/2021:22:54:06 +0800] "OPTIONS /api/v1/play/sections/?section_id=30916 HTTP/1.1" 200 0 "https://www.luffycity.com/" "Mozilla/5.0 (Windows NT 10.0; Win64; x64) AppleWebKit/537.36 (KHTML, like Gecko) Chrome/89.0.4389.90 Safari/537.36 Edg/89.0.774.54" 
222.91.148.149 - - [20/Mar/2021:22:54:06 +0800] "OPTIONS /api/v1/play/30916/?play_id=30916 HTTP/1.1" 200 0 "https://www.luffycity.com/" "Mozilla/5.0 (Windows NT 10.0; Win64; x64) AppleWebKit/537.36 (KHTML, like Gecko) Chrome/89.0.4389.90 Safari/537.36 Edg/89.0.774.54" 
222.91.148.149 - - [20/Mar/2021:22:54:06 +0800] "GET /api/v1/survey/section/30916/?sectionId=30916 HTTP/1.1" 200 10 "https://www.luffycity.com/" "Mozilla/5.0 (Windows NT 10.0; Win64; x64) AppleWebKit/537.36 (KHTML, like Gecko) Chrome/89.0.4389.90 Safari/537.36 Edg/89.0.774.54" 
222.91.148.149 - - [20/Mar/2021:22:54:06 +0800] "GET /api/v1/play/sections/?section_id=30916 HTTP/1.1" 200 3292 "https://www.luffycity.com/" "Mozilla/5.0 (Windows NT 10.0; Win64; x64) AppleWebKit/537.36 (KHTML, like Gecko) Chrome/89.0.4389.90 Safari/537.36 Edg/89.0.774.54" 
222.91.148.149, 39.97.49.232 - - [20/Mar/2021:22:54:26 +0800] "GET /api/v1/auth/token/ HTTP/1.1" 200 407 "-" "Mozilla/5.0 (Windows NT 10.0; Win64; x64) AppleWebKit/537.36 (KHTML, like Gecko) Chrome/89.0.4389.90 Safari/537.36 Edg/89.0.774.54" 
222.91.148.149, 39.97.49.232 - - [20/Mar/2021:22:54:26 +0800] "GET /api/v1/result/ HTTP/1.1" 200 231 "-" "Mozilla/5.0 (Windows NT 10.0; Win64; x64) AppleWebKit/537.36 (KHTML, like Gecko) Chrome/89.0.4389.90 Safari/537.36 Edg/89.0.774.54" 
222.91.148.149, 39.97.49.232 - - [20/Mar/2021:22:54:27 +0800] "GET /api/v1/course/actual/?limit=3 HTTP/1.1" 200 2342 "-" "Mozilla/5.0 (Windows NT 10.0; Win64; x64) AppleWebKit/537.36 (KHTML, like Gecko) Chrome/89.0.4389.90 Safari/537.36 Edg/89.0.774.54" 
222.91.148.149 - - [20/Mar/2021:22:54:27 +0800] "GET /api/v1/result/enroll/?resultType=enroll&limit=2 HTTP/1.1" 200 1976 "https://www.luffycity.com/" "Mozilla/5.0 (Windows NT 10.0; Win64; x64) AppleWebKit/537.36 (KHTML, like Gecko) Chrome/89.0.4389.90 Safari/537.36 Edg/89.0.774.54" 
222.91.148.149 - - [20/Mar/2021:22:54:38 +0800] "OPTIONS /api/v1/study/data/ HTTP/1.1" 200 0 "https://www.luffycity.com/" "Mozilla/5.0 (Windows NT 10.0; Win64; x64) AppleWebKit/537.36 (KHTML, like Gecko) Chrome/89.0.4389.90 Safari/537.36 Edg/89.0.774.54" 
222.91.148.149 - - [20/Mar/2021:22:54:38 +0800] "GET /api/v1/study/degrees/ HTTP/1.1" 200 146 "https://www.luffycity.com/" "Mozilla/5.0 (Windows NT 10.0; Win64; x64) AppleWebKit/537.36 (KHTML, like Gecko) Chrome/89.0.4389.90 Safari/537.36 Edg/89.0.774.54" 
222.91.148.149 - - [20/Mar/2021:22:54:38 +0800] "GET /api/v1/study/data/ HTTP/1.1" 200 105 "https://www.luffycity.com/" "Mozilla/5.0 (Windows NT 10.0; Win64; x64) AppleWebKit/537.36 (KHTML, like Gecko) Chrome/89.0.4389.90 Safari/537.36 Edg/89.0.774.54" 
222.91.148.149 - - [20/Mar/2021:22:54:38 +0800] "OPTIONS /api/v1/study/data/?degree_id=1 HTTP/1.1" 200 0 "https://www.luffycity.com/" "Mozilla/5.0 (Windows NT 10.0; Win64; x64) AppleWebKit/537.36 (KHTML, like Gecko) Chrome/89.0.4389.90 Safari/537.36 Edg/89.0.774.54" 
222.91.148.149 - - [20/Mar/2021:22:54:38 +0800] "GET /api/v1/study/degrees/1/mentor/?degree_id=1 HTTP/1.1" 200 188 "https://www.luffycity.com/" "Mozilla/5.0 (Windows NT 10.0; Win64; x64) AppleWebKit/537.36 (KHTML, like Gecko) Chrome/89.0.4389.90 Safari/537.36 Edg/89.0.774.54" 
222.91.148.149 - - [20/Mar/2021:22:54:39 +0800] "GET /api/v1/study/degrees/1/?degree_id=1 HTTP/1.1" 200 1906 "https://www.luffycity.com/" "Mozilla/5.0 (Windows NT 10.0; Win64; x64) AppleWebKit/537.36 (KHTML, like Gecko) Chrome/89.0.4389.90 Safari/537.36 Edg/89.0.774.54" 
60.64.139.153 - - [20/Mar/2021:22:54:42 +0800] "OPTIONS /api/v1/comment/?section_id=31136&limit=10&offset=0 HTTP/1.1" 200 0 "https://www.luffycity.com/" "Mozilla/5.0 (Windows NT 10.0; Win64; x64) AppleWebKit/537.36 (KHTML, like Gecko) Chrome/89.0.4389.90 Safari/537.36 Edg/89.0.774.57" 
60.64.139.153 - - [20/Mar/2021:22:54:42 +0800] "OPTIONS /api/v1/survey/section/31136/?sectionId=31136 HTTP/1.1" 200 0 "https://www.luffycity.com/" "Mozilla/5.0 (Windows NT 10.0; Win64; x64) AppleWebKit/537.36 (KHTML, like Gecko) Chrome/89.0.4389.90 Safari/537.36 Edg/89.0.774.57" 
60.64.139.153 - - [20/Mar/2021:22:54:43 +0800] "GET /api/v1/play/31136/?play_id=31136 HTTP/1.1" 200 399 "https://www.luffycity.com/" "Mozilla/5.0 (Windows NT 10.0; Win64; x64) AppleWebKit/537.36 (KHTML, like Gecko) Chrome/89.0.4389.90 Safari/537.36 Edg/89.0.774.57" 
60.64.139.153 - - [20/Mar/2021:22:54:43 +0800] "GET /api/v1/comment/?section_id=31136&limit=10&offset=0 HTTP/1.1" 200 741 "https://www.luffycity.com/" "Mozilla/5.0 (Windows NT 10.0; Win64; x64) AppleWebKit/537.36 (KHTML, like Gecko) Chrome/89.0.4389.90 Safari/537.36 Edg/89.0.774.57" 
222.168.224.85 - - [20/Mar/2021:22:54:54 +0800] "OPTIONS /api/v1/play/31618/?play_id=31618 HTTP/1.1" 200 0 "https://www.luffycity.com/play/31618" "Mozilla/5.0 (Windows NT 10.0; WOW64) AppleWebKit/537.36 (KHTML, like Gecko) Chrome/75.0.3770.100 Safari/537.36" 
222.168.224.85 - - [20/Mar/2021:22:54:54 +0800] "OPTIONS /api/v1/play/sections/?section_id=31618 HTTP/1.1" 200 0 "https://www.luffycity.com/play/31618" "Mozilla/5.0 (Windows NT 10.0; WOW64) AppleWebKit/537.36 (KHTML, like Gecko) Chrome/75.0.3770.100 Safari/537.36" 
222.168.224.85 - - [20/Mar/2021:22:54:54 +0800] "GET /api/v1/play/sections/?section_id=31618 HTTP/1.1" 200 2198 "https://www.luffycity.com/play/31618" "Mozilla/5.0 (Windows NT 10.0; WOW64) AppleWebKit/537.36 (KHTML, like Gecko) Chrome/75.0.3770.100 Safari/537.36" 
222.168.224.85 - - [20/Mar/2021:22:54:54 +0800] "GET /api/v1/comment/?section_id=31618&limit=10&offset=0 HTTP/1.1" 200 823 "https://www.luffycity.com/play/31618" "Mozilla/5.0 (Windows NT 10.0; WOW64) AppleWebKit/537.36 (KHTML, like Gecko) Chrome/75.0.3770.100 Safari/537.36" 
222.129.52.2 - - [20/Mar/2021:22:54:55 +0800] "OPTIONS /api/v1/play/sections/?section_id=18172 HTTP/1.1" 200 0 "https://www.luffycity.com/" "Mozilla/5.0 (Macintosh; Intel Mac OS X 10_15_6) AppleWebKit/605.1.15 (KHTML, like Gecko) Version/14.0.3 Safari/605.1.15" 
222.129.52.2 - - [20/Mar/2021:22:54:55 +0800] "OPTIONS /api/v1/play/18172/?play_id=18172 HTTP/1.1" 200 0 "https://www.luffycity.com/" "Mozilla/5.0 (Macintosh; Intel Mac OS X 10_15_6) AppleWebKit/605.1.15 (KHTML, like Gecko) Version/14.0.3 Safari/605.1.15" 
222.129.52.2 - - [20/Mar/2021:22:54:55 +0800] "GET /api/v1/comment/?section_id=18172&limit=10&offset=0 HTTP/1.1" 200 1537 "https://www.luffycity.com/play/18172" "Mozilla/5.0 (Macintosh; Intel Mac OS X 10_15_6) AppleWebKit/605.1.15 (KHTML, like Gecko) Version/14.0.3 Safari/605.1.15" 
222.129.52.2 - - [20/Mar/2021:22:54:55 +0800] "GET /api/v1/play/sections/?section_id=18172 HTTP/1.1" 200 7169 "https://www.luffycity.com/play/18172" "Mozilla/5.0 (Macintosh; Intel Mac OS X 10_15_6) AppleWebKit/605.1.15 (KHTML, like Gecko) Version/14.0.3 Safari/605.1.15" 
113.118.197.152, 39.97.49.232 - - [20/Mar/2021:22:55:01 +0800] "GET /api/v1/auth/token/ HTTP/1.1" 200 29 "-" "Mozilla/5.0 (Windows NT 6.1; WOW64) AppleWebKit/537.36 (KHTML, like Gecko) Chrome/86.0.4240.198 Safari/537.36" 
222.91.148.149 - - [20/Mar/2021:22:55:01 +0800] "OPTIONS /api/v1/play/sections/?section_id=21303 HTTP/1.1" 200 0 "https://www.luffycity.com/" "Mozilla/5.0 (Windows NT 10.0; Win64; x64) AppleWebKit/537.36 (KHTML, like Gecko) Chrome/89.0.4389.90 Safari/537.36 Edg/89.0.774.54" 
222.91.148.149 - - [20/Mar/2021:22:55:01 +0800] "OPTIONS /api/v1/play/21303/?play_id=21303 HTTP/1.1" 200 0 "https://www.luffycity.com/" "Mozilla/5.0 (Windows NT 10.0; Win64; x64) AppleWebKit/537.36 (KHTML, like Gecko) Chrome/89.0.4389.90 Safari/537.36 Edg/89.0.774.54" 
113.118.197.152, 39.97.49.232 - - [20/Mar/2021:22:55:01 +0800] "GET /api/v1/course/category/free/?courseType=free HTTP/1.1" 200 174 "-" "Mozilla/5.0 (Windows NT 6.1; WOW64) AppleWebKit/537.36 (KHTML, like Gecko) Chrome/86.0.4240.198 Safari/537.36" 
222.91.148.149 - - [20/Mar/2021:22:55:01 +0800] "GET /api/v1/comment/?section_id=21303&limit=10&offset=0 HTTP/1.1" 200 1190 "https://www.luffycity.com/" "Mozilla/5.0 (Windows NT 10.0; Win64; x64) AppleWebKit/537.36 (KHTML, like Gecko) Chrome/89.0.4389.90 Safari/537.36 Edg/89.0.774.54" 
222.91.148.149 - - [20/Mar/2021:22:55:01 +0800] "GET /api/v1/play/sections/?section_id=21303 HTTP/1.1" 200 4864 "https://www.luffycity.com/" "Mozilla/5.0 (Windows NT 10.0; Win64; x64) AppleWebKit/537.36 (KHTML, like Gecko) Chrome/89.0.4389.90 Safari/537.36 Edg/89.0.774.54" 
113.118.197.152, 39.97.49.232 - - [20/Mar/2021:22:55:02 +0800] "GET /api/v1/course/free/ HTTP/1.1" 200 1891 "-" "Mozilla/5.0 (Windows NT 6.1; WOW64) AppleWebKit/537.36 (KHTML, like Gecko) Chrome/86.0.4240.198 Safari/537.36" 
116.25.225.213 - - [20/Mar/2021:22:55:07 +0800] "GET /api/v1/auth/wechat/ HTTP/1.1" 200 232 "https://www.luffycity.com/free-course" "Mozilla/5.0 (Windows NT 6.1; WOW64) AppleWebKit/537.36 (KHTML, like Gecko) Chrome/86.0.4240.198 Safari/537.36" 
116.25.225.213 - - [20/Mar/2021:22:55:08 +0800] "POST /api/v1/auth/password/login/?loginWay=password HTTP/1.1" 200 274 "https://www.luffycity.com/free-course" "Mozilla/5.0 (Windows NT 6.1; WOW64) AppleWebKit/537.36 (KHTML, like Gecko) Chrome/86.0.4240.198 Safari/537.36" 
116.25.225.213 - - [20/Mar/2021:22:55:08 +0800] "GET /api/v1/auth/token/ HTTP/1.1" 200 377 "https://www.luffycity.com/free-course" "Mozilla/5.0 (Windows NT 6.1; WOW64) AppleWebKit/537.36 (KHTML, like Gecko) Chrome/86.0.4240.198 Safari/537.36" 
116.25.225.213 - - [20/Mar/2021:22:55:10 +0800] "OPTIONS /api/v1/study/data/ HTTP/1.1" 200 0 "https://www.luffycity.com/study/degree" "Mozilla/5.0 (Windows NT 6.1; WOW64) AppleWebKit/537.36 (KHTML, like Gecko) Chrome/86.0.4240.198 Safari/537.36" 
116.25.225.213 - - [20/Mar/2021:22:55:10 +0800] "GET /api/v1/study/degrees/0/mentor/?degree_id=0 HTTP/1.1" 200 137 "https://www.luffycity.com/study/degree" "Mozilla/5.0 (Windows NT 6.1; WOW64) AppleWebKit/537.36 (KHTML, like Gecko) Chrome/86.0.4240.198 Safari/537.36" 
116.25.225.213 - - [20/Mar/2021:22:55:10 +0800] "GET /api/v1/study/data/ HTTP/1.1" 200 111 "https://www.luffycity.com/study/degree" "Mozilla/5.0 (Windows NT 6.1; WOW64) AppleWebKit/537.36 (KHTML, like Gecko) Chrome/86.0.4240.198 Safari/537.36" 
116.25.225.213 - - [20/Mar/2021:22:55:10 +0800] "OPTIONS /api/v1/study/data/?degree_id=1 HTTP/1.1" 200 0 "https://www.luffycity.com/study/degree" "Mozilla/5.0 (Windows NT 6.1; WOW64) AppleWebKit/537.36 (KHTML, like Gecko) Chrome/86.0.4240.198 Safari/537.36" 
116.25.225.213 - - [20/Mar/2021:22:55:10 +0800] "GET /api/v1/study/degrees/1/mentor/?degree_id=1 HTTP/1.1" 200 190 "https://www.luffycity.com/study/degree" "Mozilla/5.0 (Windows NT 6.1; WOW64) AppleWebKit/537.36 (KHTML, like Gecko) Chrome/86.0.4240.198 Safari/537.36" 
116.25.225.213 - - [20/Mar/2021:22:55:11 +0800] "GET /api/v1/study/degrees/1/?degree_id=1 HTTP/1.1" 200 1982 "https://www.luffycity.com/study/degree" "Mozilla/5.0 (Windows NT 6.1; WOW64) AppleWebKit/537.36 (KHTML, like Gecko) Chrome/86.0.4240.198 Safari/537.36" 
125.70.206.131 - - [20/Mar/2021:22:55:12 +0800] "GET /api/v1/auth/token/ HTTP/1.1" 200 402 "https://m.luffycity.com/" "Mozilla/5.0 (Linux; Android 10; PCT-AL10 Build/HUAWEIPCT-AL10; wv) AppleWebKit/537.36 (KHTML, like Gecko) Version/4.0 Chrome/78.0.3904.62 XWEB/2767 MMWEBSDK/201201 Mobile Safari/537.36 MMWEBID/484 MicroMessenger/8.0.1.1841(0x2800015D) Process/toolsmp WeChat/arm64 Weixin NetType/WIFI Language/zh_CN ABI/arm64" 
125.70.206.131 - - [20/Mar/2021:22:55:14 +0800] "GET /api/v1/auth/token/ HTTP/1.1" 200 402 "https://m.luffycity.com/" "Mozilla/5.0 (Linux; Android 10; PCT-AL10 Build/HUAWEIPCT-AL10; wv) AppleWebKit/537.36 (KHTML, like Gecko) Version/4.0 Chrome/78.0.3904.62 XWEB/2767 MMWEBSDK/201201 Mobile Safari/537.36 MMWEBID/484 MicroMessenger/8.0.1.1841(0x2800015D) Process/toolsmp WeChat/arm64 Weixin NetType/WIFI Language/zh_CN ABI/arm64" 
114.249.114.186 - - [20/Mar/2021:22:55:14 +0800] "GET /api/v1/auth/token/ HTTP/1.1" 200 29 "https://m.luffycity.com/employment-course/23/detail" "Mozilla/5.0 (Linux; Android 7.1.1; OPPO A83 Build/N6F26Q; wv) AppleWebKit/537.36 (KHTML, like Gecko) Version/4.0 Chrome/77.0.3865.120 MQQBrowser/6.2 TBS/045514 Mobile Safari/537.36 MMWEBID/8566 MicroMessenger/8.0.1.1841(0x2800015C) Process/tools WeChat/arm32 Weixin NetType/WIFI Language/zh_CN ABI/arm64" 
125.70.206.131 - - [20/Mar/2021:22:55:14 +0800] "GET /api/v1/study/degrees/ HTTP/1.1" 200 146 "https://m.luffycity.com/study/degree" "Mozilla/5.0 (Linux; Android 10; PCT-AL10 Build/HUAWEIPCT-AL10; wv) AppleWebKit/537.36 (KHTML, like Gecko) Version/4.0 Chrome/78.0.3904.62 XWEB/2767 MMWEBSDK/201201 Mobile Safari/537.36 MMWEBID/484 MicroMessenger/8.0.1.1841(0x2800015D) Process/toolsmp WeChat/arm64 Weixin NetType/WIFI Language/zh_CN ABI/arm64" 
116.25.225.213 - - [20/Mar/2021:22:55:14 +0800] "GET /api/v1/study/module/degree/80091/?courseType=degree&id=80091 HTTP/1.1" 200 8329 "https://www.luffycity.com/study/chapter/80091" "Mozilla/5.0 (Windows NT 6.1; WOW64) AppleWebKit/537.36 (KHTML, like Gecko) Chrome/86.0.4240.198 Safari/537.36" 
113.70.99.69 - - [20/Mar/2021:22:55:16 +0800] "OPTIONS /api/v1/play/sections/?section_id=30970 HTTP/1.1" 200 0 "https://www.luffycity.com/play/30970" "Mozilla/5.0 (Windows NT 10.0; Win64; x64; rv:86.0) Gecko/20100101 Firefox/86.0" 
113.70.99.69 - - [20/Mar/2021:22:55:16 +0800] "OPTIONS /api/v1/play/30970/?play_id=30970 HTTP/1.1" 200 0 "https://www.luffycity.com/play/30970" "Mozilla/5.0 (Windows NT 10.0; Win64; x64; rv:86.0) Gecko/20100101 Firefox/86.0" 
113.70.99.69 - - [20/Mar/2021:22:55:16 +0800] "GET /api/v1/survey/section/30970/?sectionId=30970 HTTP/1.1" 200 10 "https://www.luffycity.com/play/30970" "Mozilla/5.0 (Windows NT 10.0; Win64; x64; rv:86.0) Gecko/20100101 Firefox/86.0" 
113.70.99.69 - - [20/Mar/2021:22:55:16 +0800] "GET /api/v1/comment/?section_id=30970&limit=10&offset=0 HTTP/1.1" 200 1798 "https://www.luffycity.com/play/30970" "Mozilla/5.0 (Windows NT 10.0; Win64; x64; rv:86.0) Gecko/20100101 Firefox/86.0" 
125.70.206.131 - - [20/Mar/2021:22:55:19 +0800] "GET /api/v1/auth/token/ HTTP/1.1" 200 402 "https://m.luffycity.com/study/degree" "Mozilla/5.0 (Linux; Android 10; PCT-AL10 Build/HUAWEIPCT-AL10; wv) AppleWebKit/537.36 (KHTML, like Gecko) Version/4.0 Chrome/78.0.3904.62 XWEB/2767 MMWEBSDK/201201 Mobile Safari/537.36 MMWEBID/484 MicroMessenger/8.0.1.1841(0x2800015D) Process/toolsmp WeChat/arm64 Weixin NetType/WIFI Language/zh_CN ABI/arm64" 
125.70.206.131 - - [20/Mar/2021:22:55:19 +0800] "GET /api/v1/play/sections/?section_id=30904 HTTP/1.1" 200 3328 "https://m.luffycity.com/play/30904" "Mozilla/5.0 (Linux; Android 10; PCT-AL10 Build/HUAWEIPCT-AL10; wv) AppleWebKit/537.36 (KHTML, like Gecko) Version/4.0 Chrome/78.0.3904.62 XWEB/2767 MMWEBSDK/201201 Mobile Safari/537.36 MMWEBID/484 MicroMessenger/8.0.1.1841(0x2800015D) Process/toolsmp WeChat/arm64 Weixin NetType/WIFI Language/zh_CN ABI/arm64" 
114.249.114.186 - - [20/Mar/2021:22:55:20 +0800] "GET /api/v1/auth/token/ HTTP/1.1" 200 29 "https://m.luffycity.com/employment-course/23/detail" "Mozilla/5.0 (Linux; Android 7.1.1; OPPO A83 Build/N6F26Q; wv) AppleWebKit/537.36 (KHTML, like Gecko) Version/4.0 Chrome/77.0.3865.120 MQQBrowser/6.2 TBS/045514 Mobile Safari/537.36 MMWEBID/8566 MicroMessenger/8.0.1.1841(0x2800015C) Process/tools WeChat/arm32 Weixin NetType/WIFI Language/zh_CN ABI/arm64" 
114.249.114.186 - - [20/Mar/2021:22:55:22 +0800] "GET /api/v1/course/degree/23/sections/?courseType=degree&id=23 HTTP/1.1" 200 43339 "https://m.luffycity.com/employment-course/23/chapter" "Mozilla/5.0 (Linux; Android 7.1.1; OPPO A83 Build/N6F26Q; wv) AppleWebKit/537.36 (KHTML, like Gecko) Version/4.0 Chrome/77.0.3865.120 MQQBrowser/6.2 TBS/045514 Mobile Safari/537.36 MMWEBID/8566 MicroMessenger/8.0.1.1841(0x2800015C) Process/tools WeChat/arm32 Weixin NetType/WIFI Language/zh_CN ABI/arm64" 
116.25.225.213 - - [20/Mar/2021:22:55:24 +0800] "OPTIONS /api/v1/comment/?section_id=5550&limit=10&offset=0 HTTP/1.1" 200 0 "https://www.luffycity.com/play/5550" "Mozilla/5.0 (Windows NT 6.1; WOW64) AppleWebKit/537.36 (KHTML, like Gecko) Chrome/86.0.4240.198 Safari/537.36" 
116.25.225.213 - - [20/Mar/2021:22:55:24 +0800] "OPTIONS /api/v1/survey/section/5550/?sectionId=5550 HTTP/1.1" 200 0 "https://www.luffycity.com/play/5550" "Mozilla/5.0 (Windows NT 6.1; WOW64) AppleWebKit/537.36 (KHTML, like Gecko) Chrome/86.0.4240.198 Safari/537.36" 
116.25.225.213 - - [20/Mar/2021:22:55:25 +0800] "GET /api/v1/survey/section/5550/?sectionId=5550 HTTP/1.1" 200 10 "https://www.luffycity.com/play/5550" "Mozilla/5.0 (Windows NT 6.1; WOW64) AppleWebKit/537.36 (KHTML, like Gecko) Chrome/86.0.4240.198 Safari/537.36" 
116.25.225.213 - - [20/Mar/2021:22:55:25 +0800] "GET /api/v1/comment/?section_id=5550&limit=10&offset=0 HTTP/1.1" 200 1557 "https://www.luffycity.com/play/5550" "Mozilla/5.0 (Windows NT 6.1; WOW64) AppleWebKit/537.36 (KHTML, like Gecko) Chrome/86.0.4240.198 Safari/537.36" 
42.93.78.185 - - [20/Mar/2021:22:55:29 +0800] "POST /api/v1/survey/section/30922/?sectionId=30922 HTTP/1.1" 200 10 "https://www.luffycity.com/play/30922" "Mozilla/5.0 (Macintosh; Intel Mac OS X 10_15_6) AppleWebKit/605.1.15 (KHTML, like Gecko) Version/14.0.3 Safari/605.1.15" 
42.93.78.185 - - [20/Mar/2021:22:55:31 +0800] "OPTIONS /api/v1/comment/?section_id=30924&limit=10&offset=0 HTTP/1.1" 200 0 "https://www.luffycity.com/" "Mozilla/5.0 (Macintosh; Intel Mac OS X 10_15_6) AppleWebKit/605.1.15 (KHTML, like Gecko) Version/14.0.3 Safari/605.1.15" 
42.93.78.185 - - [20/Mar/2021:22:55:31 +0800] "OPTIONS /api/v1/survey/section/30924/?sectionId=30924 HTTP/1.1" 200 0 "https://www.luffycity.com/" "Mozilla/5.0 (Macintosh; Intel Mac OS X 10_15_6) AppleWebKit/605.1.15 (KHTML, like Gecko) Version/14.0.3 Safari/605.1.15" 
42.93.78.185 - - [20/Mar/2021:22:55:31 +0800] "GET /api/v1/comment/?section_id=30924&limit=10&offset=0 HTTP/1.1" 200 1798 "https://www.luffycity.com/play/30924" "Mozilla/5.0 (Macintosh; Intel Mac OS X 10_15_6) AppleWebKit/605.1.15 (KHTML, like Gecko) Version/14.0.3 Safari/605.1.15" 
42.93.78.185 - - [20/Mar/2021:22:55:31 +0800] "GET /api/v1/play/30924/?play_id=30924 HTTP/1.1" 200 448 "https://www.luffycity.com/play/30924" "Mozilla/5.0 (Macintosh; Intel Mac OS X 10_15_6) AppleWebKit/605.1.15 (KHTML, like Gecko) Version/14.0.3 Safari/605.1.15" 
222.91.148.149, 39.97.49.232 - - [20/Mar/2021:22:55:32 +0800] "GET /api/v1/result/ HTTP/1.1" 200 231 "-" "Mozilla/5.0 (Windows NT 10.0; Win64; x64) AppleWebKit/537.36 (KHTML, like Gecko) Chrome/89.0.4389.90 Safari/537.36 Edg/89.0.774.54" 
222.91.148.149, 39.97.49.232 - - [20/Mar/2021:22:55:32 +0800] "GET /api/v1/course/actual/?limit=3 HTTP/1.1" 200 2342 "-" "Mozilla/5.0 (Windows NT 10.0; Win64; x64) AppleWebKit/537.36 (KHTML, like Gecko) Chrome/89.0.4389.90 Safari/537.36 Edg/89.0.774.54" 
222.91.148.149, 39.97.49.232 - - [20/Mar/2021:22:55:32 +0800] "GET /api/v1/course/home-free/?limit=3 HTTP/1.1" 200 865 "-" "Mozilla/5.0 (Windows NT 10.0; Win64; x64) AppleWebKit/537.36 (KHTML, like Gecko) Chrome/89.0.4389.90 Safari/537.36 Edg/89.0.774.54" 
222.91.148.149 - - [20/Mar/2021:22:55:33 +0800] "GET /api/v1/study/degrees/0/mentor/?degree_id=0 HTTP/1.1" 200 137 "https://www.luffycity.com/" "Mozilla/5.0 (Windows NT 10.0; Win64; x64) AppleWebKit/537.36 (KHTML, like Gecko) Chrome/89.0.4389.90 Safari/537.36 Edg/89.0.774.54" 
223.106.179.234 - - [20/Mar/2021:22:55:34 +0800] "OPTIONS /api/v1/survey/section/14680/?sectionId=14680 HTTP/1.1" 200 0 "https://www.luffycity.com/" "Mozilla/5.0 (Windows NT 10.0; Win64; x64) AppleWebKit/537.36 (KHTML, like Gecko) Chrome/89.0.4389.90 Safari/537.36" 
223.106.179.234 - - [20/Mar/2021:22:55:34 +0800] "OPTIONS /api/v1/play/14680/?play_id=14680 HTTP/1.1" 200 0 "https://www.luffycity.com/" "Mozilla/5.0 (Windows NT 10.0; Win64; x64) AppleWebKit/537.36 (KHTML, like Gecko) Chrome/89.0.4389.90 Safari/537.36" 
222.91.148.149 - - [20/Mar/2021:22:55:34 +0800] "GET /api/v1/study/degrees/ HTTP/1.1" 200 146 "https://www.luffycity.com/" "Mozilla/5.0 (Windows NT 10.0; Win64; x64) AppleWebKit/537.36 (KHTML, like Gecko) Chrome/89.0.4389.90 Safari/537.36 Edg/89.0.774.54" 
223.106.179.234 - - [20/Mar/2021:22:55:34 +0800] "GET /api/v1/comment/?section_id=14680&limit=10&offset=0 HTTP/1.1" 200 1529 "https://www.luffycity.com/" "Mozilla/5.0 (Windows NT 10.0; Win64; x64) AppleWebKit/537.36 (KHTML, like Gecko) Chrome/89.0.4389.90 Safari/537.36" 
222.91.148.149 - - [20/Mar/2021:22:55:34 +0800] "GET /api/v1/study/data/?degree_id=1 HTTP/1.1" 200 108 "https://www.luffycity.com/" "Mozilla/5.0 (Windows NT 10.0; Win64; x64) AppleWebKit/537.36 (KHTML, like Gecko) Chrome/89.0.4389.90 Safari/537.36 Edg/89.0.774.54" 
223.106.179.234 - - [20/Mar/2021:22:55:34 +0800] "GET /api/v1/play/14680/?play_id=14680 HTTP/1.1" 200 387 "https://www.luffycity.com/" "Mozilla/5.0 (Windows NT 10.0; Win64; x64) AppleWebKit/537.36 (KHTML, like Gecko) Chrome/89.0.4389.90 Safari/537.36" 
112.43.101.78 - - [20/Mar/2021:22:55:35 +0800] "OPTIONS /api/v1/play/sections/?section_id=872 HTTP/1.1" 200 0 "https://www.luffycity.com/" "Mozilla/5.0 (Windows NT 10.0; Win64; x64) AppleWebKit/537.36 (KHTML, like Gecko) Chrome/89.0.4389.90 Safari/537.36" 
112.43.101.78 - - [20/Mar/2021:22:55:35 +0800] "OPTIONS /api/v1/play/872/?play_id=872 HTTP/1.1" 200 0 "https://www.luffycity.com/" "Mozilla/5.0 (Windows NT 10.0; Win64; x64) AppleWebKit/537.36 (KHTML, like Gecko) Chrome/89.0.4389.90 Safari/537.36" 
112.43.101.78 - - [20/Mar/2021:22:55:35 +0800] "GET /api/v1/comment/?section_id=872&limit=10&offset=0 HTTP/1.1" 200 1428 "https://www.luffycity.com/" "Mozilla/5.0 (Windows NT 10.0; Win64; x64) AppleWebKit/537.36 (KHTML, like Gecko) Chrome/89.0.4389.90 Safari/537.36" 
112.43.101.78 - - [20/Mar/2021:22:55:35 +0800] "GET /api/v1/play/872/?play_id=872 HTTP/1.1" 200 413 "https://www.luffycity.com/" "Mozilla/5.0 (Windows NT 10.0; Win64; x64) AppleWebKit/537.36 (KHTML, like Gecko) Chrome/89.0.4389.90 Safari/537.36" 
125.70.206.131 - - [20/Mar/2021:22:55:40 +0800] "GET /api/v1/auth/token/ HTTP/1.1" 200 402 "https://m.luffycity.com/" "Mozilla/5.0 (Linux; Android 10; PCT-AL10 Build/HUAWEIPCT-AL10; wv) AppleWebKit/537.36 (KHTML, like Gecko) Version/4.0 Chrome/78.0.3904.62 XWEB/2767 MMWEBSDK/201201 Mobile Safari/537.36 MMWEBID/484 MicroMessenger/8.0.1.1841(0x2800015D) Process/toolsmp WeChat/arm64 Weixin NetType/WIFI Language/zh_CN ABI/arm64" 
218.109.207.143 - - [20/Mar/2021:22:55:47 +0800] "OPTIONS /api/v1/survey/section/24709/?sectionId=24709 HTTP/1.1" 200 0 "https://www.luffycity.com/" "Mozilla/5.0 (Macintosh; Intel Mac OS X 10_15_0) AppleWebKit/537.36 (KHTML, like Gecko) Chrome/88.0.4324.150 Safari/537.36" 
218.109.207.143 - - [20/Mar/2021:22:55:47 +0800] "OPTIONS /api/v1/play/24709/?play_id=24709 HTTP/1.1" 200 0 "https://www.luffycity.com/" "Mozilla/5.0 (Macintosh; Intel Mac OS X 10_15_0) AppleWebKit/537.36 (KHTML, like Gecko) Chrome/88.0.4324.150 Safari/537.36" 
218.109.207.143 - - [20/Mar/2021:22:55:47 +0800] "GET /api/v1/comment/?section_id=24709&limit=10&offset=0 HTTP/1.1" 200 869 "https://www.luffycity.com/" "Mozilla/5.0 (Macintosh; Intel Mac OS X 10_15_0) AppleWebKit/537.36 (KHTML, like Gecko) Chrome/88.0.4324.150 Safari/537.36" 
218.109.207.143 - - [20/Mar/2021:22:55:47 +0800] "GET /api/v1/play/sections/?section_id=24709 HTTP/1.1" 200 4714 "https://www.luffycity.com/" "Mozilla/5.0 (Macintosh; Intel Mac OS X 10_15_0) AppleWebKit/537.36 (KHTML, like Gecko) Chrome/88.0.4324.150 Safari/537.36" 
120.236.177.7 - - [20/Mar/2021:22:56:21 +0800] "OPTIONS /api/v1/study/module/degree/67723/?courseType=degree&id=67723 HTTP/1.1" 200 0 "https://www.luffycity.com/" "Mozilla/5.0 (Windows NT 10.0; Win64; x64) AppleWebKit/537.36 (KHTML, like Gecko) Chrome/89.0.4389.90 Safari/537.36 Edg/89.0.774.57" 
103.238.135.253 - - [20/Mar/2021:22:56:27 +0800] "OPTIONS /api/v1/study/module/degree/58878/?courseType=degree&id=58878 HTTP/1.1" 200 0 "https://www.luffycity.com/" "Mozilla/5.0 (Windows NT 10.0; Win64; x64) AppleWebKit/537.36 (KHTML, like Gecko) Chrome/86.0.4240.111 Safari/537.36" 
103.238.135.253 - - [20/Mar/2021:22:56:30 +0800] "OPTIONS /api/v1/study/degrees/ HTTP/1.1" 200 0 "https://www.luffycity.com/" "Mozilla/5.0 (Windows NT 10.0; Win64; x64) AppleWebKit/537.36 (KHTML, like Gecko) Chrome/86.0.4240.111 Safari/537.36" 
103.238.135.253 - - [20/Mar/2021:22:56:30 +0800] "OPTIONS /api/v1/study/degrees/0/mentor/?degree_id=0 HTTP/1.1" 200 0 "https://www.luffycity.com/" "Mozilla/5.0 (Windows NT 10.0; Win64; x64) AppleWebKit/537.36 (KHTML, like Gecko) Chrome/86.0.4240.111 Safari/537.36" 
103.238.135.253 - - [20/Mar/2021:22:56:31 +0800] "GET /api/v1/study/degrees/ HTTP/1.1" 200 144 "https://www.luffycity.com/" "Mozilla/5.0 (Windows NT 10.0; Win64; x64) AppleWebKit/537.36 (KHTML, like Gecko) Chrome/86.0.4240.111 Safari/537.36" 
103.238.135.253 - - [20/Mar/2021:22:56:31 +0800] "OPTIONS /api/v1/study/degrees/17/?degree_id=17 HTTP/1.1" 200 0 "https://www.luffycity.com/" "Mozilla/5.0 (Windows NT 10.0; Win64; x64) AppleWebKit/537.36 (KHTML, like Gecko) Chrome/86.0.4240.111 Safari/537.36" 
103.238.135.253 - - [20/Mar/2021:22:56:31 +0800] "OPTIONS /api/v1/study/degrees/17/mentor/?degree_id=17 HTTP/1.1" 200 0 "https://www.luffycity.com/" "Mozilla/5.0 (Windows NT 10.0; Win64; x64) AppleWebKit/537.36 (KHTML, like Gecko) Chrome/86.0.4240.111 Safari/537.36" 
103.238.135.253 - - [20/Mar/2021:22:56:31 +0800] "GET /api/v1/study/degrees/17/?degree_id=17 HTTP/1.1" 200 946 "https://www.luffycity.com/" "Mozilla/5.0 (Windows NT 10.0; Win64; x64) AppleWebKit/537.36 (KHTML, like Gecko) Chrome/86.0.4240.111 Safari/537.36" 
36.44.28.207 - - [20/Mar/2021:22:56:40 +0800] "OPTIONS /api/v1/comment/?section_id=30875&limit=10&offset=0 HTTP/1.1" 200 0 "https://www.luffycity.com/play/30875" "Mozilla/5.0 (Windows NT 10.0; WOW64) AppleWebKit/537.36 (KHTML, like Gecko) Chrome/86.0.4240.198 Safari/537.36" 
36.44.28.207 - - [20/Mar/2021:22:56:40 +0800] "OPTIONS /api/v1/survey/section/30875/?sectionId=30875 HTTP/1.1" 200 0 "https://www.luffycity.com/play/30875" "Mozilla/5.0 (Windows NT 10.0; WOW64) AppleWebKit/537.36 (KHTML, like Gecko) Chrome/86.0.4240.198 Safari/537.36" 
36.44.28.207 - - [20/Mar/2021:22:56:40 +0800] "GET /api/v1/survey/section/30875/?sectionId=30875 HTTP/1.1" 200 10 "https://www.luffycity.com/play/30875" "Mozilla/5.0 (Windows NT 10.0; WOW64) AppleWebKit/537.36 (KHTML, like Gecko) Chrome/86.0.4240.198 Safari/537.36" 
36.44.28.207 - - [20/Mar/2021:22:56:40 +0800] "GET /api/v1/play/sections/?section_id=30875 HTTP/1.1" 200 3324 "https://www.luffycity.com/play/30875" "Mozilla/5.0 (Windows NT 10.0; WOW64) AppleWebKit/537.36 (KHTML, like Gecko) Chrome/86.0.4240.198 Safari/537.36" 
103.238.135.253 - - [20/Mar/2021:22:56:44 +0800] "OPTIONS /api/v1/study/module/degree/58880/?courseType=degree&id=58880 HTTP/1.1" 200 0 "https://www.luffycity.com/" "Mozilla/5.0 (Windows NT 10.0; Win64; x64) AppleWebKit/537.36 (KHTML, like Gecko) Chrome/86.0.4240.111 Safari/537.36" 
120.236.177.7 - - [20/Mar/2021:22:56:46 +0800] "OPTIONS /api/v1/study/degrees/ HTTP/1.1" 200 0 "https://www.luffycity.com/" "Mozilla/5.0 (Windows NT 10.0; Win64; x64) AppleWebKit/537.36 (KHTML, like Gecko) Chrome/89.0.4389.90 Safari/537.36 Edg/89.0.774.57" 
120.236.177.7 - - [20/Mar/2021:22:56:46 +0800] "OPTIONS /api/v1/study/degrees/0/mentor/?degree_id=0 HTTP/1.1" 200 0 "https://www.luffycity.com/" "Mozilla/5.0 (Windows NT 10.0; Win64; x64) AppleWebKit/537.36 (KHTML, like Gecko) Chrome/89.0.4389.90 Safari/537.36 Edg/89.0.774.57" 
120.236.177.7 - - [20/Mar/2021:22:56:47 +0800] "OPTIONS /api/v1/study/degrees/4/mentor/?degree_id=4 HTTP/1.1" 200 0 "https://www.luffycity.com/" "Mozilla/5.0 (Windows NT 10.0; Win64; x64) AppleWebKit/537.36 (KHTML, like Gecko) Chrome/89.0.4389.90 Safari/537.36 Edg/89.0.774.57" 
120.236.177.7 - - [20/Mar/2021:22:56:47 +0800] "OPTIONS /api/v1/study/degrees/4/?degree_id=4 HTTP/1.1" 200 0 "https://www.luffycity.com/" "Mozilla/5.0 (Windows NT 10.0; Win64; x64) AppleWebKit/537.36 (KHTML, like Gecko) Chrome/89.0.4389.90 Safari/537.36 Edg/89.0.774.57" 
120.236.177.7 - - [20/Mar/2021:22:56:47 +0800] "GET /api/v1/study/data/ HTTP/1.1" 200 107 "https://www.luffycity.com/" "Mozilla/5.0 (Windows NT 10.0; Win64; x64) AppleWebKit/537.36 (KHTML, like Gecko) Chrome/89.0.4389.90 Safari/537.36 Edg/89.0.774.57" 
120.236.177.7 - - [20/Mar/2021:22:56:47 +0800] "GET /api/v1/study/degrees/4/?degree_id=4 HTTP/1.1" 200 1741 "https://www.luffycity.com/" "Mozilla/5.0 (Windows NT 10.0; Win64; x64) AppleWebKit/537.36 (KHTML, like Gecko) Chrome/89.0.4389.90 Safari/537.36 Edg/89.0.774.57" 
157.0.33.162 - - [20/Mar/2021:22:56:49 +0800] "OPTIONS /api/v1/play/sections/?section_id=29180 HTTP/1.1" 200 0 "https://www.luffycity.com/" "Mozilla/5.0 (Windows NT 10.0; Win64; x64) AppleWebKit/537.36 (KHTML, like Gecko) Chrome/88.0.4324.190 Safari/537.36" 
157.0.33.162 - - [20/Mar/2021:22:56:49 +0800] "OPTIONS /api/v1/comment/?section_id=29180&limit=10&offset=0 HTTP/1.1" 200 0 "https://www.luffycity.com/" "Mozilla/5.0 (Windows NT 10.0; Win64; x64) AppleWebKit/537.36 (KHTML, like Gecko) Chrome/88.0.4324.190 Safari/537.36" 
157.0.33.162 - - [20/Mar/2021:22:56:49 +0800] "GET /api/v1/comment/?section_id=29180&limit=10&offset=0 HTTP/1.1" 200 1227 "https://www.luffycity.com/" "Mozilla/5.0 (Windows NT 10.0; Win64; x64) AppleWebKit/537.36 (KHTML, like Gecko) Chrome/88.0.4324.190 Safari/537.36" 
157.0.33.162 - - [20/Mar/2021:22:56:49 +0800] "GET /api/v1/play/29180/?play_id=29180 HTTP/1.1" 200 420 "https://www.luffycity.com/" "Mozilla/5.0 (Windows NT 10.0; Win64; x64) AppleWebKit/537.36 (KHTML, like Gecko) Chrome/88.0.4324.190 Safari/537.36" 
220.175.67.11 - - [20/Mar/2021:22:56:51 +0800] "OPTIONS /api/v1/comment/?section_id=2937&limit=10&offset=0 HTTP/1.1" 200 0 "https://www.luffycity.com/play/2937" "Mozilla/5.0 (Windows NT 10.0; Win64; x64) AppleWebKit/537.36 (KHTML, like Gecko) Chrome/78.0.3904.108 Safari/537.36" 
220.175.67.11 - - [20/Mar/2021:22:56:51 +0800] "GET /api/v1/survey/section/2937/?sectionId=2937 HTTP/1.1" 200 10 "https://www.luffycity.com/play/2937" "Mozilla/5.0 (Windows NT 10.0; Win64; x64) AppleWebKit/537.36 (KHTML, like Gecko) Chrome/78.0.3904.108 Safari/537.36" 
220.175.67.11 - - [20/Mar/2021:22:56:51 +0800] "GET /api/v1/play/sections/?section_id=2937 HTTP/1.1" 200 3450 "https://www.luffycity.com/play/2937" "Mozilla/5.0 (Windows NT 10.0; Win64; x64) AppleWebKit/537.36 (KHTML, like Gecko) Chrome/78.0.3904.108 Safari/537.36" 
220.175.67.11 - - [20/Mar/2021:22:56:51 +0800] "GET /api/v1/comment/?section_id=2937&limit=10&offset=0 HTTP/1.1" 200 1007 "https://www.luffycity.com/play/2937" "Mozilla/5.0 (Windows NT 10.0; Win64; x64) AppleWebKit/537.36 (KHTML, like Gecko) Chrome/78.0.3904.108 Safari/537.36" 
103.238.135.253 - - [20/Mar/2021:22:56:56 +0800] "GET /api/v1/study/degrees/0/mentor/?degree_id=0 HTTP/1.1" 200 137 "https://www.luffycity.com/" "Mozilla/5.0 (Windows NT 10.0; Win64; x64) AppleWebKit/537.36 (KHTML, like Gecko) Chrome/86.0.4240.111 Safari/537.36" 
103.238.135.253 - - [20/Mar/2021:22:56:56 +0800] "GET /api/v1/study/degrees/ HTTP/1.1" 200 144 "https://www.luffycity.com/" "Mozilla/5.0 (Windows NT 10.0; Win64; x64) AppleWebKit/537.36 (KHTML, like Gecko) Chrome/86.0.4240.111 Safari/537.36" 
103.238.135.253 - - [20/Mar/2021:22:56:56 +0800] "GET /api/v1/study/data/?degree_id=17 HTTP/1.1" 200 105 "https://www.luffycity.com/" "Mozilla/5.0 (Windows NT 10.0; Win64; x64) AppleWebKit/537.36 (KHTML, like Gecko) Chrome/86.0.4240.111 Safari/537.36" 
103.238.135.253 - - [20/Mar/2021:22:56:59 +0800] "OPTIONS /api/v1/study/module/degree/58877/?courseType=degree&id=58877 HTTP/1.1" 200 0 "https://www.luffycity.com/" "Mozilla/5.0 (Windows NT 10.0; Win64; x64) AppleWebKit/537.36 (KHTML, like Gecko) Chrome/86.0.4240.111 Safari/537.36" 
27.190.144.29, 39.97.49.232 - - [20/Mar/2021:22:57:04 +0800] "GET /api/v1/auth/token/ HTTP/1.1" 200 29 "http://c.biancheng.net/view/257.html" "Opera/9.80 (Windows NT 6.0) Presto/2.12.388 Version/12.14" 
27.190.144.29, 39.97.49.232 - - [20/Mar/2021:22:57:04 +0800] "GET /api/v1/result/ HTTP/1.1" 200 231 "http://c.biancheng.net/view/257.html" "Opera/9.80 (Windows NT 6.0) Presto/2.12.388 Version/12.14" 
27.190.144.29 - - [20/Mar/2021:22:57:06 +0800] "GET /api/v1/activity/survey/?course_id=252 HTTP/1.1" 200 11 "https://www.luffycity.com/activity/python-8days-camp?source=c" "Opera/9.80 (Windows NT 6.0) Presto/2.12.388 Version/12.14" 
111.49.52.252 - - [20/Mar/2021:22:57:15 +0800] "POST /api/v1/survey/section/19400/?sectionId=19400 HTTP/1.1" 200 10 "https://www.luffycity.com/play/19400" "Mozilla/5.0 (Windows NT 10.0; Win64; x64; rv:86.0) Gecko/20100101 Firefox/86.0" 
199.58.86.211, 39.97.49.232 - - [20/Mar/2021:22:57:15 +0800] "GET /api/v1/result/ HTTP/1.1" 200 231 "-" "Mozilla/5.0 (compatible; MJ12bot/v1.4.8; http://mj12bot.com/)" 
199.58.86.211, 39.97.49.232 - - [20/Mar/2021:22:57:16 +0800] "GET /api/v1/course/actual/?limit=3 HTTP/1.1" 200 2342 "-" "Mozilla/5.0 (compatible; MJ12bot/v1.4.8; http://mj12bot.com/)" 
199.58.86.211, 39.97.49.232 - - [20/Mar/2021:22:57:16 +0800] "GET /api/v1/course/home-free/?limit=3 HTTP/1.1" 200 865 "-" "Mozilla/5.0 (compatible; MJ12bot/v1.4.8; http://mj12bot.com/)" 
