113.228.60.146 - - [20/Mar/2021:13:46:51 +0800] "OPTIONS /api/v1/play/sections/?section_id=31717 HTTP/1.1" 200 0 "https://www.luffycity.com/" "Mozilla/5.0 (Windows NT 10.0; Win64; x64) AppleWebKit/537.36 (KHTML, like Gecko) Chrome/91.0.4442.4 Safari/537.36" 
113.228.60.146 - - [20/Mar/2021:13:46:51 +0800] "OPTIONS /api/v1/play/31717/?play_id=31717 HTTP/1.1" 200 0 "https://www.luffycity.com/" "Mozilla/5.0 (Windows NT 10.0; Win64; x64) AppleWebKit/537.36 (KHTML, like Gecko) Chrome/91.0.4442.4 Safari/537.36" 
113.228.60.146 - - [20/Mar/2021:13:46:51 +0800] "GET /api/v1/play/sections/?section_id=31717 HTTP/1.1" 200 2191 "https://www.luffycity.com/" "Mozilla/5.0 (Windows NT 10.0; Win64; x64) AppleWebKit/537.36 (KHTML, like Gecko) Chrome/91.0.4442.4 Safari/537.36" 
113.228.60.146 - - [20/Mar/2021:13:46:51 +0800] "GET /api/v1/play/31717/?play_id=31717 HTTP/1.1" 200 410 "https://www.luffycity.com/" "Mozilla/5.0 (Windows NT 10.0; Win64; x64) AppleWebKit/537.36 (KHTML, like Gecko) Chrome/91.0.4442.4 Safari/537.36" 
211.138.116.153 - - [20/Mar/2021:13:46:55 +0800] "GET /api/v1/survey/section/26616/?sectionId=26616 HTTP/1.1" 200 10 "https://www.luffycity.com/" "Mozilla/5.0 (Windows NT 10.0) AppleWebKit/537.36 (KHTML, like Gecko) Chrome/86.0.4240.111 Safari/537.36" 
211.138.116.153 - - [20/Mar/2021:13:46:55 +0800] "GET /api/v1/comment/?section_id=26616&limit=10&offset=0 HTTP/1.1" 200 922 "https://www.luffycity.com/" "Mozilla/5.0 (Windows NT 10.0) AppleWebKit/537.36 (KHTML, like Gecko) Chrome/86.0.4240.111 Safari/537.36" 
218.87.12.200, 39.97.49.232 - - [20/Mar/2021:13:47:09 +0800] "GET /api/v1/auth/token/ HTTP/1.1" 200 29 "https://www.luffycity.com/" "Mozilla/5.0 (Windows NT 10.0; Win64; x64) AppleWebKit/537.36 (KHTML, like Gecko) Chrome/87.0.4280.88 Safari/537.36" 
218.87.12.198 - - [20/Mar/2021:13:47:10 +0800] "GET /api/v1/result/enroll/?resultType=enroll&limit=5&offset=-5 HTTP/1.1" 200 2441 "https://www.luffycity.com/" "Mozilla/5.0 (Windows NT 10.0; Win64; x64) AppleWebKit/537.36 (KHTML, like Gecko) Chrome/87.0.4280.88 Safari/537.36" 
112.96.182.32, 39.97.49.232 - - [20/Mar/2021:13:47:10 +0800] "GET /api/v1/course/free/ HTTP/1.1" 200 1897 "https://www.apeland.cn/python" "Mozilla/5.0 (Windows NT 10.0; WOW64) AppleWebKit/537.36 (KHTML, like Gecko) Chrome/86.0.4240.198 Safari/537.36" 
218.87.12.200, 39.97.49.232 - - [20/Mar/2021:13:47:12 +0800] "GET /api/v1/auth/token/ HTTP/1.1" 200 29 "https://www.luffycity.com/student-related/speak" "Mozilla/5.0 (Windows NT 10.0; Win64; x64) AppleWebKit/537.36 (KHTML, like Gecko) Chrome/87.0.4280.88 Safari/537.36" 
218.87.12.200, 39.97.49.232 - - [20/Mar/2021:13:47:12 +0800] "GET /api/v1/result/ HTTP/1.1" 200 231 "https://www.luffycity.com/student-related/speak" "Mozilla/5.0 (Windows NT 10.0; Win64; x64) AppleWebKit/537.36 (KHTML, like Gecko) Chrome/87.0.4280.88 Safari/537.36" 
218.87.12.200, 39.97.49.232 - - [20/Mar/2021:13:47:12 +0800] "GET /api/v1/course/category/free/?courseType=free HTTP/1.1" 200 174 "https://www.luffycity.com/student-related/speak" "Mozilla/5.0 (Windows NT 10.0; Win64; x64) AppleWebKit/537.36 (KHTML, like Gecko) Chrome/87.0.4280.88 Safari/537.36" 
218.87.12.200, 39.97.49.232 - - [20/Mar/2021:13:47:14 +0800] "GET /api/v1/course/free/ HTTP/1.1" 200 1897 "https://www.luffycity.com/student-related/speak" "Mozilla/5.0 (Windows NT 10.0; Win64; x64) AppleWebKit/537.36 (KHTML, like Gecko) Chrome/87.0.4280.88 Safari/537.36" 
218.87.12.200, 39.97.49.232 - - [20/Mar/2021:13:47:17 +0800] "GET /api/v1/auth/token/ HTTP/1.1" 200 29 "https://www.luffycity.com/free-course" "Mozilla/5.0 (Windows NT 10.0; Win64; x64) AppleWebKit/537.36 (KHTML, like Gecko) Chrome/87.0.4280.88 Safari/537.36" 
218.87.12.200, 39.97.49.232 - - [20/Mar/2021:13:47:17 +0800] "GET /api/v1/result/ HTTP/1.1" 200 231 "https://www.luffycity.com/free-course" "Mozilla/5.0 (Windows NT 10.0; Win64; x64) AppleWebKit/537.36 (KHTML, like Gecko) Chrome/87.0.4280.88 Safari/537.36" 
218.87.12.200, 39.97.49.232 - - [20/Mar/2021:13:47:17 +0800] "GET /api/v1/course/category/actual/?courseType=actual HTTP/1.1" 200 252 "https://www.luffycity.com/free-course" "Mozilla/5.0 (Windows NT 10.0; Win64; x64) AppleWebKit/537.36 (KHTML, like Gecko) Chrome/87.0.4280.88 Safari/537.36" 
112.6.124.168 - - [20/Mar/2021:13:47:19 +0800] "POST /api/v1/survey/section/26673/?sectionId=26673 HTTP/1.1" 200 10 "https://www.luffycity.com/" "Mozilla/5.0 (Windows NT 10.0; Win64; x64) AppleWebKit/537.36 (KHTML, like Gecko) Chrome/89.0.4389.90 Safari/537.36" 
112.6.124.168 - - [20/Mar/2021:13:47:19 +0800] "OPTIONS /api/v1/comment/?section_id=26675&limit=10&offset=0 HTTP/1.1" 200 0 "https://www.luffycity.com/" "Mozilla/5.0 (Windows NT 10.0; Win64; x64) AppleWebKit/537.36 (KHTML, like Gecko) Chrome/89.0.4389.90 Safari/537.36" 
112.6.124.168 - - [20/Mar/2021:13:47:19 +0800] "OPTIONS /api/v1/survey/section/26675/?sectionId=26675 HTTP/1.1" 200 0 "https://www.luffycity.com/" "Mozilla/5.0 (Windows NT 10.0; Win64; x64) AppleWebKit/537.36 (KHTML, like Gecko) Chrome/89.0.4389.90 Safari/537.36" 
112.6.124.168 - - [20/Mar/2021:13:47:19 +0800] "GET /api/v1/survey/section/26675/?sectionId=26675 HTTP/1.1" 200 10 "https://www.luffycity.com/" "Mozilla/5.0 (Windows NT 10.0; Win64; x64) AppleWebKit/537.36 (KHTML, like Gecko) Chrome/89.0.4389.90 Safari/537.36" 
112.6.124.168 - - [20/Mar/2021:13:47:20 +0800] "GET /api/v1/comment/?section_id=26675&limit=10&offset=0 HTTP/1.1" 200 436 "https://www.luffycity.com/" "Mozilla/5.0 (Windows NT 10.0; Win64; x64) AppleWebKit/537.36 (KHTML, like Gecko) Chrome/89.0.4389.90 Safari/537.36" 
112.6.124.168 - - [20/Mar/2021:13:47:20 +0800] "OPTIONS /api/v1/comment/?section_id=26674&limit=10&offset=0 HTTP/1.1" 200 0 "https://www.luffycity.com/" "Mozilla/5.0 (Windows NT 10.0; Win64; x64) AppleWebKit/537.36 (KHTML, like Gecko) Chrome/89.0.4389.90 Safari/537.36" 
112.6.124.168 - - [20/Mar/2021:13:47:20 +0800] "OPTIONS /api/v1/survey/section/26674/?sectionId=26674 HTTP/1.1" 200 0 "https://www.luffycity.com/" "Mozilla/5.0 (Windows NT 10.0; Win64; x64) AppleWebKit/537.36 (KHTML, like Gecko) Chrome/89.0.4389.90 Safari/537.36" 
112.6.124.168 - - [20/Mar/2021:13:47:20 +0800] "GET /api/v1/survey/section/26674/?sectionId=26674 HTTP/1.1" 200 10 "https://www.luffycity.com/" "Mozilla/5.0 (Windows NT 10.0; Win64; x64) AppleWebKit/537.36 (KHTML, like Gecko) Chrome/89.0.4389.90 Safari/537.36" 
112.6.124.168 - - [20/Mar/2021:13:47:20 +0800] "GET /api/v1/play/sections/?section_id=26674 HTTP/1.1" 200 2245 "https://www.luffycity.com/" "Mozilla/5.0 (Windows NT 10.0; Win64; x64) AppleWebKit/537.36 (KHTML, like Gecko) Chrome/89.0.4389.90 Safari/537.36" 
218.87.12.198 - - [20/Mar/2021:13:47:21 +0800] "GET /api/v1/auth/wechat/ HTTP/1.1" 200 232 "https://www.luffycity.com/" "Mozilla/5.0 (Windows NT 10.0; Win64; x64) AppleWebKit/537.36 (KHTML, like Gecko) Chrome/87.0.4280.88 Safari/537.36" 
119.137.53.205, 39.97.49.232 - - [20/Mar/2021:13:47:30 +0800] "GET /api/v1/auth/token/ HTTP/1.1" 200 29 "-" "Mozilla/5.0 (Windows NT 10.0; Win64; x64) AppleWebKit/537.36 (KHTML, like Gecko) Chrome/88.0.4324.96 Safari/537.36" 
119.137.53.205, 39.97.49.232 - - [20/Mar/2021:13:47:30 +0800] "GET /api/v1/result/ HTTP/1.1" 200 231 "-" "Mozilla/5.0 (Windows NT 10.0; Win64; x64) AppleWebKit/537.36 (KHTML, like Gecko) Chrome/88.0.4324.96 Safari/537.36" 
119.137.53.205 - - [20/Mar/2021:13:47:30 +0800] "OPTIONS /api/v1/study/data/ HTTP/1.1" 200 0 "https://www.luffycity.com/" "Mozilla/5.0 (Windows NT 10.0; Win64; x64) AppleWebKit/537.36 (KHTML, like Gecko) Chrome/88.0.4324.96 Safari/537.36" 
119.137.53.205 - - [20/Mar/2021:13:47:30 +0800] "OPTIONS /api/v1/auth/wechat/ HTTP/1.1" 200 0 "https://www.luffycity.com/" "Mozilla/5.0 (Windows NT 10.0; Win64; x64) AppleWebKit/537.36 (KHTML, like Gecko) Chrome/88.0.4324.96 Safari/537.36" 
119.137.53.205 - - [20/Mar/2021:13:47:30 +0800] "GET /api/v1/study/data/ HTTP/1.1" 200 64 "https://www.luffycity.com/" "Mozilla/5.0 (Windows NT 10.0; Win64; x64) AppleWebKit/537.36 (KHTML, like Gecko) Chrome/88.0.4324.96 Safari/537.36" 
119.137.53.205 - - [20/Mar/2021:13:47:30 +0800] "GET /api/v1/study/degrees/0/mentor/?degree_id=0 HTTP/1.1" 200 64 "https://www.luffycity.com/" "Mozilla/5.0 (Windows NT 10.0; Win64; x64) AppleWebKit/537.36 (KHTML, like Gecko) Chrome/88.0.4324.96 Safari/537.36" 
42.249.16.210 - - [20/Mar/2021:13:47:37 +0800] "OPTIONS /api/v1/comment/?section_id=2922&limit=10&offset=0 HTTP/1.1" 200 0 "https://www.luffycity.com/" "Mozilla/5.0 (Windows NT 10.0; Win64; x64) AppleWebKit/537.36 (KHTML, like Gecko) Chrome/89.0.4389.82 Safari/537.36 Edg/89.0.774.50" 
42.249.16.210 - - [20/Mar/2021:13:47:37 +0800] "OPTIONS /api/v1/survey/section/2922/?sectionId=2922 HTTP/1.1" 200 0 "https://www.luffycity.com/" "Mozilla/5.0 (Windows NT 10.0; Win64; x64) AppleWebKit/537.36 (KHTML, like Gecko) Chrome/89.0.4389.82 Safari/537.36 Edg/89.0.774.50" 
42.249.16.210 - - [20/Mar/2021:13:47:38 +0800] "GET /api/v1/survey/section/2922/?sectionId=2922 HTTP/1.1" 200 10 "https://www.luffycity.com/" "Mozilla/5.0 (Windows NT 10.0; Win64; x64) AppleWebKit/537.36 (KHTML, like Gecko) Chrome/89.0.4389.82 Safari/537.36 Edg/89.0.774.50" 
42.249.16.210 - - [20/Mar/2021:13:47:38 +0800] "GET /api/v1/play/2922/?play_id=2922 HTTP/1.1" 200 454 "https://www.luffycity.com/" "Mozilla/5.0 (Windows NT 10.0; Win64; x64) AppleWebKit/537.36 (KHTML, like Gecko) Chrome/89.0.4389.82 Safari/537.36 Edg/89.0.774.50" 
39.144.5.22 - - [20/Mar/2021:13:47:38 +0800] "GET /api/v1/auth/token/ HTTP/1.1" 200 392 "https://m.luffycity.com/study/degree" "Mozilla/5.0 (Linux; Android 10; CLT-AL00; HMSCore 5.2.0.303; GMSCore 20.15.16) AppleWebKit/537.36 (KHTML, like Gecko) Chrome/83.0.4103.106 HuaweiBrowser/11.0.8.301 Mobile Safari/537.36" 
39.144.5.22 - - [20/Mar/2021:13:47:38 +0800] "GET /api/v1/play/sections/?section_id=26607 HTTP/1.1" 200 2599 "https://m.luffycity.com/play/26607" "Mozilla/5.0 (Linux; Android 10; CLT-AL00; HMSCore 5.2.0.303; GMSCore 20.15.16) AppleWebKit/537.36 (KHTML, like Gecko) Chrome/83.0.4103.106 HuaweiBrowser/11.0.8.301 Mobile Safari/537.36" 
119.137.53.205 - - [20/Mar/2021:13:47:39 +0800] "OPTIONS /api/v1/auth/token/ HTTP/1.1" 200 0 "https://www.luffycity.com/" "Mozilla/5.0 (Windows NT 10.0; Win64; x64) AppleWebKit/537.36 (KHTML, like Gecko) Chrome/88.0.4324.96 Safari/537.36" 
119.137.53.205 - - [20/Mar/2021:13:47:45 +0800] "OPTIONS /api/v1/account/order/product/?limit=10&offset=0 HTTP/1.1" 200 0 "https://www.luffycity.com/" "Mozilla/5.0 (Windows NT 10.0; Win64; x64) AppleWebKit/537.36 (KHTML, like Gecko) Chrome/88.0.4324.96 Safari/537.36" 
119.137.53.205 - - [20/Mar/2021:13:47:46 +0800] "GET /api/v1/account/order/course/?limit=10&offset=0 HTTP/1.1" 200 577 "https://www.luffycity.com/" "Mozilla/5.0 (Windows NT 10.0; Win64; x64) AppleWebKit/537.36 (KHTML, like Gecko) Chrome/88.0.4324.96 Safari/537.36" 
119.137.53.205 - - [20/Mar/2021:13:47:47 +0800] "OPTIONS /api/v1/pay/order/?order_number=280720210303356677 HTTP/1.1" 200 0 "https://www.luffycity.com/" "Mozilla/5.0 (Windows NT 10.0; Win64; x64) AppleWebKit/537.36 (KHTML, like Gecko) Chrome/88.0.4324.96 Safari/537.36" 
119.137.53.205 - - [20/Mar/2021:13:47:47 +0800] "GET /api/v1/pay/order/?order_number=280720210303356677 HTTP/1.1" 200 35 "https://www.luffycity.com/" "Mozilla/5.0 (Windows NT 10.0; Win64; x64) AppleWebKit/537.36 (KHTML, like Gecko) Chrome/88.0.4324.96 Safari/537.36" 
119.137.53.205 - - [20/Mar/2021:13:47:47 +0800] "GET /api/v1/study/data/ HTTP/1.1" 200 101 "https://www.luffycity.com/" "Mozilla/5.0 (Windows NT 10.0; Win64; x64) AppleWebKit/537.36 (KHTML, like Gecko) Chrome/88.0.4324.96 Safari/537.36" 
119.137.53.205 - - [20/Mar/2021:13:47:47 +0800] "GET /api/v1/study/module/actual/51157/?courseType=actual&id=51157 HTTP/1.1" 200 3486 "https://www.luffycity.com/" "Mozilla/5.0 (Windows NT 10.0; Win64; x64) AppleWebKit/537.36 (KHTML, like Gecko) Chrome/88.0.4324.96 Safari/537.36" 
119.137.53.205 - - [20/Mar/2021:13:47:49 +0800] "OPTIONS /api/v1/survey/section/28668/?sectionId=28668 HTTP/1.1" 200 0 "https://www.luffycity.com/" "Mozilla/5.0 (Windows NT 10.0; Win64; x64) AppleWebKit/537.36 (KHTML, like Gecko) Chrome/88.0.4324.96 Safari/537.36" 
119.137.53.205 - - [20/Mar/2021:13:47:49 +0800] "OPTIONS /api/v1/comment/?section_id=28668&limit=10&offset=0 HTTP/1.1" 200 0 "https://www.luffycity.com/" "Mozilla/5.0 (Windows NT 10.0; Win64; x64) AppleWebKit/537.36 (KHTML, like Gecko) Chrome/88.0.4324.96 Safari/537.36" 
119.137.53.205 - - [20/Mar/2021:13:47:49 +0800] "GET /api/v1/comment/?section_id=28668&limit=10&offset=0 HTTP/1.1" 200 1367 "https://www.luffycity.com/" "Mozilla/5.0 (Windows NT 10.0; Win64; x64) AppleWebKit/537.36 (KHTML, like Gecko) Chrome/88.0.4324.96 Safari/537.36" 
119.137.53.205 - - [20/Mar/2021:13:47:49 +0800] "GET /api/v1/play/28668/?play_id=28668 HTTP/1.1" 200 443 "https://www.luffycity.com/" "Mozilla/5.0 (Windows NT 10.0; Win64; x64) AppleWebKit/537.36 (KHTML, like Gecko) Chrome/88.0.4324.96 Safari/537.36" 
120.1.94.162 - - [20/Mar/2021:13:47:52 +0800] "OPTIONS /api/v1/course/degree/ HTTP/1.1" 200 0 "https://www.luffycity.com/" "Mozilla/5.0 (Macintosh; Intel Mac OS X 11_2_3) AppleWebKit/537.36 (KHTML, like Gecko) Chrome/89.0.4389.90 Safari/537.36" 
120.1.94.162 - - [20/Mar/2021:13:47:52 +0800] "GET /api/v1/course/actual/?limit=3 HTTP/1.1" 200 2342 "https://www.luffycity.com/" "Mozilla/5.0 (Macintosh; Intel Mac OS X 11_2_3) AppleWebKit/537.36 (KHTML, like Gecko) Chrome/89.0.4389.90 Safari/537.36" 
120.1.94.162 - - [20/Mar/2021:13:47:52 +0800] "GET /api/v1/course/degree/ HTTP/1.1" 200 949 "https://www.luffycity.com/" "Mozilla/5.0 (Macintosh; Intel Mac OS X 11_2_3) AppleWebKit/537.36 (KHTML, like Gecko) Chrome/89.0.4389.90 Safari/537.36" 
120.1.94.162 - - [20/Mar/2021:13:47:53 +0800] "GET /api/v1/course/home-free/?limit=3 HTTP/1.1" 200 865 "https://www.luffycity.com/" "Mozilla/5.0 (Macintosh; Intel Mac OS X 11_2_3) AppleWebKit/537.36 (KHTML, like Gecko) Chrome/89.0.4389.90 Safari/537.36" 
120.1.94.162 - - [20/Mar/2021:13:47:53 +0800] "GET /api/v1/result/enroll/?resultType=enroll&limit=2 HTTP/1.1" 200 1878 "https://www.luffycity.com/" "Mozilla/5.0 (Macintosh; Intel Mac OS X 11_2_3) AppleWebKit/537.36 (KHTML, like Gecko) Chrome/89.0.4389.90 Safari/537.36" 
114.101.181.127 - - [20/Mar/2021:13:47:57 +0800] "OPTIONS /api/v1/result/enroll/?resultType=enroll&limit=2 HTTP/1.1" 200 0 "https://www.luffycity.com/" "Mozilla/5.0 (Windows NT 10.0; WOW64) AppleWebKit/537.36 (KHTML, like Gecko) Chrome/86.0.4240.198 Safari/537.36" 
120.244.224.203 - - [20/Mar/2021:13:48:00 +0800] "GET /api/v1/qa/question/?limit=5&offset=0 HTTP/1.1" 200 463 "https://www.luffycity.com/study/question" "Mozilla/5.0 (Windows NT 10.0; Win64; x64) AppleWebKit/537.36 (KHTML, like Gecko) Chrome/70.0.3538.102 Safari/537.36 Edge/18.18362" 
112.40.86.4 - - [20/Mar/2021:13:48:00 +0800] "OPTIONS /api/v1/account/cash/?limit=10&offset=0 HTTP/1.1" 200 0 "https://www.luffycity.com/" "Mozilla/5.0 (Macintosh; Intel Mac OS X 10_14_6) AppleWebKit/537.36 (KHTML, like Gecko) Chrome/89.0.4389.82 Safari/537.36" 
112.40.86.4 - - [20/Mar/2021:13:48:00 +0800] "GET /api/v1/account/cash/?limit=10&offset=0 HTTP/1.1" 200 69 "https://www.luffycity.com/" "Mozilla/5.0 (Macintosh; Intel Mac OS X 10_14_6) AppleWebKit/537.36 (KHTML, like Gecko) Chrome/89.0.4389.82 Safari/537.36" 
112.40.86.4 - - [20/Mar/2021:13:48:03 +0800] "GET /api/v1/store/ HTTP/1.1" 200 679 "https://www.luffycity.com/" "Mozilla/5.0 (Macintosh; Intel Mac OS X 10_14_6) AppleWebKit/537.36 (KHTML, like Gecko) Chrome/89.0.4389.82 Safari/537.36" 
120.244.224.203 - - [20/Mar/2021:13:48:03 +0800] "GET /api/v1/qa/question/1340/?questionId=1340 HTTP/1.1" 200 208 "https://www.luffycity.com/study/question" "Mozilla/5.0 (Windows NT 10.0; Win64; x64) AppleWebKit/537.36 (KHTML, like Gecko) Chrome/70.0.3538.102 Safari/537.36 Edge/18.18362" 
114.101.181.127, 39.97.49.232 - - [20/Mar/2021:13:48:05 +0800] "GET /api/v1/auth/token/ HTTP/1.1" 200 29 "https://www.luffycity.com/" "Mozilla/5.0 (Windows NT 10.0; WOW64) AppleWebKit/537.36 (KHTML, like Gecko) Chrome/86.0.4240.198 Safari/537.36" 
114.101.181.127, 39.97.49.232 - - [20/Mar/2021:13:48:06 +0800] "GET /api/v1/course/category/actual/?courseType=actual HTTP/1.1" 200 252 "https://www.luffycity.com/" "Mozilla/5.0 (Windows NT 10.0; WOW64) AppleWebKit/537.36 (KHTML, like Gecko) Chrome/86.0.4240.198 Safari/537.36" 
114.101.181.127, 39.97.49.232 - - [20/Mar/2021:13:48:06 +0800] "GET /api/v1/course/actual/ HTTP/1.1" 200 25971 "https://www.luffycity.com/" "Mozilla/5.0 (Windows NT 10.0; WOW64) AppleWebKit/537.36 (KHTML, like Gecko) Chrome/86.0.4240.198 Safari/537.36" 
39.144.5.22 - - [20/Mar/2021:13:48:06 +0800] "GET /api/v1/play/28733/?play_id=28733 HTTP/1.1" 200 405 "https://m.luffycity.com/play/26607" "Mozilla/5.0 (Linux; Android 10; CLT-AL00; HMSCore 5.2.0.303; GMSCore 20.15.16) AppleWebKit/537.36 (KHTML, like Gecko) Chrome/83.0.4103.106 HuaweiBrowser/11.0.8.301 Mobile Safari/537.36" 
39.144.5.22 - - [20/Mar/2021:13:48:06 +0800] "GET /api/v1/play/28733/?play_id=28733 HTTP/1.1" 200 405 "https://m.luffycity.com/play/28733" "Mozilla/5.0 (Linux; Android 10; CLT-AL00; HMSCore 5.2.0.303; GMSCore 20.15.16) AppleWebKit/537.36 (KHTML, like Gecko) Chrome/83.0.4103.106 HuaweiBrowser/11.0.8.301 Mobile Safari/537.36" 
114.101.181.127, 39.97.49.232 - - [20/Mar/2021:13:48:08 +0800] "GET /api/v1/auth/token/ HTTP/1.1" 200 29 "https://www.luffycity.com/" "Mozilla/5.0 (Windows NT 10.0; WOW64) AppleWebKit/537.36 (KHTML, like Gecko) Chrome/86.0.4240.198 Safari/537.36" 
223.74.173.105 - - [20/Mar/2021:13:48:10 +0800] "GET /api/v1/study/degrees/0/mentor/?degree_id=0 HTTP/1.1" 200 137 "https://www.luffycity.com/study/degree" "Mozilla/5.0 (Windows NT 10.0; WOW64) AppleWebKit/537.36 (KHTML, like Gecko) Chrome/86.0.4240.198 Safari/537.36" 
223.74.173.105 - - [20/Mar/2021:13:48:11 +0800] "GET /api/v1/study/degrees/ HTTP/1.1" 200 158 "https://www.luffycity.com/study/degree" "Mozilla/5.0 (Windows NT 10.0; WOW64) AppleWebKit/537.36 (KHTML, like Gecko) Chrome/86.0.4240.198 Safari/537.36" 
223.74.173.105 - - [20/Mar/2021:13:48:11 +0800] "GET /api/v1/study/data/?degree_id=11 HTTP/1.1" 200 105 "https://www.luffycity.com/study/degree" "Mozilla/5.0 (Windows NT 10.0; WOW64) AppleWebKit/537.36 (KHTML, like Gecko) Chrome/86.0.4240.198 Safari/537.36" 
117.157.163.118, 39.97.49.232 - - [20/Mar/2021:13:48:12 +0800] "GET /api/v1/result/ HTTP/1.1" 200 231 "http://c.biancheng.net/" "Mozilla/5.0 (Windows NT 6.1; Win64; x64) AppleWebKit/537.36 (KHTML, like Gecko) Chrome/90.0.4421.5 Safari/537.36" 
112.40.86.4 - - [20/Mar/2021:13:48:13 +0800] "GET /api/v1/account/cash/?limit=10&offset=0 HTTP/1.1" 200 69 "https://www.luffycity.com/" "Mozilla/5.0 (Macintosh; Intel Mac OS X 10_14_6) AppleWebKit/537.36 (KHTML, like Gecko) Chrome/89.0.4389.82 Safari/537.36" 
117.136.39.217 - - [20/Mar/2021:13:48:13 +0800] "OPTIONS /api/v1/play/sections/?section_id=20229 HTTP/1.1" 200 0 "https://www.luffycity.com/" "Mozilla/5.0 (Windows NT 10.0; WOW64) AppleWebKit/537.36 (KHTML, like Gecko) Chrome/87.0.4280.88 Safari/537.36" 
117.136.39.217 - - [20/Mar/2021:13:48:13 +0800] "OPTIONS /api/v1/survey/section/20229/?sectionId=20229 HTTP/1.1" 200 0 "https://www.luffycity.com/" "Mozilla/5.0 (Windows NT 10.0; WOW64) AppleWebKit/537.36 (KHTML, like Gecko) Chrome/87.0.4280.88 Safari/537.36" 
117.157.163.118 - - [20/Mar/2021:13:48:13 +0800] "OPTIONS /api/v1/activity/survey/?course_id=252 HTTP/1.1" 200 0 "https://www.luffycity.com/" "Mozilla/5.0 (Windows NT 6.1; Win64; x64) AppleWebKit/537.36 (KHTML, like Gecko) Chrome/90.0.4421.5 Safari/537.36" 
117.136.39.217 - - [20/Mar/2021:13:48:13 +0800] "GET /api/v1/survey/section/20229/?sectionId=20229 HTTP/1.1" 200 10 "https://www.luffycity.com/" "Mozilla/5.0 (Windows NT 10.0; WOW64) AppleWebKit/537.36 (KHTML, like Gecko) Chrome/87.0.4280.88 Safari/537.36" 
117.136.39.217 - - [20/Mar/2021:13:48:13 +0800] "GET /api/v1/play/20229/?play_id=20229 HTTP/1.1" 200 454 "https://www.luffycity.com/" "Mozilla/5.0 (Windows NT 10.0; WOW64) AppleWebKit/537.36 (KHTML, like Gecko) Chrome/87.0.4280.88 Safari/537.36" 
120.244.224.203 - - [20/Mar/2021:13:48:14 +0800] "OPTIONS /api/v1/survey/question/?surveyType=question&related_id=1340 HTTP/1.1" 200 0 "https://www.luffycity.com/study/question" "Mozilla/5.0 (Windows NT 10.0; Win64; x64) AppleWebKit/537.36 (KHTML, like Gecko) Chrome/70.0.3538.102 Safari/537.36 Edge/18.18362" 
112.40.86.4, 39.97.49.232 - - [20/Mar/2021:13:48:15 +0800] "GET /api/v1/auth/token/ HTTP/1.1" 200 402 "https://www.luffycity.com/account/center/home" "Mozilla/5.0 (Macintosh; Intel Mac OS X 10_14_6) AppleWebKit/537.36 (KHTML, like Gecko) Chrome/89.0.4389.82 Safari/537.36" 
112.40.86.4, 39.97.49.232 - - [20/Mar/2021:13:48:15 +0800] "GET /api/v1/result/ HTTP/1.1" 200 231 "https://www.luffycity.com/account/center/home" "Mozilla/5.0 (Macintosh; Intel Mac OS X 10_14_6) AppleWebKit/537.36 (KHTML, like Gecko) Chrome/89.0.4389.82 Safari/537.36" 
207.180.197.62, 39.97.49.232 - - [20/Mar/2021:13:48:15 +0800] "GET /api/v1/auth/token/ HTTP/1.1" 200 29 "-" "Mozilla/5.0 (compatible; seolyt/1.1; +https://seolyt.com)" 
207.180.197.62, 39.97.49.232 - - [20/Mar/2021:13:48:15 +0800] "GET /api/v1/index/banner/ HTTP/1.1" 200 382 "-" "Mozilla/5.0 (compatible; seolyt/1.1; +https://seolyt.com)" 
207.180.197.62, 39.97.49.232 - - [20/Mar/2021:13:48:15 +0800] "GET /api/v1/course/actual/?limit=3 HTTP/1.1" 200 2342 "-" "Mozilla/5.0 (compatible; seolyt/1.1; +https://seolyt.com)" 
112.40.86.4, 39.97.49.232 - - [20/Mar/2021:13:48:16 +0800] "GET /api/v1/course/free/ HTTP/1.1" 200 1897 "https://www.luffycity.com/account/center/home" "Mozilla/5.0 (Macintosh; Intel Mac OS X 10_14_6) AppleWebKit/537.36 (KHTML, like Gecko) Chrome/89.0.4389.82 Safari/537.36" 
112.40.86.4 - - [20/Mar/2021:13:48:27 +0800] "GET /api/v1/course/free/130/?courseType=free&id=130 HTTP/1.1" 200 1443 "https://www.luffycity.com/" "Mozilla/5.0 (Macintosh; Intel Mac OS X 10_14_6) AppleWebKit/537.36 (KHTML, like Gecko) Chrome/89.0.4389.82 Safari/537.36" 
120.244.224.203 - - [20/Mar/2021:13:48:27 +0800] "OPTIONS /api/v1/survey/question/?surveyType=question HTTP/1.1" 200 0 "https://www.luffycity.com/study/question" "Mozilla/5.0 (Windows NT 10.0; Win64; x64) AppleWebKit/537.36 (KHTML, like Gecko) Chrome/70.0.3538.102 Safari/537.36 Edge/18.18362" 
112.40.86.4 - - [20/Mar/2021:13:48:27 +0800] "GET /api/v1/course/free/130/sections/?courseType=free&id=130 HTTP/1.1" 200 778 "https://www.luffycity.com/" "Mozilla/5.0 (Macintosh; Intel Mac OS X 10_14_6) AppleWebKit/537.36 (KHTML, like Gecko) Chrome/89.0.4389.82 Safari/537.36" 
223.74.173.105 - - [20/Mar/2021:13:48:31 +0800] "OPTIONS /api/v1/play/sections/?section_id=16322 HTTP/1.1" 200 0 "https://www.luffycity.com/play/16322" "Mozilla/5.0 (Windows NT 10.0; WOW64) AppleWebKit/537.36 (KHTML, like Gecko) Chrome/86.0.4240.198 Safari/537.36" 
223.74.173.105 - - [20/Mar/2021:13:48:31 +0800] "OPTIONS /api/v1/play/16322/?play_id=16322 HTTP/1.1" 200 0 "https://www.luffycity.com/play/16322" "Mozilla/5.0 (Windows NT 10.0; WOW64) AppleWebKit/537.36 (KHTML, like Gecko) Chrome/86.0.4240.198 Safari/537.36" 
223.74.173.105 - - [20/Mar/2021:13:48:31 +0800] "GET /api/v1/survey/section/16322/?sectionId=16322 HTTP/1.1" 200 10 "https://www.luffycity.com/play/16322" "Mozilla/5.0 (Windows NT 10.0; WOW64) AppleWebKit/537.36 (KHTML, like Gecko) Chrome/86.0.4240.198 Safari/537.36" 
223.74.173.105 - - [20/Mar/2021:13:48:31 +0800] "GET /api/v1/play/sections/?section_id=16322 HTTP/1.1" 200 6069 "https://www.luffycity.com/play/16322" "Mozilla/5.0 (Windows NT 10.0; WOW64) AppleWebKit/537.36 (KHTML, like Gecko) Chrome/86.0.4240.198 Safari/537.36" 
223.104.24.3, 39.97.49.232 - - [20/Mar/2021:13:48:35 +0800] "GET /api/v1/result/ HTTP/1.1" 200 231 "-" "Mozilla/5.0 (Windows NT 10.0; WOW64) AppleWebKit/537.36 (KHTML, like Gecko) Chrome/65.0.3314.0 Safari/537.36 SE 2.X MetaSr 1.0" 
223.104.24.3, 39.97.49.232 - - [20/Mar/2021:13:48:36 +0800] "GET /api/v1/course/actual/?limit=3 HTTP/1.1" 200 2342 "-" "Mozilla/5.0 (Windows NT 10.0; WOW64) AppleWebKit/537.36 (KHTML, like Gecko) Chrome/65.0.3314.0 Safari/537.36 SE 2.X MetaSr 1.0" 
223.104.24.3, 39.97.49.232 - - [20/Mar/2021:13:48:36 +0800] "GET /api/v1/course/home-free/?limit=3 HTTP/1.1" 200 865 "-" "Mozilla/5.0 (Windows NT 10.0; WOW64) AppleWebKit/537.36 (KHTML, like Gecko) Chrome/65.0.3314.0 Safari/537.36 SE 2.X MetaSr 1.0" 
223.104.24.3 - - [20/Mar/2021:13:48:40 +0800] "OPTIONS /api/v1/result/enroll/?resultType=enroll&limit=2 HTTP/1.1" 200 0 "-" "Mozilla/5.0 (Windows NT 10.0; WOW64) AppleWebKit/537.36 (KHTML, like Gecko) Chrome/65.0.3314.0 Safari/537.36 SE 2.X MetaSr 1.0" 
223.146.16.166, 39.97.49.232 - - [20/Mar/2021:13:48:40 +0800] "GET /api/v1/auth/token/ HTTP/1.1" 200 29 "-" "Mozilla/5.0 (Windows NT 10.0; Win64; x64) AppleWebKit/537.36 (KHTML, like Gecko) Chrome/89.0.4389.90 Safari/537.36" 
223.104.24.3 - - [20/Mar/2021:13:48:41 +0800] "GET /api/v1/result/enroll/?resultType=enroll&limit=2 HTTP/1.1" 200 1878 "https://www.luffycity.com/" "Mozilla/5.0 (Windows NT 10.0; WOW64) AppleWebKit/537.36 (KHTML, like Gecko) Chrome/65.0.3314.0 Safari/537.36 SE 2.X MetaSr 1.0" 
223.146.16.166 - - [20/Mar/2021:13:48:41 +0800] "OPTIONS /api/v1/auth/wechat/ HTTP/1.1" 200 0 "https://www.luffycity.com/" "Mozilla/5.0 (Windows NT 10.0; Win64; x64) AppleWebKit/537.36 (KHTML, like Gecko) Chrome/89.0.4389.90 Safari/537.36" 
223.146.16.166 - - [20/Mar/2021:13:48:41 +0800] "OPTIONS /api/v1/study/degrees/0/mentor/?degree_id=0 HTTP/1.1" 200 0 "https://www.luffycity.com/" "Mozilla/5.0 (Windows NT 10.0; Win64; x64) AppleWebKit/537.36 (KHTML, like Gecko) Chrome/89.0.4389.90 Safari/537.36" 
223.146.16.166 - - [20/Mar/2021:13:48:41 +0800] "GET /api/v1/study/data/ HTTP/1.1" 200 64 "https://www.luffycity.com/" "Mozilla/5.0 (Windows NT 10.0; Win64; x64) AppleWebKit/537.36 (KHTML, like Gecko) Chrome/89.0.4389.90 Safari/537.36" 
223.146.16.166 - - [20/Mar/2021:13:48:41 +0800] "GET /api/v1/auth/wechat/ HTTP/1.1" 200 232 "https://www.luffycity.com/" "Mozilla/5.0 (Windows NT 10.0; Win64; x64) AppleWebKit/537.36 (KHTML, like Gecko) Chrome/89.0.4389.90 Safari/537.36" 
223.146.16.166 - - [20/Mar/2021:13:48:42 +0800] "POST /api/v1/auth/password/login/?loginWay=password HTTP/1.1" 200 274 "https://www.luffycity.com/" "Mozilla/5.0 (Windows NT 10.0; Win64; x64) AppleWebKit/537.36 (KHTML, like Gecko) Chrome/89.0.4389.90 Safari/537.36" 
223.146.16.166 - - [20/Mar/2021:13:48:43 +0800] "GET /api/v1/auth/token/ HTTP/1.1" 200 374 "https://www.luffycity.com/" "Mozilla/5.0 (Windows NT 10.0; Win64; x64) AppleWebKit/537.36 (KHTML, like Gecko) Chrome/89.0.4389.90 Safari/537.36" 
223.146.16.166 - - [20/Mar/2021:13:48:43 +0800] "GET /api/v1/study/courses/ HTTP/1.1" 200 20 "https://www.luffycity.com/" "Mozilla/5.0 (Windows NT 10.0; Win64; x64) AppleWebKit/537.36 (KHTML, like Gecko) Chrome/89.0.4389.90 Safari/537.36" 
223.146.16.166 - - [20/Mar/2021:13:48:43 +0800] "OPTIONS /api/v1/study/degrees/1/?degree_id=1 HTTP/1.1" 200 0 "https://www.luffycity.com/" "Mozilla/5.0 (Windows NT 10.0; Win64; x64) AppleWebKit/537.36 (KHTML, like Gecko) Chrome/89.0.4389.90 Safari/537.36" 
223.146.16.166 - - [20/Mar/2021:13:48:43 +0800] "OPTIONS /api/v1/study/degrees/1/mentor/?degree_id=1 HTTP/1.1" 200 0 "https://www.luffycity.com/" "Mozilla/5.0 (Windows NT 10.0; Win64; x64) AppleWebKit/537.36 (KHTML, like Gecko) Chrome/89.0.4389.90 Safari/537.36" 
223.146.16.166 - - [20/Mar/2021:13:48:44 +0800] "GET /api/v1/study/degrees/1/?degree_id=1 HTTP/1.1" 200 1955 "https://www.luffycity.com/" "Mozilla/5.0 (Windows NT 10.0; Win64; x64) AppleWebKit/537.36 (KHTML, like Gecko) Chrome/89.0.4389.90 Safari/537.36" 
112.40.86.4 - - [20/Mar/2021:13:48:45 +0800] "GET /api/v1/comment/?course_id=130&limit=10&offset=0 HTTP/1.1" 200 1470 "https://www.luffycity.com/" "Mozilla/5.0 (Macintosh; Intel Mac OS X 10_14_6) AppleWebKit/537.36 (KHTML, like Gecko) Chrome/89.0.4389.82 Safari/537.36" 
111.36.200.84, 39.97.49.232 - - [20/Mar/2021:13:48:50 +0800] "GET /api/v1/auth/token/ HTTP/1.1" 200 29 "https://www.oldboyedu.com/Public/lnh/kec/head.html" "Mozilla/5.0 (Windows NT 6.1; WOW64) AppleWebKit/537.36 (KHTML, like Gecko) Chrome/69.0.3947.100 Safari/537.36" 
111.36.200.84, 39.97.49.232 - - [20/Mar/2021:13:48:50 +0800] "GET /api/v1/result/ HTTP/1.1" 200 231 "https://www.oldboyedu.com/Public/lnh/kec/head.html" "Mozilla/5.0 (Windows NT 6.1; WOW64) AppleWebKit/537.36 (KHTML, like Gecko) Chrome/69.0.3947.100 Safari/537.36" 
111.36.200.84, 39.97.49.232 - - [20/Mar/2021:13:48:50 +0800] "GET /api/v1/index/banner/ HTTP/1.1" 200 382 "https://www.oldboyedu.com/Public/lnh/kec/head.html" "Mozilla/5.0 (Windows NT 6.1; WOW64) AppleWebKit/537.36 (KHTML, like Gecko) Chrome/69.0.3947.100 Safari/537.36" 
111.36.200.84, 39.97.49.232 - - [20/Mar/2021:13:48:50 +0800] "GET /api/v1/course/degree/ HTTP/1.1" 200 949 "https://www.oldboyedu.com/Public/lnh/kec/head.html" "Mozilla/5.0 (Windows NT 6.1; WOW64) AppleWebKit/537.36 (KHTML, like Gecko) Chrome/69.0.3947.100 Safari/537.36" 
111.36.200.84 - - [20/Mar/2021:13:48:52 +0800] "GET /api/v1/result/enroll/?resultType=enroll&limit=2 HTTP/1.1" 200 1878 "https://www.luffycity.com/?source=oldoyedu" "Mozilla/5.0 (Windows NT 6.1; WOW64) AppleWebKit/537.36 (KHTML, like Gecko) Chrome/69.0.3947.100 Safari/537.36" 
112.40.86.4 - - [20/Mar/2021:13:48:53 +0800] "OPTIONS /api/v1/comment/?section_id=14641&limit=10&offset=0 HTTP/1.1" 200 0 "https://www.luffycity.com/" "Mozilla/5.0 (Macintosh; Intel Mac OS X 10_14_6) AppleWebKit/537.36 (KHTML, like Gecko) Chrome/89.0.4389.82 Safari/537.36" 
112.40.86.4 - - [20/Mar/2021:13:48:53 +0800] "OPTIONS /api/v1/survey/section/14641/?sectionId=14641 HTTP/1.1" 200 0 "https://www.luffycity.com/" "Mozilla/5.0 (Macintosh; Intel Mac OS X 10_14_6) AppleWebKit/537.36 (KHTML, like Gecko) Chrome/89.0.4389.82 Safari/537.36" 
112.40.86.4 - - [20/Mar/2021:13:48:53 +0800] "GET /api/v1/survey/section/14641/?sectionId=14641 HTTP/1.1" 200 10 "https://www.luffycity.com/" "Mozilla/5.0 (Macintosh; Intel Mac OS X 10_14_6) AppleWebKit/537.36 (KHTML, like Gecko) Chrome/89.0.4389.82 Safari/537.36" 
112.40.86.4 - - [20/Mar/2021:13:48:54 +0800] "GET /api/v1/play/14641/?play_id=14641 HTTP/1.1" 200 369 "https://www.luffycity.com/" "Mozilla/5.0 (Macintosh; Intel Mac OS X 10_14_6) AppleWebKit/537.36 (KHTML, like Gecko) Chrome/89.0.4389.82 Safari/537.36" 
223.146.16.166 - - [20/Mar/2021:13:48:54 +0800] "OPTIONS /api/v1/comment/?section_id=31743&limit=10&offset=0 HTTP/1.1" 200 0 "https://www.luffycity.com/" "Mozilla/5.0 (Windows NT 10.0; Win64; x64) AppleWebKit/537.36 (KHTML, like Gecko) Chrome/89.0.4389.90 Safari/537.36" 
223.146.16.166 - - [20/Mar/2021:13:48:54 +0800] "OPTIONS /api/v1/survey/section/31743/?sectionId=31743 HTTP/1.1" 200 0 "https://www.luffycity.com/" "Mozilla/5.0 (Windows NT 10.0; Win64; x64) AppleWebKit/537.36 (KHTML, like Gecko) Chrome/89.0.4389.90 Safari/537.36" 
223.146.16.166 - - [20/Mar/2021:13:48:54 +0800] "GET /api/v1/survey/section/31743/?sectionId=31743 HTTP/1.1" 200 10 "https://www.luffycity.com/" "Mozilla/5.0 (Windows NT 10.0; Win64; x64) AppleWebKit/537.36 (KHTML, like Gecko) Chrome/89.0.4389.90 Safari/537.36" 
223.146.16.166 - - [20/Mar/2021:13:48:54 +0800] "GET /api/v1/comment/?section_id=31743&limit=10&offset=0 HTTP/1.1" 200 823 "https://www.luffycity.com/" "Mozilla/5.0 (Windows NT 10.0; Win64; x64) AppleWebKit/537.36 (KHTML, like Gecko) Chrome/89.0.4389.90 Safari/537.36" 
223.146.16.166 - - [20/Mar/2021:13:49:03 +0800] "OPTIONS /api/v1/comment/?section_id=31738&limit=10&offset=0 HTTP/1.1" 200 0 "https://www.luffycity.com/" "Mozilla/5.0 (Windows NT 10.0; Win64; x64) AppleWebKit/537.36 (KHTML, like Gecko) Chrome/89.0.4389.90 Safari/537.36" 
223.146.16.166 - - [20/Mar/2021:13:49:03 +0800] "OPTIONS /api/v1/survey/section/31738/?sectionId=31738 HTTP/1.1" 200 0 "https://www.luffycity.com/" "Mozilla/5.0 (Windows NT 10.0; Win64; x64) AppleWebKit/537.36 (KHTML, like Gecko) Chrome/89.0.4389.90 Safari/537.36" 
223.146.16.166 - - [20/Mar/2021:13:49:03 +0800] "GET /api/v1/survey/section/31738/?sectionId=31738 HTTP/1.1" 200 10 "https://www.luffycity.com/" "Mozilla/5.0 (Windows NT 10.0; Win64; x64) AppleWebKit/537.36 (KHTML, like Gecko) Chrome/89.0.4389.90 Safari/537.36" 
223.146.16.166 - - [20/Mar/2021:13:49:03 +0800] "GET /api/v1/play/31738/?play_id=31738 HTTP/1.1" 200 437 "https://www.luffycity.com/" "Mozilla/5.0 (Windows NT 10.0; Win64; x64) AppleWebKit/537.36 (KHTML, like Gecko) Chrome/89.0.4389.90 Safari/537.36" 
223.146.16.166 - - [20/Mar/2021:13:49:05 +0800] "GET /api/v1/survey/section/31743/?sectionId=31743 HTTP/1.1" 200 10 "https://www.luffycity.com/" "Mozilla/5.0 (Windows NT 10.0; Win64; x64) AppleWebKit/537.36 (KHTML, like Gecko) Chrome/89.0.4389.90 Safari/537.36" 
223.146.16.166 - - [20/Mar/2021:13:49:05 +0800] "GET /api/v1/comment/?section_id=31743&limit=10&offset=0 HTTP/1.1" 200 823 "https://www.luffycity.com/" "Mozilla/5.0 (Windows NT 10.0; Win64; x64) AppleWebKit/537.36 (KHTML, like Gecko) Chrome/89.0.4389.90 Safari/537.36" 
113.228.60.146 - - [20/Mar/2021:13:49:17 +0800] "OPTIONS /api/v1/play/sections/?section_id=31726 HTTP/1.1" 200 0 "https://www.luffycity.com/" "Mozilla/5.0 (Windows NT 10.0; Win64; x64) AppleWebKit/537.36 (KHTML, like Gecko) Chrome/91.0.4442.4 Safari/537.36" 
113.228.60.146 - - [20/Mar/2021:13:49:17 +0800] "OPTIONS /api/v1/play/31726/?play_id=31726 HTTP/1.1" 200 0 "https://www.luffycity.com/" "Mozilla/5.0 (Windows NT 10.0; Win64; x64) AppleWebKit/537.36 (KHTML, like Gecko) Chrome/91.0.4442.4 Safari/537.36" 
113.228.60.146 - - [20/Mar/2021:13:49:17 +0800] "GET /api/v1/play/sections/?section_id=31726 HTTP/1.1" 200 2191 "https://www.luffycity.com/" "Mozilla/5.0 (Windows NT 10.0; Win64; x64) AppleWebKit/537.36 (KHTML, like Gecko) Chrome/91.0.4442.4 Safari/537.36" 
113.228.60.146 - - [20/Mar/2021:13:49:17 +0800] "GET /api/v1/comment/?section_id=31726&limit=10&offset=0 HTTP/1.1" 200 823 "https://www.luffycity.com/" "Mozilla/5.0 (Windows NT 10.0; Win64; x64) AppleWebKit/537.36 (KHTML, like Gecko) Chrome/91.0.4442.4 Safari/537.36" 
112.40.86.4 - - [20/Mar/2021:13:49:22 +0800] "GET /api/v1/course/free/130/sections/?courseType=free&id=130 HTTP/1.1" 200 786 "https://www.luffycity.com/" "Mozilla/5.0 (Macintosh; Intel Mac OS X 10_14_6) AppleWebKit/537.36 (KHTML, like Gecko) Chrome/89.0.4389.82 Safari/537.36" 
114.101.181.127, 39.97.49.232 - - [20/Mar/2021:13:49:26 +0800] "GET /api/v1/auth/token/ HTTP/1.1" 200 29 "https://www.luffycity.com/" "Mozilla/5.0 (Windows NT 10.0; WOW64) AppleWebKit/537.36 (KHTML, like Gecko) Chrome/86.0.4240.198 Safari/537.36" 
112.49.191.3, 39.97.49.232 - - [20/Mar/2021:13:49:28 +0800] "GET /api/v1/index/banner/ HTTP/1.1" 200 382 "-" "Mozilla/5.0 (Windows NT 10.0; WOW64) AppleWebKit/537.36 (KHTML, like Gecko) Chrome/69.0.3497.100 Safari/537.36" 
112.49.191.3, 39.97.49.232 - - [20/Mar/2021:13:49:28 +0800] "GET /api/v1/course/actual/?limit=3 HTTP/1.1" 200 2342 "-" "Mozilla/5.0 (Windows NT 10.0; WOW64) AppleWebKit/537.36 (KHTML, like Gecko) Chrome/69.0.3497.100 Safari/537.36" 
112.49.191.3, 39.97.49.232 - - [20/Mar/2021:13:49:29 +0800] "GET /api/v1/course/home-free/?limit=3 HTTP/1.1" 200 865 "-" "Mozilla/5.0 (Windows NT 10.0; WOW64) AppleWebKit/537.36 (KHTML, like Gecko) Chrome/69.0.3497.100 Safari/537.36" 
112.49.191.3 - - [20/Mar/2021:13:49:30 +0800] "OPTIONS /api/v1/result/enroll/?resultType=enroll&limit=2 HTTP/1.1" 200 0 "-" "Mozilla/5.0 (Windows NT 10.0; WOW64) AppleWebKit/537.36 (KHTML, like Gecko) Chrome/69.0.3497.100 Safari/537.36" 
112.49.191.3 - - [20/Mar/2021:13:49:32 +0800] "OPTIONS /api/v1/auth/wechat/ HTTP/1.1" 200 0 "-" "Mozilla/5.0 (Windows NT 10.0; WOW64) AppleWebKit/537.36 (KHTML, like Gecko) Chrome/69.0.3497.100 Safari/537.36" 
120.1.94.162 - - [20/Mar/2021:13:49:33 +0800] "OPTIONS /api/v1/media/play/d57238adaedb4501926ccf44d33d5126/?suffix=d57238adaedb4501926ccf44d33d5126 HTTP/1.1" 200 0 "https://www.luffycity.com/" "Mozilla/5.0 (Macintosh; Intel Mac OS X 11_2_3) AppleWebKit/537.36 (KHTML, like Gecko) Chrome/89.0.4389.90 Safari/537.36" 
60.25.162.28, 39.97.49.232 - - [20/Mar/2021:13:49:34 +0800] "GET /api/v1/auth/token/ HTTP/1.1" 200 374 "-" "Mozilla/5.0 (Macintosh; Intel Mac OS X 11_2_3) AppleWebKit/537.36 (KHTML, like Gecko) Chrome/89.0.4389.90 Safari/537.36" 
60.25.162.28 - - [20/Mar/2021:13:49:34 +0800] "OPTIONS /api/v1/study/data/ HTTP/1.1" 200 0 "https://www.luffycity.com/" "Mozilla/5.0 (Macintosh; Intel Mac OS X 11_2_3) AppleWebKit/537.36 (KHTML, like Gecko) Chrome/89.0.4389.90 Safari/537.36" 
60.25.162.28 - - [20/Mar/2021:13:49:35 +0800] "GET /api/v1/study/degrees/ HTTP/1.1" 200 146 "https://www.luffycity.com/" "Mozilla/5.0 (Macintosh; Intel Mac OS X 11_2_3) AppleWebKit/537.36 (KHTML, like Gecko) Chrome/89.0.4389.90 Safari/537.36" 
60.25.162.28 - - [20/Mar/2021:13:49:35 +0800] "GET /api/v1/study/data/ HTTP/1.1" 200 107 "https://www.luffycity.com/" "Mozilla/5.0 (Macintosh; Intel Mac OS X 11_2_3) AppleWebKit/537.36 (KHTML, like Gecko) Chrome/89.0.4389.90 Safari/537.36" 
60.25.162.28 - - [20/Mar/2021:13:49:35 +0800] "OPTIONS /api/v1/study/data/?degree_id=1 HTTP/1.1" 200 0 "https://www.luffycity.com/" "Mozilla/5.0 (Macintosh; Intel Mac OS X 11_2_3) AppleWebKit/537.36 (KHTML, like Gecko) Chrome/89.0.4389.90 Safari/537.36" 
60.25.162.28 - - [20/Mar/2021:13:49:35 +0800] "GET /api/v1/study/degrees/1/mentor/?degree_id=1 HTTP/1.1" 200 182 "https://www.luffycity.com/" "Mozilla/5.0 (Macintosh; Intel Mac OS X 11_2_3) AppleWebKit/537.36 (KHTML, like Gecko) Chrome/89.0.4389.90 Safari/537.36" 
60.25.162.28 - - [20/Mar/2021:13:49:35 +0800] "GET /api/v1/study/data/?degree_id=1 HTTP/1.1" 200 110 "https://www.luffycity.com/" "Mozilla/5.0 (Macintosh; Intel Mac OS X 11_2_3) AppleWebKit/537.36 (KHTML, like Gecko) Chrome/89.0.4389.90 Safari/537.36" 
221.218.208.140, 39.97.49.232 - - [20/Mar/2021:13:49:37 +0800] "GET /api/v1/auth/token/ HTTP/1.1" 200 64 "https://www.luffycity.com/actual-course/9/detail" "Mozilla/5.0 (Windows NT 10.0; Win64; x64) AppleWebKit/537.36 (KHTML, like Gecko) Chrome/88.0.4324.104 Safari/537.36" 
221.218.208.140, 39.97.49.232 - - [20/Mar/2021:13:49:37 +0800] "GET /api/v1/result/ HTTP/1.1" 200 231 "https://www.luffycity.com/actual-course/9/detail" "Mozilla/5.0 (Windows NT 10.0; Win64; x64) AppleWebKit/537.36 (KHTML, like Gecko) Chrome/88.0.4324.104 Safari/537.36" 
112.49.191.3 - - [20/Mar/2021:13:49:39 +0800] "OPTIONS /api/v1/auth/password/login/?loginWay=password HTTP/1.1" 200 0 "-" "Mozilla/5.0 (Windows NT 10.0; WOW64) AppleWebKit/537.36 (KHTML, like Gecko) Chrome/69.0.3497.100 Safari/537.36" 
112.49.191.3 - - [20/Mar/2021:13:49:40 +0800] "OPTIONS /api/v1/auth/token/ HTTP/1.1" 200 0 "-" "Mozilla/5.0 (Windows NT 10.0; WOW64) AppleWebKit/537.36 (KHTML, like Gecko) Chrome/69.0.3497.100 Safari/537.36" 
120.1.94.162, 39.97.49.232 - - [20/Mar/2021:13:49:40 +0800] "GET /api/v1/result/ HTTP/1.1" 200 231 "https://www.luffycity.com/" "Mozilla/5.0 (Macintosh; Intel Mac OS X 11_2_3) AppleWebKit/537.36 (KHTML, like Gecko) Chrome/89.0.4389.90 Safari/537.36" 
120.1.94.162, 39.97.49.232 - - [20/Mar/2021:13:49:40 +0800] "GET /api/v1/index/banner/ HTTP/1.1" 200 382 "https://www.luffycity.com/" "Mozilla/5.0 (Macintosh; Intel Mac OS X 11_2_3) AppleWebKit/537.36 (KHTML, like Gecko) Chrome/89.0.4389.90 Safari/537.36" 
120.1.94.162, 39.97.49.232 - - [20/Mar/2021:13:49:40 +0800] "GET /api/v1/course/degree/ HTTP/1.1" 200 949 "https://www.luffycity.com/" "Mozilla/5.0 (Macintosh; Intel Mac OS X 11_2_3) AppleWebKit/537.36 (KHTML, like Gecko) Chrome/89.0.4389.90 Safari/537.36" 
120.1.94.162, 39.97.49.232 - - [20/Mar/2021:13:49:40 +0800] "GET /api/v1/course/home-free/?limit=3 HTTP/1.1" 200 865 "https://www.luffycity.com/" "Mozilla/5.0 (Macintosh; Intel Mac OS X 11_2_3) AppleWebKit/537.36 (KHTML, like Gecko) Chrome/89.0.4389.90 Safari/537.36" 
112.40.86.4 - - [20/Mar/2021:13:49:42 +0800] "GET /api/v1/course/free/130/sections/?courseType=free&id=130 HTTP/1.1" 200 786 "https://www.luffycity.com/" "Mozilla/5.0 (Macintosh; Intel Mac OS X 10_14_6) AppleWebKit/537.36 (KHTML, like Gecko) Chrome/89.0.4389.82 Safari/537.36" 
112.49.191.3 - - [20/Mar/2021:13:49:42 +0800] "OPTIONS /api/v1/study/degrees/ HTTP/1.1" 200 0 "-" "Mozilla/5.0 (Windows NT 10.0; WOW64) AppleWebKit/537.36 (KHTML, like Gecko) Chrome/69.0.3497.100 Safari/537.36" 
112.49.191.3 - - [20/Mar/2021:13:49:42 +0800] "OPTIONS /api/v1/study/degrees/0/mentor/?degree_id=0 HTTP/1.1" 200 0 "-" "Mozilla/5.0 (Windows NT 10.0; WOW64) AppleWebKit/537.36 (KHTML, like Gecko) Chrome/69.0.3497.100 Safari/537.36" 
112.49.191.3 - - [20/Mar/2021:13:49:42 +0800] "GET /api/v1/study/data/ HTTP/1.1" 200 110 "https://www.luffycity.com/study/degree" "Mozilla/5.0 (Windows NT 10.0; WOW64) AppleWebKit/537.36 (KHTML, like Gecko) Chrome/69.0.3497.100 Safari/537.36" 
112.49.191.3 - - [20/Mar/2021:13:49:42 +0800] "OPTIONS /api/v1/study/degrees/1/?degree_id=1 HTTP/1.1" 200 0 "-" "Mozilla/5.0 (Windows NT 10.0; WOW64) AppleWebKit/537.36 (KHTML, like Gecko) Chrome/69.0.3497.100 Safari/537.36" 
112.49.191.3 - - [20/Mar/2021:13:49:42 +0800] "OPTIONS /api/v1/study/degrees/1/mentor/?degree_id=1 HTTP/1.1" 200 0 "-" "Mozilla/5.0 (Windows NT 10.0; WOW64) AppleWebKit/537.36 (KHTML, like Gecko) Chrome/69.0.3497.100 Safari/537.36" 
112.49.191.3 - - [20/Mar/2021:13:49:43 +0800] "GET /api/v1/study/degrees/1/?degree_id=1 HTTP/1.1" 200 1926 "https://www.luffycity.com/study/degree" "Mozilla/5.0 (Windows NT 10.0; WOW64) AppleWebKit/537.36 (KHTML, like Gecko) Chrome/69.0.3497.100 Safari/537.36" 
120.1.94.162 - - [20/Mar/2021:13:49:45 +0800] "OPTIONS /api/v1/media/play/4100dd0787c14488a1584684f434330d/?suffix=4100dd0787c14488a1584684f434330d HTTP/1.1" 200 0 "https://www.luffycity.com/" "Mozilla/5.0 (Macintosh; Intel Mac OS X 11_2_3) AppleWebKit/537.36 (KHTML, like Gecko) Chrome/89.0.4389.90 Safari/537.36" 
120.202.67.53 - - [20/Mar/2021:13:49:47 +0800] "OPTIONS /api/v1/comment/?section_id=29205&limit=10&offset=0 HTTP/1.1" 200 0 "https://www.luffycity.com/" "Mozilla/5.0 (Windows NT 10.0; Win64; x64) AppleWebKit/537.36 (KHTML, like Gecko) Chrome/89.0.4389.90 Safari/537.36" 
120.202.67.53 - - [20/Mar/2021:13:49:47 +0800] "OPTIONS /api/v1/play/29205/?play_id=29205 HTTP/1.1" 200 0 "https://www.luffycity.com/" "Mozilla/5.0 (Windows NT 10.0; Win64; x64) AppleWebKit/537.36 (KHTML, like Gecko) Chrome/89.0.4389.90 Safari/537.36" 
120.202.67.53 - - [20/Mar/2021:13:49:47 +0800] "GET /api/v1/play/sections/?section_id=29205 HTTP/1.1" 200 2159 "https://www.luffycity.com/" "Mozilla/5.0 (Windows NT 10.0; Win64; x64) AppleWebKit/537.36 (KHTML, like Gecko) Chrome/89.0.4389.90 Safari/537.36" 
120.202.67.53 - - [20/Mar/2021:13:49:47 +0800] "GET /api/v1/comment/?section_id=29205&limit=10&offset=0 HTTP/1.1" 200 1225 "https://www.luffycity.com/" "Mozilla/5.0 (Windows NT 10.0; Win64; x64) AppleWebKit/537.36 (KHTML, like Gecko) Chrome/89.0.4389.90 Safari/537.36" 
112.49.191.3 - - [20/Mar/2021:13:49:47 +0800] "OPTIONS /api/v1/study/module/degree/100795/?courseType=degree&id=100795 HTTP/1.1" 200 0 "-" "Mozilla/5.0 (Windows NT 10.0; WOW64) AppleWebKit/537.36 (KHTML, like Gecko) Chrome/69.0.3497.100 Safari/537.36" 
112.40.86.4 - - [20/Mar/2021:13:49:52 +0800] "GET /api/v1/account/order/course/?limit=10&offset=0 HTTP/1.1" 200 862 "https://www.luffycity.com/" "Mozilla/5.0 (Macintosh; Intel Mac OS X 10_14_6) AppleWebKit/537.36 (KHTML, like Gecko) Chrome/89.0.4389.82 Safari/537.36" 
60.25.162.28 - - [20/Mar/2021:13:49:55 +0800] "OPTIONS /api/v1/study/degrees/1/score-records/?degreeId=1&limit=5&offset=0 HTTP/1.1" 200 0 "https://www.luffycity.com/" "Mozilla/5.0 (Macintosh; Intel Mac OS X 11_2_3) AppleWebKit/537.36 (KHTML, like Gecko) Chrome/89.0.4389.90 Safari/537.36" 
60.25.162.28 - - [20/Mar/2021:13:49:55 +0800] "GET /api/v1/study/degrees/1/score-records/?degreeId=1&limit=5&offset=0 HTTP/1.1" 200 69 "https://www.luffycity.com/" "Mozilla/5.0 (Macintosh; Intel Mac OS X 11_2_3) AppleWebKit/537.36 (KHTML, like Gecko) Chrome/89.0.4389.90 Safari/537.36" 
42.236.10.108, 39.97.49.232 - - [20/Mar/2021:13:49:57 +0800] "GET /api/v1/auth/token/ HTTP/1.1" 200 29 "https://www.luffycity.com/play/28639" "Mozilla/5.0 (Windows NT 6.1; WOW64) AppleWebKit/537.36 (KHTML, like Gecko) Chrome/50.4.2661.102 Safari/537.36; 360Spider" 
42.236.10.108, 39.97.49.232 - - [20/Mar/2021:13:49:58 +0800] "GET /api/v1/result/ HTTP/1.1" 200 231 "https://www.luffycity.com/play/28639" "Mozilla/5.0 (Windows NT 6.1; WOW64) AppleWebKit/537.36 (KHTML, like Gecko) Chrome/50.4.2661.102 Safari/537.36; 360Spider" 
42.236.10.71, 39.97.49.232 - - [20/Mar/2021:13:50:02 +0800] "GET /api/v1/auth/token/ HTTP/1.1" 200 29 "https://www.luffycity.com/play/28639" "Mozilla/5.0(compatible;MSIE9.0;WindowsNT6.1;Trident/5.0)" 
60.25.162.28 - - [20/Mar/2021:13:50:04 +0800] "GET /api/v1/study/degrees/0/mentor/?degree_id=0 HTTP/1.1" 200 137 "https://www.luffycity.com/" "Mozilla/5.0 (Macintosh; Intel Mac OS X 11_2_3) AppleWebKit/537.36 (KHTML, like Gecko) Chrome/89.0.4389.90 Safari/537.36" 
60.25.162.28 - - [20/Mar/2021:13:50:04 +0800] "GET /api/v1/study/degrees/1/mentor/?degree_id=1 HTTP/1.1" 200 182 "https://www.luffycity.com/" "Mozilla/5.0 (Macintosh; Intel Mac OS X 11_2_3) AppleWebKit/537.36 (KHTML, like Gecko) Chrome/89.0.4389.90 Safari/537.36" 
60.25.162.28 - - [20/Mar/2021:13:50:05 +0800] "GET /api/v1/study/degrees/1/?degree_id=1 HTTP/1.1" 200 1945 "https://www.luffycity.com/" "Mozilla/5.0 (Macintosh; Intel Mac OS X 11_2_3) AppleWebKit/537.36 (KHTML, like Gecko) Chrome/89.0.4389.90 Safari/537.36" 
223.150.227.105, 39.97.49.232 - - [20/Mar/2021:13:50:08 +0800] "GET /api/v1/auth/token/ HTTP/1.1" 200 29 "https://www.luffycity.com/play/28639" "Mozilla/5.0(compatible;MSIE9.0;WindowsNT6.1;Trident/5.0)" 
223.150.227.105, 39.97.49.232 - - [20/Mar/2021:13:50:08 +0800] "GET /api/v1/result/ HTTP/1.1" 200 231 "https://www.luffycity.com/play/28639" "Mozilla/5.0(compatible;MSIE9.0;WindowsNT6.1;Trident/5.0)" 
157.55.39.130, 39.97.49.232 - - [20/Mar/2021:13:50:08 +0800] "GET /api/v1/result/ HTTP/1.1" 200 231 "-" "Mozilla/5.0 (compatible; bingbot/2.0; +http://www.bing.com/bingbot.htm)" 
60.25.162.28 - - [20/Mar/2021:13:50:08 +0800] "OPTIONS /api/v1/study/degrees/1/homework/detail/?degreeId=1 HTTP/1.1" 200 0 "https://www.luffycity.com/" "Mozilla/5.0 (Macintosh; Intel Mac OS X 11_2_3) AppleWebKit/537.36 (KHTML, like Gecko) Chrome/89.0.4389.90 Safari/537.36" 
60.25.162.28 - - [20/Mar/2021:13:50:09 +0800] "GET /api/v1/study/degrees/1/homework/?degreeId=1&limit=5&offset=0 HTTP/1.1" 200 69 "https://www.luffycity.com/" "Mozilla/5.0 (Macintosh; Intel Mac OS X 11_2_3) AppleWebKit/537.36 (KHTML, like Gecko) Chrome/89.0.4389.90 Safari/537.36" 
157.55.39.130, 39.97.49.232 - - [20/Mar/2021:13:50:09 +0800] "GET /api/v1/course/free/131/?courseType=free&id=131 HTTP/1.1" 200 1650 "-" "Mozilla/5.0 (compatible; bingbot/2.0; +http://www.bing.com/bingbot.htm)" 
60.25.162.28 - - [20/Mar/2021:13:50:11 +0800] "GET /api/v1/study/degrees/0/mentor/?degree_id=0 HTTP/1.1" 200 137 "https://www.luffycity.com/" "Mozilla/5.0 (Macintosh; Intel Mac OS X 11_2_3) AppleWebKit/537.36 (KHTML, like Gecko) Chrome/89.0.4389.90 Safari/537.36" 
60.25.162.28 - - [20/Mar/2021:13:50:11 +0800] "GET /api/v1/study/degrees/1/mentor/?degree_id=1 HTTP/1.1" 200 182 "https://www.luffycity.com/" "Mozilla/5.0 (Macintosh; Intel Mac OS X 11_2_3) AppleWebKit/537.36 (KHTML, like Gecko) Chrome/89.0.4389.90 Safari/537.36" 
60.25.162.28 - - [20/Mar/2021:13:50:11 +0800] "GET /api/v1/study/degrees/1/?degree_id=1 HTTP/1.1" 200 1945 "https://www.luffycity.com/" "Mozilla/5.0 (Macintosh; Intel Mac OS X 11_2_3) AppleWebKit/537.36 (KHTML, like Gecko) Chrome/89.0.4389.90 Safari/537.36" 
120.1.94.162, 39.97.49.232 - - [20/Mar/2021:13:50:25 +0800] "GET /api/v1/auth/token/ HTTP/1.1" 200 29 "https://www.luffycity.com/" "Mozilla/5.0 (Macintosh; Intel Mac OS X 11_2_3) AppleWebKit/537.36 (KHTML, like Gecko) Chrome/89.0.4389.90 Safari/537.36" 
120.1.94.162, 39.97.49.232 - - [20/Mar/2021:13:50:25 +0800] "GET /api/v1/course/degree/2/?courseType=degree&id=2 HTTP/1.1" 200 654 "https://www.luffycity.com/" "Mozilla/5.0 (Macintosh; Intel Mac OS X 11_2_3) AppleWebKit/537.36 (KHTML, like Gecko) Chrome/89.0.4389.90 Safari/537.36" 
66.249.66.137 - - [20/Mar/2021:13:50:33 +0800] "GET /api/v1/course/actual/256/payment/?courseType=actual&id=256 HTTP/1.1" 200 298 "https://m.luffycity.com/actual-course/256" "Mozilla/5.0 (Linux; Android 6.0.1; Nexus 5X Build/MMB29P) AppleWebKit/537.36 (KHTML, like Gecko) Chrome/89.0.4389.93 Mobile Safari/537.36 (compatible; Googlebot/2.1; +http://www.google.com/bot.html)" 
220.181.51.123, 39.97.49.232 - - [20/Mar/2021:13:50:36 +0800] "GET /api/v1/auth/token/ HTTP/1.1" 200 29 "-" "Mozilla/5.0 (Windows NT 10.0; WOW64) AppleWebKit/537.36 (KHTML, like Gecko) Chrome/45.0.2454.93 Safari/537.36" 
106.38.115.16 - - [20/Mar/2021:13:50:36 +0800] "GET /api/v1/study/degrees/ HTTP/1.1" 200 381 "https://www.luffycity.com/" "Mozilla/5.0 (Macintosh; Intel Mac OS X 10_15_7) AppleWebKit/537.36 (KHTML, like Gecko) Chrome/89.0.4389.90 Safari/537.36" 
106.38.115.16 - - [20/Mar/2021:13:50:36 +0800] "GET /api/v1/study/data/ HTTP/1.1" 200 108 "https://www.luffycity.com/" "Mozilla/5.0 (Macintosh; Intel Mac OS X 10_15_7) AppleWebKit/537.36 (KHTML, like Gecko) Chrome/89.0.4389.90 Safari/537.36" 
112.40.86.4 - - [20/Mar/2021:13:50:36 +0800] "GET /api/v1/study/module/degree/71953/?courseType=degree&id=71953 HTTP/1.1" 200 4284 "https://www.luffycity.com/study/chapter/71953" "Mozilla/5.0 (Macintosh; Intel Mac OS X 10_14_6) AppleWebKit/605.1.15 (KHTML, like Gecko) Version/13.1 Safari/605.1.15" 
220.181.51.123, 39.97.49.232 - - [20/Mar/2021:13:50:36 +0800] "GET /api/v1/index/banner/ HTTP/1.1" 200 382 "-" "Mozilla/5.0 (Windows NT 10.0; WOW64) AppleWebKit/537.36 (KHTML, like Gecko) Chrome/45.0.2454.93 Safari/537.36" 
220.181.51.123, 39.97.49.232 - - [20/Mar/2021:13:50:36 +0800] "GET /api/v1/course/degree/ HTTP/1.1" 200 949 "-" "Mozilla/5.0 (Windows NT 10.0; WOW64) AppleWebKit/537.36 (KHTML, like Gecko) Chrome/45.0.2454.93 Safari/537.36" 
