120.244.224.203 - - [19/Mar/2021:16:05:09 +0800] "GET /api/v1/play/30819/?play_id=30819 HTTP/1.1" 200 384 "https://www.luffycity.com/play/30819" "Mozilla/5.0 (Windows NT 10.0; Win64; x64) AppleWebKit/537.36 (KHTML, like Gecko) Chrome/70.0.3538.102 Safari/537.36 Edge/18.18362" 
120.237.91.166 - - [19/Mar/2021:16:05:11 +0800] "OPTIONS /api/v1/study/module/actual/45660/?courseType=actual&id=45660 HTTP/1.1" 200 0 "https://www.luffycity.com/study/special" "Mozilla/5.0 (Windows NT 10.0; WOW64) AppleWebKit/537.36 (KHTML, like Gecko) Chrome/72.0.3626.81 Safari/537.36 SE 2.X MetaSr 1.0" 
223.66.129.195 - - [19/Mar/2021:16:05:13 +0800] "GET /api/v1/auth/captcha/ HTTP/1.1" 200 137 "https://www.luffycity.com/" "Mozilla/5.0 (Windows NT 10.0; Win64; x64) AppleWebKit/537.36 (KHTML, like Gecko) Chrome/89.0.4389.90 Safari/537.36" 
223.104.107.93 - - [19/Mar/2021:16:05:20 +0800] "GET /api/v1/survey/section/19477/?sectionId=19477 HTTP/1.1" 200 10 "https://www.luffycity.com/" "Mozilla/5.0 (Windows NT 10.0; Win64; x64) AppleWebKit/537.36 (KHTML, like Gecko) Chrome/89.0.4389.90 Safari/537.36 Edg/89.0.774.54" 
223.104.107.93 - - [19/Mar/2021:16:05:20 +0800] "GET /api/v1/comment/?section_id=19477&limit=10&offset=0 HTTP/1.1" 200 1241 "https://www.luffycity.com/" "Mozilla/5.0 (Windows NT 10.0; Win64; x64) AppleWebKit/537.36 (KHTML, like Gecko) Chrome/89.0.4389.90 Safari/537.36 Edg/89.0.774.54" 
223.66.129.195 - - [19/Mar/2021:16:05:24 +0800] "OPTIONS /api/v1/sms/send/ HTTP/1.1" 200 0 "https://www.luffycity.com/" "Mozilla/5.0 (Windows NT 10.0; Win64; x64) AppleWebKit/537.36 (KHTML, like Gecko) Chrome/89.0.4389.90 Safari/537.36" 
223.104.148.137 - - [19/Mar/2021:16:05:25 +0800] "GET /api/v1/auth/token/ HTTP/1.1" 200 374 "https://m.luffycity.com/study/degree" "Mozilla/5.0 (Linux; U; Android 10; zh-cn; M2007J17C Build/QKQ1.200628.002) AppleWebKit/537.36 (KHTML, like Gecko) Version/4.0 Chrome/79.0.3945.147 Mobile Safari/537.36 XiaoMi/MiuiBrowser/14.0.24" 
223.104.148.137 - - [19/Mar/2021:16:05:25 +0800] "GET /api/v1/study/data/ HTTP/1.1" 200 107 "https://m.luffycity.com/study/degree" "Mozilla/5.0 (Linux; U; Android 10; zh-cn; M2007J17C Build/QKQ1.200628.002) AppleWebKit/537.36 (KHTML, like Gecko) Version/4.0 Chrome/79.0.3945.147 Mobile Safari/537.36 XiaoMi/MiuiBrowser/14.0.24" 
223.104.63.14 - - [19/Mar/2021:16:05:26 +0800] "OPTIONS /api/v1/survey/section/20205/?sectionId=20205 HTTP/1.1" 200 0 "https://www.luffycity.com/" "Mozilla/5.0 (Windows NT 10.0; WOW64) AppleWebKit/537.36 (KHTML, like Gecko) Chrome/87.0.4280.88 Safari/537.36" 
223.104.63.14 - - [19/Mar/2021:16:05:26 +0800] "OPTIONS /api/v1/comment/?section_id=20205&limit=10&offset=0 HTTP/1.1" 200 0 "https://www.luffycity.com/" "Mozilla/5.0 (Windows NT 10.0; WOW64) AppleWebKit/537.36 (KHTML, like Gecko) Chrome/87.0.4280.88 Safari/537.36" 
223.104.63.14 - - [19/Mar/2021:16:05:26 +0800] "GET /api/v1/comment/?section_id=20205&limit=10&offset=0 HTTP/1.1" 200 1670 "https://www.luffycity.com/" "Mozilla/5.0 (Windows NT 10.0; WOW64) AppleWebKit/537.36 (KHTML, like Gecko) Chrome/87.0.4280.88 Safari/537.36" 
223.104.63.14 - - [19/Mar/2021:16:05:26 +0800] "GET /api/v1/play/sections/?section_id=20205 HTTP/1.1" 200 18057 "https://www.luffycity.com/" "Mozilla/5.0 (Windows NT 10.0; WOW64) AppleWebKit/537.36 (KHTML, like Gecko) Chrome/87.0.4280.88 Safari/537.36" 
222.190.156.126 - - [19/Mar/2021:16:05:28 +0800] "OPTIONS /api/v1/survey/section/25237/?sectionId=25237 HTTP/1.1" 200 0 "https://www.luffycity.com/" "Mozilla/5.0 (Windows NT 10.0; Win64; x64) AppleWebKit/537.36 (KHTML, like Gecko) Chrome/89.0.4389.90 Safari/537.36 Edg/89.0.774.54" 
222.190.156.126 - - [19/Mar/2021:16:05:28 +0800] "OPTIONS /api/v1/play/sections/?section_id=25237 HTTP/1.1" 200 0 "https://www.luffycity.com/" "Mozilla/5.0 (Windows NT 10.0; Win64; x64) AppleWebKit/537.36 (KHTML, like Gecko) Chrome/89.0.4389.90 Safari/537.36 Edg/89.0.774.54" 
222.190.156.126 - - [19/Mar/2021:16:05:28 +0800] "GET /api/v1/comment/?section_id=25237&limit=10&offset=0 HTTP/1.1" 200 69 "https://www.luffycity.com/" "Mozilla/5.0 (Windows NT 10.0; Win64; x64) AppleWebKit/537.36 (KHTML, like Gecko) Chrome/89.0.4389.90 Safari/537.36 Edg/89.0.774.54" 
222.190.156.126 - - [19/Mar/2021:16:05:28 +0800] "GET /api/v1/play/sections/?section_id=25237 HTTP/1.1" 200 1428 "https://www.luffycity.com/" "Mozilla/5.0 (Windows NT 10.0; Win64; x64) AppleWebKit/537.36 (KHTML, like Gecko) Chrome/89.0.4389.90 Safari/537.36 Edg/89.0.774.54" 
59.67.0.196 - - [19/Mar/2021:16:05:29 +0800] "OPTIONS /api/v1/study/degrees/ HTTP/1.1" 200 0 "https://www.luffycity.com/" "Mozilla/5.0 (Windows NT 10.0; Win64; x64) AppleWebKit/537.36 (KHTML, like Gecko) Chrome/87.0.4280.141 Safari/537.36" 
59.67.0.196 - - [19/Mar/2021:16:05:29 +0800] "OPTIONS /api/v1/study/degrees/0/mentor/?degree_id=0 HTTP/1.1" 200 0 "https://www.luffycity.com/" "Mozilla/5.0 (Windows NT 10.0; Win64; x64) AppleWebKit/537.36 (KHTML, like Gecko) Chrome/87.0.4280.141 Safari/537.36" 
59.67.0.196 - - [19/Mar/2021:16:05:29 +0800] "GET /api/v1/study/degrees/ HTTP/1.1" 200 146 "https://www.luffycity.com/" "Mozilla/5.0 (Windows NT 10.0; Win64; x64) AppleWebKit/537.36 (KHTML, like Gecko) Chrome/87.0.4280.141 Safari/537.36" 
59.67.0.196 - - [19/Mar/2021:16:05:29 +0800] "OPTIONS /api/v1/study/degrees/1/?degree_id=1 HTTP/1.1" 200 0 "https://www.luffycity.com/" "Mozilla/5.0 (Windows NT 10.0; Win64; x64) AppleWebKit/537.36 (KHTML, like Gecko) Chrome/87.0.4280.141 Safari/537.36" 
59.67.0.196 - - [19/Mar/2021:16:05:29 +0800] "OPTIONS /api/v1/study/degrees/1/mentor/?degree_id=1 HTTP/1.1" 200 0 "https://www.luffycity.com/" "Mozilla/5.0 (Windows NT 10.0; Win64; x64) AppleWebKit/537.36 (KHTML, like Gecko) Chrome/87.0.4280.141 Safari/537.36" 
59.67.0.196 - - [19/Mar/2021:16:05:29 +0800] "GET /api/v1/study/data/?degree_id=1 HTTP/1.1" 200 115 "https://www.luffycity.com/" "Mozilla/5.0 (Windows NT 10.0; Win64; x64) AppleWebKit/537.36 (KHTML, like Gecko) Chrome/87.0.4280.141 Safari/537.36" 
59.67.0.196 - - [19/Mar/2021:16:05:33 +0800] "OPTIONS /api/v1/study/degrees/1/homework/?degreeId=1&limit=5&offset=0 HTTP/1.1" 200 0 "https://www.luffycity.com/" "Mozilla/5.0 (Windows NT 10.0; Win64; x64) AppleWebKit/537.36 (KHTML, like Gecko) Chrome/87.0.4280.141 Safari/537.36" 
59.67.0.196 - - [19/Mar/2021:16:05:33 +0800] "GET /api/v1/study/degrees/1/homework/?degreeId=1&limit=5&offset=0 HTTP/1.1" 200 1543 "https://www.luffycity.com/" "Mozilla/5.0 (Windows NT 10.0; Win64; x64) AppleWebKit/537.36 (KHTML, like Gecko) Chrome/87.0.4280.141 Safari/537.36" 
223.66.129.195 - - [19/Mar/2021:16:05:37 +0800] "OPTIONS /api/v1/auth/mobile/login/?loginWay=mobile HTTP/1.1" 200 0 "https://www.luffycity.com/" "Mozilla/5.0 (Windows NT 10.0; Win64; x64) AppleWebKit/537.36 (KHTML, like Gecko) Chrome/89.0.4389.90 Safari/537.36" 
223.66.129.195 - - [19/Mar/2021:16:05:37 +0800] "OPTIONS /api/v1/auth/token/ HTTP/1.1" 200 0 "https://www.luffycity.com/" "Mozilla/5.0 (Windows NT 10.0; Win64; x64) AppleWebKit/537.36 (KHTML, like Gecko) Chrome/89.0.4389.90 Safari/537.36" 
223.66.129.195 - - [19/Mar/2021:16:05:40 +0800] "OPTIONS /api/v1/pay/create/ HTTP/1.1" 200 0 "https://www.luffycity.com/" "Mozilla/5.0 (Windows NT 10.0; Win64; x64) AppleWebKit/537.36 (KHTML, like Gecko) Chrome/89.0.4389.90 Safari/537.36" 
223.66.129.195 - - [19/Mar/2021:16:05:42 +0800] "POST /api/v1/pay/create/ HTTP/1.1" 200 129 "https://www.luffycity.com/" "Mozilla/5.0 (Windows NT 10.0; Win64; x64) AppleWebKit/537.36 (KHTML, like Gecko) Chrome/89.0.4389.90 Safari/537.36" 
223.66.129.195, 39.97.49.232 - - [19/Mar/2021:16:05:44 +0800] "GET /api/v1/course/free/131/?courseType=free&id=131 HTTP/1.1" 200 1650 "https://www.luffycity.com/search?words=Linux" "Mozilla/5.0 (Windows NT 10.0; Win64; x64) AppleWebKit/537.36 (KHTML, like Gecko) Chrome/89.0.4389.90 Safari/537.36" 
223.66.129.195 - - [19/Mar/2021:16:05:45 +0800] "OPTIONS /api/v1/play/sections/?section_id=14657 HTTP/1.1" 200 0 "https://www.luffycity.com/" "Mozilla/5.0 (Windows NT 10.0; Win64; x64) AppleWebKit/537.36 (KHTML, like Gecko) Chrome/89.0.4389.90 Safari/537.36" 
223.66.129.195 - - [19/Mar/2021:16:05:45 +0800] "OPTIONS /api/v1/play/14657/?play_id=14657 HTTP/1.1" 200 0 "https://www.luffycity.com/" "Mozilla/5.0 (Windows NT 10.0; Win64; x64) AppleWebKit/537.36 (KHTML, like Gecko) Chrome/89.0.4389.90 Safari/537.36" 
223.66.129.195 - - [19/Mar/2021:16:05:45 +0800] "GET /api/v1/play/sections/?section_id=14657 HTTP/1.1" 200 2085 "https://www.luffycity.com/" "Mozilla/5.0 (Windows NT 10.0; Win64; x64) AppleWebKit/537.36 (KHTML, like Gecko) Chrome/89.0.4389.90 Safari/537.36" 
223.66.129.195 - - [19/Mar/2021:16:05:45 +0800] "GET /api/v1/comment/?section_id=14657&limit=10&offset=0 HTTP/1.1" 200 1531 "https://www.luffycity.com/" "Mozilla/5.0 (Windows NT 10.0; Win64; x64) AppleWebKit/537.36 (KHTML, like Gecko) Chrome/89.0.4389.90 Safari/537.36" 
157.55.39.114, 39.97.49.232 - - [19/Mar/2021:16:05:48 +0800] "GET /api/v1/auth/token/ HTTP/1.1" 200 29 "-" "Mozilla/5.0 (compatible; bingbot/2.0; +http://www.bing.com/bingbot.htm)" 
157.55.39.114, 39.97.49.232 - - [19/Mar/2021:16:05:48 +0800] "GET /api/v1/result/ HTTP/1.1" 200 231 "-" "Mozilla/5.0 (compatible; bingbot/2.0; +http://www.bing.com/bingbot.htm)" 
157.55.39.114, 39.97.49.232 - - [19/Mar/2021:16:05:48 +0800] "GET /api/v1/course/degree/1/?courseType=degree&id=1 HTTP/1.1" 200 711 "-" "Mozilla/5.0 (compatible; bingbot/2.0; +http://www.bing.com/bingbot.htm)" 
157.55.39.114, 39.97.49.232 - - [19/Mar/2021:16:05:48 +0800] "GET /api/v1/course/degree/1/teacher/?id=1 HTTP/1.1" 200 4002 "-" "Mozilla/5.0 (compatible; bingbot/2.0; +http://www.bing.com/bingbot.htm)" 
223.66.129.195 - - [19/Mar/2021:16:05:49 +0800] "GET /api/v1/play/sections/?section_id=14674 HTTP/1.1" 200 2085 "https://www.luffycity.com/" "Mozilla/5.0 (Windows NT 10.0; Win64; x64) AppleWebKit/537.36 (KHTML, like Gecko) Chrome/89.0.4389.90 Safari/537.36" 
223.66.129.195 - - [19/Mar/2021:16:05:49 +0800] "GET /api/v1/play/14674/?play_id=14674 HTTP/1.1" 200 390 "https://www.luffycity.com/" "Mozilla/5.0 (Windows NT 10.0; Win64; x64) AppleWebKit/537.36 (KHTML, like Gecko) Chrome/89.0.4389.90 Safari/537.36" 
49.234.195.166 - - [19/Mar/2021:16:05:49 +0800] "POST /api/v1/pay/xiaoe/ HTTP/1.1" 200 7 "-" "-" 
124.89.2.103 - - [19/Mar/2021:16:05:58 +0800] "GET /api/v1/auth/token/ HTTP/1.1" 200 29 "https://m.luffycity.com/account/center/home" "Mozilla/5.0 (iPhone; CPU iPhone OS 14_4 like Mac OS X) AppleWebKit/605.1.15 (KHTML, like Gecko) Version/14.0.3 Mobile/15E148 Safari/604.1" 
223.166.32.123 - - [19/Mar/2021:16:06:14 +0800] "OPTIONS /api/v1/play/sections/?section_id=24661 HTTP/1.1" 200 0 "https://www.luffycity.com/play/24661" "Mozilla/5.0 (Windows NT 10.0; WOW64) AppleWebKit/537.36 (KHTML, like Gecko) Chrome/55.0.2883.87 UBrowser/6.2.4098.3 Safari/537.36" 
223.166.32.123 - - [19/Mar/2021:16:06:14 +0800] "OPTIONS /api/v1/survey/section/24661/?sectionId=24661 HTTP/1.1" 200 0 "https://www.luffycity.com/play/24661" "Mozilla/5.0 (Windows NT 10.0; WOW64) AppleWebKit/537.36 (KHTML, like Gecko) Chrome/55.0.2883.87 UBrowser/6.2.4098.3 Safari/537.36" 
223.166.32.123 - - [19/Mar/2021:16:06:15 +0800] "GET /api/v1/comment/?section_id=24661&limit=10&offset=0 HTTP/1.1" 200 1234 "https://www.luffycity.com/play/24661" "Mozilla/5.0 (Windows NT 10.0; WOW64) AppleWebKit/537.36 (KHTML, like Gecko) Chrome/55.0.2883.87 UBrowser/6.2.4098.3 Safari/537.36" 
223.166.32.123 - - [19/Mar/2021:16:06:15 +0800] "GET /api/v1/play/sections/?section_id=24661 HTTP/1.1" 200 5651 "https://www.luffycity.com/play/24661" "Mozilla/5.0 (Windows NT 10.0; WOW64) AppleWebKit/537.36 (KHTML, like Gecko) Chrome/55.0.2883.87 UBrowser/6.2.4098.3 Safari/537.36" 
59.67.0.196 - - [19/Mar/2021:16:06:38 +0800] "GET /api/v1/study/degrees/0/mentor/?degree_id=0 HTTP/1.1" 200 137 "https://www.luffycity.com/" "Mozilla/5.0 (Windows NT 10.0; Win64; x64) AppleWebKit/537.36 (KHTML, like Gecko) Chrome/87.0.4280.141 Safari/537.36" 
59.67.0.196 - - [19/Mar/2021:16:06:38 +0800] "GET /api/v1/study/degrees/ HTTP/1.1" 200 146 "https://www.luffycity.com/" "Mozilla/5.0 (Windows NT 10.0; Win64; x64) AppleWebKit/537.36 (KHTML, like Gecko) Chrome/87.0.4280.141 Safari/537.36" 
59.67.0.196 - - [19/Mar/2021:16:06:38 +0800] "GET /api/v1/study/data/?degree_id=1 HTTP/1.1" 200 115 "https://www.luffycity.com/" "Mozilla/5.0 (Windows NT 10.0; Win64; x64) AppleWebKit/537.36 (KHTML, like Gecko) Chrome/87.0.4280.141 Safari/537.36" 
221.11.20.108, 39.97.49.232 - - [19/Mar/2021:16:06:41 +0800] "GET /api/v1/result/ HTTP/1.1" 200 231 "-" "Mozilla/5.0 (Windows NT 10.0; Win64; x64) AppleWebKit/537.36 (KHTML, like Gecko) Chrome/89.0.4389.90 Safari/537.36 Edg/89.0.774.54" 
221.11.20.108, 39.97.49.232 - - [19/Mar/2021:16:06:41 +0800] "GET /api/v1/course/actual/?limit=3 HTTP/1.1" 200 2342 "-" "Mozilla/5.0 (Windows NT 10.0; Win64; x64) AppleWebKit/537.36 (KHTML, like Gecko) Chrome/89.0.4389.90 Safari/537.36 Edg/89.0.774.54" 
221.11.20.108, 39.97.49.232 - - [19/Mar/2021:16:06:41 +0800] "GET /api/v1/course/home-free/?limit=3 HTTP/1.1" 200 865 "-" "Mozilla/5.0 (Windows NT 10.0; Win64; x64) AppleWebKit/537.36 (KHTML, like Gecko) Chrome/89.0.4389.90 Safari/537.36 Edg/89.0.774.54" 
221.11.20.108 - - [19/Mar/2021:16:06:42 +0800] "GET /api/v1/result/enroll/?resultType=enroll&limit=2 HTTP/1.1" 200 1881 "https://www.luffycity.com/" "Mozilla/5.0 (Windows NT 10.0; Win64; x64) AppleWebKit/537.36 (KHTML, like Gecko) Chrome/89.0.4389.90 Safari/537.36 Edg/89.0.774.54" 
183.199.200.215, 39.97.49.232 - - [19/Mar/2021:16:06:44 +0800] "GET /api/v1/result/ HTTP/1.1" 200 231 "-" "Mozilla/5.0 (Windows NT 10.0; Win64; x64) AppleWebKit/537.36 (KHTML, like Gecko) Chrome/89.0.4389.90 Safari/537.36 Edg/89.0.774.54" 
183.199.200.215 - - [19/Mar/2021:16:06:45 +0800] "GET /api/v1/study/module/degree/70381/?courseType=degree&id=70381 HTTP/1.1" 200 8333 "https://www.luffycity.com/" "Mozilla/5.0 (Windows NT 10.0; Win64; x64) AppleWebKit/537.36 (KHTML, like Gecko) Chrome/89.0.4389.90 Safari/537.36 Edg/89.0.774.54" 
221.11.20.108 - - [19/Mar/2021:16:06:46 +0800] "GET /api/v1/study/data/ HTTP/1.1" 200 111 "https://www.luffycity.com/" "Mozilla/5.0 (Windows NT 10.0; Win64; x64) AppleWebKit/537.36 (KHTML, like Gecko) Chrome/89.0.4389.90 Safari/537.36 Edg/89.0.774.54" 
221.11.20.108 - - [19/Mar/2021:16:06:46 +0800] "GET /api/v1/study/degrees/23/mentor/?degree_id=23 HTTP/1.1" 200 198 "https://www.luffycity.com/" "Mozilla/5.0 (Windows NT 10.0; Win64; x64) AppleWebKit/537.36 (KHTML, like Gecko) Chrome/89.0.4389.90 Safari/537.36 Edg/89.0.774.54" 
221.11.20.108 - - [19/Mar/2021:16:06:46 +0800] "GET /api/v1/study/degrees/23/?degree_id=23 HTTP/1.1" 200 1629 "https://www.luffycity.com/" "Mozilla/5.0 (Windows NT 10.0; Win64; x64) AppleWebKit/537.36 (KHTML, like Gecko) Chrome/89.0.4389.90 Safari/537.36 Edg/89.0.774.54" 
59.67.0.196 - - [19/Mar/2021:16:06:48 +0800] "GET /api/v1/study/degrees/0/mentor/?degree_id=0 HTTP/1.1" 200 137 "https://www.luffycity.com/" "Mozilla/5.0 (Windows NT 10.0; Win64; x64) AppleWebKit/537.36 (KHTML, like Gecko) Chrome/87.0.4280.141 Safari/537.36" 
59.67.0.196 - - [19/Mar/2021:16:06:48 +0800] "GET /api/v1/study/degrees/ HTTP/1.1" 200 146 "https://www.luffycity.com/" "Mozilla/5.0 (Windows NT 10.0; Win64; x64) AppleWebKit/537.36 (KHTML, like Gecko) Chrome/87.0.4280.141 Safari/537.36" 
59.67.0.196 - - [19/Mar/2021:16:06:48 +0800] "GET /api/v1/study/data/?degree_id=1 HTTP/1.1" 200 115 "https://www.luffycity.com/" "Mozilla/5.0 (Windows NT 10.0; Win64; x64) AppleWebKit/537.36 (KHTML, like Gecko) Chrome/87.0.4280.141 Safari/537.36" 
211.138.116.205 - - [19/Mar/2021:16:06:49 +0800] "GET /api/v1/auth/token/ HTTP/1.1" 200 29 "https://m.luffycity.com/404" "Mozilla/5.0 (Linux; Android 10; HMA-AL00; HMSCore 5.2.0.303; GMSCore 20.15.16) AppleWebKit/537.36 (KHTML, like Gecko) Chrome/83.0.4103.106 HuaweiBrowser/11.0.8.301 Mobile Safari/537.36" 
211.138.116.205 - - [19/Mar/2021:16:06:50 +0800] "GET /api/v1/auth/token/ HTTP/1.1" 200 29 "https://m.luffycity.com/" "Mozilla/5.0 (Linux; Android 10; HMA-AL00; HMSCore 5.2.0.303; GMSCore 20.15.16) AppleWebKit/537.36 (KHTML, like Gecko) Chrome/83.0.4103.106 HuaweiBrowser/11.0.8.301 Mobile Safari/537.36" 
211.138.116.205 - - [19/Mar/2021:16:06:51 +0800] "GET /api/v1/auth/token/ HTTP/1.1" 200 29 "https://m.luffycity.com/study/degree" "Mozilla/5.0 (Linux; Android 10; HMA-AL00; HMSCore 5.2.0.303; GMSCore 20.15.16) AppleWebKit/537.36 (KHTML, like Gecko) Chrome/83.0.4103.106 HuaweiBrowser/11.0.8.301 Mobile Safari/537.36" 
211.138.116.205 - - [19/Mar/2021:16:06:53 +0800] "GET /api/v1/auth/token/ HTTP/1.1" 200 387 "https://m.luffycity.com/signin?redirect=%2Fstudy%2Fdegree" "Mozilla/5.0 (Linux; Android 10; HMA-AL00; HMSCore 5.2.0.303; GMSCore 20.15.16) AppleWebKit/537.36 (KHTML, like Gecko) Chrome/83.0.4103.106 HuaweiBrowser/11.0.8.301 Mobile Safari/537.36" 
211.138.116.205 - - [19/Mar/2021:16:06:54 +0800] "GET /api/v1/study/degrees/23/?degree_id=23 HTTP/1.1" 200 1653 "https://m.luffycity.com/study/degree" "Mozilla/5.0 (Linux; Android 10; HMA-AL00; HMSCore 5.2.0.303; GMSCore 20.15.16) AppleWebKit/537.36 (KHTML, like Gecko) Chrome/83.0.4103.106 HuaweiBrowser/11.0.8.301 Mobile Safari/537.36" 
180.164.59.125 - - [19/Mar/2021:16:06:56 +0800] "GET /api/v1/comment/?section_id=22345&limit=10&offset=0 HTTP/1.1" 200 1358 "https://www.luffycity.com/" "Mozilla/5.0 (Windows NT 10.0; Win64; x64) AppleWebKit/537.36 (KHTML, like Gecko) Chrome/87.0.4280.88 Safari/537.36" 
223.104.44.0, 39.97.49.232 - - [19/Mar/2021:16:06:56 +0800] "GET /api/v1/auth/token/ HTTP/1.1" 200 29 "https://v3.bootcss.com/" "Mozilla/5.0 (Windows NT 10.0; Win64; x64) AppleWebKit/537.36 (KHTML, like Gecko) Chrome/89.0.4389.90 Safari/537.36 Edg/89.0.774.54" 
180.164.59.125 - - [19/Mar/2021:16:06:56 +0800] "GET /api/v1/play/22345/?play_id=22345 HTTP/1.1" 200 441 "https://www.luffycity.com/" "Mozilla/5.0 (Windows NT 10.0; Win64; x64) AppleWebKit/537.36 (KHTML, like Gecko) Chrome/87.0.4280.88 Safari/537.36" 
120.237.91.166 - - [19/Mar/2021:16:06:57 +0800] "OPTIONS /api/v1/comment/?section_id=14540&limit=10&offset=0 HTTP/1.1" 200 0 "https://www.luffycity.com/play/14540" "Mozilla/5.0 (Windows NT 10.0; WOW64) AppleWebKit/537.36 (KHTML, like Gecko) Chrome/72.0.3626.81 Safari/537.36 SE 2.X MetaSr 1.0" 
120.237.91.166 - - [19/Mar/2021:16:06:57 +0800] "OPTIONS /api/v1/play/14540/?play_id=14540 HTTP/1.1" 200 0 "https://www.luffycity.com/play/14540" "Mozilla/5.0 (Windows NT 10.0; WOW64) AppleWebKit/537.36 (KHTML, like Gecko) Chrome/72.0.3626.81 Safari/537.36 SE 2.X MetaSr 1.0" 
120.237.91.166 - - [19/Mar/2021:16:06:57 +0800] "GET /api/v1/play/sections/?section_id=14540 HTTP/1.1" 200 1998 "https://www.luffycity.com/play/14540" "Mozilla/5.0 (Windows NT 10.0; WOW64) AppleWebKit/537.36 (KHTML, like Gecko) Chrome/72.0.3626.81 Safari/537.36 SE 2.X MetaSr 1.0" 
120.237.91.166 - - [19/Mar/2021:16:06:57 +0800] "GET /api/v1/play/14540/?play_id=14540 HTTP/1.1" 200 379 "https://www.luffycity.com/play/14540" "Mozilla/5.0 (Windows NT 10.0; WOW64) AppleWebKit/537.36 (KHTML, like Gecko) Chrome/72.0.3626.81 Safari/537.36 SE 2.X MetaSr 1.0" 
111.207.202.8, 39.97.49.232 - - [19/Mar/2021:16:06:57 +0800] "GET /api/v1/auth/token/ HTTP/1.1" 200 393 "-" "Mozilla/5.0 (Windows NT 6.1; WOW64) AppleWebKit/537.36 (KHTML, like Gecko) Chrome/89.0.4389.90 Safari/537.36" 
111.207.202.8 - - [19/Mar/2021:16:06:58 +0800] "OPTIONS /api/v1/study/degrees/0/mentor/?degree_id=0 HTTP/1.1" 200 0 "https://www.luffycity.com/" "Mozilla/5.0 (Windows NT 6.1; WOW64) AppleWebKit/537.36 (KHTML, like Gecko) Chrome/89.0.4389.90 Safari/537.36" 
223.104.44.0 - - [19/Mar/2021:16:06:58 +0800] "OPTIONS /api/v1/activity/survey/?course_id=256 HTTP/1.1" 200 0 "https://www.luffycity.com/" "Mozilla/5.0 (Windows NT 10.0; Win64; x64) AppleWebKit/537.36 (KHTML, like Gecko) Chrome/89.0.4389.90 Safari/537.36 Edg/89.0.774.54" 
111.207.202.8 - - [19/Mar/2021:16:06:58 +0800] "GET /api/v1/study/degrees/0/mentor/?degree_id=0 HTTP/1.1" 200 137 "https://www.luffycity.com/" "Mozilla/5.0 (Windows NT 6.1; WOW64) AppleWebKit/537.36 (KHTML, like Gecko) Chrome/89.0.4389.90 Safari/537.36" 
111.207.202.8 - - [19/Mar/2021:16:06:58 +0800] "GET /api/v1/study/degrees/ HTTP/1.1" 200 262 "https://www.luffycity.com/" "Mozilla/5.0 (Windows NT 6.1; WOW64) AppleWebKit/537.36 (KHTML, like Gecko) Chrome/89.0.4389.90 Safari/537.36" 
111.207.202.8 - - [19/Mar/2021:16:06:58 +0800] "OPTIONS /api/v1/study/data/?degree_id=1 HTTP/1.1" 200 0 "https://www.luffycity.com/" "Mozilla/5.0 (Windows NT 6.1; WOW64) AppleWebKit/537.36 (KHTML, like Gecko) Chrome/89.0.4389.90 Safari/537.36" 
111.207.202.8 - - [19/Mar/2021:16:06:58 +0800] "GET /api/v1/study/degrees/1/mentor/?degree_id=1 HTTP/1.1" 200 229 "https://www.luffycity.com/" "Mozilla/5.0 (Windows NT 6.1; WOW64) AppleWebKit/537.36 (KHTML, like Gecko) Chrome/89.0.4389.90 Safari/537.36" 
111.207.202.8 - - [19/Mar/2021:16:06:58 +0800] "GET /api/v1/study/degrees/1/?degree_id=1 HTTP/1.1" 200 1944 "https://www.luffycity.com/" "Mozilla/5.0 (Windows NT 6.1; WOW64) AppleWebKit/537.36 (KHTML, like Gecko) Chrome/89.0.4389.90 Safari/537.36" 
223.212.211.175 - - [19/Mar/2021:16:06:59 +0800] "OPTIONS /api/v1/comment/?section_id=30911&limit=10&offset=0 HTTP/1.1" 200 0 "https://www.luffycity.com/" "Mozilla/5.0 (Windows NT 10.0; Win64; x64) AppleWebKit/537.36 (KHTML, like Gecko) Chrome/89.0.4389.90 Safari/537.36 Edg/89.0.774.54" 
223.212.211.175 - - [19/Mar/2021:16:06:59 +0800] "OPTIONS /api/v1/survey/section/30911/?sectionId=30911 HTTP/1.1" 200 0 "https://www.luffycity.com/" "Mozilla/5.0 (Windows NT 10.0; Win64; x64) AppleWebKit/537.36 (KHTML, like Gecko) Chrome/89.0.4389.90 Safari/537.36 Edg/89.0.774.54" 
223.212.211.175 - - [19/Mar/2021:16:06:59 +0800] "GET /api/v1/survey/section/30911/?sectionId=30911 HTTP/1.1" 200 10 "https://www.luffycity.com/" "Mozilla/5.0 (Windows NT 10.0; Win64; x64) AppleWebKit/537.36 (KHTML, like Gecko) Chrome/89.0.4389.90 Safari/537.36 Edg/89.0.774.54" 
223.212.211.175 - - [19/Mar/2021:16:06:59 +0800] "GET /api/v1/play/30911/?play_id=30911 HTTP/1.1" 200 429 "https://www.luffycity.com/" "Mozilla/5.0 (Windows NT 10.0; Win64; x64) AppleWebKit/537.36 (KHTML, like Gecko) Chrome/89.0.4389.90 Safari/537.36 Edg/89.0.774.54" 
211.138.116.205 - - [19/Mar/2021:16:07:00 +0800] "GET /api/v1/play/26691/?play_id=26691 HTTP/1.1" 200 409 "https://m.luffycity.com/play/26691" "Mozilla/5.0 (Linux; Android 10; HMA-AL00; HMSCore 5.2.0.303; GMSCore 20.15.16) AppleWebKit/537.36 (KHTML, like Gecko) Chrome/83.0.4103.106 HuaweiBrowser/11.0.8.301 Mobile Safari/537.36" 
183.199.200.215 - - [19/Mar/2021:16:07:03 +0800] "OPTIONS /api/v1/play/sections/?section_id=6495 HTTP/1.1" 200 0 "https://www.luffycity.com/" "Mozilla/5.0 (Windows NT 10.0; Win64; x64) AppleWebKit/537.36 (KHTML, like Gecko) Chrome/89.0.4389.90 Safari/537.36 Edg/89.0.774.54" 
183.199.200.215 - - [19/Mar/2021:16:07:03 +0800] "OPTIONS /api/v1/play/6495/?play_id=6495 HTTP/1.1" 200 0 "https://www.luffycity.com/" "Mozilla/5.0 (Windows NT 10.0; Win64; x64) AppleWebKit/537.36 (KHTML, like Gecko) Chrome/89.0.4389.90 Safari/537.36 Edg/89.0.774.54" 
183.199.200.215 - - [19/Mar/2021:16:07:03 +0800] "GET /api/v1/play/6495/?play_id=6495 HTTP/1.1" 200 448 "https://www.luffycity.com/" "Mozilla/5.0 (Windows NT 10.0; Win64; x64) AppleWebKit/537.36 (KHTML, like Gecko) Chrome/89.0.4389.90 Safari/537.36 Edg/89.0.774.54" 
183.199.200.215 - - [19/Mar/2021:16:07:03 +0800] "GET /api/v1/play/sections/?section_id=6495 HTTP/1.1" 200 8333 "https://www.luffycity.com/" "Mozilla/5.0 (Windows NT 10.0; Win64; x64) AppleWebKit/537.36 (KHTML, like Gecko) Chrome/89.0.4389.90 Safari/537.36 Edg/89.0.774.54" 
112.41.91.197 - - [19/Mar/2021:16:07:05 +0800] "OPTIONS /api/v1/play/20724/?play_id=20724 HTTP/1.1" 200 0 "https://www.luffycity.com/play/20724" "Mozilla/5.0 (Windows NT 6.1; Win64; x64; rv:86.0) Gecko/20100101 Firefox/86.0" 
112.41.91.197 - - [19/Mar/2021:16:07:05 +0800] "OPTIONS /api/v1/play/sections/?section_id=20724 HTTP/1.1" 200 0 "https://www.luffycity.com/play/20724" "Mozilla/5.0 (Windows NT 6.1; Win64; x64; rv:86.0) Gecko/20100101 Firefox/86.0" 
112.41.91.197 - - [19/Mar/2021:16:07:05 +0800] "GET /api/v1/comment/?section_id=20724&limit=10&offset=0 HTTP/1.1" 200 861 "https://www.luffycity.com/play/20724" "Mozilla/5.0 (Windows NT 6.1; Win64; x64; rv:86.0) Gecko/20100101 Firefox/86.0" 
112.41.91.197 - - [19/Mar/2021:16:07:05 +0800] "GET /api/v1/play/sections/?section_id=20724 HTTP/1.1" 200 3742 "https://www.luffycity.com/play/20724" "Mozilla/5.0 (Windows NT 6.1; Win64; x64; rv:86.0) Gecko/20100101 Firefox/86.0" 
111.207.202.8 - - [19/Mar/2021:16:07:05 +0800] "OPTIONS /api/v1/study/data/ HTTP/1.1" 200 0 "https://www.luffycity.com/" "Mozilla/5.0 (Windows NT 6.1; WOW64) AppleWebKit/537.36 (KHTML, like Gecko) Chrome/89.0.4389.90 Safari/537.36" 
111.207.202.8 - - [19/Mar/2021:16:07:05 +0800] "GET /api/v1/study/degrees/0/mentor/?degree_id=0 HTTP/1.1" 200 137 "https://www.luffycity.com/" "Mozilla/5.0 (Windows NT 6.1; WOW64) AppleWebKit/537.36 (KHTML, like Gecko) Chrome/89.0.4389.90 Safari/537.36" 
111.207.202.8 - - [19/Mar/2021:16:07:05 +0800] "GET /api/v1/study/degrees/ HTTP/1.1" 200 262 "https://www.luffycity.com/" "Mozilla/5.0 (Windows NT 6.1; WOW64) AppleWebKit/537.36 (KHTML, like Gecko) Chrome/89.0.4389.90 Safari/537.36" 
111.207.202.8 - - [19/Mar/2021:16:07:05 +0800] "OPTIONS /api/v1/study/data/?degree_id=1 HTTP/1.1" 200 0 "https://www.luffycity.com/" "Mozilla/5.0 (Windows NT 6.1; WOW64) AppleWebKit/537.36 (KHTML, like Gecko) Chrome/89.0.4389.90 Safari/537.36" 
111.207.202.8 - - [19/Mar/2021:16:07:05 +0800] "GET /api/v1/study/degrees/1/mentor/?degree_id=1 HTTP/1.1" 200 229 "https://www.luffycity.com/" "Mozilla/5.0 (Windows NT 6.1; WOW64) AppleWebKit/537.36 (KHTML, like Gecko) Chrome/89.0.4389.90 Safari/537.36" 
111.207.202.8 - - [19/Mar/2021:16:07:06 +0800] "GET /api/v1/study/degrees/1/?degree_id=1 HTTP/1.1" 200 1944 "https://www.luffycity.com/" "Mozilla/5.0 (Windows NT 6.1; WOW64) AppleWebKit/537.36 (KHTML, like Gecko) Chrome/89.0.4389.90 Safari/537.36" 
223.104.63.14 - - [19/Mar/2021:16:07:06 +0800] "OPTIONS /api/v1/play/sections/?section_id=20206 HTTP/1.1" 200 0 "https://www.luffycity.com/" "Mozilla/5.0 (Windows NT 10.0; WOW64) AppleWebKit/537.36 (KHTML, like Gecko) Chrome/87.0.4280.88 Safari/537.36" 
223.104.63.14 - - [19/Mar/2021:16:07:06 +0800] "OPTIONS /api/v1/play/20206/?play_id=20206 HTTP/1.1" 200 0 "https://www.luffycity.com/" "Mozilla/5.0 (Windows NT 10.0; WOW64) AppleWebKit/537.36 (KHTML, like Gecko) Chrome/87.0.4280.88 Safari/537.36" 
223.104.63.14 - - [19/Mar/2021:16:07:06 +0800] "GET /api/v1/play/sections/?section_id=20206 HTTP/1.1" 200 18059 "https://www.luffycity.com/" "Mozilla/5.0 (Windows NT 10.0; WOW64) AppleWebKit/537.36 (KHTML, like Gecko) Chrome/87.0.4280.88 Safari/537.36" 
223.104.63.14 - - [19/Mar/2021:16:07:07 +0800] "GET /api/v1/play/20206/?play_id=20206 HTTP/1.1" 200 433 "https://www.luffycity.com/" "Mozilla/5.0 (Windows NT 10.0; WOW64) AppleWebKit/537.36 (KHTML, like Gecko) Chrome/87.0.4280.88 Safari/537.36" 
223.212.211.175 - - [19/Mar/2021:16:07:17 +0800] "OPTIONS /api/v1/study/data/ HTTP/1.1" 200 0 "https://www.luffycity.com/" "Mozilla/5.0 (Windows NT 10.0; Win64; x64) AppleWebKit/537.36 (KHTML, like Gecko) Chrome/89.0.4389.90 Safari/537.36 Edg/89.0.774.54" 
223.212.211.175 - - [19/Mar/2021:16:07:18 +0800] "GET /api/v1/study/degrees/0/mentor/?degree_id=0 HTTP/1.1" 200 137 "https://www.luffycity.com/" "Mozilla/5.0 (Windows NT 10.0; Win64; x64) AppleWebKit/537.36 (KHTML, like Gecko) Chrome/89.0.4389.90 Safari/537.36 Edg/89.0.774.54" 
124.93.196.25 - - [19/Mar/2021:16:07:18 +0800] "OPTIONS /api/v1/play/sections/?section_id=14512 HTTP/1.1" 200 0 "-" "Mozilla/5.0 (Windows NT 10.0; WOW64) AppleWebKit/537.36 (KHTML, like Gecko) Chrome/70.0.3538.25 Safari/537.36 Core/1.70.3861.400 QQBrowser/10.7.4313.400" 
124.93.196.25 - - [19/Mar/2021:16:07:18 +0800] "OPTIONS /api/v1/play/14512/?play_id=14512 HTTP/1.1" 200 0 "-" "Mozilla/5.0 (Windows NT 10.0; WOW64) AppleWebKit/537.36 (KHTML, like Gecko) Chrome/70.0.3538.25 Safari/537.36 Core/1.70.3861.400 QQBrowser/10.7.4313.400" 
124.93.196.25 - - [19/Mar/2021:16:07:18 +0800] "GET /api/v1/survey/section/14512/?sectionId=14512 HTTP/1.1" 200 10 "https://www.luffycity.com/play/14512" "Mozilla/5.0 (Windows NT 10.0; WOW64) AppleWebKit/537.36 (KHTML, like Gecko) Chrome/70.0.3538.25 Safari/537.36 Core/1.70.3861.400 QQBrowser/10.7.4313.400" 
223.212.211.175 - - [19/Mar/2021:16:07:18 +0800] "GET /api/v1/study/degrees/ HTTP/1.1" 200 146 "https://www.luffycity.com/" "Mozilla/5.0 (Windows NT 10.0; Win64; x64) AppleWebKit/537.36 (KHTML, like Gecko) Chrome/89.0.4389.90 Safari/537.36 Edg/89.0.774.54" 
124.93.196.25 - - [19/Mar/2021:16:07:18 +0800] "GET /api/v1/play/sections/?section_id=14512 HTTP/1.1" 200 1625 "https://www.luffycity.com/play/14512" "Mozilla/5.0 (Windows NT 10.0; WOW64) AppleWebKit/537.36 (KHTML, like Gecko) Chrome/70.0.3538.25 Safari/537.36 Core/1.70.3861.400 QQBrowser/10.7.4313.400" 
112.0.211.141 - - [19/Mar/2021:16:07:18 +0800] "OPTIONS /api/v1/play/sections/?section_id=32138 HTTP/1.1" 200 0 "-" "Mozilla/5.0 (Windows NT 10.0; WOW64) AppleWebKit/537.36 (KHTML, like Gecko) Chrome/65.0.3325.181 Safari/537.36" 
112.0.211.141 - - [19/Mar/2021:16:07:18 +0800] "OPTIONS /api/v1/survey/section/32138/?sectionId=32138 HTTP/1.1" 200 0 "-" "Mozilla/5.0 (Windows NT 10.0; WOW64) AppleWebKit/537.36 (KHTML, like Gecko) Chrome/65.0.3325.181 Safari/537.36" 
112.0.211.141 - - [19/Mar/2021:16:07:18 +0800] "GET /api/v1/survey/section/32138/?sectionId=32138 HTTP/1.1" 200 10 "https://www.luffycity.com/play/32138" "Mozilla/5.0 (Windows NT 10.0; WOW64) AppleWebKit/537.36 (KHTML, like Gecko) Chrome/65.0.3325.181 Safari/537.36" 
112.0.211.141 - - [19/Mar/2021:16:07:18 +0800] "GET /api/v1/play/sections/?section_id=32138 HTTP/1.1" 200 1984 "https://www.luffycity.com/play/32138" "Mozilla/5.0 (Windows NT 10.0; WOW64) AppleWebKit/537.36 (KHTML, like Gecko) Chrome/65.0.3325.181 Safari/537.36" 
223.212.211.175 - - [19/Mar/2021:16:07:18 +0800] "GET /api/v1/study/data/?degree_id=1 HTTP/1.1" 200 114 "https://www.luffycity.com/" "Mozilla/5.0 (Windows NT 10.0; Win64; x64) AppleWebKit/537.36 (KHTML, like Gecko) Chrome/89.0.4389.90 Safari/537.36 Edg/89.0.774.54" 
111.207.202.8, 39.97.49.232 - - [19/Mar/2021:16:07:21 +0800] "GET /api/v1/result/ HTTP/1.1" 200 231 "-" "Mozilla/5.0 (Windows NT 6.1; WOW64) AppleWebKit/537.36 (KHTML, like Gecko) Chrome/89.0.4389.90 Safari/537.36" 
111.207.202.8, 39.97.49.232 - - [19/Mar/2021:16:07:21 +0800] "GET /api/v1/index/banner/ HTTP/1.1" 200 382 "-" "Mozilla/5.0 (Windows NT 6.1; WOW64) AppleWebKit/537.36 (KHTML, like Gecko) Chrome/89.0.4389.90 Safari/537.36" 
111.207.202.8, 39.97.49.232 - - [19/Mar/2021:16:07:21 +0800] "GET /api/v1/course/home-free/?limit=3 HTTP/1.1" 200 865 "-" "Mozilla/5.0 (Windows NT 6.1; WOW64) AppleWebKit/537.36 (KHTML, like Gecko) Chrome/89.0.4389.90 Safari/537.36" 
111.207.202.8 - - [19/Mar/2021:16:07:22 +0800] "GET /api/v1/result/enroll/?resultType=enroll&limit=2 HTTP/1.1" 200 1881 "https://www.luffycity.com/" "Mozilla/5.0 (Windows NT 6.1; WOW64) AppleWebKit/537.36 (KHTML, like Gecko) Chrome/89.0.4389.90 Safari/537.36" 
223.212.211.175 - - [19/Mar/2021:16:07:23 +0800] "OPTIONS /api/v1/study/module/degree/83735/?courseType=degree&id=83735 HTTP/1.1" 200 0 "https://www.luffycity.com/" "Mozilla/5.0 (Windows NT 10.0; Win64; x64) AppleWebKit/537.36 (KHTML, like Gecko) Chrome/89.0.4389.90 Safari/537.36 Edg/89.0.774.54" 
111.207.202.8 - - [19/Mar/2021:16:07:24 +0800] "OPTIONS /api/v1/study/data/ HTTP/1.1" 200 0 "https://www.luffycity.com/" "Mozilla/5.0 (Windows NT 6.1; WOW64) AppleWebKit/537.36 (KHTML, like Gecko) Chrome/89.0.4389.90 Safari/537.36" 
111.207.202.8 - - [19/Mar/2021:16:07:24 +0800] "GET /api/v1/study/degrees/0/mentor/?degree_id=0 HTTP/1.1" 200 137 "https://www.luffycity.com/" "Mozilla/5.0 (Windows NT 6.1; WOW64) AppleWebKit/537.36 (KHTML, like Gecko) Chrome/89.0.4389.90 Safari/537.36" 
111.207.202.8 - - [19/Mar/2021:16:07:24 +0800] "GET /api/v1/study/degrees/ HTTP/1.1" 200 262 "https://www.luffycity.com/" "Mozilla/5.0 (Windows NT 6.1; WOW64) AppleWebKit/537.36 (KHTML, like Gecko) Chrome/89.0.4389.90 Safari/537.36" 
111.207.202.8 - - [19/Mar/2021:16:07:24 +0800] "OPTIONS /api/v1/study/data/?degree_id=1 HTTP/1.1" 200 0 "https://www.luffycity.com/" "Mozilla/5.0 (Windows NT 6.1; WOW64) AppleWebKit/537.36 (KHTML, like Gecko) Chrome/89.0.4389.90 Safari/537.36" 
111.207.202.8 - - [19/Mar/2021:16:07:24 +0800] "GET /api/v1/study/degrees/1/mentor/?degree_id=1 HTTP/1.1" 200 229 "https://www.luffycity.com/" "Mozilla/5.0 (Windows NT 6.1; WOW64) AppleWebKit/537.36 (KHTML, like Gecko) Chrome/89.0.4389.90 Safari/537.36" 
111.207.202.8 - - [19/Mar/2021:16:07:25 +0800] "GET /api/v1/study/degrees/1/?degree_id=1 HTTP/1.1" 200 1944 "https://www.luffycity.com/" "Mozilla/5.0 (Windows NT 6.1; WOW64) AppleWebKit/537.36 (KHTML, like Gecko) Chrome/89.0.4389.90 Safari/537.36" 
223.212.211.175 - - [19/Mar/2021:16:07:28 +0800] "GET /api/v1/study/degrees/0/mentor/?degree_id=0 HTTP/1.1" 200 137 "https://www.luffycity.com/" "Mozilla/5.0 (Windows NT 10.0; Win64; x64) AppleWebKit/537.36 (KHTML, like Gecko) Chrome/89.0.4389.90 Safari/537.36 Edg/89.0.774.54" 
223.212.211.175 - - [19/Mar/2021:16:07:28 +0800] "GET /api/v1/study/degrees/ HTTP/1.1" 200 146 "https://www.luffycity.com/" "Mozilla/5.0 (Windows NT 10.0; Win64; x64) AppleWebKit/537.36 (KHTML, like Gecko) Chrome/89.0.4389.90 Safari/537.36 Edg/89.0.774.54" 
223.212.211.175 - - [19/Mar/2021:16:07:29 +0800] "GET /api/v1/study/data/?degree_id=1 HTTP/1.1" 200 114 "https://www.luffycity.com/" "Mozilla/5.0 (Windows NT 10.0; Win64; x64) AppleWebKit/537.36 (KHTML, like Gecko) Chrome/89.0.4389.90 Safari/537.36 Edg/89.0.774.54" 
223.212.211.175 - - [19/Mar/2021:16:07:30 +0800] "OPTIONS /api/v1/study/module/280/homework/?moduleId=280 HTTP/1.1" 200 0 "https://www.luffycity.com/" "Mozilla/5.0 (Windows NT 10.0; Win64; x64) AppleWebKit/537.36 (KHTML, like Gecko) Chrome/89.0.4389.90 Safari/537.36 Edg/89.0.774.54" 
223.212.211.175 - - [19/Mar/2021:16:07:31 +0800] "GET /api/v1/study/module/280/homework/?moduleId=280 HTTP/1.1" 200 514 "https://www.luffycity.com/" "Mozilla/5.0 (Windows NT 10.0; Win64; x64) AppleWebKit/537.36 (KHTML, like Gecko) Chrome/89.0.4389.90 Safari/537.36 Edg/89.0.774.54" 
223.212.211.175 - - [19/Mar/2021:16:07:31 +0800] "OPTIONS /api/v1/survey/homework/?surveyType=homework HTTP/1.1" 200 0 "https://www.luffycity.com/" "Mozilla/5.0 (Windows NT 10.0; Win64; x64) AppleWebKit/537.36 (KHTML, like Gecko) Chrome/89.0.4389.90 Safari/537.36 Edg/89.0.774.54" 
120.244.224.203 - - [19/Mar/2021:16:07:31 +0800] "OPTIONS /api/v1/survey/section/30819/?sectionId=30819 HTTP/1.1" 200 0 "https://www.luffycity.com/play/30819" "Mozilla/5.0 (Windows NT 10.0; Win64; x64) AppleWebKit/537.36 (KHTML, like Gecko) Chrome/70.0.3538.102 Safari/537.36 Edge/18.18362" 
111.207.202.8, 39.97.49.232 - - [19/Mar/2021:16:07:31 +0800] "GET /api/v1/auth/token/ HTTP/1.1" 200 29 "-" "Mozilla/5.0 (Windows NT 6.1; Win64; x64; rv:86.0) Gecko/20100101 Firefox/86.0" 
111.207.202.8, 39.97.49.232 - - [19/Mar/2021:16:07:31 +0800] "GET /api/v1/result/ HTTP/1.1" 200 231 "-" "Mozilla/5.0 (Windows NT 6.1; Win64; x64; rv:86.0) Gecko/20100101 Firefox/86.0" 
111.207.202.8 - - [19/Mar/2021:16:07:32 +0800] "OPTIONS /api/v1/study/degrees/0/mentor/?degree_id=0 HTTP/1.1" 200 0 "https://www.luffycity.com/study/degree" "Mozilla/5.0 (Windows NT 6.1; Win64; x64; rv:86.0) Gecko/20100101 Firefox/86.0" 
111.207.202.8 - - [19/Mar/2021:16:07:32 +0800] "OPTIONS /api/v1/study/degrees/ HTTP/1.1" 200 0 "https://www.luffycity.com/study/degree" "Mozilla/5.0 (Windows NT 6.1; Win64; x64; rv:86.0) Gecko/20100101 Firefox/86.0" 
111.207.202.8 - - [19/Mar/2021:16:07:32 +0800] "GET /api/v1/study/degrees/0/mentor/?degree_id=0 HTTP/1.1" 200 64 "https://www.luffycity.com/study/degree" "Mozilla/5.0 (Windows NT 6.1; Win64; x64; rv:86.0) Gecko/20100101 Firefox/86.0" 
111.207.202.8 - - [19/Mar/2021:16:07:32 +0800] "GET /api/v1/study/degrees/ HTTP/1.1" 200 64 "https://www.luffycity.com/study/degree" "Mozilla/5.0 (Windows NT 6.1; Win64; x64; rv:86.0) Gecko/20100101 Firefox/86.0" 
111.207.202.8 - - [19/Mar/2021:16:07:38 +0800] "OPTIONS /api/v1/study/data/ HTTP/1.1" 200 0 "https://www.luffycity.com/study/degree" "Mozilla/5.0 (Windows NT 6.1; Win64; x64; rv:86.0) Gecko/20100101 Firefox/86.0" 
111.207.202.8 - - [19/Mar/2021:16:07:38 +0800] "OPTIONS /api/v1/auth/wechat/ HTTP/1.1" 200 0 "https://www.luffycity.com/study/degree" "Mozilla/5.0 (Windows NT 6.1; Win64; x64; rv:86.0) Gecko/20100101 Firefox/86.0" 
111.207.202.8 - - [19/Mar/2021:16:07:38 +0800] "GET /api/v1/study/degrees/0/mentor/?degree_id=0 HTTP/1.1" 200 64 "https://www.luffycity.com/study/degree" "Mozilla/5.0 (Windows NT 6.1; Win64; x64; rv:86.0) Gecko/20100101 Firefox/86.0" 
111.207.202.8 - - [19/Mar/2021:16:07:38 +0800] "GET /api/v1/auth/wechat/ HTTP/1.1" 200 232 "https://www.luffycity.com/study/degree" "Mozilla/5.0 (Windows NT 6.1; Win64; x64; rv:86.0) Gecko/20100101 Firefox/86.0" 
223.223.197.81, 39.97.49.232 - - [19/Mar/2021:16:07:41 +0800] "GET /api/v1/result/ HTTP/1.1" 200 231 "-" "Mozilla/5.0 (Windows NT 10.0; Win64; x64) AppleWebKit/537.36 (KHTML, like Gecko) Chrome/89.0.4389.90 Safari/537.36" 
223.223.197.81, 39.97.49.232 - - [19/Mar/2021:16:07:41 +0800] "GET /api/v1/index/banner/ HTTP/1.1" 200 382 "-" "Mozilla/5.0 (Windows NT 10.0; Win64; x64) AppleWebKit/537.36 (KHTML, like Gecko) Chrome/89.0.4389.90 Safari/537.36" 
223.223.197.81, 39.97.49.232 - - [19/Mar/2021:16:07:41 +0800] "GET /api/v1/course/degree/ HTTP/1.1" 200 949 "-" "Mozilla/5.0 (Windows NT 10.0; Win64; x64) AppleWebKit/537.36 (KHTML, like Gecko) Chrome/89.0.4389.90 Safari/537.36" 
223.223.197.81 - - [19/Mar/2021:16:07:42 +0800] "GET /api/v1/result/enroll/?resultType=enroll&limit=2 HTTP/1.1" 200 1881 "https://www.luffycity.com/" "Mozilla/5.0 (Windows NT 10.0; Win64; x64) AppleWebKit/537.36 (KHTML, like Gecko) Chrome/89.0.4389.90 Safari/537.36" 
223.223.197.81 - - [19/Mar/2021:16:07:43 +0800] "GET /api/v1/auth/wechat/ HTTP/1.1" 200 232 "https://www.luffycity.com/" "Mozilla/5.0 (Windows NT 10.0; Win64; x64) AppleWebKit/537.36 (KHTML, like Gecko) Chrome/89.0.4389.90 Safari/537.36" 
223.223.197.81 - - [19/Mar/2021:16:07:45 +0800] "POST /api/v1/auth/password/login/?loginWay=password HTTP/1.1" 200 274 "https://www.luffycity.com/" "Mozilla/5.0 (Windows NT 10.0; Win64; x64) AppleWebKit/537.36 (KHTML, like Gecko) Chrome/89.0.4389.90 Safari/537.36" 
223.223.197.81 - - [19/Mar/2021:16:07:45 +0800] "GET /api/v1/auth/token/ HTTP/1.1" 200 402 "https://www.luffycity.com/" "Mozilla/5.0 (Windows NT 10.0; Win64; x64) AppleWebKit/537.36 (KHTML, like Gecko) Chrome/89.0.4389.90 Safari/537.36" 
223.223.197.81 - - [19/Mar/2021:16:07:48 +0800] "OPTIONS /api/v1/study/data/ HTTP/1.1" 200 0 "https://www.luffycity.com/" "Mozilla/5.0 (Windows NT 10.0; Win64; x64) AppleWebKit/537.36 (KHTML, like Gecko) Chrome/89.0.4389.90 Safari/537.36" 
223.223.197.81 - - [19/Mar/2021:16:07:48 +0800] "GET /api/v1/study/degrees/ HTTP/1.1" 200 146 "https://www.luffycity.com/" "Mozilla/5.0 (Windows NT 10.0; Win64; x64) AppleWebKit/537.36 (KHTML, like Gecko) Chrome/89.0.4389.90 Safari/537.36" 
223.223.197.81 - - [19/Mar/2021:16:07:49 +0800] "OPTIONS /api/v1/study/data/?degree_id=1 HTTP/1.1" 200 0 "https://www.luffycity.com/" "Mozilla/5.0 (Windows NT 10.0; Win64; x64) AppleWebKit/537.36 (KHTML, like Gecko) Chrome/89.0.4389.90 Safari/537.36" 
223.223.197.81 - - [19/Mar/2021:16:07:49 +0800] "GET /api/v1/study/degrees/1/mentor/?degree_id=1 HTTP/1.1" 200 185 "https://www.luffycity.com/" "Mozilla/5.0 (Windows NT 10.0; Win64; x64) AppleWebKit/537.36 (KHTML, like Gecko) Chrome/89.0.4389.90 Safari/537.36" 
223.223.197.81 - - [19/Mar/2021:16:07:49 +0800] "GET /api/v1/study/data/ HTTP/1.1" 200 112 "https://www.luffycity.com/" "Mozilla/5.0 (Windows NT 10.0; Win64; x64) AppleWebKit/537.36 (KHTML, like Gecko) Chrome/89.0.4389.90 Safari/537.36" 
223.223.197.81 - - [19/Mar/2021:16:07:49 +0800] "GET /api/v1/study/degrees/1/?degree_id=1 HTTP/1.1" 200 1899 "https://www.luffycity.com/" "Mozilla/5.0 (Windows NT 10.0; Win64; x64) AppleWebKit/537.36 (KHTML, like Gecko) Chrome/89.0.4389.90 Safari/537.36" 
59.67.0.196 - - [19/Mar/2021:16:07:50 +0800] "OPTIONS /api/v1/store/ HTTP/1.1" 200 0 "https://www.luffycity.com/" "Mozilla/5.0 (Windows NT 10.0; Win64; x64) AppleWebKit/537.36 (KHTML, like Gecko) Chrome/87.0.4280.141 Safari/537.36" 
223.223.197.81 - - [19/Mar/2021:16:07:53 +0800] "OPTIONS /api/v1/comment/?section_id=2560&limit=10&offset=0 HTTP/1.1" 200 0 "https://www.luffycity.com/" "Mozilla/5.0 (Windows NT 10.0; Win64; x64) AppleWebKit/537.36 (KHTML, like Gecko) Chrome/89.0.4389.90 Safari/537.36" 
223.223.197.81 - - [19/Mar/2021:16:07:53 +0800] "OPTIONS /api/v1/survey/section/2560/?sectionId=2560 HTTP/1.1" 200 0 "https://www.luffycity.com/" "Mozilla/5.0 (Windows NT 10.0; Win64; x64) AppleWebKit/537.36 (KHTML, like Gecko) Chrome/89.0.4389.90 Safari/537.36" 
223.223.197.81 - - [19/Mar/2021:16:07:53 +0800] "GET /api/v1/survey/section/2560/?sectionId=2560 HTTP/1.1" 200 10 "https://www.luffycity.com/" "Mozilla/5.0 (Windows NT 10.0; Win64; x64) AppleWebKit/537.36 (KHTML, like Gecko) Chrome/89.0.4389.90 Safari/537.36" 
223.223.197.81 - - [19/Mar/2021:16:07:53 +0800] "GET /api/v1/play/2560/?play_id=2560 HTTP/1.1" 200 400 "https://www.luffycity.com/" "Mozilla/5.0 (Windows NT 10.0; Win64; x64) AppleWebKit/537.36 (KHTML, like Gecko) Chrome/89.0.4389.90 Safari/537.36" 
183.245.54.232 - - [19/Mar/2021:16:07:56 +0800] "GET /api/v1/auth/wechat/ HTTP/1.1" 200 232 "https://www.luffycity.com/free-course/131/detail" "Mozilla/5.0 (Windows NT 10.0; WOW64) AppleWebKit/537.36 (KHTML, like Gecko) Chrome/69.0.3497.100 Safari/537.36" 
59.67.0.196 - - [19/Mar/2021:16:07:59 +0800] "OPTIONS /api/v1/store/2/?id=2 HTTP/1.1" 200 0 "https://www.luffycity.com/" "Mozilla/5.0 (Windows NT 10.0; Win64; x64) AppleWebKit/537.36 (KHTML, like Gecko) Chrome/87.0.4280.141 Safari/537.36" 
112.0.211.141 - - [19/Mar/2021:16:08:00 +0800] "OPTIONS /api/v1/comment/?section_id=32139&limit=10&offset=0 HTTP/1.1" 200 0 "-" "Mozilla/5.0 (Windows NT 10.0; WOW64) AppleWebKit/537.36 (KHTML, like Gecko) Chrome/65.0.3325.181 Safari/537.36" 
112.0.211.141 - - [19/Mar/2021:16:08:00 +0800] "OPTIONS /api/v1/survey/section/32139/?sectionId=32139 HTTP/1.1" 200 0 "-" "Mozilla/5.0 (Windows NT 10.0; WOW64) AppleWebKit/537.36 (KHTML, like Gecko) Chrome/65.0.3325.181 Safari/537.36" 
112.0.211.141 - - [19/Mar/2021:16:08:00 +0800] "GET /api/v1/survey/section/32139/?sectionId=32139 HTTP/1.1" 200 10 "https://www.luffycity.com/play/32139" "Mozilla/5.0 (Windows NT 10.0; WOW64) AppleWebKit/537.36 (KHTML, like Gecko) Chrome/65.0.3325.181 Safari/537.36" 
112.0.211.141 - - [19/Mar/2021:16:08:00 +0800] "GET /api/v1/play/32139/?play_id=32139 HTTP/1.1" 200 443 "https://www.luffycity.com/play/32139" "Mozilla/5.0 (Windows NT 10.0; WOW64) AppleWebKit/537.36 (KHTML, like Gecko) Chrome/65.0.3325.181 Safari/537.36" 
39.181.134.234 - - [19/Mar/2021:16:08:03 +0800] "OPTIONS /api/v1/survey/section/30946/?sectionId=30946 HTTP/1.1" 200 0 "https://www.luffycity.com/" "Mozilla/5.0 (Windows NT 10.0; Win64; x64) AppleWebKit/537.36 (KHTML, like Gecko) Chrome/89.0.4389.82 Safari/537.36" 
39.181.134.234 - - [19/Mar/2021:16:08:03 +0800] "OPTIONS /api/v1/comment/?section_id=30946&limit=10&offset=0 HTTP/1.1" 200 0 "https://www.luffycity.com/" "Mozilla/5.0 (Windows NT 10.0; Win64; x64) AppleWebKit/537.36 (KHTML, like Gecko) Chrome/89.0.4389.82 Safari/537.36" 
39.181.134.234 - - [19/Mar/2021:16:08:03 +0800] "GET /api/v1/survey/section/30946/?sectionId=30946 HTTP/1.1" 200 10 "https://www.luffycity.com/" "Mozilla/5.0 (Windows NT 10.0; Win64; x64) AppleWebKit/537.36 (KHTML, like Gecko) Chrome/89.0.4389.82 Safari/537.36" 
39.181.134.234 - - [19/Mar/2021:16:08:03 +0800] "GET /api/v1/play/30946/?play_id=30946 HTTP/1.1" 200 408 "https://www.luffycity.com/" "Mozilla/5.0 (Windows NT 10.0; Win64; x64) AppleWebKit/537.36 (KHTML, like Gecko) Chrome/89.0.4389.82 Safari/537.36" 
120.237.91.166 - - [19/Mar/2021:16:08:03 +0800] "GET /api/v1/study/degrees/0/mentor/?degree_id=0 HTTP/1.1" 200 137 "https://www.luffycity.com/study/special" "Mozilla/5.0 (Windows NT 10.0; WOW64) AppleWebKit/537.36 (KHTML, like Gecko) Chrome/72.0.3626.81 Safari/537.36 SE 2.X MetaSr 1.0" 
120.237.91.166 - - [19/Mar/2021:16:08:07 +0800] "GET /api/v1/study/module/actual/45660/?courseType=actual&id=45660 HTTP/1.1" 200 2008 "https://www.luffycity.com/study/special" "Mozilla/5.0 (Windows NT 10.0; WOW64) AppleWebKit/537.36 (KHTML, like Gecko) Chrome/72.0.3626.81 Safari/537.36 SE 2.X MetaSr 1.0" 
120.237.91.166 - - [19/Mar/2021:16:08:09 +0800] "GET /api/v1/survey/section/14540/?sectionId=14540 HTTP/1.1" 200 32 "https://www.luffycity.com/play/14540" "Mozilla/5.0 (Windows NT 10.0; WOW64) AppleWebKit/537.36 (KHTML, like Gecko) Chrome/72.0.3626.81 Safari/537.36 SE 2.X MetaSr 1.0" 
120.237.91.166 - - [19/Mar/2021:16:08:09 +0800] "GET /api/v1/comment/?section_id=14540&limit=10&offset=0 HTTP/1.1" 200 1700 "https://www.luffycity.com/play/14540" "Mozilla/5.0 (Windows NT 10.0; WOW64) AppleWebKit/537.36 (KHTML, like Gecko) Chrome/72.0.3626.81 Safari/537.36 SE 2.X MetaSr 1.0" 
18.166.55.63, 39.97.49.232 - - [19/Mar/2021:16:08:11 +0800] "GET /api/v1/auth/token/ HTTP/1.1" 200 29 "https://v3.bootcss.com/" "Mozilla/5.0 (Windows NT 10.0; Win64; x64) AppleWebKit/537.36 (KHTML, like Gecko) Chrome/89.0.4389.90 Safari/537.36 Edg/89.0.774.54" 
223.223.197.81, 39.97.49.232 - - [19/Mar/2021:16:08:13 +0800] "GET /api/v1/auth/token/ HTTP/1.1" 200 402 "-" "Mozilla/5.0 (Windows NT 10.0; Win64; x64) AppleWebKit/537.36 (KHTML, like Gecko) Chrome/89.0.4389.90 Safari/537.36" 
223.223.197.81, 39.97.49.232 - - [19/Mar/2021:16:08:13 +0800] "GET /api/v1/course/home-free/?limit=3 HTTP/1.1" 200 865 "-" "Mozilla/5.0 (Windows NT 10.0; Win64; x64) AppleWebKit/537.36 (KHTML, like Gecko) Chrome/89.0.4389.90 Safari/537.36" 
59.67.0.196 - - [19/Mar/2021:16:08:14 +0800] "GET /api/v1/store/ HTTP/1.1" 200 678 "https://www.luffycity.com/" "Mozilla/5.0 (Windows NT 10.0; Win64; x64) AppleWebKit/537.36 (KHTML, like Gecko) Chrome/87.0.4280.141 Safari/537.36" 
223.223.197.81 - - [19/Mar/2021:16:08:15 +0800] "GET /api/v1/study/degrees/0/mentor/?degree_id=0 HTTP/1.1" 200 137 "https://www.luffycity.com/" "Mozilla/5.0 (Windows NT 10.0; Win64; x64) AppleWebKit/537.36 (KHTML, like Gecko) Chrome/89.0.4389.90 Safari/537.36" 
223.223.197.81 - - [19/Mar/2021:16:08:15 +0800] "GET /api/v1/study/degrees/ HTTP/1.1" 200 146 "https://www.luffycity.com/" "Mozilla/5.0 (Windows NT 10.0; Win64; x64) AppleWebKit/537.36 (KHTML, like Gecko) Chrome/89.0.4389.90 Safari/537.36" 
223.223.197.81 - - [19/Mar/2021:16:08:15 +0800] "GET /api/v1/study/data/?degree_id=1 HTTP/1.1" 200 118 "https://www.luffycity.com/" "Mozilla/5.0 (Windows NT 10.0; Win64; x64) AppleWebKit/537.36 (KHTML, like Gecko) Chrome/89.0.4389.90 Safari/537.36" 
218.2.200.244 - - [19/Mar/2021:16:08:17 +0800] "OPTIONS /api/v1/play/sections/?section_id=7172 HTTP/1.1" 200 0 "https://www.luffycity.com/" "Mozilla/5.0 (Windows NT 10.0; Win64; x64) AppleWebKit/537.36 (KHTML, like Gecko) Chrome/87.0.4280.88 Safari/537.36" 
218.2.200.244 - - [19/Mar/2021:16:08:17 +0800] "OPTIONS /api/v1/play/7172/?play_id=7172 HTTP/1.1" 200 0 "https://www.luffycity.com/" "Mozilla/5.0 (Windows NT 10.0; Win64; x64) AppleWebKit/537.36 (KHTML, like Gecko) Chrome/87.0.4280.88 Safari/537.36" 
59.67.0.196 - - [19/Mar/2021:16:08:17 +0800] "GET /api/v1/store/9/?id=9 HTTP/1.1" 200 415 "https://www.luffycity.com/" "Mozilla/5.0 (Windows NT 10.0; Win64; x64) AppleWebKit/537.36 (KHTML, like Gecko) Chrome/87.0.4280.141 Safari/537.36" 
218.2.200.244 - - [19/Mar/2021:16:08:17 +0800] "GET /api/v1/play/7172/?play_id=7172 HTTP/1.1" 200 432 "https://www.luffycity.com/" "Mozilla/5.0 (Windows NT 10.0; Win64; x64) AppleWebKit/537.36 (KHTML, like Gecko) Chrome/87.0.4280.88 Safari/537.36" 
218.2.200.244 - - [19/Mar/2021:16:08:17 +0800] "GET /api/v1/comment/?section_id=7172&limit=10&offset=0 HTTP/1.1" 200 1707 "https://www.luffycity.com/" "Mozilla/5.0 (Windows NT 10.0; Win64; x64) AppleWebKit/537.36 (KHTML, like Gecko) Chrome/87.0.4280.88 Safari/537.36" 
112.0.211.141 - - [19/Mar/2021:16:08:20 +0800] "GET /api/v1/survey/section/32138/?sectionId=32138 HTTP/1.1" 200 10 "https://www.luffycity.com/play/32138" "Mozilla/5.0 (Windows NT 10.0; WOW64) AppleWebKit/537.36 (KHTML, like Gecko) Chrome/65.0.3325.181 Safari/537.36" 
112.0.211.141 - - [19/Mar/2021:16:08:20 +0800] "GET /api/v1/comment/?section_id=32138&limit=10&offset=0 HTTP/1.1" 200 69 "https://www.luffycity.com/play/32138" "Mozilla/5.0 (Windows NT 10.0; WOW64) AppleWebKit/537.36 (KHTML, like Gecko) Chrome/65.0.3325.181 Safari/537.36" 
120.244.224.203 - - [19/Mar/2021:16:08:21 +0800] "OPTIONS /api/v1/play/sections/?section_id=30820 HTTP/1.1" 200 0 "https://www.luffycity.com/play/30820" "Mozilla/5.0 (Windows NT 10.0; Win64; x64) AppleWebKit/537.36 (KHTML, like Gecko) Chrome/70.0.3538.102 Safari/537.36 Edge/18.18362" 
120.244.224.203 - - [19/Mar/2021:16:08:21 +0800] "OPTIONS /api/v1/play/30820/?play_id=30820 HTTP/1.1" 200 0 "https://www.luffycity.com/play/30820" "Mozilla/5.0 (Windows NT 10.0; Win64; x64) AppleWebKit/537.36 (KHTML, like Gecko) Chrome/70.0.3538.102 Safari/537.36 Edge/18.18362" 
120.244.224.203 - - [19/Mar/2021:16:08:21 +0800] "GET /api/v1/play/sections/?section_id=30820 HTTP/1.1" 200 3317 "https://www.luffycity.com/play/30820" "Mozilla/5.0 (Windows NT 10.0; Win64; x64) AppleWebKit/537.36 (KHTML, like Gecko) Chrome/70.0.3538.102 Safari/537.36 Edge/18.18362" 
120.244.224.203 - - [19/Mar/2021:16:08:21 +0800] "GET /api/v1/comment/?section_id=30820&limit=10&offset=0 HTTP/1.1" 200 1643 "https://www.luffycity.com/play/30820" "Mozilla/5.0 (Windows NT 10.0; Win64; x64) AppleWebKit/537.36 (KHTML, like Gecko) Chrome/70.0.3538.102 Safari/537.36 Edge/18.18362" 
