171.113.234.213 - - [19/Mar/2021:16:12:42 +0800] "GET /api/v1/result/enroll/?resultType=enroll&limit=5&offset=270 HTTP/1.1" 200 1358 "https://www.luffycity.com/" "Mozilla/5.0 (Windows NT 6.1; Win64; x64) AppleWebKit/537.36 (KHTML, like Gecko) Chrome/88.0.4324.150 Safari/537.36" 
59.67.0.196 - - [19/Mar/2021:16:12:44 +0800] "GET /api/v1/store/ HTTP/1.1" 200 684 "https://www.luffycity.com/" "Mozilla/5.0 (Windows NT 10.0; Win64; x64) AppleWebKit/537.36 (KHTML, like Gecko) Chrome/87.0.4280.141 Safari/537.36" 
112.0.211.141 - - [19/Mar/2021:16:12:44 +0800] "OPTIONS /api/v1/survey/section/32140/?sectionId=32140 HTTP/1.1" 200 0 "-" "Mozilla/5.0 (Windows NT 10.0; WOW64) AppleWebKit/537.36 (KHTML, like Gecko) Chrome/65.0.3325.181 Safari/537.36" 
112.0.211.141 - - [19/Mar/2021:16:12:44 +0800] "OPTIONS /api/v1/play/32140/?play_id=32140 HTTP/1.1" 200 0 "-" "Mozilla/5.0 (Windows NT 10.0; WOW64) AppleWebKit/537.36 (KHTML, like Gecko) Chrome/65.0.3325.181 Safari/537.36" 
112.0.211.141 - - [19/Mar/2021:16:12:44 +0800] "GET /api/v1/survey/section/32140/?sectionId=32140 HTTP/1.1" 200 10 "https://www.luffycity.com/play/32140" "Mozilla/5.0 (Windows NT 10.0; WOW64) AppleWebKit/537.36 (KHTML, like Gecko) Chrome/65.0.3325.181 Safari/537.36" 
112.0.211.141 - - [19/Mar/2021:16:12:44 +0800] "GET /api/v1/comment/?section_id=32140&limit=10&offset=0 HTTP/1.1" 200 69 "https://www.luffycity.com/play/32140" "Mozilla/5.0 (Windows NT 10.0; WOW64) AppleWebKit/537.36 (KHTML, like Gecko) Chrome/65.0.3325.181 Safari/537.36" 
171.113.234.213 - - [19/Mar/2021:16:12:47 +0800] "OPTIONS /api/v1/result/homework/?resultType=homework&limit=10&offset=NaN&degree_id=1 HTTP/1.1" 200 0 "https://www.luffycity.com/" "Mozilla/5.0 (Windows NT 6.1; Win64; x64) AppleWebKit/537.36 (KHTML, like Gecko) Chrome/88.0.4324.150 Safari/537.36" 
171.113.234.213 - - [19/Mar/2021:16:12:47 +0800] "GET /api/v1/result/enroll/?resultType=enroll&limit=5&offset=270 HTTP/1.1" 200 1358 "https://www.luffycity.com/" "Mozilla/5.0 (Windows NT 6.1; Win64; x64) AppleWebKit/537.36 (KHTML, like Gecko) Chrome/88.0.4324.150 Safari/537.36" 
171.113.234.213 - - [19/Mar/2021:16:12:48 +0800] "GET /api/v1/result/homework/?resultType=homework&limit=10&offset=NaN&degree_id=1 HTTP/1.1" 200 4209 "https://www.luffycity.com/" "Mozilla/5.0 (Windows NT 6.1; Win64; x64) AppleWebKit/537.36 (KHTML, like Gecko) Chrome/88.0.4324.150 Safari/537.36" 
59.67.0.196 - - [19/Mar/2021:16:12:50 +0800] "GET /api/v1/store/7/?id=7 HTTP/1.1" 200 733 "https://www.luffycity.com/" "Mozilla/5.0 (Windows NT 10.0; Win64; x64) AppleWebKit/537.36 (KHTML, like Gecko) Chrome/87.0.4280.141 Safari/537.36" 
59.67.0.196 - - [19/Mar/2021:16:12:50 +0800] "OPTIONS /api/v1/result/offer/?resultType=offer&limit=20&offset=60 HTTP/1.1" 200 0 "https://www.luffycity.com/" "Mozilla/5.0 (Windows NT 10.0; Win64; x64) AppleWebKit/537.36 (KHTML, like Gecko) Chrome/87.0.4280.141 Safari/537.36" 
59.67.0.196 - - [19/Mar/2021:16:12:50 +0800] "GET /api/v1/result/offer/?resultType=offer&limit=20&offset=60 HTTP/1.1" 200 440 "https://www.luffycity.com/" "Mozilla/5.0 (Windows NT 10.0; Win64; x64) AppleWebKit/537.36 (KHTML, like Gecko) Chrome/87.0.4280.141 Safari/537.36" 
171.113.234.213 - - [19/Mar/2021:16:12:53 +0800] "OPTIONS /api/v1/result/offer/?resultType=offer&limit=20&offset=120 HTTP/1.1" 200 0 "https://www.luffycity.com/" "Mozilla/5.0 (Windows NT 6.1; Win64; x64) AppleWebKit/537.36 (KHTML, like Gecko) Chrome/88.0.4324.150 Safari/537.36" 
171.113.234.213 - - [19/Mar/2021:16:12:53 +0800] "GET /api/v1/result/offer/?resultType=offer&limit=20&offset=120 HTTP/1.1" 200 549 "https://www.luffycity.com/" "Mozilla/5.0 (Windows NT 6.1; Win64; x64) AppleWebKit/537.36 (KHTML, like Gecko) Chrome/88.0.4324.150 Safari/537.36" 
116.116.233.46 - - [19/Mar/2021:16:12:55 +0800] "OPTIONS /api/v1/play/30823/?play_id=30823 HTTP/1.1" 200 0 "https://www.luffycity.com/play/30823" "Mozilla/5.0 (iPad; CPU OS 12_4 like Mac OS X) AppleWebKit/605.1.15 (KHTML, like Gecko) CriOS/87.0.4280.77 Mobile/15E148 Safari/604.1" 
116.116.233.46 - - [19/Mar/2021:16:12:55 +0800] "OPTIONS /api/v1/play/sections/?section_id=30823 HTTP/1.1" 200 0 "https://www.luffycity.com/play/30823" "Mozilla/5.0 (iPad; CPU OS 12_4 like Mac OS X) AppleWebKit/605.1.15 (KHTML, like Gecko) CriOS/87.0.4280.77 Mobile/15E148 Safari/604.1" 
116.116.233.46 - - [19/Mar/2021:16:12:55 +0800] "GET /api/v1/play/sections/?section_id=30823 HTTP/1.1" 200 3320 "https://www.luffycity.com/play/30823" "Mozilla/5.0 (iPad; CPU OS 12_4 like Mac OS X) AppleWebKit/605.1.15 (KHTML, like Gecko) CriOS/87.0.4280.77 Mobile/15E148 Safari/604.1" 
116.116.233.46 - - [19/Mar/2021:16:12:55 +0800] "GET /api/v1/comment/?section_id=30823&limit=10&offset=0 HTTP/1.1" 200 1643 "https://www.luffycity.com/play/30823" "Mozilla/5.0 (iPad; CPU OS 12_4 like Mac OS X) AppleWebKit/605.1.15 (KHTML, like Gecko) CriOS/87.0.4280.77 Mobile/15E148 Safari/604.1" 
171.113.234.213 - - [19/Mar/2021:16:12:55 +0800] "GET /api/v1/result/note/?resultType=note&limit=20&offset=0 HTTP/1.1" 200 481 "https://www.luffycity.com/" "Mozilla/5.0 (Windows NT 6.1; Win64; x64) AppleWebKit/537.36 (KHTML, like Gecko) Chrome/88.0.4324.150 Safari/537.36" 
171.113.234.213 - - [19/Mar/2021:16:12:55 +0800] "GET /api/v1/result/enroll/?resultType=enroll&limit=5&offset=270 HTTP/1.1" 200 1358 "https://www.luffycity.com/" "Mozilla/5.0 (Windows NT 6.1; Win64; x64) AppleWebKit/537.36 (KHTML, like Gecko) Chrome/88.0.4324.150 Safari/537.36" 
171.113.234.213 - - [19/Mar/2021:16:12:56 +0800] "OPTIONS /api/v1/result/note/?resultType=note&limit=20&offset=20 HTTP/1.1" 200 0 "https://www.luffycity.com/" "Mozilla/5.0 (Windows NT 6.1; Win64; x64) AppleWebKit/537.36 (KHTML, like Gecko) Chrome/88.0.4324.150 Safari/537.36" 
171.113.234.213 - - [19/Mar/2021:16:12:56 +0800] "OPTIONS /api/v1/result/note/?resultType=note&limit=20&offset=40 HTTP/1.1" 200 0 "https://www.luffycity.com/" "Mozilla/5.0 (Windows NT 6.1; Win64; x64) AppleWebKit/537.36 (KHTML, like Gecko) Chrome/88.0.4324.150 Safari/537.36" 
171.113.234.213 - - [19/Mar/2021:16:12:56 +0800] "OPTIONS /api/v1/result/offer/?resultType=offer&limit=20&offset=200 HTTP/1.1" 200 0 "https://www.luffycity.com/" "Mozilla/5.0 (Windows NT 6.1; Win64; x64) AppleWebKit/537.36 (KHTML, like Gecko) Chrome/88.0.4324.150 Safari/537.36" 
171.113.234.213 - - [19/Mar/2021:16:12:56 +0800] "GET /api/v1/result/offer/?resultType=offer&limit=20&offset=160 HTTP/1.1" 200 603 "https://www.luffycity.com/" "Mozilla/5.0 (Windows NT 6.1; Win64; x64) AppleWebKit/537.36 (KHTML, like Gecko) Chrome/88.0.4324.150 Safari/537.36" 
171.113.234.213 - - [19/Mar/2021:16:12:56 +0800] "GET /api/v1/result/offer/?resultType=offer&limit=20&offset=180 HTTP/1.1" 200 580 "https://www.luffycity.com/" "Mozilla/5.0 (Windows NT 6.1; Win64; x64) AppleWebKit/537.36 (KHTML, like Gecko) Chrome/88.0.4324.150 Safari/537.36" 
171.113.234.213 - - [19/Mar/2021:16:12:56 +0800] "GET /api/v1/result/offer/?resultType=offer&limit=20&offset=200 HTTP/1.1" 200 595 "https://www.luffycity.com/" "Mozilla/5.0 (Windows NT 6.1; Win64; x64) AppleWebKit/537.36 (KHTML, like Gecko) Chrome/88.0.4324.150 Safari/537.36" 
171.113.234.213 - - [19/Mar/2021:16:12:56 +0800] "GET /api/v1/result/enroll/?resultType=enroll&limit=5&offset=270 HTTP/1.1" 200 1358 "https://www.luffycity.com/" "Mozilla/5.0 (Windows NT 6.1; Win64; x64) AppleWebKit/537.36 (KHTML, like Gecko) Chrome/88.0.4324.150 Safari/537.36" 
218.23.98.98 - - [19/Mar/2021:16:12:58 +0800] "OPTIONS /api/v1/activity/survey/?course_id=252 HTTP/1.1" 200 0 "-" "Mozilla/5.0 (compatible; MSIE 9.0; Windows NT 6.1; WOW64; Trident/7.0)" 
59.67.0.196 - - [19/Mar/2021:16:13:00 +0800] "OPTIONS /api/v1/result/note/?resultType=note&limit=20&offset=80 HTTP/1.1" 200 0 "https://www.luffycity.com/" "Mozilla/5.0 (Windows NT 10.0; Win64; x64) AppleWebKit/537.36 (KHTML, like Gecko) Chrome/87.0.4280.141 Safari/537.36" 
59.67.0.196 - - [19/Mar/2021:16:13:00 +0800] "GET /api/v1/result/note/?resultType=note&limit=20&offset=80 HTTP/1.1" 200 533 "https://www.luffycity.com/" "Mozilla/5.0 (Windows NT 10.0; Win64; x64) AppleWebKit/537.36 (KHTML, like Gecko) Chrome/87.0.4280.141 Safari/537.36" 
59.67.0.196 - - [19/Mar/2021:16:13:00 +0800] "GET /api/v1/result/enroll/?resultType=enroll&limit=5&offset=-5 HTTP/1.1" 200 2443 "https://www.luffycity.com/" "Mozilla/5.0 (Windows NT 10.0; Win64; x64) AppleWebKit/537.36 (KHTML, like Gecko) Chrome/87.0.4280.141 Safari/537.36" 
218.2.216.6 - - [19/Mar/2021:16:13:00 +0800] "OPTIONS /api/v1/play/sections/?section_id=15055 HTTP/1.1" 200 0 "https://www.luffycity.com/" "Mozilla/5.0 (Windows NT 10.0; Win64; x64) AppleWebKit/537.36 (KHTML, like Gecko) Chrome/89.0.4389.90 Safari/537.36 Edg/89.0.774.54" 
218.2.216.6 - - [19/Mar/2021:16:13:00 +0800] "OPTIONS /api/v1/comment/?section_id=15055&limit=10&offset=0 HTTP/1.1" 200 0 "https://www.luffycity.com/" "Mozilla/5.0 (Windows NT 10.0; Win64; x64) AppleWebKit/537.36 (KHTML, like Gecko) Chrome/89.0.4389.90 Safari/537.36 Edg/89.0.774.54" 
218.2.216.6 - - [19/Mar/2021:16:13:01 +0800] "GET /api/v1/play/sections/?section_id=15055 HTTP/1.1" 200 2462 "https://www.luffycity.com/" "Mozilla/5.0 (Windows NT 10.0; Win64; x64) AppleWebKit/537.36 (KHTML, like Gecko) Chrome/89.0.4389.90 Safari/537.36 Edg/89.0.774.54" 
218.2.216.6 - - [19/Mar/2021:16:13:01 +0800] "GET /api/v1/play/15055/?play_id=15055 HTTP/1.1" 200 398 "https://www.luffycity.com/" "Mozilla/5.0 (Windows NT 10.0; Win64; x64) AppleWebKit/537.36 (KHTML, like Gecko) Chrome/89.0.4389.90 Safari/537.36 Edg/89.0.774.54" 
116.116.233.46 - - [19/Mar/2021:16:13:03 +0800] "OPTIONS /api/v1/play/30822/?play_id=30822 HTTP/1.1" 200 0 "https://www.luffycity.com/play/30822" "Mozilla/5.0 (iPad; CPU OS 12_4 like Mac OS X) AppleWebKit/605.1.15 (KHTML, like Gecko) CriOS/87.0.4280.77 Mobile/15E148 Safari/604.1" 
116.116.233.46 - - [19/Mar/2021:16:13:03 +0800] "OPTIONS /api/v1/play/sections/?section_id=30822 HTTP/1.1" 200 0 "https://www.luffycity.com/play/30822" "Mozilla/5.0 (iPad; CPU OS 12_4 like Mac OS X) AppleWebKit/605.1.15 (KHTML, like Gecko) CriOS/87.0.4280.77 Mobile/15E148 Safari/604.1" 
116.116.233.46 - - [19/Mar/2021:16:13:03 +0800] "GET /api/v1/play/30822/?play_id=30822 HTTP/1.1" 200 439 "https://www.luffycity.com/play/30822" "Mozilla/5.0 (iPad; CPU OS 12_4 like Mac OS X) AppleWebKit/605.1.15 (KHTML, like Gecko) CriOS/87.0.4280.77 Mobile/15E148 Safari/604.1" 
116.116.233.46 - - [19/Mar/2021:16:13:03 +0800] "GET /api/v1/play/sections/?section_id=30822 HTTP/1.1" 200 3326 "https://www.luffycity.com/play/30822" "Mozilla/5.0 (iPad; CPU OS 12_4 like Mac OS X) AppleWebKit/605.1.15 (KHTML, like Gecko) CriOS/87.0.4280.77 Mobile/15E148 Safari/604.1" 
171.113.234.213 - - [19/Mar/2021:16:13:09 +0800] "GET /api/v1/result/speech/?resultType=speech&limit=10&offset=NaN HTTP/1.1" 200 13137 "https://www.luffycity.com/" "Mozilla/5.0 (Windows NT 6.1; Win64; x64) AppleWebKit/537.36 (KHTML, like Gecko) Chrome/88.0.4324.150 Safari/537.36" 
171.113.234.213, 39.97.49.232 - - [19/Mar/2021:16:13:14 +0800] "GET /api/v1/result/ HTTP/1.1" 200 231 "https://www.luffycity.com/student-related/speech" "Mozilla/5.0 (Windows NT 6.1; Win64; x64) AppleWebKit/537.36 (KHTML, like Gecko) Chrome/88.0.4324.150 Safari/537.36" 
171.113.234.213, 39.97.49.232 - - [19/Mar/2021:16:13:15 +0800] "GET /api/v1/course/degree/ HTTP/1.1" 200 949 "https://www.luffycity.com/student-related/speech" "Mozilla/5.0 (Windows NT 6.1; Win64; x64) AppleWebKit/537.36 (KHTML, like Gecko) Chrome/88.0.4324.150 Safari/537.36" 
47.95.112.89 - - [19/Mar/2021:16:13:15 +0800] "OPTIONS /api/v1/study/data/ HTTP/1.1" 200 0 "https://www.luffycity.com/" "Mozilla/5.0 (Windows NT 6.1; Win64; x64) AppleWebKit/537.36 (KHTML, like Gecko) Chrome/89.0.4389.90 Safari/537.36" 
47.95.112.89 - - [19/Mar/2021:16:13:15 +0800] "OPTIONS /api/v1/study/degrees/ HTTP/1.1" 200 0 "https://www.luffycity.com/" "Mozilla/5.0 (Windows NT 6.1; Win64; x64) AppleWebKit/537.36 (KHTML, like Gecko) Chrome/89.0.4389.90 Safari/537.36" 
47.95.112.89 - - [19/Mar/2021:16:13:15 +0800] "OPTIONS /api/v1/study/degrees/0/mentor/?degree_id=0 HTTP/1.1" 200 0 "https://www.luffycity.com/" "Mozilla/5.0 (Windows NT 6.1; Win64; x64) AppleWebKit/537.36 (KHTML, like Gecko) Chrome/89.0.4389.90 Safari/537.36" 
47.95.112.89 - - [19/Mar/2021:16:13:15 +0800] "GET /api/v1/study/degrees/ HTTP/1.1" 200 751 "https://www.luffycity.com/" "Mozilla/5.0 (Windows NT 6.1; Win64; x64) AppleWebKit/537.36 (KHTML, like Gecko) Chrome/89.0.4389.90 Safari/537.36" 
47.95.112.89 - - [19/Mar/2021:16:13:15 +0800] "GET /api/v1/study/degrees/0/mentor/?degree_id=0 HTTP/1.1" 200 137 "https://www.luffycity.com/" "Mozilla/5.0 (Windows NT 6.1; Win64; x64) AppleWebKit/537.36 (KHTML, like Gecko) Chrome/89.0.4389.90 Safari/537.36" 
47.95.112.89 - - [19/Mar/2021:16:13:15 +0800] "OPTIONS /api/v1/study/degrees/2/?degree_id=2 HTTP/1.1" 200 0 "https://www.luffycity.com/" "Mozilla/5.0 (Windows NT 6.1; Win64; x64) AppleWebKit/537.36 (KHTML, like Gecko) Chrome/89.0.4389.90 Safari/537.36" 
47.95.112.89 - - [19/Mar/2021:16:13:15 +0800] "OPTIONS /api/v1/study/degrees/2/mentor/?degree_id=2 HTTP/1.1" 200 0 "https://www.luffycity.com/" "Mozilla/5.0 (Windows NT 6.1; Win64; x64) AppleWebKit/537.36 (KHTML, like Gecko) Chrome/89.0.4389.90 Safari/537.36" 
116.21.158.31, 39.97.49.232 - - [19/Mar/2021:16:13:15 +0800] "GET /api/v1/result/ HTTP/1.1" 200 231 "-" "Mozilla/5.0 (Windows NT 10.0; Win64; x64) AppleWebKit/537.36 (KHTML, like Gecko) Chrome/90.0.4430.19 Safari/537.36 Edg/90.0.818.8" 
47.95.112.89 - - [19/Mar/2021:16:13:16 +0800] "GET /api/v1/study/degrees/2/mentor/?degree_id=2 HTTP/1.1" 200 225 "https://www.luffycity.com/" "Mozilla/5.0 (Windows NT 6.1; Win64; x64) AppleWebKit/537.36 (KHTML, like Gecko) Chrome/89.0.4389.90 Safari/537.36" 
47.95.112.89 - - [19/Mar/2021:16:13:16 +0800] "GET /api/v1/study/data/ HTTP/1.1" 200 115 "https://www.luffycity.com/" "Mozilla/5.0 (Windows NT 6.1; Win64; x64) AppleWebKit/537.36 (KHTML, like Gecko) Chrome/89.0.4389.90 Safari/537.36" 
47.95.112.89 - - [19/Mar/2021:16:13:16 +0800] "GET /api/v1/study/degrees/2/?degree_id=2 HTTP/1.1" 200 1426 "https://www.luffycity.com/" "Mozilla/5.0 (Windows NT 6.1; Win64; x64) AppleWebKit/537.36 (KHTML, like Gecko) Chrome/89.0.4389.90 Safari/537.36" 
47.95.112.89 - - [19/Mar/2021:16:13:20 +0800] "OPTIONS /api/v1/study/degrees/19/?degree_id=19 HTTP/1.1" 200 0 "https://www.luffycity.com/" "Mozilla/5.0 (Windows NT 6.1; Win64; x64) AppleWebKit/537.36 (KHTML, like Gecko) Chrome/89.0.4389.90 Safari/537.36" 
47.95.112.89 - - [19/Mar/2021:16:13:20 +0800] "OPTIONS /api/v1/study/degrees/19/mentor/?degree_id=19 HTTP/1.1" 200 0 "https://www.luffycity.com/" "Mozilla/5.0 (Windows NT 6.1; Win64; x64) AppleWebKit/537.36 (KHTML, like Gecko) Chrome/89.0.4389.90 Safari/537.36" 
47.95.112.89 - - [19/Mar/2021:16:13:20 +0800] "GET /api/v1/study/degrees/19/?degree_id=19 HTTP/1.1" 200 1274 "https://www.luffycity.com/" "Mozilla/5.0 (Windows NT 6.1; Win64; x64) AppleWebKit/537.36 (KHTML, like Gecko) Chrome/89.0.4389.90 Safari/537.36" 
116.21.158.31 - - [19/Mar/2021:16:13:22 +0800] "OPTIONS /api/v1/play/14732/?play_id=14732 HTTP/1.1" 200 0 "https://www.luffycity.com/" "Mozilla/5.0 (Windows NT 10.0; Win64; x64) AppleWebKit/537.36 (KHTML, like Gecko) Chrome/90.0.4430.19 Safari/537.36 Edg/90.0.818.8" 
116.21.158.31 - - [19/Mar/2021:16:13:22 +0800] "OPTIONS /api/v1/play/sections/?section_id=14732 HTTP/1.1" 200 0 "https://www.luffycity.com/" "Mozilla/5.0 (Windows NT 10.0; Win64; x64) AppleWebKit/537.36 (KHTML, like Gecko) Chrome/90.0.4430.19 Safari/537.36 Edg/90.0.818.8" 
116.21.158.31 - - [19/Mar/2021:16:13:23 +0800] "GET /api/v1/survey/section/14732/?sectionId=14732 HTTP/1.1" 200 64 "https://www.luffycity.com/" "Mozilla/5.0 (Windows NT 10.0; Win64; x64) AppleWebKit/537.36 (KHTML, like Gecko) Chrome/90.0.4430.19 Safari/537.36 Edg/90.0.818.8" 
116.21.158.31 - - [19/Mar/2021:16:13:23 +0800] "GET /api/v1/comment/?section_id=14732&limit=10&offset=0 HTTP/1.1" 200 1732 "https://www.luffycity.com/" "Mozilla/5.0 (Windows NT 10.0; Win64; x64) AppleWebKit/537.36 (KHTML, like Gecko) Chrome/90.0.4430.19 Safari/537.36 Edg/90.0.818.8" 
117.136.38.175 - - [19/Mar/2021:16:13:37 +0800] "OPTIONS /api/v1/comment/?section_id=14442&limit=10&offset=0 HTTP/1.1" 200 0 "-" "Mozilla/5.0 (Windows NT 6.1; WOW64) AppleWebKit/537.36 (KHTML, like Gecko) Chrome/63.0.3239.26 Safari/537.36 Core/1.63.5702.400 QQBrowser/10.2.1893.400" 
117.136.38.175 - - [19/Mar/2021:16:13:37 +0800] "OPTIONS /api/v1/survey/section/14442/?sectionId=14442 HTTP/1.1" 200 0 "-" "Mozilla/5.0 (Windows NT 6.1; WOW64) AppleWebKit/537.36 (KHTML, like Gecko) Chrome/63.0.3239.26 Safari/537.36 Core/1.63.5702.400 QQBrowser/10.2.1893.400" 
117.136.38.175 - - [19/Mar/2021:16:13:37 +0800] "GET /api/v1/survey/section/14442/?sectionId=14442 HTTP/1.1" 200 10 "https://www.luffycity.com/play/14442" "Mozilla/5.0 (Windows NT 6.1; WOW64) AppleWebKit/537.36 (KHTML, like Gecko) Chrome/63.0.3239.26 Safari/537.36 Core/1.63.5702.400 QQBrowser/10.2.1893.400" 
117.136.38.175 - - [19/Mar/2021:16:13:37 +0800] "GET /api/v1/play/14442/?play_id=14442 HTTP/1.1" 200 375 "https://www.luffycity.com/play/14442" "Mozilla/5.0 (Windows NT 6.1; WOW64) AppleWebKit/537.36 (KHTML, like Gecko) Chrome/63.0.3239.26 Safari/537.36 Core/1.63.5702.400 QQBrowser/10.2.1893.400" 
59.67.0.196 - - [19/Mar/2021:16:13:54 +0800] "OPTIONS /api/v1/store/1/?id=1 HTTP/1.1" 200 0 "https://www.luffycity.com/" "Mozilla/5.0 (Windows NT 10.0; Win64; x64) AppleWebKit/537.36 (KHTML, like Gecko) Chrome/87.0.4280.141 Safari/537.36" 
59.67.0.196 - - [19/Mar/2021:16:13:54 +0800] "OPTIONS /api/v1/result/note/?resultType=note&limit=20&offset=100 HTTP/1.1" 200 0 "https://www.luffycity.com/" "Mozilla/5.0 (Windows NT 10.0; Win64; x64) AppleWebKit/537.36 (KHTML, like Gecko) Chrome/87.0.4280.141 Safari/537.36" 
59.67.0.196 - - [19/Mar/2021:16:13:54 +0800] "GET /api/v1/result/note/?resultType=note&limit=20&offset=100 HTTP/1.1" 200 706 "https://www.luffycity.com/" "Mozilla/5.0 (Windows NT 10.0; Win64; x64) AppleWebKit/537.36 (KHTML, like Gecko) Chrome/87.0.4280.141 Safari/537.36" 
59.67.0.196 - - [19/Mar/2021:16:13:54 +0800] "GET /api/v1/result/enroll/?resultType=enroll&limit=5&offset=-5 HTTP/1.1" 200 2443 "https://www.luffycity.com/" "Mozilla/5.0 (Windows NT 10.0; Win64; x64) AppleWebKit/537.36 (KHTML, like Gecko) Chrome/87.0.4280.141 Safari/537.36" 
219.143.144.162, 39.97.49.232 - - [19/Mar/2021:16:14:01 +0800] "GET /api/v1/auth/token/ HTTP/1.1" 200 29 "https://v3.bootcss.com/" "Mozilla/5.0 (Windows NT 10.0; Win64; x64) AppleWebKit/537.36 (KHTML, like Gecko) Chrome/89.0.4389.90 Safari/537.36 Edg/89.0.774.54" 
219.143.144.162, 39.97.49.232 - - [19/Mar/2021:16:14:02 +0800] "GET /api/v1/result/ HTTP/1.1" 200 231 "https://v3.bootcss.com/" "Mozilla/5.0 (Windows NT 10.0; Win64; x64) AppleWebKit/537.36 (KHTML, like Gecko) Chrome/89.0.4389.90 Safari/537.36 Edg/89.0.774.54" 
219.143.144.162 - - [19/Mar/2021:16:14:02 +0800] "OPTIONS /api/v1/activity/survey/?course_id=256 HTTP/1.1" 200 0 "https://www.luffycity.com/" "Mozilla/5.0 (Windows NT 10.0; Win64; x64) AppleWebKit/537.36 (KHTML, like Gecko) Chrome/89.0.4389.90 Safari/537.36 Edg/89.0.774.54" 
117.170.101.99, 39.97.49.232 - - [19/Mar/2021:16:14:04 +0800] "GET /api/v1/auth/token/ HTTP/1.1" 200 29 "https://v3.bootcss.com/" "Mozilla/5.0 (X11; Linux x86_64; rv:84.0) Gecko/20100101 Firefox/84.0" 
113.87.181.208 - - [19/Mar/2021:16:14:04 +0800] "GET /api/v1/study/module/degree/54573/?courseType=degree&id=54573 HTTP/1.1" 200 18117 "https://www.luffycity.com/" "Mozilla/5.0 (Macintosh; Intel Mac OS X 11_2_2) AppleWebKit/537.36 (KHTML, like Gecko) Chrome/89.0.4389.90 Safari/537.36" 
59.67.0.196 - - [19/Mar/2021:16:14:06 +0800] "GET /api/v1/store/ HTTP/1.1" 200 683 "https://www.luffycity.com/" "Mozilla/5.0 (Windows NT 10.0; Win64; x64) AppleWebKit/537.36 (KHTML, like Gecko) Chrome/87.0.4280.141 Safari/537.36" 
117.170.101.99 - - [19/Mar/2021:16:14:07 +0800] "GET /api/v1/activity/survey/?course_id=256 HTTP/1.1" 200 11 "https://www.luffycity.com/activity/vue-camp?source=bootcss" "Mozilla/5.0 (X11; Linux x86_64; rv:84.0) Gecko/20100101 Firefox/84.0" 
59.67.0.196 - - [19/Mar/2021:16:14:14 +0800] "GET /api/v1/store/10/?id=10 HTTP/1.1" 200 533 "https://www.luffycity.com/" "Mozilla/5.0 (Windows NT 10.0; Win64; x64) AppleWebKit/537.36 (KHTML, like Gecko) Chrome/87.0.4280.141 Safari/537.36" 
59.67.0.196 - - [19/Mar/2021:16:14:18 +0800] "OPTIONS /api/v1/result/offer/?resultType=offer&limit=20&offset=120 HTTP/1.1" 200 0 "https://www.luffycity.com/" "Mozilla/5.0 (Windows NT 10.0; Win64; x64) AppleWebKit/537.36 (KHTML, like Gecko) Chrome/87.0.4280.141 Safari/537.36" 
59.67.0.196 - - [19/Mar/2021:16:14:18 +0800] "GET /api/v1/result/offer/?resultType=offer&limit=20&offset=120 HTTP/1.1" 200 549 "https://www.luffycity.com/" "Mozilla/5.0 (Windows NT 10.0; Win64; x64) AppleWebKit/537.36 (KHTML, like Gecko) Chrome/87.0.4280.141 Safari/537.36" 
219.143.144.162, 39.97.49.232 - - [19/Mar/2021:16:14:18 +0800] "GET /api/v1/auth/token/ HTTP/1.1" 200 29 "https://v3.bootcss.com/" "Mozilla/5.0 (Windows NT 10.0; Win64; x64) AppleWebKit/537.36 (KHTML, like Gecko) Chrome/89.0.4389.90 Safari/537.36 Edg/89.0.774.54" 
219.143.144.162 - - [19/Mar/2021:16:14:19 +0800] "GET /api/v1/activity/survey/?course_id=256 HTTP/1.1" 200 11 "https://www.luffycity.com/" "Mozilla/5.0 (Windows NT 10.0; Win64; x64) AppleWebKit/537.36 (KHTML, like Gecko) Chrome/89.0.4389.90 Safari/537.36 Edg/89.0.774.54" 
59.67.0.196 - - [19/Mar/2021:16:14:22 +0800] "GET /api/v1/store/ HTTP/1.1" 200 685 "https://www.luffycity.com/" "Mozilla/5.0 (Windows NT 10.0; Win64; x64) AppleWebKit/537.36 (KHTML, like Gecko) Chrome/87.0.4280.141 Safari/537.36" 
59.67.0.196 - - [19/Mar/2021:16:14:28 +0800] "GET /api/v1/store/ HTTP/1.1" 200 685 "https://www.luffycity.com/" "Mozilla/5.0 (Windows NT 10.0; Win64; x64) AppleWebKit/537.36 (KHTML, like Gecko) Chrome/87.0.4280.141 Safari/537.36" 
59.67.0.196 - - [19/Mar/2021:16:14:30 +0800] "GET /api/v1/study/degrees/1/mentor/?degree_id=1 HTTP/1.1" 200 188 "https://www.luffycity.com/" "Mozilla/5.0 (Windows NT 10.0; Win64; x64) AppleWebKit/537.36 (KHTML, like Gecko) Chrome/87.0.4280.141 Safari/537.36" 
59.67.0.196 - - [19/Mar/2021:16:14:30 +0800] "GET /api/v1/study/data/ HTTP/1.1" 200 109 "https://www.luffycity.com/" "Mozilla/5.0 (Windows NT 10.0; Win64; x64) AppleWebKit/537.36 (KHTML, like Gecko) Chrome/87.0.4280.141 Safari/537.36" 
59.67.0.196 - - [19/Mar/2021:16:14:30 +0800] "GET /api/v1/study/degrees/1/?degree_id=1 HTTP/1.1" 200 1959 "https://www.luffycity.com/" "Mozilla/5.0 (Windows NT 10.0; Win64; x64) AppleWebKit/537.36 (KHTML, like Gecko) Chrome/87.0.4280.141 Safari/537.36" 
59.67.0.196 - - [19/Mar/2021:16:14:33 +0800] "GET /api/v1/qa/question/?limit=5&offset=0 HTTP/1.1" 200 1217 "https://www.luffycity.com/" "Mozilla/5.0 (Windows NT 10.0; Win64; x64) AppleWebKit/537.36 (KHTML, like Gecko) Chrome/87.0.4280.141 Safari/537.36" 
116.8.5.34 - - [19/Mar/2021:16:14:36 +0800] "OPTIONS /api/v1/play/2586/?play_id=2586 HTTP/1.1" 200 0 "https://www.luffycity.com/" "Mozilla/5.0 (Windows NT 10.0; Win64; x64) AppleWebKit/537.36 (KHTML, like Gecko) Chrome/89.0.4389.90 Safari/537.36" 
116.8.5.34 - - [19/Mar/2021:16:14:36 +0800] "OPTIONS /api/v1/survey/section/2586/?sectionId=2586 HTTP/1.1" 200 0 "https://www.luffycity.com/" "Mozilla/5.0 (Windows NT 10.0; Win64; x64) AppleWebKit/537.36 (KHTML, like Gecko) Chrome/89.0.4389.90 Safari/537.36" 
116.8.5.34 - - [19/Mar/2021:16:14:37 +0800] "GET /api/v1/survey/section/2586/?sectionId=2586 HTTP/1.1" 200 10 "https://www.luffycity.com/" "Mozilla/5.0 (Windows NT 10.0; Win64; x64) AppleWebKit/537.36 (KHTML, like Gecko) Chrome/89.0.4389.90 Safari/537.36" 
116.8.5.34 - - [19/Mar/2021:16:14:37 +0800] "GET /api/v1/play/sections/?section_id=2586 HTTP/1.1" 200 5402 "https://www.luffycity.com/" "Mozilla/5.0 (Windows NT 10.0; Win64; x64) AppleWebKit/537.36 (KHTML, like Gecko) Chrome/89.0.4389.90 Safari/537.36" 
59.67.0.196 - - [19/Mar/2021:16:14:39 +0800] "GET /api/v1/study/courses/ HTTP/1.1" 200 498 "https://www.luffycity.com/" "Mozilla/5.0 (Windows NT 10.0; Win64; x64) AppleWebKit/537.36 (KHTML, like Gecko) Chrome/87.0.4280.141 Safari/537.36" 
59.67.0.196 - - [19/Mar/2021:16:14:39 +0800] "GET /api/v1/study/module/actual/46599/?courseType=actual&id=46599 HTTP/1.1" 200 1272 "https://www.luffycity.com/" "Mozilla/5.0 (Windows NT 10.0; Win64; x64) AppleWebKit/537.36 (KHTML, like Gecko) Chrome/87.0.4280.141 Safari/537.36" 
47.95.112.89, 39.97.49.232 - - [19/Mar/2021:16:14:43 +0800] "GET /api/v1/auth/token/ HTTP/1.1" 200 389 "https://www.luffycity.com/study/degree" "Mozilla/5.0 (Windows NT 6.1; Win64; x64) AppleWebKit/537.36 (KHTML, like Gecko) Chrome/89.0.4389.90 Safari/537.36" 
47.95.112.89 - - [19/Mar/2021:16:14:44 +0800] "GET /api/v1/study/degrees/0/mentor/?degree_id=0 HTTP/1.1" 200 137 "https://www.luffycity.com/" "Mozilla/5.0 (Windows NT 6.1; Win64; x64) AppleWebKit/537.36 (KHTML, like Gecko) Chrome/89.0.4389.90 Safari/537.36" 
47.95.112.89 - - [19/Mar/2021:16:14:44 +0800] "GET /api/v1/study/degrees/ HTTP/1.1" 200 747 "https://www.luffycity.com/" "Mozilla/5.0 (Windows NT 6.1; Win64; x64) AppleWebKit/537.36 (KHTML, like Gecko) Chrome/89.0.4389.90 Safari/537.36" 
47.95.112.89 - - [19/Mar/2021:16:14:45 +0800] "GET /api/v1/study/data/?degree_id=19 HTTP/1.1" 200 108 "https://www.luffycity.com/" "Mozilla/5.0 (Windows NT 6.1; Win64; x64) AppleWebKit/537.36 (KHTML, like Gecko) Chrome/89.0.4389.90 Safari/537.36" 
123.119.72.146 - - [19/Mar/2021:16:14:46 +0800] "OPTIONS /api/v1/survey/section/20616/?sectionId=20616 HTTP/1.1" 200 0 "https://www.luffycity.com/" "Mozilla/5.0 (Macintosh; Intel Mac OS X 11_2_1) AppleWebKit/537.36 (KHTML, like Gecko) Chrome/88.0.4324.182 Safari/537.36" 
123.119.72.146 - - [19/Mar/2021:16:14:46 +0800] "OPTIONS /api/v1/play/sections/?section_id=20616 HTTP/1.1" 200 0 "https://www.luffycity.com/" "Mozilla/5.0 (Macintosh; Intel Mac OS X 11_2_1) AppleWebKit/537.36 (KHTML, like Gecko) Chrome/88.0.4324.182 Safari/537.36" 
123.119.72.146 - - [19/Mar/2021:16:14:46 +0800] "GET /api/v1/survey/section/20616/?sectionId=20616 HTTP/1.1" 200 10 "https://www.luffycity.com/" "Mozilla/5.0 (Macintosh; Intel Mac OS X 11_2_1) AppleWebKit/537.36 (KHTML, like Gecko) Chrome/88.0.4324.182 Safari/537.36" 
123.119.72.146 - - [19/Mar/2021:16:14:46 +0800] "GET /api/v1/play/20616/?play_id=20616 HTTP/1.1" 200 419 "https://www.luffycity.com/" "Mozilla/5.0 (Macintosh; Intel Mac OS X 11_2_1) AppleWebKit/537.36 (KHTML, like Gecko) Chrome/88.0.4324.182 Safari/537.36" 
116.246.31.34 - - [19/Mar/2021:16:14:50 +0800] "OPTIONS /api/v1/comment/?section_id=29634&limit=10&offset=0 HTTP/1.1" 200 0 "https://www.luffycity.com/play/29634" "Mozilla/5.0 (Windows NT 10.0; Win64; x64) AppleWebKit/537.36 (KHTML, like Gecko) Chrome/78.0.3904.97 Safari/537.36" 
116.246.31.34 - - [19/Mar/2021:16:14:50 +0800] "OPTIONS /api/v1/survey/section/29634/?sectionId=29634 HTTP/1.1" 200 0 "https://www.luffycity.com/play/29634" "Mozilla/5.0 (Windows NT 10.0; Win64; x64) AppleWebKit/537.36 (KHTML, like Gecko) Chrome/78.0.3904.97 Safari/537.36" 
116.246.31.34 - - [19/Mar/2021:16:14:50 +0800] "GET /api/v1/survey/section/29634/?sectionId=29634 HTTP/1.1" 200 10 "https://www.luffycity.com/play/29634" "Mozilla/5.0 (Windows NT 10.0; Win64; x64) AppleWebKit/537.36 (KHTML, like Gecko) Chrome/78.0.3904.97 Safari/537.36" 
116.246.31.34 - - [19/Mar/2021:16:14:50 +0800] "GET /api/v1/play/29634/?play_id=29634 HTTP/1.1" 200 405 "https://www.luffycity.com/play/29634" "Mozilla/5.0 (Windows NT 10.0; Win64; x64) AppleWebKit/537.36 (KHTML, like Gecko) Chrome/78.0.3904.97 Safari/537.36" 
123.119.72.146 - - [19/Mar/2021:16:14:54 +0800] "OPTIONS /api/v1/play/sections/?section_id=20705 HTTP/1.1" 200 0 "https://www.luffycity.com/" "Mozilla/5.0 (Macintosh; Intel Mac OS X 11_2_1) AppleWebKit/537.36 (KHTML, like Gecko) Chrome/88.0.4324.182 Safari/537.36" 
123.119.72.146 - - [19/Mar/2021:16:14:54 +0800] "OPTIONS /api/v1/play/20705/?play_id=20705 HTTP/1.1" 200 0 "https://www.luffycity.com/" "Mozilla/5.0 (Macintosh; Intel Mac OS X 11_2_1) AppleWebKit/537.36 (KHTML, like Gecko) Chrome/88.0.4324.182 Safari/537.36" 
123.119.72.146 - - [19/Mar/2021:16:14:54 +0800] "GET /api/v1/comment/?section_id=20705&limit=10&offset=0 HTTP/1.1" 200 861 "https://www.luffycity.com/" "Mozilla/5.0 (Macintosh; Intel Mac OS X 11_2_1) AppleWebKit/537.36 (KHTML, like Gecko) Chrome/88.0.4324.182 Safari/537.36" 
123.119.72.146 - - [19/Mar/2021:16:14:54 +0800] "GET /api/v1/play/20705/?play_id=20705 HTTP/1.1" 200 422 "https://www.luffycity.com/" "Mozilla/5.0 (Macintosh; Intel Mac OS X 11_2_1) AppleWebKit/537.36 (KHTML, like Gecko) Chrome/88.0.4324.182 Safari/537.36" 
120.244.224.203 - - [19/Mar/2021:16:15:00 +0800] "OPTIONS /api/v1/survey/section/30820/?sectionId=30820 HTTP/1.1" 200 0 "https://www.luffycity.com/play/30820" "Mozilla/5.0 (Windows NT 10.0; Win64; x64) AppleWebKit/537.36 (KHTML, like Gecko) Chrome/70.0.3538.102 Safari/537.36 Edge/18.18362" 
120.244.224.203 - - [19/Mar/2021:16:15:02 +0800] "OPTIONS /api/v1/play/sections/?section_id=30821 HTTP/1.1" 200 0 "https://www.luffycity.com/play/30821" "Mozilla/5.0 (Windows NT 10.0; Win64; x64) AppleWebKit/537.36 (KHTML, like Gecko) Chrome/70.0.3538.102 Safari/537.36 Edge/18.18362" 
120.244.224.203 - - [19/Mar/2021:16:15:02 +0800] "OPTIONS /api/v1/play/30821/?play_id=30821 HTTP/1.1" 200 0 "https://www.luffycity.com/play/30821" "Mozilla/5.0 (Windows NT 10.0; Win64; x64) AppleWebKit/537.36 (KHTML, like Gecko) Chrome/70.0.3538.102 Safari/537.36 Edge/18.18362" 
120.244.224.203 - - [19/Mar/2021:16:15:02 +0800] "GET /api/v1/survey/section/30821/?sectionId=30821 HTTP/1.1" 200 10 "https://www.luffycity.com/play/30821" "Mozilla/5.0 (Windows NT 10.0; Win64; x64) AppleWebKit/537.36 (KHTML, like Gecko) Chrome/70.0.3538.102 Safari/537.36 Edge/18.18362" 
120.244.224.203 - - [19/Mar/2021:16:15:02 +0800] "GET /api/v1/play/30821/?play_id=30821 HTTP/1.1" 200 423 "https://www.luffycity.com/play/30821" "Mozilla/5.0 (Windows NT 10.0; Win64; x64) AppleWebKit/537.36 (KHTML, like Gecko) Chrome/70.0.3538.102 Safari/537.36 Edge/18.18362" 
111.207.202.8 - - [19/Mar/2021:16:15:04 +0800] "OPTIONS /api/v1/play/30913/?play_id=30913 HTTP/1.1" 200 0 "https://www.luffycity.com/" "Mozilla/5.0 (Windows NT 6.1; WOW64) AppleWebKit/537.36 (KHTML, like Gecko) Chrome/89.0.4389.90 Safari/537.36" 
111.207.202.8 - - [19/Mar/2021:16:15:04 +0800] "OPTIONS /api/v1/comment/?section_id=30913&limit=10&offset=0 HTTP/1.1" 200 0 "https://www.luffycity.com/" "Mozilla/5.0 (Windows NT 6.1; WOW64) AppleWebKit/537.36 (KHTML, like Gecko) Chrome/89.0.4389.90 Safari/537.36" 
111.207.202.8 - - [19/Mar/2021:16:15:04 +0800] "GET /api/v1/play/sections/?section_id=30913 HTTP/1.1" 200 3316 "https://www.luffycity.com/" "Mozilla/5.0 (Windows NT 6.1; WOW64) AppleWebKit/537.36 (KHTML, like Gecko) Chrome/89.0.4389.90 Safari/537.36" 
111.207.202.8 - - [19/Mar/2021:16:15:04 +0800] "GET /api/v1/comment/?section_id=30913&limit=10&offset=0 HTTP/1.1" 200 1643 "https://www.luffycity.com/" "Mozilla/5.0 (Windows NT 6.1; WOW64) AppleWebKit/537.36 (KHTML, like Gecko) Chrome/89.0.4389.90 Safari/537.36" 
59.67.0.196, 39.97.49.232 - - [19/Mar/2021:16:15:11 +0800] "GET /api/v1/course/category/free/?courseType=free HTTP/1.1" 200 174 "https://www.luffycity.com/study/degree" "Mozilla/5.0 (Windows NT 10.0; Win64; x64) AppleWebKit/537.36 (KHTML, like Gecko) Chrome/87.0.4280.141 Safari/537.36" 
59.67.0.196, 39.97.49.232 - - [19/Mar/2021:16:15:13 +0800] "GET /api/v1/course/free/ HTTP/1.1" 200 1895 "https://www.luffycity.com/study/degree" "Mozilla/5.0 (Windows NT 10.0; Win64; x64) AppleWebKit/537.36 (KHTML, like Gecko) Chrome/87.0.4280.141 Safari/537.36" 
218.69.55.158, 39.97.49.232 - - [19/Mar/2021:16:15:25 +0800] "GET /api/v1/auth/token/ HTTP/1.1" 200 29 "https://www.baidu.com/link?url=elR2G7elFiUCViAYAhA0R9wyhEqxqJQrMie11ZQCqEn-o97xBaySnlSqvnt5zEXx&ck=4746.3.102.326.157.324.341.84&shh=www.baidu.com&sht=baidu&wd=&eqid=f8e4d6100003fe7a0000000260545d99" "Mozilla/5.0 (Macintosh; Intel Mac OS X 10_15_6) AppleWebKit/537.36 (KHTML, like Gecko) Chrome/89.0.4389.90 Safari/537.36" 
218.69.55.158 - - [19/Mar/2021:16:15:28 +0800] "OPTIONS /api/v1/result/enroll/?resultType=enroll&limit=2 HTTP/1.1" 200 0 "https://www.luffycity.com/" "Mozilla/5.0 (Macintosh; Intel Mac OS X 10_15_6) AppleWebKit/537.36 (KHTML, like Gecko) Chrome/89.0.4389.90 Safari/537.36" 
117.158.201.202 - - [19/Mar/2021:16:15:30 +0800] "OPTIONS /api/v1/survey/section/1774/?sectionId=1774 HTTP/1.1" 200 0 "https://www.luffycity.com/" "Mozilla/5.0 (Windows NT 10.0; Win64; x64) AppleWebKit/537.36 (KHTML, like Gecko) Chrome/89.0.4389.90 Safari/537.36" 
117.158.201.202 - - [19/Mar/2021:16:15:30 +0800] "OPTIONS /api/v1/comment/?section_id=1774&limit=10&offset=0 HTTP/1.1" 200 0 "https://www.luffycity.com/" "Mozilla/5.0 (Windows NT 10.0; Win64; x64) AppleWebKit/537.36 (KHTML, like Gecko) Chrome/89.0.4389.90 Safari/537.36" 
117.158.201.202 - - [19/Mar/2021:16:15:30 +0800] "GET /api/v1/play/1774/?play_id=1774 HTTP/1.1" 200 407 "https://www.luffycity.com/" "Mozilla/5.0 (Windows NT 10.0; Win64; x64) AppleWebKit/537.36 (KHTML, like Gecko) Chrome/89.0.4389.90 Safari/537.36" 
117.158.201.202 - - [19/Mar/2021:16:15:30 +0800] "GET /api/v1/comment/?section_id=1774&limit=10&offset=0 HTTP/1.1" 200 1429 "https://www.luffycity.com/" "Mozilla/5.0 (Windows NT 10.0; Win64; x64) AppleWebKit/537.36 (KHTML, like Gecko) Chrome/89.0.4389.90 Safari/537.36" 
124.205.171.2, 39.97.49.232 - - [19/Mar/2021:16:15:30 +0800] "GET /api/v1/result/ HTTP/1.1" 200 231 "https://v3.bootcss.com/" "Mozilla/5.0 (Windows NT 10.0; WOW64) AppleWebKit/537.36 (KHTML, like Gecko) Chrome/78.0.3904.108 Safari/537.36" 
124.205.171.2 - - [19/Mar/2021:16:15:31 +0800] "GET /api/v1/activity/survey/?course_id=256 HTTP/1.1" 200 11 "https://www.luffycity.com/activity/vue-camp?source=bootcss" "Mozilla/5.0 (Windows NT 10.0; WOW64) AppleWebKit/537.36 (KHTML, like Gecko) Chrome/78.0.3904.108 Safari/537.36" 
218.69.55.158, 39.97.49.232 - - [19/Mar/2021:16:15:31 +0800] "GET /api/v1/result/ HTTP/1.1" 200 231 "https://www.luffycity.com/" "Mozilla/5.0 (Macintosh; Intel Mac OS X 10_15_6) AppleWebKit/537.36 (KHTML, like Gecko) Chrome/89.0.4389.90 Safari/537.36" 
61.139.81.89 - - [19/Mar/2021:16:15:34 +0800] "OPTIONS /api/v1/survey/section/21835/?sectionId=21835 HTTP/1.1" 200 0 "https://www.luffycity.com/play/21835" "Mozilla/5.0 (Macintosh; Intel Mac OS X 10_14_1) AppleWebKit/605.1.15 (KHTML, like Gecko) Version/12.0.1 Safari/605.1.15" 
61.139.81.89 - - [19/Mar/2021:16:15:34 +0800] "OPTIONS /api/v1/comment/?section_id=21835&limit=10&offset=0 HTTP/1.1" 200 0 "https://www.luffycity.com/play/21835" "Mozilla/5.0 (Macintosh; Intel Mac OS X 10_14_1) AppleWebKit/605.1.15 (KHTML, like Gecko) Version/12.0.1 Safari/605.1.15" 
61.139.81.89 - - [19/Mar/2021:16:15:34 +0800] "GET /api/v1/comment/?section_id=21835&limit=10&offset=0 HTTP/1.1" 200 1488 "https://www.luffycity.com/play/21835" "Mozilla/5.0 (Macintosh; Intel Mac OS X 10_14_1) AppleWebKit/605.1.15 (KHTML, like Gecko) Version/12.0.1 Safari/605.1.15" 
61.139.81.89 - - [19/Mar/2021:16:15:35 +0800] "GET /api/v1/play/21835/?play_id=21835 HTTP/1.1" 200 411 "https://www.luffycity.com/play/21835" "Mozilla/5.0 (Macintosh; Intel Mac OS X 10_14_1) AppleWebKit/605.1.15 (KHTML, like Gecko) Version/12.0.1 Safari/605.1.15" 
125.69.0.54, 39.97.49.232 - - [19/Mar/2021:16:15:40 +0800] "GET /api/v1/auth/token/ HTTP/1.1" 200 29 "http://c.biancheng.net/view/865.html" "Mozilla/5.0 (Windows NT 10.0; WOW64) AppleWebKit/537.36 (KHTML, like Gecko) Chrome/65.0.3325.181 Safari/537.36" 
125.69.0.54 - - [19/Mar/2021:16:15:41 +0800] "GET /api/v1/activity/survey/?course_id=252 HTTP/1.1" 200 11 "https://www.luffycity.com/activity/python-8days-camp?source=c" "Mozilla/5.0 (Windows NT 10.0; WOW64) AppleWebKit/537.36 (KHTML, like Gecko) Chrome/65.0.3325.181 Safari/537.36" 
218.69.55.158, 39.97.49.232 - - [19/Mar/2021:16:15:42 +0800] "GET /api/v1/auth/token/ HTTP/1.1" 200 29 "https://www.luffycity.com/" "Mozilla/5.0 (Macintosh; Intel Mac OS X 10_15_6) AppleWebKit/537.36 (KHTML, like Gecko) Chrome/89.0.4389.90 Safari/537.36" 
218.69.55.158, 39.97.49.232 - - [19/Mar/2021:16:15:42 +0800] "GET /api/v1/course/category/actual/?courseType=actual HTTP/1.1" 200 252 "https://www.luffycity.com/" "Mozilla/5.0 (Macintosh; Intel Mac OS X 10_15_6) AppleWebKit/537.36 (KHTML, like Gecko) Chrome/89.0.4389.90 Safari/537.36" 
218.69.55.158, 39.97.49.232 - - [19/Mar/2021:16:15:42 +0800] "GET /api/v1/course/actual/ HTTP/1.1" 200 25971 "https://www.luffycity.com/" "Mozilla/5.0 (Macintosh; Intel Mac OS X 10_15_6) AppleWebKit/537.36 (KHTML, like Gecko) Chrome/89.0.4389.90 Safari/537.36" 
59.67.0.196, 39.97.49.232 - - [19/Mar/2021:16:15:50 +0800] "GET /api/v1/auth/token/ HTTP/1.1" 200 402 "https://www.luffycity.com/free-course" "Mozilla/5.0 (Windows NT 10.0; Win64; x64) AppleWebKit/537.36 (KHTML, like Gecko) Chrome/87.0.4280.141 Safari/537.36" 
59.67.0.196, 39.97.49.232 - - [19/Mar/2021:16:15:50 +0800] "GET /api/v1/course/actual/ HTTP/1.1" 200 25971 "https://www.luffycity.com/free-course" "Mozilla/5.0 (Windows NT 10.0; Win64; x64) AppleWebKit/537.36 (KHTML, like Gecko) Chrome/87.0.4280.141 Safari/537.36" 
202.108.16.79 - - [19/Mar/2021:16:15:52 +0800] "OPTIONS /api/v1/survey/section/16571/?sectionId=16571 HTTP/1.1" 200 0 "https://www.luffycity.com/play/16571" "Mozilla/5.0 (Windows NT 10.0; WOW64) AppleWebKit/537.36 (KHTML, like Gecko) Chrome/80.0.3987.87 Safari/537.36 SE 2.X MetaSr 1.0" 
202.108.16.79 - - [19/Mar/2021:16:15:52 +0800] "OPTIONS /api/v1/play/16571/?play_id=16571 HTTP/1.1" 200 0 "https://www.luffycity.com/play/16571" "Mozilla/5.0 (Windows NT 10.0; WOW64) AppleWebKit/537.36 (KHTML, like Gecko) Chrome/80.0.3987.87 Safari/537.36 SE 2.X MetaSr 1.0" 
202.108.16.79 - - [19/Mar/2021:16:15:52 +0800] "GET /api/v1/comment/?section_id=16571&limit=10&offset=0 HTTP/1.1" 200 69 "https://www.luffycity.com/play/16571" "Mozilla/5.0 (Windows NT 10.0; WOW64) AppleWebKit/537.36 (KHTML, like Gecko) Chrome/80.0.3987.87 Safari/537.36 SE 2.X MetaSr 1.0" 
202.108.16.79 - - [19/Mar/2021:16:15:52 +0800] "GET /api/v1/play/16571/?play_id=16571 HTTP/1.1" 200 407 "https://www.luffycity.com/play/16571" "Mozilla/5.0 (Windows NT 10.0; WOW64) AppleWebKit/537.36 (KHTML, like Gecko) Chrome/80.0.3987.87 Safari/537.36 SE 2.X MetaSr 1.0" 
1.202.220.178 - - [19/Mar/2021:16:15:53 +0800] "OPTIONS /api/v1/play/sections/?section_id=30901 HTTP/1.1" 200 0 "https://www.luffycity.com/" "Mozilla/5.0 (Windows NT 10.0; WOW64) AppleWebKit/537.36 (KHTML, like Gecko) Chrome/89.0.4389.82 Safari/537.36" 
1.202.220.178 - - [19/Mar/2021:16:15:53 +0800] "OPTIONS /api/v1/comment/?section_id=30901&limit=10&offset=0 HTTP/1.1" 200 0 "https://www.luffycity.com/" "Mozilla/5.0 (Windows NT 10.0; WOW64) AppleWebKit/537.36 (KHTML, like Gecko) Chrome/89.0.4389.82 Safari/537.36" 
1.202.220.178 - - [19/Mar/2021:16:15:53 +0800] "GET /api/v1/play/sections/?section_id=30901 HTTP/1.1" 200 3326 "https://www.luffycity.com/" "Mozilla/5.0 (Windows NT 10.0; WOW64) AppleWebKit/537.36 (KHTML, like Gecko) Chrome/89.0.4389.82 Safari/537.36" 
1.202.220.178 - - [19/Mar/2021:16:15:54 +0800] "GET /api/v1/play/30901/?play_id=30901 HTTP/1.1" 200 414 "https://www.luffycity.com/" "Mozilla/5.0 (Windows NT 10.0; WOW64) AppleWebKit/537.36 (KHTML, like Gecko) Chrome/89.0.4389.82 Safari/537.36" 
59.67.0.196, 39.97.49.232 - - [19/Mar/2021:16:15:56 +0800] "GET /api/v1/course/degree/ HTTP/1.1" 200 949 "https://www.luffycity.com/actual-course" "Mozilla/5.0 (Windows NT 10.0; Win64; x64) AppleWebKit/537.36 (KHTML, like Gecko) Chrome/87.0.4280.141 Safari/537.36" 
101.126.130.175 - - [19/Mar/2021:16:16:12 +0800] "OPTIONS /api/v1/study/degrees/ HTTP/1.1" 200 0 "https://www.luffycity.com/" "Mozilla/5.0 (Windows NT 10.0; Win64; x64) AppleWebKit/537.36 (KHTML, like Gecko) Chrome/89.0.4389.90 Safari/537.36 Edg/89.0.774.54" 
101.126.130.175 - - [19/Mar/2021:16:16:12 +0800] "OPTIONS /api/v1/study/data/ HTTP/1.1" 200 0 "https://www.luffycity.com/" "Mozilla/5.0 (Windows NT 10.0; Win64; x64) AppleWebKit/537.36 (KHTML, like Gecko) Chrome/89.0.4389.90 Safari/537.36 Edg/89.0.774.54" 
101.126.130.175 - - [19/Mar/2021:16:16:12 +0800] "GET /api/v1/study/degrees/ HTTP/1.1" 200 146 "https://www.luffycity.com/" "Mozilla/5.0 (Windows NT 10.0; Win64; x64) AppleWebKit/537.36 (KHTML, like Gecko) Chrome/89.0.4389.90 Safari/537.36 Edg/89.0.774.54" 
101.126.130.175 - - [19/Mar/2021:16:16:12 +0800] "OPTIONS /api/v1/study/degrees/1/?degree_id=1 HTTP/1.1" 200 0 "https://www.luffycity.com/" "Mozilla/5.0 (Windows NT 10.0; Win64; x64) AppleWebKit/537.36 (KHTML, like Gecko) Chrome/89.0.4389.90 Safari/537.36 Edg/89.0.774.54" 
101.126.130.175 - - [19/Mar/2021:16:16:12 +0800] "OPTIONS /api/v1/study/degrees/1/mentor/?degree_id=1 HTTP/1.1" 200 0 "https://www.luffycity.com/" "Mozilla/5.0 (Windows NT 10.0; Win64; x64) AppleWebKit/537.36 (KHTML, like Gecko) Chrome/89.0.4389.90 Safari/537.36 Edg/89.0.774.54" 
101.126.130.175 - - [19/Mar/2021:16:16:12 +0800] "GET /api/v1/study/degrees/1/?degree_id=1 HTTP/1.1" 200 1991 "https://www.luffycity.com/" "Mozilla/5.0 (Windows NT 10.0; Win64; x64) AppleWebKit/537.36 (KHTML, like Gecko) Chrome/89.0.4389.90 Safari/537.36 Edg/89.0.774.54" 
101.126.130.175 - - [19/Mar/2021:16:16:27 +0800] "OPTIONS /api/v1/study/courses/ HTTP/1.1" 200 0 "https://www.luffycity.com/" "Mozilla/5.0 (Windows NT 10.0; Win64; x64) AppleWebKit/537.36 (KHTML, like Gecko) Chrome/89.0.4389.90 Safari/537.36 Edg/89.0.774.54" 
101.126.130.175 - - [19/Mar/2021:16:16:28 +0800] "OPTIONS /api/v1/qa/question/?limit=5&offset=0 HTTP/1.1" 200 0 "https://www.luffycity.com/" "Mozilla/5.0 (Windows NT 10.0; Win64; x64) AppleWebKit/537.36 (KHTML, like Gecko) Chrome/89.0.4389.90 Safari/537.36 Edg/89.0.774.54" 
221.218.209.152, 39.97.49.232 - - [19/Mar/2021:16:16:30 +0800] "GET /api/v1/auth/token/ HTTP/1.1" 200 389 "-" "Mozilla/5.0 (Windows NT 6.1; WOW64) AppleWebKit/537.36 (KHTML, like Gecko) Chrome/78.0.3904.108 Safari/537.36" 
218.69.55.158, 39.97.49.232 - - [19/Mar/2021:16:16:30 +0800] "GET /api/v1/result/ HTTP/1.1" 200 231 "https://www.luffycity.com/actual-course" "Mozilla/5.0 (Macintosh; Intel Mac OS X 10_15_6) AppleWebKit/537.36 (KHTML, like Gecko) Chrome/89.0.4389.90 Safari/537.36" 
221.218.209.152, 39.97.49.232 - - [19/Mar/2021:16:16:30 +0800] "GET /api/v1/result/ HTTP/1.1" 200 231 "-" "Mozilla/5.0 (Windows NT 6.1; WOW64) AppleWebKit/537.36 (KHTML, like Gecko) Chrome/78.0.3904.108 Safari/537.36" 
221.218.209.152, 39.97.49.232 - - [19/Mar/2021:16:16:30 +0800] "GET /api/v1/course/actual/?limit=3 HTTP/1.1" 200 2342 "-" "Mozilla/5.0 (Windows NT 6.1; WOW64) AppleWebKit/537.36 (KHTML, like Gecko) Chrome/78.0.3904.108 Safari/537.36" 
221.218.209.152, 39.97.49.232 - - [19/Mar/2021:16:16:30 +0800] "GET /api/v1/course/degree/ HTTP/1.1" 200 949 "-" "Mozilla/5.0 (Windows NT 6.1; WOW64) AppleWebKit/537.36 (KHTML, like Gecko) Chrome/78.0.3904.108 Safari/537.36" 
101.126.130.175 - - [19/Mar/2021:16:16:31 +0800] "GET /api/v1/study/degrees/ HTTP/1.1" 200 146 "https://www.luffycity.com/" "Mozilla/5.0 (Windows NT 10.0; Win64; x64) AppleWebKit/537.36 (KHTML, like Gecko) Chrome/89.0.4389.90 Safari/537.36 Edg/89.0.774.54" 
101.126.130.175 - - [19/Mar/2021:16:16:31 +0800] "GET /api/v1/study/data/?degree_id=1 HTTP/1.1" 200 116 "https://www.luffycity.com/" "Mozilla/5.0 (Windows NT 10.0; Win64; x64) AppleWebKit/537.36 (KHTML, like Gecko) Chrome/89.0.4389.90 Safari/537.36 Edg/89.0.774.54" 
221.218.209.152 - - [19/Mar/2021:16:16:32 +0800] "GET /api/v1/result/enroll/?resultType=enroll&limit=2 HTTP/1.1" 200 1881 "https://www.luffycity.com/" "Mozilla/5.0 (Windows NT 6.1; WOW64) AppleWebKit/537.36 (KHTML, like Gecko) Chrome/78.0.3904.108 Safari/537.36" 
221.218.209.152, 39.97.49.232 - - [19/Mar/2021:16:16:34 +0800] "GET /api/v1/result/ HTTP/1.1" 200 231 "https://www.luffycity.com/" "Mozilla/5.0 (Windows NT 6.1; WOW64) AppleWebKit/537.36 (KHTML, like Gecko) Chrome/78.0.3904.108 Safari/537.36" 
221.218.209.152, 39.97.49.232 - - [19/Mar/2021:16:16:34 +0800] "GET /api/v1/course/degree/ HTTP/1.1" 200 949 "https://www.luffycity.com/" "Mozilla/5.0 (Windows NT 6.1; WOW64) AppleWebKit/537.36 (KHTML, like Gecko) Chrome/78.0.3904.108 Safari/537.36" 
221.179.144.118, 39.97.49.232 - - [19/Mar/2021:16:16:35 +0800] "GET /api/v1/auth/token/ HTTP/1.1" 200 29 "-" "Mozilla/5.0 (Windows NT 5.2) AppleWebKit/534.30 (KHTML, like Gecko) Chrome/12.0.742.122 Safari/534.30" 
221.179.144.118, 39.97.49.232 - - [19/Mar/2021:16:16:35 +0800] "GET /api/v1/index/banner/ HTTP/1.1" 200 382 "-" "Mozilla/5.0 (Windows NT 5.2) AppleWebKit/534.30 (KHTML, like Gecko) Chrome/12.0.742.122 Safari/534.30" 
221.179.144.118, 39.97.49.232 - - [19/Mar/2021:16:16:35 +0800] "GET /api/v1/course/actual/?limit=3 HTTP/1.1" 200 2342 "-" "Mozilla/5.0 (Windows NT 5.2) AppleWebKit/534.30 (KHTML, like Gecko) Chrome/12.0.742.122 Safari/534.30" 
111.36.172.17, 39.97.49.232 - - [19/Mar/2021:16:16:36 +0800] "GET /api/v1/auth/token/ HTTP/1.1" 200 29 "https://v3.bootcss.com/" "Mozilla/5.0 (Macintosh; Intel Mac OS X 11_2_3) AppleWebKit/537.36 (KHTML, like Gecko) Chrome/89.0.4389.90 Safari/537.36" 
111.36.172.17, 39.97.49.232 - - [19/Mar/2021:16:16:36 +0800] "GET /api/v1/result/ HTTP/1.1" 200 231 "https://v3.bootcss.com/" "Mozilla/5.0 (Macintosh; Intel Mac OS X 11_2_3) AppleWebKit/537.36 (KHTML, like Gecko) Chrome/89.0.4389.90 Safari/537.36" 
111.36.172.17 - - [19/Mar/2021:16:16:36 +0800] "GET /api/v1/activity/survey/?course_id=256 HTTP/1.1" 200 11 "https://www.luffycity.com/" "Mozilla/5.0 (Macintosh; Intel Mac OS X 11_2_3) AppleWebKit/537.36 (KHTML, like Gecko) Chrome/89.0.4389.90 Safari/537.36" 
221.218.209.152 - - [19/Mar/2021:16:16:39 +0800] "OPTIONS /api/v1/course/degree/1/?courseType=degree&id=1 HTTP/1.1" 200 0 "https://www.luffycity.com/employment-course" "Mozilla/5.0 (Windows NT 6.1; WOW64) AppleWebKit/537.36 (KHTML, like Gecko) Chrome/78.0.3904.108 Safari/537.36" 
49.234.195.166 - - [19/Mar/2021:16:16:43 +0800] "POST /api/v1/pay/xiaoe/ HTTP/1.1" 200 7 "-" "-" 
221.179.144.118, 39.97.49.232 - - [19/Mar/2021:16:16:45 +0800] "GET /api/v1/auth/token/ HTTP/1.1" 200 29 "-" "Mozilla/5.0 (Windows; U; Windows NT 5.1; zh-CN; rv:1.9) Gecko/20080705 Firefox/3.0 Kapiko/3.0" 
221.179.144.118, 39.97.49.232 - - [19/Mar/2021:16:16:45 +0800] "GET /api/v1/index/banner/ HTTP/1.1" 200 382 "-" "Mozilla/5.0 (Windows; U; Windows NT 5.1; zh-CN; rv:1.9) Gecko/20080705 Firefox/3.0 Kapiko/3.0" 
36.113.134.103, 39.97.49.232 - - [19/Mar/2021:16:16:49 +0800] "GET /api/v1/auth/token/ HTTP/1.1" 200 396 "-" "Mozilla/5.0 (Windows NT 10.0; Win64; x64) AppleWebKit/537.36 (KHTML, like Gecko) Chrome/89.0.4389.90 Safari/537.36" 
36.113.134.103, 39.97.49.232 - - [19/Mar/2021:16:16:50 +0800] "GET /api/v1/course/actual/?limit=3 HTTP/1.1" 200 2342 "-" "Mozilla/5.0 (Windows NT 10.0; Win64; x64) AppleWebKit/537.36 (KHTML, like Gecko) Chrome/89.0.4389.90 Safari/537.36" 
36.113.134.103, 39.97.49.232 - - [19/Mar/2021:16:16:50 +0800] "GET /api/v1/course/degree/ HTTP/1.1" 200 949 "-" "Mozilla/5.0 (Windows NT 10.0; Win64; x64) AppleWebKit/537.36 (KHTML, like Gecko) Chrome/89.0.4389.90 Safari/537.36" 
106.39.102.136, 39.97.49.232 - - [19/Mar/2021:16:17:04 +0800] "GET /api/v1/auth/token/ HTTP/1.1" 200 29 "http://c.biancheng.net/" "Mozilla/5.0 (Windows NT 10.0; WOW64) AppleWebKit/537.36 (KHTML, like Gecko) Chrome/89.0.4389.82 Safari/537.36" 
106.39.102.136, 39.97.49.232 - - [19/Mar/2021:16:17:04 +0800] "GET /api/v1/result/ HTTP/1.1" 200 231 "http://c.biancheng.net/" "Mozilla/5.0 (Windows NT 10.0; WOW64) AppleWebKit/537.36 (KHTML, like Gecko) Chrome/89.0.4389.82 Safari/537.36" 
223.96.142.31 - - [19/Mar/2021:16:17:13 +0800] "OPTIONS /api/v1/comment/?section_id=31015&limit=10&offset=0 HTTP/1.1" 200 0 "https://www.luffycity.com/play/31015" "Mozilla/5.0 (Windows NT 6.1; WOW64) AppleWebKit/537.36 (KHTML, like Gecko) Chrome/78.0.3904.108 Safari/537.36" 
223.96.142.31 - - [19/Mar/2021:16:17:13 +0800] "OPTIONS /api/v1/survey/section/31015/?sectionId=31015 HTTP/1.1" 200 0 "https://www.luffycity.com/play/31015" "Mozilla/5.0 (Windows NT 6.1; WOW64) AppleWebKit/537.36 (KHTML, like Gecko) Chrome/78.0.3904.108 Safari/537.36" 
223.96.142.31 - - [19/Mar/2021:16:17:13 +0800] "GET /api/v1/survey/section/31015/?sectionId=31015 HTTP/1.1" 200 10 "https://www.luffycity.com/play/31015" "Mozilla/5.0 (Windows NT 6.1; WOW64) AppleWebKit/537.36 (KHTML, like Gecko) Chrome/78.0.3904.108 Safari/537.36" 
223.96.142.31 - - [19/Mar/2021:16:17:13 +0800] "GET /api/v1/play/31015/?play_id=31015 HTTP/1.1" 200 399 "https://www.luffycity.com/play/31015" "Mozilla/5.0 (Windows NT 6.1; WOW64) AppleWebKit/537.36 (KHTML, like Gecko) Chrome/78.0.3904.108 Safari/537.36" 
106.46.41.105 - - [19/Mar/2021:16:17:21 +0800] "OPTIONS /api/v1/play/5143/?play_id=5143 HTTP/1.1" 200 0 "https://www.luffycity.com/" "Mozilla/5.0 (Windows NT 10.0; Win64; x64) AppleWebKit/537.36 (KHTML, like Gecko) Chrome/89.0.4389.90 Safari/537.36 Edg/89.0.774.54" 
106.46.41.105 - - [19/Mar/2021:16:17:21 +0800] "OPTIONS /api/v1/survey/section/5143/?sectionId=5143 HTTP/1.1" 200 0 "https://www.luffycity.com/" "Mozilla/5.0 (Windows NT 10.0; Win64; x64) AppleWebKit/537.36 (KHTML, like Gecko) Chrome/89.0.4389.90 Safari/537.36 Edg/89.0.774.54" 
106.46.41.105 - - [19/Mar/2021:16:17:21 +0800] "GET /api/v1/survey/section/5143/?sectionId=5143 HTTP/1.1" 200 10 "https://www.luffycity.com/" "Mozilla/5.0 (Windows NT 10.0; Win64; x64) AppleWebKit/537.36 (KHTML, like Gecko) Chrome/89.0.4389.90 Safari/537.36 Edg/89.0.774.54" 
106.46.41.105 - - [19/Mar/2021:16:17:21 +0800] "GET /api/v1/comment/?section_id=5143&limit=10&offset=0 HTTP/1.1" 200 1208 "https://www.luffycity.com/" "Mozilla/5.0 (Windows NT 10.0; Win64; x64) AppleWebKit/537.36 (KHTML, like Gecko) Chrome/89.0.4389.90 Safari/537.36 Edg/89.0.774.54" 
40.77.190.43, 39.97.49.232 - - [19/Mar/2021:16:17:23 +0800] "GET /api/v1/result/ HTTP/1.1" 200 231 "-" "Mozilla/5.0 (Windows NT 6.1; WOW64) AppleWebKit/534+ (KHTML, like Gecko) BingPreview/1.0b" 
