120.236.177.7 - - [20/Mar/2021:23:01:34 +0800] "GET /api/v1/study/degrees/ HTTP/1.1" 200 500 "https://www.luffycity.com/" "Mozilla/5.0 (Windows NT 10.0; Win64; x64) AppleWebKit/537.36 (KHTML, like Gecko) Chrome/89.0.4389.90 Safari/537.36 Edg/89.0.774.57" 
120.236.177.7 - - [20/Mar/2021:23:01:34 +0800] "GET /api/v1/study/data/?degree_id=4 HTTP/1.1" 200 106 "https://www.luffycity.com/" "Mozilla/5.0 (Windows NT 10.0; Win64; x64) AppleWebKit/537.36 (KHTML, like Gecko) Chrome/89.0.4389.90 Safari/537.36 Edg/89.0.774.57" 
120.236.177.7 - - [20/Mar/2021:23:01:37 +0800] "OPTIONS /api/v1/study/module/degree/67726/?courseType=degree&id=67726 HTTP/1.1" 200 0 "https://www.luffycity.com/" "Mozilla/5.0 (Windows NT 10.0; Win64; x64) AppleWebKit/537.36 (KHTML, like Gecko) Chrome/89.0.4389.90 Safari/537.36 Edg/89.0.774.57" 
60.186.55.157 - - [20/Mar/2021:23:01:40 +0800] "POST /api/v1/pay/create/ HTTP/1.1" 200 124 "https://www.luffycity.com/" "Mozilla/5.0 (Windows NT 10.0; Win64; x64) AppleWebKit/537.36 (KHTML, like Gecko) Chrome/89.0.4389.90 Safari/537.36" 
60.186.55.157 - - [20/Mar/2021:23:01:41 +0800] "POST /api/v1/pay/create/ HTTP/1.1" 200 49 "https://www.luffycity.com/" "Mozilla/5.0 (Windows NT 10.0; Win64; x64) AppleWebKit/537.36 (KHTML, like Gecko) Chrome/89.0.4389.90 Safari/537.36" 
120.236.177.7 - - [20/Mar/2021:23:01:42 +0800] "GET /api/v1/study/degrees/0/mentor/?degree_id=0 HTTP/1.1" 200 137 "https://www.luffycity.com/" "Mozilla/5.0 (Windows NT 10.0; Win64; x64) AppleWebKit/537.36 (KHTML, like Gecko) Chrome/89.0.4389.90 Safari/537.36 Edg/89.0.774.57" 
120.236.177.7 - - [20/Mar/2021:23:01:42 +0800] "GET /api/v1/study/degrees/ HTTP/1.1" 200 500 "https://www.luffycity.com/" "Mozilla/5.0 (Windows NT 10.0; Win64; x64) AppleWebKit/537.36 (KHTML, like Gecko) Chrome/89.0.4389.90 Safari/537.36 Edg/89.0.774.57" 
120.236.177.7 - - [20/Mar/2021:23:01:42 +0800] "GET /api/v1/study/data/?degree_id=4 HTTP/1.1" 200 106 "https://www.luffycity.com/" "Mozilla/5.0 (Windows NT 10.0; Win64; x64) AppleWebKit/537.36 (KHTML, like Gecko) Chrome/89.0.4389.90 Safari/537.36 Edg/89.0.774.57" 
60.186.55.157, 39.97.49.232 - - [20/Mar/2021:23:01:43 +0800] "GET /api/v1/auth/token/ HTTP/1.1" 200 400 "https://www.luffycity.com/" "Mozilla/5.0 (Windows NT 10.0; Win64; x64) AppleWebKit/537.36 (KHTML, like Gecko) Chrome/89.0.4389.90 Safari/537.36" 
120.236.177.7 - - [20/Mar/2021:23:01:46 +0800] "GET /api/v1/study/module/degree/91907/?courseType=degree&id=91907 HTTP/1.1" 200 3980 "https://www.luffycity.com/" "Mozilla/5.0 (Windows NT 10.0; Win64; x64) AppleWebKit/537.36 (KHTML, like Gecko) Chrome/89.0.4389.90 Safari/537.36 Edg/89.0.774.57" 
60.186.55.157 - - [20/Mar/2021:23:01:48 +0800] "GET /api/v1/course/free/137/sections/?courseType=free&id=137 HTTP/1.1" 200 1506 "https://www.luffycity.com/" "Mozilla/5.0 (Windows NT 10.0; Win64; x64) AppleWebKit/537.36 (KHTML, like Gecko) Chrome/89.0.4389.90 Safari/537.36" 
114.249.114.186 - - [20/Mar/2021:23:01:49 +0800] "GET /api/v1/course/degree/1/sections/?courseType=degree&id=1 HTTP/1.1" 200 80557 "https://www.luffycity.com/employment-course/1/chapter" "Mozilla/5.0 (Windows NT 10.0; WOW64) AppleWebKit/537.36 (KHTML, like Gecko) Chrome/78.0.3904.108 Safari/537.36" 
120.236.177.7 - - [20/Mar/2021:23:01:52 +0800] "GET /api/v1/study/degrees/4/mentor/?degree_id=4 HTTP/1.1" 200 212 "https://www.luffycity.com/" "Mozilla/5.0 (Windows NT 10.0; Win64; x64) AppleWebKit/537.36 (KHTML, like Gecko) Chrome/89.0.4389.90 Safari/537.36 Edg/89.0.774.57" 
120.236.177.7 - - [20/Mar/2021:23:01:52 +0800] "GET /api/v1/study/data/ HTTP/1.1" 200 107 "https://www.luffycity.com/" "Mozilla/5.0 (Windows NT 10.0; Win64; x64) AppleWebKit/537.36 (KHTML, like Gecko) Chrome/89.0.4389.90 Safari/537.36 Edg/89.0.774.57" 
120.236.177.7 - - [20/Mar/2021:23:01:52 +0800] "GET /api/v1/study/degrees/4/?degree_id=4 HTTP/1.1" 200 1741 "https://www.luffycity.com/" "Mozilla/5.0 (Windows NT 10.0; Win64; x64) AppleWebKit/537.36 (KHTML, like Gecko) Chrome/89.0.4389.90 Safari/537.36 Edg/89.0.774.57" 
120.236.177.7 - - [20/Mar/2021:23:01:57 +0800] "GET /api/v1/study/degrees/0/mentor/?degree_id=0 HTTP/1.1" 200 137 "https://www.luffycity.com/" "Mozilla/5.0 (Windows NT 10.0; Win64; x64) AppleWebKit/537.36 (KHTML, like Gecko) Chrome/89.0.4389.90 Safari/537.36 Edg/89.0.774.57" 
120.236.177.7 - - [20/Mar/2021:23:01:57 +0800] "GET /api/v1/study/degrees/ HTTP/1.1" 200 500 "https://www.luffycity.com/" "Mozilla/5.0 (Windows NT 10.0; Win64; x64) AppleWebKit/537.36 (KHTML, like Gecko) Chrome/89.0.4389.90 Safari/537.36 Edg/89.0.774.57" 
120.236.177.7 - - [20/Mar/2021:23:01:57 +0800] "GET /api/v1/study/data/?degree_id=4 HTTP/1.1" 200 106 "https://www.luffycity.com/" "Mozilla/5.0 (Windows NT 10.0; Win64; x64) AppleWebKit/537.36 (KHTML, like Gecko) Chrome/89.0.4389.90 Safari/537.36 Edg/89.0.774.57" 
103.238.135.253 - - [20/Mar/2021:23:02:02 +0800] "GET /api/v1/survey/section/15273/?sectionId=15273 HTTP/1.1" 200 10 "https://www.luffycity.com/" "Mozilla/5.0 (Windows NT 10.0; Win64; x64) AppleWebKit/537.36 (KHTML, like Gecko) Chrome/86.0.4240.111 Safari/537.36" 
103.238.135.253 - - [20/Mar/2021:23:02:02 +0800] "GET /api/v1/comment/?section_id=15273&limit=10&offset=0 HTTP/1.1" 200 1036 "https://www.luffycity.com/" "Mozilla/5.0 (Windows NT 10.0; Win64; x64) AppleWebKit/537.36 (KHTML, like Gecko) Chrome/86.0.4240.111 Safari/537.36" 
101.88.228.169 - - [20/Mar/2021:23:02:03 +0800] "OPTIONS /api/v1/survey/section/31222/?sectionId=31222 HTTP/1.1" 200 0 "-" "Mozilla/5.0 (Windows NT 10.0; WOW64) AppleWebKit/537.36 (KHTML, like Gecko) Chrome/70.0.3538.25 Safari/537.36 Core/1.70.3861.400 QQBrowser/10.7.4313.400" 
101.88.228.169 - - [20/Mar/2021:23:02:03 +0800] "OPTIONS /api/v1/play/sections/?section_id=31222 HTTP/1.1" 200 0 "-" "Mozilla/5.0 (Windows NT 10.0; WOW64) AppleWebKit/537.36 (KHTML, like Gecko) Chrome/70.0.3538.25 Safari/537.36 Core/1.70.3861.400 QQBrowser/10.7.4313.400" 
101.88.228.169 - - [20/Mar/2021:23:02:03 +0800] "GET /api/v1/comment/?section_id=31222&limit=10&offset=0 HTTP/1.1" 200 521 "https://www.luffycity.com/play/31222" "Mozilla/5.0 (Windows NT 10.0; WOW64) AppleWebKit/537.36 (KHTML, like Gecko) Chrome/70.0.3538.25 Safari/537.36 Core/1.70.3861.400 QQBrowser/10.7.4313.400" 
120.236.177.7 - - [20/Mar/2021:23:02:03 +0800] "OPTIONS /api/v1/study/module/degree/67727/?courseType=degree&id=67727 HTTP/1.1" 200 0 "https://www.luffycity.com/" "Mozilla/5.0 (Windows NT 10.0; Win64; x64) AppleWebKit/537.36 (KHTML, like Gecko) Chrome/89.0.4389.90 Safari/537.36 Edg/89.0.774.57" 
101.88.228.169 - - [20/Mar/2021:23:02:03 +0800] "GET /api/v1/play/sections/?section_id=31222 HTTP/1.1" 200 3297 "https://www.luffycity.com/play/31222" "Mozilla/5.0 (Windows NT 10.0; WOW64) AppleWebKit/537.36 (KHTML, like Gecko) Chrome/70.0.3538.25 Safari/537.36 Core/1.70.3861.400 QQBrowser/10.7.4313.400" 
220.175.67.11 - - [20/Mar/2021:23:02:08 +0800] "OPTIONS /api/v1/comment/?section_id=2943&limit=10&offset=0 HTTP/1.1" 200 0 "https://www.luffycity.com/play/2943" "Mozilla/5.0 (Windows NT 10.0; Win64; x64) AppleWebKit/537.36 (KHTML, like Gecko) Chrome/78.0.3904.108 Safari/537.36" 
220.175.67.11 - - [20/Mar/2021:23:02:08 +0800] "GET /api/v1/play/sections/?section_id=2943 HTTP/1.1" 200 3450 "https://www.luffycity.com/play/2943" "Mozilla/5.0 (Windows NT 10.0; Win64; x64) AppleWebKit/537.36 (KHTML, like Gecko) Chrome/78.0.3904.108 Safari/537.36" 
220.175.67.11 - - [20/Mar/2021:23:02:08 +0800] "GET /api/v1/comment/?section_id=2943&limit=10&offset=0 HTTP/1.1" 200 1007 "https://www.luffycity.com/play/2943" "Mozilla/5.0 (Windows NT 10.0; Win64; x64) AppleWebKit/537.36 (KHTML, like Gecko) Chrome/78.0.3904.108 Safari/537.36" 
220.175.67.11 - - [20/Mar/2021:23:02:08 +0800] "GET /api/v1/play/2943/?play_id=2943 HTTP/1.1" 200 466 "https://www.luffycity.com/play/2943" "Mozilla/5.0 (Windows NT 10.0; Win64; x64) AppleWebKit/537.36 (KHTML, like Gecko) Chrome/78.0.3904.108 Safari/537.36" 
120.236.177.7 - - [20/Mar/2021:23:02:10 +0800] "GET /api/v1/study/degrees/0/mentor/?degree_id=0 HTTP/1.1" 200 137 "https://www.luffycity.com/" "Mozilla/5.0 (Windows NT 10.0; Win64; x64) AppleWebKit/537.36 (KHTML, like Gecko) Chrome/89.0.4389.90 Safari/537.36 Edg/89.0.774.57" 
120.236.177.7 - - [20/Mar/2021:23:02:10 +0800] "GET /api/v1/study/degrees/ HTTP/1.1" 200 500 "https://www.luffycity.com/" "Mozilla/5.0 (Windows NT 10.0; Win64; x64) AppleWebKit/537.36 (KHTML, like Gecko) Chrome/89.0.4389.90 Safari/537.36 Edg/89.0.774.57" 
103.238.135.253, 39.97.49.232 - - [20/Mar/2021:23:02:10 +0800] "GET /api/v1/auth/token/ HTTP/1.1" 200 375 "-" "Mozilla/5.0 (Windows NT 10.0; Win64; x64) AppleWebKit/537.36 (KHTML, like Gecko) Chrome/86.0.4240.111 Safari/537.36" 
120.236.177.7 - - [20/Mar/2021:23:02:10 +0800] "GET /api/v1/study/data/?degree_id=4 HTTP/1.1" 200 106 "https://www.luffycity.com/" "Mozilla/5.0 (Windows NT 10.0; Win64; x64) AppleWebKit/537.36 (KHTML, like Gecko) Chrome/89.0.4389.90 Safari/537.36 Edg/89.0.774.57" 
103.238.135.253 - - [20/Mar/2021:23:02:12 +0800] "GET /api/v1/play/15273/?play_id=15273 HTTP/1.1" 200 443 "https://www.luffycity.com/" "Mozilla/5.0 (Windows NT 10.0; Win64; x64) AppleWebKit/537.36 (KHTML, like Gecko) Chrome/86.0.4240.111 Safari/537.36" 
103.238.135.253 - - [20/Mar/2021:23:02:12 +0800] "GET /api/v1/play/sections/?section_id=15273 HTTP/1.1" 200 6410 "https://www.luffycity.com/" "Mozilla/5.0 (Windows NT 10.0; Win64; x64) AppleWebKit/537.36 (KHTML, like Gecko) Chrome/86.0.4240.111 Safari/537.36" 
125.36.119.65, 39.97.49.232 - - [20/Mar/2021:23:02:14 +0800] "GET /api/v1/result/ HTTP/1.1" 200 231 "https://book.apeland.cn/" "Mozilla/5.0 (Windows NT 10.0; Win64; x64) AppleWebKit/537.36 (KHTML, like Gecko) Chrome/88.0.4324.150 Safari/537.36" 
125.36.119.65, 39.97.49.232 - - [20/Mar/2021:23:02:15 +0800] "GET /api/v1/course/home-free/?limit=3 HTTP/1.1" 200 865 "https://book.apeland.cn/" "Mozilla/5.0 (Windows NT 10.0; Win64; x64) AppleWebKit/537.36 (KHTML, like Gecko) Chrome/88.0.4324.150 Safari/537.36" 
223.20.59.232, 39.97.49.232 - - [20/Mar/2021:23:02:16 +0800] "GET /api/v1/auth/token/ HTTP/1.1" 200 29 "-" "Mozilla/5.0 (Windows NT 10.0; Win64; x64) AppleWebKit/537.36 (KHTML, like Gecko) Chrome/89.0.4389.90 Safari/537.36" 
223.20.59.232, 39.97.49.232 - - [20/Mar/2021:23:02:16 +0800] "GET /api/v1/auth/token/ HTTP/1.1" 200 29 "-" "Mozilla/5.0 (Windows NT 10.0; Win64; x64) AppleWebKit/537.36 (KHTML, like Gecko) Chrome/89.0.4389.90 Safari/537.36" 
223.20.59.232, 39.97.49.232 - - [20/Mar/2021:23:02:16 +0800] "GET /api/v1/auth/token/ HTTP/1.1" 200 29 "-" "Mozilla/5.0 (Windows NT 10.0; Win64; x64) AppleWebKit/537.36 (KHTML, like Gecko) Chrome/89.0.4389.90 Safari/537.36" 
223.20.59.232, 39.97.49.232 - - [20/Mar/2021:23:02:16 +0800] "GET /api/v1/index/banner/ HTTP/1.1" 200 382 "-" "Mozilla/5.0 (Windows NT 10.0; Win64; x64) AppleWebKit/537.36 (KHTML, like Gecko) Chrome/89.0.4389.90 Safari/537.36" 
223.20.59.232, 39.97.49.232 - - [20/Mar/2021:23:02:16 +0800] "GET /api/v1/course/actual/?limit=3 HTTP/1.1" 200 2342 "-" "Mozilla/5.0 (Windows NT 10.0; Win64; x64) AppleWebKit/537.36 (KHTML, like Gecko) Chrome/89.0.4389.90 Safari/537.36" 
223.20.59.232, 39.97.49.232 - - [20/Mar/2021:23:02:16 +0800] "GET /api/v1/course/degree/ HTTP/1.1" 200 948 "-" "Mozilla/5.0 (Windows NT 10.0; Win64; x64) AppleWebKit/537.36 (KHTML, like Gecko) Chrome/89.0.4389.90 Safari/537.36" 
223.20.59.232, 39.97.49.232 - - [20/Mar/2021:23:02:17 +0800] "GET /api/v1/course/home-free/?limit=3 HTTP/1.1" 200 865 "-" "Mozilla/5.0 (Windows NT 10.0; Win64; x64) AppleWebKit/537.36 (KHTML, like Gecko) Chrome/89.0.4389.90 Safari/537.36" 
61.181.219.156 - - [20/Mar/2021:23:02:18 +0800] "OPTIONS /api/v1/play/sections/?section_id=31716 HTTP/1.1" 200 0 "https://www.luffycity.com/" "Mozilla/5.0 (Macintosh; Intel Mac OS X 11_2_3) AppleWebKit/537.36 (KHTML, like Gecko) Chrome/89.0.4389.90 Safari/537.36" 
61.181.219.156 - - [20/Mar/2021:23:02:18 +0800] "OPTIONS /api/v1/play/31716/?play_id=31716 HTTP/1.1" 200 0 "https://www.luffycity.com/" "Mozilla/5.0 (Macintosh; Intel Mac OS X 11_2_3) AppleWebKit/537.36 (KHTML, like Gecko) Chrome/89.0.4389.90 Safari/537.36" 
61.181.219.156 - - [20/Mar/2021:23:02:18 +0800] "GET /api/v1/comment/?section_id=31716&limit=10&offset=0 HTTP/1.1" 200 69 "https://www.luffycity.com/" "Mozilla/5.0 (Macintosh; Intel Mac OS X 11_2_3) AppleWebKit/537.36 (KHTML, like Gecko) Chrome/89.0.4389.90 Safari/537.36" 
61.181.219.156 - - [20/Mar/2021:23:02:18 +0800] "GET /api/v1/play/sections/?section_id=31716 HTTP/1.1" 200 2224 "https://www.luffycity.com/" "Mozilla/5.0 (Macintosh; Intel Mac OS X 11_2_3) AppleWebKit/537.36 (KHTML, like Gecko) Chrome/89.0.4389.90 Safari/537.36" 
61.181.219.156 - - [20/Mar/2021:23:02:18 +0800] "GET /api/v1/study/degrees/0/mentor/?degree_id=0 HTTP/1.1" 200 137 "https://www.luffycity.com/" "Mozilla/5.0 (Macintosh; Intel Mac OS X 11_2_3) AppleWebKit/537.36 (KHTML, like Gecko) Chrome/89.0.4389.90 Safari/537.36" 
61.181.219.156 - - [20/Mar/2021:23:02:18 +0800] "GET /api/v1/study/degrees/ HTTP/1.1" 200 138 "https://www.luffycity.com/" "Mozilla/5.0 (Macintosh; Intel Mac OS X 11_2_3) AppleWebKit/537.36 (KHTML, like Gecko) Chrome/89.0.4389.90 Safari/537.36" 
61.181.219.156 - - [20/Mar/2021:23:02:19 +0800] "GET /api/v1/study/data/?degree_id=23 HTTP/1.1" 200 115 "https://www.luffycity.com/" "Mozilla/5.0 (Macintosh; Intel Mac OS X 11_2_3) AppleWebKit/537.36 (KHTML, like Gecko) Chrome/89.0.4389.90 Safari/537.36" 
120.236.177.7 - - [20/Mar/2021:23:02:19 +0800] "GET /api/v1/study/module/degree/67725/?courseType=degree&id=67725 HTTP/1.1" 200 1340 "https://www.luffycity.com/" "Mozilla/5.0 (Windows NT 10.0; Win64; x64) AppleWebKit/537.36 (KHTML, like Gecko) Chrome/89.0.4389.90 Safari/537.36 Edg/89.0.774.57" 
223.20.59.232 - - [20/Mar/2021:23:02:20 +0800] "OPTIONS /api/v1/auth/wechat/ HTTP/1.1" 200 0 "https://www.luffycity.com/" "Mozilla/5.0 (Windows NT 10.0; Win64; x64) AppleWebKit/537.36 (KHTML, like Gecko) Chrome/89.0.4389.90 Safari/537.36" 
223.20.59.232 - - [20/Mar/2021:23:02:20 +0800] "GET /api/v1/auth/wechat/ HTTP/1.1" 200 232 "https://www.luffycity.com/" "Mozilla/5.0 (Windows NT 10.0; Win64; x64) AppleWebKit/537.36 (KHTML, like Gecko) Chrome/89.0.4389.90 Safari/537.36" 
223.20.59.232 - - [20/Mar/2021:23:02:20 +0800] "OPTIONS /api/v1/play/11720/?play_id=11720 HTTP/1.1" 200 0 "https://www.luffycity.com/" "Mozilla/5.0 (Windows NT 10.0; Win64; x64) AppleWebKit/537.36 (KHTML, like Gecko) Chrome/89.0.4389.90 Safari/537.36" 
223.20.59.232 - - [20/Mar/2021:23:02:20 +0800] "GET /api/v1/survey/section/11720/?sectionId=11720 HTTP/1.1" 200 64 "https://www.luffycity.com/" "Mozilla/5.0 (Windows NT 10.0; Win64; x64) AppleWebKit/537.36 (KHTML, like Gecko) Chrome/89.0.4389.90 Safari/537.36" 
223.20.59.232 - - [20/Mar/2021:23:02:20 +0800] "GET /api/v1/play/sections/?section_id=11720 HTTP/1.1" 200 7754 "https://www.luffycity.com/" "Mozilla/5.0 (Windows NT 10.0; Win64; x64) AppleWebKit/537.36 (KHTML, like Gecko) Chrome/89.0.4389.90 Safari/537.36" 
223.20.59.232 - - [20/Mar/2021:23:02:20 +0800] "GET /api/v1/comment/?section_id=11720&limit=10&offset=0 HTTP/1.1" 200 1704 "https://www.luffycity.com/" "Mozilla/5.0 (Windows NT 10.0; Win64; x64) AppleWebKit/537.36 (KHTML, like Gecko) Chrome/89.0.4389.90 Safari/537.36" 
223.20.59.232 - - [20/Mar/2021:23:02:20 +0800] "GET /api/v1/result/enroll/?resultType=enroll&limit=2 HTTP/1.1" 200 1976 "https://www.luffycity.com/" "Mozilla/5.0 (Windows NT 10.0; Win64; x64) AppleWebKit/537.36 (KHTML, like Gecko) Chrome/89.0.4389.90 Safari/537.36" 
183.199.204.188 - - [20/Mar/2021:23:02:21 +0800] "OPTIONS /api/v1/survey/section/6792/?sectionId=6792 HTTP/1.1" 200 0 "https://www.luffycity.com/" "Mozilla/5.0 (Windows NT 10.0; Win64; x64) AppleWebKit/537.36 (KHTML, like Gecko) Chrome/89.0.4389.90 Safari/537.36 Edg/89.0.774.54" 
183.199.204.188 - - [20/Mar/2021:23:02:21 +0800] "OPTIONS /api/v1/play/sections/?section_id=6792 HTTP/1.1" 200 0 "https://www.luffycity.com/" "Mozilla/5.0 (Windows NT 10.0; Win64; x64) AppleWebKit/537.36 (KHTML, like Gecko) Chrome/89.0.4389.90 Safari/537.36 Edg/89.0.774.54" 
183.199.204.188 - - [20/Mar/2021:23:02:21 +0800] "GET /api/v1/play/sections/?section_id=6792 HTTP/1.1" 200 8339 "https://www.luffycity.com/" "Mozilla/5.0 (Windows NT 10.0; Win64; x64) AppleWebKit/537.36 (KHTML, like Gecko) Chrome/89.0.4389.90 Safari/537.36 Edg/89.0.774.54" 
183.199.204.188 - - [20/Mar/2021:23:02:22 +0800] "GET /api/v1/play/6792/?play_id=6792 HTTP/1.1" 200 445 "https://www.luffycity.com/" "Mozilla/5.0 (Windows NT 10.0; Win64; x64) AppleWebKit/537.36 (KHTML, like Gecko) Chrome/89.0.4389.90 Safari/537.36 Edg/89.0.774.54" 
61.181.219.156 - - [20/Mar/2021:23:02:22 +0800] "GET /api/v1/play/sections/?section_id=31716 HTTP/1.1" 200 2220 "https://www.luffycity.com/" "Mozilla/5.0 (Macintosh; Intel Mac OS X 11_2_3) AppleWebKit/537.36 (KHTML, like Gecko) Chrome/89.0.4389.90 Safari/537.36" 
61.181.219.156 - - [20/Mar/2021:23:02:23 +0800] "GET /api/v1/play/31716/?play_id=31716 HTTP/1.1" 200 413 "https://www.luffycity.com/" "Mozilla/5.0 (Macintosh; Intel Mac OS X 11_2_3) AppleWebKit/537.36 (KHTML, like Gecko) Chrome/89.0.4389.90 Safari/537.36" 
61.181.219.156 - - [20/Mar/2021:23:02:29 +0800] "GET /api/v1/play/sections/?section_id=31709 HTTP/1.1" 200 2220 "https://www.luffycity.com/" "Mozilla/5.0 (Macintosh; Intel Mac OS X 11_2_3) AppleWebKit/537.36 (KHTML, like Gecko) Chrome/89.0.4389.90 Safari/537.36" 
61.181.219.156 - - [20/Mar/2021:23:02:29 +0800] "GET /api/v1/play/31709/?play_id=31709 HTTP/1.1" 200 417 "https://www.luffycity.com/" "Mozilla/5.0 (Macintosh; Intel Mac OS X 11_2_3) AppleWebKit/537.36 (KHTML, like Gecko) Chrome/89.0.4389.90 Safari/537.36" 
120.236.177.7 - - [20/Mar/2021:23:02:29 +0800] "GET /api/v1/study/degrees/4/mentor/?degree_id=4 HTTP/1.1" 200 212 "https://www.luffycity.com/" "Mozilla/5.0 (Windows NT 10.0; Win64; x64) AppleWebKit/537.36 (KHTML, like Gecko) Chrome/89.0.4389.90 Safari/537.36 Edg/89.0.774.57" 
120.236.177.7 - - [20/Mar/2021:23:02:29 +0800] "GET /api/v1/study/data/ HTTP/1.1" 200 107 "https://www.luffycity.com/" "Mozilla/5.0 (Windows NT 10.0; Win64; x64) AppleWebKit/537.36 (KHTML, like Gecko) Chrome/89.0.4389.90 Safari/537.36 Edg/89.0.774.57" 
120.236.177.7 - - [20/Mar/2021:23:02:30 +0800] "GET /api/v1/study/degrees/4/?degree_id=4 HTTP/1.1" 200 1741 "https://www.luffycity.com/" "Mozilla/5.0 (Windows NT 10.0; Win64; x64) AppleWebKit/537.36 (KHTML, like Gecko) Chrome/89.0.4389.90 Safari/537.36 Edg/89.0.774.57" 
60.186.55.157 - - [20/Mar/2021:23:02:31 +0800] "OPTIONS /api/v1/play/sections/?section_id=14796 HTTP/1.1" 200 0 "https://www.luffycity.com/" "Mozilla/5.0 (Windows NT 10.0; Win64; x64) AppleWebKit/537.36 (KHTML, like Gecko) Chrome/89.0.4389.90 Safari/537.36" 
60.186.55.157 - - [20/Mar/2021:23:02:31 +0800] "OPTIONS /api/v1/play/14796/?play_id=14796 HTTP/1.1" 200 0 "https://www.luffycity.com/" "Mozilla/5.0 (Windows NT 10.0; Win64; x64) AppleWebKit/537.36 (KHTML, like Gecko) Chrome/89.0.4389.90 Safari/537.36" 
60.186.55.157 - - [20/Mar/2021:23:02:31 +0800] "GET /api/v1/survey/section/14796/?sectionId=14796 HTTP/1.1" 200 10 "https://www.luffycity.com/" "Mozilla/5.0 (Windows NT 10.0; Win64; x64) AppleWebKit/537.36 (KHTML, like Gecko) Chrome/89.0.4389.90 Safari/537.36" 
60.186.55.157 - - [20/Mar/2021:23:02:31 +0800] "GET /api/v1/play/sections/?section_id=14796 HTTP/1.1" 200 1506 "https://www.luffycity.com/" "Mozilla/5.0 (Windows NT 10.0; Win64; x64) AppleWebKit/537.36 (KHTML, like Gecko) Chrome/89.0.4389.90 Safari/537.36" 
180.164.92.174 - - [20/Mar/2021:23:02:37 +0800] "OPTIONS /api/v1/survey/section/11811/?sectionId=11811 HTTP/1.1" 200 0 "https://www.luffycity.com/play/11811" "Mozilla/5.0 (Windows NT 6.1; WOW64) AppleWebKit/537.36 (KHTML, like Gecko) Chrome/78.0.3904.108 Safari/537.36" 
180.164.92.174 - - [20/Mar/2021:23:02:37 +0800] "OPTIONS /api/v1/comment/?section_id=11811&limit=10&offset=0 HTTP/1.1" 200 0 "https://www.luffycity.com/play/11811" "Mozilla/5.0 (Windows NT 6.1; WOW64) AppleWebKit/537.36 (KHTML, like Gecko) Chrome/78.0.3904.108 Safari/537.36" 
180.164.92.174 - - [20/Mar/2021:23:02:37 +0800] "GET /api/v1/survey/section/11811/?sectionId=11811 HTTP/1.1" 200 10 "https://www.luffycity.com/play/11811" "Mozilla/5.0 (Windows NT 6.1; WOW64) AppleWebKit/537.36 (KHTML, like Gecko) Chrome/78.0.3904.108 Safari/537.36" 
180.164.92.174 - - [20/Mar/2021:23:02:37 +0800] "GET /api/v1/play/11811/?play_id=11811 HTTP/1.1" 200 431 "https://www.luffycity.com/play/11811" "Mozilla/5.0 (Windows NT 6.1; WOW64) AppleWebKit/537.36 (KHTML, like Gecko) Chrome/78.0.3904.108 Safari/537.36" 
103.238.135.253 - - [20/Mar/2021:23:02:41 +0800] "OPTIONS /api/v1/play/sections/?section_id=15271 HTTP/1.1" 200 0 "https://www.luffycity.com/" "Mozilla/5.0 (Windows NT 10.0; Win64; x64) AppleWebKit/537.36 (KHTML, like Gecko) Chrome/86.0.4240.111 Safari/537.36" 
103.238.135.253 - - [20/Mar/2021:23:02:41 +0800] "OPTIONS /api/v1/play/15271/?play_id=15271 HTTP/1.1" 200 0 "https://www.luffycity.com/" "Mozilla/5.0 (Windows NT 10.0; Win64; x64) AppleWebKit/537.36 (KHTML, like Gecko) Chrome/86.0.4240.111 Safari/537.36" 
103.238.135.253 - - [20/Mar/2021:23:02:41 +0800] "GET /api/v1/play/15271/?play_id=15271 HTTP/1.1" 200 419 "https://www.luffycity.com/" "Mozilla/5.0 (Windows NT 10.0; Win64; x64) AppleWebKit/537.36 (KHTML, like Gecko) Chrome/86.0.4240.111 Safari/537.36" 
103.238.135.253 - - [20/Mar/2021:23:02:41 +0800] "GET /api/v1/play/sections/?section_id=15271 HTTP/1.1" 200 6410 "https://www.luffycity.com/" "Mozilla/5.0 (Windows NT 10.0; Win64; x64) AppleWebKit/537.36 (KHTML, like Gecko) Chrome/86.0.4240.111 Safari/537.36" 
220.175.67.11 - - [20/Mar/2021:23:02:49 +0800] "OPTIONS /api/v1/play/sections/?section_id=2944 HTTP/1.1" 200 0 "https://www.luffycity.com/play/2944" "Mozilla/5.0 (Windows NT 10.0; Win64; x64) AppleWebKit/537.36 (KHTML, like Gecko) Chrome/78.0.3904.108 Safari/537.36" 
220.175.67.11 - - [20/Mar/2021:23:02:50 +0800] "OPTIONS /api/v1/play/2944/?play_id=2944 HTTP/1.1" 200 0 "https://www.luffycity.com/play/2944" "Mozilla/5.0 (Windows NT 10.0; Win64; x64) AppleWebKit/537.36 (KHTML, like Gecko) Chrome/78.0.3904.108 Safari/537.36" 
220.175.67.11 - - [20/Mar/2021:23:02:50 +0800] "OPTIONS /api/v1/survey/section/2944/?sectionId=2944 HTTP/1.1" 200 0 "https://www.luffycity.com/play/2944" "Mozilla/5.0 (Windows NT 10.0; Win64; x64) AppleWebKit/537.36 (KHTML, like Gecko) Chrome/78.0.3904.108 Safari/537.36" 
220.175.67.11 - - [20/Mar/2021:23:02:50 +0800] "GET /api/v1/comment/?section_id=2944&limit=10&offset=0 HTTP/1.1" 200 1007 "https://www.luffycity.com/play/2944" "Mozilla/5.0 (Windows NT 10.0; Win64; x64) AppleWebKit/537.36 (KHTML, like Gecko) Chrome/78.0.3904.108 Safari/537.36" 
220.175.67.11 - - [20/Mar/2021:23:02:50 +0800] "GET /api/v1/play/2944/?play_id=2944 HTTP/1.1" 200 469 "https://www.luffycity.com/play/2944" "Mozilla/5.0 (Windows NT 10.0; Win64; x64) AppleWebKit/537.36 (KHTML, like Gecko) Chrome/78.0.3904.108 Safari/537.36" 
101.88.228.169 - - [20/Mar/2021:23:02:50 +0800] "OPTIONS /api/v1/play/sections/?section_id=31223 HTTP/1.1" 200 0 "-" "Mozilla/5.0 (Windows NT 10.0; WOW64) AppleWebKit/537.36 (KHTML, like Gecko) Chrome/70.0.3538.25 Safari/537.36 Core/1.70.3861.400 QQBrowser/10.7.4313.400" 
101.88.228.169 - - [20/Mar/2021:23:02:50 +0800] "OPTIONS /api/v1/play/31223/?play_id=31223 HTTP/1.1" 200 0 "-" "Mozilla/5.0 (Windows NT 10.0; WOW64) AppleWebKit/537.36 (KHTML, like Gecko) Chrome/70.0.3538.25 Safari/537.36 Core/1.70.3861.400 QQBrowser/10.7.4313.400" 
101.88.228.169 - - [20/Mar/2021:23:02:51 +0800] "GET /api/v1/play/sections/?section_id=31223 HTTP/1.1" 200 3301 "https://www.luffycity.com/play/31223" "Mozilla/5.0 (Windows NT 10.0; WOW64) AppleWebKit/537.36 (KHTML, like Gecko) Chrome/70.0.3538.25 Safari/537.36 Core/1.70.3861.400 QQBrowser/10.7.4313.400" 
101.88.228.169 - - [20/Mar/2021:23:02:51 +0800] "GET /api/v1/play/31223/?play_id=31223 HTTP/1.1" 200 435 "https://www.luffycity.com/play/31223" "Mozilla/5.0 (Windows NT 10.0; WOW64) AppleWebKit/537.36 (KHTML, like Gecko) Chrome/70.0.3538.25 Safari/537.36 Core/1.70.3861.400 QQBrowser/10.7.4313.400" 
120.236.177.7 - - [20/Mar/2021:23:02:55 +0800] "GET /api/v1/study/module/degree/7323/?courseType=degree&id=7323 HTTP/1.1" 200 3471 "https://www.luffycity.com/" "Mozilla/5.0 (Windows NT 10.0; Win64; x64) AppleWebKit/537.36 (KHTML, like Gecko) Chrome/89.0.4389.90 Safari/537.36 Edg/89.0.774.57" 
120.236.177.7 - - [20/Mar/2021:23:03:03 +0800] "GET /api/v1/study/degrees/4/mentor/?degree_id=4 HTTP/1.1" 200 212 "https://www.luffycity.com/" "Mozilla/5.0 (Windows NT 10.0; Win64; x64) AppleWebKit/537.36 (KHTML, like Gecko) Chrome/89.0.4389.90 Safari/537.36 Edg/89.0.774.57" 
120.236.177.7 - - [20/Mar/2021:23:03:03 +0800] "GET /api/v1/study/data/ HTTP/1.1" 200 107 "https://www.luffycity.com/" "Mozilla/5.0 (Windows NT 10.0; Win64; x64) AppleWebKit/537.36 (KHTML, like Gecko) Chrome/89.0.4389.90 Safari/537.36 Edg/89.0.774.57" 
120.236.177.7 - - [20/Mar/2021:23:03:03 +0800] "GET /api/v1/study/degrees/4/?degree_id=4 HTTP/1.1" 200 1741 "https://www.luffycity.com/" "Mozilla/5.0 (Windows NT 10.0; Win64; x64) AppleWebKit/537.36 (KHTML, like Gecko) Chrome/89.0.4389.90 Safari/537.36 Edg/89.0.774.57" 
120.236.177.7 - - [20/Mar/2021:23:03:04 +0800] "OPTIONS /api/v1/study/data/?degree_id=1 HTTP/1.1" 200 0 "https://www.luffycity.com/" "Mozilla/5.0 (Windows NT 10.0; Win64; x64) AppleWebKit/537.36 (KHTML, like Gecko) Chrome/89.0.4389.90 Safari/537.36 Edg/89.0.774.57" 
120.236.177.7 - - [20/Mar/2021:23:03:04 +0800] "GET /api/v1/study/degrees/1/mentor/?degree_id=1 HTTP/1.1" 200 229 "https://www.luffycity.com/" "Mozilla/5.0 (Windows NT 10.0; Win64; x64) AppleWebKit/537.36 (KHTML, like Gecko) Chrome/89.0.4389.90 Safari/537.36 Edg/89.0.774.57" 
120.236.177.7 - - [20/Mar/2021:23:03:05 +0800] "GET /api/v1/study/data/?degree_id=1 HTTP/1.1" 200 111 "https://www.luffycity.com/" "Mozilla/5.0 (Windows NT 10.0; Win64; x64) AppleWebKit/537.36 (KHTML, like Gecko) Chrome/89.0.4389.90 Safari/537.36 Edg/89.0.774.57" 
14.123.195.23, 39.97.49.232 - - [20/Mar/2021:23:03:06 +0800] "GET /api/v1/index/banner/ HTTP/1.1" 200 382 "https://www.google.com/" "Mozilla/5.0 (Windows NT 10.0; Win64; x64) AppleWebKit/537.36 (KHTML, like Gecko) Chrome/89.0.4389.90 Safari/537.36" 
14.123.195.23, 39.97.49.232 - - [20/Mar/2021:23:03:06 +0800] "GET /api/v1/course/actual/?limit=3 HTTP/1.1" 200 2342 "https://www.google.com/" "Mozilla/5.0 (Windows NT 10.0; Win64; x64) AppleWebKit/537.36 (KHTML, like Gecko) Chrome/89.0.4389.90 Safari/537.36" 
14.123.195.23, 39.97.49.232 - - [20/Mar/2021:23:03:06 +0800] "GET /api/v1/course/degree/ HTTP/1.1" 200 948 "https://www.google.com/" "Mozilla/5.0 (Windows NT 10.0; Win64; x64) AppleWebKit/537.36 (KHTML, like Gecko) Chrome/89.0.4389.90 Safari/537.36" 
14.123.195.23 - - [20/Mar/2021:23:03:18 +0800] "OPTIONS /api/v1/result/enroll/?resultType=enroll&limit=2 HTTP/1.1" 200 0 "https://www.luffycity.com/" "Mozilla/5.0 (Windows NT 10.0; Win64; x64) AppleWebKit/537.36 (KHTML, like Gecko) Chrome/89.0.4389.90 Safari/537.36" 
120.236.177.7 - - [20/Mar/2021:23:03:19 +0800] "GET /api/v1/study/module/degree/7253/?courseType=degree&id=7253 HTTP/1.1" 200 8293 "https://www.luffycity.com/" "Mozilla/5.0 (Windows NT 10.0; Win64; x64) AppleWebKit/537.36 (KHTML, like Gecko) Chrome/89.0.4389.90 Safari/537.36 Edg/89.0.774.57" 
14.123.195.23, 39.97.49.232 - - [20/Mar/2021:23:03:22 +0800] "GET /api/v1/auth/token/ HTTP/1.1" 200 29 "https://www.luffycity.com/" "Mozilla/5.0 (Windows NT 10.0; Win64; x64) AppleWebKit/537.36 (KHTML, like Gecko) Chrome/89.0.4389.90 Safari/537.36" 
14.123.195.23, 39.97.49.232 - - [20/Mar/2021:23:03:22 +0800] "GET /api/v1/course/category/free/?courseType=free HTTP/1.1" 200 174 "https://www.luffycity.com/" "Mozilla/5.0 (Windows NT 10.0; Win64; x64) AppleWebKit/537.36 (KHTML, like Gecko) Chrome/89.0.4389.90 Safari/537.36" 
120.239.172.172 - - [20/Mar/2021:23:03:23 +0800] "OPTIONS /api/v1/study/degrees/ HTTP/1.1" 200 0 "https://www.luffycity.com/study/degree" "Mozilla/5.0 (Windows NT 10.0; WOW64) AppleWebKit/537.36 (KHTML, like Gecko) Chrome/79.0.3945.79 Safari/537.36" 
120.239.172.172 - - [20/Mar/2021:23:03:23 +0800] "OPTIONS /api/v1/study/degrees/0/mentor/?degree_id=0 HTTP/1.1" 200 0 "https://www.luffycity.com/study/degree" "Mozilla/5.0 (Windows NT 10.0; WOW64) AppleWebKit/537.36 (KHTML, like Gecko) Chrome/79.0.3945.79 Safari/537.36" 
120.239.172.172 - - [20/Mar/2021:23:03:23 +0800] "GET /api/v1/study/data/ HTTP/1.1" 200 64 "https://www.luffycity.com/study/degree" "Mozilla/5.0 (Windows NT 10.0; WOW64) AppleWebKit/537.36 (KHTML, like Gecko) Chrome/79.0.3945.79 Safari/537.36" 
120.239.172.172 - - [20/Mar/2021:23:03:23 +0800] "GET /api/v1/study/degrees/0/mentor/?degree_id=0 HTTP/1.1" 200 64 "https://www.luffycity.com/study/degree" "Mozilla/5.0 (Windows NT 10.0; WOW64) AppleWebKit/537.36 (KHTML, like Gecko) Chrome/79.0.3945.79 Safari/537.36" 
120.236.177.7 - - [20/Mar/2021:23:03:23 +0800] "GET /api/v1/study/degrees/1/mentor/?degree_id=1 HTTP/1.1" 200 229 "https://www.luffycity.com/" "Mozilla/5.0 (Windows NT 10.0; Win64; x64) AppleWebKit/537.36 (KHTML, like Gecko) Chrome/89.0.4389.90 Safari/537.36 Edg/89.0.774.57" 
120.236.177.7 - - [20/Mar/2021:23:03:23 +0800] "GET /api/v1/study/data/ HTTP/1.1" 200 107 "https://www.luffycity.com/" "Mozilla/5.0 (Windows NT 10.0; Win64; x64) AppleWebKit/537.36 (KHTML, like Gecko) Chrome/89.0.4389.90 Safari/537.36 Edg/89.0.774.57" 
120.236.177.7 - - [20/Mar/2021:23:03:23 +0800] "GET /api/v1/study/degrees/1/?degree_id=1 HTTP/1.1" 200 1980 "https://www.luffycity.com/" "Mozilla/5.0 (Windows NT 10.0; Win64; x64) AppleWebKit/537.36 (KHTML, like Gecko) Chrome/89.0.4389.90 Safari/537.36 Edg/89.0.774.57" 
120.236.177.7 - - [20/Mar/2021:23:03:31 +0800] "GET /api/v1/study/module/degree/51641/?courseType=degree&id=51641 HTTP/1.1" 200 1530 "https://www.luffycity.com/" "Mozilla/5.0 (Windows NT 10.0; Win64; x64) AppleWebKit/537.36 (KHTML, like Gecko) Chrome/89.0.4389.90 Safari/537.36 Edg/89.0.774.57" 
223.81.157.48, 39.97.49.232 - - [20/Mar/2021:23:03:33 +0800] "GET /api/v1/result/ HTTP/1.1" 200 231 "https://v3.bootcss.com/" "Mozilla/5.0 (Windows NT 10.0; Win64; x64; rv:86.0) Gecko/20100101 Firefox/86.0" 
223.81.157.48 - - [20/Mar/2021:23:03:34 +0800] "GET /api/v1/activity/survey/?course_id=256 HTTP/1.1" 200 11 "https://www.luffycity.com/activity/vue-camp?source=bootcss" "Mozilla/5.0 (Windows NT 10.0; Win64; x64; rv:86.0) Gecko/20100101 Firefox/86.0" 
49.234.195.166 - - [20/Mar/2021:23:03:41 +0800] "POST /api/v1/pay/xiaoe/ HTTP/1.1" 200 7 "-" "-" 
120.236.177.7 - - [20/Mar/2021:23:03:41 +0800] "GET /api/v1/study/data/ HTTP/1.1" 200 107 "https://www.luffycity.com/" "Mozilla/5.0 (Windows NT 10.0; Win64; x64) AppleWebKit/537.36 (KHTML, like Gecko) Chrome/89.0.4389.90 Safari/537.36 Edg/89.0.774.57" 
120.236.177.7 - - [20/Mar/2021:23:03:41 +0800] "GET /api/v1/study/degrees/1/mentor/?degree_id=1 HTTP/1.1" 200 229 "https://www.luffycity.com/" "Mozilla/5.0 (Windows NT 10.0; Win64; x64) AppleWebKit/537.36 (KHTML, like Gecko) Chrome/89.0.4389.90 Safari/537.36 Edg/89.0.774.57" 
120.236.177.7 - - [20/Mar/2021:23:03:42 +0800] "GET /api/v1/study/degrees/1/?degree_id=1 HTTP/1.1" 200 1980 "https://www.luffycity.com/" "Mozilla/5.0 (Windows NT 10.0; Win64; x64) AppleWebKit/537.36 (KHTML, like Gecko) Chrome/89.0.4389.90 Safari/537.36 Edg/89.0.774.57" 
120.236.177.7 - - [20/Mar/2021:23:03:44 +0800] "GET /api/v1/study/module/degree/7254/?courseType=degree&id=7254 HTTP/1.1" 200 7389 "https://www.luffycity.com/" "Mozilla/5.0 (Windows NT 10.0; Win64; x64) AppleWebKit/537.36 (KHTML, like Gecko) Chrome/89.0.4389.90 Safari/537.36 Edg/89.0.774.57" 
36.44.28.207 - - [20/Mar/2021:23:03:51 +0800] "POST /api/v1/survey/section/30875/?sectionId=30875 HTTP/1.1" 200 10 "https://www.luffycity.com/play/30875" "Mozilla/5.0 (Windows NT 10.0; WOW64) AppleWebKit/537.36 (KHTML, like Gecko) Chrome/86.0.4240.198 Safari/537.36" 
36.44.28.207 - - [20/Mar/2021:23:03:53 +0800] "OPTIONS /api/v1/play/sections/?section_id=30876 HTTP/1.1" 200 0 "https://www.luffycity.com/play/30876" "Mozilla/5.0 (Windows NT 10.0; WOW64) AppleWebKit/537.36 (KHTML, like Gecko) Chrome/86.0.4240.198 Safari/537.36" 
36.44.28.207 - - [20/Mar/2021:23:03:53 +0800] "OPTIONS /api/v1/play/30876/?play_id=30876 HTTP/1.1" 200 0 "https://www.luffycity.com/play/30876" "Mozilla/5.0 (Windows NT 10.0; WOW64) AppleWebKit/537.36 (KHTML, like Gecko) Chrome/86.0.4240.198 Safari/537.36" 
36.44.28.207 - - [20/Mar/2021:23:03:53 +0800] "GET /api/v1/survey/section/30876/?sectionId=30876 HTTP/1.1" 200 10 "https://www.luffycity.com/play/30876" "Mozilla/5.0 (Windows NT 10.0; WOW64) AppleWebKit/537.36 (KHTML, like Gecko) Chrome/86.0.4240.198 Safari/537.36" 
36.44.28.207 - - [20/Mar/2021:23:03:53 +0800] "GET /api/v1/comment/?section_id=30876&limit=10&offset=0 HTTP/1.1" 200 1643 "https://www.luffycity.com/play/30876" "Mozilla/5.0 (Windows NT 10.0; WOW64) AppleWebKit/537.36 (KHTML, like Gecko) Chrome/86.0.4240.198 Safari/537.36" 
120.243.100.42 - - [20/Mar/2021:23:03:57 +0800] "OPTIONS /api/v1/survey/section/19444/?sectionId=19444 HTTP/1.1" 200 0 "https://www.luffycity.com/" "Mozilla/5.0 (Windows NT 10.0; Win64; x64) AppleWebKit/537.36 (KHTML, like Gecko) Chrome/89.0.4389.90 Safari/537.36 Edg/89.0.774.54" 
120.243.100.42 - - [20/Mar/2021:23:03:57 +0800] "OPTIONS /api/v1/play/19444/?play_id=19444 HTTP/1.1" 200 0 "https://www.luffycity.com/" "Mozilla/5.0 (Windows NT 10.0; Win64; x64) AppleWebKit/537.36 (KHTML, like Gecko) Chrome/89.0.4389.90 Safari/537.36 Edg/89.0.774.54" 
120.243.100.42 - - [20/Mar/2021:23:03:57 +0800] "GET /api/v1/survey/section/19444/?sectionId=19444 HTTP/1.1" 200 10 "https://www.luffycity.com/" "Mozilla/5.0 (Windows NT 10.0; Win64; x64) AppleWebKit/537.36 (KHTML, like Gecko) Chrome/89.0.4389.90 Safari/537.36 Edg/89.0.774.54" 
120.243.100.42 - - [20/Mar/2021:23:03:57 +0800] "GET /api/v1/play/sections/?section_id=19444 HTTP/1.1" 200 2449 "https://www.luffycity.com/" "Mozilla/5.0 (Windows NT 10.0; Win64; x64) AppleWebKit/537.36 (KHTML, like Gecko) Chrome/89.0.4389.90 Safari/537.36 Edg/89.0.774.54" 
61.151.178.197, 39.97.49.232 - - [20/Mar/2021:23:03:58 +0800] "GET /api/v1/auth/token/ HTTP/1.1" 200 29 "-" "Mozilla/5.0 (Windows NT 6.1; WOW64) AppleWebKit/537.36 (KHTML, like Gecko) Chrome/56.0.2924.87 Safari/537.36" 
220.175.67.11 - - [20/Mar/2021:23:04:09 +0800] "OPTIONS /api/v1/comment/?section_id=2945&limit=10&offset=0 HTTP/1.1" 200 0 "https://www.luffycity.com/play/2945" "Mozilla/5.0 (Windows NT 10.0; Win64; x64) AppleWebKit/537.36 (KHTML, like Gecko) Chrome/78.0.3904.108 Safari/537.36" 
220.175.67.11 - - [20/Mar/2021:23:04:09 +0800] "OPTIONS /api/v1/survey/section/2945/?sectionId=2945 HTTP/1.1" 200 0 "https://www.luffycity.com/play/2945" "Mozilla/5.0 (Windows NT 10.0; Win64; x64) AppleWebKit/537.36 (KHTML, like Gecko) Chrome/78.0.3904.108 Safari/537.36" 
220.175.67.11 - - [20/Mar/2021:23:04:09 +0800] "GET /api/v1/play/2945/?play_id=2945 HTTP/1.1" 200 469 "https://www.luffycity.com/play/2945" "Mozilla/5.0 (Windows NT 10.0; Win64; x64) AppleWebKit/537.36 (KHTML, like Gecko) Chrome/78.0.3904.108 Safari/537.36" 
113.70.99.69 - - [20/Mar/2021:23:04:21 +0800] "POST /api/v1/survey/section/30971/?sectionId=30971 HTTP/1.1" 200 10 "https://www.luffycity.com/play/30971" "Mozilla/5.0 (Windows NT 10.0; Win64; x64; rv:86.0) Gecko/20100101 Firefox/86.0" 
113.70.99.69 - - [20/Mar/2021:23:04:23 +0800] "OPTIONS /api/v1/comment/?section_id=30972&limit=10&offset=0 HTTP/1.1" 200 0 "https://www.luffycity.com/play/30972" "Mozilla/5.0 (Windows NT 10.0; Win64; x64; rv:86.0) Gecko/20100101 Firefox/86.0" 
113.70.99.69 - - [20/Mar/2021:23:04:23 +0800] "OPTIONS /api/v1/survey/section/30972/?sectionId=30972 HTTP/1.1" 200 0 "https://www.luffycity.com/play/30972" "Mozilla/5.0 (Windows NT 10.0; Win64; x64; rv:86.0) Gecko/20100101 Firefox/86.0" 
113.70.99.69 - - [20/Mar/2021:23:04:23 +0800] "GET /api/v1/survey/section/30972/?sectionId=30972 HTTP/1.1" 200 10 "https://www.luffycity.com/play/30972" "Mozilla/5.0 (Windows NT 10.0; Win64; x64; rv:86.0) Gecko/20100101 Firefox/86.0" 
113.70.99.69 - - [20/Mar/2021:23:04:23 +0800] "GET /api/v1/play/30972/?play_id=30972 HTTP/1.1" 200 430 "https://www.luffycity.com/play/30972" "Mozilla/5.0 (Windows NT 10.0; Win64; x64; rv:86.0) Gecko/20100101 Firefox/86.0" 
60.186.55.157 - - [20/Mar/2021:23:04:25 +0800] "OPTIONS /api/v1/survey/section/14798/?sectionId=14798 HTTP/1.1" 200 0 "https://www.luffycity.com/" "Mozilla/5.0 (Windows NT 10.0; Win64; x64) AppleWebKit/537.36 (KHTML, like Gecko) Chrome/89.0.4389.90 Safari/537.36" 
60.186.55.157 - - [20/Mar/2021:23:04:25 +0800] "OPTIONS /api/v1/comment/?section_id=14798&limit=10&offset=0 HTTP/1.1" 200 0 "https://www.luffycity.com/" "Mozilla/5.0 (Windows NT 10.0; Win64; x64) AppleWebKit/537.36 (KHTML, like Gecko) Chrome/89.0.4389.90 Safari/537.36" 
60.186.55.157 - - [20/Mar/2021:23:04:25 +0800] "GET /api/v1/comment/?section_id=14798&limit=10&offset=0 HTTP/1.1" 200 1203 "https://www.luffycity.com/" "Mozilla/5.0 (Windows NT 10.0; Win64; x64) AppleWebKit/537.36 (KHTML, like Gecko) Chrome/89.0.4389.90 Safari/537.36" 
60.186.55.157 - - [20/Mar/2021:23:04:25 +0800] "GET /api/v1/play/14798/?play_id=14798 HTTP/1.1" 200 365 "https://www.luffycity.com/" "Mozilla/5.0 (Windows NT 10.0; Win64; x64) AppleWebKit/537.36 (KHTML, like Gecko) Chrome/89.0.4389.90 Safari/537.36" 
1.207.113.56, 39.97.49.232 - - [20/Mar/2021:23:04:30 +0800] "GET /api/v1/auth/token/ HTTP/1.1" 200 29 "-" "Mozilla/5.0 (Windows NT 10.0; Win64; x64) AppleWebKit/537.36 (KHTML, like Gecko) Chrome/89.0.4389.90 Safari/537.36 Edg/89.0.774.57" 
1.207.113.56, 39.97.49.232 - - [20/Mar/2021:23:04:30 +0800] "GET /api/v1/result/ HTTP/1.1" 200 231 "-" "Mozilla/5.0 (Windows NT 10.0; Win64; x64) AppleWebKit/537.36 (KHTML, like Gecko) Chrome/89.0.4389.90 Safari/537.36 Edg/89.0.774.57" 
1.207.113.56, 39.97.49.232 - - [20/Mar/2021:23:04:30 +0800] "GET /api/v1/index/banner/ HTTP/1.1" 200 382 "-" "Mozilla/5.0 (Windows NT 10.0; Win64; x64) AppleWebKit/537.36 (KHTML, like Gecko) Chrome/89.0.4389.90 Safari/537.36 Edg/89.0.774.57" 
1.207.113.56, 39.97.49.232 - - [20/Mar/2021:23:04:30 +0800] "GET /api/v1/course/degree/ HTTP/1.1" 200 948 "-" "Mozilla/5.0 (Windows NT 10.0; Win64; x64) AppleWebKit/537.36 (KHTML, like Gecko) Chrome/89.0.4389.90 Safari/537.36 Edg/89.0.774.57" 
110.152.35.249 - - [20/Mar/2021:23:04:30 +0800] "OPTIONS /api/v1/play/sections/?section_id=25514 HTTP/1.1" 200 0 "https://www.luffycity.com/" "Mozilla/5.0 (Windows NT 10.0; Win64; x64) AppleWebKit/537.36 (KHTML, like Gecko) Chrome/89.0.4389.90 Safari/537.36" 
110.152.35.249 - - [20/Mar/2021:23:04:30 +0800] "OPTIONS /api/v1/survey/section/25514/?sectionId=25514 HTTP/1.1" 200 0 "https://www.luffycity.com/" "Mozilla/5.0 (Windows NT 10.0; Win64; x64) AppleWebKit/537.36 (KHTML, like Gecko) Chrome/89.0.4389.90 Safari/537.36" 
110.152.35.249 - - [20/Mar/2021:23:04:31 +0800] "GET /api/v1/play/sections/?section_id=25514 HTTP/1.1" 200 1881 "https://www.luffycity.com/" "Mozilla/5.0 (Windows NT 10.0; Win64; x64) AppleWebKit/537.36 (KHTML, like Gecko) Chrome/89.0.4389.90 Safari/537.36" 
110.152.35.249 - - [20/Mar/2021:23:04:31 +0800] "GET /api/v1/play/25514/?play_id=25514 HTTP/1.1" 200 427 "https://www.luffycity.com/" "Mozilla/5.0 (Windows NT 10.0; Win64; x64) AppleWebKit/537.36 (KHTML, like Gecko) Chrome/89.0.4389.90 Safari/537.36" 
1.207.113.56 - - [20/Mar/2021:23:04:32 +0800] "GET /api/v1/result/enroll/?resultType=enroll&limit=2 HTTP/1.1" 200 1976 "https://www.luffycity.com/" "Mozilla/5.0 (Windows NT 10.0; Win64; x64) AppleWebKit/537.36 (KHTML, like Gecko) Chrome/89.0.4389.90 Safari/537.36 Edg/89.0.774.57" 
14.106.224.62 - - [20/Mar/2021:23:04:34 +0800] "OPTIONS /api/v1/play/sections/?section_id=19426 HTTP/1.1" 200 0 "-" "Mozilla/5.0 (Windows NT 10.0; WOW64) AppleWebKit/537.36 (KHTML, like Gecko) Chrome/70.0.3538.25 Safari/537.36 Core/1.70.3861.400 QQBrowser/10.7.4313.400" 
14.106.224.62 - - [20/Mar/2021:23:04:34 +0800] "OPTIONS /api/v1/survey/section/19426/?sectionId=19426 HTTP/1.1" 200 0 "-" "Mozilla/5.0 (Windows NT 10.0; WOW64) AppleWebKit/537.36 (KHTML, like Gecko) Chrome/70.0.3538.25 Safari/537.36 Core/1.70.3861.400 QQBrowser/10.7.4313.400" 
14.106.224.62 - - [20/Mar/2021:23:04:34 +0800] "GET /api/v1/comment/?section_id=19426&limit=10&offset=0 HTTP/1.1" 200 1801 "https://www.luffycity.com/play/19426" "Mozilla/5.0 (Windows NT 10.0; WOW64) AppleWebKit/537.36 (KHTML, like Gecko) Chrome/70.0.3538.25 Safari/537.36 Core/1.70.3861.400 QQBrowser/10.7.4313.400" 
14.106.224.62 - - [20/Mar/2021:23:04:34 +0800] "GET /api/v1/play/19426/?play_id=19426 HTTP/1.1" 200 411 "https://www.luffycity.com/play/19426" "Mozilla/5.0 (Windows NT 10.0; WOW64) AppleWebKit/537.36 (KHTML, like Gecko) Chrome/70.0.3538.25 Safari/537.36 Core/1.70.3861.400 QQBrowser/10.7.4313.400" 
223.88.102.158 - - [20/Mar/2021:23:04:37 +0800] "GET /api/v1/study/degrees/ HTTP/1.1" 200 146 "https://www.luffycity.com/study/degree" "Mozilla/5.0 (Windows NT 6.1; Win64; x64) AppleWebKit/537.36 (KHTML, like Gecko) Chrome/83.0.4103.116 Safari/537.36" 
223.88.102.158 - - [20/Mar/2021:23:04:37 +0800] "GET /api/v1/study/data/ HTTP/1.1" 200 112 "https://www.luffycity.com/study/degree" "Mozilla/5.0 (Windows NT 6.1; Win64; x64) AppleWebKit/537.36 (KHTML, like Gecko) Chrome/83.0.4103.116 Safari/537.36" 
223.88.102.158 - - [20/Mar/2021:23:04:37 +0800] "GET /api/v1/study/data/?degree_id=1 HTTP/1.1" 200 118 "https://www.luffycity.com/study/degree" "Mozilla/5.0 (Windows NT 6.1; Win64; x64) AppleWebKit/537.36 (KHTML, like Gecko) Chrome/83.0.4103.116 Safari/537.36" 
60.64.139.153 - - [20/Mar/2021:23:04:39 +0800] "GET /api/v1/study/degrees/23/mentor/?degree_id=23 HTTP/1.1" 200 182 "https://www.luffycity.com/" "Mozilla/5.0 (Windows NT 10.0; Win64; x64) AppleWebKit/537.36 (KHTML, like Gecko) Chrome/89.0.4389.90 Safari/537.36 Edg/89.0.774.57" 
60.64.139.153 - - [20/Mar/2021:23:04:39 +0800] "GET /api/v1/study/data/ HTTP/1.1" 200 108 "https://www.luffycity.com/" "Mozilla/5.0 (Windows NT 10.0; Win64; x64) AppleWebKit/537.36 (KHTML, like Gecko) Chrome/89.0.4389.90 Safari/537.36 Edg/89.0.774.57" 
60.64.139.153 - - [20/Mar/2021:23:04:39 +0800] "GET /api/v1/study/degrees/23/?degree_id=23 HTTP/1.1" 200 1605 "https://www.luffycity.com/" "Mozilla/5.0 (Windows NT 10.0; Win64; x64) AppleWebKit/537.36 (KHTML, like Gecko) Chrome/89.0.4389.90 Safari/537.36 Edg/89.0.774.57" 
1.207.113.56 - - [20/Mar/2021:23:04:42 +0800] "GET /api/v1/course/free/124/?courseType=free&id=124 HTTP/1.1" 200 2001 "https://www.luffycity.com/" "Mozilla/5.0 (Windows NT 10.0; Win64; x64) AppleWebKit/537.36 (KHTML, like Gecko) Chrome/89.0.4389.90 Safari/537.36 Edg/89.0.774.57" 
1.207.113.56 - - [20/Mar/2021:23:04:42 +0800] "GET /api/v1/course/free/124/sections/?courseType=free&id=124 HTTP/1.1" 200 3097 "https://www.luffycity.com/" "Mozilla/5.0 (Windows NT 10.0; Win64; x64) AppleWebKit/537.36 (KHTML, like Gecko) Chrome/89.0.4389.90 Safari/537.36 Edg/89.0.774.57" 
60.64.139.153 - - [20/Mar/2021:23:04:45 +0800] "OPTIONS /api/v1/study/module/283/homework/227/?moduleId=283&homeworkId=227 HTTP/1.1" 200 0 "https://www.luffycity.com/" "Mozilla/5.0 (Windows NT 10.0; Win64; x64) AppleWebKit/537.36 (KHTML, like Gecko) Chrome/89.0.4389.90 Safari/537.36 Edg/89.0.774.57" 
60.64.139.153 - - [20/Mar/2021:23:04:46 +0800] "GET /api/v1/study/module/283/homework/?moduleId=283 HTTP/1.1" 200 524 "https://www.luffycity.com/" "Mozilla/5.0 (Windows NT 10.0; Win64; x64) AppleWebKit/537.36 (KHTML, like Gecko) Chrome/89.0.4389.90 Safari/537.36 Edg/89.0.774.57" 
60.64.139.153 - - [20/Mar/2021:23:04:46 +0800] "GET /api/v1/survey/homework/?surveyType=homework HTTP/1.1" 200 416 "https://www.luffycity.com/" "Mozilla/5.0 (Windows NT 10.0; Win64; x64) AppleWebKit/537.36 (KHTML, like Gecko) Chrome/89.0.4389.90 Safari/537.36 Edg/89.0.774.57" 
220.175.67.11 - - [20/Mar/2021:23:04:52 +0800] "OPTIONS /api/v1/play/sections/?section_id=2946 HTTP/1.1" 200 0 "https://www.luffycity.com/play/2946" "Mozilla/5.0 (Windows NT 10.0; Win64; x64) AppleWebKit/537.36 (KHTML, like Gecko) Chrome/78.0.3904.108 Safari/537.36" 
220.175.67.11 - - [20/Mar/2021:23:04:53 +0800] "OPTIONS /api/v1/play/2946/?play_id=2946 HTTP/1.1" 200 0 "https://www.luffycity.com/play/2946" "Mozilla/5.0 (Windows NT 10.0; Win64; x64) AppleWebKit/537.36 (KHTML, like Gecko) Chrome/78.0.3904.108 Safari/537.36" 
220.175.67.11 - - [20/Mar/2021:23:04:53 +0800] "OPTIONS /api/v1/survey/section/2946/?sectionId=2946 HTTP/1.1" 200 0 "https://www.luffycity.com/play/2946" "Mozilla/5.0 (Windows NT 10.0; Win64; x64) AppleWebKit/537.36 (KHTML, like Gecko) Chrome/78.0.3904.108 Safari/537.36" 
220.175.67.11 - - [20/Mar/2021:23:04:53 +0800] "GET /api/v1/play/2946/?play_id=2946 HTTP/1.1" 200 475 "https://www.luffycity.com/play/2946" "Mozilla/5.0 (Windows NT 10.0; Win64; x64) AppleWebKit/537.36 (KHTML, like Gecko) Chrome/78.0.3904.108 Safari/537.36" 
222.91.148.149 - - [20/Mar/2021:23:05:01 +0800] "POST /api/v1/survey/section/30916/?sectionId=30916 HTTP/1.1" 200 10 "https://www.luffycity.com/" "Mozilla/5.0 (Windows NT 10.0; Win64; x64) AppleWebKit/537.36 (KHTML, like Gecko) Chrome/89.0.4389.90 Safari/537.36 Edg/89.0.774.54" 
222.129.52.2 - - [20/Mar/2021:23:05:01 +0800] "OPTIONS /api/v1/study/data/ HTTP/1.1" 200 0 "https://www.luffycity.com/" "Mozilla/5.0 (Macintosh; Intel Mac OS X 10_15_6) AppleWebKit/605.1.15 (KHTML, like Gecko) Version/14.0.3 Safari/605.1.15" 
222.129.52.2 - - [20/Mar/2021:23:05:01 +0800] "GET /api/v1/study/degrees/0/mentor/?degree_id=0 HTTP/1.1" 200 137 "https://www.luffycity.com/study/special" "Mozilla/5.0 (Macintosh; Intel Mac OS X 10_15_6) AppleWebKit/605.1.15 (KHTML, like Gecko) Version/14.0.3 Safari/605.1.15" 
222.129.52.2 - - [20/Mar/2021:23:05:01 +0800] "GET /api/v1/study/courses/ HTTP/1.1" 200 972 "https://www.luffycity.com/study/special" "Mozilla/5.0 (Macintosh; Intel Mac OS X 10_15_6) AppleWebKit/605.1.15 (KHTML, like Gecko) Version/14.0.3 Safari/605.1.15" 
222.129.52.2 - - [20/Mar/2021:23:05:02 +0800] "GET /api/v1/study/module/actual/40908/?courseType=actual&id=40908 HTTP/1.1" 200 7199 "https://www.luffycity.com/study/special" "Mozilla/5.0 (Macintosh; Intel Mac OS X 10_15_6) AppleWebKit/605.1.15 (KHTML, like Gecko) Version/14.0.3 Safari/605.1.15" 
222.91.148.149 - - [20/Mar/2021:23:05:02 +0800] "OPTIONS /api/v1/comment/?section_id=30915&limit=10&offset=0 HTTP/1.1" 200 0 "https://www.luffycity.com/" "Mozilla/5.0 (Windows NT 10.0; Win64; x64) AppleWebKit/537.36 (KHTML, like Gecko) Chrome/89.0.4389.90 Safari/537.36 Edg/89.0.774.54" 
222.91.148.149 - - [20/Mar/2021:23:05:02 +0800] "OPTIONS /api/v1/survey/section/30915/?sectionId=30915 HTTP/1.1" 200 0 "https://www.luffycity.com/" "Mozilla/5.0 (Windows NT 10.0; Win64; x64) AppleWebKit/537.36 (KHTML, like Gecko) Chrome/89.0.4389.90 Safari/537.36 Edg/89.0.774.54" 
222.91.148.149 - - [20/Mar/2021:23:05:02 +0800] "GET /api/v1/survey/section/30915/?sectionId=30915 HTTP/1.1" 200 10 "https://www.luffycity.com/" "Mozilla/5.0 (Windows NT 10.0; Win64; x64) AppleWebKit/537.36 (KHTML, like Gecko) Chrome/89.0.4389.90 Safari/537.36 Edg/89.0.774.54" 
222.91.148.149 - - [20/Mar/2021:23:05:02 +0800] "GET /api/v1/play/sections/?section_id=30915 HTTP/1.1" 200 3292 "https://www.luffycity.com/" "Mozilla/5.0 (Windows NT 10.0; Win64; x64) AppleWebKit/537.36 (KHTML, like Gecko) Chrome/89.0.4389.90 Safari/537.36 Edg/89.0.774.54" 
1.207.113.56 - - [20/Mar/2021:23:05:11 +0800] "GET /api/v1/auth/wechat/ HTTP/1.1" 200 232 "https://www.luffycity.com/" "Mozilla/5.0 (Windows NT 10.0; Win64; x64) AppleWebKit/537.36 (KHTML, like Gecko) Chrome/89.0.4389.90 Safari/537.36 Edg/89.0.774.57" 
222.212.204.120, 39.97.49.232 - - [20/Mar/2021:23:05:13 +0800] "GET /api/v1/auth/token/ HTTP/1.1" 200 29 "-" "Mozilla/5.0 (Windows NT 10.0; Win64; x64) AppleWebKit/537.36 (KHTML, like Gecko) Chrome/89.0.4389.90 Safari/537.36" 
222.212.204.120, 39.97.49.232 - - [20/Mar/2021:23:05:14 +0800] "GET /api/v1/result/ HTTP/1.1" 200 231 "-" "Mozilla/5.0 (Windows NT 10.0; Win64; x64) AppleWebKit/537.36 (KHTML, like Gecko) Chrome/89.0.4389.90 Safari/537.36" 
222.212.204.120, 39.97.49.232 - - [20/Mar/2021:23:05:14 +0800] "GET /api/v1/index/banner/ HTTP/1.1" 200 382 "-" "Mozilla/5.0 (Windows NT 10.0; Win64; x64) AppleWebKit/537.36 (KHTML, like Gecko) Chrome/89.0.4389.90 Safari/537.36" 
222.212.204.120, 39.97.49.232 - - [20/Mar/2021:23:05:14 +0800] "GET /api/v1/course/actual/?limit=3 HTTP/1.1" 200 2342 "-" "Mozilla/5.0 (Windows NT 10.0; Win64; x64) AppleWebKit/537.36 (KHTML, like Gecko) Chrome/89.0.4389.90 Safari/537.36" 
222.212.204.120 - - [20/Mar/2021:23:05:17 +0800] "GET /api/v1/result/enroll/?resultType=enroll&limit=2 HTTP/1.1" 200 1976 "https://www.luffycity.com/" "Mozilla/5.0 (Windows NT 10.0; Win64; x64) AppleWebKit/537.36 (KHTML, like Gecko) Chrome/89.0.4389.90 Safari/537.36" 
222.212.204.120 - - [20/Mar/2021:23:05:19 +0800] "GET /api/v1/auth/wechat/ HTTP/1.1" 200 232 "https://www.luffycity.com/" "Mozilla/5.0 (Windows NT 10.0; Win64; x64) AppleWebKit/537.36 (KHTML, like Gecko) Chrome/89.0.4389.90 Safari/537.36" 
120.231.213.225 - - [20/Mar/2021:23:05:20 +0800] "OPTIONS /api/v1/activity/survey/?course_id=256 HTTP/1.1" 200 0 "https://www.luffycity.com/" "Mozilla/5.0 (Windows NT 10.0; Win64; x64) AppleWebKit/537.36 (KHTML, like Gecko) Chrome/89.0.4389.90 Safari/537.36 Edg/89.0.774.57" 
222.212.204.120 - - [20/Mar/2021:23:05:20 +0800] "POST /api/v1/auth/password/login/?loginWay=password HTTP/1.1" 200 274 "https://www.luffycity.com/" "Mozilla/5.0 (Windows NT 10.0; Win64; x64) AppleWebKit/537.36 (KHTML, like Gecko) Chrome/89.0.4389.90 Safari/537.36" 
222.212.204.120 - - [20/Mar/2021:23:05:21 +0800] "GET /api/v1/auth/token/ HTTP/1.1" 200 370 "https://www.luffycity.com/" "Mozilla/5.0 (Windows NT 10.0; Win64; x64) AppleWebKit/537.36 (KHTML, like Gecko) Chrome/89.0.4389.90 Safari/537.36" 
