203.208.60.7 - - [19/Mar/2021:02:25:59 +0800] "OPTIONS /api/v1/comment/?course_id=160&limit=10&offset=0 HTTP/1.1" 200 0 "https://www.luffycity.com/" "Mozilla/5.0 AppleWebKit/537.36 (KHTML, like Gecko; compatible; Googlebot/2.1; +http://www.google.com/bot.html) Chrome/89.0.4389.84 Safari/537.36" 
203.208.60.73 - - [19/Mar/2021:02:26:00 +0800] "OPTIONS /api/v1/course/actual/160/payment/?courseType=actual&id=160 HTTP/1.1" 200 0 "https://www.luffycity.com/" "Mozilla/5.0 AppleWebKit/537.36 (KHTML, like Gecko; compatible; Googlebot/2.1; +http://www.google.com/bot.html) Chrome/89.0.4389.84 Safari/537.36" 
203.208.60.26, 39.97.49.232 - - [19/Mar/2021:02:32:28 +0800] "GET /api/v1/auth/token/ HTTP/1.1" 200 29 "-" "Mozilla/5.0 (compatible; Googlebot/2.1; +http://www.google.com/bot.html)" 
203.208.60.26, 39.97.49.232 - - [19/Mar/2021:02:32:28 +0800] "GET /api/v1/result/ HTTP/1.1" 200 231 "-" "Mozilla/5.0 (compatible; Googlebot/2.1; +http://www.google.com/bot.html)" 
203.208.60.115 - - [19/Mar/2021:02:32:32 +0800] "OPTIONS /api/v1/course/actual/252/payment/?courseType=actual&id=252 HTTP/1.1" 200 0 "https://www.luffycity.com/" "Mozilla/5.0 AppleWebKit/537.36 (KHTML, like Gecko; compatible; Googlebot/2.1; +http://www.google.com/bot.html) Chrome/89.0.4389.84 Safari/537.36" 
203.208.60.63 - - [19/Mar/2021:02:32:33 +0800] "OPTIONS /api/v1/media/play/a34aa824b36d49ce82167d0bc66819a1/?suffix=a34aa824b36d49ce82167d0bc66819a1 HTTP/1.1" 200 0 "https://www.luffycity.com/" "Mozilla/5.0 AppleWebKit/537.36 (KHTML, like Gecko; compatible; Googlebot/2.1; +http://www.google.com/bot.html) Chrome/89.0.4389.84 Safari/537.36" 
203.208.60.127 - - [19/Mar/2021:02:32:35 +0800] "GET /api/v1/course/actual/252/payment/?courseType=actual&id=252 HTTP/1.1" 200 312 "https://www.luffycity.com/" "Mozilla/5.0 AppleWebKit/537.36 (KHTML, like Gecko; compatible; Googlebot/2.1; +http://www.google.com/bot.html) Chrome/89.0.4389.84 Safari/537.36" 
117.143.154.41 - - [19/Mar/2021:02:35:10 +0800] "OPTIONS /api/v1/survey/section/14670/?sectionId=14670 HTTP/1.1" 200 0 "https://www.luffycity.com/" "Mozilla/5.0 (Windows NT 10.0; Win64; x64) AppleWebKit/537.36 (KHTML, like Gecko) Chrome/89.0.4389.90 Safari/537.36" 
117.143.154.41 - - [19/Mar/2021:02:35:10 +0800] "OPTIONS /api/v1/play/sections/?section_id=14670 HTTP/1.1" 200 0 "https://www.luffycity.com/" "Mozilla/5.0 (Windows NT 10.0; Win64; x64) AppleWebKit/537.36 (KHTML, like Gecko) Chrome/89.0.4389.90 Safari/537.36" 
117.143.154.41 - - [19/Mar/2021:02:35:10 +0800] "GET /api/v1/play/sections/?section_id=14670 HTTP/1.1" 200 2076 "https://www.luffycity.com/" "Mozilla/5.0 (Windows NT 10.0; Win64; x64) AppleWebKit/537.36 (KHTML, like Gecko) Chrome/89.0.4389.90 Safari/537.36" 
117.143.154.41 - - [19/Mar/2021:02:35:10 +0800] "GET /api/v1/comment/?section_id=14670&limit=10&offset=0 HTTP/1.1" 200 1530 "https://www.luffycity.com/" "Mozilla/5.0 (Windows NT 10.0; Win64; x64) AppleWebKit/537.36 (KHTML, like Gecko) Chrome/89.0.4389.90 Safari/537.36" 
203.208.60.121, 39.97.49.232 - - [19/Mar/2021:02:36:28 +0800] "GET /api/v1/result/ HTTP/1.1" 200 231 "-" "Mozilla/5.0 (compatible; Googlebot/2.1; +http://www.google.com/bot.html)" 
203.208.60.121, 39.97.49.232 - - [19/Mar/2021:02:36:28 +0800] "GET /api/v1/index/banner/ HTTP/1.1" 200 382 "-" "Mozilla/5.0 (compatible; Googlebot/2.1; +http://www.google.com/bot.html)" 
203.208.60.121, 39.97.49.232 - - [19/Mar/2021:02:36:28 +0800] "GET /api/v1/course/degree/ HTTP/1.1" 200 951 "-" "Mozilla/5.0 (compatible; Googlebot/2.1; +http://www.google.com/bot.html)" 
203.208.60.122, 39.97.49.232 - - [19/Mar/2021:02:37:05 +0800] "GET /api/v1/auth/token/ HTTP/1.1" 200 29 "-" "Mozilla/5.0 (compatible; Googlebot/2.1; +http://www.google.com/bot.html)" 
203.208.60.122, 39.97.49.232 - - [19/Mar/2021:02:37:05 +0800] "GET /api/v1/result/ HTTP/1.1" 200 231 "-" "Mozilla/5.0 (compatible; Googlebot/2.1; +http://www.google.com/bot.html)" 
203.208.60.122, 39.97.49.232 - - [19/Mar/2021:02:37:05 +0800] "GET /api/v1/course/free/138/?courseType=free&id=138 HTTP/1.1" 200 1373 "-" "Mozilla/5.0 (compatible; Googlebot/2.1; +http://www.google.com/bot.html)" 
203.208.60.46 - - [19/Mar/2021:02:37:17 +0800] "OPTIONS /api/v1/result/enroll/?resultType=enroll&limit=2 HTTP/1.1" 200 0 "https://www.luffycity.com/" "Mozilla/5.0 AppleWebKit/537.36 (KHTML, like Gecko; compatible; Googlebot/2.1; +http://www.google.com/bot.html) Safari/537.36" 
203.208.60.60, 39.97.49.232 - - [19/Mar/2021:02:39:49 +0800] "GET /api/v1/auth/token/ HTTP/1.1" 200 29 "-" "Mozilla/5.0 (compatible; Googlebot/2.1; +http://www.google.com/bot.html)" 
203.208.60.60, 39.97.49.232 - - [19/Mar/2021:02:39:49 +0800] "GET /api/v1/course/actual/6/?courseType=actual&id=6 HTTP/1.1" 200 1228 "-" "Mozilla/5.0 (compatible; Googlebot/2.1; +http://www.google.com/bot.html)" 
171.37.36.125, 39.97.49.232 - - [19/Mar/2021:02:41:05 +0800] "GET /api/v1/auth/token/ HTTP/1.1" 200 29 "-" "Mozilla/5.0 (X11; Linux x86_64) AppleWebKit/535.21 (KHTML, like Gecko) Chrome/19.0.1042.0 Safari/535.21" 
171.37.36.125, 39.97.49.232 - - [19/Mar/2021:02:41:05 +0800] "GET /api/v1/result/ HTTP/1.1" 200 231 "-" "Mozilla/5.0 (X11; Linux x86_64) AppleWebKit/535.21 (KHTML, like Gecko) Chrome/19.0.1042.0 Safari/535.21" 
171.37.36.125, 39.97.49.232 - - [19/Mar/2021:02:41:05 +0800] "GET /api/v1/course/degree/ HTTP/1.1" 200 951 "-" "Mozilla/5.0 (X11; Linux x86_64) AppleWebKit/535.21 (KHTML, like Gecko) Chrome/19.0.1042.0 Safari/535.21" 
171.37.36.125, 39.97.49.232 - - [19/Mar/2021:02:41:05 +0800] "GET /api/v1/course/home-free/?limit=3 HTTP/1.1" 200 865 "-" "Mozilla/5.0 (X11; Linux x86_64) AppleWebKit/535.21 (KHTML, like Gecko) Chrome/19.0.1042.0 Safari/535.21" 
203.208.60.35 - - [19/Mar/2021:02:41:17 +0800] "GET /api/v1/course/actual/6/?courseType=actual&id=6 HTTP/1.1" 200 1228 "https://m.luffycity.com/actual-course/6/detail" "Mozilla/5.0 AppleWebKit/537.36 (KHTML, like Gecko; compatible; Googlebot/2.1; +http://www.google.com/bot.html) Chrome/89.0.4389.84 Safari/537.36" 
203.208.60.10 - - [19/Mar/2021:02:41:19 +0800] "GET /api/v1/media/play/619f9feac3894076be808d61d4b4d8fa/?suffix=619f9feac3894076be808d61d4b4d8fa HTTP/1.1" 200 1762 "https://m.luffycity.com/actual-course/6/detail" "Mozilla/5.0 AppleWebKit/537.36 (KHTML, like Gecko; compatible; Googlebot/2.1; +http://www.google.com/bot.html) Chrome/89.0.4389.84 Safari/537.36" 
223.96.142.31 - - [19/Mar/2021:02:42:54 +0800] "GET /api/v1/survey/section/31010/?sectionId=31010 HTTP/1.1" 200 10 "https://www.luffycity.com/play/31010" "Mozilla/5.0 (Windows NT 6.1; WOW64) AppleWebKit/537.36 (KHTML, like Gecko) Chrome/78.0.3904.108 Safari/537.36" 
223.96.142.31 - - [19/Mar/2021:02:42:54 +0800] "GET /api/v1/comment/?section_id=31010&limit=10&offset=0 HTTP/1.1" 200 1797 "https://www.luffycity.com/play/31010" "Mozilla/5.0 (Windows NT 6.1; WOW64) AppleWebKit/537.36 (KHTML, like Gecko) Chrome/78.0.3904.108 Safari/537.36" 
153.3.29.141 - - [19/Mar/2021:02:43:13 +0800] "GET /api/v1/index/banner/ HTTP/1.1" 200 20 "https://m.luffycity.com/" "Mozilla/5.0 (Linux; Android 11; IN2020 Build/RP1A.201005.001; wv) AppleWebKit/537.36 (KHTML, like Gecko) Version/4.0 Chrome/77.0.3865.120 MQQBrowser/6.2 TBS/045513 Mobile Safari/537.36 MMWEBID/3430 MicroMessenger/8.0.1.1841(0x2800015D) Process/tools WeChat/arm64 Weixin NetType/WIFI Language/zh_CN ABI/arm64" 
153.3.29.141 - - [19/Mar/2021:02:43:16 +0800] "GET /api/v1/auth/token/ HTTP/1.1" 200 399 "https://m.luffycity.com/account/center/home" "Mozilla/5.0 (Linux; Android 11; IN2020 Build/RP1A.201005.001; wv) AppleWebKit/537.36 (KHTML, like Gecko) Version/4.0 Chrome/77.0.3865.120 MQQBrowser/6.2 TBS/045513 Mobile Safari/537.36 MMWEBID/3430 MicroMessenger/8.0.1.1841(0x2800015D) Process/tools WeChat/arm64 Weixin NetType/WIFI Language/zh_CN ABI/arm64" 
153.3.29.141 - - [19/Mar/2021:02:43:17 +0800] "GET /api/v1/auth/token/ HTTP/1.1" 200 399 "https://m.luffycity.com/account/center/home" "Mozilla/5.0 (Linux; Android 11; IN2020 Build/RP1A.201005.001; wv) AppleWebKit/537.36 (KHTML, like Gecko) Version/4.0 Chrome/77.0.3865.120 MQQBrowser/6.2 TBS/045513 Mobile Safari/537.36 MMWEBID/3430 MicroMessenger/8.0.1.1841(0x2800015D) Process/tools WeChat/arm64 Weixin NetType/WIFI Language/zh_CN ABI/arm64" 
153.3.29.141 - - [19/Mar/2021:02:43:27 +0800] "GET /api/v1/auth/token/ HTTP/1.1" 200 399 "https://m.luffycity.com/account/center/order" "Mozilla/5.0 (Linux; Android 11; IN2020 Build/RP1A.201005.001; wv) AppleWebKit/537.36 (KHTML, like Gecko) Version/4.0 Chrome/77.0.3865.120 MQQBrowser/6.2 TBS/045513 Mobile Safari/537.36 MMWEBID/3430 MicroMessenger/8.0.1.1841(0x2800015D) Process/tools WeChat/arm64 Weixin NetType/WIFI Language/zh_CN ABI/arm64" 
153.3.29.141 - - [19/Mar/2021:02:43:29 +0800] "GET /api/v1/auth/token/ HTTP/1.1" 200 399 "https://m.luffycity.com/study" "Mozilla/5.0 (Linux; Android 11; IN2020 Build/RP1A.201005.001; wv) AppleWebKit/537.36 (KHTML, like Gecko) Version/4.0 Chrome/77.0.3865.120 MQQBrowser/6.2 TBS/045513 Mobile Safari/537.36 MMWEBID/3430 MicroMessenger/8.0.1.1841(0x2800015D) Process/tools WeChat/arm64 Weixin NetType/WIFI Language/zh_CN ABI/arm64" 
153.3.29.141 - - [19/Mar/2021:02:43:29 +0800] "GET /api/v1/study/degrees/2/?degree_id=2 HTTP/1.1" 200 1317 "https://m.luffycity.com/study/degree" "Mozilla/5.0 (Linux; Android 11; IN2020 Build/RP1A.201005.001; wv) AppleWebKit/537.36 (KHTML, like Gecko) Version/4.0 Chrome/77.0.3865.120 MQQBrowser/6.2 TBS/045513 Mobile Safari/537.36 MMWEBID/3430 MicroMessenger/8.0.1.1841(0x2800015D) Process/tools WeChat/arm64 Weixin NetType/WIFI Language/zh_CN ABI/arm64" 
153.3.29.141 - - [19/Mar/2021:02:43:32 +0800] "GET /api/v1/auth/token/ HTTP/1.1" 200 399 "https://m.luffycity.com/study/degree" "Mozilla/5.0 (Linux; Android 11; IN2020 Build/RP1A.201005.001; wv) AppleWebKit/537.36 (KHTML, like Gecko) Version/4.0 Chrome/77.0.3865.120 MQQBrowser/6.2 TBS/045513 Mobile Safari/537.36 MMWEBID/3430 MicroMessenger/8.0.1.1841(0x2800015D) Process/tools WeChat/arm64 Weixin NetType/WIFI Language/zh_CN ABI/arm64" 
153.3.29.141 - - [19/Mar/2021:02:43:32 +0800] "GET /api/v1/play/sections/?section_id=19416 HTTP/1.1" 200 1973 "https://m.luffycity.com/play/19416" "Mozilla/5.0 (Linux; Android 11; IN2020 Build/RP1A.201005.001; wv) AppleWebKit/537.36 (KHTML, like Gecko) Version/4.0 Chrome/77.0.3865.120 MQQBrowser/6.2 TBS/045513 Mobile Safari/537.36 MMWEBID/3430 MicroMessenger/8.0.1.1841(0x2800015D) Process/tools WeChat/arm64 Weixin NetType/WIFI Language/zh_CN ABI/arm64" 
223.96.142.31 - - [19/Mar/2021:02:44:01 +0800] "OPTIONS /api/v1/comment/?section_id=31012&limit=10&offset=0 HTTP/1.1" 200 0 "https://www.luffycity.com/play/31012" "Mozilla/5.0 (Windows NT 6.1; WOW64) AppleWebKit/537.36 (KHTML, like Gecko) Chrome/78.0.3904.108 Safari/537.36" 
223.96.142.31 - - [19/Mar/2021:02:44:01 +0800] "OPTIONS /api/v1/survey/section/31012/?sectionId=31012 HTTP/1.1" 200 0 "https://www.luffycity.com/play/31012" "Mozilla/5.0 (Windows NT 6.1; WOW64) AppleWebKit/537.36 (KHTML, like Gecko) Chrome/78.0.3904.108 Safari/537.36" 
223.96.142.31 - - [19/Mar/2021:02:44:01 +0800] "GET /api/v1/comment/?section_id=31012&limit=10&offset=0 HTTP/1.1" 200 1797 "https://www.luffycity.com/play/31012" "Mozilla/5.0 (Windows NT 6.1; WOW64) AppleWebKit/537.36 (KHTML, like Gecko) Chrome/78.0.3904.108 Safari/537.36" 
223.96.142.31 - - [19/Mar/2021:02:44:01 +0800] "GET /api/v1/play/31012/?play_id=31012 HTTP/1.1" 200 422 "https://www.luffycity.com/play/31012" "Mozilla/5.0 (Windows NT 6.1; WOW64) AppleWebKit/537.36 (KHTML, like Gecko) Chrome/78.0.3904.108 Safari/537.36" 
153.3.29.141 - - [19/Mar/2021:02:44:08 +0800] "GET /api/v1/auth/token/ HTTP/1.1" 200 399 "https://m.luffycity.com/play/19416" "Mozilla/5.0 (Linux; Android 11; IN2020 Build/RP1A.201005.001; wv) AppleWebKit/537.36 (KHTML, like Gecko) Version/4.0 Chrome/77.0.3865.120 MQQBrowser/6.2 TBS/045513 Mobile Safari/537.36 MMWEBID/3430 MicroMessenger/8.0.1.1841(0x2800015D) Process/tools WeChat/arm64 Weixin NetType/WIFI Language/zh_CN ABI/arm64" 
153.3.29.141 - - [19/Mar/2021:02:44:08 +0800] "GET /api/v1/play/sections/?section_id=19417 HTTP/1.1" 200 1973 "https://m.luffycity.com/play/19417" "Mozilla/5.0 (Linux; Android 11; IN2020 Build/RP1A.201005.001; wv) AppleWebKit/537.36 (KHTML, like Gecko) Version/4.0 Chrome/77.0.3865.120 MQQBrowser/6.2 TBS/045513 Mobile Safari/537.36 MMWEBID/3430 MicroMessenger/8.0.1.1841(0x2800015D) Process/tools WeChat/arm64 Weixin NetType/WIFI Language/zh_CN ABI/arm64" 
153.3.29.141 - - [19/Mar/2021:02:44:26 +0800] "GET /api/v1/auth/token/ HTTP/1.1" 200 399 "https://m.luffycity.com/study/degree" "Mozilla/5.0 (Linux; Android 11; IN2020 Build/RP1A.201005.001; wv) AppleWebKit/537.36 (KHTML, like Gecko) Version/4.0 Chrome/77.0.3865.120 MQQBrowser/6.2 TBS/045513 Mobile Safari/537.36 MMWEBID/3430 MicroMessenger/8.0.1.1841(0x2800015D) Process/tools WeChat/arm64 Weixin NetType/WIFI Language/zh_CN ABI/arm64" 
153.3.29.141 - - [19/Mar/2021:02:44:29 +0800] "GET /api/v1/play/19416/?play_id=19416 HTTP/1.1" 200 392 "https://m.luffycity.com/play/19416" "Mozilla/5.0 (Linux; Android 11; IN2020 Build/RP1A.201005.001; wv) AppleWebKit/537.36 (KHTML, like Gecko) Version/4.0 Chrome/77.0.3865.120 MQQBrowser/6.2 TBS/045513 Mobile Safari/537.36 MMWEBID/3430 MicroMessenger/8.0.1.1841(0x2800015D) Process/tools WeChat/arm64 Weixin NetType/WIFI Language/zh_CN ABI/arm64" 
153.3.29.141 - - [19/Mar/2021:02:44:34 +0800] "GET /api/v1/auth/token/ HTTP/1.1" 200 399 "https://m.luffycity.com/play/19416" "Mozilla/5.0 (Linux; Android 11; IN2020 Build/RP1A.201005.001; wv) AppleWebKit/537.36 (KHTML, like Gecko) Version/4.0 Chrome/77.0.3865.120 MQQBrowser/6.2 TBS/045513 Mobile Safari/537.36 MMWEBID/3430 MicroMessenger/8.0.1.1841(0x2800015D) Process/tools WeChat/arm64 Weixin NetType/WIFI Language/zh_CN ABI/arm64" 
153.3.29.141 - - [19/Mar/2021:02:44:34 +0800] "GET /api/v1/play/sections/?section_id=19441 HTTP/1.1" 200 1977 "https://m.luffycity.com/play/19441" "Mozilla/5.0 (Linux; Android 11; IN2020 Build/RP1A.201005.001; wv) AppleWebKit/537.36 (KHTML, like Gecko) Version/4.0 Chrome/77.0.3865.120 MQQBrowser/6.2 TBS/045513 Mobile Safari/537.36 MMWEBID/3430 MicroMessenger/8.0.1.1841(0x2800015D) Process/tools WeChat/arm64 Weixin NetType/WIFI Language/zh_CN ABI/arm64" 
49.7.21.70, 39.97.49.232 - - [19/Mar/2021:02:47:33 +0800] "GET /api/v1/auth/token/ HTTP/1.1" 200 29 "-" "Sogou web spider/4.0(+http://www.sogou.com/docs/help/webmasters.htm#07)" 
49.7.21.70, 39.97.49.232 - - [19/Mar/2021:02:47:33 +0800] "GET /api/v1/course/actual/?limit=3 HTTP/1.1" 200 2342 "-" "Sogou web spider/4.0(+http://www.sogou.com/docs/help/webmasters.htm#07)" 
49.7.21.70, 39.97.49.232 - - [19/Mar/2021:02:47:34 +0800] "GET /api/v1/course/home-free/?limit=3 HTTP/1.1" 200 865 "-" "Sogou web spider/4.0(+http://www.sogou.com/docs/help/webmasters.htm#07)" 
153.3.29.141 - - [19/Mar/2021:02:48:15 +0800] "GET /api/v1/auth/token/ HTTP/1.1" 200 399 "https://m.luffycity.com/study/degree" "Mozilla/5.0 (Linux; Android 11; IN2020 Build/RP1A.201005.001; wv) AppleWebKit/537.36 (KHTML, like Gecko) Version/4.0 Chrome/77.0.3865.120 MQQBrowser/6.2 TBS/045513 Mobile Safari/537.36 MMWEBID/3430 MicroMessenger/8.0.1.1841(0x2800015D) Process/tools WeChat/arm64 Weixin NetType/WIFI Language/zh_CN ABI/arm64" 
153.3.29.141 - - [19/Mar/2021:02:48:15 +0800] "GET /api/v1/play/sections/?section_id=19416 HTTP/1.1" 200 1977 "https://m.luffycity.com/play/19416" "Mozilla/5.0 (Linux; Android 11; IN2020 Build/RP1A.201005.001; wv) AppleWebKit/537.36 (KHTML, like Gecko) Version/4.0 Chrome/77.0.3865.120 MQQBrowser/6.2 TBS/045513 Mobile Safari/537.36 MMWEBID/3430 MicroMessenger/8.0.1.1841(0x2800015D) Process/tools WeChat/arm64 Weixin NetType/WIFI Language/zh_CN ABI/arm64" 
153.3.29.141 - - [19/Mar/2021:02:48:33 +0800] "GET /api/v1/auth/token/ HTTP/1.1" 200 399 "https://m.luffycity.com/account/center/order" "Mozilla/5.0 (Linux; Android 11; IN2020 Build/RP1A.201005.001; wv) AppleWebKit/537.36 (KHTML, like Gecko) Version/4.0 Chrome/77.0.3865.120 MQQBrowser/6.2 TBS/045513 Mobile Safari/537.36 MMWEBID/3430 MicroMessenger/8.0.1.1841(0x2800015D) Process/tools WeChat/arm64 Weixin NetType/WIFI Language/zh_CN ABI/arm64" 
153.3.29.141 - - [19/Mar/2021:02:48:34 +0800] "GET /api/v1/auth/token/ HTTP/1.1" 200 399 "https://m.luffycity.com/" "Mozilla/5.0 (Linux; Android 11; IN2020 Build/RP1A.201005.001; wv) AppleWebKit/537.36 (KHTML, like Gecko) Version/4.0 Chrome/77.0.3865.120 MQQBrowser/6.2 TBS/045513 Mobile Safari/537.36 MMWEBID/3430 MicroMessenger/8.0.1.1841(0x2800015D) Process/tools WeChat/arm64 Weixin NetType/WIFI Language/zh_CN ABI/arm64" 
153.3.29.141 - - [19/Mar/2021:02:48:36 +0800] "GET /api/v1/auth/token/ HTTP/1.1" 200 399 "https://m.luffycity.com/" "Mozilla/5.0 (Linux; Android 11; IN2020 Build/RP1A.201005.001; wv) AppleWebKit/537.36 (KHTML, like Gecko) Version/4.0 Chrome/77.0.3865.120 MQQBrowser/6.2 TBS/045513 Mobile Safari/537.36 MMWEBID/3430 MicroMessenger/8.0.1.1841(0x2800015D) Process/tools WeChat/arm64 Weixin NetType/WIFI Language/zh_CN ABI/arm64" 
153.3.29.141 - - [19/Mar/2021:02:48:46 +0800] "GET /api/v1/study/degrees/ HTTP/1.1" 200 264 "https://m.luffycity.com/study/degree" "Mozilla/5.0 (Linux; Android 11; IN2020 Build/RP1A.201005.001; wv) AppleWebKit/537.36 (KHTML, like Gecko) Version/4.0 Chrome/77.0.3865.120 MQQBrowser/6.2 TBS/045513 Mobile Safari/537.36 MMWEBID/3430 MicroMessenger/8.0.1.1841(0x2800015D) Process/tools WeChat/arm64 Weixin NetType/WIFI Language/zh_CN ABI/arm64" 
153.3.29.141 - - [19/Mar/2021:02:48:47 +0800] "GET /api/v1/study/degrees/2/?degree_id=2 HTTP/1.1" 200 1318 "https://m.luffycity.com/study/degree" "Mozilla/5.0 (Linux; Android 11; IN2020 Build/RP1A.201005.001; wv) AppleWebKit/537.36 (KHTML, like Gecko) Version/4.0 Chrome/77.0.3865.120 MQQBrowser/6.2 TBS/045513 Mobile Safari/537.36 MMWEBID/3430 MicroMessenger/8.0.1.1841(0x2800015D) Process/tools WeChat/arm64 Weixin NetType/WIFI Language/zh_CN ABI/arm64" 
153.3.29.141 - - [19/Mar/2021:02:48:51 +0800] "GET /api/v1/study/degrees/19/?degree_id=19 HTTP/1.1" 200 1192 "https://m.luffycity.com/study/degree" "Mozilla/5.0 (Linux; Android 11; IN2020 Build/RP1A.201005.001; wv) AppleWebKit/537.36 (KHTML, like Gecko) Version/4.0 Chrome/77.0.3865.120 MQQBrowser/6.2 TBS/045513 Mobile Safari/537.36 MMWEBID/3430 MicroMessenger/8.0.1.1841(0x2800015D) Process/tools WeChat/arm64 Weixin NetType/WIFI Language/zh_CN ABI/arm64" 
153.3.29.141 - - [19/Mar/2021:02:48:59 +0800] "GET /api/v1/auth/token/ HTTP/1.1" 200 399 "https://m.luffycity.com/study/degree" "Mozilla/5.0 (Linux; Android 11; IN2020 Build/RP1A.201005.001; wv) AppleWebKit/537.36 (KHTML, like Gecko) Version/4.0 Chrome/77.0.3865.120 MQQBrowser/6.2 TBS/045513 Mobile Safari/537.36 MMWEBID/3430 MicroMessenger/8.0.1.1841(0x2800015D) Process/tools WeChat/arm64 Weixin NetType/WIFI Language/zh_CN ABI/arm64" 
153.3.29.141 - - [19/Mar/2021:02:48:59 +0800] "GET /api/v1/play/sections/?section_id=19416 HTTP/1.1" 200 1977 "https://m.luffycity.com/play/19416" "Mozilla/5.0 (Linux; Android 11; IN2020 Build/RP1A.201005.001; wv) AppleWebKit/537.36 (KHTML, like Gecko) Version/4.0 Chrome/77.0.3865.120 MQQBrowser/6.2 TBS/045513 Mobile Safari/537.36 MMWEBID/3430 MicroMessenger/8.0.1.1841(0x2800015D) Process/tools WeChat/arm64 Weixin NetType/WIFI Language/zh_CN ABI/arm64" 
153.3.29.141 - - [19/Mar/2021:02:49:19 +0800] "GET /api/v1/play/19417/?play_id=19417 HTTP/1.1" 200 387 "https://m.luffycity.com/play/19416" "Mozilla/5.0 (Linux; Android 11; IN2020 Build/RP1A.201005.001; wv) AppleWebKit/537.36 (KHTML, like Gecko) Version/4.0 Chrome/77.0.3865.120 MQQBrowser/6.2 TBS/045513 Mobile Safari/537.36 MMWEBID/3430 MicroMessenger/8.0.1.1841(0x2800015D) Process/tools WeChat/arm64 Weixin NetType/WIFI Language/zh_CN ABI/arm64" 
153.3.29.141 - - [19/Mar/2021:02:49:19 +0800] "GET /api/v1/play/19417/?play_id=19417 HTTP/1.1" 200 387 "https://m.luffycity.com/play/19417" "Mozilla/5.0 (Linux; Android 11; IN2020 Build/RP1A.201005.001; wv) AppleWebKit/537.36 (KHTML, like Gecko) Version/4.0 Chrome/77.0.3865.120 MQQBrowser/6.2 TBS/045513 Mobile Safari/537.36 MMWEBID/3430 MicroMessenger/8.0.1.1841(0x2800015D) Process/tools WeChat/arm64 Weixin NetType/WIFI Language/zh_CN ABI/arm64" 
40.77.167.17, 39.97.49.232 - - [19/Mar/2021:02:50:59 +0800] "GET /api/v1/auth/token/ HTTP/1.1" 200 29 "-" "Mozilla/5.0 (compatible; bingbot/2.0; +http://www.bing.com/bingbot.htm)" 
40.77.167.17, 39.97.49.232 - - [19/Mar/2021:02:50:59 +0800] "GET /api/v1/result/speech/?resultType=speech&limit=10&offset=NaN HTTP/1.1" 200 11784 "-" "Mozilla/5.0 (compatible; bingbot/2.0; +http://www.bing.com/bingbot.htm)" 
47.100.130.114, 39.97.49.232 - - [19/Mar/2021:02:52:08 +0800] "GET /api/v1/auth/token/ HTTP/1.1" 200 29 "-" "axios/0.19.2" 
47.100.130.114, 39.97.49.232 - - [19/Mar/2021:02:52:08 +0800] "GET /api/v1/result/ HTTP/1.1" 200 231 "-" "axios/0.19.2" 
47.100.130.114, 39.97.49.232 - - [19/Mar/2021:02:52:08 +0800] "GET /api/v1/course/actual/?limit=3 HTTP/1.1" 200 2342 "-" "axios/0.19.2" 
47.100.130.114, 39.97.49.232 - - [19/Mar/2021:02:52:08 +0800] "GET /api/v1/course/home-free/?limit=3 HTTP/1.1" 200 865 "-" "axios/0.19.2" 
117.143.154.41 - - [19/Mar/2021:02:54:50 +0800] "OPTIONS /api/v1/play/14671/?play_id=14671 HTTP/1.1" 200 0 "https://www.luffycity.com/" "Mozilla/5.0 (Windows NT 10.0; Win64; x64) AppleWebKit/537.36 (KHTML, like Gecko) Chrome/89.0.4389.90 Safari/537.36" 
117.143.154.41 - - [19/Mar/2021:02:54:50 +0800] "OPTIONS /api/v1/play/sections/?section_id=14671 HTTP/1.1" 200 0 "https://www.luffycity.com/" "Mozilla/5.0 (Windows NT 10.0; Win64; x64) AppleWebKit/537.36 (KHTML, like Gecko) Chrome/89.0.4389.90 Safari/537.36" 
117.143.154.41 - - [19/Mar/2021:02:54:50 +0800] "GET /api/v1/survey/section/14671/?sectionId=14671 HTTP/1.1" 200 10 "https://www.luffycity.com/" "Mozilla/5.0 (Windows NT 10.0; Win64; x64) AppleWebKit/537.36 (KHTML, like Gecko) Chrome/89.0.4389.90 Safari/537.36" 
117.143.154.41 - - [19/Mar/2021:02:54:50 +0800] "GET /api/v1/play/14671/?play_id=14671 HTTP/1.1" 200 393 "https://www.luffycity.com/" "Mozilla/5.0 (Windows NT 10.0; Win64; x64) AppleWebKit/537.36 (KHTML, like Gecko) Chrome/89.0.4389.90 Safari/537.36" 
203.208.60.97 - - [19/Mar/2021:02:57:33 +0800] "GET /api/v1/media/play/837eeb26556a430a9e0403fd8af160c4/?suffix=837eeb26556a430a9e0403fd8af160c4 HTTP/1.1" 200 1786 "https://m.luffycity.com/actual-course/204/detail" "Mozilla/5.0 (Linux; Android 6.0.1; Nexus 5X Build/MMB29P) AppleWebKit/537.36 (KHTML, like Gecko) Chrome/89.0.4389.84 Mobile Safari/537.36 (compatible; Googlebot/2.1; +http://www.google.com/bot.html)" 
203.208.60.72 - - [19/Mar/2021:03:01:02 +0800] "OPTIONS /api/v1/course/actual/154/payment/?courseType=actual&id=154 HTTP/1.1" 200 0 "https://www.luffycity.com/" "Mozilla/5.0 AppleWebKit/537.36 (KHTML, like Gecko; compatible; Googlebot/2.1; +http://www.google.com/bot.html) Chrome/89.0.4389.84 Safari/537.36" 
203.208.60.8 - - [19/Mar/2021:03:01:03 +0800] "OPTIONS /api/v1/media/play/21d0e35c5a18444d8d54b428c74180fa/?suffix=21d0e35c5a18444d8d54b428c74180fa HTTP/1.1" 200 0 "https://www.luffycity.com/" "Mozilla/5.0 AppleWebKit/537.36 (KHTML, like Gecko; compatible; Googlebot/2.1; +http://www.google.com/bot.html) Chrome/89.0.4389.84 Safari/537.36" 
203.208.60.104 - - [19/Mar/2021:03:01:05 +0800] "GET /api/v1/course/actual/154/payment/?courseType=actual&id=154 HTTP/1.1" 200 285 "https://www.luffycity.com/" "Mozilla/5.0 AppleWebKit/537.36 (KHTML, like Gecko; compatible; Googlebot/2.1; +http://www.google.com/bot.html) Chrome/89.0.4389.84 Safari/537.36" 
203.208.60.45 - - [19/Mar/2021:03:01:06 +0800] "GET /api/v1/media/play/21d0e35c5a18444d8d54b428c74180fa/?suffix=21d0e35c5a18444d8d54b428c74180fa HTTP/1.1" 200 1761 "https://www.luffycity.com/" "Mozilla/5.0 AppleWebKit/537.36 (KHTML, like Gecko; compatible; Googlebot/2.1; +http://www.google.com/bot.html) Chrome/89.0.4389.84 Safari/537.36" 
157.55.39.130, 39.97.49.232 - - [19/Mar/2021:03:03:14 +0800] "GET /api/v1/result/ HTTP/1.1" 200 231 "-" "Mozilla/5.0 (compatible; bingbot/2.0; +http://www.bing.com/bingbot.htm)" 
120.78.231.236 - - [19/Mar/2021:03:03:31 +0800] "GET / HTTP/1.0" 404 77 "-" "-" 
94.204.156.93 - - [19/Mar/2021:03:03:44 +0800] "OPTIONS /api/v1/study/degrees/ HTTP/1.1" 200 0 "https://www.luffycity.com/" "Mozilla/5.0 (Windows NT 10.0; Win64; x64) AppleWebKit/537.36 (KHTML, like Gecko) Chrome/89.0.4389.90 Safari/537.36" 
94.204.156.93 - - [19/Mar/2021:03:03:44 +0800] "OPTIONS /api/v1/study/degrees/0/mentor/?degree_id=0 HTTP/1.1" 200 0 "https://www.luffycity.com/" "Mozilla/5.0 (Windows NT 10.0; Win64; x64) AppleWebKit/537.36 (KHTML, like Gecko) Chrome/89.0.4389.90 Safari/537.36" 
94.204.156.93 - - [19/Mar/2021:03:03:46 +0800] "GET /api/v1/study/data/ HTTP/1.1" 200 64 "https://www.luffycity.com/" "Mozilla/5.0 (Windows NT 10.0; Win64; x64) AppleWebKit/537.36 (KHTML, like Gecko) Chrome/89.0.4389.90 Safari/537.36" 
94.204.156.93 - - [19/Mar/2021:03:03:46 +0800] "GET /api/v1/auth/wechat/ HTTP/1.1" 200 232 "https://www.luffycity.com/" "Mozilla/5.0 (Windows NT 10.0; Win64; x64) AppleWebKit/537.36 (KHTML, like Gecko) Chrome/89.0.4389.90 Safari/537.36" 
117.143.154.41 - - [19/Mar/2021:03:05:23 +0800] "OPTIONS /api/v1/play/sections/?section_id=14672 HTTP/1.1" 200 0 "https://www.luffycity.com/" "Mozilla/5.0 (Windows NT 10.0; Win64; x64) AppleWebKit/537.36 (KHTML, like Gecko) Chrome/89.0.4389.90 Safari/537.36" 
117.143.154.41 - - [19/Mar/2021:03:05:23 +0800] "OPTIONS /api/v1/comment/?section_id=14672&limit=10&offset=0 HTTP/1.1" 200 0 "https://www.luffycity.com/" "Mozilla/5.0 (Windows NT 10.0; Win64; x64) AppleWebKit/537.36 (KHTML, like Gecko) Chrome/89.0.4389.90 Safari/537.36" 
117.143.154.41 - - [19/Mar/2021:03:05:23 +0800] "GET /api/v1/survey/section/14672/?sectionId=14672 HTTP/1.1" 200 10 "https://www.luffycity.com/" "Mozilla/5.0 (Windows NT 10.0; Win64; x64) AppleWebKit/537.36 (KHTML, like Gecko) Chrome/89.0.4389.90 Safari/537.36" 
117.143.154.41 - - [19/Mar/2021:03:05:23 +0800] "GET /api/v1/play/sections/?section_id=14672 HTTP/1.1" 200 2073 "https://www.luffycity.com/" "Mozilla/5.0 (Windows NT 10.0; Win64; x64) AppleWebKit/537.36 (KHTML, like Gecko) Chrome/89.0.4389.90 Safari/537.36" 
203.208.60.17 - - [19/Mar/2021:03:06:42 +0800] "GET /api/v1/comment/?course_id=46&limit=30 HTTP/1.1" 200 3810 "https://m.luffycity.com/actual-course/46/comments" "Mozilla/5.0 (Linux; Android 6.0.1; Nexus 5X Build/MMB29P) AppleWebKit/537.36 (KHTML, like Gecko) Chrome/89.0.4389.84 Mobile Safari/537.36 (compatible; Googlebot/2.1; +http://www.google.com/bot.html)" 
203.208.60.60, 39.97.49.232 - - [19/Mar/2021:03:07:05 +0800] "GET /api/v1/auth/token/ HTTP/1.1" 200 29 "-" "Mozilla/5.0 (compatible; Googlebot/2.1; +http://www.google.com/bot.html)" 
203.208.60.60, 39.97.49.232 - - [19/Mar/2021:03:07:05 +0800] "GET /api/v1/course/actual/156/?courseType=actual&id=156 HTTP/1.1" 200 986 "-" "Mozilla/5.0 (compatible; Googlebot/2.1; +http://www.google.com/bot.html)" 
40.77.167.6, 39.97.49.232 - - [19/Mar/2021:03:07:08 +0800] "GET /api/v1/auth/token/ HTTP/1.1" 200 29 "-" "Mozilla/5.0 (compatible; bingbot/2.0; +http://www.bing.com/bingbot.htm)" 
40.77.167.6, 39.97.49.232 - - [19/Mar/2021:03:07:08 +0800] "GET /api/v1/result/ HTTP/1.1" 200 231 "-" "Mozilla/5.0 (compatible; bingbot/2.0; +http://www.bing.com/bingbot.htm)" 
40.77.167.6, 39.97.49.232 - - [19/Mar/2021:03:07:08 +0800] "GET /api/v1/course/free/124/?courseType=free&id=124 HTTP/1.1" 200 2009 "-" "Mozilla/5.0 (compatible; bingbot/2.0; +http://www.bing.com/bingbot.htm)" 
39.97.50.217 - - [19/Mar/2021:03:07:14 +0800] "GET /api/v1/course/free/ HTTP/1.1" 200 1897 "-" "Mozilla/5.0 (Linux; Android 6.0.1; Nexus 5X Build/MMB29P) AppleWebKit/537.36 (KHTML, like Gecko) Chrome/89.0.4389.95 Mobile Safari/537.36 (compatible; Googlebot/2.1; +http://www.google.com/bot.html)" 
94.204.156.93, 39.97.49.232 - - [19/Mar/2021:03:08:16 +0800] "GET /api/v1/auth/token/ HTTP/1.1" 200 29 "-" "Mozilla/5.0 (Windows NT 10.0; Win64; x64) AppleWebKit/537.36 (KHTML, like Gecko) Chrome/89.0.4389.90 Safari/537.36" 
94.204.156.93, 39.97.49.232 - - [19/Mar/2021:03:08:16 +0800] "GET /api/v1/result/ HTTP/1.1" 200 231 "-" "Mozilla/5.0 (Windows NT 10.0; Win64; x64) AppleWebKit/537.36 (KHTML, like Gecko) Chrome/89.0.4389.90 Safari/537.36" 
94.204.156.93 - - [19/Mar/2021:03:08:19 +0800] "GET /api/v1/study/degrees/ HTTP/1.1" 200 64 "https://www.luffycity.com/" "Mozilla/5.0 (Windows NT 10.0; Win64; x64) AppleWebKit/537.36 (KHTML, like Gecko) Chrome/89.0.4389.90 Safari/537.36" 
94.204.156.93 - - [19/Mar/2021:03:08:19 +0800] "GET /api/v1/study/degrees/0/mentor/?degree_id=0 HTTP/1.1" 200 64 "https://www.luffycity.com/" "Mozilla/5.0 (Windows NT 10.0; Win64; x64) AppleWebKit/537.36 (KHTML, like Gecko) Chrome/89.0.4389.90 Safari/537.36" 
94.204.156.93 - - [19/Mar/2021:03:08:23 +0800] "OPTIONS /api/v1/auth/password/login/?loginWay=password HTTP/1.1" 200 0 "https://www.luffycity.com/" "Mozilla/5.0 (Windows NT 10.0; Win64; x64) AppleWebKit/537.36 (KHTML, like Gecko) Chrome/89.0.4389.90 Safari/537.36" 
94.204.156.93 - - [19/Mar/2021:03:08:25 +0800] "POST /api/v1/auth/password/login/?loginWay=password HTTP/1.1" 200 73 "https://www.luffycity.com/" "Mozilla/5.0 (Windows NT 10.0; Win64; x64) AppleWebKit/537.36 (KHTML, like Gecko) Chrome/89.0.4389.90 Safari/537.36" 
94.204.156.93 - - [19/Mar/2021:03:08:52 +0800] "OPTIONS /api/v1/index/search/?words=Python HTTP/1.1" 200 0 "https://www.luffycity.com/" "Mozilla/5.0 (Windows NT 10.0; Win64; x64) AppleWebKit/537.36 (KHTML, like Gecko) Chrome/89.0.4389.90 Safari/537.36" 
203.208.60.57, 39.97.49.232 - - [19/Mar/2021:03:09:12 +0800] "GET /api/v1/auth/token/ HTTP/1.1" 200 29 "-" "Mozilla/5.0 (compatible; Googlebot/2.1; +http://www.google.com/bot.html)" 
94.204.156.93, 39.97.49.232 - - [19/Mar/2021:03:09:27 +0800] "GET /api/v1/auth/token/ HTTP/1.1" 200 29 "https://www.luffycity.com/search?words=Python" "Mozilla/5.0 (Windows NT 10.0; Win64; x64) AppleWebKit/537.36 (KHTML, like Gecko) Chrome/89.0.4389.90 Safari/537.36" 
94.204.156.93, 39.97.49.232 - - [19/Mar/2021:03:09:27 +0800] "GET /api/v1/course/actual/ HTTP/1.1" 200 25980 "https://www.luffycity.com/search?words=Python" "Mozilla/5.0 (Windows NT 10.0; Win64; x64) AppleWebKit/537.36 (KHTML, like Gecko) Chrome/89.0.4389.90 Safari/537.36" 
94.204.156.93 - - [19/Mar/2021:03:09:32 +0800] "OPTIONS /api/v1/course/category/actual/?courseType=actual HTTP/1.1" 200 0 "https://www.luffycity.com/" "Mozilla/5.0 (Windows NT 10.0; Win64; x64) AppleWebKit/537.36 (KHTML, like Gecko) Chrome/89.0.4389.90 Safari/537.36" 
94.204.156.93 - - [19/Mar/2021:03:09:33 +0800] "OPTIONS /api/v1/course/actual/?category_id=1 HTTP/1.1" 200 0 "https://www.luffycity.com/" "Mozilla/5.0 (Windows NT 10.0; Win64; x64) AppleWebKit/537.36 (KHTML, like Gecko) Chrome/89.0.4389.90 Safari/537.36" 
117.143.154.41 - - [19/Mar/2021:03:10:32 +0800] "OPTIONS /api/v1/survey/section/14673/?sectionId=14673 HTTP/1.1" 200 0 "https://www.luffycity.com/" "Mozilla/5.0 (Windows NT 10.0; Win64; x64) AppleWebKit/537.36 (KHTML, like Gecko) Chrome/89.0.4389.90 Safari/537.36" 
117.143.154.41 - - [19/Mar/2021:03:10:32 +0800] "OPTIONS /api/v1/play/sections/?section_id=14673 HTTP/1.1" 200 0 "https://www.luffycity.com/" "Mozilla/5.0 (Windows NT 10.0; Win64; x64) AppleWebKit/537.36 (KHTML, like Gecko) Chrome/89.0.4389.90 Safari/537.36" 
117.143.154.41 - - [19/Mar/2021:03:10:32 +0800] "GET /api/v1/survey/section/14673/?sectionId=14673 HTTP/1.1" 200 10 "https://www.luffycity.com/" "Mozilla/5.0 (Windows NT 10.0; Win64; x64) AppleWebKit/537.36 (KHTML, like Gecko) Chrome/89.0.4389.90 Safari/537.36" 
117.143.154.41 - - [19/Mar/2021:03:10:32 +0800] "GET /api/v1/comment/?section_id=14673&limit=10&offset=0 HTTP/1.1" 200 1530 "https://www.luffycity.com/" "Mozilla/5.0 (Windows NT 10.0; Win64; x64) AppleWebKit/537.36 (KHTML, like Gecko) Chrome/89.0.4389.90 Safari/537.36" 
94.204.156.93 - - [19/Mar/2021:03:11:39 +0800] "GET /api/v1/auth/wechat/ HTTP/1.1" 200 232 "https://www.luffycity.com/" "Mozilla/5.0 (Windows NT 10.0; Win64; x64) AppleWebKit/537.36 (KHTML, like Gecko) Chrome/89.0.4389.90 Safari/537.36" 
94.204.156.93 - - [19/Mar/2021:03:11:41 +0800] "GET /api/v1/study/courses/ HTTP/1.1" 200 64 "https://www.luffycity.com/" "Mozilla/5.0 (Windows NT 10.0; Win64; x64) AppleWebKit/537.36 (KHTML, like Gecko) Chrome/89.0.4389.90 Safari/537.36" 
94.204.156.93 - - [19/Mar/2021:03:11:47 +0800] "OPTIONS /api/v1/qa/question/?limit=5&offset=0 HTTP/1.1" 200 0 "https://www.luffycity.com/" "Mozilla/5.0 (Windows NT 10.0; Win64; x64) AppleWebKit/537.36 (KHTML, like Gecko) Chrome/89.0.4389.90 Safari/537.36" 
94.204.156.93 - - [19/Mar/2021:03:11:58 +0800] "GET /api/v1/auth/wechat/ HTTP/1.1" 200 232 "https://www.luffycity.com/" "Mozilla/5.0 (Windows NT 10.0; Win64; x64) AppleWebKit/537.36 (KHTML, like Gecko) Chrome/89.0.4389.90 Safari/537.36" 
94.204.156.93 - - [19/Mar/2021:03:12:01 +0800] "GET /api/v1/qa/question/?limit=5&offset=0 HTTP/1.1" 200 64 "https://www.luffycity.com/" "Mozilla/5.0 (Windows NT 10.0; Win64; x64) AppleWebKit/537.36 (KHTML, like Gecko) Chrome/89.0.4389.90 Safari/537.36" 
94.204.156.93 - - [19/Mar/2021:03:12:03 +0800] "GET /api/v1/study/courses/ HTTP/1.1" 200 64 "https://www.luffycity.com/" "Mozilla/5.0 (Windows NT 10.0; Win64; x64) AppleWebKit/537.36 (KHTML, like Gecko) Chrome/89.0.4389.90 Safari/537.36" 
94.204.156.93 - - [19/Mar/2021:03:12:05 +0800] "GET /api/v1/study/degrees/ HTTP/1.1" 200 64 "https://www.luffycity.com/" "Mozilla/5.0 (Windows NT 10.0; Win64; x64) AppleWebKit/537.36 (KHTML, like Gecko) Chrome/89.0.4389.90 Safari/537.36" 
117.143.154.41 - - [19/Mar/2021:03:13:27 +0800] "OPTIONS /api/v1/play/sections/?section_id=14674 HTTP/1.1" 200 0 "https://www.luffycity.com/" "Mozilla/5.0 (Windows NT 10.0; Win64; x64) AppleWebKit/537.36 (KHTML, like Gecko) Chrome/89.0.4389.90 Safari/537.36" 
117.143.154.41 - - [19/Mar/2021:03:13:27 +0800] "OPTIONS /api/v1/play/14674/?play_id=14674 HTTP/1.1" 200 0 "https://www.luffycity.com/" "Mozilla/5.0 (Windows NT 10.0; Win64; x64) AppleWebKit/537.36 (KHTML, like Gecko) Chrome/89.0.4389.90 Safari/537.36" 
117.143.154.41 - - [19/Mar/2021:03:13:27 +0800] "GET /api/v1/play/sections/?section_id=14674 HTTP/1.1" 200 2077 "https://www.luffycity.com/" "Mozilla/5.0 (Windows NT 10.0; Win64; x64) AppleWebKit/537.36 (KHTML, like Gecko) Chrome/89.0.4389.90 Safari/537.36" 
117.143.154.41 - - [19/Mar/2021:03:13:27 +0800] "GET /api/v1/comment/?section_id=14674&limit=10&offset=0 HTTP/1.1" 200 1530 "https://www.luffycity.com/" "Mozilla/5.0 (Windows NT 10.0; Win64; x64) AppleWebKit/537.36 (KHTML, like Gecko) Chrome/89.0.4389.90 Safari/537.36" 
65.38.82.6, 39.97.49.232 - - [19/Mar/2021:03:14:11 +0800] "GET /api/v1/auth/token/ HTTP/1.1" 200 29 "https://www.google.com/" "Mozilla/5.0 (Macintosh; Intel Mac OS X 11_2_3) AppleWebKit/537.36 (KHTML, like Gecko) Chrome/89.0.4389.82 Safari/537.36" 
65.38.82.6, 39.97.49.232 - - [19/Mar/2021:03:14:11 +0800] "GET /api/v1/result/ HTTP/1.1" 200 231 "https://www.google.com/" "Mozilla/5.0 (Macintosh; Intel Mac OS X 11_2_3) AppleWebKit/537.36 (KHTML, like Gecko) Chrome/89.0.4389.82 Safari/537.36" 
65.38.82.6, 39.97.49.232 - - [19/Mar/2021:03:14:11 +0800] "GET /api/v1/index/banner/ HTTP/1.1" 200 382 "https://www.google.com/" "Mozilla/5.0 (Macintosh; Intel Mac OS X 11_2_3) AppleWebKit/537.36 (KHTML, like Gecko) Chrome/89.0.4389.82 Safari/537.36" 
65.38.82.6, 39.97.49.232 - - [19/Mar/2021:03:14:11 +0800] "GET /api/v1/course/degree/ HTTP/1.1" 200 951 "https://www.google.com/" "Mozilla/5.0 (Macintosh; Intel Mac OS X 11_2_3) AppleWebKit/537.36 (KHTML, like Gecko) Chrome/89.0.4389.82 Safari/537.36" 
65.38.82.6, 39.97.49.232 - - [19/Mar/2021:03:14:11 +0800] "GET /api/v1/course/home-free/?limit=3 HTTP/1.1" 200 865 "https://www.google.com/" "Mozilla/5.0 (Macintosh; Intel Mac OS X 11_2_3) AppleWebKit/537.36 (KHTML, like Gecko) Chrome/89.0.4389.82 Safari/537.36" 
65.38.82.6 - - [19/Mar/2021:03:14:15 +0800] "GET /api/v1/result/enroll/?resultType=enroll&limit=2 HTTP/1.1" 200 722 "https://www.luffycity.com/" "Mozilla/5.0 (Macintosh; Intel Mac OS X 11_2_3) AppleWebKit/537.36 (KHTML, like Gecko) Chrome/89.0.4389.82 Safari/537.36" 
203.208.60.55 - - [19/Mar/2021:03:14:37 +0800] "GET /api/v1/course/free/135/sections/?courseType=free&id=135 HTTP/1.1" 200 1104 "https://www.luffycity.com/" "Mozilla/5.0 AppleWebKit/537.36 (KHTML, like Gecko; compatible; Googlebot/2.1; +http://www.google.com/bot.html) Chrome/89.0.4389.84 Safari/537.36" 
40.77.167.15, 39.97.49.232 - - [19/Mar/2021:03:14:40 +0800] "GET /api/v1/auth/token/ HTTP/1.1" 200 29 "-" "Mozilla/5.0 (compatible; bingbot/2.0; +http://www.bing.com/bingbot.htm)" 
40.77.167.15, 39.97.49.232 - - [19/Mar/2021:03:14:40 +0800] "GET /api/v1/index/banner/ HTTP/1.1" 200 382 "-" "Mozilla/5.0 (compatible; bingbot/2.0; +http://www.bing.com/bingbot.htm)" 
40.77.167.15, 39.97.49.232 - - [19/Mar/2021:03:14:41 +0800] "GET /api/v1/course/actual/?limit=3 HTTP/1.1" 200 2342 "-" "Mozilla/5.0 (compatible; bingbot/2.0; +http://www.bing.com/bingbot.htm)" 
40.77.167.15, 39.97.49.232 - - [19/Mar/2021:03:14:41 +0800] "GET /api/v1/course/degree/ HTTP/1.1" 200 951 "-" "Mozilla/5.0 (compatible; bingbot/2.0; +http://www.bing.com/bingbot.htm)" 
65.38.82.6, 39.97.49.232 - - [19/Mar/2021:03:14:45 +0800] "GET /api/v1/course/category/free/?courseType=free HTTP/1.1" 200 174 "https://www.luffycity.com/" "Mozilla/5.0 (Macintosh; Intel Mac OS X 11_2_3) AppleWebKit/537.36 (KHTML, like Gecko) Chrome/89.0.4389.82 Safari/537.36" 
65.38.82.6 - - [19/Mar/2021:03:15:22 +0800] "OPTIONS /api/v1/course/free/124/?courseType=free&id=124 HTTP/1.1" 200 0 "https://www.luffycity.com/" "Mozilla/5.0 (Macintosh; Intel Mac OS X 11_2_3) AppleWebKit/537.36 (KHTML, like Gecko) Chrome/89.0.4389.82 Safari/537.36" 
65.38.82.6 - - [19/Mar/2021:03:15:22 +0800] "OPTIONS /api/v1/course/free/124/sections/?courseType=free&id=124 HTTP/1.1" 200 0 "https://www.luffycity.com/" "Mozilla/5.0 (Macintosh; Intel Mac OS X 11_2_3) AppleWebKit/537.36 (KHTML, like Gecko) Chrome/89.0.4389.82 Safari/537.36" 
65.38.82.6, 39.97.49.232 - - [19/Mar/2021:03:15:32 +0800] "GET /api/v1/course/category/actual/?courseType=actual HTTP/1.1" 200 252 "https://www.luffycity.com/free-course/124/detail" "Mozilla/5.0 (Macintosh; Intel Mac OS X 11_2_3) AppleWebKit/537.36 (KHTML, like Gecko) Chrome/89.0.4389.82 Safari/537.36" 
65.38.82.6, 39.97.49.232 - - [19/Mar/2021:03:15:59 +0800] "GET /api/v1/auth/token/ HTTP/1.1" 200 29 "https://www.luffycity.com/actual-course" "Mozilla/5.0 (Macintosh; Intel Mac OS X 11_2_3) AppleWebKit/537.36 (KHTML, like Gecko) Chrome/89.0.4389.82 Safari/537.36" 
65.38.82.6, 39.97.49.232 - - [19/Mar/2021:03:15:59 +0800] "GET /api/v1/course/degree/ HTTP/1.1" 200 951 "https://www.luffycity.com/actual-course" "Mozilla/5.0 (Macintosh; Intel Mac OS X 11_2_3) AppleWebKit/537.36 (KHTML, like Gecko) Chrome/89.0.4389.82 Safari/537.36" 
65.38.82.6 - - [19/Mar/2021:03:16:18 +0800] "OPTIONS /api/v1/index/search/?words=Python HTTP/1.1" 200 0 "https://www.luffycity.com/" "Mozilla/5.0 (Macintosh; Intel Mac OS X 11_2_3) AppleWebKit/537.36 (KHTML, like Gecko) Chrome/89.0.4389.82 Safari/537.36" 
94.204.156.93, 39.97.49.232 - - [19/Mar/2021:03:16:53 +0800] "GET /api/v1/auth/token/ HTTP/1.1" 200 29 "https://www.luffycity.com/search?words=Python" "Mozilla/5.0 (Windows NT 10.0; Win64; x64) AppleWebKit/537.36 (KHTML, like Gecko) Chrome/89.0.4389.90 Safari/537.36" 
94.204.156.93, 39.97.49.232 - - [19/Mar/2021:03:16:53 +0800] "GET /api/v1/result/ HTTP/1.1" 200 231 "https://www.luffycity.com/search?words=Python" "Mozilla/5.0 (Windows NT 10.0; Win64; x64) AppleWebKit/537.36 (KHTML, like Gecko) Chrome/89.0.4389.90 Safari/537.36" 
94.204.156.93 - - [19/Mar/2021:03:16:56 +0800] "OPTIONS /api/v1/course/free/128/sections/?courseType=free&id=128 HTTP/1.1" 200 0 "https://www.luffycity.com/" "Mozilla/5.0 (Windows NT 10.0; Win64; x64) AppleWebKit/537.36 (KHTML, like Gecko) Chrome/89.0.4389.90 Safari/537.36" 
104.248.75.7 - - [19/Mar/2021:03:16:58 +0800] "GET / HTTP/1.1" 404 77 "47.94.243.29" "Mozilla/5.0 (Windows NT 6.1; WOW64; rv:33.0) Gecko/20100101 Firefox/33.0" 
117.143.154.41 - - [19/Mar/2021:03:17:09 +0800] "OPTIONS /api/v1/play/sections/?section_id=14678 HTTP/1.1" 200 0 "https://www.luffycity.com/" "Mozilla/5.0 (Windows NT 10.0; Win64; x64) AppleWebKit/537.36 (KHTML, like Gecko) Chrome/89.0.4389.90 Safari/537.36" 
117.143.154.41 - - [19/Mar/2021:03:17:09 +0800] "OPTIONS /api/v1/play/14678/?play_id=14678 HTTP/1.1" 200 0 "https://www.luffycity.com/" "Mozilla/5.0 (Windows NT 10.0; Win64; x64) AppleWebKit/537.36 (KHTML, like Gecko) Chrome/89.0.4389.90 Safari/537.36" 
117.143.154.41 - - [19/Mar/2021:03:17:09 +0800] "GET /api/v1/play/sections/?section_id=14678 HTTP/1.1" 200 2081 "https://www.luffycity.com/" "Mozilla/5.0 (Windows NT 10.0; Win64; x64) AppleWebKit/537.36 (KHTML, like Gecko) Chrome/89.0.4389.90 Safari/537.36" 
117.143.154.41 - - [19/Mar/2021:03:17:09 +0800] "GET /api/v1/comment/?section_id=14678&limit=10&offset=0 HTTP/1.1" 200 1530 "https://www.luffycity.com/" "Mozilla/5.0 (Windows NT 10.0; Win64; x64) AppleWebKit/537.36 (KHTML, like Gecko) Chrome/89.0.4389.90 Safari/537.36" 
39.97.50.217 - - [19/Mar/2021:03:18:19 +0800] "GET /api/v1/auth/token/ HTTP/1.1" 200 29 "-" "Mozilla/5.0 (compatible; Baiduspider/2.0; +http://www.baidu.com/search/spider.html)" 
117.143.154.41 - - [19/Mar/2021:03:18:31 +0800] "OPTIONS /api/v1/play/sections/?section_id=14677 HTTP/1.1" 200 0 "https://www.luffycity.com/" "Mozilla/5.0 (Windows NT 10.0; Win64; x64) AppleWebKit/537.36 (KHTML, like Gecko) Chrome/89.0.4389.90 Safari/537.36" 
117.143.154.41 - - [19/Mar/2021:03:18:31 +0800] "OPTIONS /api/v1/play/14677/?play_id=14677 HTTP/1.1" 200 0 "https://www.luffycity.com/" "Mozilla/5.0 (Windows NT 10.0; Win64; x64) AppleWebKit/537.36 (KHTML, like Gecko) Chrome/89.0.4389.90 Safari/537.36" 
117.143.154.41 - - [19/Mar/2021:03:18:31 +0800] "GET /api/v1/play/14677/?play_id=14677 HTTP/1.1" 200 381 "https://www.luffycity.com/" "Mozilla/5.0 (Windows NT 10.0; Win64; x64) AppleWebKit/537.36 (KHTML, like Gecko) Chrome/89.0.4389.90 Safari/537.36" 
117.143.154.41 - - [19/Mar/2021:03:18:31 +0800] "GET /api/v1/play/sections/?section_id=14677 HTTP/1.1" 200 2090 "https://www.luffycity.com/" "Mozilla/5.0 (Windows NT 10.0; Win64; x64) AppleWebKit/537.36 (KHTML, like Gecko) Chrome/89.0.4389.90 Safari/537.36" 
117.143.154.41, 39.97.49.232 - - [19/Mar/2021:03:18:44 +0800] "GET /api/v1/result/ HTTP/1.1" 200 231 "-" "Mozilla/5.0 (Windows NT 10.0; Win64; x64) AppleWebKit/537.36 (KHTML, like Gecko) Chrome/89.0.4389.90 Safari/537.36" 
117.143.154.41 - - [19/Mar/2021:03:18:44 +0800] "OPTIONS /api/v1/qa/question/?limit=5&offset=0 HTTP/1.1" 200 0 "https://www.luffycity.com/" "Mozilla/5.0 (Windows NT 10.0; Win64; x64) AppleWebKit/537.36 (KHTML, like Gecko) Chrome/89.0.4389.90 Safari/537.36" 
117.143.154.41 - - [19/Mar/2021:03:18:44 +0800] "OPTIONS /api/v1/study/degrees/0/mentor/?degree_id=0 HTTP/1.1" 200 0 "https://www.luffycity.com/" "Mozilla/5.0 (Windows NT 10.0; Win64; x64) AppleWebKit/537.36 (KHTML, like Gecko) Chrome/89.0.4389.90 Safari/537.36" 
117.143.154.41 - - [19/Mar/2021:03:18:44 +0800] "GET /api/v1/study/data/ HTTP/1.1" 200 102 "https://www.luffycity.com/" "Mozilla/5.0 (Windows NT 10.0; Win64; x64) AppleWebKit/537.36 (KHTML, like Gecko) Chrome/89.0.4389.90 Safari/537.36" 
117.143.154.41 - - [19/Mar/2021:03:18:50 +0800] "OPTIONS /api/v1/study/courses/ HTTP/1.1" 200 0 "https://www.luffycity.com/" "Mozilla/5.0 (Windows NT 10.0; Win64; x64) AppleWebKit/537.36 (KHTML, like Gecko) Chrome/89.0.4389.90 Safari/537.36" 
117.143.154.41 - - [19/Mar/2021:03:18:50 +0800] "OPTIONS /api/v1/study/module/actual/52034/?courseType=actual&id=52034 HTTP/1.1" 200 0 "https://www.luffycity.com/" "Mozilla/5.0 (Windows NT 10.0; Win64; x64) AppleWebKit/537.36 (KHTML, like Gecko) Chrome/89.0.4389.90 Safari/537.36" 
117.143.154.41 - - [19/Mar/2021:03:18:50 +0800] "OPTIONS /api/v1/study/degrees/ HTTP/1.1" 200 0 "https://www.luffycity.com/" "Mozilla/5.0 (Windows NT 10.0; Win64; x64) AppleWebKit/537.36 (KHTML, like Gecko) Chrome/89.0.4389.90 Safari/537.36" 
117.143.154.41 - - [19/Mar/2021:03:18:50 +0800] "OPTIONS /api/v1/study/degrees/19/?degree_id=19 HTTP/1.1" 200 0 "https://www.luffycity.com/" "Mozilla/5.0 (Windows NT 10.0; Win64; x64) AppleWebKit/537.36 (KHTML, like Gecko) Chrome/89.0.4389.90 Safari/537.36" 
117.143.154.41 - - [19/Mar/2021:03:18:50 +0800] "OPTIONS /api/v1/study/degrees/19/mentor/?degree_id=19 HTTP/1.1" 200 0 "https://www.luffycity.com/" "Mozilla/5.0 (Windows NT 10.0; Win64; x64) AppleWebKit/537.36 (KHTML, like Gecko) Chrome/89.0.4389.90 Safari/537.36" 
117.143.154.41 - - [19/Mar/2021:03:18:51 +0800] "GET /api/v1/study/degrees/19/?degree_id=19 HTTP/1.1" 200 1158 "https://www.luffycity.com/" "Mozilla/5.0 (Windows NT 10.0; Win64; x64) AppleWebKit/537.36 (KHTML, like Gecko) Chrome/89.0.4389.90 Safari/537.36" 
117.143.154.41 - - [19/Mar/2021:03:18:51 +0800] "GET /api/v1/study/courses/ HTTP/1.1" 200 488 "https://www.luffycity.com/" "Mozilla/5.0 (Windows NT 10.0; Win64; x64) AppleWebKit/537.36 (KHTML, like Gecko) Chrome/89.0.4389.90 Safari/537.36" 
117.143.154.41 - - [19/Mar/2021:03:18:55 +0800] "GET /api/v1/study/degrees/ HTTP/1.1" 200 127 "https://www.luffycity.com/" "Mozilla/5.0 (Windows NT 10.0; Win64; x64) AppleWebKit/537.36 (KHTML, like Gecko) Chrome/89.0.4389.90 Safari/537.36" 
117.143.154.41 - - [19/Mar/2021:03:18:55 +0800] "GET /api/v1/study/data/?degree_id=19 HTTP/1.1" 200 105 "https://www.luffycity.com/" "Mozilla/5.0 (Windows NT 10.0; Win64; x64) AppleWebKit/537.36 (KHTML, like Gecko) Chrome/89.0.4389.90 Safari/537.36" 
94.204.156.93, 39.97.49.232 - - [19/Mar/2021:03:21:01 +0800] "GET /api/v1/auth/token/ HTTP/1.1" 200 29 "https://www.luffycity.com/free-course/128/detail" "Mozilla/5.0 (Windows NT 10.0; Win64; x64) AppleWebKit/537.36 (KHTML, like Gecko) Chrome/89.0.4389.90 Safari/537.36" 
94.204.156.93, 39.97.49.232 - - [19/Mar/2021:03:21:02 +0800] "GET /api/v1/course/actual/ HTTP/1.1" 200 25980 "https://www.luffycity.com/free-course/128/detail" "Mozilla/5.0 (Windows NT 10.0; Win64; x64) AppleWebKit/537.36 (KHTML, like Gecko) Chrome/89.0.4389.90 Safari/537.36" 
203.208.60.30, 39.97.49.232 - - [19/Mar/2021:03:22:05 +0800] "GET /api/v1/course/free/132/?courseType=free&id=132 HTTP/1.1" 200 1565 "-" "Mozilla/5.0 (compatible; Googlebot/2.1; +http://www.google.com/bot.html)" 
42.236.10.78 - - [19/Mar/2021:03:22:58 +0800] "GET /api/v1/index/banner/ HTTP/1.1" 200 20 "https://m.luffycity.com/" "Mozilla/5.0 (Linux; U; Android 8.1.0; zh-CN; EML-AL00 Build/HUAWEIEML-AL00) AppleWebKit/537.36 (KHTML, like Gecko) Version/4.0 Chrome/57.0.2987.108 baidu.sogo.uc.UCBrowser/11.9.4.974 UWS/2.13.1.48 Mobile Safari/537.36 AliApp(DingTalk/4.5.11) com.alibaba.android.rimet/10487439 Channel/227200 language/zh-CN" 
203.208.60.72, 39.97.49.232 - - [19/Mar/2021:03:23:53 +0800] "GET /api/v1/result/ HTTP/1.1" 200 231 "-" "Mozilla/5.0 (compatible; Googlebot/2.1; +http://www.google.com/bot.html)" 
203.208.60.59 - - [19/Mar/2021:03:26:22 +0800] "GET /api/v1/media/play/566b7baa6d23460389d4ce5f13c66486/?suffix=566b7baa6d23460389d4ce5f13c66486 HTTP/1.1" 200 1765 "https://m.luffycity.com/actual-course/200/detail" "Mozilla/5.0 AppleWebKit/537.36 (KHTML, like Gecko; compatible; Googlebot/2.1; +http://www.google.com/bot.html) Chrome/89.0.4389.84 Safari/537.36" 
203.208.60.99 - - [19/Mar/2021:03:27:45 +0800] "GET /api/v1/course/degree/3/teacher/?id=3 HTTP/1.1" 200 2563 "https://m.luffycity.com/employment-course/3/detail" "Mozilla/5.0 (Linux; Android 6.0.1; Nexus 5X Build/MMB29P) AppleWebKit/537.36 (KHTML, like Gecko) Chrome/89.0.4389.93 Mobile Safari/537.36 (compatible; Googlebot/2.1; +http://www.google.com/bot.html)" 
39.97.50.217 - - [19/Mar/2021:03:28:24 +0800] "GET /api/v1/auth/token/ HTTP/1.1" 200 29 "http://alpha.luffycity.com:3000/js/common.js" "Mozilla/5.0 (compatible; MSIE 9.0; Windows NT 6.1; Win64; x64; Trident/5.0)" 
42.156.254.65, 39.97.49.232 - - [19/Mar/2021:03:29:57 +0800] "GET /api/v1/auth/token/ HTTP/1.1" 200 29 "-" "Mozilla/5.0 (Windows NT 6.1; Win64; x64) AppleWebKit/537.36 (KHTML, like Gecko) Chrome/69.0.3497.81 YisouSpider/5.0 Safari/537.36" 
40.77.167.54, 39.97.49.232 - - [19/Mar/2021:03:30:09 +0800] "GET /api/v1/auth/token/ HTTP/1.1" 200 29 "-" "Mozilla/5.0 (compatible; bingbot/2.0; +http://www.bing.com/bingbot.htm)" 
216.244.66.236, 39.97.49.232 - - [19/Mar/2021:03:32:32 +0800] "GET /api/v1/auth/token/ HTTP/1.1" 200 29 "-" "Mozilla/5.0 (compatible; DotBot/1.2; +https://opensiteexplorer.org/dotbot; help@moz.com)" 
40.77.167.76, 39.97.49.232 - - [19/Mar/2021:03:33:00 +0800] "GET /api/v1/auth/token/ HTTP/1.1" 200 29 "-" "Mozilla/5.0 (compatible; bingbot/2.0; +http://www.bing.com/bingbot.htm)" 
40.77.167.76, 39.97.49.232 - - [19/Mar/2021:03:33:00 +0800] "GET /api/v1/result/ HTTP/1.1" 200 231 "-" "Mozilla/5.0 (compatible; bingbot/2.0; +http://www.bing.com/bingbot.htm)" 
40.77.189.75 - - [19/Mar/2021:03:33:04 +0800] "GET /api/v1/media/play/64909ecf86e943e78b91b103156a7b62/?suffix=64909ecf86e943e78b91b103156a7b62 HTTP/1.1" 200 2394 "-" "Mozilla/5.0 (Windows NT 6.1; WOW64) AppleWebKit/534+ (KHTML, like Gecko) BingPreview/1.0b" 
113.87.0.73, 39.97.49.232 - - [19/Mar/2021:03:33:21 +0800] "GET /api/v1/auth/token/ HTTP/1.1" 200 29 "https://v3.bootcss.com/" "Mozilla/5.0 (Windows NT 10.0; WOW64) AppleWebKit/537.36 (KHTML, like Gecko) Chrome/86.0.4240.198 Safari/537.36" 
113.87.0.73, 39.97.49.232 - - [19/Mar/2021:03:33:21 +0800] "GET /api/v1/result/ HTTP/1.1" 200 231 "https://v3.bootcss.com/" "Mozilla/5.0 (Windows NT 10.0; WOW64) AppleWebKit/537.36 (KHTML, like Gecko) Chrome/86.0.4240.198 Safari/537.36" 
113.87.0.73 - - [19/Mar/2021:03:33:26 +0800] "GET /api/v1/activity/survey/?course_id=256 HTTP/1.1" 200 11 "https://www.luffycity.com/activity/vue-camp?source=bootcss" "Mozilla/5.0 (Windows NT 10.0; WOW64) AppleWebKit/537.36 (KHTML, like Gecko) Chrome/86.0.4240.198 Safari/537.36" 
220.181.108.104, 39.97.49.232 - - [19/Mar/2021:03:34:04 +0800] "GET /api/v1/auth/token/ HTTP/1.1" 200 29 "-" "Mozilla/5.0 (compatible; Baiduspider/2.0; +http://www.baidu.com/search/spider.html)" 
