103.43.192.78 - - [18/Mar/2021:21:41:49 +0800] "OPTIONS /api/v1/survey/section/31678/?sectionId=31678 HTTP/1.1" 200 0 "https://www.luffycity.com/play/31678" "Mozilla/5.0 (Windows NT 10.0; Win64; x64; rv:86.0) Gecko/20100101 Firefox/86.0" 
103.43.192.78 - - [18/Mar/2021:21:41:49 +0800] "OPTIONS /api/v1/comment/?section_id=31678&limit=10&offset=0 HTTP/1.1" 200 0 "https://www.luffycity.com/play/31678" "Mozilla/5.0 (Windows NT 10.0; Win64; x64; rv:86.0) Gecko/20100101 Firefox/86.0" 
103.43.192.78 - - [18/Mar/2021:21:41:49 +0800] "GET /api/v1/comment/?section_id=31678&limit=10&offset=0 HTTP/1.1" 200 69 "https://www.luffycity.com/play/31678" "Mozilla/5.0 (Windows NT 10.0; Win64; x64; rv:86.0) Gecko/20100101 Firefox/86.0" 
103.43.192.78 - - [18/Mar/2021:21:41:49 +0800] "GET /api/v1/play/sections/?section_id=31678 HTTP/1.1" 200 2209 "https://www.luffycity.com/play/31678" "Mozilla/5.0 (Windows NT 10.0; Win64; x64; rv:86.0) Gecko/20100101 Firefox/86.0" 
111.198.229.195 - - [18/Mar/2021:21:41:55 +0800] "OPTIONS /api/v1/auth/wechat/ HTTP/1.1" 200 0 "https://www.luffycity.com/" "Mozilla/5.0 (Windows NT 10.0; Win64; x64) AppleWebKit/537.36 (KHTML, like Gecko) Chrome/89.0.4389.82 Safari/537.36" 
111.198.229.195 - - [18/Mar/2021:21:41:57 +0800] "OPTIONS /api/v1/auth/password/login/?loginWay=password HTTP/1.1" 200 0 "https://www.luffycity.com/" "Mozilla/5.0 (Windows NT 10.0; Win64; x64) AppleWebKit/537.36 (KHTML, like Gecko) Chrome/89.0.4389.82 Safari/537.36" 
111.198.229.195 - - [18/Mar/2021:21:41:57 +0800] "OPTIONS /api/v1/auth/token/ HTTP/1.1" 200 0 "https://www.luffycity.com/" "Mozilla/5.0 (Windows NT 10.0; Win64; x64) AppleWebKit/537.36 (KHTML, like Gecko) Chrome/89.0.4389.82 Safari/537.36" 
117.30.95.75 - - [18/Mar/2021:21:41:58 +0800] "GET /api/v1/course/category/actual/?courseType=actual HTTP/1.1" 200 252 "https://www.luffycity.com/" "Mozilla/5.0 (Windows NT 6.3; Win64; x64) AppleWebKit/537.36 (KHTML, like Gecko) Chrome/89.0.4389.90 Safari/537.36" 
117.30.95.75 - - [18/Mar/2021:21:41:58 +0800] "GET /api/v1/course/actual/?category_id=1 HTTP/1.1" 200 6892 "https://www.luffycity.com/" "Mozilla/5.0 (Windows NT 6.3; Win64; x64) AppleWebKit/537.36 (KHTML, like Gecko) Chrome/89.0.4389.90 Safari/537.36" 
103.43.192.78 - - [18/Mar/2021:21:42:00 +0800] "OPTIONS /api/v1/comment/?section_id=31688&limit=10&offset=0 HTTP/1.1" 200 0 "https://www.luffycity.com/play/31688" "Mozilla/5.0 (Windows NT 10.0; Win64; x64; rv:86.0) Gecko/20100101 Firefox/86.0" 
103.43.192.78 - - [18/Mar/2021:21:42:00 +0800] "OPTIONS /api/v1/survey/section/31688/?sectionId=31688 HTTP/1.1" 200 0 "https://www.luffycity.com/play/31688" "Mozilla/5.0 (Windows NT 10.0; Win64; x64; rv:86.0) Gecko/20100101 Firefox/86.0" 
180.164.92.174 - - [18/Mar/2021:21:42:00 +0800] "OPTIONS /api/v1/comment/?section_id=19372&limit=10&offset=0 HTTP/1.1" 200 0 "https://www.luffycity.com/" "Mozilla/5.0 (Windows NT 6.1; Win64; x64) AppleWebKit/537.36 (KHTML, like Gecko) Chrome/87.0.4280.88 Safari/537.36" 
180.164.92.174 - - [18/Mar/2021:21:42:00 +0800] "OPTIONS /api/v1/survey/section/19372/?sectionId=19372 HTTP/1.1" 200 0 "https://www.luffycity.com/" "Mozilla/5.0 (Windows NT 6.1; Win64; x64) AppleWebKit/537.36 (KHTML, like Gecko) Chrome/87.0.4280.88 Safari/537.36" 
103.43.192.78 - - [18/Mar/2021:21:42:00 +0800] "GET /api/v1/survey/section/31688/?sectionId=31688 HTTP/1.1" 200 10 "https://www.luffycity.com/play/31688" "Mozilla/5.0 (Windows NT 10.0; Win64; x64; rv:86.0) Gecko/20100101 Firefox/86.0" 
180.164.92.174 - - [18/Mar/2021:21:42:00 +0800] "GET /api/v1/survey/section/19372/?sectionId=19372 HTTP/1.1" 200 10 "https://www.luffycity.com/" "Mozilla/5.0 (Windows NT 6.1; Win64; x64) AppleWebKit/537.36 (KHTML, like Gecko) Chrome/87.0.4280.88 Safari/537.36" 
103.43.192.78 - - [18/Mar/2021:21:42:00 +0800] "GET /api/v1/play/31688/?play_id=31688 HTTP/1.1" 200 399 "https://www.luffycity.com/play/31688" "Mozilla/5.0 (Windows NT 10.0; Win64; x64; rv:86.0) Gecko/20100101 Firefox/86.0" 
180.164.92.174 - - [18/Mar/2021:21:42:00 +0800] "GET /api/v1/play/sections/?section_id=19372 HTTP/1.1" 200 1532 "https://www.luffycity.com/" "Mozilla/5.0 (Windows NT 6.1; Win64; x64) AppleWebKit/537.36 (KHTML, like Gecko) Chrome/87.0.4280.88 Safari/537.36" 
175.167.217.221 - - [18/Mar/2021:21:42:01 +0800] "OPTIONS /api/v1/check/wechat/?uid=80c77cf26c1f9954b772c100e1067ebb&field=wechat HTTP/1.1" 200 0 "https://www.luffycity.com/" "Mozilla/5.0 (Windows NT 6.1; WOW64) AppleWebKit/537.36 (KHTML, like Gecko) Chrome/89.0.4389.82 Safari/537.36" 
175.167.217.221 - - [18/Mar/2021:21:42:03 +0800] "GET /api/v1/check/wechat/?uid=80c77cf26c1f9954b772c100e1067ebb&field=wechat HTTP/1.1" 200 48 "https://www.luffycity.com/" "Mozilla/5.0 (Windows NT 6.1; WOW64) AppleWebKit/537.36 (KHTML, like Gecko) Chrome/89.0.4389.82 Safari/537.36" 
112.10.252.75, 39.97.49.232 - - [18/Mar/2021:21:42:07 +0800] "GET /api/v1/auth/token/ HTTP/1.1" 200 29 "-" "Mozilla/5.0 (Windows NT 10.0; WOW64) AppleWebKit/537.36 (KHTML, like Gecko) Chrome/75.0.3770.100 Safari/537.36" 
112.10.252.75, 39.97.49.232 - - [18/Mar/2021:21:42:07 +0800] "GET /api/v1/course/actual/?limit=3 HTTP/1.1" 200 2342 "-" "Mozilla/5.0 (Windows NT 10.0; WOW64) AppleWebKit/537.36 (KHTML, like Gecko) Chrome/75.0.3770.100 Safari/537.36" 
112.10.252.75, 39.97.49.232 - - [18/Mar/2021:21:42:07 +0800] "GET /api/v1/course/degree/ HTTP/1.1" 200 952 "-" "Mozilla/5.0 (Windows NT 10.0; WOW64) AppleWebKit/537.36 (KHTML, like Gecko) Chrome/75.0.3770.100 Safari/537.36" 
59.42.6.152, 39.97.49.232 - - [18/Mar/2021:21:42:08 +0800] "GET /api/v1/auth/token/ HTTP/1.1" 200 29 "-" "Mozilla/5.0 (Windows NT 10.0; Win64; x64) AppleWebKit/537.36 (KHTML, like Gecko) Chrome/89.0.4389.90 Safari/537.36 Edg/89.0.774.54" 
175.167.217.221 - - [18/Mar/2021:21:42:08 +0800] "GET /api/v1/check/wechat/?uid=80c77cf26c1f9954b772c100e1067ebb&field=wechat HTTP/1.1" 200 48 "https://www.luffycity.com/" "Mozilla/5.0 (Windows NT 6.1; WOW64) AppleWebKit/537.36 (KHTML, like Gecko) Chrome/89.0.4389.82 Safari/537.36" 
117.30.95.75 - - [18/Mar/2021:21:42:09 +0800] "GET /api/v1/course/category/actual/?courseType=actual HTTP/1.1" 200 252 "https://www.luffycity.com/" "Mozilla/5.0 (Windows NT 6.3; Win64; x64) AppleWebKit/537.36 (KHTML, like Gecko) Chrome/89.0.4389.90 Safari/537.36" 
112.10.252.75 - - [18/Mar/2021:21:42:09 +0800] "GET /api/v1/result/enroll/?resultType=enroll&limit=2 HTTP/1.1" 200 718 "https://www.luffycity.com/" "Mozilla/5.0 (Windows NT 10.0; WOW64) AppleWebKit/537.36 (KHTML, like Gecko) Chrome/75.0.3770.100 Safari/537.36" 
117.30.95.75 - - [18/Mar/2021:21:42:09 +0800] "GET /api/v1/course/actual/?category_id=2 HTTP/1.1" 200 5609 "https://www.luffycity.com/" "Mozilla/5.0 (Windows NT 6.3; Win64; x64) AppleWebKit/537.36 (KHTML, like Gecko) Chrome/89.0.4389.90 Safari/537.36" 
112.10.252.75 - - [18/Mar/2021:21:42:10 +0800] "GET /api/v1/auth/wechat/ HTTP/1.1" 200 232 "https://www.luffycity.com/" "Mozilla/5.0 (Windows NT 10.0; WOW64) AppleWebKit/537.36 (KHTML, like Gecko) Chrome/75.0.3770.100 Safari/537.36" 
59.42.6.152, 39.97.49.232 - - [18/Mar/2021:21:42:13 +0800] "GET /api/v1/auth/token/ HTTP/1.1" 200 29 "https://www.luffycity.com/courses" "Mozilla/5.0 (Windows NT 10.0; Win64; x64) AppleWebKit/537.36 (KHTML, like Gecko) Chrome/89.0.4389.90 Safari/537.36 Edg/89.0.774.54" 
59.42.6.152, 39.97.49.232 - - [18/Mar/2021:21:42:13 +0800] "GET /api/v1/result/ HTTP/1.1" 200 232 "https://www.luffycity.com/courses" "Mozilla/5.0 (Windows NT 10.0; Win64; x64) AppleWebKit/537.36 (KHTML, like Gecko) Chrome/89.0.4389.90 Safari/537.36 Edg/89.0.774.54" 
59.42.6.152, 39.97.49.232 - - [18/Mar/2021:21:42:13 +0800] "GET /api/v1/course/actual/ HTTP/1.1" 200 25980 "https://www.luffycity.com/courses" "Mozilla/5.0 (Windows NT 10.0; Win64; x64) AppleWebKit/537.36 (KHTML, like Gecko) Chrome/89.0.4389.90 Safari/537.36 Edg/89.0.774.54" 
112.10.252.75 - - [18/Mar/2021:21:42:15 +0800] "POST /api/v1/auth/password/login/?loginWay=password HTTP/1.1" 200 274 "https://www.luffycity.com/" "Mozilla/5.0 (Windows NT 10.0; WOW64) AppleWebKit/537.36 (KHTML, like Gecko) Chrome/75.0.3770.100 Safari/537.36" 
112.10.252.75 - - [18/Mar/2021:21:42:15 +0800] "GET /api/v1/auth/token/ HTTP/1.1" 200 387 "https://www.luffycity.com/" "Mozilla/5.0 (Windows NT 10.0; WOW64) AppleWebKit/537.36 (KHTML, like Gecko) Chrome/75.0.3770.100 Safari/537.36" 
112.10.252.75 - - [18/Mar/2021:21:42:17 +0800] "OPTIONS /api/v1/study/data/ HTTP/1.1" 200 0 "https://www.luffycity.com/study/degree" "Mozilla/5.0 (Windows NT 10.0; WOW64) AppleWebKit/537.36 (KHTML, like Gecko) Chrome/75.0.3770.100 Safari/537.36" 
112.10.252.75 - - [18/Mar/2021:21:42:17 +0800] "GET /api/v1/study/degrees/ HTTP/1.1" 200 262 "https://www.luffycity.com/study/degree" "Mozilla/5.0 (Windows NT 10.0; WOW64) AppleWebKit/537.36 (KHTML, like Gecko) Chrome/75.0.3770.100 Safari/537.36" 
112.10.252.75 - - [18/Mar/2021:21:42:17 +0800] "OPTIONS /api/v1/study/data/?degree_id=1 HTTP/1.1" 200 0 "https://www.luffycity.com/study/degree" "Mozilla/5.0 (Windows NT 10.0; WOW64) AppleWebKit/537.36 (KHTML, like Gecko) Chrome/75.0.3770.100 Safari/537.36" 
112.10.252.75 - - [18/Mar/2021:21:42:17 +0800] "GET /api/v1/study/degrees/1/mentor/?degree_id=1 HTTP/1.1" 200 224 "https://www.luffycity.com/study/degree" "Mozilla/5.0 (Windows NT 10.0; WOW64) AppleWebKit/537.36 (KHTML, like Gecko) Chrome/75.0.3770.100 Safari/537.36" 
112.10.252.75 - - [18/Mar/2021:21:42:17 +0800] "GET /api/v1/study/data/ HTTP/1.1" 200 106 "https://www.luffycity.com/study/degree" "Mozilla/5.0 (Windows NT 10.0; WOW64) AppleWebKit/537.36 (KHTML, like Gecko) Chrome/75.0.3770.100 Safari/537.36" 
112.10.252.75 - - [18/Mar/2021:21:42:17 +0800] "GET /api/v1/study/data/?degree_id=1 HTTP/1.1" 200 112 "https://www.luffycity.com/study/degree" "Mozilla/5.0 (Windows NT 10.0; WOW64) AppleWebKit/537.36 (KHTML, like Gecko) Chrome/75.0.3770.100 Safari/537.36" 
59.42.6.152 - - [18/Mar/2021:21:42:18 +0800] "GET /api/v1/course/category/actual/?courseType=actual HTTP/1.1" 200 252 "https://www.luffycity.com/" "Mozilla/5.0 (Windows NT 10.0; Win64; x64) AppleWebKit/537.36 (KHTML, like Gecko) Chrome/89.0.4389.90 Safari/537.36 Edg/89.0.774.54" 
59.42.6.152 - - [18/Mar/2021:21:42:19 +0800] "GET /api/v1/course/actual/?category_id=1 HTTP/1.1" 200 6892 "https://www.luffycity.com/" "Mozilla/5.0 (Windows NT 10.0; Win64; x64) AppleWebKit/537.36 (KHTML, like Gecko) Chrome/89.0.4389.90 Safari/537.36 Edg/89.0.774.54" 
106.46.41.105 - - [18/Mar/2021:21:42:26 +0800] "OPTIONS /api/v1/play/sections/?section_id=5106 HTTP/1.1" 200 0 "https://www.luffycity.com/" "Mozilla/5.0 (Windows NT 10.0; Win64; x64) AppleWebKit/537.36 (KHTML, like Gecko) Chrome/89.0.4389.90 Safari/537.36 Edg/89.0.774.54" 
106.46.41.105 - - [18/Mar/2021:21:42:26 +0800] "OPTIONS /api/v1/comment/?section_id=5106&limit=10&offset=0 HTTP/1.1" 200 0 "https://www.luffycity.com/" "Mozilla/5.0 (Windows NT 10.0; Win64; x64) AppleWebKit/537.36 (KHTML, like Gecko) Chrome/89.0.4389.90 Safari/537.36 Edg/89.0.774.54" 
106.46.41.105 - - [18/Mar/2021:21:42:26 +0800] "GET /api/v1/survey/section/5106/?sectionId=5106 HTTP/1.1" 200 10 "https://www.luffycity.com/" "Mozilla/5.0 (Windows NT 10.0; Win64; x64) AppleWebKit/537.36 (KHTML, like Gecko) Chrome/89.0.4389.90 Safari/537.36 Edg/89.0.774.54" 
106.46.41.105 - - [18/Mar/2021:21:42:26 +0800] "GET /api/v1/play/5106/?play_id=5106 HTTP/1.1" 200 392 "https://www.luffycity.com/" "Mozilla/5.0 (Windows NT 10.0; Win64; x64) AppleWebKit/537.36 (KHTML, like Gecko) Chrome/89.0.4389.90 Safari/537.36 Edg/89.0.774.54" 
125.73.95.4 - - [18/Mar/2021:21:42:28 +0800] "OPTIONS /api/v1/study/degrees/ HTTP/1.1" 200 0 "https://www.luffycity.com/study/degree" "Mozilla/5.0 (Windows NT 10.0; WOW64) AppleWebKit/537.36 (KHTML, like Gecko) Chrome/78.0.3904.108 Safari/537.36" 
125.73.95.4 - - [18/Mar/2021:21:42:28 +0800] "OPTIONS /api/v1/study/data/ HTTP/1.1" 200 0 "https://www.luffycity.com/study/degree" "Mozilla/5.0 (Windows NT 10.0; WOW64) AppleWebKit/537.36 (KHTML, like Gecko) Chrome/78.0.3904.108 Safari/537.36" 
125.73.95.4 - - [18/Mar/2021:21:42:28 +0800] "GET /api/v1/study/degrees/0/mentor/?degree_id=0 HTTP/1.1" 200 137 "https://www.luffycity.com/study/degree" "Mozilla/5.0 (Windows NT 10.0; WOW64) AppleWebKit/537.36 (KHTML, like Gecko) Chrome/78.0.3904.108 Safari/537.36" 
125.73.95.4 - - [18/Mar/2021:21:42:28 +0800] "OPTIONS /api/v1/study/degrees/2/?degree_id=2 HTTP/1.1" 200 0 "https://www.luffycity.com/study/degree" "Mozilla/5.0 (Windows NT 10.0; WOW64) AppleWebKit/537.36 (KHTML, like Gecko) Chrome/78.0.3904.108 Safari/537.36" 
125.73.95.4 - - [18/Mar/2021:21:42:28 +0800] "OPTIONS /api/v1/study/degrees/2/mentor/?degree_id=2 HTTP/1.1" 200 0 "https://www.luffycity.com/study/degree" "Mozilla/5.0 (Windows NT 10.0; WOW64) AppleWebKit/537.36 (KHTML, like Gecko) Chrome/78.0.3904.108 Safari/537.36" 
125.73.95.4 - - [18/Mar/2021:21:42:28 +0800] "GET /api/v1/study/degrees/2/?degree_id=2 HTTP/1.1" 200 1316 "https://www.luffycity.com/study/degree" "Mozilla/5.0 (Windows NT 10.0; WOW64) AppleWebKit/537.36 (KHTML, like Gecko) Chrome/78.0.3904.108 Safari/537.36" 
125.73.95.4 - - [18/Mar/2021:21:42:30 +0800] "OPTIONS /api/v1/study/degrees/1/?degree_id=1 HTTP/1.1" 200 0 "https://www.luffycity.com/study/degree" "Mozilla/5.0 (Windows NT 10.0; WOW64) AppleWebKit/537.36 (KHTML, like Gecko) Chrome/78.0.3904.108 Safari/537.36" 
125.73.95.4 - - [18/Mar/2021:21:42:30 +0800] "OPTIONS /api/v1/study/degrees/1/mentor/?degree_id=1 HTTP/1.1" 200 0 "https://www.luffycity.com/study/degree" "Mozilla/5.0 (Windows NT 10.0; WOW64) AppleWebKit/537.36 (KHTML, like Gecko) Chrome/78.0.3904.108 Safari/537.36" 
125.73.95.4 - - [18/Mar/2021:21:42:30 +0800] "GET /api/v1/study/degrees/1/?degree_id=1 HTTP/1.1" 200 1974 "https://www.luffycity.com/study/degree" "Mozilla/5.0 (Windows NT 10.0; WOW64) AppleWebKit/537.36 (KHTML, like Gecko) Chrome/78.0.3904.108 Safari/537.36" 
106.47.108.154, 39.97.49.232 - - [18/Mar/2021:21:42:31 +0800] "GET /api/v1/course/actual/?limit=3 HTTP/1.1" 200 2342 "-" "Mozilla/5.0 (Windows NT 10.0; Win64; x64) AppleWebKit/537.36 (KHTML, like Gecko) Chrome/89.0.4389.82 Safari/537.36" 
106.47.108.154 - - [18/Mar/2021:21:42:33 +0800] "GET /api/v1/result/enroll/?resultType=enroll&limit=2 HTTP/1.1" 200 718 "https://www.luffycity.com/" "Mozilla/5.0 (Windows NT 10.0; Win64; x64) AppleWebKit/537.36 (KHTML, like Gecko) Chrome/89.0.4389.82 Safari/537.36" 
125.73.95.4 - - [18/Mar/2021:21:42:33 +0800] "OPTIONS /api/v1/play/sections/?section_id=2922 HTTP/1.1" 200 0 "https://www.luffycity.com/play/2922" "Mozilla/5.0 (Windows NT 10.0; WOW64) AppleWebKit/537.36 (KHTML, like Gecko) Chrome/78.0.3904.108 Safari/537.36" 
125.73.95.4 - - [18/Mar/2021:21:42:33 +0800] "OPTIONS /api/v1/play/2922/?play_id=2922 HTTP/1.1" 200 0 "https://www.luffycity.com/play/2922" "Mozilla/5.0 (Windows NT 10.0; WOW64) AppleWebKit/537.36 (KHTML, like Gecko) Chrome/78.0.3904.108 Safari/537.36" 
125.73.95.4 - - [18/Mar/2021:21:42:34 +0800] "GET /api/v1/play/sections/?section_id=2922 HTTP/1.1" 200 5431 "https://www.luffycity.com/play/2922" "Mozilla/5.0 (Windows NT 10.0; WOW64) AppleWebKit/537.36 (KHTML, like Gecko) Chrome/78.0.3904.108 Safari/537.36" 
125.73.95.4 - - [18/Mar/2021:21:42:34 +0800] "GET /api/v1/play/2922/?play_id=2922 HTTP/1.1" 200 454 "https://www.luffycity.com/play/2922" "Mozilla/5.0 (Windows NT 10.0; WOW64) AppleWebKit/537.36 (KHTML, like Gecko) Chrome/78.0.3904.108 Safari/537.36" 
103.43.192.78 - - [18/Mar/2021:21:42:35 +0800] "OPTIONS /api/v1/play/sections/?section_id=31686 HTTP/1.1" 200 0 "https://www.luffycity.com/play/31686" "Mozilla/5.0 (Windows NT 10.0; Win64; x64; rv:86.0) Gecko/20100101 Firefox/86.0" 
103.43.192.78 - - [18/Mar/2021:21:42:35 +0800] "OPTIONS /api/v1/play/31686/?play_id=31686 HTTP/1.1" 200 0 "https://www.luffycity.com/play/31686" "Mozilla/5.0 (Windows NT 10.0; Win64; x64; rv:86.0) Gecko/20100101 Firefox/86.0" 
103.43.192.78 - - [18/Mar/2021:21:42:35 +0800] "GET /api/v1/survey/section/31686/?sectionId=31686 HTTP/1.1" 200 10 "https://www.luffycity.com/play/31686" "Mozilla/5.0 (Windows NT 10.0; Win64; x64; rv:86.0) Gecko/20100101 Firefox/86.0" 
103.43.192.78 - - [18/Mar/2021:21:42:35 +0800] "GET /api/v1/play/sections/?section_id=31686 HTTP/1.1" 200 2208 "https://www.luffycity.com/play/31686" "Mozilla/5.0 (Windows NT 10.0; Win64; x64; rv:86.0) Gecko/20100101 Firefox/86.0" 
112.3.10.99 - - [18/Mar/2021:21:42:37 +0800] "OPTIONS /api/v1/play/28662/?play_id=28662 HTTP/1.1" 200 0 "https://www.luffycity.com/" "Mozilla/5.0 (Windows NT 10.0; Win64; x64) AppleWebKit/537.36 (KHTML, like Gecko) Chrome/89.0.4389.82 Safari/537.36" 
112.3.10.99 - - [18/Mar/2021:21:42:37 +0800] "OPTIONS /api/v1/comment/?section_id=28662&limit=10&offset=0 HTTP/1.1" 200 0 "https://www.luffycity.com/" "Mozilla/5.0 (Windows NT 10.0; Win64; x64) AppleWebKit/537.36 (KHTML, like Gecko) Chrome/89.0.4389.82 Safari/537.36" 
112.3.10.99 - - [18/Mar/2021:21:42:37 +0800] "GET /api/v1/survey/section/28662/?sectionId=28662 HTTP/1.1" 200 10 "https://www.luffycity.com/" "Mozilla/5.0 (Windows NT 10.0; Win64; x64) AppleWebKit/537.36 (KHTML, like Gecko) Chrome/89.0.4389.82 Safari/537.36" 
112.3.10.99 - - [18/Mar/2021:21:42:37 +0800] "GET /api/v1/play/28662/?play_id=28662 HTTP/1.1" 200 405 "https://www.luffycity.com/" "Mozilla/5.0 (Windows NT 10.0; Win64; x64) AppleWebKit/537.36 (KHTML, like Gecko) Chrome/89.0.4389.82 Safari/537.36" 
163.125.42.55 - - [18/Mar/2021:21:42:40 +0800] "OPTIONS /api/v1/comment/?section_id=29923&limit=10&offset=0 HTTP/1.1" 200 0 "https://www.luffycity.com/" "Mozilla/5.0 (Windows NT 10.0; Win64; x64) AppleWebKit/537.36 (KHTML, like Gecko) Chrome/89.0.4389.90 Safari/537.36" 
163.125.42.55 - - [18/Mar/2021:21:42:40 +0800] "OPTIONS /api/v1/survey/section/29923/?sectionId=29923 HTTP/1.1" 200 0 "https://www.luffycity.com/" "Mozilla/5.0 (Windows NT 10.0; Win64; x64) AppleWebKit/537.36 (KHTML, like Gecko) Chrome/89.0.4389.90 Safari/537.36" 
163.125.42.55 - - [18/Mar/2021:21:42:40 +0800] "GET /api/v1/survey/section/29923/?sectionId=29923 HTTP/1.1" 200 10 "https://www.luffycity.com/" "Mozilla/5.0 (Windows NT 10.0; Win64; x64) AppleWebKit/537.36 (KHTML, like Gecko) Chrome/89.0.4389.90 Safari/537.36" 
163.125.42.55 - - [18/Mar/2021:21:42:40 +0800] "GET /api/v1/play/29923/?play_id=29923 HTTP/1.1" 200 376 "https://www.luffycity.com/" "Mozilla/5.0 (Windows NT 10.0; Win64; x64) AppleWebKit/537.36 (KHTML, like Gecko) Chrome/89.0.4389.90 Safari/537.36" 
106.47.108.154, 39.97.49.232 - - [18/Mar/2021:21:42:41 +0800] "GET /api/v1/auth/token/ HTTP/1.1" 200 29 "https://www.luffycity.com/" "Mozilla/5.0 (Windows NT 10.0; Win64; x64) AppleWebKit/537.36 (KHTML, like Gecko) Chrome/89.0.4389.82 Safari/537.36" 
106.47.108.154, 39.97.49.232 - - [18/Mar/2021:21:42:41 +0800] "GET /api/v1/result/ HTTP/1.1" 200 232 "https://www.luffycity.com/" "Mozilla/5.0 (Windows NT 10.0; Win64; x64) AppleWebKit/537.36 (KHTML, like Gecko) Chrome/89.0.4389.82 Safari/537.36" 
111.198.229.195 - - [18/Mar/2021:21:42:46 +0800] "OPTIONS /api/v1/study/degrees/ HTTP/1.1" 200 0 "https://www.luffycity.com/" "Mozilla/5.0 (Windows NT 10.0; Win64; x64) AppleWebKit/537.36 (KHTML, like Gecko) Chrome/89.0.4389.82 Safari/537.36" 
111.198.229.195 - - [18/Mar/2021:21:42:46 +0800] "OPTIONS /api/v1/study/degrees/0/mentor/?degree_id=0 HTTP/1.1" 200 0 "https://www.luffycity.com/" "Mozilla/5.0 (Windows NT 10.0; Win64; x64) AppleWebKit/537.36 (KHTML, like Gecko) Chrome/89.0.4389.82 Safari/537.36" 
111.198.229.195 - - [18/Mar/2021:21:42:46 +0800] "GET /api/v1/study/data/ HTTP/1.1" 200 107 "https://www.luffycity.com/" "Mozilla/5.0 (Windows NT 10.0; Win64; x64) AppleWebKit/537.36 (KHTML, like Gecko) Chrome/89.0.4389.82 Safari/537.36" 
111.198.229.195 - - [18/Mar/2021:21:42:46 +0800] "OPTIONS /api/v1/study/degrees/1/?degree_id=1 HTTP/1.1" 200 0 "https://www.luffycity.com/" "Mozilla/5.0 (Windows NT 10.0; Win64; x64) AppleWebKit/537.36 (KHTML, like Gecko) Chrome/89.0.4389.82 Safari/537.36" 
111.198.229.195 - - [18/Mar/2021:21:42:46 +0800] "OPTIONS /api/v1/study/degrees/1/mentor/?degree_id=1 HTTP/1.1" 200 0 "https://www.luffycity.com/" "Mozilla/5.0 (Windows NT 10.0; Win64; x64) AppleWebKit/537.36 (KHTML, like Gecko) Chrome/89.0.4389.82 Safari/537.36" 
111.198.229.195 - - [18/Mar/2021:21:42:46 +0800] "GET /api/v1/study/data/?degree_id=1 HTTP/1.1" 200 110 "https://www.luffycity.com/" "Mozilla/5.0 (Windows NT 10.0; Win64; x64) AppleWebKit/537.36 (KHTML, like Gecko) Chrome/89.0.4389.82 Safari/537.36" 
117.30.95.75 - - [18/Mar/2021:21:42:49 +0800] "GET /favicon.ico HTTP/1.1" 404 77 "https://api.luffycity.com/api/v1/course/category/actual/?courseType=actual" "Mozilla/5.0 (Windows NT 6.3; Win64; x64) AppleWebKit/537.36 (KHTML, like Gecko) Chrome/89.0.4389.90 Safari/537.36" 
111.198.229.195 - - [18/Mar/2021:21:42:50 +0800] "OPTIONS /api/v1/play/sections/?section_id=31295 HTTP/1.1" 200 0 "https://www.luffycity.com/" "Mozilla/5.0 (Windows NT 10.0; Win64; x64) AppleWebKit/537.36 (KHTML, like Gecko) Chrome/89.0.4389.82 Safari/537.36" 
111.198.229.195 - - [18/Mar/2021:21:42:50 +0800] "OPTIONS /api/v1/play/31295/?play_id=31295 HTTP/1.1" 200 0 "https://www.luffycity.com/" "Mozilla/5.0 (Windows NT 10.0; Win64; x64) AppleWebKit/537.36 (KHTML, like Gecko) Chrome/89.0.4389.82 Safari/537.36" 
111.198.229.195 - - [18/Mar/2021:21:42:50 +0800] "OPTIONS /api/v1/survey/section/31295/?sectionId=31295 HTTP/1.1" 200 0 "https://www.luffycity.com/" "Mozilla/5.0 (Windows NT 10.0; Win64; x64) AppleWebKit/537.36 (KHTML, like Gecko) Chrome/89.0.4389.82 Safari/537.36" 
111.198.229.195 - - [18/Mar/2021:21:42:50 +0800] "GET /api/v1/play/31295/?play_id=31295 HTTP/1.1" 200 399 "https://www.luffycity.com/" "Mozilla/5.0 (Windows NT 10.0; Win64; x64) AppleWebKit/537.36 (KHTML, like Gecko) Chrome/89.0.4389.82 Safari/537.36" 
122.192.13.215 - - [18/Mar/2021:21:42:51 +0800] "GET /api/v1/study/degrees/ HTTP/1.1" 200 268 "https://www.luffycity.com/" "Mozilla/5.0 (Windows NT 10.0; Win64; x64) AppleWebKit/537.36 (KHTML, like Gecko) Chrome/88.0.4324.150 Safari/537.36" 
59.42.6.152, 39.97.49.232 - - [18/Mar/2021:21:42:51 +0800] "GET /api/v1/auth/token/ HTTP/1.1" 200 29 "https://www.luffycity.com/actual-course?category_id=1" "Mozilla/5.0 (Windows NT 10.0; Win64; x64) AppleWebKit/537.36 (KHTML, like Gecko) Chrome/89.0.4389.90 Safari/537.36 Edg/89.0.774.54" 
122.192.13.215 - - [18/Mar/2021:21:42:51 +0800] "GET /api/v1/study/data/ HTTP/1.1" 200 109 "https://www.luffycity.com/" "Mozilla/5.0 (Windows NT 10.0; Win64; x64) AppleWebKit/537.36 (KHTML, like Gecko) Chrome/88.0.4324.150 Safari/537.36" 
122.192.13.215 - - [18/Mar/2021:21:42:51 +0800] "GET /api/v1/study/data/?degree_id=2 HTTP/1.1" 200 115 "https://www.luffycity.com/" "Mozilla/5.0 (Windows NT 10.0; Win64; x64) AppleWebKit/537.36 (KHTML, like Gecko) Chrome/88.0.4324.150 Safari/537.36" 
112.10.252.75 - - [18/Mar/2021:21:42:51 +0800] "OPTIONS /api/v1/comment/?section_id=5534&limit=10&offset=0 HTTP/1.1" 200 0 "https://www.luffycity.com/play/5534" "Mozilla/5.0 (Windows NT 10.0; WOW64) AppleWebKit/537.36 (KHTML, like Gecko) Chrome/75.0.3770.100 Safari/537.36" 
112.10.252.75 - - [18/Mar/2021:21:42:51 +0800] "OPTIONS /api/v1/survey/section/5534/?sectionId=5534 HTTP/1.1" 200 0 "https://www.luffycity.com/play/5534" "Mozilla/5.0 (Windows NT 10.0; WOW64) AppleWebKit/537.36 (KHTML, like Gecko) Chrome/75.0.3770.100 Safari/537.36" 
59.42.6.152, 39.97.49.232 - - [18/Mar/2021:21:42:51 +0800] "GET /api/v1/course/actual/195/?courseType=actual&id=195 HTTP/1.1" 200 1961 "https://www.luffycity.com/actual-course?category_id=1" "Mozilla/5.0 (Windows NT 10.0; Win64; x64) AppleWebKit/537.36 (KHTML, like Gecko) Chrome/89.0.4389.90 Safari/537.36 Edg/89.0.774.54" 
112.10.252.75 - - [18/Mar/2021:21:42:51 +0800] "GET /api/v1/survey/section/5534/?sectionId=5534 HTTP/1.1" 200 10 "https://www.luffycity.com/play/5534" "Mozilla/5.0 (Windows NT 10.0; WOW64) AppleWebKit/537.36 (KHTML, like Gecko) Chrome/75.0.3770.100 Safari/537.36" 
112.10.252.75 - - [18/Mar/2021:21:42:51 +0800] "GET /api/v1/comment/?section_id=5534&limit=10&offset=0 HTTP/1.1" 200 1557 "https://www.luffycity.com/play/5534" "Mozilla/5.0 (Windows NT 10.0; WOW64) AppleWebKit/537.36 (KHTML, like Gecko) Chrome/75.0.3770.100 Safari/537.36" 
59.42.6.152 - - [18/Mar/2021:21:42:52 +0800] "OPTIONS /api/v1/media/play/3c56ddb9cbb8419c9d36591ddf2c9ba7/?suffix=3c56ddb9cbb8419c9d36591ddf2c9ba7 HTTP/1.1" 200 0 "https://www.luffycity.com/" "Mozilla/5.0 (Windows NT 10.0; Win64; x64) AppleWebKit/537.36 (KHTML, like Gecko) Chrome/89.0.4389.90 Safari/537.36 Edg/89.0.774.54" 
59.42.6.152 - - [18/Mar/2021:21:42:52 +0800] "GET /api/v1/media/play/3c56ddb9cbb8419c9d36591ddf2c9ba7/?suffix=3c56ddb9cbb8419c9d36591ddf2c9ba7 HTTP/1.1" 200 1783 "https://www.luffycity.com/" "Mozilla/5.0 (Windows NT 10.0; Win64; x64) AppleWebKit/537.36 (KHTML, like Gecko) Chrome/89.0.4389.90 Safari/537.36 Edg/89.0.774.54" 
106.47.108.154, 39.97.49.232 - - [18/Mar/2021:21:42:52 +0800] "GET /api/v1/auth/token/ HTTP/1.1" 200 29 "https://www.luffycity.com/activity/python-camp" "Mozilla/5.0 (Windows NT 10.0; Win64; x64) AppleWebKit/537.36 (KHTML, like Gecko) Chrome/89.0.4389.82 Safari/537.36" 
106.47.108.154, 39.97.49.232 - - [18/Mar/2021:21:42:52 +0800] "GET /api/v1/result/ HTTP/1.1" 200 232 "https://www.luffycity.com/activity/python-camp" "Mozilla/5.0 (Windows NT 10.0; Win64; x64) AppleWebKit/537.36 (KHTML, like Gecko) Chrome/89.0.4389.82 Safari/537.36" 
106.47.108.154, 39.97.49.232 - - [18/Mar/2021:21:42:52 +0800] "GET /api/v1/course/category/free/?courseType=free HTTP/1.1" 200 174 "https://www.luffycity.com/activity/python-camp" "Mozilla/5.0 (Windows NT 10.0; Win64; x64) AppleWebKit/537.36 (KHTML, like Gecko) Chrome/89.0.4389.82 Safari/537.36" 
211.161.248.14 - - [18/Mar/2021:21:42:53 +0800] "OPTIONS /api/v1/play/sections/?section_id=14770 HTTP/1.1" 200 0 "https://www.luffycity.com/play/14770" "Mozilla/5.0 (Windows NT 10.0; Win64; x64) AppleWebKit/537.36 (KHTML, like Gecko) Chrome/75.0.3770.100 Safari/537.36" 
211.161.248.14 - - [18/Mar/2021:21:42:53 +0800] "OPTIONS /api/v1/comment/?section_id=14770&limit=10&offset=0 HTTP/1.1" 200 0 "https://www.luffycity.com/play/14770" "Mozilla/5.0 (Windows NT 10.0; Win64; x64) AppleWebKit/537.36 (KHTML, like Gecko) Chrome/75.0.3770.100 Safari/537.36" 
211.161.248.14 - - [18/Mar/2021:21:42:53 +0800] "GET /api/v1/survey/section/14770/?sectionId=14770 HTTP/1.1" 200 10 "https://www.luffycity.com/play/14770" "Mozilla/5.0 (Windows NT 10.0; Win64; x64) AppleWebKit/537.36 (KHTML, like Gecko) Chrome/75.0.3770.100 Safari/537.36" 
211.161.248.14 - - [18/Mar/2021:21:42:53 +0800] "GET /api/v1/play/sections/?section_id=14770 HTTP/1.1" 200 1531 "https://www.luffycity.com/play/14770" "Mozilla/5.0 (Windows NT 10.0; Win64; x64) AppleWebKit/537.36 (KHTML, like Gecko) Chrome/75.0.3770.100 Safari/537.36" 
113.78.185.179 - - [18/Mar/2021:21:42:53 +0800] "OPTIONS /api/v1/activity/survey/?course_id=256 HTTP/1.1" 200 0 "https://www.luffycity.com/" "Mozilla/5.0 (Windows NT 10.0; Win64; x64) AppleWebKit/537.36 (KHTML, like Gecko) Chrome/89.0.4389.90 Safari/537.36 Edg/89.0.774.54" 
59.42.6.152 - - [18/Mar/2021:21:42:54 +0800] "GET /api/v1/course/actual/195/sections/?courseType=actual&id=195 HTTP/1.1" 200 6743 "https://www.luffycity.com/" "Mozilla/5.0 (Windows NT 10.0; Win64; x64) AppleWebKit/537.36 (KHTML, like Gecko) Chrome/89.0.4389.90 Safari/537.36 Edg/89.0.774.54" 
122.192.13.215 - - [18/Mar/2021:21:42:56 +0800] "OPTIONS /api/v1/play/sections/?section_id=19478 HTTP/1.1" 200 0 "https://www.luffycity.com/" "Mozilla/5.0 (Windows NT 10.0; Win64; x64) AppleWebKit/537.36 (KHTML, like Gecko) Chrome/88.0.4324.150 Safari/537.36" 
122.192.13.215 - - [18/Mar/2021:21:42:56 +0800] "OPTIONS /api/v1/play/19478/?play_id=19478 HTTP/1.1" 200 0 "https://www.luffycity.com/" "Mozilla/5.0 (Windows NT 10.0; Win64; x64) AppleWebKit/537.36 (KHTML, like Gecko) Chrome/88.0.4324.150 Safari/537.36" 
122.192.13.215 - - [18/Mar/2021:21:42:56 +0800] "GET /api/v1/play/sections/?section_id=19478 HTTP/1.1" 200 2440 "https://www.luffycity.com/" "Mozilla/5.0 (Windows NT 10.0; Win64; x64) AppleWebKit/537.36 (KHTML, like Gecko) Chrome/88.0.4324.150 Safari/537.36" 
122.192.13.215 - - [18/Mar/2021:21:42:56 +0800] "GET /api/v1/comment/?section_id=19478&limit=10&offset=0 HTTP/1.1" 200 1241 "https://www.luffycity.com/" "Mozilla/5.0 (Windows NT 10.0; Win64; x64) AppleWebKit/537.36 (KHTML, like Gecko) Chrome/88.0.4324.150 Safari/537.36" 
203.208.60.94 - - [18/Mar/2021:21:42:59 +0800] "GET /api/v1/result/enroll/?resultType=enroll&limit=30&degree_id=1 HTTP/1.1" 200 8068 "https://m.luffycity.com/employment-course/1/comment" "Mozilla/5.0 (Linux; Android 6.0.1; Nexus 5X Build/MMB29P) AppleWebKit/537.36 (KHTML, like Gecko) Chrome/89.0.4389.84 Mobile Safari/537.36 (compatible; Googlebot/2.1; +http://www.google.com/bot.html)" 
111.198.229.195, 39.97.49.232 - - [18/Mar/2021:21:43:22 +0800] "GET /api/v1/result/ HTTP/1.1" 200 232 "-" "Mozilla/5.0 (Windows NT 10.0; Win64; x64) AppleWebKit/537.36 (KHTML, like Gecko) Chrome/89.0.4389.82 Safari/537.36" 
122.192.13.215, 39.97.49.232 - - [18/Mar/2021:21:43:26 +0800] "GET /api/v1/auth/token/ HTTP/1.1" 200 401 "-" "Mozilla/5.0 (Windows NT 10.0; Win64; x64) AppleWebKit/537.36 (KHTML, like Gecko) Chrome/88.0.4324.150 Safari/537.36" 
122.192.13.215 - - [18/Mar/2021:21:43:27 +0800] "GET /api/v1/play/sections/?section_id=19478 HTTP/1.1" 200 2440 "https://www.luffycity.com/" "Mozilla/5.0 (Windows NT 10.0; Win64; x64) AppleWebKit/537.36 (KHTML, like Gecko) Chrome/88.0.4324.150 Safari/537.36" 
122.192.13.215 - - [18/Mar/2021:21:43:27 +0800] "GET /api/v1/play/19478/?play_id=19478 HTTP/1.1" 200 410 "https://www.luffycity.com/" "Mozilla/5.0 (Windows NT 10.0; Win64; x64) AppleWebKit/537.36 (KHTML, like Gecko) Chrome/88.0.4324.150 Safari/537.36" 
223.104.210.67 - - [18/Mar/2021:21:43:30 +0800] "OPTIONS /api/v1/comment/?section_id=19461&limit=10&offset=0 HTTP/1.1" 200 0 "-" "Mozilla/5.0 (Windows NT 10.0; WOW64) AppleWebKit/537.36 (KHTML, like Gecko) Chrome/70.0.3538.25 Safari/537.36 Core/1.70.3775.400 QQBrowser/10.6.4208.400" 
223.104.210.67 - - [18/Mar/2021:21:43:30 +0800] "OPTIONS /api/v1/survey/section/19461/?sectionId=19461 HTTP/1.1" 200 0 "-" "Mozilla/5.0 (Windows NT 10.0; WOW64) AppleWebKit/537.36 (KHTML, like Gecko) Chrome/70.0.3538.25 Safari/537.36 Core/1.70.3775.400 QQBrowser/10.6.4208.400" 
223.104.210.67 - - [18/Mar/2021:21:43:30 +0800] "GET /api/v1/play/sections/?section_id=19461 HTTP/1.1" 200 2449 "https://www.luffycity.com/play/19461" "Mozilla/5.0 (Windows NT 10.0; WOW64) AppleWebKit/537.36 (KHTML, like Gecko) Chrome/70.0.3538.25 Safari/537.36 Core/1.70.3775.400 QQBrowser/10.6.4208.400" 
223.104.210.67 - - [18/Mar/2021:21:43:30 +0800] "GET /api/v1/comment/?section_id=19461&limit=10&offset=0 HTTP/1.1" 200 1241 "https://www.luffycity.com/play/19461" "Mozilla/5.0 (Windows NT 10.0; WOW64) AppleWebKit/537.36 (KHTML, like Gecko) Chrome/70.0.3538.25 Safari/537.36 Core/1.70.3775.400 QQBrowser/10.6.4208.400" 
40.77.167.54, 39.97.49.232 - - [18/Mar/2021:21:43:39 +0800] "GET /api/v1/auth/token/ HTTP/1.1" 200 29 "-" "Mozilla/5.0 (compatible; bingbot/2.0; +http://www.bing.com/bingbot.htm)" 
123.112.69.238 - - [18/Mar/2021:21:43:41 +0800] "OPTIONS /api/v1/comment/?section_id=31630&limit=10&offset=0 HTTP/1.1" 200 0 "https://www.luffycity.com/" "Mozilla/5.0 (Windows NT 10.0; Win64; x64) AppleWebKit/537.36 (KHTML, like Gecko) Chrome/89.0.4389.90 Safari/537.36" 
123.112.69.238 - - [18/Mar/2021:21:43:41 +0800] "OPTIONS /api/v1/survey/section/31630/?sectionId=31630 HTTP/1.1" 200 0 "https://www.luffycity.com/" "Mozilla/5.0 (Windows NT 10.0; Win64; x64) AppleWebKit/537.36 (KHTML, like Gecko) Chrome/89.0.4389.90 Safari/537.36" 
123.112.69.238 - - [18/Mar/2021:21:43:41 +0800] "GET /api/v1/survey/section/31630/?sectionId=31630 HTTP/1.1" 200 10 "https://www.luffycity.com/" "Mozilla/5.0 (Windows NT 10.0; Win64; x64) AppleWebKit/537.36 (KHTML, like Gecko) Chrome/89.0.4389.90 Safari/537.36" 
123.112.69.238 - - [18/Mar/2021:21:43:41 +0800] "GET /api/v1/comment/?section_id=31630&limit=10&offset=0 HTTP/1.1" 200 823 "https://www.luffycity.com/" "Mozilla/5.0 (Windows NT 10.0; Win64; x64) AppleWebKit/537.36 (KHTML, like Gecko) Chrome/89.0.4389.90 Safari/537.36" 
112.10.75.43 - - [18/Mar/2021:21:43:42 +0800] "GET /api/v1/auth/token/ HTTP/1.1" 200 29 "https://m.luffycity.com/home?native.theme=1" "Mozilla/5.0 (Linux; Android 10; EBG-AN10 Build/HUAWEIEBG-AN10; wv) AppleWebKit/537.36 (KHTML, like Gecko) Version/4.0 Chrome/78.0.3904.108 Mobile Safari/537.36 os/android model/EBG-AN10 build/6205500 osVer/10 sdkInt/29 network/2 BiliApp/6205500 mobi_app/android channel/huawei Buvid/XY78209771528CAFF8667EE12BA287D10B0F7 innerVer/6205510 c_locale/zh-Hans_CN s_locale/zh-Hans_CN" 
122.192.13.215, 39.97.49.232 - - [18/Mar/2021:21:43:49 +0800] "GET /api/v1/auth/token/ HTTP/1.1" 200 401 "-" "Mozilla/5.0 (Windows NT 10.0; Win64; x64) AppleWebKit/537.36 (KHTML, like Gecko) Chrome/88.0.4324.150 Safari/537.36" 
112.10.75.43 - - [18/Mar/2021:21:43:50 +0800] "GET /api/v1/index/banner/ HTTP/1.1" 200 20 "https://m.luffycity.com/" "Mozilla/5.0 (Linux; Android 10; EBG-AN10 Build/HUAWEIEBG-AN10; wv) AppleWebKit/537.36 (KHTML, like Gecko) Version/4.0 Chrome/78.0.3904.108 Mobile Safari/537.36 os/android model/EBG-AN10 build/6205500 osVer/10 sdkInt/29 network/2 BiliApp/6205500 mobi_app/android channel/huawei Buvid/XY78209771528CAFF8667EE12BA287D10B0F7 innerVer/6205510 c_locale/zh-Hans_CN s_locale/zh-Hans_CN" 
122.192.13.215 - - [18/Mar/2021:21:43:50 +0800] "GET /api/v1/play/sections/?section_id=19478 HTTP/1.1" 200 2440 "https://www.luffycity.com/" "Mozilla/5.0 (Windows NT 10.0; Win64; x64) AppleWebKit/537.36 (KHTML, like Gecko) Chrome/88.0.4324.150 Safari/537.36" 
111.198.229.195, 39.97.49.232 - - [18/Mar/2021:21:43:50 +0800] "GET /api/v1/auth/token/ HTTP/1.1" 200 399 "-" "Mozilla/5.0 (Windows NT 10.0; Win64; x64) AppleWebKit/537.36 (KHTML, like Gecko) Chrome/89.0.4389.82 Safari/537.36" 
122.192.13.215 - - [18/Mar/2021:21:43:50 +0800] "GET /api/v1/play/19478/?play_id=19478 HTTP/1.1" 200 410 "https://www.luffycity.com/" "Mozilla/5.0 (Windows NT 10.0; Win64; x64) AppleWebKit/537.36 (KHTML, like Gecko) Chrome/88.0.4324.150 Safari/537.36" 
111.198.229.195, 39.97.49.232 - - [18/Mar/2021:21:43:50 +0800] "GET /api/v1/result/ HTTP/1.1" 200 232 "-" "Mozilla/5.0 (Windows NT 10.0; Win64; x64) AppleWebKit/537.36 (KHTML, like Gecko) Chrome/89.0.4389.82 Safari/537.36" 
111.198.229.195 - - [18/Mar/2021:21:43:53 +0800] "GET /api/v1/survey/section/31295/?sectionId=31295 HTTP/1.1" 200 10 "https://www.luffycity.com/" "Mozilla/5.0 (Windows NT 10.0; Win64; x64) AppleWebKit/537.36 (KHTML, like Gecko) Chrome/89.0.4389.82 Safari/537.36" 
111.198.229.195 - - [18/Mar/2021:21:43:53 +0800] "GET /api/v1/comment/?section_id=31295&limit=10&offset=0 HTTP/1.1" 200 1643 "https://www.luffycity.com/" "Mozilla/5.0 (Windows NT 10.0; Win64; x64) AppleWebKit/537.36 (KHTML, like Gecko) Chrome/89.0.4389.82 Safari/537.36" 
112.10.75.43 - - [18/Mar/2021:21:43:53 +0800] "GET /api/v1/course/degree/4/teacher/?id=4 HTTP/1.1" 200 4264 "https://m.luffycity.com/employment-course/4/detail" "Mozilla/5.0 (Linux; Android 10; EBG-AN10 Build/HUAWEIEBG-AN10; wv) AppleWebKit/537.36 (KHTML, like Gecko) Version/4.0 Chrome/78.0.3904.108 Mobile Safari/537.36 os/android model/EBG-AN10 build/6205500 osVer/10 sdkInt/29 network/2 BiliApp/6205500 mobi_app/android channel/huawei Buvid/XY78209771528CAFF8667EE12BA287D10B0F7 innerVer/6205510 c_locale/zh-Hans_CN s_locale/zh-Hans_CN" 
112.10.75.43 - - [18/Mar/2021:21:43:57 +0800] "GET /api/v1/auth/token/ HTTP/1.1" 200 29 "https://m.luffycity.com/" "Mozilla/5.0 (Linux; Android 10; EBG-AN10 Build/HUAWEIEBG-AN10; wv) AppleWebKit/537.36 (KHTML, like Gecko) Version/4.0 Chrome/78.0.3904.108 Mobile Safari/537.36 os/android model/EBG-AN10 build/6205500 osVer/10 sdkInt/29 network/2 BiliApp/6205500 mobi_app/android channel/huawei Buvid/XY78209771528CAFF8667EE12BA287D10B0F7 innerVer/6205510 c_locale/zh-Hans_CN s_locale/zh-Hans_CN" 
112.224.71.244 - - [18/Mar/2021:21:44:08 +0800] "OPTIONS /api/v1/play/30833/?play_id=30833 HTTP/1.1" 200 0 "https://www.luffycity.com/" "Mozilla/5.0 (Windows NT 6.1; WOW64) AppleWebKit/537.36 (KHTML, like Gecko) Chrome/89.0.4389.82 Safari/537.36" 
112.224.71.244 - - [18/Mar/2021:21:44:08 +0800] "OPTIONS /api/v1/play/sections/?section_id=30833 HTTP/1.1" 200 0 "https://www.luffycity.com/" "Mozilla/5.0 (Windows NT 6.1; WOW64) AppleWebKit/537.36 (KHTML, like Gecko) Chrome/89.0.4389.82 Safari/537.36" 
112.224.71.244 - - [18/Mar/2021:21:44:09 +0800] "GET /api/v1/play/sections/?section_id=30833 HTTP/1.1" 200 3327 "https://www.luffycity.com/" "Mozilla/5.0 (Windows NT 6.1; WOW64) AppleWebKit/537.36 (KHTML, like Gecko) Chrome/89.0.4389.82 Safari/537.36" 
112.224.71.244 - - [18/Mar/2021:21:44:09 +0800] "GET /api/v1/play/30833/?play_id=30833 HTTP/1.1" 200 405 "https://www.luffycity.com/" "Mozilla/5.0 (Windows NT 6.1; WOW64) AppleWebKit/537.36 (KHTML, like Gecko) Chrome/89.0.4389.82 Safari/537.36" 
112.10.252.75, 39.97.49.232 - - [18/Mar/2021:21:44:12 +0800] "GET /api/v1/auth/token/ HTTP/1.1" 200 387 "-" "Mozilla/5.0 (Windows NT 10.0; WOW64) AppleWebKit/537.36 (KHTML, like Gecko) Chrome/75.0.3770.100 Safari/537.36" 
112.10.252.75, 39.97.49.232 - - [18/Mar/2021:21:44:12 +0800] "GET /api/v1/result/ HTTP/1.1" 200 232 "-" "Mozilla/5.0 (Windows NT 10.0; WOW64) AppleWebKit/537.36 (KHTML, like Gecko) Chrome/75.0.3770.100 Safari/537.36" 
112.10.252.75, 39.97.49.232 - - [18/Mar/2021:21:44:12 +0800] "GET /api/v1/index/banner/ HTTP/1.1" 200 382 "-" "Mozilla/5.0 (Windows NT 10.0; WOW64) AppleWebKit/537.36 (KHTML, like Gecko) Chrome/75.0.3770.100 Safari/537.36" 
112.10.252.75, 39.97.49.232 - - [18/Mar/2021:21:44:12 +0800] "GET /api/v1/course/home-free/?limit=3 HTTP/1.1" 200 865 "-" "Mozilla/5.0 (Windows NT 10.0; WOW64) AppleWebKit/537.36 (KHTML, like Gecko) Chrome/75.0.3770.100 Safari/537.36" 
117.152.39.93 - - [18/Mar/2021:21:44:13 +0800] "OPTIONS /api/v1/play/19460/?play_id=19460 HTTP/1.1" 200 0 "https://www.luffycity.com/play/19460" "Mozilla/5.0 (Windows NT 10.0; WOW64) AppleWebKit/537.36 (KHTML, like Gecko) Chrome/86.0.4240.198 Safari/537.36" 
117.152.39.93 - - [18/Mar/2021:21:44:13 +0800] "OPTIONS /api/v1/comment/?section_id=19460&limit=10&offset=0 HTTP/1.1" 200 0 "https://www.luffycity.com/play/19460" "Mozilla/5.0 (Windows NT 10.0; WOW64) AppleWebKit/537.36 (KHTML, like Gecko) Chrome/86.0.4240.198 Safari/537.36" 
117.152.39.93 - - [18/Mar/2021:21:44:13 +0800] "GET /api/v1/survey/section/19460/?sectionId=19460 HTTP/1.1" 200 10 "https://www.luffycity.com/play/19460" "Mozilla/5.0 (Windows NT 10.0; WOW64) AppleWebKit/537.36 (KHTML, like Gecko) Chrome/86.0.4240.198 Safari/537.36" 
117.152.39.93 - - [18/Mar/2021:21:44:14 +0800] "GET /api/v1/comment/?section_id=19460&limit=10&offset=0 HTTP/1.1" 200 1241 "https://www.luffycity.com/play/19460" "Mozilla/5.0 (Windows NT 10.0; WOW64) AppleWebKit/537.36 (KHTML, like Gecko) Chrome/86.0.4240.198 Safari/537.36" 
112.10.252.75 - - [18/Mar/2021:21:44:14 +0800] "GET /api/v1/study/degrees/0/mentor/?degree_id=0 HTTP/1.1" 200 137 "https://www.luffycity.com/study/degree" "Mozilla/5.0 (Windows NT 10.0; WOW64) AppleWebKit/537.36 (KHTML, like Gecko) Chrome/75.0.3770.100 Safari/537.36" 
112.10.252.75 - - [18/Mar/2021:21:44:14 +0800] "GET /api/v1/study/degrees/ HTTP/1.1" 200 262 "https://www.luffycity.com/study/degree" "Mozilla/5.0 (Windows NT 10.0; WOW64) AppleWebKit/537.36 (KHTML, like Gecko) Chrome/75.0.3770.100 Safari/537.36" 
112.10.252.75 - - [18/Mar/2021:21:44:15 +0800] "GET /api/v1/study/data/?degree_id=1 HTTP/1.1" 200 112 "https://www.luffycity.com/study/degree" "Mozilla/5.0 (Windows NT 10.0; WOW64) AppleWebKit/537.36 (KHTML, like Gecko) Chrome/75.0.3770.100 Safari/537.36" 
113.118.134.51 - - [18/Mar/2021:21:44:19 +0800] "OPTIONS /api/v1/play/sections/?section_id=2961 HTTP/1.1" 200 0 "https://www.luffycity.com/" "Mozilla/5.0 (Windows NT 10.0; WOW64) AppleWebKit/537.36 (KHTML, like Gecko) Chrome/89.0.4389.90 Safari/537.36" 
113.118.134.51 - - [18/Mar/2021:21:44:19 +0800] "OPTIONS /api/v1/play/2961/?play_id=2961 HTTP/1.1" 200 0 "https://www.luffycity.com/" "Mozilla/5.0 (Windows NT 10.0; WOW64) AppleWebKit/537.36 (KHTML, like Gecko) Chrome/89.0.4389.90 Safari/537.36" 
113.118.134.51 - - [18/Mar/2021:21:44:19 +0800] "GET /api/v1/survey/section/2961/?sectionId=2961 HTTP/1.1" 200 32 "https://www.luffycity.com/" "Mozilla/5.0 (Windows NT 10.0; WOW64) AppleWebKit/537.36 (KHTML, like Gecko) Chrome/89.0.4389.90 Safari/537.36" 
113.118.134.51 - - [18/Mar/2021:21:44:19 +0800] "GET /api/v1/comment/?section_id=2961&limit=10&offset=0 HTTP/1.1" 200 1007 "https://www.luffycity.com/" "Mozilla/5.0 (Windows NT 10.0; WOW64) AppleWebKit/537.36 (KHTML, like Gecko) Chrome/89.0.4389.90 Safari/537.36" 
117.172.173.35, 39.97.49.232 - - [18/Mar/2021:21:44:28 +0800] "GET /api/v1/auth/token/ HTTP/1.1" 200 29 "https://www.baidu.com/link?url=Wb5nlPTCEPnPOsmX7Xr2dPVlQeJ_swHumD8Pyc2DUc_EiDV_AYajtE_ENFOi7LfY&wd=&eqid=9523182900077e420000000660535932" "Mozilla/5.0 (Windows NT 10.0; Win64; x64) AppleWebKit/537.36 (KHTML, like Gecko) Chrome/89.0.4389.90 Safari/537.36 Edg/89.0.774.54" 
117.172.173.35, 39.97.49.232 - - [18/Mar/2021:21:44:28 +0800] "GET /api/v1/result/ HTTP/1.1" 200 232 "https://www.baidu.com/link?url=Wb5nlPTCEPnPOsmX7Xr2dPVlQeJ_swHumD8Pyc2DUc_EiDV_AYajtE_ENFOi7LfY&wd=&eqid=9523182900077e420000000660535932" "Mozilla/5.0 (Windows NT 10.0; Win64; x64) AppleWebKit/537.36 (KHTML, like Gecko) Chrome/89.0.4389.90 Safari/537.36 Edg/89.0.774.54" 
117.172.173.35, 39.97.49.232 - - [18/Mar/2021:21:44:28 +0800] "GET /api/v1/course/degree/ HTTP/1.1" 200 952 "https://www.baidu.com/link?url=Wb5nlPTCEPnPOsmX7Xr2dPVlQeJ_swHumD8Pyc2DUc_EiDV_AYajtE_ENFOi7LfY&wd=&eqid=9523182900077e420000000660535932" "Mozilla/5.0 (Windows NT 10.0; Win64; x64) AppleWebKit/537.36 (KHTML, like Gecko) Chrome/89.0.4389.90 Safari/537.36 Edg/89.0.774.54" 
223.96.149.97, 39.97.49.232 - - [18/Mar/2021:21:44:29 +0800] "GET /api/v1/auth/token/ HTTP/1.1" 200 29 "https://www.baidu.com/link?url=-Os0MHi6HuzJMVnqDy1W9QsaiKdANQKa-c9GEk7jOaV-1m2BPi5PGQ-0swpdqS_0&wd=&eqid=e3a05a8d001035c40000000360535939" "Mozilla/5.0 (Windows NT 10.0; Win64; x64) AppleWebKit/537.36 (KHTML, like Gecko) Chrome/89.0.4389.82 Safari/537.36" 
223.96.149.97, 39.97.49.232 - - [18/Mar/2021:21:44:30 +0800] "GET /api/v1/index/banner/ HTTP/1.1" 200 382 "https://www.baidu.com/link?url=-Os0MHi6HuzJMVnqDy1W9QsaiKdANQKa-c9GEk7jOaV-1m2BPi5PGQ-0swpdqS_0&wd=&eqid=e3a05a8d001035c40000000360535939" "Mozilla/5.0 (Windows NT 10.0; Win64; x64) AppleWebKit/537.36 (KHTML, like Gecko) Chrome/89.0.4389.82 Safari/537.36" 
223.96.149.97, 39.97.49.232 - - [18/Mar/2021:21:44:30 +0800] "GET /api/v1/course/actual/?limit=3 HTTP/1.1" 200 2342 "https://www.baidu.com/link?url=-Os0MHi6HuzJMVnqDy1W9QsaiKdANQKa-c9GEk7jOaV-1m2BPi5PGQ-0swpdqS_0&wd=&eqid=e3a05a8d001035c40000000360535939" "Mozilla/5.0 (Windows NT 10.0; Win64; x64) AppleWebKit/537.36 (KHTML, like Gecko) Chrome/89.0.4389.82 Safari/537.36" 
223.96.149.97, 39.97.49.232 - - [18/Mar/2021:21:44:30 +0800] "GET /api/v1/course/degree/ HTTP/1.1" 200 952 "https://www.baidu.com/link?url=-Os0MHi6HuzJMVnqDy1W9QsaiKdANQKa-c9GEk7jOaV-1m2BPi5PGQ-0swpdqS_0&wd=&eqid=e3a05a8d001035c40000000360535939" "Mozilla/5.0 (Windows NT 10.0; Win64; x64) AppleWebKit/537.36 (KHTML, like Gecko) Chrome/89.0.4389.82 Safari/537.36" 
223.96.149.97, 39.97.49.232 - - [18/Mar/2021:21:44:30 +0800] "GET /api/v1/course/home-free/?limit=3 HTTP/1.1" 200 865 "https://www.baidu.com/link?url=-Os0MHi6HuzJMVnqDy1W9QsaiKdANQKa-c9GEk7jOaV-1m2BPi5PGQ-0swpdqS_0&wd=&eqid=e3a05a8d001035c40000000360535939" "Mozilla/5.0 (Windows NT 10.0; Win64; x64) AppleWebKit/537.36 (KHTML, like Gecko) Chrome/89.0.4389.82 Safari/537.36" 
117.172.173.35 - - [18/Mar/2021:21:44:30 +0800] "OPTIONS /api/v1/result/enroll/?resultType=enroll&limit=2 HTTP/1.1" 200 0 "https://www.luffycity.com/" "Mozilla/5.0 (Windows NT 10.0; Win64; x64) AppleWebKit/537.36 (KHTML, like Gecko) Chrome/89.0.4389.90 Safari/537.36 Edg/89.0.774.54" 
223.96.149.97 - - [18/Mar/2021:21:44:31 +0800] "GET /api/v1/result/enroll/?resultType=enroll&limit=2 HTTP/1.1" 200 718 "https://www.luffycity.com/" "Mozilla/5.0 (Windows NT 10.0; Win64; x64) AppleWebKit/537.36 (KHTML, like Gecko) Chrome/89.0.4389.82 Safari/537.36" 
219.145.73.240 - - [18/Mar/2021:21:44:31 +0800] "GET /api/v1/study/degrees/ HTTP/1.1" 200 138 "https://www.luffycity.com/" "Mozilla/5.0 (Windows NT 10.0; Win64; x64) AppleWebKit/537.36 (KHTML, like Gecko) Chrome/89.0.4389.90 Safari/537.36 Edg/89.0.774.54" 
219.145.73.240 - - [18/Mar/2021:21:44:31 +0800] "GET /api/v1/study/data/?degree_id=1 HTTP/1.1" 200 103 "https://www.luffycity.com/" "Mozilla/5.0 (Windows NT 10.0; Win64; x64) AppleWebKit/537.36 (KHTML, like Gecko) Chrome/89.0.4389.90 Safari/537.36 Edg/89.0.774.54" 
223.74.71.4 - - [18/Mar/2021:21:44:36 +0800] "OPTIONS /api/v1/survey/section/30989/?sectionId=30989 HTTP/1.1" 200 0 "https://www.luffycity.com/" "Mozilla/5.0 (Windows NT 10.0; WOW64) AppleWebKit/537.36 (KHTML, like Gecko) Chrome/90.0.4421.5 Safari/537.36" 
223.74.71.4 - - [18/Mar/2021:21:44:36 +0800] "OPTIONS /api/v1/play/sections/?section_id=30989 HTTP/1.1" 200 0 "https://www.luffycity.com/" "Mozilla/5.0 (Windows NT 10.0; WOW64) AppleWebKit/537.36 (KHTML, like Gecko) Chrome/90.0.4421.5 Safari/537.36" 
223.74.71.4 - - [18/Mar/2021:21:44:36 +0800] "GET /api/v1/survey/section/30989/?sectionId=30989 HTTP/1.1" 200 10 "https://www.luffycity.com/" "Mozilla/5.0 (Windows NT 10.0; WOW64) AppleWebKit/537.36 (KHTML, like Gecko) Chrome/90.0.4421.5 Safari/537.36" 
223.74.71.4 - - [18/Mar/2021:21:44:36 +0800] "GET /api/v1/play/30989/?play_id=30989 HTTP/1.1" 200 399 "https://www.luffycity.com/" "Mozilla/5.0 (Windows NT 10.0; WOW64) AppleWebKit/537.36 (KHTML, like Gecko) Chrome/90.0.4421.5 Safari/537.36" 
219.145.73.240 - - [18/Mar/2021:21:44:37 +0800] "GET /api/v1/result/enroll/?resultType=enroll&limit=5&offset=-5 HTTP/1.1" 200 1325 "https://www.luffycity.com/" "Mozilla/5.0 (Windows NT 10.0; Win64; x64) AppleWebKit/537.36 (KHTML, like Gecko) Chrome/89.0.4389.90 Safari/537.36 Edg/89.0.774.54" 
59.42.6.152, 39.97.49.232 - - [18/Mar/2021:21:44:47 +0800] "GET /api/v1/auth/token/ HTTP/1.1" 200 29 "https://www.apeland.cn/" "Mozilla/5.0 (Windows NT 10.0; Win64; x64) AppleWebKit/537.36 (KHTML, like Gecko) Chrome/89.0.4389.90 Safari/537.36 Edg/89.0.774.54" 
59.42.6.152, 39.97.49.232 - - [18/Mar/2021:21:44:48 +0800] "GET /api/v1/result/ HTTP/1.1" 200 232 "https://www.apeland.cn/" "Mozilla/5.0 (Windows NT 10.0; Win64; x64) AppleWebKit/537.36 (KHTML, like Gecko) Chrome/89.0.4389.90 Safari/537.36 Edg/89.0.774.54" 
59.42.6.152, 39.97.49.232 - - [18/Mar/2021:21:44:48 +0800] "GET /api/v1/course/category/free/?courseType=free HTTP/1.1" 200 174 "https://www.apeland.cn/" "Mozilla/5.0 (Windows NT 10.0; Win64; x64) AppleWebKit/537.36 (KHTML, like Gecko) Chrome/89.0.4389.90 Safari/537.36 Edg/89.0.774.54" 
111.208.112.169, 39.97.49.232 - - [18/Mar/2021:21:44:48 +0800] "GET /api/v1/result/ HTTP/1.1" 200 232 "-" "Mozilla/5.0 (Macintosh; Intel Mac OS X 10_15_6) AppleWebKit/537.36 (KHTML, like Gecko) Chrome/89.0.4389.82 Safari/537.36" 
111.208.112.169, 39.97.49.232 - - [18/Mar/2021:21:44:48 +0800] "GET /api/v1/course/actual/?limit=3 HTTP/1.1" 200 2342 "-" "Mozilla/5.0 (Macintosh; Intel Mac OS X 10_15_6) AppleWebKit/537.36 (KHTML, like Gecko) Chrome/89.0.4389.82 Safari/537.36" 
111.208.112.169, 39.97.49.232 - - [18/Mar/2021:21:44:48 +0800] "GET /api/v1/course/degree/ HTTP/1.1" 200 952 "-" "Mozilla/5.0 (Macintosh; Intel Mac OS X 10_15_6) AppleWebKit/537.36 (KHTML, like Gecko) Chrome/89.0.4389.82 Safari/537.36" 
111.208.112.42 - - [18/Mar/2021:21:44:49 +0800] "OPTIONS /api/v1/result/enroll/?resultType=enroll&limit=2 HTTP/1.1" 200 0 "https://www.luffycity.com/" "Mozilla/5.0 (Macintosh; Intel Mac OS X 10_15_6) AppleWebKit/537.36 (KHTML, like Gecko) Chrome/89.0.4389.82 Safari/537.36" 
223.96.149.97 - - [18/Mar/2021:21:44:53 +0800] "OPTIONS /api/v1/course/free/143/?courseType=free&id=143 HTTP/1.1" 200 0 "https://www.luffycity.com/" "Mozilla/5.0 (Windows NT 10.0; Win64; x64) AppleWebKit/537.36 (KHTML, like Gecko) Chrome/89.0.4389.82 Safari/537.36" 
223.96.149.97 - - [18/Mar/2021:21:44:53 +0800] "OPTIONS /api/v1/course/free/143/sections/?courseType=free&id=143 HTTP/1.1" 200 0 "https://www.luffycity.com/" "Mozilla/5.0 (Windows NT 10.0; Win64; x64) AppleWebKit/537.36 (KHTML, like Gecko) Chrome/89.0.4389.82 Safari/537.36" 
112.97.54.56 - - [18/Mar/2021:21:44:56 +0800] "GET /api/v1/auth/token/ HTTP/1.1" 200 29 "https://m.luffycity.com/" "Mozilla/5.0 (iPhone; CPU iPhone OS 14_4 like Mac OS X) AppleWebKit/605.1.15 (KHTML, like Gecko) Version/14.0.3 Mobile/15E148 Safari/604.1" 
218.66.67.106, 39.97.49.232 - - [18/Mar/2021:21:45:01 +0800] "GET /api/v1/auth/token/ HTTP/1.1" 200 29 "https://www.apeland.cn/" "Mozilla/5.0 (Macintosh; Intel Mac OS X 10_15_4) AppleWebKit/605.1.15 (KHTML, like Gecko) Version/13.1.1 Safari/605.1.15" 
117.172.173.35, 39.97.49.232 - - [18/Mar/2021:21:45:02 +0800] "GET /api/v1/auth/token/ HTTP/1.1" 200 29 "https://www.luffycity.com/" "Mozilla/5.0 (Windows NT 10.0; Win64; x64) AppleWebKit/537.36 (KHTML, like Gecko) Chrome/89.0.4389.90 Safari/537.36 Edg/89.0.774.54" 
117.172.173.35, 39.97.49.232 - - [18/Mar/2021:21:45:02 +0800] "GET /api/v1/result/ HTTP/1.1" 200 232 "https://www.luffycity.com/" "Mozilla/5.0 (Windows NT 10.0; Win64; x64) AppleWebKit/537.36 (KHTML, like Gecko) Chrome/89.0.4389.90 Safari/537.36 Edg/89.0.774.54" 
117.172.173.35 - - [18/Mar/2021:21:45:02 +0800] "OPTIONS /api/v1/result/enroll/?resultType=enroll&limit=5&offset=-5 HTTP/1.1" 200 0 "https://www.luffycity.com/" "Mozilla/5.0 (Windows NT 10.0; Win64; x64) AppleWebKit/537.36 (KHTML, like Gecko) Chrome/89.0.4389.90 Safari/537.36 Edg/89.0.774.54" 
