49.64.254.2 - - [18/Mar/2021:21:23:04 +0800] "OPTIONS /api/v1/play/sections/?section_id=30963 HTTP/1.1" 200 0 "-" "Mozilla/5.0 (Windows NT 10.0; WOW64) AppleWebKit/537.36 (KHTML, like Gecko) Chrome/70.0.3538.25 Safari/537.36 Core/1.70.3861.400 QQBrowser/10.7.4313.400" 
49.64.254.2 - - [18/Mar/2021:21:23:04 +0800] "OPTIONS /api/v1/survey/section/30963/?sectionId=30963 HTTP/1.1" 200 0 "-" "Mozilla/5.0 (Windows NT 10.0; WOW64) AppleWebKit/537.36 (KHTML, like Gecko) Chrome/70.0.3538.25 Safari/537.36 Core/1.70.3861.400 QQBrowser/10.7.4313.400" 
49.64.254.2 - - [18/Mar/2021:21:23:04 +0800] "GET /api/v1/play/sections/?section_id=30963 HTTP/1.1" 200 3019 "https://www.luffycity.com/play/30963" "Mozilla/5.0 (Windows NT 10.0; WOW64) AppleWebKit/537.36 (KHTML, like Gecko) Chrome/70.0.3538.25 Safari/537.36 Core/1.70.3861.400 QQBrowser/10.7.4313.400" 
49.64.254.2 - - [18/Mar/2021:21:23:04 +0800] "GET /api/v1/play/30963/?play_id=30963 HTTP/1.1" 200 405 "https://www.luffycity.com/play/30963" "Mozilla/5.0 (Windows NT 10.0; WOW64) AppleWebKit/537.36 (KHTML, like Gecko) Chrome/70.0.3538.25 Safari/537.36 Core/1.70.3861.400 QQBrowser/10.7.4313.400" 
49.82.147.15, 39.97.49.232 - - [18/Mar/2021:21:23:06 +0800] "GET /api/v1/result/ HTTP/1.1" 200 232 "https://www.luffycity.com/study/degree" "Mozilla/5.0 (Windows NT 10.0; Win64; x64) AppleWebKit/537.36 (KHTML, like Gecko) Chrome/89.0.4385.0 Safari/537.36" 
171.9.199.89 - - [18/Mar/2021:21:23:08 +0800] "OPTIONS /api/v1/play/27956/?play_id=27956 HTTP/1.1" 200 0 "https://www.luffycity.com/" "Mozilla/5.0 (Windows NT 10.0; Win64; x64) AppleWebKit/537.36 (KHTML, like Gecko) Chrome/89.0.4389.90 Safari/537.36" 
171.9.199.89 - - [18/Mar/2021:21:23:08 +0800] "OPTIONS /api/v1/survey/section/27956/?sectionId=27956 HTTP/1.1" 200 0 "https://www.luffycity.com/" "Mozilla/5.0 (Windows NT 10.0; Win64; x64) AppleWebKit/537.36 (KHTML, like Gecko) Chrome/89.0.4389.90 Safari/537.36" 
171.9.199.89 - - [18/Mar/2021:21:23:08 +0800] "GET /api/v1/survey/section/27956/?sectionId=27956 HTTP/1.1" 200 32 "https://www.luffycity.com/" "Mozilla/5.0 (Windows NT 10.0; Win64; x64) AppleWebKit/537.36 (KHTML, like Gecko) Chrome/89.0.4389.90 Safari/537.36" 
171.9.199.89 - - [18/Mar/2021:21:23:08 +0800] "GET /api/v1/play/sections/?section_id=27956 HTTP/1.1" 200 1998 "https://www.luffycity.com/" "Mozilla/5.0 (Windows NT 10.0; Win64; x64) AppleWebKit/537.36 (KHTML, like Gecko) Chrome/89.0.4389.90 Safari/537.36" 
113.141.113.111, 39.97.49.232 - - [18/Mar/2021:21:23:16 +0800] "GET /api/v1/auth/token/ HTTP/1.1" 200 29 "https://open.weixin.qq.com/" "Mozilla/5.0 (Windows NT 10.0; Win64; x64) AppleWebKit/537.36 (KHTML, like Gecko) Chrome/89.0.4389.90 Safari/537.36" 
113.141.113.111, 39.97.49.232 - - [18/Mar/2021:21:23:16 +0800] "GET /api/v1/result/ HTTP/1.1" 200 232 "https://open.weixin.qq.com/" "Mozilla/5.0 (Windows NT 10.0; Win64; x64) AppleWebKit/537.36 (KHTML, like Gecko) Chrome/89.0.4389.90 Safari/537.36" 
49.82.147.15, 39.97.49.232 - - [18/Mar/2021:21:23:16 +0800] "GET /api/v1/auth/token/ HTTP/1.1" 200 391 "https://www.luffycity.com/free-course/38" "Mozilla/5.0 (Windows NT 10.0; Win64; x64) AppleWebKit/537.36 (KHTML, like Gecko) Chrome/89.0.4385.0 Safari/537.36" 
49.82.147.15, 39.97.49.232 - - [18/Mar/2021:21:23:16 +0800] "GET /api/v1/result/ HTTP/1.1" 200 232 "https://www.luffycity.com/free-course/38" "Mozilla/5.0 (Windows NT 10.0; Win64; x64) AppleWebKit/537.36 (KHTML, like Gecko) Chrome/89.0.4385.0 Safari/537.36" 
113.141.113.111 - - [18/Mar/2021:21:23:17 +0800] "OPTIONS /api/v1/auth/token/ HTTP/1.1" 200 0 "https://www.luffycity.com/" "Mozilla/5.0 (Windows NT 10.0; Win64; x64) AppleWebKit/537.36 (KHTML, like Gecko) Chrome/89.0.4389.90 Safari/537.36" 
112.6.124.168 - - [18/Mar/2021:21:23:22 +0800] "OPTIONS /api/v1/survey/homework/?surveyType=homework HTTP/1.1" 200 0 "https://www.luffycity.com/" "Mozilla/5.0 (Windows NT 10.0; Win64; x64) AppleWebKit/537.36 (KHTML, like Gecko) Chrome/89.0.4389.90 Safari/537.36" 
112.6.124.168 - - [18/Mar/2021:21:23:22 +0800] "GET /api/v1/study/module/234/homework/?moduleId=234 HTTP/1.1" 200 503 "https://www.luffycity.com/" "Mozilla/5.0 (Windows NT 10.0; Win64; x64) AppleWebKit/537.36 (KHTML, like Gecko) Chrome/89.0.4389.90 Safari/537.36" 
171.9.199.89, 39.97.49.232 - - [18/Mar/2021:21:23:24 +0800] "GET /api/v1/auth/token/ HTTP/1.1" 200 383 "-" "Mozilla/5.0 (Windows NT 10.0; Win64; x64) AppleWebKit/537.36 (KHTML, like Gecko) Chrome/89.0.4389.90 Safari/537.36" 
171.9.199.89, 39.97.49.232 - - [18/Mar/2021:21:23:24 +0800] "GET /api/v1/result/ HTTP/1.1" 200 232 "-" "Mozilla/5.0 (Windows NT 10.0; Win64; x64) AppleWebKit/537.36 (KHTML, like Gecko) Chrome/89.0.4389.90 Safari/537.36" 
49.82.147.15, 39.97.49.232 - - [18/Mar/2021:21:23:24 +0800] "GET /api/v1/auth/token/ HTTP/1.1" 200 29 "-" "Mozilla/5.0 (Windows NT 10.0; Win64; x64) AppleWebKit/537.36 (KHTML, like Gecko) Chrome/89.0.4385.0 Safari/537.36" 
171.9.199.89 - - [18/Mar/2021:21:23:25 +0800] "GET /api/v1/survey/section/27956/?sectionId=27956 HTTP/1.1" 200 32 "https://www.luffycity.com/" "Mozilla/5.0 (Windows NT 10.0; Win64; x64) AppleWebKit/537.36 (KHTML, like Gecko) Chrome/89.0.4389.90 Safari/537.36" 
171.9.199.89 - - [18/Mar/2021:21:23:25 +0800] "GET /api/v1/comment/?section_id=27956&limit=10&offset=0 HTTP/1.1" 200 69 "https://www.luffycity.com/" "Mozilla/5.0 (Windows NT 10.0; Win64; x64) AppleWebKit/537.36 (KHTML, like Gecko) Chrome/89.0.4389.90 Safari/537.36" 
49.82.147.15 - - [18/Mar/2021:21:23:25 +0800] "OPTIONS /api/v1/auth/wechat/ HTTP/1.1" 200 0 "https://www.luffycity.com/" "Mozilla/5.0 (Windows NT 10.0; Win64; x64) AppleWebKit/537.36 (KHTML, like Gecko) Chrome/89.0.4385.0 Safari/537.36" 
49.82.147.15 - - [18/Mar/2021:21:23:25 +0800] "OPTIONS /api/v1/study/degrees/0/mentor/?degree_id=0 HTTP/1.1" 200 0 "https://www.luffycity.com/" "Mozilla/5.0 (Windows NT 10.0; Win64; x64) AppleWebKit/537.36 (KHTML, like Gecko) Chrome/89.0.4385.0 Safari/537.36" 
49.82.147.15 - - [18/Mar/2021:21:23:25 +0800] "GET /api/v1/study/data/ HTTP/1.1" 200 64 "https://www.luffycity.com/" "Mozilla/5.0 (Windows NT 10.0; Win64; x64) AppleWebKit/537.36 (KHTML, like Gecko) Chrome/89.0.4385.0 Safari/537.36" 
49.82.147.15 - - [18/Mar/2021:21:23:25 +0800] "GET /api/v1/auth/wechat/ HTTP/1.1" 200 232 "https://www.luffycity.com/" "Mozilla/5.0 (Windows NT 10.0; Win64; x64) AppleWebKit/537.36 (KHTML, like Gecko) Chrome/89.0.4385.0 Safari/537.36" 
49.82.147.15 - - [18/Mar/2021:21:23:27 +0800] "OPTIONS /api/v1/course/degree/ HTTP/1.1" 200 0 "https://www.luffycity.com/" "Mozilla/5.0 (Windows NT 10.0; Win64; x64) AppleWebKit/537.36 (KHTML, like Gecko) Chrome/89.0.4385.0 Safari/537.36" 
49.82.147.15 - - [18/Mar/2021:21:23:27 +0800] "GET /api/v1/course/actual/?limit=3 HTTP/1.1" 200 2342 "https://www.luffycity.com/" "Mozilla/5.0 (Windows NT 10.0; Win64; x64) AppleWebKit/537.36 (KHTML, like Gecko) Chrome/89.0.4385.0 Safari/537.36" 
49.82.147.15 - - [18/Mar/2021:21:23:27 +0800] "GET /api/v1/course/degree/ HTTP/1.1" 200 949 "https://www.luffycity.com/" "Mozilla/5.0 (Windows NT 10.0; Win64; x64) AppleWebKit/537.36 (KHTML, like Gecko) Chrome/89.0.4385.0 Safari/537.36" 
49.82.147.15 - - [18/Mar/2021:21:23:27 +0800] "GET /api/v1/course/home-free/?limit=3 HTTP/1.1" 200 865 "https://www.luffycity.com/" "Mozilla/5.0 (Windows NT 10.0; Win64; x64) AppleWebKit/537.36 (KHTML, like Gecko) Chrome/89.0.4385.0 Safari/537.36" 
49.82.147.15, 39.97.49.232 - - [18/Mar/2021:21:23:27 +0800] "GET /api/v1/result/ HTTP/1.1" 200 232 "https://www.luffycity.com/study/degree" "Mozilla/5.0 (Windows NT 10.0; Win64; x64) AppleWebKit/537.36 (KHTML, like Gecko) Chrome/89.0.4385.0 Safari/537.36" 
49.82.147.15, 39.97.49.232 - - [18/Mar/2021:21:23:27 +0800] "GET /api/v1/course/category/free/?courseType=free HTTP/1.1" 200 174 "https://www.luffycity.com/study/degree" "Mozilla/5.0 (Windows NT 10.0; Win64; x64) AppleWebKit/537.36 (KHTML, like Gecko) Chrome/89.0.4385.0 Safari/537.36" 
113.141.113.111 - - [18/Mar/2021:21:23:32 +0800] "OPTIONS /api/v1/study/degrees/ HTTP/1.1" 200 0 "https://www.luffycity.com/" "Mozilla/5.0 (Windows NT 10.0; Win64; x64) AppleWebKit/537.36 (KHTML, like Gecko) Chrome/89.0.4389.90 Safari/537.36" 
113.141.113.111 - - [18/Mar/2021:21:23:32 +0800] "OPTIONS /api/v1/study/degrees/0/mentor/?degree_id=0 HTTP/1.1" 200 0 "https://www.luffycity.com/" "Mozilla/5.0 (Windows NT 10.0; Win64; x64) AppleWebKit/537.36 (KHTML, like Gecko) Chrome/89.0.4389.90 Safari/537.36" 
113.141.113.111 - - [18/Mar/2021:21:23:32 +0800] "GET /api/v1/study/data/ HTTP/1.1" 200 110 "https://www.luffycity.com/" "Mozilla/5.0 (Windows NT 10.0; Win64; x64) AppleWebKit/537.36 (KHTML, like Gecko) Chrome/89.0.4389.90 Safari/537.36" 
113.141.113.111 - - [18/Mar/2021:21:23:32 +0800] "OPTIONS /api/v1/study/degrees/1/?degree_id=1 HTTP/1.1" 200 0 "https://www.luffycity.com/" "Mozilla/5.0 (Windows NT 10.0; Win64; x64) AppleWebKit/537.36 (KHTML, like Gecko) Chrome/89.0.4389.90 Safari/537.36" 
113.141.113.111 - - [18/Mar/2021:21:23:32 +0800] "OPTIONS /api/v1/study/degrees/1/mentor/?degree_id=1 HTTP/1.1" 200 0 "https://www.luffycity.com/" "Mozilla/5.0 (Windows NT 10.0; Win64; x64) AppleWebKit/537.36 (KHTML, like Gecko) Chrome/89.0.4389.90 Safari/537.36" 
113.141.113.111 - - [18/Mar/2021:21:23:32 +0800] "GET /api/v1/study/degrees/1/?degree_id=1 HTTP/1.1" 200 1951 "https://www.luffycity.com/" "Mozilla/5.0 (Windows NT 10.0; Win64; x64) AppleWebKit/537.36 (KHTML, like Gecko) Chrome/89.0.4389.90 Safari/537.36" 
113.141.113.111 - - [18/Mar/2021:21:23:37 +0800] "OPTIONS /api/v1/study/module/281/homework/?moduleId=281 HTTP/1.1" 200 0 "https://www.luffycity.com/" "Mozilla/5.0 (Windows NT 10.0; Win64; x64) AppleWebKit/537.36 (KHTML, like Gecko) Chrome/89.0.4389.90 Safari/537.36" 
113.141.113.111 - - [18/Mar/2021:21:23:37 +0800] "GET /api/v1/study/module/281/homework/222/?moduleId=281&homeworkId=222 HTTP/1.1" 200 1580 "https://www.luffycity.com/" "Mozilla/5.0 (Windows NT 10.0; Win64; x64) AppleWebKit/537.36 (KHTML, like Gecko) Chrome/89.0.4389.90 Safari/537.36" 
113.141.113.111 - - [18/Mar/2021:21:23:37 +0800] "OPTIONS /api/v1/survey/homework/?surveyType=homework HTTP/1.1" 200 0 "https://www.luffycity.com/" "Mozilla/5.0 (Windows NT 10.0; Win64; x64) AppleWebKit/537.36 (KHTML, like Gecko) Chrome/89.0.4389.90 Safari/537.36" 
49.78.192.189 - - [18/Mar/2021:21:23:39 +0800] "OPTIONS /api/v1/play/sections/?section_id=15046 HTTP/1.1" 200 0 "https://www.luffycity.com/" "Mozilla/5.0 (Windows NT 10.0; Win64; x64) AppleWebKit/537.36 (KHTML, like Gecko) Chrome/89.0.4389.90 Safari/537.36 Edg/89.0.774.54" 
49.78.192.189 - - [18/Mar/2021:21:23:39 +0800] "OPTIONS /api/v1/play/15046/?play_id=15046 HTTP/1.1" 200 0 "https://www.luffycity.com/" "Mozilla/5.0 (Windows NT 10.0; Win64; x64) AppleWebKit/537.36 (KHTML, like Gecko) Chrome/89.0.4389.90 Safari/537.36 Edg/89.0.774.54" 
49.78.192.189 - - [18/Mar/2021:21:23:40 +0800] "GET /api/v1/survey/section/15046/?sectionId=15046 HTTP/1.1" 200 10 "https://www.luffycity.com/" "Mozilla/5.0 (Windows NT 10.0; Win64; x64) AppleWebKit/537.36 (KHTML, like Gecko) Chrome/89.0.4389.90 Safari/537.36 Edg/89.0.774.54" 
49.78.192.189 - - [18/Mar/2021:21:23:40 +0800] "GET /api/v1/play/sections/?section_id=15046 HTTP/1.1" 200 2471 "https://www.luffycity.com/" "Mozilla/5.0 (Windows NT 10.0; Win64; x64) AppleWebKit/537.36 (KHTML, like Gecko) Chrome/89.0.4389.90 Safari/537.36 Edg/89.0.774.54" 
175.167.217.221, 39.97.49.232 - - [18/Mar/2021:21:23:51 +0800] "GET /api/v1/result/ HTTP/1.1" 200 232 "https://www.baidu.com/link?url=uhMCbzaj-g1_K-xNghydYIWNJQ1Vv-K5a-GWXJDQ8Z_Nvem0VPtm55I6S4xzbHDM&wd=&eqid=dd4efba3001026620000000260535464" "Mozilla/5.0 (Windows NT 6.1; WOW64) AppleWebKit/537.36 (KHTML, like Gecko) Chrome/89.0.4389.82 Safari/537.36" 
175.167.217.221, 39.97.49.232 - - [18/Mar/2021:21:23:51 +0800] "GET /api/v1/course/actual/?limit=3 HTTP/1.1" 200 2342 "https://www.baidu.com/link?url=uhMCbzaj-g1_K-xNghydYIWNJQ1Vv-K5a-GWXJDQ8Z_Nvem0VPtm55I6S4xzbHDM&wd=&eqid=dd4efba3001026620000000260535464" "Mozilla/5.0 (Windows NT 6.1; WOW64) AppleWebKit/537.36 (KHTML, like Gecko) Chrome/89.0.4389.82 Safari/537.36" 
27.187.16.124, 39.97.49.232 - - [18/Mar/2021:21:23:52 +0800] "GET /api/v1/auth/token/ HTTP/1.1" 200 29 "-" "Mozilla/5.0 (Windows NT 10.0; Win64; x64) AppleWebKit/537.36 (KHTML, like Gecko) Chrome/89.0.4389.90 Safari/537.36 Edg/89.0.774.54" 
27.187.16.124, 39.97.49.232 - - [18/Mar/2021:21:23:52 +0800] "GET /api/v1/result/ HTTP/1.1" 200 232 "-" "Mozilla/5.0 (Windows NT 10.0; Win64; x64) AppleWebKit/537.36 (KHTML, like Gecko) Chrome/89.0.4389.90 Safari/537.36 Edg/89.0.774.54" 
27.187.16.124, 39.97.49.232 - - [18/Mar/2021:21:23:52 +0800] "GET /api/v1/course/degree/ HTTP/1.1" 200 949 "-" "Mozilla/5.0 (Windows NT 10.0; Win64; x64) AppleWebKit/537.36 (KHTML, like Gecko) Chrome/89.0.4389.90 Safari/537.36 Edg/89.0.774.54" 
27.187.16.124, 39.97.49.232 - - [18/Mar/2021:21:23:52 +0800] "GET /api/v1/course/home-free/?limit=3 HTTP/1.1" 200 865 "-" "Mozilla/5.0 (Windows NT 10.0; Win64; x64) AppleWebKit/537.36 (KHTML, like Gecko) Chrome/89.0.4389.90 Safari/537.36 Edg/89.0.774.54" 
125.36.119.65 - - [18/Mar/2021:21:23:52 +0800] "OPTIONS /api/v1/play/28651/?play_id=28651 HTTP/1.1" 200 0 "https://www.luffycity.com/" "Mozilla/5.0 (Windows NT 10.0; Win64; x64) AppleWebKit/537.36 (KHTML, like Gecko) Chrome/88.0.4324.150 Safari/537.36" 
125.36.119.65 - - [18/Mar/2021:21:23:52 +0800] "OPTIONS /api/v1/play/sections/?section_id=28651 HTTP/1.1" 200 0 "https://www.luffycity.com/" "Mozilla/5.0 (Windows NT 10.0; Win64; x64) AppleWebKit/537.36 (KHTML, like Gecko) Chrome/88.0.4324.150 Safari/537.36" 
125.36.119.65 - - [18/Mar/2021:21:23:52 +0800] "GET /api/v1/survey/section/28651/?sectionId=28651 HTTP/1.1" 200 10 "https://www.luffycity.com/" "Mozilla/5.0 (Windows NT 10.0; Win64; x64) AppleWebKit/537.36 (KHTML, like Gecko) Chrome/88.0.4324.150 Safari/537.36" 
125.36.119.65 - - [18/Mar/2021:21:23:53 +0800] "GET /api/v1/play/28651/?play_id=28651 HTTP/1.1" 200 431 "https://www.luffycity.com/" "Mozilla/5.0 (Windows NT 10.0; Win64; x64) AppleWebKit/537.36 (KHTML, like Gecko) Chrome/88.0.4324.150 Safari/537.36" 
175.167.217.221 - - [18/Mar/2021:21:23:53 +0800] "GET /api/v1/result/enroll/?resultType=enroll&limit=2 HTTP/1.1" 200 718 "https://www.luffycity.com/" "Mozilla/5.0 (Windows NT 6.1; WOW64) AppleWebKit/537.36 (KHTML, like Gecko) Chrome/89.0.4389.82 Safari/537.36" 
183.8.69.244 - - [18/Mar/2021:21:23:53 +0800] "GET /api/v1/auth/token/ HTTP/1.1" 200 398 "https://m.luffycity.com/play/31622" "Mozilla/5.0 (Linux; Android 10; TAS-AN00; HMSCore 5.2.0.303) AppleWebKit/537.36 (KHTML, like Gecko) Chrome/83.0.4103.106 HuaweiBrowser/11.0.7.305 Mobile Safari/537.36" 
183.8.69.244 - - [18/Mar/2021:21:23:53 +0800] "GET /api/v1/play/sections/?section_id=31625 HTTP/1.1" 200 2156 "https://m.luffycity.com/play/31625" "Mozilla/5.0 (Linux; Android 10; TAS-AN00; HMSCore 5.2.0.303) AppleWebKit/537.36 (KHTML, like Gecko) Chrome/83.0.4103.106 HuaweiBrowser/11.0.7.305 Mobile Safari/537.36" 
123.233.42.1, 39.97.49.232 - - [18/Mar/2021:21:23:53 +0800] "GET /api/v1/auth/token/ HTTP/1.1" 200 394 "-" "Mozilla/5.0 (Windows NT 10.0; WOW64) AppleWebKit/537.36 (KHTML, like Gecko) Chrome/74.0.3729.169 Safari/537.36" 
123.233.42.1, 39.97.49.232 - - [18/Mar/2021:21:23:53 +0800] "GET /api/v1/index/banner/ HTTP/1.1" 200 382 "-" "Mozilla/5.0 (Windows NT 10.0; WOW64) AppleWebKit/537.36 (KHTML, like Gecko) Chrome/74.0.3729.169 Safari/537.36" 
123.233.42.1 - - [18/Mar/2021:21:23:55 +0800] "GET /api/v1/result/enroll/?resultType=enroll&limit=2 HTTP/1.1" 200 718 "https://www.luffycity.com/" "Mozilla/5.0 (Windows NT 10.0; WOW64) AppleWebKit/537.36 (KHTML, like Gecko) Chrome/74.0.3729.169 Safari/537.36" 
175.167.217.221, 39.97.49.232 - - [18/Mar/2021:21:24:02 +0800] "GET /api/v1/result/ HTTP/1.1" 200 232 "https://www.baidu.com/link?url=uhMCbzaj-g1_K-xNghydYIWNJQ1Vv-K5a-GWXJDQ8Z_Nvem0VPtm55I6S4xzbHDM&wd=&eqid=dd4efba3001026620000000260535464" "Mozilla/5.0 (Windows NT 6.1; WOW64) AppleWebKit/537.36 (KHTML, like Gecko) Chrome/89.0.4389.82 Safari/537.36" 
175.167.217.221, 39.97.49.232 - - [18/Mar/2021:21:24:02 +0800] "GET /api/v1/index/banner/ HTTP/1.1" 200 382 "https://www.baidu.com/link?url=uhMCbzaj-g1_K-xNghydYIWNJQ1Vv-K5a-GWXJDQ8Z_Nvem0VPtm55I6S4xzbHDM&wd=&eqid=dd4efba3001026620000000260535464" "Mozilla/5.0 (Windows NT 6.1; WOW64) AppleWebKit/537.36 (KHTML, like Gecko) Chrome/89.0.4389.82 Safari/537.36" 
221.6.185.200, 39.97.49.232 - - [18/Mar/2021:21:24:03 +0800] "GET /api/v1/auth/token/ HTTP/1.1" 200 29 "http://m.biancheng.net/" "Mozilla/5.0 (Windows NT 10.0; WOW64) AppleWebKit/537.36 (KHTML, like Gecko) Chrome/89.0.4389.90 Safari/537.36" 
221.6.185.200 - - [18/Mar/2021:21:24:04 +0800] "OPTIONS /api/v1/activity/survey/?course_id=252 HTTP/1.1" 200 0 "https://www.luffycity.com/" "Mozilla/5.0 (Windows NT 10.0; WOW64) AppleWebKit/537.36 (KHTML, like Gecko) Chrome/89.0.4389.90 Safari/537.36" 
49.82.147.15, 39.97.49.232 - - [18/Mar/2021:21:24:05 +0800] "GET /api/v1/auth/token/ HTTP/1.1" 200 29 "https://www.luffycity.com/free-course" "Mozilla/5.0 (Windows NT 10.0; Win64; x64) AppleWebKit/537.36 (KHTML, like Gecko) Chrome/89.0.4385.0 Safari/537.36" 
49.82.147.15, 39.97.49.232 - - [18/Mar/2021:21:24:05 +0800] "GET /api/v1/result/ HTTP/1.1" 200 232 "https://www.luffycity.com/free-course" "Mozilla/5.0 (Windows NT 10.0; Win64; x64) AppleWebKit/537.36 (KHTML, like Gecko) Chrome/89.0.4385.0 Safari/537.36" 
49.82.147.15, 39.97.49.232 - - [18/Mar/2021:21:24:05 +0800] "GET /api/v1/course/degree/ HTTP/1.1" 200 949 "https://www.luffycity.com/free-course" "Mozilla/5.0 (Windows NT 10.0; Win64; x64) AppleWebKit/537.36 (KHTML, like Gecko) Chrome/89.0.4385.0 Safari/537.36" 
183.8.69.244 - - [18/Mar/2021:21:24:09 +0800] "GET /api/v1/auth/token/ HTTP/1.1" 200 398 "https://m.luffycity.com/play/31625" "Mozilla/5.0 (Linux; Android 10; TAS-AN00; HMSCore 5.2.0.303) AppleWebKit/537.36 (KHTML, like Gecko) Chrome/83.0.4103.106 HuaweiBrowser/11.0.7.305 Mobile Safari/537.36" 
183.8.69.244 - - [18/Mar/2021:21:24:10 +0800] "GET /api/v1/play/31630/?play_id=31630 HTTP/1.1" 200 420 "https://m.luffycity.com/play/31630" "Mozilla/5.0 (Linux; Android 10; TAS-AN00; HMSCore 5.2.0.303) AppleWebKit/537.36 (KHTML, like Gecko) Chrome/83.0.4103.106 HuaweiBrowser/11.0.7.305 Mobile Safari/537.36" 
43.224.44.43, 39.97.49.232 - - [18/Mar/2021:21:24:11 +0800] "GET /api/v1/auth/token/ HTTP/1.1" 200 402 "https://www.luffycity.com/study/chapter/71010" "Mozilla/5.0 (Windows NT 10.0; Win64; x64) AppleWebKit/537.36 (KHTML, like Gecko) Chrome/87.0.4280.88 Safari/537.36" 
49.82.147.15 - - [18/Mar/2021:21:24:12 +0800] "OPTIONS /api/v1/result/enroll/?resultType=enroll&limit=2 HTTP/1.1" 200 0 "https://www.luffycity.com/" "Mozilla/5.0 (Windows NT 10.0; Win64; x64) AppleWebKit/537.36 (KHTML, like Gecko) Chrome/89.0.4385.0 Safari/537.36" 
43.224.44.43 - - [18/Mar/2021:21:24:13 +0800] "OPTIONS /api/v1/study/degrees/ HTTP/1.1" 200 0 "https://www.luffycity.com/" "Mozilla/5.0 (Windows NT 10.0; Win64; x64) AppleWebKit/537.36 (KHTML, like Gecko) Chrome/87.0.4280.88 Safari/537.36" 
43.224.44.43 - - [18/Mar/2021:21:24:13 +0800] "OPTIONS /api/v1/study/degrees/0/mentor/?degree_id=0 HTTP/1.1" 200 0 "https://www.luffycity.com/" "Mozilla/5.0 (Windows NT 10.0; Win64; x64) AppleWebKit/537.36 (KHTML, like Gecko) Chrome/87.0.4280.88 Safari/537.36" 
43.224.44.43 - - [18/Mar/2021:21:24:13 +0800] "GET /api/v1/study/degrees/ HTTP/1.1" 200 262 "https://www.luffycity.com/" "Mozilla/5.0 (Windows NT 10.0; Win64; x64) AppleWebKit/537.36 (KHTML, like Gecko) Chrome/87.0.4280.88 Safari/537.36" 
43.224.44.43 - - [18/Mar/2021:21:24:13 +0800] "OPTIONS /api/v1/study/degrees/1/?degree_id=1 HTTP/1.1" 200 0 "https://www.luffycity.com/" "Mozilla/5.0 (Windows NT 10.0; Win64; x64) AppleWebKit/537.36 (KHTML, like Gecko) Chrome/87.0.4280.88 Safari/537.36" 
43.224.44.43 - - [18/Mar/2021:21:24:13 +0800] "OPTIONS /api/v1/study/degrees/1/mentor/?degree_id=1 HTTP/1.1" 200 0 "https://www.luffycity.com/" "Mozilla/5.0 (Windows NT 10.0; Win64; x64) AppleWebKit/537.36 (KHTML, like Gecko) Chrome/87.0.4280.88 Safari/537.36" 
43.224.44.43 - - [18/Mar/2021:21:24:14 +0800] "GET /api/v1/study/data/?degree_id=1 HTTP/1.1" 200 113 "https://www.luffycity.com/" "Mozilla/5.0 (Windows NT 10.0; Win64; x64) AppleWebKit/537.36 (KHTML, like Gecko) Chrome/87.0.4280.88 Safari/537.36" 
175.167.217.221, 39.97.49.232 - - [18/Mar/2021:21:24:15 +0800] "GET /api/v1/auth/token/ HTTP/1.1" 200 29 "https://www.luffycity.com/" "Mozilla/5.0 (Windows NT 6.1; WOW64) AppleWebKit/537.36 (KHTML, like Gecko) Chrome/89.0.4389.82 Safari/537.36" 
175.167.217.221 - - [18/Mar/2021:21:24:16 +0800] "OPTIONS /api/v1/auth/captcha/ HTTP/1.1" 200 0 "https://www.luffycity.com/" "Mozilla/5.0 (Windows NT 6.1; WOW64) AppleWebKit/537.36 (KHTML, like Gecko) Chrome/89.0.4389.82 Safari/537.36" 
175.167.217.221 - - [18/Mar/2021:21:24:21 +0800] "OPTIONS /api/v1/check/mobile/?field=mobile&mobile=15542816826 HTTP/1.1" 200 0 "https://www.luffycity.com/" "Mozilla/5.0 (Windows NT 6.1; WOW64) AppleWebKit/537.36 (KHTML, like Gecko) Chrome/89.0.4389.82 Safari/537.36" 
106.47.65.107 - - [18/Mar/2021:21:24:23 +0800] "OPTIONS /api/v1/play/860/?play_id=860 HTTP/1.1" 200 0 "https://www.luffycity.com/" "Mozilla/5.0 (Windows NT 10.0; Win64; x64) AppleWebKit/537.36 (KHTML, like Gecko) Chrome/89.0.4389.90 Safari/537.36 Edg/89.0.774.54" 
106.47.65.107 - - [18/Mar/2021:21:24:23 +0800] "OPTIONS /api/v1/play/sections/?section_id=860 HTTP/1.1" 200 0 "https://www.luffycity.com/" "Mozilla/5.0 (Windows NT 10.0; Win64; x64) AppleWebKit/537.36 (KHTML, like Gecko) Chrome/89.0.4389.90 Safari/537.36 Edg/89.0.774.54" 
106.47.65.107 - - [18/Mar/2021:21:24:23 +0800] "GET /api/v1/survey/section/860/?sectionId=860 HTTP/1.1" 200 10 "https://www.luffycity.com/" "Mozilla/5.0 (Windows NT 10.0; Win64; x64) AppleWebKit/537.36 (KHTML, like Gecko) Chrome/89.0.4389.90 Safari/537.36 Edg/89.0.774.54" 
106.47.65.107 - - [18/Mar/2021:21:24:23 +0800] "GET /api/v1/comment/?section_id=860&limit=10&offset=0 HTTP/1.1" 200 1428 "https://www.luffycity.com/" "Mozilla/5.0 (Windows NT 10.0; Win64; x64) AppleWebKit/537.36 (KHTML, like Gecko) Chrome/89.0.4389.90 Safari/537.36 Edg/89.0.774.54" 
183.8.69.244 - - [18/Mar/2021:21:24:25 +0800] "GET /api/v1/auth/token/ HTTP/1.1" 200 398 "https://m.luffycity.com/play/31630" "Mozilla/5.0 (Linux; Android 10; TAS-AN00; HMSCore 5.2.0.303) AppleWebKit/537.36 (KHTML, like Gecko) Chrome/83.0.4103.106 HuaweiBrowser/11.0.7.305 Mobile Safari/537.36" 
183.8.69.244 - - [18/Mar/2021:21:24:25 +0800] "GET /api/v1/play/sections/?section_id=31629 HTTP/1.1" 200 2156 "https://m.luffycity.com/play/31629" "Mozilla/5.0 (Linux; Android 10; TAS-AN00; HMSCore 5.2.0.303) AppleWebKit/537.36 (KHTML, like Gecko) Chrome/83.0.4103.106 HuaweiBrowser/11.0.7.305 Mobile Safari/537.36" 
49.82.147.15, 39.97.49.232 - - [18/Mar/2021:21:24:27 +0800] "GET /api/v1/result/ HTTP/1.1" 200 232 "-" "Mozilla/5.0 (Windows NT 10.0; Win64; x64) AppleWebKit/537.36 (KHTML, like Gecko) Chrome/89.0.4385.0 Safari/537.36" 
49.82.147.15 - - [18/Mar/2021:21:24:27 +0800] "OPTIONS /api/v1/study/degrees/0/mentor/?degree_id=0 HTTP/1.1" 200 0 "https://www.luffycity.com/" "Mozilla/5.0 (Windows NT 10.0; Win64; x64) AppleWebKit/537.36 (KHTML, like Gecko) Chrome/89.0.4385.0 Safari/537.36" 
49.82.147.15 - - [18/Mar/2021:21:24:27 +0800] "OPTIONS /api/v1/study/degrees/ HTTP/1.1" 200 0 "https://www.luffycity.com/" "Mozilla/5.0 (Windows NT 10.0; Win64; x64) AppleWebKit/537.36 (KHTML, like Gecko) Chrome/89.0.4385.0 Safari/537.36" 
49.82.147.15 - - [18/Mar/2021:21:24:27 +0800] "GET /api/v1/study/data/ HTTP/1.1" 200 64 "https://www.luffycity.com/" "Mozilla/5.0 (Windows NT 10.0; Win64; x64) AppleWebKit/537.36 (KHTML, like Gecko) Chrome/89.0.4385.0 Safari/537.36" 
49.82.147.15 - - [18/Mar/2021:21:24:27 +0800] "GET /api/v1/study/degrees/0/mentor/?degree_id=0 HTTP/1.1" 200 64 "https://www.luffycity.com/" "Mozilla/5.0 (Windows NT 10.0; Win64; x64) AppleWebKit/537.36 (KHTML, like Gecko) Chrome/89.0.4385.0 Safari/537.36" 
49.82.147.15 - - [18/Mar/2021:21:24:29 +0800] "OPTIONS /api/v1/auth/password/login/?loginWay=password HTTP/1.1" 200 0 "https://www.luffycity.com/" "Mozilla/5.0 (Windows NT 10.0; Win64; x64) AppleWebKit/537.36 (KHTML, like Gecko) Chrome/89.0.4385.0 Safari/537.36" 
49.82.147.15 - - [18/Mar/2021:21:24:29 +0800] "OPTIONS /api/v1/auth/token/ HTTP/1.1" 200 0 "https://www.luffycity.com/" "Mozilla/5.0 (Windows NT 10.0; Win64; x64) AppleWebKit/537.36 (KHTML, like Gecko) Chrome/89.0.4385.0 Safari/537.36" 
120.235.170.98 - - [18/Mar/2021:21:24:29 +0800] "OPTIONS /api/v1/survey/section/15859/?sectionId=15859 HTTP/1.1" 200 0 "https://www.luffycity.com/play/15859" "Mozilla/5.0 (Windows NT 10.0; Win64; x64) AppleWebKit/537.36 (KHTML, like Gecko) Chrome/84.0.4147.105 Safari/537.36" 
120.235.170.98 - - [18/Mar/2021:21:24:29 +0800] "OPTIONS /api/v1/play/15859/?play_id=15859 HTTP/1.1" 200 0 "https://www.luffycity.com/play/15859" "Mozilla/5.0 (Windows NT 10.0; Win64; x64) AppleWebKit/537.36 (KHTML, like Gecko) Chrome/84.0.4147.105 Safari/537.36" 
120.235.170.98 - - [18/Mar/2021:21:24:29 +0800] "GET /api/v1/survey/section/15859/?sectionId=15859 HTTP/1.1" 200 10 "https://www.luffycity.com/play/15859" "Mozilla/5.0 (Windows NT 10.0; Win64; x64) AppleWebKit/537.36 (KHTML, like Gecko) Chrome/84.0.4147.105 Safari/537.36" 
120.235.170.98 - - [18/Mar/2021:21:24:29 +0800] "GET /api/v1/play/sections/?section_id=15859 HTTP/1.1" 200 2616 "https://www.luffycity.com/play/15859" "Mozilla/5.0 (Windows NT 10.0; Win64; x64) AppleWebKit/537.36 (KHTML, like Gecko) Chrome/84.0.4147.105 Safari/537.36" 
39.70.15.63 - - [18/Mar/2021:21:24:38 +0800] "OPTIONS /api/v1/comment/?section_id=11941&limit=10&offset=0 HTTP/1.1" 200 0 "https://www.luffycity.com/play/11941" "Mozilla/5.0 (Windows NT 10.0; Win64; x64; rv:86.0) Gecko/20100101 Firefox/86.0" 
39.70.15.63 - - [18/Mar/2021:21:24:38 +0800] "OPTIONS /api/v1/survey/section/11941/?sectionId=11941 HTTP/1.1" 200 0 "https://www.luffycity.com/play/11941" "Mozilla/5.0 (Windows NT 10.0; Win64; x64; rv:86.0) Gecko/20100101 Firefox/86.0" 
39.70.15.63 - - [18/Mar/2021:21:24:38 +0800] "GET /api/v1/survey/section/11941/?sectionId=11941 HTTP/1.1" 200 10 "https://www.luffycity.com/play/11941" "Mozilla/5.0 (Windows NT 10.0; Win64; x64; rv:86.0) Gecko/20100101 Firefox/86.0" 
219.237.112.15, 39.97.49.232 - - [18/Mar/2021:21:24:38 +0800] "GET /api/v1/result/ HTTP/1.1" 200 232 "https://www.luffycity.com/" "Mozilla/5.0 (Windows NT 10.0; Win64; x64) AppleWebKit/537.36 (KHTML, like Gecko) Chrome/88.0.4324.190 Safari/537.36" 
39.70.15.63 - - [18/Mar/2021:21:24:38 +0800] "GET /api/v1/play/11941/?play_id=11941 HTTP/1.1" 200 407 "https://www.luffycity.com/play/11941" "Mozilla/5.0 (Windows NT 10.0; Win64; x64; rv:86.0) Gecko/20100101 Firefox/86.0" 
175.167.217.221 - - [18/Mar/2021:21:24:38 +0800] "OPTIONS /api/v1/auth/wechat/ HTTP/1.1" 200 0 "https://www.luffycity.com/" "Mozilla/5.0 (Windows NT 6.1; WOW64) AppleWebKit/537.36 (KHTML, like Gecko) Chrome/89.0.4389.82 Safari/537.36" 
175.167.217.221 - - [18/Mar/2021:21:24:41 +0800] "GET /api/v1/auth/captcha/ HTTP/1.1" 200 137 "https://www.luffycity.com/" "Mozilla/5.0 (Windows NT 6.1; WOW64) AppleWebKit/537.36 (KHTML, like Gecko) Chrome/89.0.4389.82 Safari/537.36" 
219.237.112.15, 39.97.49.232 - - [18/Mar/2021:21:24:46 +0800] "GET /api/v1/result/ HTTP/1.1" 200 232 "-" "Mozilla/5.0 (Windows NT 10.0; Win64; x64) AppleWebKit/537.36 (KHTML, like Gecko) Chrome/88.0.4324.190 Safari/537.36" 
219.237.112.15, 39.97.49.232 - - [18/Mar/2021:21:24:46 +0800] "GET /api/v1/course/actual/?limit=3 HTTP/1.1" 200 2342 "-" "Mozilla/5.0 (Windows NT 10.0; Win64; x64) AppleWebKit/537.36 (KHTML, like Gecko) Chrome/88.0.4324.190 Safari/537.36" 
219.237.112.15, 39.97.49.232 - - [18/Mar/2021:21:24:46 +0800] "GET /api/v1/course/degree/ HTTP/1.1" 200 949 "-" "Mozilla/5.0 (Windows NT 10.0; Win64; x64) AppleWebKit/537.36 (KHTML, like Gecko) Chrome/88.0.4324.190 Safari/537.36" 
219.237.112.15, 39.97.49.232 - - [18/Mar/2021:21:24:46 +0800] "GET /api/v1/course/home-free/?limit=3 HTTP/1.1" 200 865 "-" "Mozilla/5.0 (Windows NT 10.0; Win64; x64) AppleWebKit/537.36 (KHTML, like Gecko) Chrome/88.0.4324.190 Safari/537.36" 
219.237.112.15 - - [18/Mar/2021:21:24:47 +0800] "GET /api/v1/result/enroll/?resultType=enroll&limit=2 HTTP/1.1" 200 718 "https://www.luffycity.com/" "Mozilla/5.0 (Windows NT 10.0; Win64; x64) AppleWebKit/537.36 (KHTML, like Gecko) Chrome/88.0.4324.190 Safari/537.36" 
219.237.112.15 - - [18/Mar/2021:21:24:49 +0800] "GET /api/v1/auth/wechat/ HTTP/1.1" 200 232 "https://www.luffycity.com/" "Mozilla/5.0 (Windows NT 10.0; Win64; x64) AppleWebKit/537.36 (KHTML, like Gecko) Chrome/88.0.4324.190 Safari/537.36" 
219.237.112.15 - - [18/Mar/2021:21:24:51 +0800] "POST /api/v1/auth/password/login/?loginWay=password HTTP/1.1" 200 274 "https://www.luffycity.com/" "Mozilla/5.0 (Windows NT 10.0; Win64; x64) AppleWebKit/537.36 (KHTML, like Gecko) Chrome/88.0.4324.190 Safari/537.36" 
219.237.112.15 - - [18/Mar/2021:21:24:51 +0800] "GET /api/v1/auth/token/ HTTP/1.1" 200 398 "https://www.luffycity.com/" "Mozilla/5.0 (Windows NT 10.0; Win64; x64) AppleWebKit/537.36 (KHTML, like Gecko) Chrome/88.0.4324.190 Safari/537.36" 
219.237.112.15 - - [18/Mar/2021:21:24:54 +0800] "OPTIONS /api/v1/study/data/ HTTP/1.1" 200 0 "https://www.luffycity.com/" "Mozilla/5.0 (Windows NT 10.0; Win64; x64) AppleWebKit/537.36 (KHTML, like Gecko) Chrome/88.0.4324.190 Safari/537.36" 
219.237.112.15 - - [18/Mar/2021:21:24:54 +0800] "GET /api/v1/study/degrees/0/mentor/?degree_id=0 HTTP/1.1" 200 137 "https://www.luffycity.com/" "Mozilla/5.0 (Windows NT 10.0; Win64; x64) AppleWebKit/537.36 (KHTML, like Gecko) Chrome/88.0.4324.190 Safari/537.36" 
219.237.112.15 - - [18/Mar/2021:21:24:54 +0800] "OPTIONS /api/v1/study/data/?degree_id=4 HTTP/1.1" 200 0 "https://www.luffycity.com/" "Mozilla/5.0 (Windows NT 10.0; Win64; x64) AppleWebKit/537.36 (KHTML, like Gecko) Chrome/88.0.4324.190 Safari/537.36" 
219.237.112.15 - - [18/Mar/2021:21:24:54 +0800] "GET /api/v1/study/degrees/4/mentor/?degree_id=4 HTTP/1.1" 200 212 "https://www.luffycity.com/" "Mozilla/5.0 (Windows NT 10.0; Win64; x64) AppleWebKit/537.36 (KHTML, like Gecko) Chrome/88.0.4324.190 Safari/537.36" 
219.237.112.15 - - [18/Mar/2021:21:24:55 +0800] "GET /api/v1/study/data/?degree_id=4 HTTP/1.1" 200 106 "https://www.luffycity.com/" "Mozilla/5.0 (Windows NT 10.0; Win64; x64) AppleWebKit/537.36 (KHTML, like Gecko) Chrome/88.0.4324.190 Safari/537.36" 
219.237.112.15 - - [18/Mar/2021:21:24:55 +0800] "GET /api/v1/study/data/ HTTP/1.1" 200 107 "https://www.luffycity.com/" "Mozilla/5.0 (Windows NT 10.0; Win64; x64) AppleWebKit/537.36 (KHTML, like Gecko) Chrome/88.0.4324.190 Safari/537.36" 
175.167.217.221 - - [18/Mar/2021:21:24:57 +0800] "OPTIONS /api/v1/sms/send/ HTTP/1.1" 200 0 "https://www.luffycity.com/" "Mozilla/5.0 (Windows NT 6.1; WOW64) AppleWebKit/537.36 (KHTML, like Gecko) Chrome/89.0.4389.82 Safari/537.36" 
219.237.112.15 - - [18/Mar/2021:21:25:00 +0800] "OPTIONS /api/v1/comment/?section_id=29416&limit=10&offset=0 HTTP/1.1" 200 0 "https://www.luffycity.com/" "Mozilla/5.0 (Windows NT 10.0; Win64; x64) AppleWebKit/537.36 (KHTML, like Gecko) Chrome/88.0.4324.190 Safari/537.36" 
219.237.112.15 - - [18/Mar/2021:21:25:00 +0800] "OPTIONS /api/v1/survey/section/29416/?sectionId=29416 HTTP/1.1" 200 0 "https://www.luffycity.com/" "Mozilla/5.0 (Windows NT 10.0; Win64; x64) AppleWebKit/537.36 (KHTML, like Gecko) Chrome/88.0.4324.190 Safari/537.36" 
219.237.112.15 - - [18/Mar/2021:21:25:00 +0800] "GET /api/v1/survey/section/29416/?sectionId=29416 HTTP/1.1" 200 10 "https://www.luffycity.com/" "Mozilla/5.0 (Windows NT 10.0; Win64; x64) AppleWebKit/537.36 (KHTML, like Gecko) Chrome/88.0.4324.190 Safari/537.36" 
219.237.112.15 - - [18/Mar/2021:21:25:00 +0800] "GET /api/v1/play/29416/?play_id=29416 HTTP/1.1" 200 437 "https://www.luffycity.com/" "Mozilla/5.0 (Windows NT 10.0; Win64; x64) AppleWebKit/537.36 (KHTML, like Gecko) Chrome/88.0.4324.190 Safari/537.36" 
222.20.78.134, 39.97.49.232 - - [18/Mar/2021:21:25:01 +0800] "GET /api/v1/auth/token/ HTTP/1.1" 200 374 "-" "Mozilla/5.0 (Windows NT 10.0; Win64; x64) AppleWebKit/537.36 (KHTML, like Gecko) Chrome/87.0.4280.66 Safari/537.36" 
60.26.158.31 - - [18/Mar/2021:21:25:04 +0800] "OPTIONS /api/v1/comment/?section_id=31178&limit=10&offset=0 HTTP/1.1" 200 0 "https://www.luffycity.com/" "Mozilla/5.0 (Macintosh; Intel Mac OS X 10_15_4) AppleWebKit/605.1.15 (KHTML, like Gecko) Version/13.1.1 Safari/605.1.15" 
60.26.158.31 - - [18/Mar/2021:21:25:04 +0800] "OPTIONS /api/v1/survey/section/31178/?sectionId=31178 HTTP/1.1" 200 0 "https://www.luffycity.com/" "Mozilla/5.0 (Macintosh; Intel Mac OS X 10_15_4) AppleWebKit/605.1.15 (KHTML, like Gecko) Version/13.1.1 Safari/605.1.15" 
60.26.158.31 - - [18/Mar/2021:21:25:04 +0800] "GET /api/v1/survey/section/31178/?sectionId=31178 HTTP/1.1" 200 10 "https://www.luffycity.com/play/31178" "Mozilla/5.0 (Macintosh; Intel Mac OS X 10_15_4) AppleWebKit/605.1.15 (KHTML, like Gecko) Version/13.1.1 Safari/605.1.15" 
60.26.158.31 - - [18/Mar/2021:21:25:04 +0800] "GET /api/v1/play/31178/?play_id=31178 HTTP/1.1" 200 435 "https://www.luffycity.com/play/31178" "Mozilla/5.0 (Macintosh; Intel Mac OS X 10_15_4) AppleWebKit/605.1.15 (KHTML, like Gecko) Version/13.1.1 Safari/605.1.15" 
223.157.108.162, 39.97.49.232 - - [18/Mar/2021:21:25:04 +0800] "GET /api/v1/auth/token/ HTTP/1.1" 200 398 "-" "Mozilla/5.0 (Windows NT 10.0; WOW64) AppleWebKit/537.36 (KHTML, like Gecko) Chrome/53.0.2785.116 Safari/537.36 QBCore/4.0.1316.400 QQBrowser/9.0.2524.400 Mozilla/5.0 (Windows NT 6.1; WOW64) AppleWebKit/537.36 (KHTML, like Gecko) Chrome/53.0.2875.116 Safari/537.36 NetType/WIFI MicroMessenger/7.0.20.1781(0x6700143B) WindowsWechat" 
223.157.108.162, 39.97.49.232 - - [18/Mar/2021:21:25:05 +0800] "GET /api/v1/course/home-free/?limit=3 HTTP/1.1" 200 865 "-" "Mozilla/5.0 (Windows NT 10.0; WOW64) AppleWebKit/537.36 (KHTML, like Gecko) Chrome/53.0.2785.116 Safari/537.36 QBCore/4.0.1316.400 QQBrowser/9.0.2524.400 Mozilla/5.0 (Windows NT 6.1; WOW64) AppleWebKit/537.36 (KHTML, like Gecko) Chrome/53.0.2875.116 Safari/537.36 NetType/WIFI MicroMessenger/7.0.20.1781(0x6700143B) WindowsWechat" 
223.157.108.162 - - [18/Mar/2021:21:25:07 +0800] "OPTIONS /api/v1/result/enroll/?resultType=enroll&limit=2 HTTP/1.1" 200 0 "https://www.luffycity.com/" "Mozilla/5.0 (Windows NT 10.0; WOW64) AppleWebKit/537.36 (KHTML, like Gecko) Chrome/53.0.2785.116 Safari/537.36 QBCore/4.0.1316.400 QQBrowser/9.0.2524.400 Mozilla/5.0 (Windows NT 6.1; WOW64) AppleWebKit/537.36 (KHTML, like Gecko) Chrome/53.0.2875.116 Safari/537.36 NetType/WIFI MicroMessenger/7.0.20.1781(0x6700143B) WindowsWechat" 
223.157.108.162 - - [18/Mar/2021:21:25:09 +0800] "OPTIONS /api/v1/study/degrees/ HTTP/1.1" 200 0 "https://www.luffycity.com/study/degree" "Mozilla/5.0 (Windows NT 10.0; WOW64) AppleWebKit/537.36 (KHTML, like Gecko) Chrome/53.0.2785.116 Safari/537.36 QBCore/4.0.1316.400 QQBrowser/9.0.2524.400 Mozilla/5.0 (Windows NT 6.1; WOW64) AppleWebKit/537.36 (KHTML, like Gecko) Chrome/53.0.2875.116 Safari/537.36 NetType/WIFI MicroMessenger/7.0.20.1781(0x6700143B) WindowsWechat" 
223.157.108.162 - - [18/Mar/2021:21:25:09 +0800] "OPTIONS /api/v1/study/degrees/0/mentor/?degree_id=0 HTTP/1.1" 200 0 "https://www.luffycity.com/study/degree" "Mozilla/5.0 (Windows NT 10.0; WOW64) AppleWebKit/537.36 (KHTML, like Gecko) Chrome/53.0.2785.116 Safari/537.36 QBCore/4.0.1316.400 QQBrowser/9.0.2524.400 Mozilla/5.0 (Windows NT 6.1; WOW64) AppleWebKit/537.36 (KHTML, like Gecko) Chrome/53.0.2875.116 Safari/537.36 NetType/WIFI MicroMessenger/7.0.20.1781(0x6700143B) WindowsWechat" 
223.157.108.162 - - [18/Mar/2021:21:25:09 +0800] "GET /api/v1/study/degrees/ HTTP/1.1" 200 393 "https://www.luffycity.com/study/degree" "Mozilla/5.0 (Windows NT 10.0; WOW64) AppleWebKit/537.36 (KHTML, like Gecko) Chrome/53.0.2785.116 Safari/537.36 QBCore/4.0.1316.400 QQBrowser/9.0.2524.400 Mozilla/5.0 (Windows NT 6.1; WOW64) AppleWebKit/537.36 (KHTML, like Gecko) Chrome/53.0.2875.116 Safari/537.36 NetType/WIFI MicroMessenger/7.0.20.1781(0x6700143B) WindowsWechat" 
223.157.108.162 - - [18/Mar/2021:21:25:09 +0800] "OPTIONS /api/v1/study/degrees/2/?degree_id=2 HTTP/1.1" 200 0 "https://www.luffycity.com/study/degree" "Mozilla/5.0 (Windows NT 10.0; WOW64) AppleWebKit/537.36 (KHTML, like Gecko) Chrome/53.0.2785.116 Safari/537.36 QBCore/4.0.1316.400 QQBrowser/9.0.2524.400 Mozilla/5.0 (Windows NT 6.1; WOW64) AppleWebKit/537.36 (KHTML, like Gecko) Chrome/53.0.2875.116 Safari/537.36 NetType/WIFI MicroMessenger/7.0.20.1781(0x6700143B) WindowsWechat" 
223.157.108.162 - - [18/Mar/2021:21:25:09 +0800] "OPTIONS /api/v1/study/degrees/2/mentor/?degree_id=2 HTTP/1.1" 200 0 "https://www.luffycity.com/study/degree" "Mozilla/5.0 (Windows NT 10.0; WOW64) AppleWebKit/537.36 (KHTML, like Gecko) Chrome/53.0.2785.116 Safari/537.36 QBCore/4.0.1316.400 QQBrowser/9.0.2524.400 Mozilla/5.0 (Windows NT 6.1; WOW64) AppleWebKit/537.36 (KHTML, like Gecko) Chrome/53.0.2875.116 Safari/537.36 NetType/WIFI MicroMessenger/7.0.20.1781(0x6700143B) WindowsWechat" 
103.98.240.28, 39.97.49.232 - - [18/Mar/2021:21:25:09 +0800] "GET /api/v1/auth/token/ HTTP/1.1" 200 29 "https://v3.bootcss.com/" "Mozilla/5.0 (Windows NT 10.0; WOW64) AppleWebKit/537.36 (KHTML, like Gecko) Chrome/76.0.3809.132 Safari/537.36" 
223.157.108.162 - - [18/Mar/2021:21:25:10 +0800] "GET /api/v1/study/degrees/2/?degree_id=2 HTTP/1.1" 200 1501 "https://www.luffycity.com/study/degree" "Mozilla/5.0 (Windows NT 10.0; WOW64) AppleWebKit/537.36 (KHTML, like Gecko) Chrome/53.0.2785.116 Safari/537.36 QBCore/4.0.1316.400 QQBrowser/9.0.2524.400 Mozilla/5.0 (Windows NT 6.1; WOW64) AppleWebKit/537.36 (KHTML, like Gecko) Chrome/53.0.2875.116 Safari/537.36 NetType/WIFI MicroMessenger/7.0.20.1781(0x6700143B) WindowsWechat" 
103.98.241.28 - - [18/Mar/2021:21:25:11 +0800] "GET /api/v1/activity/survey/?course_id=256 HTTP/1.1" 200 11 "https://www.luffycity.com/activity/vue-camp?source=bootcss" "Mozilla/5.0 (Windows NT 10.0; WOW64) AppleWebKit/537.36 (KHTML, like Gecko) Chrome/76.0.3809.132 Safari/537.36" 
175.167.217.221 - - [18/Mar/2021:21:25:11 +0800] "OPTIONS /api/v1/auth/mobile/login/?loginWay=mobile HTTP/1.1" 200 0 "https://www.luffycity.com/" "Mozilla/5.0 (Windows NT 6.1; WOW64) AppleWebKit/537.36 (KHTML, like Gecko) Chrome/89.0.4389.82 Safari/537.36" 
175.167.217.221 - - [18/Mar/2021:21:25:11 +0800] "OPTIONS /api/v1/auth/token/ HTTP/1.1" 200 0 "https://www.luffycity.com/" "Mozilla/5.0 (Windows NT 6.1; WOW64) AppleWebKit/537.36 (KHTML, like Gecko) Chrome/89.0.4389.82 Safari/537.36" 
223.243.87.183 - - [18/Mar/2021:21:25:12 +0800] "OPTIONS /api/v1/play/sections/?section_id=26771 HTTP/1.1" 200 0 "https://www.luffycity.com/" "Mozilla/5.0 (Windows NT 10.0; Win64; x64) AppleWebKit/537.36 (KHTML, like Gecko) Chrome/89.0.4389.90 Safari/537.36 Edg/89.0.774.54" 
223.243.87.183 - - [18/Mar/2021:21:25:12 +0800] "OPTIONS /api/v1/survey/section/26771/?sectionId=26771 HTTP/1.1" 200 0 "https://www.luffycity.com/" "Mozilla/5.0 (Windows NT 10.0; Win64; x64) AppleWebKit/537.36 (KHTML, like Gecko) Chrome/89.0.4389.90 Safari/537.36 Edg/89.0.774.54" 
223.243.87.183 - - [18/Mar/2021:21:25:12 +0800] "GET /api/v1/comment/?section_id=26771&limit=10&offset=0 HTTP/1.1" 200 69 "https://www.luffycity.com/" "Mozilla/5.0 (Windows NT 10.0; Win64; x64) AppleWebKit/537.36 (KHTML, like Gecko) Chrome/89.0.4389.90 Safari/537.36 Edg/89.0.774.54" 
223.243.87.183 - - [18/Mar/2021:21:25:12 +0800] "GET /api/v1/play/sections/?section_id=26771 HTTP/1.1" 200 2001 "https://www.luffycity.com/" "Mozilla/5.0 (Windows NT 10.0; Win64; x64) AppleWebKit/537.36 (KHTML, like Gecko) Chrome/89.0.4389.90 Safari/537.36 Edg/89.0.774.54" 
183.198.7.40, 39.97.49.232 - - [18/Mar/2021:21:25:14 +0800] "GET /api/v1/result/ HTTP/1.1" 200 232 "-" "Mozilla/5.0 (Windows NT 10.0; WOW64) AppleWebKit/537.36 (KHTML, like Gecko) Chrome/78.0.3904.108 Safari/537.36" 
183.198.7.40 - - [18/Mar/2021:21:25:14 +0800] "GET /api/v1/study/degrees/0/mentor/?degree_id=0 HTTP/1.1" 200 137 "https://www.luffycity.com/study/degree" "Mozilla/5.0 (Windows NT 10.0; WOW64) AppleWebKit/537.36 (KHTML, like Gecko) Chrome/78.0.3904.108 Safari/537.36" 
183.198.7.40 - - [18/Mar/2021:21:25:14 +0800] "GET /api/v1/study/degrees/ HTTP/1.1" 200 262 "https://www.luffycity.com/study/degree" "Mozilla/5.0 (Windows NT 10.0; WOW64) AppleWebKit/537.36 (KHTML, like Gecko) Chrome/78.0.3904.108 Safari/537.36" 
183.198.7.40 - - [18/Mar/2021:21:25:14 +0800] "OPTIONS /api/v1/study/data/?degree_id=1 HTTP/1.1" 200 0 "https://www.luffycity.com/study/degree" "Mozilla/5.0 (Windows NT 10.0; WOW64) AppleWebKit/537.36 (KHTML, like Gecko) Chrome/78.0.3904.108 Safari/537.36" 
183.198.7.40 - - [18/Mar/2021:21:25:15 +0800] "GET /api/v1/study/data/?degree_id=1 HTTP/1.1" 200 113 "https://www.luffycity.com/study/degree" "Mozilla/5.0 (Windows NT 10.0; WOW64) AppleWebKit/537.36 (KHTML, like Gecko) Chrome/78.0.3904.108 Safari/537.36" 
223.157.108.162 - - [18/Mar/2021:21:25:15 +0800] "OPTIONS /api/v1/play/sections/?section_id=24396 HTTP/1.1" 200 0 "https://www.luffycity.com/play/24396" "Mozilla/5.0 (Windows NT 10.0; WOW64) AppleWebKit/537.36 (KHTML, like Gecko) Chrome/53.0.2785.116 Safari/537.36 QBCore/4.0.1316.400 QQBrowser/9.0.2524.400 Mozilla/5.0 (Windows NT 6.1; WOW64) AppleWebKit/537.36 (KHTML, like Gecko) Chrome/53.0.2875.116 Safari/537.36 NetType/WIFI MicroMessenger/7.0.20.1781(0x6700143B) WindowsWechat" 
223.157.108.162 - - [18/Mar/2021:21:25:15 +0800] "OPTIONS /api/v1/play/24396/?play_id=24396 HTTP/1.1" 200 0 "https://www.luffycity.com/play/24396" "Mozilla/5.0 (Windows NT 10.0; WOW64) AppleWebKit/537.36 (KHTML, like Gecko) Chrome/53.0.2785.116 Safari/537.36 QBCore/4.0.1316.400 QQBrowser/9.0.2524.400 Mozilla/5.0 (Windows NT 6.1; WOW64) AppleWebKit/537.36 (KHTML, like Gecko) Chrome/53.0.2875.116 Safari/537.36 NetType/WIFI MicroMessenger/7.0.20.1781(0x6700143B) WindowsWechat" 
183.198.7.40 - - [18/Mar/2021:21:25:15 +0800] "GET /api/v1/study/degrees/1/?degree_id=1 HTTP/1.1" 200 2031 "https://www.luffycity.com/study/degree" "Mozilla/5.0 (Windows NT 10.0; WOW64) AppleWebKit/537.36 (KHTML, like Gecko) Chrome/78.0.3904.108 Safari/537.36" 
223.157.108.162 - - [18/Mar/2021:21:25:15 +0800] "GET /api/v1/comment/?section_id=24396&limit=10&offset=0 HTTP/1.1" 200 1234 "https://www.luffycity.com/play/24396" "Mozilla/5.0 (Windows NT 10.0; WOW64) AppleWebKit/537.36 (KHTML, like Gecko) Chrome/53.0.2785.116 Safari/537.36 QBCore/4.0.1316.400 QQBrowser/9.0.2524.400 Mozilla/5.0 (Windows NT 6.1; WOW64) AppleWebKit/537.36 (KHTML, like Gecko) Chrome/53.0.2875.116 Safari/537.36 NetType/WIFI MicroMessenger/7.0.20.1781(0x6700143B) WindowsWechat" 
223.157.108.162 - - [18/Mar/2021:21:25:15 +0800] "GET /api/v1/play/24396/?play_id=24396 HTTP/1.1" 200 449 "https://www.luffycity.com/play/24396" "Mozilla/5.0 (Windows NT 10.0; WOW64) AppleWebKit/537.36 (KHTML, like Gecko) Chrome/53.0.2785.116 Safari/537.36 QBCore/4.0.1316.400 QQBrowser/9.0.2524.400 Mozilla/5.0 (Windows NT 6.1; WOW64) AppleWebKit/537.36 (KHTML, like Gecko) Chrome/53.0.2875.116 Safari/537.36 NetType/WIFI MicroMessenger/7.0.20.1781(0x6700143B) WindowsWechat" 
49.82.147.15, 39.97.49.232 - - [18/Mar/2021:21:25:24 +0800] "GET /api/v1/result/ HTTP/1.1" 200 232 "https://www.luffycity.com/study/degree" "Mozilla/5.0 (Windows NT 10.0; Win64; x64) AppleWebKit/537.36 (KHTML, like Gecko) Chrome/89.0.4385.0 Safari/537.36" 
49.82.147.15, 39.97.49.232 - - [18/Mar/2021:21:25:24 +0800] "GET /api/v1/course/category/free/?courseType=free HTTP/1.1" 200 174 "https://www.luffycity.com/study/degree" "Mozilla/5.0 (Windows NT 10.0; Win64; x64) AppleWebKit/537.36 (KHTML, like Gecko) Chrome/89.0.4385.0 Safari/537.36" 
49.82.147.15, 39.97.49.232 - - [18/Mar/2021:21:25:25 +0800] "GET /api/v1/course/free/ HTTP/1.1" 200 1898 "https://www.luffycity.com/study/degree" "Mozilla/5.0 (Windows NT 10.0; Win64; x64) AppleWebKit/537.36 (KHTML, like Gecko) Chrome/89.0.4385.0 Safari/537.36" 
183.198.7.40 - - [18/Mar/2021:21:25:32 +0800] "OPTIONS /api/v1/play/sections/?section_id=5583 HTTP/1.1" 200 0 "https://www.luffycity.com/play/5583" "Mozilla/5.0 (Windows NT 10.0; WOW64) AppleWebKit/537.36 (KHTML, like Gecko) Chrome/78.0.3904.108 Safari/537.36" 
183.198.7.40 - - [18/Mar/2021:21:25:32 +0800] "OPTIONS /api/v1/play/5583/?play_id=5583 HTTP/1.1" 200 0 "https://www.luffycity.com/play/5583" "Mozilla/5.0 (Windows NT 10.0; WOW64) AppleWebKit/537.36 (KHTML, like Gecko) Chrome/78.0.3904.108 Safari/537.36" 
183.198.7.40 - - [18/Mar/2021:21:25:32 +0800] "GET /api/v1/comment/?section_id=5583&limit=10&offset=0 HTTP/1.1" 200 1557 "https://www.luffycity.com/play/5583" "Mozilla/5.0 (Windows NT 10.0; WOW64) AppleWebKit/537.36 (KHTML, like Gecko) Chrome/78.0.3904.108 Safari/537.36" 
183.198.7.40 - - [18/Mar/2021:21:25:32 +0800] "GET /api/v1/play/5583/?play_id=5583 HTTP/1.1" 200 472 "https://www.luffycity.com/play/5583" "Mozilla/5.0 (Windows NT 10.0; WOW64) AppleWebKit/537.36 (KHTML, like Gecko) Chrome/78.0.3904.108 Safari/537.36" 
180.164.92.174, 39.97.49.232 - - [18/Mar/2021:21:25:34 +0800] "GET /api/v1/result/ HTTP/1.1" 200 232 "https://www.luffycity.com/study/degree" "Mozilla/5.0 (Windows NT 6.1; Win64; x64) AppleWebKit/537.36 (KHTML, like Gecko) Chrome/87.0.4280.88 Safari/537.36" 
180.164.92.174 - - [18/Mar/2021:21:25:35 +0800] "OPTIONS /api/v1/study/module/degree/89008/?courseType=degree&id=89008 HTTP/1.1" 200 0 "https://www.luffycity.com/" "Mozilla/5.0 (Windows NT 6.1; Win64; x64) AppleWebKit/537.36 (KHTML, like Gecko) Chrome/87.0.4280.88 Safari/537.36" 
101.20.212.169, 39.97.49.232 - - [18/Mar/2021:21:25:36 +0800] "GET /api/v1/auth/token/ HTTP/1.1" 200 29 "https://www.so.com/link?m=bM%2BHqvOhzGXdVJNyKfIe1HfrjUWnKr9YZUflefDI6ZiZ2X%2BSvGIgSYPTjRkscf3794Ibheb56EXip6RDFBVgwBBBsWTXsdCHvaw9AQFBpRJq6vMhXX1X1tpgAhLDUbIVbAaOrroZI%2BjMM3oPSNlwpNzHhCPYOfK81LJhbhwf2NjfssXwL" "Mozilla/5.0 (Windows NT 10.0; Win64; x64) AppleWebKit/537.36 (KHTML, like Gecko) Chrome/87.0.4280.88 Safari/537.36" 
101.20.212.169, 39.97.49.232 - - [18/Mar/2021:21:25:36 +0800] "GET /api/v1/index/banner/ HTTP/1.1" 200 382 "https://www.so.com/link?m=bM%2BHqvOhzGXdVJNyKfIe1HfrjUWnKr9YZUflefDI6ZiZ2X%2BSvGIgSYPTjRkscf3794Ibheb56EXip6RDFBVgwBBBsWTXsdCHvaw9AQFBpRJq6vMhXX1X1tpgAhLDUbIVbAaOrroZI%2BjMM3oPSNlwpNzHhCPYOfK81LJhbhwf2NjfssXwL" "Mozilla/5.0 (Windows NT 10.0; Win64; x64) AppleWebKit/537.36 (KHTML, like Gecko) Chrome/87.0.4280.88 Safari/537.36" 
101.20.212.169, 39.97.49.232 - - [18/Mar/2021:21:25:36 +0800] "GET /api/v1/course/actual/?limit=3 HTTP/1.1" 200 2342 "https://www.so.com/link?m=bM%2BHqvOhzGXdVJNyKfIe1HfrjUWnKr9YZUflefDI6ZiZ2X%2BSvGIgSYPTjRkscf3794Ibheb56EXip6RDFBVgwBBBsWTXsdCHvaw9AQFBpRJq6vMhXX1X1tpgAhLDUbIVbAaOrroZI%2BjMM3oPSNlwpNzHhCPYOfK81LJhbhwf2NjfssXwL" "Mozilla/5.0 (Windows NT 10.0; Win64; x64) AppleWebKit/537.36 (KHTML, like Gecko) Chrome/87.0.4280.88 Safari/537.36" 
101.20.212.169, 39.97.49.232 - - [18/Mar/2021:21:25:36 +0800] "GET /api/v1/course/degree/ HTTP/1.1" 200 949 "https://www.so.com/link?m=bM%2BHqvOhzGXdVJNyKfIe1HfrjUWnKr9YZUflefDI6ZiZ2X%2BSvGIgSYPTjRkscf3794Ibheb56EXip6RDFBVgwBBBsWTXsdCHvaw9AQFBpRJq6vMhXX1X1tpgAhLDUbIVbAaOrroZI%2BjMM3oPSNlwpNzHhCPYOfK81LJhbhwf2NjfssXwL" "Mozilla/5.0 (Windows NT 10.0; Win64; x64) AppleWebKit/537.36 (KHTML, like Gecko) Chrome/87.0.4280.88 Safari/537.36" 
101.20.212.169, 39.97.49.232 - - [18/Mar/2021:21:25:36 +0800] "GET /api/v1/course/home-free/?limit=3 HTTP/1.1" 200 865 "https://www.so.com/link?m=bM%2BHqvOhzGXdVJNyKfIe1HfrjUWnKr9YZUflefDI6ZiZ2X%2BSvGIgSYPTjRkscf3794Ibheb56EXip6RDFBVgwBBBsWTXsdCHvaw9AQFBpRJq6vMhXX1X1tpgAhLDUbIVbAaOrroZI%2BjMM3oPSNlwpNzHhCPYOfK81LJhbhwf2NjfssXwL" "Mozilla/5.0 (Windows NT 10.0; Win64; x64) AppleWebKit/537.36 (KHTML, like Gecko) Chrome/87.0.4280.88 Safari/537.36" 
101.20.212.169 - - [18/Mar/2021:21:25:37 +0800] "OPTIONS /api/v1/result/enroll/?resultType=enroll&limit=2 HTTP/1.1" 200 0 "https://www.luffycity.com/" "Mozilla/5.0 (Windows NT 10.0; Win64; x64) AppleWebKit/537.36 (KHTML, like Gecko) Chrome/87.0.4280.88 Safari/537.36" 
221.218.215.140, 39.97.49.232 - - [18/Mar/2021:21:25:38 +0800] "GET /api/v1/auth/token/ HTTP/1.1" 200 29 "-" "Mozilla/5.0 (Windows NT 10.0; Win64; x64) AppleWebKit/537.36 (KHTML, like Gecko) Chrome/89.0.4389.82 Safari/537.36" 
221.218.215.140, 39.97.49.232 - - [18/Mar/2021:21:25:38 +0800] "GET /api/v1/result/ HTTP/1.1" 200 232 "-" "Mozilla/5.0 (Windows NT 10.0; Win64; x64) AppleWebKit/537.36 (KHTML, like Gecko) Chrome/89.0.4389.82 Safari/537.36" 
221.218.215.140, 39.97.49.232 - - [18/Mar/2021:21:25:38 +0800] "GET /api/v1/course/actual/?limit=3 HTTP/1.1" 200 2342 "-" "Mozilla/5.0 (Windows NT 10.0; Win64; x64) AppleWebKit/537.36 (KHTML, like Gecko) Chrome/89.0.4389.82 Safari/537.36" 
221.218.215.140 - - [18/Mar/2021:21:25:40 +0800] "OPTIONS /api/v1/result/enroll/?resultType=enroll&limit=2 HTTP/1.1" 200 0 "https://www.luffycity.com/" "Mozilla/5.0 (Windows NT 10.0; Win64; x64) AppleWebKit/537.36 (KHTML, like Gecko) Chrome/89.0.4389.82 Safari/537.36" 
101.20.212.169 - - [18/Mar/2021:21:25:41 +0800] "OPTIONS /api/v1/auth/wechat/ HTTP/1.1" 200 0 "https://www.luffycity.com/" "Mozilla/5.0 (Windows NT 10.0; Win64; x64) AppleWebKit/537.36 (KHTML, like Gecko) Chrome/87.0.4280.88 Safari/537.36" 
110.152.33.105, 39.97.49.232 - - [18/Mar/2021:21:25:44 +0800] "GET /api/v1/auth/token/ HTTP/1.1" 200 29 "-" "Mozilla/5.0 (Windows NT 10.0; Win64; x64) AppleWebKit/537.36 (KHTML, like Gecko) Chrome/89.0.4389.82 Safari/537.36" 
110.152.33.105, 39.97.49.232 - - [18/Mar/2021:21:25:44 +0800] "GET /api/v1/result/ HTTP/1.1" 200 232 "-" "Mozilla/5.0 (Windows NT 10.0; Win64; x64) AppleWebKit/537.36 (KHTML, like Gecko) Chrome/89.0.4389.82 Safari/537.36" 
110.152.33.105, 39.97.49.232 - - [18/Mar/2021:21:25:45 +0800] "GET /api/v1/course/actual/?limit=3 HTTP/1.1" 200 2342 "-" "Mozilla/5.0 (Windows NT 10.0; Win64; x64) AppleWebKit/537.36 (KHTML, like Gecko) Chrome/89.0.4389.82 Safari/537.36" 
