223.157.108.162 - - [18/Mar/2021:21:34:12 +0800] "GET /api/v1/study/data/?degree_id=2 HTTP/1.1" 200 114 "https://www.luffycity.com/study/degree" "Mozilla/5.0 (Windows NT 10.0; WOW64) AppleWebKit/537.36 (KHTML, like Gecko) Chrome/53.0.2785.116 Safari/537.36 QBCore/4.0.1316.400 QQBrowser/9.0.2524.400 Mozilla/5.0 (Windows NT 6.1; WOW64) AppleWebKit/537.36 (KHTML, like Gecko) Chrome/53.0.2875.116 Safari/537.36 NetType/WIFI MicroMessenger/7.0.20.1781(0x6700143B) WindowsWechat" 
220.175.67.11 - - [18/Mar/2021:21:34:13 +0800] "GET /api/v1/survey/section/7346/?sectionId=7346 HTTP/1.1" 200 10 "https://www.luffycity.com/play/7346" "Mozilla/5.0 (Windows NT 10.0; Win64; x64) AppleWebKit/537.36 (KHTML, like Gecko) Chrome/78.0.3904.108 Safari/537.36" 
220.175.67.11 - - [18/Mar/2021:21:34:13 +0800] "GET /api/v1/play/7346/?play_id=7346 HTTP/1.1" 200 446 "https://www.luffycity.com/play/7346" "Mozilla/5.0 (Windows NT 10.0; Win64; x64) AppleWebKit/537.36 (KHTML, like Gecko) Chrome/78.0.3904.108 Safari/537.36" 
101.233.211.117 - - [18/Mar/2021:21:34:19 +0800] "OPTIONS /api/v1/comment/?section_id=19598&limit=10&offset=0 HTTP/1.1" 200 0 "https://www.luffycity.com/play/19598" "Mozilla/5.0 (Windows NT 10.0; WOW64) AppleWebKit/537.36 (KHTML, like Gecko) Chrome/78.0.3904.108 Safari/537.36" 
101.233.211.117 - - [18/Mar/2021:21:34:19 +0800] "OPTIONS /api/v1/survey/section/19598/?sectionId=19598 HTTP/1.1" 200 0 "https://www.luffycity.com/play/19598" "Mozilla/5.0 (Windows NT 10.0; WOW64) AppleWebKit/537.36 (KHTML, like Gecko) Chrome/78.0.3904.108 Safari/537.36" 
101.233.211.117 - - [18/Mar/2021:21:34:19 +0800] "GET /api/v1/comment/?section_id=19598&limit=10&offset=0 HTTP/1.1" 200 989 "https://www.luffycity.com/play/19598" "Mozilla/5.0 (Windows NT 10.0; WOW64) AppleWebKit/537.36 (KHTML, like Gecko) Chrome/78.0.3904.108 Safari/537.36" 
101.233.211.117 - - [18/Mar/2021:21:34:19 +0800] "GET /api/v1/play/sections/?section_id=19598 HTTP/1.1" 200 4459 "https://www.luffycity.com/play/19598" "Mozilla/5.0 (Windows NT 10.0; WOW64) AppleWebKit/537.36 (KHTML, like Gecko) Chrome/78.0.3904.108 Safari/537.36" 
182.139.73.151, 39.97.49.232 - - [18/Mar/2021:21:34:20 +0800] "GET /api/v1/auth/token/ HTTP/1.1" 200 367 "-" "Mozilla/5.0 (Windows NT 10.0; Win64; x64) AppleWebKit/537.36 (KHTML, like Gecko) Chrome/85.0.4183.102 Safari/537.36" 
182.139.73.151 - - [18/Mar/2021:21:34:21 +0800] "GET /api/v1/play/sections/?section_id=19958 HTTP/1.1" 200 7379 "https://www.luffycity.com/" "Mozilla/5.0 (Windows NT 10.0; Win64; x64) AppleWebKit/537.36 (KHTML, like Gecko) Chrome/85.0.4183.102 Safari/537.36" 
182.139.73.151 - - [18/Mar/2021:21:34:21 +0800] "GET /api/v1/play/19958/?play_id=19958 HTTP/1.1" 200 2012 "https://www.luffycity.com/" "Mozilla/5.0 (Windows NT 10.0; Win64; x64) AppleWebKit/537.36 (KHTML, like Gecko) Chrome/85.0.4183.102 Safari/537.36" 
175.167.217.221, 39.97.49.232 - - [18/Mar/2021:21:34:23 +0800] "GET /api/v1/result/ HTTP/1.1" 200 232 "https://www.baidu.com/link?url=DIwBThcFLPapIibrOLlee0ZAGn_z_x2r9L3K7mBBnXdI3Oa5ZnhdAdSXDAkMaIO6&wd=&eqid=d1fd31260010e63c00000002605356d6" "Mozilla/5.0 (Windows NT 6.1; WOW64) AppleWebKit/537.36 (KHTML, like Gecko) Chrome/89.0.4389.82 Safari/537.36" 
175.167.217.221, 39.97.49.232 - - [18/Mar/2021:21:34:23 +0800] "GET /api/v1/index/banner/ HTTP/1.1" 200 382 "https://www.baidu.com/link?url=DIwBThcFLPapIibrOLlee0ZAGn_z_x2r9L3K7mBBnXdI3Oa5ZnhdAdSXDAkMaIO6&wd=&eqid=d1fd31260010e63c00000002605356d6" "Mozilla/5.0 (Windows NT 6.1; WOW64) AppleWebKit/537.36 (KHTML, like Gecko) Chrome/89.0.4389.82 Safari/537.36" 
175.167.217.221, 39.97.49.232 - - [18/Mar/2021:21:34:23 +0800] "GET /api/v1/course/degree/ HTTP/1.1" 200 949 "https://www.baidu.com/link?url=DIwBThcFLPapIibrOLlee0ZAGn_z_x2r9L3K7mBBnXdI3Oa5ZnhdAdSXDAkMaIO6&wd=&eqid=d1fd31260010e63c00000002605356d6" "Mozilla/5.0 (Windows NT 6.1; WOW64) AppleWebKit/537.36 (KHTML, like Gecko) Chrome/89.0.4389.82 Safari/537.36" 
175.167.217.221 - - [18/Mar/2021:21:34:24 +0800] "GET /api/v1/result/enroll/?resultType=enroll&limit=2 HTTP/1.1" 200 718 "https://www.luffycity.com/" "Mozilla/5.0 (Windows NT 6.1; WOW64) AppleWebKit/537.36 (KHTML, like Gecko) Chrome/89.0.4389.82 Safari/537.36" 
223.157.108.162 - - [18/Mar/2021:21:34:25 +0800] "OPTIONS /api/v1/play/sections/?section_id=24396 HTTP/1.1" 200 0 "https://www.luffycity.com/play/24396" "Mozilla/5.0 (Windows NT 10.0; WOW64) AppleWebKit/537.36 (KHTML, like Gecko) Chrome/53.0.2785.116 Safari/537.36 QBCore/4.0.1316.400 QQBrowser/9.0.2524.400 Mozilla/5.0 (Windows NT 6.1; WOW64) AppleWebKit/537.36 (KHTML, like Gecko) Chrome/53.0.2875.116 Safari/537.36 NetType/WIFI MicroMessenger/7.0.20.1781(0x6700143B) WindowsWechat" 
223.157.108.162 - - [18/Mar/2021:21:34:25 +0800] "OPTIONS /api/v1/play/24396/?play_id=24396 HTTP/1.1" 200 0 "https://www.luffycity.com/play/24396" "Mozilla/5.0 (Windows NT 10.0; WOW64) AppleWebKit/537.36 (KHTML, like Gecko) Chrome/53.0.2785.116 Safari/537.36 QBCore/4.0.1316.400 QQBrowser/9.0.2524.400 Mozilla/5.0 (Windows NT 6.1; WOW64) AppleWebKit/537.36 (KHTML, like Gecko) Chrome/53.0.2875.116 Safari/537.36 NetType/WIFI MicroMessenger/7.0.20.1781(0x6700143B) WindowsWechat" 
223.157.108.162 - - [18/Mar/2021:21:34:25 +0800] "GET /api/v1/survey/section/24396/?sectionId=24396 HTTP/1.1" 200 10 "https://www.luffycity.com/play/24396" "Mozilla/5.0 (Windows NT 10.0; WOW64) AppleWebKit/537.36 (KHTML, like Gecko) Chrome/53.0.2785.116 Safari/537.36 QBCore/4.0.1316.400 QQBrowser/9.0.2524.400 Mozilla/5.0 (Windows NT 6.1; WOW64) AppleWebKit/537.36 (KHTML, like Gecko) Chrome/53.0.2875.116 Safari/537.36 NetType/WIFI MicroMessenger/7.0.20.1781(0x6700143B) WindowsWechat" 
223.157.108.162 - - [18/Mar/2021:21:34:25 +0800] "GET /api/v1/play/24396/?play_id=24396 HTTP/1.1" 200 449 "https://www.luffycity.com/play/24396" "Mozilla/5.0 (Windows NT 10.0; WOW64) AppleWebKit/537.36 (KHTML, like Gecko) Chrome/53.0.2785.116 Safari/537.36 QBCore/4.0.1316.400 QQBrowser/9.0.2524.400 Mozilla/5.0 (Windows NT 6.1; WOW64) AppleWebKit/537.36 (KHTML, like Gecko) Chrome/53.0.2875.116 Safari/537.36 NetType/WIFI MicroMessenger/7.0.20.1781(0x6700143B) WindowsWechat" 
175.167.217.221 - - [18/Mar/2021:21:34:29 +0800] "GET /api/v1/auth/wechat/ HTTP/1.1" 200 232 "https://www.luffycity.com/" "Mozilla/5.0 (Windows NT 6.1; WOW64) AppleWebKit/537.36 (KHTML, like Gecko) Chrome/89.0.4389.82 Safari/537.36" 
182.139.73.151 - - [18/Mar/2021:21:34:32 +0800] "GET /api/v1/study/degrees/0/mentor/?degree_id=0 HTTP/1.1" 200 137 "https://www.luffycity.com/study/degree" "Mozilla/5.0 (Windows NT 10.0; WOW64) AppleWebKit/537.36 (KHTML, like Gecko) Chrome/78.0.3904.108 Safari/537.36" 
182.139.73.151 - - [18/Mar/2021:21:34:32 +0800] "GET /api/v1/study/degrees/1/mentor/?degree_id=1 HTTP/1.1" 200 227 "https://www.luffycity.com/study/degree" "Mozilla/5.0 (Windows NT 10.0; WOW64) AppleWebKit/537.36 (KHTML, like Gecko) Chrome/78.0.3904.108 Safari/537.36" 
182.139.73.151 - - [18/Mar/2021:21:34:33 +0800] "GET /api/v1/study/degrees/1/?degree_id=1 HTTP/1.1" 200 2049 "https://www.luffycity.com/study/degree" "Mozilla/5.0 (Windows NT 10.0; WOW64) AppleWebKit/537.36 (KHTML, like Gecko) Chrome/78.0.3904.108 Safari/537.36" 
175.167.217.221 - - [18/Mar/2021:21:34:34 +0800] "POST /api/v1/auth/password/login/?loginWay=password HTTP/1.1" 200 100 "https://www.luffycity.com/" "Mozilla/5.0 (Windows NT 6.1; WOW64) AppleWebKit/537.36 (KHTML, like Gecko) Chrome/89.0.4389.82 Safari/537.36" 
175.167.217.221 - - [18/Mar/2021:21:34:36 +0800] "GET /api/v1/auth/captcha/ HTTP/1.1" 200 137 "https://www.luffycity.com/" "Mozilla/5.0 (Windows NT 6.1; WOW64) AppleWebKit/537.36 (KHTML, like Gecko) Chrome/89.0.4389.82 Safari/537.36" 
116.23.16.187 - - [18/Mar/2021:21:34:36 +0800] "GET /api/v1/course/category/actual/?courseType=actual HTTP/1.1" 200 252 "https://www.luffycity.com/actual-course?category_id=9" "Mozilla/5.0 (Windows NT 6.1; Win64; x64) AppleWebKit/537.36 (KHTML, like Gecko) Chrome/72.0.3614.0 Safari/537.36" 
116.23.16.187 - - [18/Mar/2021:21:34:36 +0800] "GET /api/v1/course/actual/?category_id=10 HTTP/1.1" 200 4865 "https://www.luffycity.com/actual-course?category_id=9" "Mozilla/5.0 (Windows NT 6.1; Win64; x64) AppleWebKit/537.36 (KHTML, like Gecko) Chrome/72.0.3614.0 Safari/537.36" 
182.139.73.151 - - [18/Mar/2021:21:34:36 +0800] "GET /api/v1/study/module/degree/74702/?courseType=degree&id=74702 HTTP/1.1" 200 7445 "https://www.luffycity.com/study/chapter/74702" "Mozilla/5.0 (Windows NT 10.0; WOW64) AppleWebKit/537.36 (KHTML, like Gecko) Chrome/78.0.3904.108 Safari/537.36" 
219.145.73.240 - - [18/Mar/2021:21:34:37 +0800] "GET /api/v1/index/banner/ HTTP/1.1" 200 20 "https://m.luffycity.com/" "Mozilla/5.0 (Linux; U; Android 10; zh-CN; AQM-AL10 Build/HONORAQM-AL10) AppleWebKit/537.36 (KHTML, like Gecko) Version/4.0 Chrome/78.0.3904.108 UCBrowser/13.3.1.1111 Mobile Safari/537.36" 
116.23.16.187 - - [18/Mar/2021:21:34:39 +0800] "GET /api/v1/course/actual/?category_id=2 HTTP/1.1" 200 5609 "https://www.luffycity.com/actual-course?category_id=10" "Mozilla/5.0 (Windows NT 6.1; Win64; x64) AppleWebKit/537.36 (KHTML, like Gecko) Chrome/72.0.3614.0 Safari/537.36" 
175.167.217.221 - - [18/Mar/2021:21:34:39 +0800] "GET /api/v1/check/mobile/?field=mobile&mobile=15542816826 HTTP/1.1" 200 33 "https://www.luffycity.com/" "Mozilla/5.0 (Windows NT 6.1; WOW64) AppleWebKit/537.36 (KHTML, like Gecko) Chrome/89.0.4389.82 Safari/537.36" 
116.23.16.187 - - [18/Mar/2021:21:34:41 +0800] "GET /api/v1/course/actual/?category_id=1 HTTP/1.1" 200 6892 "https://www.luffycity.com/actual-course?category_id=2" "Mozilla/5.0 (Windows NT 6.1; Win64; x64) AppleWebKit/537.36 (KHTML, like Gecko) Chrome/72.0.3614.0 Safari/537.36" 
182.139.73.151 - - [18/Mar/2021:21:34:41 +0800] "GET /api/v1/survey/section/19958/?sectionId=19958 HTTP/1.1" 200 10 "https://www.luffycity.com/play/19958" "Mozilla/5.0 (Windows NT 10.0; WOW64) AppleWebKit/537.36 (KHTML, like Gecko) Chrome/78.0.3904.108 Safari/537.36" 
223.157.108.162, 39.97.49.232 - - [18/Mar/2021:21:34:41 +0800] "GET /api/v1/auth/token/ HTTP/1.1" 200 398 "-" "Mozilla/5.0 (Windows NT 10.0; WOW64) AppleWebKit/537.36 (KHTML, like Gecko) Chrome/53.0.2785.116 Safari/537.36 QBCore/4.0.1316.400 QQBrowser/9.0.2524.400 Mozilla/5.0 (Windows NT 6.1; WOW64) AppleWebKit/537.36 (KHTML, like Gecko) Chrome/53.0.2875.116 Safari/537.36 NetType/WIFI MicroMessenger/7.0.20.1781(0x6700143B) WindowsWechat" 
182.139.73.151 - - [18/Mar/2021:21:34:41 +0800] "GET /api/v1/comment/?section_id=19958&limit=10&offset=0 HTTP/1.1" 200 1207 "https://www.luffycity.com/play/19958" "Mozilla/5.0 (Windows NT 10.0; WOW64) AppleWebKit/537.36 (KHTML, like Gecko) Chrome/78.0.3904.108 Safari/537.36" 
223.157.108.162, 39.97.49.232 - - [18/Mar/2021:21:34:41 +0800] "GET /api/v1/result/ HTTP/1.1" 200 232 "-" "Mozilla/5.0 (Windows NT 10.0; WOW64) AppleWebKit/537.36 (KHTML, like Gecko) Chrome/53.0.2785.116 Safari/537.36 QBCore/4.0.1316.400 QQBrowser/9.0.2524.400 Mozilla/5.0 (Windows NT 6.1; WOW64) AppleWebKit/537.36 (KHTML, like Gecko) Chrome/53.0.2875.116 Safari/537.36 NetType/WIFI MicroMessenger/7.0.20.1781(0x6700143B) WindowsWechat" 
219.145.73.240 - - [18/Mar/2021:21:34:42 +0800] "GET /api/v1/auth/token/ HTTP/1.1" 200 407 "https://m.luffycity.com/account/center/home" "Mozilla/5.0 (Linux; U; Android 10; zh-CN; AQM-AL10 Build/HONORAQM-AL10) AppleWebKit/537.36 (KHTML, like Gecko) Version/4.0 Chrome/78.0.3904.108 UCBrowser/13.3.1.1111 Mobile Safari/537.36" 
223.157.108.162 - - [18/Mar/2021:21:34:43 +0800] "GET /api/v1/play/sections/?section_id=24396 HTTP/1.1" 200 5585 "https://www.luffycity.com/play/24396" "Mozilla/5.0 (Windows NT 10.0; WOW64) AppleWebKit/537.36 (KHTML, like Gecko) Chrome/53.0.2785.116 Safari/537.36 QBCore/4.0.1316.400 QQBrowser/9.0.2524.400 Mozilla/5.0 (Windows NT 6.1; WOW64) AppleWebKit/537.36 (KHTML, like Gecko) Chrome/53.0.2875.116 Safari/537.36 NetType/WIFI MicroMessenger/7.0.20.1781(0x6700143B) WindowsWechat" 
223.157.108.162 - - [18/Mar/2021:21:34:43 +0800] "GET /api/v1/play/24396/?play_id=24396 HTTP/1.1" 200 449 "https://www.luffycity.com/play/24396" "Mozilla/5.0 (Windows NT 10.0; WOW64) AppleWebKit/537.36 (KHTML, like Gecko) Chrome/53.0.2785.116 Safari/537.36 QBCore/4.0.1316.400 QQBrowser/9.0.2524.400 Mozilla/5.0 (Windows NT 6.1; WOW64) AppleWebKit/537.36 (KHTML, like Gecko) Chrome/53.0.2875.116 Safari/537.36 NetType/WIFI MicroMessenger/7.0.20.1781(0x6700143B) WindowsWechat" 
219.145.73.240 - - [18/Mar/2021:21:34:44 +0800] "GET /api/v1/auth/token/ HTTP/1.1" 200 29 "https://m.luffycity.com/account/center/info" "Mozilla/5.0 (Linux; U; Android 10; zh-CN; AQM-AL10 Build/HONORAQM-AL10) AppleWebKit/537.36 (KHTML, like Gecko) Version/4.0 Chrome/78.0.3904.108 UCBrowser/13.3.1.1111 Mobile Safari/537.36" 
175.167.217.221 - - [18/Mar/2021:21:34:45 +0800] "POST /api/v1/sms/send/ HTTP/1.1" 200 31 "https://www.luffycity.com/" "Mozilla/5.0 (Windows NT 6.1; WOW64) AppleWebKit/537.36 (KHTML, like Gecko) Chrome/89.0.4389.82 Safari/537.36" 
182.139.73.151 - - [18/Mar/2021:21:34:49 +0800] "GET /api/v1/survey/section/19957/?sectionId=19957 HTTP/1.1" 200 10 "https://www.luffycity.com/play/19957" "Mozilla/5.0 (Windows NT 10.0; WOW64) AppleWebKit/537.36 (KHTML, like Gecko) Chrome/78.0.3904.108 Safari/537.36" 
182.139.73.151 - - [18/Mar/2021:21:34:49 +0800] "GET /api/v1/comment/?section_id=19957&limit=10&offset=0 HTTP/1.1" 200 1207 "https://www.luffycity.com/play/19957" "Mozilla/5.0 (Windows NT 10.0; WOW64) AppleWebKit/537.36 (KHTML, like Gecko) Chrome/78.0.3904.108 Safari/537.36" 
182.139.73.151 - - [18/Mar/2021:21:34:53 +0800] "GET /api/v1/survey/section/19958/?sectionId=19958 HTTP/1.1" 200 10 "https://www.luffycity.com/play/19958" "Mozilla/5.0 (Windows NT 10.0; WOW64) AppleWebKit/537.36 (KHTML, like Gecko) Chrome/78.0.3904.108 Safari/537.36" 
182.139.73.151 - - [18/Mar/2021:21:34:53 +0800] "GET /api/v1/comment/?section_id=19958&limit=10&offset=0 HTTP/1.1" 200 1207 "https://www.luffycity.com/play/19958" "Mozilla/5.0 (Windows NT 10.0; WOW64) AppleWebKit/537.36 (KHTML, like Gecko) Chrome/78.0.3904.108 Safari/537.36" 
223.157.108.162, 39.97.49.232 - - [18/Mar/2021:21:34:54 +0800] "GET /api/v1/auth/token/ HTTP/1.1" 200 398 "-" "Mozilla/5.0 (Windows NT 10.0; WOW64) AppleWebKit/537.36 (KHTML, like Gecko) Chrome/53.0.2785.116 Safari/537.36 QBCore/4.0.1316.400 QQBrowser/9.0.2524.400 Mozilla/5.0 (Windows NT 6.1; WOW64) AppleWebKit/537.36 (KHTML, like Gecko) Chrome/53.0.2875.116 Safari/537.36 NetType/WIFI MicroMessenger/7.0.20.1781(0x6700143B) WindowsWechat" 
223.157.108.162, 39.97.49.232 - - [18/Mar/2021:21:34:54 +0800] "GET /api/v1/result/ HTTP/1.1" 200 232 "-" "Mozilla/5.0 (Windows NT 10.0; WOW64) AppleWebKit/537.36 (KHTML, like Gecko) Chrome/53.0.2785.116 Safari/537.36 QBCore/4.0.1316.400 QQBrowser/9.0.2524.400 Mozilla/5.0 (Windows NT 6.1; WOW64) AppleWebKit/537.36 (KHTML, like Gecko) Chrome/53.0.2875.116 Safari/537.36 NetType/WIFI MicroMessenger/7.0.20.1781(0x6700143B) WindowsWechat" 
183.252.215.232 - - [18/Mar/2021:21:34:55 +0800] "GET /api/v1/survey/section/30831/?sectionId=30831 HTTP/1.1" 200 10 "https://www.luffycity.com/play/30831" "Mozilla/5.0 (Windows NT 10.0; Win64; x64; rv:86.0) Gecko/20100101 Firefox/86.0" 
183.252.215.232 - - [18/Mar/2021:21:34:55 +0800] "GET /api/v1/comment/?section_id=30831&limit=10&offset=0 HTTP/1.1" 200 1643 "https://www.luffycity.com/play/30831" "Mozilla/5.0 (Windows NT 10.0; Win64; x64; rv:86.0) Gecko/20100101 Firefox/86.0" 
223.157.108.162 - - [18/Mar/2021:21:34:56 +0800] "GET /api/v1/survey/section/24396/?sectionId=24396 HTTP/1.1" 200 10 "https://www.luffycity.com/play/24396" "Mozilla/5.0 (Windows NT 10.0; WOW64) AppleWebKit/537.36 (KHTML, like Gecko) Chrome/53.0.2785.116 Safari/537.36 QBCore/4.0.1316.400 QQBrowser/9.0.2524.400 Mozilla/5.0 (Windows NT 6.1; WOW64) AppleWebKit/537.36 (KHTML, like Gecko) Chrome/53.0.2875.116 Safari/537.36 NetType/WIFI MicroMessenger/7.0.20.1781(0x6700143B) WindowsWechat" 
223.157.108.162 - - [18/Mar/2021:21:34:56 +0800] "GET /api/v1/comment/?section_id=24396&limit=10&offset=0 HTTP/1.1" 200 1234 "https://www.luffycity.com/play/24396" "Mozilla/5.0 (Windows NT 10.0; WOW64) AppleWebKit/537.36 (KHTML, like Gecko) Chrome/53.0.2785.116 Safari/537.36 QBCore/4.0.1316.400 QQBrowser/9.0.2524.400 Mozilla/5.0 (Windows NT 6.1; WOW64) AppleWebKit/537.36 (KHTML, like Gecko) Chrome/53.0.2875.116 Safari/537.36 NetType/WIFI MicroMessenger/7.0.20.1781(0x6700143B) WindowsWechat" 
175.167.217.221 - - [18/Mar/2021:21:34:57 +0800] "POST /api/v1/auth/mobile/login/?loginWay=mobile HTTP/1.1" 200 274 "https://www.luffycity.com/" "Mozilla/5.0 (Windows NT 6.1; WOW64) AppleWebKit/537.36 (KHTML, like Gecko) Chrome/89.0.4389.82 Safari/537.36" 
175.167.217.221 - - [18/Mar/2021:21:34:57 +0800] "GET /api/v1/auth/token/ HTTP/1.1" 200 400 "https://www.luffycity.com/" "Mozilla/5.0 (Windows NT 6.1; WOW64) AppleWebKit/537.36 (KHTML, like Gecko) Chrome/89.0.4389.82 Safari/537.36" 
222.211.173.92, 39.97.49.232 - - [18/Mar/2021:21:34:58 +0800] "GET /api/v1/auth/token/ HTTP/1.1" 200 401 "https://www.luffycity.com/" "Mozilla/5.0 (Windows NT 6.1; WOW64) AppleWebKit/537.36 (KHTML, like Gecko) Chrome/87.0.4280.88 Safari/537.36" 
222.211.173.92 - - [18/Mar/2021:21:34:59 +0800] "GET /api/v1/survey/section/19461/?sectionId=19461 HTTP/1.1" 200 10 "https://www.luffycity.com/" "Mozilla/5.0 (Windows NT 6.1; WOW64) AppleWebKit/537.36 (KHTML, like Gecko) Chrome/87.0.4280.88 Safari/537.36" 
222.211.173.92 - - [18/Mar/2021:21:34:59 +0800] "GET /api/v1/comment/?section_id=19461&limit=10&offset=0 HTTP/1.1" 200 1241 "https://www.luffycity.com/" "Mozilla/5.0 (Windows NT 6.1; WOW64) AppleWebKit/537.36 (KHTML, like Gecko) Chrome/87.0.4280.88 Safari/537.36" 
120.196.127.6 - - [18/Mar/2021:21:34:59 +0800] "OPTIONS /api/v1/play/3485/?play_id=3485 HTTP/1.1" 200 0 "https://www.luffycity.com/play/3485" "Mozilla/5.0 (Windows NT 10.0; WOW64) AppleWebKit/537.36 (KHTML, like Gecko) Chrome/78.0.3904.108 Safari/537.36" 
120.196.127.6 - - [18/Mar/2021:21:34:59 +0800] "OPTIONS /api/v1/comment/?section_id=3485&limit=10&offset=0 HTTP/1.1" 200 0 "https://www.luffycity.com/play/3485" "Mozilla/5.0 (Windows NT 10.0; WOW64) AppleWebKit/537.36 (KHTML, like Gecko) Chrome/78.0.3904.108 Safari/537.36" 
120.196.127.6 - - [18/Mar/2021:21:34:59 +0800] "GET /api/v1/survey/section/3485/?sectionId=3485 HTTP/1.1" 200 10 "https://www.luffycity.com/play/3485" "Mozilla/5.0 (Windows NT 10.0; WOW64) AppleWebKit/537.36 (KHTML, like Gecko) Chrome/78.0.3904.108 Safari/537.36" 
120.196.127.6 - - [18/Mar/2021:21:34:59 +0800] "GET /api/v1/comment/?section_id=3485&limit=10&offset=0 HTTP/1.1" 200 1007 "https://www.luffycity.com/play/3485" "Mozilla/5.0 (Windows NT 10.0; WOW64) AppleWebKit/537.36 (KHTML, like Gecko) Chrome/78.0.3904.108 Safari/537.36" 
221.221.51.114 - - [18/Mar/2021:21:35:00 +0800] "OPTIONS /api/v1/play/sections/?section_id=30884 HTTP/1.1" 200 0 "-" "Mozilla/5.0 (Windows NT 10.0; WOW64) AppleWebKit/537.36 (KHTML, like Gecko) Chrome/69.0.3947.100 Safari/537.36" 
221.221.51.114 - - [18/Mar/2021:21:35:00 +0800] "OPTIONS /api/v1/play/30884/?play_id=30884 HTTP/1.1" 200 0 "-" "Mozilla/5.0 (Windows NT 10.0; WOW64) AppleWebKit/537.36 (KHTML, like Gecko) Chrome/69.0.3947.100 Safari/537.36" 
221.221.51.114 - - [18/Mar/2021:21:35:00 +0800] "GET /api/v1/play/sections/?section_id=30884 HTTP/1.1" 200 3319 "https://www.luffycity.com/play/30884" "Mozilla/5.0 (Windows NT 10.0; WOW64) AppleWebKit/537.36 (KHTML, like Gecko) Chrome/69.0.3947.100 Safari/537.36" 
182.139.73.151, 39.97.49.232 - - [18/Mar/2021:21:35:00 +0800] "GET /api/v1/auth/token/ HTTP/1.1" 200 377 "-" "Mozilla/5.0 (Windows NT 10.0; WOW64) AppleWebKit/537.36 (KHTML, like Gecko) Chrome/78.0.3904.108 Safari/537.36" 
221.221.51.114 - - [18/Mar/2021:21:35:00 +0800] "GET /api/v1/play/30884/?play_id=30884 HTTP/1.1" 200 414 "https://www.luffycity.com/play/30884" "Mozilla/5.0 (Windows NT 10.0; WOW64) AppleWebKit/537.36 (KHTML, like Gecko) Chrome/69.0.3947.100 Safari/537.36" 
223.104.66.95 - - [18/Mar/2021:21:35:00 +0800] "GET /api/v1/play/31006/?play_id=31006 HTTP/1.1" 200 433 "https://m.luffycity.com/play/31005" "Mozilla/5.0 (iPhone; CPU iPhone OS 14_4 like Mac OS X) AppleWebKit/605.1.15 (KHTML, like Gecko) Version/14.0.3 Mobile/15E148 Safari/604.1" 
101.44.198.19 - - [18/Mar/2021:21:35:01 +0800] "OPTIONS /api/v1/comment/?section_id=31007&limit=10&offset=0 HTTP/1.1" 200 0 "https://www.luffycity.com/" "Mozilla/5.0 (Windows NT 10.0; Win64; x64) AppleWebKit/537.36 (KHTML, like Gecko) Chrome/89.0.4389.90 Safari/537.36 Edg/89.0.774.54" 
101.44.198.19 - - [18/Mar/2021:21:35:01 +0800] "OPTIONS /api/v1/play/sections/?section_id=31007 HTTP/1.1" 200 0 "https://www.luffycity.com/" "Mozilla/5.0 (Windows NT 10.0; Win64; x64) AppleWebKit/537.36 (KHTML, like Gecko) Chrome/89.0.4389.90 Safari/537.36 Edg/89.0.774.54" 
101.44.198.19 - - [18/Mar/2021:21:35:01 +0800] "GET /api/v1/comment/?section_id=31007&limit=10&offset=0 HTTP/1.1" 200 1798 "https://www.luffycity.com/" "Mozilla/5.0 (Windows NT 10.0; Win64; x64) AppleWebKit/537.36 (KHTML, like Gecko) Chrome/89.0.4389.90 Safari/537.36 Edg/89.0.774.54" 
101.44.198.19 - - [18/Mar/2021:21:35:01 +0800] "GET /api/v1/play/31007/?play_id=31007 HTTP/1.1" 200 417 "https://www.luffycity.com/" "Mozilla/5.0 (Windows NT 10.0; Win64; x64) AppleWebKit/537.36 (KHTML, like Gecko) Chrome/89.0.4389.90 Safari/537.36 Edg/89.0.774.54" 
182.139.73.151 - - [18/Mar/2021:21:35:01 +0800] "GET /api/v1/play/sections/?section_id=19958 HTTP/1.1" 200 7446 "https://www.luffycity.com/play/19958" "Mozilla/5.0 (Windows NT 10.0; WOW64) AppleWebKit/537.36 (KHTML, like Gecko) Chrome/78.0.3904.108 Safari/537.36" 
182.139.73.151 - - [18/Mar/2021:21:35:01 +0800] "GET /api/v1/play/19958/?play_id=19958 HTTP/1.1" 200 2012 "https://www.luffycity.com/play/19958" "Mozilla/5.0 (Windows NT 10.0; WOW64) AppleWebKit/537.36 (KHTML, like Gecko) Chrome/78.0.3904.108 Safari/537.36" 
120.236.177.7 - - [18/Mar/2021:21:35:02 +0800] "OPTIONS /api/v1/play/29353/?play_id=29353 HTTP/1.1" 200 0 "https://www.luffycity.com/play/29353" "Mozilla/5.0 (Windows NT 10.0; WOW64) AppleWebKit/537.36 (KHTML, like Gecko) Chrome/86.0.4240.198 Safari/537.36" 
120.236.177.7 - - [18/Mar/2021:21:35:02 +0800] "OPTIONS /api/v1/comment/?section_id=29353&limit=10&offset=0 HTTP/1.1" 200 0 "https://www.luffycity.com/play/29353" "Mozilla/5.0 (Windows NT 10.0; WOW64) AppleWebKit/537.36 (KHTML, like Gecko) Chrome/86.0.4240.198 Safari/537.36" 
120.236.177.7 - - [18/Mar/2021:21:35:02 +0800] "GET /api/v1/survey/section/29353/?sectionId=29353 HTTP/1.1" 200 10 "https://www.luffycity.com/play/29353" "Mozilla/5.0 (Windows NT 10.0; WOW64) AppleWebKit/537.36 (KHTML, like Gecko) Chrome/86.0.4240.198 Safari/537.36" 
120.236.177.7 - - [18/Mar/2021:21:35:02 +0800] "GET /api/v1/comment/?section_id=29353&limit=10&offset=0 HTTP/1.1" 200 69 "https://www.luffycity.com/play/29353" "Mozilla/5.0 (Windows NT 10.0; WOW64) AppleWebKit/537.36 (KHTML, like Gecko) Chrome/86.0.4240.198 Safari/537.36" 
116.23.16.187, 39.97.49.232 - - [18/Mar/2021:21:35:03 +0800] "GET /api/v1/result/ HTTP/1.1" 200 232 "https://www.luffycity.com/actual-course?category_id=1" "Mozilla/5.0 (Windows NT 6.1; Win64; x64) AppleWebKit/537.36 (KHTML, like Gecko) Chrome/72.0.3614.0 Safari/537.36" 
116.23.16.187 - - [18/Mar/2021:21:35:03 +0800] "OPTIONS /api/v1/course/actual/252/payment/?courseType=actual&id=252 HTTP/1.1" 200 0 "https://www.luffycity.com/actual-course/252" "Mozilla/5.0 (Windows NT 6.1; Win64; x64) AppleWebKit/537.36 (KHTML, like Gecko) Chrome/72.0.3614.0 Safari/537.36" 
116.23.16.187 - - [18/Mar/2021:21:35:03 +0800] "GET /api/v1/course/actual/252/payment/?courseType=actual&id=252 HTTP/1.1" 200 312 "https://www.luffycity.com/actual-course/252" "Mozilla/5.0 (Windows NT 6.1; Win64; x64) AppleWebKit/537.36 (KHTML, like Gecko) Chrome/72.0.3614.0 Safari/537.36" 
175.167.217.221 - - [18/Mar/2021:21:35:05 +0800] "GET /api/v1/account/coupon/ HTTP/1.1" 200 140 "https://www.luffycity.com/" "Mozilla/5.0 (Windows NT 6.1; WOW64) AppleWebKit/537.36 (KHTML, like Gecko) Chrome/89.0.4389.82 Safari/537.36" 
120.244.224.203 - - [18/Mar/2021:21:35:10 +0800] "OPTIONS /api/v1/comment/?section_id=30806&limit=10&offset=0 HTTP/1.1" 200 0 "https://www.luffycity.com/" "Mozilla/5.0 (Macintosh; Intel Mac OS X 10_15_6) AppleWebKit/605.1.15 (KHTML, like Gecko) Version/14.0.3 Safari/605.1.15" 
120.244.224.203 - - [18/Mar/2021:21:35:10 +0800] "OPTIONS /api/v1/survey/section/30806/?sectionId=30806 HTTP/1.1" 200 0 "https://www.luffycity.com/" "Mozilla/5.0 (Macintosh; Intel Mac OS X 10_15_6) AppleWebKit/605.1.15 (KHTML, like Gecko) Version/14.0.3 Safari/605.1.15" 
120.244.224.203 - - [18/Mar/2021:21:35:10 +0800] "GET /api/v1/survey/section/30806/?sectionId=30806 HTTP/1.1" 200 10 "https://www.luffycity.com/play/30806" "Mozilla/5.0 (Macintosh; Intel Mac OS X 10_15_6) AppleWebKit/605.1.15 (KHTML, like Gecko) Version/14.0.3 Safari/605.1.15" 
120.244.224.203 - - [18/Mar/2021:21:35:10 +0800] "GET /api/v1/play/30806/?play_id=30806 HTTP/1.1" 200 447 "https://www.luffycity.com/play/30806" "Mozilla/5.0 (Macintosh; Intel Mac OS X 10_15_6) AppleWebKit/605.1.15 (KHTML, like Gecko) Version/14.0.3 Safari/605.1.15" 
219.145.73.240 - - [18/Mar/2021:21:35:17 +0800] "POST /api/v1/auth/password/login/?loginWay=password HTTP/1.1" 200 274 "https://m.luffycity.com/signin" "Mozilla/5.0 (Linux; U; Android 10; zh-CN; AQM-AL10 Build/HONORAQM-AL10) AppleWebKit/537.36 (KHTML, like Gecko) Version/4.0 Chrome/78.0.3904.108 UCBrowser/13.3.1.1111 Mobile Safari/537.36" 
111.22.248.67, 39.97.49.232 - - [18/Mar/2021:21:35:20 +0800] "GET /api/v1/auth/token/ HTTP/1.1" 200 29 "https://cn.bing.com/" "Mozilla/5.0 (Windows NT 10.0; Win64; x64) AppleWebKit/537.36 (KHTML, like Gecko) Chrome/89.0.4389.90 Safari/537.36 Edg/89.0.774.54" 
111.22.248.67, 39.97.49.232 - - [18/Mar/2021:21:35:20 +0800] "GET /api/v1/result/ HTTP/1.1" 200 232 "https://cn.bing.com/" "Mozilla/5.0 (Windows NT 10.0; Win64; x64) AppleWebKit/537.36 (KHTML, like Gecko) Chrome/89.0.4389.90 Safari/537.36 Edg/89.0.774.54" 
111.22.248.67, 39.97.49.232 - - [18/Mar/2021:21:35:20 +0800] "GET /api/v1/index/banner/ HTTP/1.1" 200 382 "https://cn.bing.com/" "Mozilla/5.0 (Windows NT 10.0; Win64; x64) AppleWebKit/537.36 (KHTML, like Gecko) Chrome/89.0.4389.90 Safari/537.36 Edg/89.0.774.54" 
111.22.248.67, 39.97.49.232 - - [18/Mar/2021:21:35:20 +0800] "GET /api/v1/course/home-free/?limit=3 HTTP/1.1" 200 865 "https://cn.bing.com/" "Mozilla/5.0 (Windows NT 10.0; Win64; x64) AppleWebKit/537.36 (KHTML, like Gecko) Chrome/89.0.4389.90 Safari/537.36 Edg/89.0.774.54" 
111.22.248.67 - - [18/Mar/2021:21:35:21 +0800] "OPTIONS /api/v1/result/enroll/?resultType=enroll&limit=2 HTTP/1.1" 200 0 "https://www.luffycity.com/" "Mozilla/5.0 (Windows NT 10.0; Win64; x64) AppleWebKit/537.36 (KHTML, like Gecko) Chrome/89.0.4389.90 Safari/537.36 Edg/89.0.774.54" 
219.145.73.240 - - [18/Mar/2021:21:35:33 +0800] "GET /api/v1/auth/token/ HTTP/1.1" 200 407 "https://m.luffycity.com/" "Mozilla/5.0 (Linux; U; Android 10; zh-CN; AQM-AL10 Build/HONORAQM-AL10) AppleWebKit/537.36 (KHTML, like Gecko) Version/4.0 Chrome/78.0.3904.108 UCBrowser/13.3.1.1111 Mobile Safari/537.36" 
219.145.73.240 - - [18/Mar/2021:21:35:34 +0800] "GET /api/v1/account/coupon/ HTTP/1.1" 200 140 "https://m.luffycity.com/account/coupon" "Mozilla/5.0 (Linux; U; Android 10; zh-CN; AQM-AL10 Build/HONORAQM-AL10) AppleWebKit/537.36 (KHTML, like Gecko) Version/4.0 Chrome/78.0.3904.108 UCBrowser/13.3.1.1111 Mobile Safari/537.36" 
112.86.218.14 - - [18/Mar/2021:21:35:35 +0800] "OPTIONS /api/v1/comment/?section_id=15193&limit=10&offset=0 HTTP/1.1" 200 0 "https://www.luffycity.com/" "Mozilla/5.0 (Windows NT 10.0; Win64; x64) AppleWebKit/537.36 (KHTML, like Gecko) Chrome/89.0.4389.90 Safari/537.36" 
112.86.218.14 - - [18/Mar/2021:21:35:35 +0800] "OPTIONS /api/v1/survey/section/15193/?sectionId=15193 HTTP/1.1" 200 0 "https://www.luffycity.com/" "Mozilla/5.0 (Windows NT 10.0; Win64; x64) AppleWebKit/537.36 (KHTML, like Gecko) Chrome/89.0.4389.90 Safari/537.36" 
112.86.218.14 - - [18/Mar/2021:21:35:35 +0800] "GET /api/v1/survey/section/15193/?sectionId=15193 HTTP/1.1" 200 10 "https://www.luffycity.com/" "Mozilla/5.0 (Windows NT 10.0; Win64; x64) AppleWebKit/537.36 (KHTML, like Gecko) Chrome/89.0.4389.90 Safari/537.36" 
112.86.218.14 - - [18/Mar/2021:21:35:35 +0800] "GET /api/v1/play/sections/?section_id=15193 HTTP/1.1" 200 989 "https://www.luffycity.com/" "Mozilla/5.0 (Windows NT 10.0; Win64; x64) AppleWebKit/537.36 (KHTML, like Gecko) Chrome/89.0.4389.90 Safari/537.36" 
54.36.149.61, 39.97.49.232 - - [18/Mar/2021:21:35:35 +0800] "GET /api/v1/result/ HTTP/1.1" 200 232 "-" "Mozilla/5.0 (compatible; AhrefsBot/7.0; +http://ahrefs.com/robot/)" 
120.244.224.203 - - [18/Mar/2021:21:35:36 +0800] "OPTIONS /api/v1/comment/?section_id=30813&limit=10&offset=0 HTTP/1.1" 200 0 "https://www.luffycity.com/" "Mozilla/5.0 (Macintosh; Intel Mac OS X 10_15_6) AppleWebKit/605.1.15 (KHTML, like Gecko) Version/14.0.3 Safari/605.1.15" 
120.244.224.203 - - [18/Mar/2021:21:35:36 +0800] "OPTIONS /api/v1/survey/section/30813/?sectionId=30813 HTTP/1.1" 200 0 "https://www.luffycity.com/" "Mozilla/5.0 (Macintosh; Intel Mac OS X 10_15_6) AppleWebKit/605.1.15 (KHTML, like Gecko) Version/14.0.3 Safari/605.1.15" 
113.141.113.111, 39.97.49.232 - - [18/Mar/2021:21:35:36 +0800] "GET /api/v1/auth/token/ HTTP/1.1" 200 390 "https://www.baidu.com/link?url=veLUEunk6pRmj4NVLy6x6P5ZKDfPdZDQUY2kRumirv0OyxyAVoMG_-d2Ub28syP2&wd=&eqid=8741a47200001f880000000660535722" "Mozilla/5.0 (Windows NT 10.0; Win64; x64) AppleWebKit/537.36 (KHTML, like Gecko) Chrome/89.0.4389.90 Safari/537.36" 
120.244.224.203 - - [18/Mar/2021:21:35:36 +0800] "GET /api/v1/comment/?section_id=30813&limit=10&offset=0 HTTP/1.1" 200 1643 "https://www.luffycity.com/play/30813" "Mozilla/5.0 (Macintosh; Intel Mac OS X 10_15_6) AppleWebKit/605.1.15 (KHTML, like Gecko) Version/14.0.3 Safari/605.1.15" 
113.141.113.111, 39.97.49.232 - - [18/Mar/2021:21:35:36 +0800] "GET /api/v1/course/actual/?limit=3 HTTP/1.1" 200 2342 "https://www.baidu.com/link?url=veLUEunk6pRmj4NVLy6x6P5ZKDfPdZDQUY2kRumirv0OyxyAVoMG_-d2Ub28syP2&wd=&eqid=8741a47200001f880000000660535722" "Mozilla/5.0 (Windows NT 10.0; Win64; x64) AppleWebKit/537.36 (KHTML, like Gecko) Chrome/89.0.4389.90 Safari/537.36" 
113.141.113.111, 39.97.49.232 - - [18/Mar/2021:21:35:36 +0800] "GET /api/v1/course/degree/ HTTP/1.1" 200 949 "https://www.baidu.com/link?url=veLUEunk6pRmj4NVLy6x6P5ZKDfPdZDQUY2kRumirv0OyxyAVoMG_-d2Ub28syP2&wd=&eqid=8741a47200001f880000000660535722" "Mozilla/5.0 (Windows NT 10.0; Win64; x64) AppleWebKit/537.36 (KHTML, like Gecko) Chrome/89.0.4389.90 Safari/537.36" 
120.244.224.203 - - [18/Mar/2021:21:35:36 +0800] "GET /api/v1/play/30813/?play_id=30813 HTTP/1.1" 200 387 "https://www.luffycity.com/play/30813" "Mozilla/5.0 (Macintosh; Intel Mac OS X 10_15_6) AppleWebKit/605.1.15 (KHTML, like Gecko) Version/14.0.3 Safari/605.1.15" 
113.141.113.111, 39.97.49.232 - - [18/Mar/2021:21:35:36 +0800] "GET /api/v1/course/home-free/?limit=3 HTTP/1.1" 200 865 "https://www.baidu.com/link?url=veLUEunk6pRmj4NVLy6x6P5ZKDfPdZDQUY2kRumirv0OyxyAVoMG_-d2Ub28syP2&wd=&eqid=8741a47200001f880000000660535722" "Mozilla/5.0 (Windows NT 10.0; Win64; x64) AppleWebKit/537.36 (KHTML, like Gecko) Chrome/89.0.4389.90 Safari/537.36" 
113.141.113.111 - - [18/Mar/2021:21:35:37 +0800] "GET /api/v1/result/enroll/?resultType=enroll&limit=2 HTTP/1.1" 200 718 "https://www.luffycity.com/" "Mozilla/5.0 (Windows NT 10.0; Win64; x64) AppleWebKit/537.36 (KHTML, like Gecko) Chrome/89.0.4389.90 Safari/537.36" 
116.23.16.187 - - [18/Mar/2021:21:35:39 +0800] "GET /api/v1/activity/survey/?course_id=252 HTTP/1.1" 200 11 "https://www.luffycity.com/activity/python-8days-camp?source=c" "Mozilla/5.0 (Windows NT 6.1; Win64; x64) AppleWebKit/537.36 (KHTML, like Gecko) Chrome/72.0.3614.0 Safari/537.36" 
113.141.113.111 - - [18/Mar/2021:21:35:39 +0800] "GET /api/v1/study/data/ HTTP/1.1" 200 110 "https://www.luffycity.com/" "Mozilla/5.0 (Windows NT 10.0; Win64; x64) AppleWebKit/537.36 (KHTML, like Gecko) Chrome/89.0.4389.90 Safari/537.36" 
113.141.113.111 - - [18/Mar/2021:21:35:39 +0800] "GET /api/v1/study/degrees/1/mentor/?degree_id=1 HTTP/1.1" 200 188 "https://www.luffycity.com/" "Mozilla/5.0 (Windows NT 10.0; Win64; x64) AppleWebKit/537.36 (KHTML, like Gecko) Chrome/89.0.4389.90 Safari/537.36" 
113.141.113.111 - - [18/Mar/2021:21:35:40 +0800] "GET /api/v1/study/degrees/1/?degree_id=1 HTTP/1.1" 200 1951 "https://www.luffycity.com/" "Mozilla/5.0 (Windows NT 10.0; Win64; x64) AppleWebKit/537.36 (KHTML, like Gecko) Chrome/89.0.4389.90 Safari/537.36" 
112.86.218.14, 39.97.49.232 - - [18/Mar/2021:21:35:42 +0800] "GET /api/v1/auth/token/ HTTP/1.1" 200 400 "-" "Mozilla/5.0 (Windows NT 10.0; Win64; x64) AppleWebKit/537.36 (KHTML, like Gecko) Chrome/89.0.4389.90 Safari/537.36" 
112.86.218.14 - - [18/Mar/2021:21:35:43 +0800] "GET /api/v1/survey/section/15193/?sectionId=15193 HTTP/1.1" 200 10 "https://www.luffycity.com/" "Mozilla/5.0 (Windows NT 10.0; Win64; x64) AppleWebKit/537.36 (KHTML, like Gecko) Chrome/89.0.4389.90 Safari/537.36" 
112.86.218.14 - - [18/Mar/2021:21:35:43 +0800] "GET /api/v1/comment/?section_id=15193&limit=10&offset=0 HTTP/1.1" 200 1524 "https://www.luffycity.com/" "Mozilla/5.0 (Windows NT 10.0; Win64; x64) AppleWebKit/537.36 (KHTML, like Gecko) Chrome/89.0.4389.90 Safari/537.36" 
219.145.73.240 - - [18/Mar/2021:21:35:45 +0800] "GET /api/v1/auth/token/ HTTP/1.1" 200 407 "https://m.luffycity.com/account/coupon" "Mozilla/5.0 (Linux; U; Android 10; zh-CN; AQM-AL10 Build/HONORAQM-AL10) AppleWebKit/537.36 (KHTML, like Gecko) Version/4.0 Chrome/78.0.3904.108 UCBrowser/13.3.1.1111 Mobile Safari/537.36" 
111.22.248.67, 39.97.49.232 - - [18/Mar/2021:21:35:48 +0800] "GET /api/v1/auth/token/ HTTP/1.1" 200 29 "https://www.luffycity.com/" "Mozilla/5.0 (Windows NT 10.0; Win64; x64) AppleWebKit/537.36 (KHTML, like Gecko) Chrome/89.0.4389.90 Safari/537.36 Edg/89.0.774.54" 
219.145.73.240 - - [18/Mar/2021:21:35:49 +0800] "GET /api/v1/auth/token/ HTTP/1.1" 200 407 "https://m.luffycity.com/account/coupon" "Mozilla/5.0 (Linux; U; Android 10; zh-CN; AQM-AL10 Build/HONORAQM-AL10) AppleWebKit/537.36 (KHTML, like Gecko) Version/4.0 Chrome/78.0.3904.108 UCBrowser/13.3.1.1111 Mobile Safari/537.36" 
219.145.73.240 - - [18/Mar/2021:21:35:51 +0800] "GET /api/v1/index/banner/ HTTP/1.1" 200 20 "https://m.luffycity.com/" "Mozilla/5.0 (Linux; U; Android 10; zh-CN; AQM-AL10 Build/HONORAQM-AL10) AppleWebKit/537.36 (KHTML, like Gecko) Version/4.0 Chrome/78.0.3904.108 UCBrowser/13.3.1.1111 Mobile Safari/537.36" 
219.145.73.240 - - [18/Mar/2021:21:35:52 +0800] "GET /api/v1/course/degree/1/teacher/?id=1 HTTP/1.1" 200 4002 "https://m.luffycity.com/employment-course/1/detail" "Mozilla/5.0 (Linux; U; Android 10; zh-CN; AQM-AL10 Build/HONORAQM-AL10) AppleWebKit/537.36 (KHTML, like Gecko) Version/4.0 Chrome/78.0.3904.108 UCBrowser/13.3.1.1111 Mobile Safari/537.36" 
219.145.73.240 - - [18/Mar/2021:21:35:56 +0800] "GET /api/v1/auth/token/ HTTP/1.1" 200 407 "https://m.luffycity.com/" "Mozilla/5.0 (Linux; U; Android 10; zh-CN; AQM-AL10 Build/HONORAQM-AL10) AppleWebKit/537.36 (KHTML, like Gecko) Version/4.0 Chrome/78.0.3904.108 UCBrowser/13.3.1.1111 Mobile Safari/537.36" 
219.145.73.240 - - [18/Mar/2021:21:35:58 +0800] "GET /api/v1/course/degree/1/?courseType=degree&id=1 HTTP/1.1" 200 711 "https://m.luffycity.com/employment-course/1/detail" "Mozilla/5.0 (Linux; U; Android 10; zh-CN; AQM-AL10 Build/HONORAQM-AL10) AppleWebKit/537.36 (KHTML, like Gecko) Version/4.0 Chrome/78.0.3904.108 UCBrowser/13.3.1.1111 Mobile Safari/537.36" 
219.145.73.240 - - [18/Mar/2021:21:36:09 +0800] "GET /api/v1/auth/token/ HTTP/1.1" 200 407 "https://m.luffycity.com/" "Mozilla/5.0 (Linux; U; Android 10; zh-CN; AQM-AL10 Build/HONORAQM-AL10) AppleWebKit/537.36 (KHTML, like Gecko) Version/4.0 Chrome/78.0.3904.108 UCBrowser/13.3.1.1111 Mobile Safari/537.36" 
59.42.6.152 - - [18/Mar/2021:21:36:14 +0800] "GET /api/v1/auth/token/ HTTP/1.1" 200 29 "https://m.luffycity.com/activity/python-8days-camp?source=APELAND" "Mozilla/5.0 (Linux; U; Android 9; zh-cn; EML-AL00 Build/HUAWEIEML-AL00) AppleWebKit/537.36 (KHTML, like Gecko) Version/4.0 Chrome/57.0.2987.132 MQQBrowser/8.9 Mobile Safari/537.36" 
219.145.73.240 - - [18/Mar/2021:21:36:15 +0800] "GET /api/v1/study/data/ HTTP/1.1" 200 100 "https://m.luffycity.com/study/degree" "Mozilla/5.0 (Linux; U; Android 10; zh-CN; AQM-AL10 Build/HONORAQM-AL10) AppleWebKit/537.36 (KHTML, like Gecko) Version/4.0 Chrome/78.0.3904.108 UCBrowser/13.3.1.1111 Mobile Safari/537.36" 
219.145.73.240 - - [18/Mar/2021:21:36:16 +0800] "GET /api/v1/auth/token/ HTTP/1.1" 200 407 "https://m.luffycity.com/study/degree" "Mozilla/5.0 (Linux; U; Android 10; zh-CN; AQM-AL10 Build/HONORAQM-AL10) AppleWebKit/537.36 (KHTML, like Gecko) Version/4.0 Chrome/78.0.3904.108 UCBrowser/13.3.1.1111 Mobile Safari/537.36" 
219.145.73.240 - - [18/Mar/2021:21:36:16 +0800] "GET /api/v1/course/actual/?category_id=1 HTTP/1.1" 200 6892 "https://m.luffycity.com/actual-course" "Mozilla/5.0 (Linux; U; Android 10; zh-CN; AQM-AL10 Build/HONORAQM-AL10) AppleWebKit/537.36 (KHTML, like Gecko) Version/4.0 Chrome/78.0.3904.108 UCBrowser/13.3.1.1111 Mobile Safari/537.36" 
111.22.248.67 - - [18/Mar/2021:21:36:16 +0800] "GET /api/v1/auth/wechat/ HTTP/1.1" 200 232 "https://www.luffycity.com/" "Mozilla/5.0 (Windows NT 10.0; Win64; x64) AppleWebKit/537.36 (KHTML, like Gecko) Chrome/89.0.4389.90 Safari/537.36 Edg/89.0.774.54" 
222.243.156.14, 39.97.49.232 - - [18/Mar/2021:21:36:18 +0800] "GET /api/v1/index/banner/ HTTP/1.1" 200 382 "-" "Mozilla/5.0 (Windows NT 5.1) AppleWebKit/537.36 (KHTML, like Gecko) Chrome/55.0.2883.87 Safari/537.36" 
222.243.156.14, 39.97.49.232 - - [18/Mar/2021:21:36:18 +0800] "GET /api/v1/course/degree/ HTTP/1.1" 200 949 "-" "Mozilla/5.0 (Windows NT 5.1) AppleWebKit/537.36 (KHTML, like Gecko) Chrome/55.0.2883.87 Safari/537.36" 
222.243.156.14, 39.97.49.232 - - [18/Mar/2021:21:36:18 +0800] "GET /api/v1/course/home-free/?limit=3 HTTP/1.1" 200 865 "-" "Mozilla/5.0 (Windows NT 5.1) AppleWebKit/537.36 (KHTML, like Gecko) Chrome/55.0.2883.87 Safari/537.36" 
14.123.233.138, 39.97.49.232 - - [18/Mar/2021:21:36:20 +0800] "GET /api/v1/result/ HTTP/1.1" 200 232 "https://v3.bootcss.com/" "Mozilla/5.0 (Windows NT 10.0; Win64; x64) AppleWebKit/537.36 (KHTML, like Gecko) Chrome/89.0.4389.90 Safari/537.36 Edg/89.0.774.54" 
14.123.233.138 - - [18/Mar/2021:21:36:21 +0800] "OPTIONS /api/v1/activity/survey/?course_id=256 HTTP/1.1" 200 0 "https://www.luffycity.com/" "Mozilla/5.0 (Windows NT 10.0; Win64; x64) AppleWebKit/537.36 (KHTML, like Gecko) Chrome/89.0.4389.90 Safari/537.36 Edg/89.0.774.54" 
219.145.73.240 - - [18/Mar/2021:21:36:22 +0800] "GET /api/v1/auth/token/ HTTP/1.1" 200 407 "https://m.luffycity.com/" "Mozilla/5.0 (Linux; U; Android 10; zh-CN; AQM-AL10 Build/HONORAQM-AL10) AppleWebKit/537.36 (KHTML, like Gecko) Version/4.0 Chrome/78.0.3904.108 UCBrowser/13.3.1.1111 Mobile Safari/537.36" 
219.145.73.240 - - [18/Mar/2021:21:36:22 +0800] "GET /api/v1/course/degree/1/teacher/?id=1 HTTP/1.1" 200 4002 "https://m.luffycity.com/employment-course/1/detail" "Mozilla/5.0 (Linux; U; Android 10; zh-CN; AQM-AL10 Build/HONORAQM-AL10) AppleWebKit/537.36 (KHTML, like Gecko) Version/4.0 Chrome/78.0.3904.108 UCBrowser/13.3.1.1111 Mobile Safari/537.36" 
222.243.156.14 - - [18/Mar/2021:21:36:24 +0800] "GET /api/v1/result/enroll/?resultType=enroll&limit=2 HTTP/1.1" 200 718 "https://www.luffycity.com/" "Mozilla/5.0 (Windows NT 5.1) AppleWebKit/537.36 (KHTML, like Gecko) Chrome/55.0.2883.87 Safari/537.36" 
222.243.156.14 - - [18/Mar/2021:21:36:25 +0800] "GET /api/v1/auth/wechat/ HTTP/1.1" 200 232 "https://www.luffycity.com/" "Mozilla/5.0 (Windows NT 5.1) AppleWebKit/537.36 (KHTML, like Gecko) Chrome/55.0.2883.87 Safari/537.36" 
111.22.248.67, 39.97.49.232 - - [18/Mar/2021:21:36:28 +0800] "GET /api/v1/result/ HTTP/1.1" 200 232 "https://open.weixin.qq.com/" "Mozilla/5.0 (Windows NT 10.0; Win64; x64) AppleWebKit/537.36 (KHTML, like Gecko) Chrome/89.0.4389.90 Safari/537.36 Edg/89.0.774.54" 
111.22.248.67 - - [18/Mar/2021:21:36:29 +0800] "OPTIONS /api/v1/auth/captcha/ HTTP/1.1" 200 0 "https://www.luffycity.com/" "Mozilla/5.0 (Windows NT 10.0; Win64; x64) AppleWebKit/537.36 (KHTML, like Gecko) Chrome/89.0.4389.90 Safari/537.36 Edg/89.0.774.54" 
120.226.204.90 - - [18/Mar/2021:21:36:30 +0800] "GET /api/v1/index/banner/ HTTP/1.1" 200 20 "https://m.luffycity.com/" "Mozilla/5.0 (iPhone; CPU iPhone OS 14_0_1 like Mac OS X) AppleWebKit/605.1.15 (KHTML, like Gecko) Version/14.0 Mobile/15E148 Safari/604.1" 
103.43.192.182, 39.97.49.232 - - [18/Mar/2021:21:36:31 +0800] "GET /api/v1/auth/token/ HTTP/1.1" 200 392 "https://www.baidu.com/link?url=uGscHZZckP_1D35uO85lPfmSIJClnSC7zm_b5kaBlh8l6vqNP5Doa0A5PwKe9-s6&wd=&eqid=f44e394100066f55000000036053575b" "Mozilla/5.0 (Windows NT 10.0; Win64; x64; rv:86.0) Gecko/20100101 Firefox/86.0" 
103.43.192.182, 39.97.49.232 - - [18/Mar/2021:21:36:31 +0800] "GET /api/v1/result/ HTTP/1.1" 200 232 "https://www.baidu.com/link?url=uGscHZZckP_1D35uO85lPfmSIJClnSC7zm_b5kaBlh8l6vqNP5Doa0A5PwKe9-s6&wd=&eqid=f44e394100066f55000000036053575b" "Mozilla/5.0 (Windows NT 10.0; Win64; x64; rv:86.0) Gecko/20100101 Firefox/86.0" 
103.43.192.182, 39.97.49.232 - - [18/Mar/2021:21:36:31 +0800] "GET /api/v1/index/banner/ HTTP/1.1" 200 382 "https://www.baidu.com/link?url=uGscHZZckP_1D35uO85lPfmSIJClnSC7zm_b5kaBlh8l6vqNP5Doa0A5PwKe9-s6&wd=&eqid=f44e394100066f55000000036053575b" "Mozilla/5.0 (Windows NT 10.0; Win64; x64; rv:86.0) Gecko/20100101 Firefox/86.0" 
103.43.192.182, 39.97.49.232 - - [18/Mar/2021:21:36:31 +0800] "GET /api/v1/course/degree/ HTTP/1.1" 200 949 "https://www.baidu.com/link?url=uGscHZZckP_1D35uO85lPfmSIJClnSC7zm_b5kaBlh8l6vqNP5Doa0A5PwKe9-s6&wd=&eqid=f44e394100066f55000000036053575b" "Mozilla/5.0 (Windows NT 10.0; Win64; x64; rv:86.0) Gecko/20100101 Firefox/86.0" 
103.43.192.182, 39.97.49.232 - - [18/Mar/2021:21:36:31 +0800] "GET /api/v1/course/home-free/?limit=3 HTTP/1.1" 200 865 "https://www.baidu.com/link?url=uGscHZZckP_1D35uO85lPfmSIJClnSC7zm_b5kaBlh8l6vqNP5Doa0A5PwKe9-s6&wd=&eqid=f44e394100066f55000000036053575b" "Mozilla/5.0 (Windows NT 10.0; Win64; x64; rv:86.0) Gecko/20100101 Firefox/86.0" 
124.127.193.88, 39.97.49.232 - - [18/Mar/2021:21:36:34 +0800] "GET /api/v1/auth/token/ HTTP/1.1" 200 400 "-" "Mozilla/5.0 (Windows NT 10.0; Win64; x64) AppleWebKit/537.36 (KHTML, like Gecko) Chrome/89.0.4389.90 Safari/537.36" 
124.127.193.88, 39.97.49.232 - - [18/Mar/2021:21:36:34 +0800] "GET /api/v1/result/ HTTP/1.1" 200 232 "-" "Mozilla/5.0 (Windows NT 10.0; Win64; x64) AppleWebKit/537.36 (KHTML, like Gecko) Chrome/89.0.4389.90 Safari/537.36" 
222.249.131.67 - - [18/Mar/2021:21:36:34 +0800] "GET /api/v1/study/degrees/ HTTP/1.1" 200 138 "https://www.luffycity.com/" "Mozilla/5.0 (Windows NT 10.0; Win64; x64) AppleWebKit/537.36 (KHTML, like Gecko) Chrome/89.0.4389.90 Safari/537.36" 
222.249.131.67 - - [18/Mar/2021:21:36:34 +0800] "GET /api/v1/study/data/ HTTP/1.1" 200 107 "https://www.luffycity.com/" "Mozilla/5.0 (Windows NT 10.0; Win64; x64) AppleWebKit/537.36 (KHTML, like Gecko) Chrome/89.0.4389.90 Safari/537.36" 
222.249.131.67 - - [18/Mar/2021:21:36:34 +0800] "GET /api/v1/study/data/?degree_id=23 HTTP/1.1" 200 113 "https://www.luffycity.com/" "Mozilla/5.0 (Windows NT 10.0; Win64; x64) AppleWebKit/537.36 (KHTML, like Gecko) Chrome/89.0.4389.90 Safari/537.36" 
103.43.192.78 - - [18/Mar/2021:21:36:35 +0800] "OPTIONS /api/v1/result/enroll/?resultType=enroll&limit=2 HTTP/1.1" 200 0 "https://www.luffycity.com/" "Mozilla/5.0 (Windows NT 10.0; Win64; x64; rv:86.0) Gecko/20100101 Firefox/86.0" 
36.161.25.4 - - [18/Mar/2021:21:36:35 +0800] "OPTIONS /api/v1/play/19483/?play_id=19483 HTTP/1.1" 200 0 "https://www.luffycity.com/" "Mozilla/5.0 (Windows NT 10.0; Win64; x64) AppleWebKit/537.36 (KHTML, like Gecko) Chrome/89.0.4389.90 Safari/537.36 Edg/89.0.774.54" 
36.161.25.4 - - [18/Mar/2021:21:36:35 +0800] "OPTIONS /api/v1/play/sections/?section_id=19483 HTTP/1.1" 200 0 "https://www.luffycity.com/" "Mozilla/5.0 (Windows NT 10.0; Win64; x64) AppleWebKit/537.36 (KHTML, like Gecko) Chrome/89.0.4389.90 Safari/537.36 Edg/89.0.774.54" 
36.161.25.4 - - [18/Mar/2021:21:36:35 +0800] "GET /api/v1/comment/?section_id=19483&limit=10&offset=0 HTTP/1.1" 200 1241 "https://www.luffycity.com/" "Mozilla/5.0 (Windows NT 10.0; Win64; x64) AppleWebKit/537.36 (KHTML, like Gecko) Chrome/89.0.4389.90 Safari/537.36 Edg/89.0.774.54" 
36.161.25.4 - - [18/Mar/2021:21:36:35 +0800] "GET /api/v1/play/19483/?play_id=19483 HTTP/1.1" 200 396 "https://www.luffycity.com/" "Mozilla/5.0 (Windows NT 10.0; Win64; x64) AppleWebKit/537.36 (KHTML, like Gecko) Chrome/89.0.4389.90 Safari/537.36 Edg/89.0.774.54" 
101.40.23.189, 39.97.49.232 - - [18/Mar/2021:21:36:38 +0800] "GET /api/v1/auth/token/ HTTP/1.1" 200 29 "-" "Mozilla/5.0 (Windows NT 10.0; WOW64) AppleWebKit/537.36 (KHTML, like Gecko) Chrome/78.0.3904.108 Safari/537.36" 
101.40.23.189 - - [18/Mar/2021:21:36:39 +0800] "OPTIONS /api/v1/study/data/ HTTP/1.1" 200 0 "https://www.luffycity.com/study/degree" "Mozilla/5.0 (Windows NT 10.0; WOW64) AppleWebKit/537.36 (KHTML, like Gecko) Chrome/78.0.3904.108 Safari/537.36" 
101.40.23.189 - - [18/Mar/2021:21:36:39 +0800] "OPTIONS /api/v1/auth/wechat/ HTTP/1.1" 200 0 "https://www.luffycity.com/study/degree" "Mozilla/5.0 (Windows NT 10.0; WOW64) AppleWebKit/537.36 (KHTML, like Gecko) Chrome/78.0.3904.108 Safari/537.36" 
101.40.23.189 - - [18/Mar/2021:21:36:39 +0800] "GET /api/v1/study/degrees/ HTTP/1.1" 200 64 "https://www.luffycity.com/study/degree" "Mozilla/5.0 (Windows NT 10.0; WOW64) AppleWebKit/537.36 (KHTML, like Gecko) Chrome/78.0.3904.108 Safari/537.36" 
101.40.23.189 - - [18/Mar/2021:21:36:39 +0800] "GET /api/v1/auth/wechat/ HTTP/1.1" 200 232 "https://www.luffycity.com/study/degree" "Mozilla/5.0 (Windows NT 10.0; WOW64) AppleWebKit/537.36 (KHTML, like Gecko) Chrome/78.0.3904.108 Safari/537.36" 
203.208.60.43, 39.97.49.232 - - [18/Mar/2021:21:36:40 +0800] "GET /api/v1/auth/token/ HTTP/1.1" 200 29 "-" "Mozilla/5.0 (compatible; Googlebot/2.1; +http://www.google.com/bot.html)" 
223.85.176.209 - - [18/Mar/2021:21:36:40 +0800] "POST /api/v1/survey/section/1768/?sectionId=1768 HTTP/1.1" 200 10 "https://www.luffycity.com/" "Mozilla/5.0 (Windows NT 10.0; Win64; x64) AppleWebKit/537.36 (KHTML, like Gecko) Chrome/87.0.4280.141 Safari/537.36" 
203.208.60.87, 39.97.49.232 - - [18/Mar/2021:21:36:41 +0800] "GET /api/v1/auth/token/ HTTP/1.1" 200 29 "-" "Mozilla/5.0 (compatible; Googlebot/2.1; +http://www.google.com/bot.html)" 
203.208.60.87, 39.97.49.232 - - [18/Mar/2021:21:36:41 +0800] "GET /api/v1/index/banner/ HTTP/1.1" 200 382 "-" "Mozilla/5.0 (compatible; Googlebot/2.1; +http://www.google.com/bot.html)" 
203.208.60.87, 39.97.49.232 - - [18/Mar/2021:21:36:41 +0800] "GET /api/v1/course/degree/ HTTP/1.1" 200 949 "-" "Mozilla/5.0 (compatible; Googlebot/2.1; +http://www.google.com/bot.html)" 
101.40.23.189 - - [18/Mar/2021:21:36:42 +0800] "GET /api/v1/auth/captcha/ HTTP/1.1" 200 137 "https://www.luffycity.com/study/degree" "Mozilla/5.0 (Windows NT 10.0; WOW64) AppleWebKit/537.36 (KHTML, like Gecko) Chrome/78.0.3904.108 Safari/537.36" 
219.145.73.240 - - [18/Mar/2021:21:36:43 +0800] "GET /api/v1/auth/token/ HTTP/1.1" 200 407 "https://m.luffycity.com/employment-course/1/detail" "Mozilla/5.0 (Linux; U; Android 10; zh-CN; AQM-AL10 Build/HONORAQM-AL10) AppleWebKit/537.36 (KHTML, like Gecko) Version/4.0 Chrome/78.0.3904.108 UCBrowser/13.3.1.1111 Mobile Safari/537.36" 
223.85.176.209 - - [18/Mar/2021:21:36:43 +0800] "OPTIONS /api/v1/comment/?section_id=1770&limit=10&offset=0 HTTP/1.1" 200 0 "https://www.luffycity.com/" "Mozilla/5.0 (Windows NT 10.0; Win64; x64) AppleWebKit/537.36 (KHTML, like Gecko) Chrome/87.0.4280.141 Safari/537.36" 
223.85.176.209 - - [18/Mar/2021:21:36:43 +0800] "OPTIONS /api/v1/survey/section/1770/?sectionId=1770 HTTP/1.1" 200 0 "https://www.luffycity.com/" "Mozilla/5.0 (Windows NT 10.0; Win64; x64) AppleWebKit/537.36 (KHTML, like Gecko) Chrome/87.0.4280.141 Safari/537.36" 
203.208.60.38, 39.97.49.232 - - [18/Mar/2021:21:36:43 +0800] "GET /api/v1/auth/token/ HTTP/1.1" 200 29 "-" "Mozilla/5.0 (compatible; Googlebot/2.1; +http://www.google.com/bot.html)" 
223.85.176.209 - - [18/Mar/2021:21:36:43 +0800] "GET /api/v1/play/1770/?play_id=1770 HTTP/1.1" 200 410 "https://www.luffycity.com/" "Mozilla/5.0 (Windows NT 10.0; Win64; x64) AppleWebKit/537.36 (KHTML, like Gecko) Chrome/87.0.4280.141 Safari/537.36" 
203.208.60.38, 39.97.49.232 - - [18/Mar/2021:21:36:43 +0800] "GET /api/v1/result/ HTTP/1.1" 200 232 "-" "Mozilla/5.0 (compatible; Googlebot/2.1; +http://www.google.com/bot.html)" 
223.85.176.209 - - [18/Mar/2021:21:36:43 +0800] "GET /api/v1/comment/?section_id=1770&limit=10&offset=0 HTTP/1.1" 200 1429 "https://www.luffycity.com/" "Mozilla/5.0 (Windows NT 10.0; Win64; x64) AppleWebKit/537.36 (KHTML, like Gecko) Chrome/87.0.4280.141 Safari/537.36" 
112.210.13.175 - - [18/Mar/2021:21:36:45 +0800] "OPTIONS /api/v1/play/sections/?section_id=30969 HTTP/1.1" 200 0 "https://www.luffycity.com/" "Mozilla/5.0 (Macintosh; Intel Mac OS X 11_1_0) AppleWebKit/537.36 (KHTML, like Gecko) Chrome/88.0.4324.192 Safari/537.36" 
112.210.13.175 - - [18/Mar/2021:21:36:45 +0800] "OPTIONS /api/v1/survey/section/30969/?sectionId=30969 HTTP/1.1" 200 0 "https://www.luffycity.com/" "Mozilla/5.0 (Macintosh; Intel Mac OS X 11_1_0) AppleWebKit/537.36 (KHTML, like Gecko) Chrome/88.0.4324.192 Safari/537.36" 
112.210.13.175 - - [18/Mar/2021:21:36:45 +0800] "GET /api/v1/comment/?section_id=30969&limit=10&offset=0 HTTP/1.1" 200 1795 "https://www.luffycity.com/" "Mozilla/5.0 (Macintosh; Intel Mac OS X 11_1_0) AppleWebKit/537.36 (KHTML, like Gecko) Chrome/88.0.4324.192 Safari/537.36" 
112.210.13.175 - - [18/Mar/2021:21:36:45 +0800] "GET /api/v1/survey/section/30969/?sectionId=30969 HTTP/1.1" 200 64 "https://www.luffycity.com/" "Mozilla/5.0 (Macintosh; Intel Mac OS X 11_1_0) AppleWebKit/537.36 (KHTML, like Gecko) Chrome/88.0.4324.192 Safari/537.36" 
