101.68.86.29 - - [19/Mar/2021:11:33:20 +0800] "OPTIONS /api/v1/course/free/138/?courseType=free&id=138 HTTP/1.1" 200 0 "https://www.luffycity.com/" "Mozilla/5.0 (Macintosh; Intel Mac OS X 11_2_2) AppleWebKit/537.36 (KHTML, like Gecko) Chrome/88.0.4324.192 Safari/537.36" 
221.218.209.152 - - [19/Mar/2021:11:33:20 +0800] "OPTIONS /api/v1/play/sections/?section_id=26127 HTTP/1.1" 200 0 "https://www.luffycity.com/" "Mozilla/5.0 (Windows NT 6.1; Win64; x64) AppleWebKit/537.36 (KHTML, like Gecko) Chrome/89.0.4389.90 Safari/537.36" 
221.218.209.152 - - [19/Mar/2021:11:33:20 +0800] "OPTIONS /api/v1/play/26127/?play_id=26127 HTTP/1.1" 200 0 "https://www.luffycity.com/" "Mozilla/5.0 (Windows NT 6.1; Win64; x64) AppleWebKit/537.36 (KHTML, like Gecko) Chrome/89.0.4389.90 Safari/537.36" 
221.218.209.152 - - [19/Mar/2021:11:33:20 +0800] "GET /api/v1/survey/section/26127/?sectionId=26127 HTTP/1.1" 200 32 "https://www.luffycity.com/" "Mozilla/5.0 (Windows NT 6.1; Win64; x64) AppleWebKit/537.36 (KHTML, like Gecko) Chrome/89.0.4389.90 Safari/537.36" 
221.218.209.152 - - [19/Mar/2021:11:33:20 +0800] "GET /api/v1/play/sections/?section_id=26127 HTTP/1.1" 200 789 "https://www.luffycity.com/" "Mozilla/5.0 (Windows NT 6.1; Win64; x64) AppleWebKit/537.36 (KHTML, like Gecko) Chrome/89.0.4389.90 Safari/537.36" 
101.68.86.29 - - [19/Mar/2021:11:33:20 +0800] "OPTIONS /api/v1/course/free/138/sections/?courseType=free&id=138 HTTP/1.1" 200 0 "https://www.luffycity.com/" "Mozilla/5.0 (Macintosh; Intel Mac OS X 11_2_2) AppleWebKit/537.36 (KHTML, like Gecko) Chrome/88.0.4324.192 Safari/537.36" 
218.104.148.214 - - [19/Mar/2021:11:33:21 +0800] "OPTIONS /api/v1/survey/section/20547/?sectionId=20547 HTTP/1.1" 200 0 "https://www.luffycity.com/" "Mozilla/5.0 (Windows NT 10.0; Win64; x64) AppleWebKit/537.36 (KHTML, like Gecko) Chrome/88.0.4324.150 Safari/537.36" 
218.104.148.214 - - [19/Mar/2021:11:33:21 +0800] "OPTIONS /api/v1/play/20547/?play_id=20547 HTTP/1.1" 200 0 "https://www.luffycity.com/" "Mozilla/5.0 (Windows NT 10.0; Win64; x64) AppleWebKit/537.36 (KHTML, like Gecko) Chrome/88.0.4324.150 Safari/537.36" 
218.104.148.214 - - [19/Mar/2021:11:33:21 +0800] "GET /api/v1/play/20547/?play_id=20547 HTTP/1.1" 200 409 "https://www.luffycity.com/" "Mozilla/5.0 (Windows NT 10.0; Win64; x64) AppleWebKit/537.36 (KHTML, like Gecko) Chrome/88.0.4324.150 Safari/537.36" 
218.104.148.214 - - [19/Mar/2021:11:33:21 +0800] "GET /api/v1/play/sections/?section_id=20547 HTTP/1.1" 200 4921 "https://www.luffycity.com/" "Mozilla/5.0 (Windows NT 10.0; Win64; x64) AppleWebKit/537.36 (KHTML, like Gecko) Chrome/88.0.4324.150 Safari/537.36" 
106.11.34.45 - - [19/Mar/2021:11:33:21 +0800] "OPTIONS /api/v1/survey/section/19394/?sectionId=19394 HTTP/1.1" 200 0 "https://www.luffycity.com/" "Mozilla/5.0 (Windows NT 10.0; Win64; x64) AppleWebKit/537.36 (KHTML, like Gecko) Chrome/89.0.4389.90 Safari/537.36 Edg/89.0.774.54" 
106.11.34.45 - - [19/Mar/2021:11:33:21 +0800] "OPTIONS /api/v1/play/19394/?play_id=19394 HTTP/1.1" 200 0 "https://www.luffycity.com/" "Mozilla/5.0 (Windows NT 10.0; Win64; x64) AppleWebKit/537.36 (KHTML, like Gecko) Chrome/89.0.4389.90 Safari/537.36 Edg/89.0.774.54" 
106.11.34.45 - - [19/Mar/2021:11:33:21 +0800] "GET /api/v1/survey/section/19394/?sectionId=19394 HTTP/1.1" 200 10 "https://www.luffycity.com/" "Mozilla/5.0 (Windows NT 10.0; Win64; x64) AppleWebKit/537.36 (KHTML, like Gecko) Chrome/89.0.4389.90 Safari/537.36 Edg/89.0.774.54" 
106.11.34.45 - - [19/Mar/2021:11:33:21 +0800] "GET /api/v1/play/19394/?play_id=19394 HTTP/1.1" 200 391 "https://www.luffycity.com/" "Mozilla/5.0 (Windows NT 10.0; Win64; x64) AppleWebKit/537.36 (KHTML, like Gecko) Chrome/89.0.4389.90 Safari/537.36 Edg/89.0.774.54" 
221.218.209.152 - - [19/Mar/2021:11:33:23 +0800] "OPTIONS /api/v1/play/sections/?section_id=19523 HTTP/1.1" 200 0 "https://www.luffycity.com/" "Mozilla/5.0 (Windows NT 6.1; Win64; x64) AppleWebKit/537.36 (KHTML, like Gecko) Chrome/89.0.4389.90 Safari/537.36" 
221.218.209.152 - - [19/Mar/2021:11:33:23 +0800] "OPTIONS /api/v1/play/19523/?play_id=19523 HTTP/1.1" 200 0 "https://www.luffycity.com/" "Mozilla/5.0 (Windows NT 6.1; Win64; x64) AppleWebKit/537.36 (KHTML, like Gecko) Chrome/89.0.4389.90 Safari/537.36" 
221.218.209.152 - - [19/Mar/2021:11:33:23 +0800] "GET /api/v1/survey/section/19523/?sectionId=19523 HTTP/1.1" 200 32 "https://www.luffycity.com/" "Mozilla/5.0 (Windows NT 6.1; Win64; x64) AppleWebKit/537.36 (KHTML, like Gecko) Chrome/89.0.4389.90 Safari/537.36" 
221.218.209.152 - - [19/Mar/2021:11:33:23 +0800] "GET /api/v1/comment/?section_id=19523&limit=10&offset=0 HTTP/1.1" 200 69 "https://www.luffycity.com/" "Mozilla/5.0 (Windows NT 6.1; Win64; x64) AppleWebKit/537.36 (KHTML, like Gecko) Chrome/89.0.4389.90 Safari/537.36" 
49.234.195.166 - - [19/Mar/2021:11:33:28 +0800] "POST /api/v1/pay/xiaoe/ HTTP/1.1" 200 7 "-" "-" 
221.221.51.114 - - [19/Mar/2021:11:33:28 +0800] "GET /api/v1/play/sections/?section_id=30888 HTTP/1.1" 200 3307 "https://www.luffycity.com/play/30888" "Mozilla/5.0 (Windows NT 10.0; WOW64) AppleWebKit/537.36 (KHTML, like Gecko) Chrome/69.0.3947.100 Safari/537.36" 
221.221.51.114 - - [19/Mar/2021:11:33:28 +0800] "GET /api/v1/play/30888/?play_id=30888 HTTP/1.1" 200 396 "https://www.luffycity.com/play/30888" "Mozilla/5.0 (Windows NT 10.0; WOW64) AppleWebKit/537.36 (KHTML, like Gecko) Chrome/69.0.3947.100 Safari/537.36" 
221.218.209.152 - - [19/Mar/2021:11:33:29 +0800] "GET /api/v1/play/sections/?section_id=19524 HTTP/1.1" 200 789 "https://www.luffycity.com/" "Mozilla/5.0 (Windows NT 6.1; Win64; x64) AppleWebKit/537.36 (KHTML, like Gecko) Chrome/89.0.4389.90 Safari/537.36" 
221.218.209.152 - - [19/Mar/2021:11:33:29 +0800] "GET /api/v1/play/19524/?play_id=19524 HTTP/1.1" 200 1968 "https://www.luffycity.com/" "Mozilla/5.0 (Windows NT 6.1; Win64; x64) AppleWebKit/537.36 (KHTML, like Gecko) Chrome/89.0.4389.90 Safari/537.36" 
221.218.209.152 - - [19/Mar/2021:11:33:30 +0800] "OPTIONS /api/v1/play/19525/?play_id=19525 HTTP/1.1" 200 0 "https://www.luffycity.com/" "Mozilla/5.0 (Windows NT 6.1; Win64; x64) AppleWebKit/537.36 (KHTML, like Gecko) Chrome/89.0.4389.90 Safari/537.36" 
221.218.209.152 - - [19/Mar/2021:11:33:30 +0800] "OPTIONS /api/v1/play/sections/?section_id=19525 HTTP/1.1" 200 0 "https://www.luffycity.com/" "Mozilla/5.0 (Windows NT 6.1; Win64; x64) AppleWebKit/537.36 (KHTML, like Gecko) Chrome/89.0.4389.90 Safari/537.36" 
221.218.209.152 - - [19/Mar/2021:11:33:30 +0800] "GET /api/v1/comment/?section_id=19525&limit=10&offset=0 HTTP/1.1" 200 69 "https://www.luffycity.com/" "Mozilla/5.0 (Windows NT 6.1; Win64; x64) AppleWebKit/537.36 (KHTML, like Gecko) Chrome/89.0.4389.90 Safari/537.36" 
221.218.209.152 - - [19/Mar/2021:11:33:30 +0800] "GET /api/v1/play/19525/?play_id=19525 HTTP/1.1" 200 2012 "https://www.luffycity.com/" "Mozilla/5.0 (Windows NT 6.1; Win64; x64) AppleWebKit/537.36 (KHTML, like Gecko) Chrome/89.0.4389.90 Safari/537.36" 
101.68.86.29 - - [19/Mar/2021:11:33:31 +0800] "OPTIONS /api/v1/comment/?course_id=138&limit=10&offset=0 HTTP/1.1" 200 0 "https://www.luffycity.com/" "Mozilla/5.0 (Macintosh; Intel Mac OS X 11_2_2) AppleWebKit/537.36 (KHTML, like Gecko) Chrome/88.0.4324.192 Safari/537.36" 
49.234.195.166 - - [19/Mar/2021:11:33:34 +0800] "POST /api/v1/pay/xiaoe/ HTTP/1.1" 200 7 "-" "-" 
112.96.195.227 - - [19/Mar/2021:11:33:35 +0800] "GET /api/v1/auth/token/ HTTP/1.1" 200 29 "https://m.luffycity.com/activity/vue-camp?source=bootcss" "Mozilla/5.0 (iPhone; CPU iPhone OS 14_4 like Mac OS X) AppleWebKit/605.1.15 (KHTML, like Gecko) Version/14.0 MQQBrowser/10.4.0 Mobile/15E148 Safari/604.1 QBWebViewUA/2 QBWebViewType/1 WKType/1" 
223.66.129.195 - - [19/Mar/2021:11:33:35 +0800] "OPTIONS /api/v1/play/14674/?play_id=14674 HTTP/1.1" 200 0 "https://www.luffycity.com/" "Mozilla/5.0 (Windows NT 10.0; Win64; x64) AppleWebKit/537.36 (KHTML, like Gecko) Chrome/89.0.4389.90 Safari/537.36" 
223.66.129.195 - - [19/Mar/2021:11:33:35 +0800] "OPTIONS /api/v1/survey/section/14674/?sectionId=14674 HTTP/1.1" 200 0 "https://www.luffycity.com/" "Mozilla/5.0 (Windows NT 10.0; Win64; x64) AppleWebKit/537.36 (KHTML, like Gecko) Chrome/89.0.4389.90 Safari/537.36" 
223.66.129.195 - - [19/Mar/2021:11:33:35 +0800] "GET /api/v1/survey/section/14674/?sectionId=14674 HTTP/1.1" 200 10 "https://www.luffycity.com/" "Mozilla/5.0 (Windows NT 10.0; Win64; x64) AppleWebKit/537.36 (KHTML, like Gecko) Chrome/89.0.4389.90 Safari/537.36" 
221.218.209.152, 39.97.49.232 - - [19/Mar/2021:11:33:35 +0800] "GET /api/v1/auth/token/ HTTP/1.1" 200 389 "-" "Mozilla/5.0 (Windows NT 10.0; Win64; x64) AppleWebKit/537.36 (KHTML, like Gecko) Chrome/87.0.4280.141 Safari/537.36" 
223.66.129.195 - - [19/Mar/2021:11:33:36 +0800] "GET /api/v1/play/14674/?play_id=14674 HTTP/1.1" 200 390 "https://www.luffycity.com/" "Mozilla/5.0 (Windows NT 10.0; Win64; x64) AppleWebKit/537.36 (KHTML, like Gecko) Chrome/89.0.4389.90 Safari/537.36" 
221.218.209.152 - - [19/Mar/2021:11:33:36 +0800] "OPTIONS /api/v1/activity/survey/?course_id=256 HTTP/1.1" 200 0 "https://www.luffycity.com/" "Mozilla/5.0 (Windows NT 10.0; Win64; x64) AppleWebKit/537.36 (KHTML, like Gecko) Chrome/87.0.4280.141 Safari/537.36" 
117.32.102.2, 39.97.49.232 - - [19/Mar/2021:11:33:40 +0800] "GET /api/v1/auth/token/ HTTP/1.1" 200 29 "-" "Mozilla/5.0 (Windows NT 6.1; WOW64; Trident/7.0; rv:11.0) like Gecko" 
117.32.102.2, 39.97.49.232 - - [19/Mar/2021:11:33:40 +0800] "GET /api/v1/result/ HTTP/1.1" 200 231 "-" "Mozilla/5.0 (Windows NT 6.1; WOW64; Trident/7.0; rv:11.0) like Gecko" 
117.32.102.2, 39.97.49.232 - - [19/Mar/2021:11:33:40 +0800] "GET /api/v1/index/banner/ HTTP/1.1" 200 382 "-" "Mozilla/5.0 (Windows NT 6.1; WOW64; Trident/7.0; rv:11.0) like Gecko" 
117.32.102.2, 39.97.49.232 - - [19/Mar/2021:11:33:40 +0800] "GET /api/v1/course/degree/ HTTP/1.1" 200 951 "-" "Mozilla/5.0 (Windows NT 6.1; WOW64; Trident/7.0; rv:11.0) like Gecko" 
117.32.102.2, 39.97.49.232 - - [19/Mar/2021:11:33:40 +0800] "GET /api/v1/course/home-free/?limit=3 HTTP/1.1" 200 865 "-" "Mozilla/5.0 (Windows NT 6.1; WOW64; Trident/7.0; rv:11.0) like Gecko" 
112.96.195.227 - - [19/Mar/2021:11:33:43 +0800] "GET /api/v1/index/banner/ HTTP/1.1" 200 20 "https://m.luffycity.com/" "Mozilla/5.0 (iPhone; CPU iPhone OS 14_4 like Mac OS X) AppleWebKit/605.1.15 (KHTML, like Gecko) Version/14.0 MQQBrowser/10.4.0 Mobile/15E148 Safari/604.1 QBWebViewUA/2 QBWebViewType/1 WKType/1" 
221.4.172.34 - - [19/Mar/2021:11:33:45 +0800] "POST /api/v1/survey/section/28433/?sectionId=28433 HTTP/1.1" 200 10 "https://www.luffycity.com/" "Mozilla/5.0 (Windows NT 10.0; WOW64) AppleWebKit/537.36 (KHTML, like Gecko) Chrome/87.0.4280.66 Safari/537.36" 
13.66.139.13, 39.97.49.232 - - [19/Mar/2021:11:33:47 +0800] "GET /api/v1/course/actual/42/?courseType=actual&id=42 HTTP/1.1" 200 1008 "-" "Mozilla/5.0 (compatible; bingbot/2.0; +http://www.bing.com/bingbot.htm)" 
221.4.172.34 - - [19/Mar/2021:11:33:47 +0800] "OPTIONS /api/v1/comment/?section_id=28434&limit=10&offset=0 HTTP/1.1" 200 0 "https://www.luffycity.com/" "Mozilla/5.0 (Windows NT 10.0; WOW64) AppleWebKit/537.36 (KHTML, like Gecko) Chrome/87.0.4280.66 Safari/537.36" 
221.4.172.34 - - [19/Mar/2021:11:33:47 +0800] "OPTIONS /api/v1/survey/section/28434/?sectionId=28434 HTTP/1.1" 200 0 "https://www.luffycity.com/" "Mozilla/5.0 (Windows NT 10.0; WOW64) AppleWebKit/537.36 (KHTML, like Gecko) Chrome/87.0.4280.66 Safari/537.36" 
221.4.172.34 - - [19/Mar/2021:11:33:47 +0800] "GET /api/v1/survey/section/28434/?sectionId=28434 HTTP/1.1" 200 10 "https://www.luffycity.com/" "Mozilla/5.0 (Windows NT 10.0; WOW64) AppleWebKit/537.36 (KHTML, like Gecko) Chrome/87.0.4280.66 Safari/537.36" 
221.4.172.34 - - [19/Mar/2021:11:33:47 +0800] "GET /api/v1/comment/?section_id=28434&limit=10&offset=0 HTTP/1.1" 200 1549 "https://www.luffycity.com/" "Mozilla/5.0 (Windows NT 10.0; WOW64) AppleWebKit/537.36 (KHTML, like Gecko) Chrome/87.0.4280.66 Safari/537.36" 
221.218.209.152 - - [19/Mar/2021:11:33:56 +0800] "OPTIONS /api/v1/comment/?section_id=19526&limit=10&offset=0 HTTP/1.1" 200 0 "https://www.luffycity.com/" "Mozilla/5.0 (Windows NT 6.1; Win64; x64) AppleWebKit/537.36 (KHTML, like Gecko) Chrome/89.0.4389.90 Safari/537.36" 
221.218.209.152 - - [19/Mar/2021:11:33:56 +0800] "OPTIONS /api/v1/survey/section/19526/?sectionId=19526 HTTP/1.1" 200 0 "https://www.luffycity.com/" "Mozilla/5.0 (Windows NT 6.1; Win64; x64) AppleWebKit/537.36 (KHTML, like Gecko) Chrome/89.0.4389.90 Safari/537.36" 
221.218.209.152 - - [19/Mar/2021:11:33:56 +0800] "GET /api/v1/survey/section/19526/?sectionId=19526 HTTP/1.1" 200 32 "https://www.luffycity.com/" "Mozilla/5.0 (Windows NT 6.1; Win64; x64) AppleWebKit/537.36 (KHTML, like Gecko) Chrome/89.0.4389.90 Safari/537.36" 
221.218.209.152 - - [19/Mar/2021:11:33:56 +0800] "GET /api/v1/play/19526/?play_id=19526 HTTP/1.1" 200 1992 "https://www.luffycity.com/" "Mozilla/5.0 (Windows NT 6.1; Win64; x64) AppleWebKit/537.36 (KHTML, like Gecko) Chrome/89.0.4389.90 Safari/537.36" 
202.205.177.36 - - [19/Mar/2021:11:34:02 +0800] "OPTIONS /api/v1/comment/?section_id=19534&limit=10&offset=0 HTTP/1.1" 200 0 "https://www.luffycity.com/" "Mozilla/5.0 (Windows NT 10.0; Win64; x64) AppleWebKit/537.36 (KHTML, like Gecko) Chrome/89.0.4389.90 Safari/537.36" 
202.205.177.36 - - [19/Mar/2021:11:34:02 +0800] "OPTIONS /api/v1/play/19534/?play_id=19534 HTTP/1.1" 200 0 "https://www.luffycity.com/" "Mozilla/5.0 (Windows NT 10.0; Win64; x64) AppleWebKit/537.36 (KHTML, like Gecko) Chrome/89.0.4389.90 Safari/537.36" 
202.205.177.36 - - [19/Mar/2021:11:34:02 +0800] "GET /api/v1/survey/section/19534/?sectionId=19534 HTTP/1.1" 200 10 "https://www.luffycity.com/" "Mozilla/5.0 (Windows NT 10.0; Win64; x64) AppleWebKit/537.36 (KHTML, like Gecko) Chrome/89.0.4389.90 Safari/537.36" 
202.205.177.36 - - [19/Mar/2021:11:34:02 +0800] "GET /api/v1/play/19534/?play_id=19534 HTTP/1.1" 200 440 "https://www.luffycity.com/" "Mozilla/5.0 (Windows NT 10.0; Win64; x64) AppleWebKit/537.36 (KHTML, like Gecko) Chrome/89.0.4389.90 Safari/537.36" 
119.116.136.165 - - [19/Mar/2021:11:34:02 +0800] "OPTIONS /api/v1/survey/section/1820/?sectionId=1820 HTTP/1.1" 200 0 "https://www.luffycity.com/" "Mozilla/5.0 (Windows NT 10.0; Win64; x64) AppleWebKit/537.36 (KHTML, like Gecko) Chrome/89.0.4389.90 Safari/537.36 Edg/89.0.774.54" 
119.116.136.165 - - [19/Mar/2021:11:34:02 +0800] "OPTIONS /api/v1/play/1820/?play_id=1820 HTTP/1.1" 200 0 "https://www.luffycity.com/" "Mozilla/5.0 (Windows NT 10.0; Win64; x64) AppleWebKit/537.36 (KHTML, like Gecko) Chrome/89.0.4389.90 Safari/537.36 Edg/89.0.774.54" 
119.116.136.165 - - [19/Mar/2021:11:34:03 +0800] "GET /api/v1/play/sections/?section_id=1820 HTTP/1.1" 200 3091 "https://www.luffycity.com/" "Mozilla/5.0 (Windows NT 10.0; Win64; x64) AppleWebKit/537.36 (KHTML, like Gecko) Chrome/89.0.4389.90 Safari/537.36 Edg/89.0.774.54" 
119.116.136.165 - - [19/Mar/2021:11:34:03 +0800] "GET /api/v1/play/1820/?play_id=1820 HTTP/1.1" 200 404 "https://www.luffycity.com/" "Mozilla/5.0 (Windows NT 10.0; Win64; x64) AppleWebKit/537.36 (KHTML, like Gecko) Chrome/89.0.4389.90 Safari/537.36 Edg/89.0.774.54" 
223.157.111.113, 39.97.49.232 - - [19/Mar/2021:11:34:03 +0800] "GET /api/v1/auth/token/ HTTP/1.1" 200 29 "-" "Mozilla/5.0 (Windows NT 10.0; WOW64) AppleWebKit/537.36 (KHTML, like Gecko) Chrome/53.0.2785.116 Safari/537.36 QBCore/4.0.1316.400 QQBrowser/9.0.2524.400 Mozilla/5.0 (Windows NT 6.1; WOW64) AppleWebKit/537.36 (KHTML, like Gecko) Chrome/53.0.2875.116 Safari/537.36 NetType/WIFI MicroMessenger/7.0.20.1781(0x6700143B) WindowsWechat" 
223.157.111.113, 39.97.49.232 - - [19/Mar/2021:11:34:04 +0800] "GET /api/v1/course/degree/ HTTP/1.1" 200 951 "-" "Mozilla/5.0 (Windows NT 10.0; WOW64) AppleWebKit/537.36 (KHTML, like Gecko) Chrome/53.0.2785.116 Safari/537.36 QBCore/4.0.1316.400 QQBrowser/9.0.2524.400 Mozilla/5.0 (Windows NT 6.1; WOW64) AppleWebKit/537.36 (KHTML, like Gecko) Chrome/53.0.2875.116 Safari/537.36 NetType/WIFI MicroMessenger/7.0.20.1781(0x6700143B) WindowsWechat" 
223.157.111.113, 39.97.49.232 - - [19/Mar/2021:11:34:04 +0800] "GET /api/v1/course/home-free/?limit=3 HTTP/1.1" 200 865 "-" "Mozilla/5.0 (Windows NT 10.0; WOW64) AppleWebKit/537.36 (KHTML, like Gecko) Chrome/53.0.2785.116 Safari/537.36 QBCore/4.0.1316.400 QQBrowser/9.0.2524.400 Mozilla/5.0 (Windows NT 6.1; WOW64) AppleWebKit/537.36 (KHTML, like Gecko) Chrome/53.0.2875.116 Safari/537.36 NetType/WIFI MicroMessenger/7.0.20.1781(0x6700143B) WindowsWechat" 
223.157.111.113 - - [19/Mar/2021:11:34:05 +0800] "GET /api/v1/result/enroll/?resultType=enroll&limit=2 HTTP/1.1" 200 722 "https://www.luffycity.com/" "Mozilla/5.0 (Windows NT 10.0; WOW64) AppleWebKit/537.36 (KHTML, like Gecko) Chrome/53.0.2785.116 Safari/537.36 QBCore/4.0.1316.400 QQBrowser/9.0.2524.400 Mozilla/5.0 (Windows NT 6.1; WOW64) AppleWebKit/537.36 (KHTML, like Gecko) Chrome/53.0.2875.116 Safari/537.36 NetType/WIFI MicroMessenger/7.0.20.1781(0x6700143B) WindowsWechat" 
222.128.6.203, 39.97.49.232 - - [19/Mar/2021:11:34:08 +0800] "GET /api/v1/index/banner/ HTTP/1.1" 200 382 "https://www.baidu.com/link?url=x0Dy23lgz1eVIOclTPZ2LUJzlHa2FLQCIRDVuyUr1WxeHSDuNrrxT8PmetuUWp9h&wd=&eqid=cef2350a000ae68f0000000260541bad" "Mozilla/5.0 (Windows NT 10.0; Win64; x64) AppleWebKit/537.36 (KHTML, like Gecko) Chrome/89.0.4389.82 Safari/537.36" 
222.128.6.203, 39.97.49.232 - - [19/Mar/2021:11:34:08 +0800] "GET /api/v1/course/home-free/?limit=3 HTTP/1.1" 200 865 "https://www.baidu.com/link?url=x0Dy23lgz1eVIOclTPZ2LUJzlHa2FLQCIRDVuyUr1WxeHSDuNrrxT8PmetuUWp9h&wd=&eqid=cef2350a000ae68f0000000260541bad" "Mozilla/5.0 (Windows NT 10.0; Win64; x64) AppleWebKit/537.36 (KHTML, like Gecko) Chrome/89.0.4389.82 Safari/537.36" 
223.157.111.113 - - [19/Mar/2021:11:34:09 +0800] "GET /api/v1/auth/wechat/ HTTP/1.1" 200 232 "https://www.luffycity.com/" "Mozilla/5.0 (Windows NT 10.0; WOW64) AppleWebKit/537.36 (KHTML, like Gecko) Chrome/53.0.2785.116 Safari/537.36 QBCore/4.0.1316.400 QQBrowser/9.0.2524.400 Mozilla/5.0 (Windows NT 6.1; WOW64) AppleWebKit/537.36 (KHTML, like Gecko) Chrome/53.0.2875.116 Safari/537.36 NetType/WIFI MicroMessenger/7.0.20.1781(0x6700143B) WindowsWechat" 
222.128.6.203 - - [19/Mar/2021:11:34:09 +0800] "GET /api/v1/result/enroll/?resultType=enroll&limit=2 HTTP/1.1" 200 722 "https://www.luffycity.com/" "Mozilla/5.0 (Windows NT 10.0; Win64; x64) AppleWebKit/537.36 (KHTML, like Gecko) Chrome/89.0.4389.82 Safari/537.36" 
222.128.6.203 - - [19/Mar/2021:11:34:12 +0800] "GET /api/v1/auth/wechat/ HTTP/1.1" 200 232 "https://www.luffycity.com/" "Mozilla/5.0 (Windows NT 10.0; Win64; x64) AppleWebKit/537.36 (KHTML, like Gecko) Chrome/89.0.4389.82 Safari/537.36" 
117.32.102.2, 39.97.49.232 - - [19/Mar/2021:11:34:15 +0800] "GET /api/v1/result/ HTTP/1.1" 200 231 "-" "Mozilla/5.0 (Windows NT 6.1; WOW64; Trident/7.0; rv:11.0) like Gecko" 
117.32.102.2, 39.97.49.232 - - [19/Mar/2021:11:34:15 +0800] "GET /api/v1/index/banner/ HTTP/1.1" 200 382 "-" "Mozilla/5.0 (Windows NT 6.1; WOW64; Trident/7.0; rv:11.0) like Gecko" 
117.32.102.2, 39.97.49.232 - - [19/Mar/2021:11:34:15 +0800] "GET /api/v1/course/home-free/?limit=3 HTTP/1.1" 200 865 "-" "Mozilla/5.0 (Windows NT 6.1; WOW64; Trident/7.0; rv:11.0) like Gecko" 
219.232.77.87 - - [19/Mar/2021:11:34:16 +0800] "OPTIONS /api/v1/play/sections/?section_id=12041 HTTP/1.1" 200 0 "https://www.luffycity.com/" "Mozilla/5.0 (Windows NT 10.0; Win64; x64) AppleWebKit/537.36 (KHTML, like Gecko) Chrome/89.0.4389.90 Safari/537.36 Edg/89.0.774.54" 
219.232.77.87 - - [19/Mar/2021:11:34:16 +0800] "OPTIONS /api/v1/play/12041/?play_id=12041 HTTP/1.1" 200 0 "https://www.luffycity.com/" "Mozilla/5.0 (Windows NT 10.0; Win64; x64) AppleWebKit/537.36 (KHTML, like Gecko) Chrome/89.0.4389.90 Safari/537.36 Edg/89.0.774.54" 
219.232.77.87 - - [19/Mar/2021:11:34:16 +0800] "GET /api/v1/survey/section/12041/?sectionId=12041 HTTP/1.1" 200 10 "https://www.luffycity.com/" "Mozilla/5.0 (Windows NT 10.0; Win64; x64) AppleWebKit/537.36 (KHTML, like Gecko) Chrome/89.0.4389.90 Safari/537.36 Edg/89.0.774.54" 
219.232.77.87 - - [19/Mar/2021:11:34:16 +0800] "GET /api/v1/play/sections/?section_id=12041 HTTP/1.1" 200 8473 "https://www.luffycity.com/" "Mozilla/5.0 (Windows NT 10.0; Win64; x64) AppleWebKit/537.36 (KHTML, like Gecko) Chrome/89.0.4389.90 Safari/537.36 Edg/89.0.774.54" 
221.218.209.152 - - [19/Mar/2021:11:34:19 +0800] "OPTIONS /api/v1/survey/section/19527/?sectionId=19527 HTTP/1.1" 200 0 "https://www.luffycity.com/" "Mozilla/5.0 (Windows NT 6.1; Win64; x64) AppleWebKit/537.36 (KHTML, like Gecko) Chrome/89.0.4389.90 Safari/537.36" 
221.218.209.152 - - [19/Mar/2021:11:34:19 +0800] "OPTIONS /api/v1/comment/?section_id=19527&limit=10&offset=0 HTTP/1.1" 200 0 "https://www.luffycity.com/" "Mozilla/5.0 (Windows NT 6.1; Win64; x64) AppleWebKit/537.36 (KHTML, like Gecko) Chrome/89.0.4389.90 Safari/537.36" 
219.232.77.87 - - [19/Mar/2021:11:34:19 +0800] "OPTIONS /api/v1/play/sections/?section_id=12091 HTTP/1.1" 200 0 "https://www.luffycity.com/" "Mozilla/5.0 (Windows NT 10.0; Win64; x64) AppleWebKit/537.36 (KHTML, like Gecko) Chrome/89.0.4389.90 Safari/537.36 Edg/89.0.774.54" 
219.232.77.87 - - [19/Mar/2021:11:34:19 +0800] "OPTIONS /api/v1/play/12091/?play_id=12091 HTTP/1.1" 200 0 "https://www.luffycity.com/" "Mozilla/5.0 (Windows NT 10.0; Win64; x64) AppleWebKit/537.36 (KHTML, like Gecko) Chrome/89.0.4389.90 Safari/537.36 Edg/89.0.774.54" 
221.218.209.152 - - [19/Mar/2021:11:34:19 +0800] "GET /api/v1/survey/section/19527/?sectionId=19527 HTTP/1.1" 200 32 "https://www.luffycity.com/" "Mozilla/5.0 (Windows NT 6.1; Win64; x64) AppleWebKit/537.36 (KHTML, like Gecko) Chrome/89.0.4389.90 Safari/537.36" 
221.218.209.152 - - [19/Mar/2021:11:34:19 +0800] "GET /api/v1/play/sections/?section_id=19527 HTTP/1.1" 200 789 "https://www.luffycity.com/" "Mozilla/5.0 (Windows NT 6.1; Win64; x64) AppleWebKit/537.36 (KHTML, like Gecko) Chrome/89.0.4389.90 Safari/537.36" 
106.33.230.147 - - [19/Mar/2021:11:34:19 +0800] "POST /api/v1/survey/section/30873/?sectionId=30873 HTTP/1.1" 200 10 "https://www.luffycity.com/play/30873" "Mozilla/5.0 (Windows NT 10.0; Win64; x64; rv:86.0) Gecko/20100101 Firefox/86.0" 
219.232.77.87 - - [19/Mar/2021:11:34:19 +0800] "GET /api/v1/comment/?section_id=12091&limit=10&offset=0 HTTP/1.1" 200 69 "https://www.luffycity.com/" "Mozilla/5.0 (Windows NT 10.0; Win64; x64) AppleWebKit/537.36 (KHTML, like Gecko) Chrome/89.0.4389.90 Safari/537.36 Edg/89.0.774.54" 
219.232.77.87 - - [19/Mar/2021:11:34:19 +0800] "GET /api/v1/play/12091/?play_id=12091 HTTP/1.1" 200 529 "https://www.luffycity.com/" "Mozilla/5.0 (Windows NT 10.0; Win64; x64) AppleWebKit/537.36 (KHTML, like Gecko) Chrome/89.0.4389.90 Safari/537.36 Edg/89.0.774.54" 
222.128.6.203 - - [19/Mar/2021:11:34:21 +0800] "POST /api/v1/auth/password/login/?loginWay=password HTTP/1.1" 200 274 "https://www.luffycity.com/" "Mozilla/5.0 (Windows NT 10.0; Win64; x64) AppleWebKit/537.36 (KHTML, like Gecko) Chrome/89.0.4389.82 Safari/537.36" 
222.128.6.203 - - [19/Mar/2021:11:34:21 +0800] "GET /api/v1/auth/token/ HTTP/1.1" 200 361 "https://www.luffycity.com/" "Mozilla/5.0 (Windows NT 10.0; Win64; x64) AppleWebKit/537.36 (KHTML, like Gecko) Chrome/89.0.4389.82 Safari/537.36" 
222.128.6.203 - - [19/Mar/2021:11:34:23 +0800] "OPTIONS /api/v1/study/data/ HTTP/1.1" 200 0 "https://www.luffycity.com/" "Mozilla/5.0 (Windows NT 10.0; Win64; x64) AppleWebKit/537.36 (KHTML, like Gecko) Chrome/89.0.4389.82 Safari/537.36" 
222.128.6.203 - - [19/Mar/2021:11:34:23 +0800] "GET /api/v1/study/degrees/0/mentor/?degree_id=0 HTTP/1.1" 200 137 "https://www.luffycity.com/" "Mozilla/5.0 (Windows NT 10.0; Win64; x64) AppleWebKit/537.36 (KHTML, like Gecko) Chrome/89.0.4389.82 Safari/537.36" 
222.128.6.203 - - [19/Mar/2021:11:34:23 +0800] "GET /api/v1/study/degrees/ HTTP/1.1" 200 394 "https://www.luffycity.com/" "Mozilla/5.0 (Windows NT 10.0; Win64; x64) AppleWebKit/537.36 (KHTML, like Gecko) Chrome/89.0.4389.82 Safari/537.36" 
222.128.6.203 - - [19/Mar/2021:11:34:23 +0800] "OPTIONS /api/v1/study/data/?degree_id=18 HTTP/1.1" 200 0 "https://www.luffycity.com/" "Mozilla/5.0 (Windows NT 10.0; Win64; x64) AppleWebKit/537.36 (KHTML, like Gecko) Chrome/89.0.4389.82 Safari/537.36" 
222.128.6.203 - - [19/Mar/2021:11:34:23 +0800] "GET /api/v1/study/degrees/18/?degree_id=18 HTTP/1.1" 200 808 "https://www.luffycity.com/" "Mozilla/5.0 (Windows NT 10.0; Win64; x64) AppleWebKit/537.36 (KHTML, like Gecko) Chrome/89.0.4389.82 Safari/537.36" 
222.128.6.203 - - [19/Mar/2021:11:34:24 +0800] "GET /api/v1/study/data/?degree_id=18 HTTP/1.1" 200 106 "https://www.luffycity.com/" "Mozilla/5.0 (Windows NT 10.0; Win64; x64) AppleWebKit/537.36 (KHTML, like Gecko) Chrome/89.0.4389.82 Safari/537.36" 
222.128.6.203 - - [19/Mar/2021:11:34:25 +0800] "OPTIONS /api/v1/comment/?section_id=16823&limit=10&offset=0 HTTP/1.1" 200 0 "https://www.luffycity.com/" "Mozilla/5.0 (Windows NT 10.0; Win64; x64) AppleWebKit/537.36 (KHTML, like Gecko) Chrome/89.0.4389.82 Safari/537.36" 
222.128.6.203 - - [19/Mar/2021:11:34:25 +0800] "OPTIONS /api/v1/survey/section/16823/?sectionId=16823 HTTP/1.1" 200 0 "https://www.luffycity.com/" "Mozilla/5.0 (Windows NT 10.0; Win64; x64) AppleWebKit/537.36 (KHTML, like Gecko) Chrome/89.0.4389.82 Safari/537.36" 
222.128.6.203 - - [19/Mar/2021:11:34:25 +0800] "GET /api/v1/play/sections/?section_id=16823 HTTP/1.1" 200 2104 "https://www.luffycity.com/" "Mozilla/5.0 (Windows NT 10.0; Win64; x64) AppleWebKit/537.36 (KHTML, like Gecko) Chrome/89.0.4389.82 Safari/537.36" 
222.128.6.203 - - [19/Mar/2021:11:34:25 +0800] "GET /api/v1/play/16823/?play_id=16823 HTTP/1.1" 200 385 "https://www.luffycity.com/" "Mozilla/5.0 (Windows NT 10.0; Win64; x64) AppleWebKit/537.36 (KHTML, like Gecko) Chrome/89.0.4389.82 Safari/537.36" 
223.157.111.113 - - [19/Mar/2021:11:34:26 +0800] "POST /api/v1/auth/password/login/?loginWay=password HTTP/1.1" 200 274 "https://www.luffycity.com/" "Mozilla/5.0 (Windows NT 10.0; WOW64) AppleWebKit/537.36 (KHTML, like Gecko) Chrome/53.0.2785.116 Safari/537.36 QBCore/4.0.1316.400 QQBrowser/9.0.2524.400 Mozilla/5.0 (Windows NT 6.1; WOW64) AppleWebKit/537.36 (KHTML, like Gecko) Chrome/53.0.2875.116 Safari/537.36 NetType/WIFI MicroMessenger/7.0.20.1781(0x6700143B) WindowsWechat" 
223.157.111.113 - - [19/Mar/2021:11:34:26 +0800] "GET /api/v1/auth/token/ HTTP/1.1" 200 398 "https://www.luffycity.com/" "Mozilla/5.0 (Windows NT 10.0; WOW64) AppleWebKit/537.36 (KHTML, like Gecko) Chrome/53.0.2785.116 Safari/537.36 QBCore/4.0.1316.400 QQBrowser/9.0.2524.400 Mozilla/5.0 (Windows NT 6.1; WOW64) AppleWebKit/537.36 (KHTML, like Gecko) Chrome/53.0.2875.116 Safari/537.36 NetType/WIFI MicroMessenger/7.0.20.1781(0x6700143B) WindowsWechat" 
223.157.111.113 - - [19/Mar/2021:11:34:28 +0800] "OPTIONS /api/v1/study/data/ HTTP/1.1" 200 0 "https://www.luffycity.com/study/degree" "Mozilla/5.0 (Windows NT 10.0; WOW64) AppleWebKit/537.36 (KHTML, like Gecko) Chrome/53.0.2785.116 Safari/537.36 QBCore/4.0.1316.400 QQBrowser/9.0.2524.400 Mozilla/5.0 (Windows NT 6.1; WOW64) AppleWebKit/537.36 (KHTML, like Gecko) Chrome/53.0.2875.116 Safari/537.36 NetType/WIFI MicroMessenger/7.0.20.1781(0x6700143B) WindowsWechat" 
223.157.111.113 - - [19/Mar/2021:11:34:28 +0800] "GET /api/v1/study/degrees/0/mentor/?degree_id=0 HTTP/1.1" 200 137 "https://www.luffycity.com/study/degree" "Mozilla/5.0 (Windows NT 10.0; WOW64) AppleWebKit/537.36 (KHTML, like Gecko) Chrome/53.0.2785.116 Safari/537.36 QBCore/4.0.1316.400 QQBrowser/9.0.2524.400 Mozilla/5.0 (Windows NT 6.1; WOW64) AppleWebKit/537.36 (KHTML, like Gecko) Chrome/53.0.2875.116 Safari/537.36 NetType/WIFI MicroMessenger/7.0.20.1781(0x6700143B) WindowsWechat" 
223.157.111.113 - - [19/Mar/2021:11:34:28 +0800] "OPTIONS /api/v1/study/data/?degree_id=2 HTTP/1.1" 200 0 "https://www.luffycity.com/study/degree" "Mozilla/5.0 (Windows NT 10.0; WOW64) AppleWebKit/537.36 (KHTML, like Gecko) Chrome/53.0.2785.116 Safari/537.36 QBCore/4.0.1316.400 QQBrowser/9.0.2524.400 Mozilla/5.0 (Windows NT 6.1; WOW64) AppleWebKit/537.36 (KHTML, like Gecko) Chrome/53.0.2875.116 Safari/537.36 NetType/WIFI MicroMessenger/7.0.20.1781(0x6700143B) WindowsWechat" 
223.157.111.113 - - [19/Mar/2021:11:34:28 +0800] "GET /api/v1/study/data/ HTTP/1.1" 200 107 "https://www.luffycity.com/study/degree" "Mozilla/5.0 (Windows NT 10.0; WOW64) AppleWebKit/537.36 (KHTML, like Gecko) Chrome/53.0.2785.116 Safari/537.36 QBCore/4.0.1316.400 QQBrowser/9.0.2524.400 Mozilla/5.0 (Windows NT 6.1; WOW64) AppleWebKit/537.36 (KHTML, like Gecko) Chrome/53.0.2875.116 Safari/537.36 NetType/WIFI MicroMessenger/7.0.20.1781(0x6700143B) WindowsWechat" 
223.157.111.113 - - [19/Mar/2021:11:34:28 +0800] "GET /api/v1/study/data/?degree_id=2 HTTP/1.1" 200 113 "https://www.luffycity.com/study/degree" "Mozilla/5.0 (Windows NT 10.0; WOW64) AppleWebKit/537.36 (KHTML, like Gecko) Chrome/53.0.2785.116 Safari/537.36 QBCore/4.0.1316.400 QQBrowser/9.0.2524.400 Mozilla/5.0 (Windows NT 6.1; WOW64) AppleWebKit/537.36 (KHTML, like Gecko) Chrome/53.0.2875.116 Safari/537.36 NetType/WIFI MicroMessenger/7.0.20.1781(0x6700143B) WindowsWechat" 
223.157.111.113 - - [19/Mar/2021:11:34:28 +0800] "GET /api/v1/study/degrees/2/?degree_id=2 HTTP/1.1" 200 1496 "https://www.luffycity.com/study/degree" "Mozilla/5.0 (Windows NT 10.0; WOW64) AppleWebKit/537.36 (KHTML, like Gecko) Chrome/53.0.2785.116 Safari/537.36 QBCore/4.0.1316.400 QQBrowser/9.0.2524.400 Mozilla/5.0 (Windows NT 6.1; WOW64) AppleWebKit/537.36 (KHTML, like Gecko) Chrome/53.0.2875.116 Safari/537.36 NetType/WIFI MicroMessenger/7.0.20.1781(0x6700143B) WindowsWechat" 
117.32.102.2, 39.97.49.232 - - [19/Mar/2021:11:34:32 +0800] "GET /api/v1/result/ HTTP/1.1" 200 231 "-" "Mozilla/5.0 (Windows NT 6.1; WOW64) AppleWebKit/537.36 (KHTML, like Gecko) Chrome/86.0.4240.198 Safari/537.36" 
117.32.102.2, 39.97.49.232 - - [19/Mar/2021:11:34:32 +0800] "GET /api/v1/index/banner/ HTTP/1.1" 200 382 "-" "Mozilla/5.0 (Windows NT 6.1; WOW64) AppleWebKit/537.36 (KHTML, like Gecko) Chrome/86.0.4240.198 Safari/537.36" 
117.32.102.2, 39.97.49.232 - - [19/Mar/2021:11:34:32 +0800] "GET /api/v1/course/actual/?limit=3 HTTP/1.1" 200 2342 "-" "Mozilla/5.0 (Windows NT 6.1; WOW64) AppleWebKit/537.36 (KHTML, like Gecko) Chrome/86.0.4240.198 Safari/537.36" 
117.32.102.2, 39.97.49.232 - - [19/Mar/2021:11:34:32 +0800] "GET /api/v1/course/home-free/?limit=3 HTTP/1.1" 200 865 "-" "Mozilla/5.0 (Windows NT 6.1; WOW64) AppleWebKit/537.36 (KHTML, like Gecko) Chrome/86.0.4240.198 Safari/537.36" 
112.6.124.183 - - [19/Mar/2021:11:34:32 +0800] "GET /api/v1/play/sections/?section_id=26672 HTTP/1.1" 200 1599 "https://www.luffycity.com/" "Mozilla/5.0 (Windows NT 10.0; Win64; x64) AppleWebKit/537.36 (KHTML, like Gecko) Chrome/89.0.4389.90 Safari/537.36" 
112.6.124.183 - - [19/Mar/2021:11:34:33 +0800] "GET /api/v1/play/26672/?play_id=26672 HTTP/1.1" 200 383 "https://www.luffycity.com/" "Mozilla/5.0 (Windows NT 10.0; Win64; x64) AppleWebKit/537.36 (KHTML, like Gecko) Chrome/89.0.4389.90 Safari/537.36" 
61.162.190.70, 39.97.49.232 - - [19/Mar/2021:11:34:35 +0800] "GET /api/v1/auth/token/ HTTP/1.1" 200 368 "-" "Mozilla/5.0 (Windows NT 10.0; Win64; x64) AppleWebKit/537.36 (KHTML, like Gecko) Chrome/89.0.4389.90 Safari/537.36" 
61.162.190.70, 39.97.49.232 - - [19/Mar/2021:11:34:35 +0800] "GET /api/v1/result/ HTTP/1.1" 200 231 "-" "Mozilla/5.0 (Windows NT 10.0; Win64; x64) AppleWebKit/537.36 (KHTML, like Gecko) Chrome/89.0.4389.90 Safari/537.36" 
61.162.190.70, 39.97.49.232 - - [19/Mar/2021:11:34:35 +0800] "GET /api/v1/course/actual/?limit=3 HTTP/1.1" 200 2342 "-" "Mozilla/5.0 (Windows NT 10.0; Win64; x64) AppleWebKit/537.36 (KHTML, like Gecko) Chrome/89.0.4389.90 Safari/537.36" 
61.162.190.70, 39.97.49.232 - - [19/Mar/2021:11:34:35 +0800] "GET /api/v1/course/degree/ HTTP/1.1" 200 951 "-" "Mozilla/5.0 (Windows NT 10.0; Win64; x64) AppleWebKit/537.36 (KHTML, like Gecko) Chrome/89.0.4389.90 Safari/537.36" 
61.162.190.70 - - [19/Mar/2021:11:34:36 +0800] "OPTIONS /api/v1/result/enroll/?resultType=enroll&limit=2 HTTP/1.1" 200 0 "https://www.luffycity.com/" "Mozilla/5.0 (Windows NT 10.0; Win64; x64) AppleWebKit/537.36 (KHTML, like Gecko) Chrome/89.0.4389.90 Safari/537.36" 
61.162.190.70 - - [19/Mar/2021:11:34:38 +0800] "OPTIONS /api/v1/study/degrees/ HTTP/1.1" 200 0 "https://www.luffycity.com/" "Mozilla/5.0 (Windows NT 10.0; Win64; x64) AppleWebKit/537.36 (KHTML, like Gecko) Chrome/89.0.4389.90 Safari/537.36" 
61.162.190.70 - - [19/Mar/2021:11:34:38 +0800] "OPTIONS /api/v1/study/degrees/0/mentor/?degree_id=0 HTTP/1.1" 200 0 "https://www.luffycity.com/" "Mozilla/5.0 (Windows NT 10.0; Win64; x64) AppleWebKit/537.36 (KHTML, like Gecko) Chrome/89.0.4389.90 Safari/537.36" 
61.162.190.70 - - [19/Mar/2021:11:34:38 +0800] "GET /api/v1/study/degrees/0/mentor/?degree_id=0 HTTP/1.1" 200 137 "https://www.luffycity.com/" "Mozilla/5.0 (Windows NT 10.0; Win64; x64) AppleWebKit/537.36 (KHTML, like Gecko) Chrome/89.0.4389.90 Safari/537.36" 
61.162.190.70 - - [19/Mar/2021:11:34:38 +0800] "OPTIONS /api/v1/study/degrees/1/?degree_id=1 HTTP/1.1" 200 0 "https://www.luffycity.com/" "Mozilla/5.0 (Windows NT 10.0; Win64; x64) AppleWebKit/537.36 (KHTML, like Gecko) Chrome/89.0.4389.90 Safari/537.36" 
61.162.190.70 - - [19/Mar/2021:11:34:38 +0800] "OPTIONS /api/v1/study/degrees/1/mentor/?degree_id=1 HTTP/1.1" 200 0 "https://www.luffycity.com/" "Mozilla/5.0 (Windows NT 10.0; Win64; x64) AppleWebKit/537.36 (KHTML, like Gecko) Chrome/89.0.4389.90 Safari/537.36" 
61.162.190.70 - - [19/Mar/2021:11:34:39 +0800] "GET /api/v1/study/data/?degree_id=1 HTTP/1.1" 200 113 "https://www.luffycity.com/" "Mozilla/5.0 (Windows NT 10.0; Win64; x64) AppleWebKit/537.36 (KHTML, like Gecko) Chrome/89.0.4389.90 Safari/537.36" 
113.140.18.178, 39.97.49.232 - - [19/Mar/2021:11:34:45 +0800] "GET /api/v1/result/ HTTP/1.1" 200 231 "http://c.biancheng.net/view/3773.html" "Mozilla/5.0 (Windows NT 10.0; Win64; x64) AppleWebKit/537.36 (KHTML, like Gecko) Chrome/78.0.3904.87 Safari/537.36" 
223.157.111.113 - - [19/Mar/2021:11:34:46 +0800] "OPTIONS /api/v1/play/sections/?section_id=2959 HTTP/1.1" 200 0 "https://www.luffycity.com/play/2959" "Mozilla/5.0 (Windows NT 10.0; WOW64) AppleWebKit/537.36 (KHTML, like Gecko) Chrome/53.0.2785.116 Safari/537.36 QBCore/4.0.1316.400 QQBrowser/9.0.2524.400 Mozilla/5.0 (Windows NT 6.1; WOW64) AppleWebKit/537.36 (KHTML, like Gecko) Chrome/53.0.2875.116 Safari/537.36 NetType/WIFI MicroMessenger/7.0.20.1781(0x6700143B) WindowsWechat" 
223.157.111.113 - - [19/Mar/2021:11:34:46 +0800] "OPTIONS /api/v1/play/2959/?play_id=2959 HTTP/1.1" 200 0 "https://www.luffycity.com/play/2959" "Mozilla/5.0 (Windows NT 10.0; WOW64) AppleWebKit/537.36 (KHTML, like Gecko) Chrome/53.0.2785.116 Safari/537.36 QBCore/4.0.1316.400 QQBrowser/9.0.2524.400 Mozilla/5.0 (Windows NT 6.1; WOW64) AppleWebKit/537.36 (KHTML, like Gecko) Chrome/53.0.2875.116 Safari/537.36 NetType/WIFI MicroMessenger/7.0.20.1781(0x6700143B) WindowsWechat" 
223.157.111.113 - - [19/Mar/2021:11:34:46 +0800] "GET /api/v1/survey/section/2959/?sectionId=2959 HTTP/1.1" 200 10 "https://www.luffycity.com/play/2959" "Mozilla/5.0 (Windows NT 10.0; WOW64) AppleWebKit/537.36 (KHTML, like Gecko) Chrome/53.0.2785.116 Safari/537.36 QBCore/4.0.1316.400 QQBrowser/9.0.2524.400 Mozilla/5.0 (Windows NT 6.1; WOW64) AppleWebKit/537.36 (KHTML, like Gecko) Chrome/53.0.2875.116 Safari/537.36 NetType/WIFI MicroMessenger/7.0.20.1781(0x6700143B) WindowsWechat" 
223.157.111.113 - - [19/Mar/2021:11:34:46 +0800] "GET /api/v1/play/sections/?section_id=2959 HTTP/1.1" 200 3450 "https://www.luffycity.com/play/2959" "Mozilla/5.0 (Windows NT 10.0; WOW64) AppleWebKit/537.36 (KHTML, like Gecko) Chrome/53.0.2785.116 Safari/537.36 QBCore/4.0.1316.400 QQBrowser/9.0.2524.400 Mozilla/5.0 (Windows NT 6.1; WOW64) AppleWebKit/537.36 (KHTML, like Gecko) Chrome/53.0.2875.116 Safari/537.36 NetType/WIFI MicroMessenger/7.0.20.1781(0x6700143B) WindowsWechat" 
61.162.190.70 - - [19/Mar/2021:11:34:49 +0800] "OPTIONS /api/v1/study/module/degree/47166/?courseType=degree&id=47166 HTTP/1.1" 200 0 "https://www.luffycity.com/" "Mozilla/5.0 (Windows NT 10.0; Win64; x64) AppleWebKit/537.36 (KHTML, like Gecko) Chrome/89.0.4389.90 Safari/537.36" 
113.68.109.177 - - [19/Mar/2021:11:34:52 +0800] "GET /api/v1/course/degree/4/?courseType=degree&id=4 HTTP/1.1" 200 629 "https://www.luffycity.com/" "Mozilla/5.0 (Macintosh; Intel Mac OS X 11_2_3) AppleWebKit/537.36 (KHTML, like Gecko) Chrome/89.0.4389.90 Safari/537.36" 
113.140.18.178 - - [19/Mar/2021:11:34:55 +0800] "OPTIONS /api/v1/activity/survey/?course_id=252 HTTP/1.1" 200 0 "https://www.luffycity.com/activity/python-8days-camp?source=c" "Mozilla/5.0 (Windows NT 10.0; Win64; x64) AppleWebKit/537.36 (KHTML, like Gecko) Chrome/78.0.3904.87 Safari/537.36" 
1.56.187.157 - - [19/Mar/2021:11:34:55 +0800] "GET /api/v1/play/28664/?play_id=28664 HTTP/1.1" 200 418 "https://m.luffycity.com/play/28662" "Mozilla/5.0 (iPhone; CPU iPhone OS 13_6 like Mac OS X) AppleWebKit/605.1.15 (KHTML, like Gecko) Version/13.1.2 Mobile/15E148 Safari/604.1" 
218.94.16.26, 39.97.49.232 - - [19/Mar/2021:11:34:56 +0800] "GET /api/v1/result/ HTTP/1.1" 200 231 "https://book.apeland.cn/details/21/" "Mozilla/5.0 (Windows NT 10.0; Win64; x64) AppleWebKit/537.36 (KHTML, like Gecko) Chrome/86.0.4240.198 Safari/537.36" 
218.94.16.26, 39.97.49.232 - - [19/Mar/2021:11:34:56 +0800] "GET /api/v1/index/banner/ HTTP/1.1" 200 382 "https://book.apeland.cn/details/21/" "Mozilla/5.0 (Windows NT 10.0; Win64; x64) AppleWebKit/537.36 (KHTML, like Gecko) Chrome/86.0.4240.198 Safari/537.36" 
101.68.86.29 - - [19/Mar/2021:11:34:58 +0800] "OPTIONS /api/v1/course/free/ HTTP/1.1" 200 0 "https://www.luffycity.com/" "Mozilla/5.0 (Macintosh; Intel Mac OS X 11_2_2) AppleWebKit/537.36 (KHTML, like Gecko) Chrome/88.0.4324.192 Safari/537.36" 
101.68.86.29 - - [19/Mar/2021:11:34:58 +0800] "GET /api/v1/course/category/free/?courseType=free HTTP/1.1" 200 174 "https://www.luffycity.com/" "Mozilla/5.0 (Macintosh; Intel Mac OS X 11_2_2) AppleWebKit/537.36 (KHTML, like Gecko) Chrome/88.0.4324.192 Safari/537.36" 
218.94.16.26 - - [19/Mar/2021:11:34:58 +0800] "OPTIONS /api/v1/result/enroll/?resultType=enroll&limit=2 HTTP/1.1" 200 0 "https://www.luffycity.com/" "Mozilla/5.0 (Windows NT 10.0; Win64; x64) AppleWebKit/537.36 (KHTML, like Gecko) Chrome/86.0.4240.198 Safari/537.36" 
185.191.171.2, 39.97.49.232 - - [19/Mar/2021:11:35:00 +0800] "GET /api/v1/result/ HTTP/1.1" 200 231 "-" "Mozilla/5.0 (compatible; SemrushBot/7~bl; +http://www.semrush.com/bot.html)" 
185.191.171.2, 39.97.49.232 - - [19/Mar/2021:11:35:00 +0800] "GET /api/v1/course/actual/9/?courseType=actual&id=9 HTTP/1.1" 200 977 "-" "Mozilla/5.0 (compatible; SemrushBot/7~bl; +http://www.semrush.com/bot.html)" 
101.68.86.29 - - [19/Mar/2021:11:35:00 +0800] "GET /api/v1/course/free/ HTTP/1.1" 200 1897 "https://www.luffycity.com/" "Mozilla/5.0 (Macintosh; Intel Mac OS X 11_2_2) AppleWebKit/537.36 (KHTML, like Gecko) Chrome/88.0.4324.192 Safari/537.36" 
101.68.86.29 - - [19/Mar/2021:11:35:02 +0800] "GET /api/v1/course/free/ HTTP/1.1" 200 1897 "https://www.luffycity.com/" "Mozilla/5.0 (Macintosh; Intel Mac OS X 11_2_2) AppleWebKit/537.36 (KHTML, like Gecko) Chrome/88.0.4324.192 Safari/537.36" 
101.68.86.29 - - [19/Mar/2021:11:35:03 +0800] "GET /api/v1/course/free/ HTTP/1.1" 200 1897 "https://www.luffycity.com/" "Mozilla/5.0 (Macintosh; Intel Mac OS X 11_2_2) AppleWebKit/537.36 (KHTML, like Gecko) Chrome/88.0.4324.192 Safari/537.36" 
101.68.86.29 - - [19/Mar/2021:11:35:03 +0800] "GET /api/v1/course/category/free/?courseType=free HTTP/1.1" 200 174 "https://www.luffycity.com/" "Mozilla/5.0 (Macintosh; Intel Mac OS X 11_2_2) AppleWebKit/537.36 (KHTML, like Gecko) Chrome/88.0.4324.192 Safari/537.36" 
113.68.109.177 - - [19/Mar/2021:11:35:04 +0800] "OPTIONS /api/v1/course/degree/4/study-route/?courseType=degree&id=4 HTTP/1.1" 200 0 "https://www.luffycity.com/" "Mozilla/5.0 (Macintosh; Intel Mac OS X 11_2_3) AppleWebKit/537.36 (KHTML, like Gecko) Chrome/89.0.4389.90 Safari/537.36" 
113.68.109.177 - - [19/Mar/2021:11:35:04 +0800] "GET /api/v1/course/degree/4/study-route/?courseType=degree&id=4 HTTP/1.1" 200 1433 "https://www.luffycity.com/" "Mozilla/5.0 (Macintosh; Intel Mac OS X 11_2_3) AppleWebKit/537.36 (KHTML, like Gecko) Chrome/89.0.4389.90 Safari/537.36" 
106.33.230.147 - - [19/Mar/2021:11:35:13 +0800] "OPTIONS /api/v1/comment/?section_id=30874&limit=10&offset=0 HTTP/1.1" 200 0 "https://www.luffycity.com/play/30874" "Mozilla/5.0 (Windows NT 10.0; Win64; x64; rv:86.0) Gecko/20100101 Firefox/86.0" 
106.33.230.147 - - [19/Mar/2021:11:35:13 +0800] "OPTIONS /api/v1/survey/section/30874/?sectionId=30874 HTTP/1.1" 200 0 "https://www.luffycity.com/play/30874" "Mozilla/5.0 (Windows NT 10.0; Win64; x64; rv:86.0) Gecko/20100101 Firefox/86.0" 
106.33.230.147 - - [19/Mar/2021:11:35:13 +0800] "GET /api/v1/survey/section/30874/?sectionId=30874 HTTP/1.1" 200 10 "https://www.luffycity.com/play/30874" "Mozilla/5.0 (Windows NT 10.0; Win64; x64; rv:86.0) Gecko/20100101 Firefox/86.0" 
106.33.230.147 - - [19/Mar/2021:11:35:13 +0800] "GET /api/v1/comment/?section_id=30874&limit=10&offset=0 HTTP/1.1" 200 1643 "https://www.luffycity.com/play/30874" "Mozilla/5.0 (Windows NT 10.0; Win64; x64; rv:86.0) Gecko/20100101 Firefox/86.0" 
101.68.86.29 - - [19/Mar/2021:11:35:15 +0800] "OPTIONS /api/v1/course/free/137/?courseType=free&id=137 HTTP/1.1" 200 0 "https://www.luffycity.com/" "Mozilla/5.0 (Macintosh; Intel Mac OS X 11_2_2) AppleWebKit/537.36 (KHTML, like Gecko) Chrome/88.0.4324.192 Safari/537.36" 
101.68.86.29 - - [19/Mar/2021:11:35:15 +0800] "OPTIONS /api/v1/course/free/137/sections/?courseType=free&id=137 HTTP/1.1" 200 0 "https://www.luffycity.com/" "Mozilla/5.0 (Macintosh; Intel Mac OS X 11_2_2) AppleWebKit/537.36 (KHTML, like Gecko) Chrome/88.0.4324.192 Safari/537.36" 
117.32.102.2, 39.97.49.232 - - [19/Mar/2021:11:35:16 +0800] "GET /api/v1/course/degree/ HTTP/1.1" 200 951 "https://www.luffycity.com/" "Mozilla/5.0 (Windows NT 6.1; WOW64) AppleWebKit/537.36 (KHTML, like Gecko) Chrome/86.0.4240.198 Safari/537.36" 
218.94.16.26, 39.97.49.232 - - [19/Mar/2021:11:35:18 +0800] "GET /api/v1/auth/token/ HTTP/1.1" 200 29 "https://www.luffycity.com/" "Mozilla/5.0 (Windows NT 10.0; Win64; x64) AppleWebKit/537.36 (KHTML, like Gecko) Chrome/86.0.4240.198 Safari/537.36" 
61.162.190.70 - - [19/Mar/2021:11:35:18 +0800] "GET /api/v1/study/degrees/0/mentor/?degree_id=0 HTTP/1.1" 200 137 "https://www.luffycity.com/" "Mozilla/5.0 (Windows NT 10.0; Win64; x64) AppleWebKit/537.36 (KHTML, like Gecko) Chrome/89.0.4389.90 Safari/537.36" 
61.162.190.70 - - [19/Mar/2021:11:35:18 +0800] "GET /api/v1/study/degrees/ HTTP/1.1" 200 262 "https://www.luffycity.com/" "Mozilla/5.0 (Windows NT 10.0; Win64; x64) AppleWebKit/537.36 (KHTML, like Gecko) Chrome/89.0.4389.90 Safari/537.36" 
61.162.190.70 - - [19/Mar/2021:11:35:18 +0800] "GET /api/v1/study/data/?degree_id=1 HTTP/1.1" 200 113 "https://www.luffycity.com/" "Mozilla/5.0 (Windows NT 10.0; Win64; x64) AppleWebKit/537.36 (KHTML, like Gecko) Chrome/89.0.4389.90 Safari/537.36" 
61.162.190.70 - - [19/Mar/2021:11:35:22 +0800] "OPTIONS /api/v1/study/module/degree/47167/?courseType=degree&id=47167 HTTP/1.1" 200 0 "https://www.luffycity.com/" "Mozilla/5.0 (Windows NT 10.0; Win64; x64) AppleWebKit/537.36 (KHTML, like Gecko) Chrome/89.0.4389.90 Safari/537.36" 
101.68.81.34, 39.97.49.232 - - [19/Mar/2021:11:35:29 +0800] "GET /api/v1/auth/token/ HTTP/1.1" 200 29 "https://www.luffycity.com/free-course/137/detail" "Mozilla/5.0 (Macintosh; Intel Mac OS X 11_2_2) AppleWebKit/537.36 (KHTML, like Gecko) Chrome/88.0.4324.192 Safari/537.36" 
101.68.81.34, 39.97.49.232 - - [19/Mar/2021:11:35:29 +0800] "GET /api/v1/course/category/actual/?courseType=actual HTTP/1.1" 200 252 "https://www.luffycity.com/free-course/137/detail" "Mozilla/5.0 (Macintosh; Intel Mac OS X 11_2_2) AppleWebKit/537.36 (KHTML, like Gecko) Chrome/88.0.4324.192 Safari/537.36" 
101.68.81.34, 39.97.49.232 - - [19/Mar/2021:11:35:29 +0800] "GET /api/v1/course/actual/ HTTP/1.1" 200 25980 "https://www.luffycity.com/free-course/137/detail" "Mozilla/5.0 (Macintosh; Intel Mac OS X 11_2_2) AppleWebKit/537.36 (KHTML, like Gecko) Chrome/88.0.4324.192 Safari/537.36" 
101.68.86.29 - - [19/Mar/2021:11:35:33 +0800] "OPTIONS /api/v1/course/category/actual/?courseType=actual HTTP/1.1" 200 0 "https://www.luffycity.com/" "Mozilla/5.0 (Macintosh; Intel Mac OS X 11_2_2) AppleWebKit/537.36 (KHTML, like Gecko) Chrome/88.0.4324.192 Safari/537.36" 
101.68.86.29 - - [19/Mar/2021:11:35:33 +0800] "OPTIONS /api/v1/course/actual/?category_id=11 HTTP/1.1" 200 0 "https://www.luffycity.com/" "Mozilla/5.0 (Macintosh; Intel Mac OS X 11_2_2) AppleWebKit/537.36 (KHTML, like Gecko) Chrome/88.0.4324.192 Safari/537.36" 
101.68.81.34, 39.97.49.232 - - [19/Mar/2021:11:35:36 +0800] "GET /api/v1/result/ HTTP/1.1" 200 231 "https://www.luffycity.com/actual-course?category_id=11" "Mozilla/5.0 (Macintosh; Intel Mac OS X 11_2_2) AppleWebKit/537.36 (KHTML, like Gecko) Chrome/88.0.4324.192 Safari/537.36" 
101.68.81.34, 39.97.49.232 - - [19/Mar/2021:11:35:36 +0800] "GET /api/v1/course/actual/150/?courseType=actual&id=150 HTTP/1.1" 200 905 "https://www.luffycity.com/actual-course?category_id=11" "Mozilla/5.0 (Macintosh; Intel Mac OS X 11_2_2) AppleWebKit/537.36 (KHTML, like Gecko) Chrome/88.0.4324.192 Safari/537.36" 
101.68.86.29 - - [19/Mar/2021:11:35:37 +0800] "OPTIONS /api/v1/course/actual/150/payment/?courseType=actual&id=150 HTTP/1.1" 200 0 "https://www.luffycity.com/" "Mozilla/5.0 (Macintosh; Intel Mac OS X 11_2_2) AppleWebKit/537.36 (KHTML, like Gecko) Chrome/88.0.4324.192 Safari/537.36" 
101.68.86.29 - - [19/Mar/2021:11:35:37 +0800] "GET /api/v1/course/actual/150/payment/?courseType=actual&id=150 HTTP/1.1" 200 301 "https://www.luffycity.com/" "Mozilla/5.0 (Macintosh; Intel Mac OS X 11_2_2) AppleWebKit/537.36 (KHTML, like Gecko) Chrome/88.0.4324.192 Safari/537.36" 
113.68.109.177 - - [19/Mar/2021:11:35:38 +0800] "GET /api/v1/course/degree/23/?courseType=degree&id=23 HTTP/1.1" 200 658 "https://www.luffycity.com/" "Mozilla/5.0 (Macintosh; Intel Mac OS X 11_2_3) AppleWebKit/537.36 (KHTML, like Gecko) Chrome/89.0.4389.90 Safari/537.36" 
61.162.190.70 - - [19/Mar/2021:11:35:38 +0800] "OPTIONS /api/v1/play/sections/?section_id=14360 HTTP/1.1" 200 0 "https://www.luffycity.com/" "Mozilla/5.0 (Windows NT 10.0; Win64; x64) AppleWebKit/537.36 (KHTML, like Gecko) Chrome/89.0.4389.90 Safari/537.36" 
61.162.190.70 - - [19/Mar/2021:11:35:38 +0800] "OPTIONS /api/v1/play/14360/?play_id=14360 HTTP/1.1" 200 0 "https://www.luffycity.com/" "Mozilla/5.0 (Windows NT 10.0; Win64; x64) AppleWebKit/537.36 (KHTML, like Gecko) Chrome/89.0.4389.90 Safari/537.36" 
61.162.190.70 - - [19/Mar/2021:11:35:38 +0800] "GET /api/v1/comment/?section_id=14360&limit=10&offset=0 HTTP/1.1" 200 1558 "https://www.luffycity.com/" "Mozilla/5.0 (Windows NT 10.0; Win64; x64) AppleWebKit/537.36 (KHTML, like Gecko) Chrome/89.0.4389.90 Safari/537.36" 
61.162.190.70 - - [19/Mar/2021:11:35:38 +0800] "GET /api/v1/play/sections/?section_id=14360 HTTP/1.1" 200 8378 "https://www.luffycity.com/" "Mozilla/5.0 (Windows NT 10.0; Win64; x64) AppleWebKit/537.36 (KHTML, like Gecko) Chrome/89.0.4389.90 Safari/537.36" 
113.68.109.177 - - [19/Mar/2021:11:35:44 +0800] "OPTIONS /api/v1/course/degree/23/study-route/?courseType=degree&id=23 HTTP/1.1" 200 0 "https://www.luffycity.com/" "Mozilla/5.0 (Macintosh; Intel Mac OS X 11_2_3) AppleWebKit/537.36 (KHTML, like Gecko) Chrome/89.0.4389.90 Safari/537.36" 
113.68.109.177 - - [19/Mar/2021:11:35:44 +0800] "GET /api/v1/course/degree/23/study-route/?courseType=degree&id=23 HTTP/1.1" 200 2083 "https://www.luffycity.com/" "Mozilla/5.0 (Macintosh; Intel Mac OS X 11_2_3) AppleWebKit/537.36 (KHTML, like Gecko) Chrome/89.0.4389.90 Safari/537.36" 
117.32.102.2, 39.97.49.232 - - [19/Mar/2021:11:35:45 +0800] "GET /api/v1/auth/token/ HTTP/1.1" 200 29 "https://www.luffycity.com/" "Mozilla/5.0 (Windows NT 6.1; WOW64; Trident/7.0; rv:11.0) like Gecko" 
117.32.102.2, 39.97.49.232 - - [19/Mar/2021:11:35:45 +0800] "GET /api/v1/result/ HTTP/1.1" 200 231 "https://www.luffycity.com/" "Mozilla/5.0 (Windows NT 6.1; WOW64; Trident/7.0; rv:11.0) like Gecko" 
61.157.16.22 - - [19/Mar/2021:11:35:49 +0800] "OPTIONS /api/v1/survey/section/2900/?sectionId=2900 HTTP/1.1" 200 0 "https://www.luffycity.com/" "Mozilla/5.0 (Windows NT 10.0; Win64; x64) AppleWebKit/537.36 (KHTML, like Gecko) Chrome/88.0.4324.104 Safari/537.36" 
61.157.16.22 - - [19/Mar/2021:11:35:49 +0800] "OPTIONS /api/v1/comment/?section_id=2900&limit=10&offset=0 HTTP/1.1" 200 0 "https://www.luffycity.com/" "Mozilla/5.0 (Windows NT 10.0; Win64; x64) AppleWebKit/537.36 (KHTML, like Gecko) Chrome/88.0.4324.104 Safari/537.36" 
61.157.16.22 - - [19/Mar/2021:11:35:49 +0800] "GET /api/v1/survey/section/2900/?sectionId=2900 HTTP/1.1" 200 10 "https://www.luffycity.com/" "Mozilla/5.0 (Windows NT 10.0; Win64; x64) AppleWebKit/537.36 (KHTML, like Gecko) Chrome/88.0.4324.104 Safari/537.36" 
61.157.16.22 - - [19/Mar/2021:11:35:49 +0800] "GET /api/v1/play/2900/?play_id=2900 HTTP/1.1" 200 434 "https://www.luffycity.com/" "Mozilla/5.0 (Windows NT 10.0; Win64; x64) AppleWebKit/537.36 (KHTML, like Gecko) Chrome/88.0.4324.104 Safari/537.36" 
117.32.102.2, 39.97.49.232 - - [19/Mar/2021:11:35:56 +0800] "GET /api/v1/course/actual/?limit=3 HTTP/1.1" 200 2342 "-" "Mozilla/5.0 (Windows NT 6.1; WOW64; Trident/7.0; rv:11.0) like Gecko" 
117.32.102.2, 39.97.49.232 - - [19/Mar/2021:11:35:56 +0800] "GET /api/v1/course/home-free/?limit=3 HTTP/1.1" 200 865 "-" "Mozilla/5.0 (Windows NT 6.1; WOW64; Trident/7.0; rv:11.0) like Gecko" 
101.68.81.34, 39.97.49.232 - - [19/Mar/2021:11:36:02 +0800] "GET /api/v1/auth/token/ HTTP/1.1" 200 29 "https://www.luffycity.com/free-course/137/detail" "Mozilla/5.0 (Macintosh; Intel Mac OS X 11_2_2) AppleWebKit/537.36 (KHTML, like Gecko) Chrome/88.0.4324.192 Safari/537.36" 
