59.67.0.189 - - [19/Mar/2021:21:20:06 +0800] "OPTIONS /api/v1/play/sections/?section_id=31016 HTTP/1.1" 200 0 "https://www.luffycity.com/" "Mozilla/5.0 (Windows NT 10.0; Win64; x64) AppleWebKit/537.36 (KHTML, like Gecko) Chrome/87.0.4280.141 Safari/537.36" 
59.67.0.189 - - [19/Mar/2021:21:20:06 +0800] "OPTIONS /api/v1/play/31016/?play_id=31016 HTTP/1.1" 200 0 "https://www.luffycity.com/" "Mozilla/5.0 (Windows NT 10.0; Win64; x64) AppleWebKit/537.36 (KHTML, like Gecko) Chrome/87.0.4280.141 Safari/537.36" 
59.67.0.189 - - [19/Mar/2021:21:20:06 +0800] "GET /api/v1/survey/section/31016/?sectionId=31016 HTTP/1.1" 200 10 "https://www.luffycity.com/" "Mozilla/5.0 (Windows NT 10.0; Win64; x64) AppleWebKit/537.36 (KHTML, like Gecko) Chrome/87.0.4280.141 Safari/537.36" 
59.67.0.189 - - [19/Mar/2021:21:20:07 +0800] "GET /api/v1/comment/?section_id=31016&limit=10&offset=0 HTTP/1.1" 200 1798 "https://www.luffycity.com/" "Mozilla/5.0 (Windows NT 10.0; Win64; x64) AppleWebKit/537.36 (KHTML, like Gecko) Chrome/87.0.4280.141 Safari/537.36" 
101.81.57.158 - - [19/Mar/2021:21:20:09 +0800] "OPTIONS /api/v1/play/sections/?section_id=31708 HTTP/1.1" 200 0 "https://www.luffycity.com/" "Mozilla/5.0 (Macintosh; Intel Mac OS X 11_2_3) AppleWebKit/537.36 (KHTML, like Gecko) Chrome/89.0.4389.82 Safari/537.36" 
101.81.57.158 - - [19/Mar/2021:21:20:09 +0800] "OPTIONS /api/v1/play/31708/?play_id=31708 HTTP/1.1" 200 0 "https://www.luffycity.com/" "Mozilla/5.0 (Macintosh; Intel Mac OS X 11_2_3) AppleWebKit/537.36 (KHTML, like Gecko) Chrome/89.0.4389.82 Safari/537.36" 
101.81.57.158 - - [19/Mar/2021:21:20:09 +0800] "GET /api/v1/comment/?section_id=31708&limit=10&offset=0 HTTP/1.1" 200 69 "https://www.luffycity.com/" "Mozilla/5.0 (Macintosh; Intel Mac OS X 11_2_3) AppleWebKit/537.36 (KHTML, like Gecko) Chrome/89.0.4389.82 Safari/537.36" 
101.81.57.158 - - [19/Mar/2021:21:20:09 +0800] "GET /api/v1/play/sections/?section_id=31708 HTTP/1.1" 200 2229 "https://www.luffycity.com/" "Mozilla/5.0 (Macintosh; Intel Mac OS X 11_2_3) AppleWebKit/537.36 (KHTML, like Gecko) Chrome/89.0.4389.82 Safari/537.36" 
123.112.193.2 - - [19/Mar/2021:21:20:10 +0800] "OPTIONS /api/v1/course/category/free/?courseType=free HTTP/1.1" 200 0 "https://www.luffycity.com/free-course/127/comments" "Mozilla/5.0 (Macintosh; Intel Mac OS X 10.16; rv:78.0) Gecko/20100101 Firefox/78.0" 
123.112.193.2 - - [19/Mar/2021:21:20:10 +0800] "GET /api/v1/course/category/free/?courseType=free HTTP/1.1" 200 174 "https://www.luffycity.com/free-course/127/comments" "Mozilla/5.0 (Macintosh; Intel Mac OS X 10.16; rv:78.0) Gecko/20100101 Firefox/78.0" 
123.112.193.2 - - [19/Mar/2021:21:20:13 +0800] "OPTIONS /api/v1/course/free/127/?courseType=free&id=127 HTTP/1.1" 200 0 "https://www.luffycity.com/free-course/127/comments" "Mozilla/5.0 (Macintosh; Intel Mac OS X 10.16; rv:78.0) Gecko/20100101 Firefox/78.0" 
123.112.193.2 - - [19/Mar/2021:21:20:13 +0800] "GET /api/v1/comment/?course_id=127&limit=10&offset=0 HTTP/1.1" 200 1699 "https://www.luffycity.com/free-course/127/comments" "Mozilla/5.0 (Macintosh; Intel Mac OS X 10.16; rv:78.0) Gecko/20100101 Firefox/78.0" 
123.112.193.2, 39.97.49.232 - - [19/Mar/2021:21:20:31 +0800] "GET /api/v1/auth/token/ HTTP/1.1" 200 29 "https://www.luffycity.com/search?words=DJango" "Mozilla/5.0 (Macintosh; Intel Mac OS X 10.16; rv:78.0) Gecko/20100101 Firefox/78.0" 
123.112.193.2, 39.97.49.232 - - [19/Mar/2021:21:20:32 +0800] "GET /api/v1/course/actual/195/?courseType=actual&id=195 HTTP/1.1" 200 1959 "https://www.luffycity.com/search?words=DJango" "Mozilla/5.0 (Macintosh; Intel Mac OS X 10.16; rv:78.0) Gecko/20100101 Firefox/78.0" 
123.112.193.2 - - [19/Mar/2021:21:20:35 +0800] "OPTIONS /api/v1/media/play/3c56ddb9cbb8419c9d36591ddf2c9ba7/?suffix=3c56ddb9cbb8419c9d36591ddf2c9ba7 HTTP/1.1" 200 0 "https://www.luffycity.com/actual-course/195" "Mozilla/5.0 (Macintosh; Intel Mac OS X 10.16; rv:78.0) Gecko/20100101 Firefox/78.0" 
123.112.193.2 - - [19/Mar/2021:21:20:35 +0800] "GET /api/v1/media/play/3c56ddb9cbb8419c9d36591ddf2c9ba7/?suffix=3c56ddb9cbb8419c9d36591ddf2c9ba7 HTTP/1.1" 200 1782 "https://www.luffycity.com/actual-course/195" "Mozilla/5.0 (Macintosh; Intel Mac OS X 10.16; rv:78.0) Gecko/20100101 Firefox/78.0" 
40.77.167.17, 39.97.49.232 - - [19/Mar/2021:21:20:43 +0800] "GET /api/v1/auth/token/ HTTP/1.1" 200 29 "-" "Mozilla/5.0 (compatible; bingbot/2.0; +http://www.bing.com/bingbot.htm)" 
123.112.193.2, 39.97.49.232 - - [19/Mar/2021:21:20:47 +0800] "GET /api/v1/auth/token/ HTTP/1.1" 200 29 "-" "Mozilla/5.0 (Macintosh; Intel Mac OS X 10.16; rv:78.0) Gecko/20100101 Firefox/78.0" 
123.112.193.2 - - [19/Mar/2021:21:20:48 +0800] "GET /api/v1/course/actual/195/payment/?courseType=actual&id=195 HTTP/1.1" 200 317 "https://www.luffycity.com/actual-course/195/detail" "Mozilla/5.0 (Macintosh; Intel Mac OS X 10.16; rv:78.0) Gecko/20100101 Firefox/78.0" 
123.112.193.2 - - [19/Mar/2021:21:21:00 +0800] "OPTIONS /api/v1/auth/wechat/ HTTP/1.1" 200 0 "https://www.luffycity.com/free-course/127" "Mozilla/5.0 (Macintosh; Intel Mac OS X 10.16; rv:78.0) Gecko/20100101 Firefox/78.0" 
221.11.20.107, 39.97.49.232 - - [19/Mar/2021:21:21:02 +0800] "GET /api/v1/auth/token/ HTTP/1.1" 200 64 "https://cn.bing.com/" "Mozilla/5.0 (Windows NT 10.0; WOW64) AppleWebKit/537.36 (KHTML, like Gecko) Chrome/89.0.4389.90 Safari/537.36 FS" 
183.36.69.149 - - [19/Mar/2021:21:21:06 +0800] "OPTIONS /api/v1/comment/?section_id=1091&limit=10&offset=0 HTTP/1.1" 200 0 "-" "Mozilla/5.0 (Windows NT 10.0; WOW64) AppleWebKit/537.36 (KHTML, like Gecko) Chrome/70.0.3538.25 Safari/537.36 Core/1.70.3861.400 QQBrowser/10.7.4313.400" 
183.36.69.149 - - [19/Mar/2021:21:21:06 +0800] "OPTIONS /api/v1/play/1091/?play_id=1091 HTTP/1.1" 200 0 "-" "Mozilla/5.0 (Windows NT 10.0; WOW64) AppleWebKit/537.36 (KHTML, like Gecko) Chrome/70.0.3538.25 Safari/537.36 Core/1.70.3861.400 QQBrowser/10.7.4313.400" 
183.36.69.149 - - [19/Mar/2021:21:21:06 +0800] "GET /api/v1/comment/?section_id=1091&limit=10&offset=0 HTTP/1.1" 200 1427 "https://www.luffycity.com/play/1091" "Mozilla/5.0 (Windows NT 10.0; WOW64) AppleWebKit/537.36 (KHTML, like Gecko) Chrome/70.0.3538.25 Safari/537.36 Core/1.70.3861.400 QQBrowser/10.7.4313.400" 
183.36.69.149 - - [19/Mar/2021:21:21:06 +0800] "GET /api/v1/play/1091/?play_id=1091 HTTP/1.1" 200 410 "https://www.luffycity.com/play/1091" "Mozilla/5.0 (Windows NT 10.0; WOW64) AppleWebKit/537.36 (KHTML, like Gecko) Chrome/70.0.3538.25 Safari/537.36 Core/1.70.3861.400 QQBrowser/10.7.4313.400" 
36.130.36.253 - - [19/Mar/2021:21:21:09 +0800] "GET /api/v1/auth/wechat/ HTTP/1.1" 200 232 "https://www.luffycity.com/" "Mozilla/5.0 (Windows NT 6.1; Win64; x64) AppleWebKit/537.36 (KHTML, like Gecko) Chrome/89.0.4389.90 Safari/537.36" 
36.130.36.253 - - [19/Mar/2021:21:21:14 +0800] "OPTIONS /api/v1/course/degree/ HTTP/1.1" 200 0 "https://www.luffycity.com/" "Mozilla/5.0 (Windows NT 6.1; Win64; x64) AppleWebKit/537.36 (KHTML, like Gecko) Chrome/89.0.4389.90 Safari/537.36" 
36.130.36.253 - - [19/Mar/2021:21:21:15 +0800] "GET /api/v1/course/actual/?limit=3 HTTP/1.1" 200 2342 "https://www.luffycity.com/" "Mozilla/5.0 (Windows NT 6.1; Win64; x64) AppleWebKit/537.36 (KHTML, like Gecko) Chrome/89.0.4389.90 Safari/537.36" 
36.130.36.253 - - [19/Mar/2021:21:21:15 +0800] "GET /api/v1/course/degree/ HTTP/1.1" 200 949 "https://www.luffycity.com/" "Mozilla/5.0 (Windows NT 6.1; Win64; x64) AppleWebKit/537.36 (KHTML, like Gecko) Chrome/89.0.4389.90 Safari/537.36" 
36.130.36.253 - - [19/Mar/2021:21:21:15 +0800] "GET /api/v1/course/home-free/?limit=3 HTTP/1.1" 200 865 "https://www.luffycity.com/" "Mozilla/5.0 (Windows NT 6.1; Win64; x64) AppleWebKit/537.36 (KHTML, like Gecko) Chrome/89.0.4389.90 Safari/537.36" 
36.130.36.253 - - [19/Mar/2021:21:21:15 +0800] "GET /api/v1/result/enroll/?resultType=enroll&limit=2 HTTP/1.1" 200 1878 "https://www.luffycity.com/" "Mozilla/5.0 (Windows NT 6.1; Win64; x64) AppleWebKit/537.36 (KHTML, like Gecko) Chrome/89.0.4389.90 Safari/537.36" 
221.11.20.107 - - [19/Mar/2021:21:21:18 +0800] "OPTIONS /api/v1/study/degrees/ HTTP/1.1" 200 0 "https://www.luffycity.com/" "Mozilla/5.0 (Windows NT 10.0; WOW64) AppleWebKit/537.36 (KHTML, like Gecko) Chrome/89.0.4389.90 Safari/537.36 FS" 
221.11.20.107 - - [19/Mar/2021:21:21:18 +0800] "OPTIONS /api/v1/study/degrees/0/mentor/?degree_id=0 HTTP/1.1" 200 0 "https://www.luffycity.com/" "Mozilla/5.0 (Windows NT 10.0; WOW64) AppleWebKit/537.36 (KHTML, like Gecko) Chrome/89.0.4389.90 Safari/537.36 FS" 
221.11.20.107 - - [19/Mar/2021:21:21:19 +0800] "GET /api/v1/study/data/ HTTP/1.1" 200 64 "https://www.luffycity.com/" "Mozilla/5.0 (Windows NT 10.0; WOW64) AppleWebKit/537.36 (KHTML, like Gecko) Chrome/89.0.4389.90 Safari/537.36 FS" 
221.11.20.107 - - [19/Mar/2021:21:21:19 +0800] "GET /api/v1/study/degrees/0/mentor/?degree_id=0 HTTP/1.1" 200 64 "https://www.luffycity.com/" "Mozilla/5.0 (Windows NT 10.0; WOW64) AppleWebKit/537.36 (KHTML, like Gecko) Chrome/89.0.4389.90 Safari/537.36 FS" 
123.98.50.69 - - [19/Mar/2021:21:21:23 +0800] "OPTIONS /api/v1/result/offer/?resultType=offer&limit=20&offset=20&degree_id=3 HTTP/1.1" 200 0 "https://www.luffycity.com/employment-course/3/chapter" "Mozilla/5.0 (Windows NT 6.1; Win64; x64; rv:84.0) Gecko/20100101 Firefox/84.0" 
123.98.50.69 - - [19/Mar/2021:21:21:23 +0800] "GET /api/v1/course/degree/3/sections/?courseType=degree&id=3 HTTP/1.1" 200 10793 "https://www.luffycity.com/employment-course/3/chapter" "Mozilla/5.0 (Windows NT 6.1; Win64; x64; rv:84.0) Gecko/20100101 Firefox/84.0" 
36.130.36.253 - - [19/Mar/2021:21:21:28 +0800] "GET /api/v1/course/free/143/?courseType=free&id=143 HTTP/1.1" 200 1718 "https://www.luffycity.com/" "Mozilla/5.0 (Windows NT 6.1; Win64; x64) AppleWebKit/537.36 (KHTML, like Gecko) Chrome/89.0.4389.90 Safari/537.36" 
36.130.36.253 - - [19/Mar/2021:21:21:29 +0800] "GET /api/v1/course/free/143/sections/?courseType=free&id=143 HTTP/1.1" 200 1625 "https://www.luffycity.com/" "Mozilla/5.0 (Windows NT 6.1; Win64; x64) AppleWebKit/537.36 (KHTML, like Gecko) Chrome/89.0.4389.90 Safari/537.36" 
112.24.137.189, 39.97.49.232 - - [19/Mar/2021:21:21:39 +0800] "GET /api/v1/result/ HTTP/1.1" 200 231 "-" "Mozilla/5.0 (Windows NT 10.0; Win64; x64) AppleWebKit/537.36 (KHTML, like Gecko) Chrome/87.0.4280.88 Safari/537.36" 
112.24.137.189, 39.97.49.232 - - [19/Mar/2021:21:21:39 +0800] "GET /api/v1/index/banner/ HTTP/1.1" 200 382 "-" "Mozilla/5.0 (Windows NT 10.0; Win64; x64) AppleWebKit/537.36 (KHTML, like Gecko) Chrome/87.0.4280.88 Safari/537.36" 
112.24.137.189, 39.97.49.232 - - [19/Mar/2021:21:21:39 +0800] "GET /api/v1/course/degree/ HTTP/1.1" 200 949 "-" "Mozilla/5.0 (Windows NT 10.0; Win64; x64) AppleWebKit/537.36 (KHTML, like Gecko) Chrome/87.0.4280.88 Safari/537.36" 
112.24.137.189, 39.97.49.232 - - [19/Mar/2021:21:21:39 +0800] "GET /api/v1/course/home-free/?limit=3 HTTP/1.1" 200 865 "-" "Mozilla/5.0 (Windows NT 10.0; Win64; x64) AppleWebKit/537.36 (KHTML, like Gecko) Chrome/87.0.4280.88 Safari/537.36" 
36.130.36.253 - - [19/Mar/2021:21:21:39 +0800] "OPTIONS /api/v1/auth/captcha/ HTTP/1.1" 200 0 "https://www.luffycity.com/" "Mozilla/5.0 (Windows NT 6.1; Win64; x64) AppleWebKit/537.36 (KHTML, like Gecko) Chrome/89.0.4389.90 Safari/537.36" 
112.24.137.189 - - [19/Mar/2021:21:21:40 +0800] "OPTIONS /api/v1/result/enroll/?resultType=enroll&limit=2 HTTP/1.1" 200 0 "https://www.luffycity.com/" "Mozilla/5.0 (Windows NT 10.0; Win64; x64) AppleWebKit/537.36 (KHTML, like Gecko) Chrome/87.0.4280.88 Safari/537.36" 
36.130.36.253 - - [19/Mar/2021:21:21:43 +0800] "GET /api/v1/auth/captcha/ HTTP/1.1" 200 137 "https://www.luffycity.com/" "Mozilla/5.0 (Windows NT 6.1; Win64; x64) AppleWebKit/537.36 (KHTML, like Gecko) Chrome/89.0.4389.90 Safari/537.36" 
112.24.137.189 - - [19/Mar/2021:21:21:51 +0800] "OPTIONS /api/v1/course/free/124/?courseType=free&id=124 HTTP/1.1" 200 0 "https://www.luffycity.com/" "Mozilla/5.0 (Windows NT 10.0; Win64; x64) AppleWebKit/537.36 (KHTML, like Gecko) Chrome/87.0.4280.88 Safari/537.36" 
112.24.137.189 - - [19/Mar/2021:21:21:51 +0800] "OPTIONS /api/v1/course/free/124/sections/?courseType=free&id=124 HTTP/1.1" 200 0 "https://www.luffycity.com/" "Mozilla/5.0 (Windows NT 10.0; Win64; x64) AppleWebKit/537.36 (KHTML, like Gecko) Chrome/87.0.4280.88 Safari/537.36" 
36.130.36.253 - - [19/Mar/2021:21:21:52 +0800] "OPTIONS /api/v1/check/mobile/?field=mobile&mobile=15502463903 HTTP/1.1" 200 0 "https://www.luffycity.com/" "Mozilla/5.0 (Windows NT 6.1; Win64; x64) AppleWebKit/537.36 (KHTML, like Gecko) Chrome/89.0.4389.90 Safari/537.36" 
36.130.36.253 - - [19/Mar/2021:21:21:52 +0800] "GET /api/v1/check/mobile/?field=mobile&mobile=15502463903 HTTP/1.1" 200 34 "https://www.luffycity.com/" "Mozilla/5.0 (Windows NT 6.1; Win64; x64) AppleWebKit/537.36 (KHTML, like Gecko) Chrome/89.0.4389.90 Safari/537.36" 
221.11.20.107 - - [19/Mar/2021:21:21:52 +0800] "OPTIONS /api/v1/auth/password/login/?loginWay=password HTTP/1.1" 200 0 "https://www.luffycity.com/" "Mozilla/5.0 (Windows NT 10.0; WOW64) AppleWebKit/537.36 (KHTML, like Gecko) Chrome/89.0.4389.90 Safari/537.36 FS" 
221.11.20.107 - - [19/Mar/2021:21:21:53 +0800] "OPTIONS /api/v1/auth/token/ HTTP/1.1" 200 0 "https://www.luffycity.com/" "Mozilla/5.0 (Windows NT 10.0; WOW64) AppleWebKit/537.36 (KHTML, like Gecko) Chrome/89.0.4389.90 Safari/537.36 FS" 
36.130.36.253 - - [19/Mar/2021:21:21:55 +0800] "POST /api/v1/sms/send/ HTTP/1.1" 200 31 "https://www.luffycity.com/" "Mozilla/5.0 (Windows NT 6.1; Win64; x64) AppleWebKit/537.36 (KHTML, like Gecko) Chrome/89.0.4389.90 Safari/537.36" 
112.224.155.34 - - [19/Mar/2021:21:21:55 +0800] "GET /api/v1/study/degrees/0/mentor/?degree_id=0 HTTP/1.1" 200 137 "https://www.luffycity.com/" "Mozilla/5.0 (Windows NT 6.1; WOW64) AppleWebKit/537.36 (KHTML, like Gecko) Chrome/89.0.4389.82 Safari/537.36" 
112.224.155.34 - - [19/Mar/2021:21:21:55 +0800] "GET /api/v1/study/degrees/ HTTP/1.1" 200 146 "https://www.luffycity.com/" "Mozilla/5.0 (Windows NT 6.1; WOW64) AppleWebKit/537.36 (KHTML, like Gecko) Chrome/89.0.4389.82 Safari/537.36" 
112.224.155.34 - - [19/Mar/2021:21:21:56 +0800] "GET /api/v1/study/data/?degree_id=1 HTTP/1.1" 200 111 "https://www.luffycity.com/" "Mozilla/5.0 (Windows NT 6.1; WOW64) AppleWebKit/537.36 (KHTML, like Gecko) Chrome/89.0.4389.82 Safari/537.36" 
36.130.36.253 - - [19/Mar/2021:21:22:13 +0800] "POST /api/v1/auth/register/?loginWay=password HTTP/1.1" 200 295 "https://www.luffycity.com/" "Mozilla/5.0 (Windows NT 6.1; Win64; x64) AppleWebKit/537.36 (KHTML, like Gecko) Chrome/89.0.4389.90 Safari/537.36" 
36.130.36.253 - - [19/Mar/2021:21:22:13 +0800] "GET /api/v1/auth/token/ HTTP/1.1" 200 375 "https://www.luffycity.com/" "Mozilla/5.0 (Windows NT 6.1; Win64; x64) AppleWebKit/537.36 (KHTML, like Gecko) Chrome/89.0.4389.90 Safari/537.36" 
120.235.170.98 - - [19/Mar/2021:21:22:13 +0800] "OPTIONS /api/v1/comment/?section_id=15861&limit=10&offset=0 HTTP/1.1" 200 0 "https://www.luffycity.com/play/15861" "Mozilla/5.0 (Windows NT 10.0; Win64; x64) AppleWebKit/537.36 (KHTML, like Gecko) Chrome/84.0.4147.105 Safari/537.36" 
120.235.170.98 - - [19/Mar/2021:21:22:13 +0800] "OPTIONS /api/v1/survey/section/15861/?sectionId=15861 HTTP/1.1" 200 0 "https://www.luffycity.com/play/15861" "Mozilla/5.0 (Windows NT 10.0; Win64; x64) AppleWebKit/537.36 (KHTML, like Gecko) Chrome/84.0.4147.105 Safari/537.36" 
120.235.170.98 - - [19/Mar/2021:21:22:13 +0800] "GET /api/v1/survey/section/15861/?sectionId=15861 HTTP/1.1" 200 10 "https://www.luffycity.com/play/15861" "Mozilla/5.0 (Windows NT 10.0; Win64; x64) AppleWebKit/537.36 (KHTML, like Gecko) Chrome/84.0.4147.105 Safari/537.36" 
120.235.170.98 - - [19/Mar/2021:21:22:14 +0800] "GET /api/v1/play/15861/?play_id=15861 HTTP/1.1" 200 421 "https://www.luffycity.com/play/15861" "Mozilla/5.0 (Windows NT 10.0; Win64; x64) AppleWebKit/537.36 (KHTML, like Gecko) Chrome/84.0.4147.105 Safari/537.36" 
120.244.224.203 - - [19/Mar/2021:21:22:19 +0800] "POST /api/v1/survey/section/30833/?sectionId=30833 HTTP/1.1" 200 10 "https://www.luffycity.com/play/30833" "Mozilla/5.0 (Windows NT 10.0; Win64; x64) AppleWebKit/537.36 (KHTML, like Gecko) Chrome/70.0.3538.102 Safari/537.36 Edge/18.18362" 
112.86.218.14 - - [19/Mar/2021:21:22:20 +0800] "OPTIONS /api/v1/comment/?section_id=15204&limit=10&offset=0 HTTP/1.1" 200 0 "https://www.luffycity.com/" "Mozilla/5.0 (Windows NT 10.0; Win64; x64) AppleWebKit/537.36 (KHTML, like Gecko) Chrome/89.0.4389.90 Safari/537.36" 
112.86.218.14 - - [19/Mar/2021:21:22:20 +0800] "OPTIONS /api/v1/play/15204/?play_id=15204 HTTP/1.1" 200 0 "https://www.luffycity.com/" "Mozilla/5.0 (Windows NT 10.0; Win64; x64) AppleWebKit/537.36 (KHTML, like Gecko) Chrome/89.0.4389.90 Safari/537.36" 
112.86.218.14 - - [19/Mar/2021:21:22:20 +0800] "GET /api/v1/play/sections/?section_id=15204 HTTP/1.1" 200 985 "https://www.luffycity.com/" "Mozilla/5.0 (Windows NT 10.0; Win64; x64) AppleWebKit/537.36 (KHTML, like Gecko) Chrome/89.0.4389.90 Safari/537.36" 
112.86.218.14 - - [19/Mar/2021:21:22:20 +0800] "GET /api/v1/play/15204/?play_id=15204 HTTP/1.1" 200 390 "https://www.luffycity.com/" "Mozilla/5.0 (Windows NT 10.0; Win64; x64) AppleWebKit/537.36 (KHTML, like Gecko) Chrome/89.0.4389.90 Safari/537.36" 
120.244.224.203 - - [19/Mar/2021:21:22:21 +0800] "OPTIONS /api/v1/comment/?section_id=30834&limit=10&offset=0 HTTP/1.1" 200 0 "https://www.luffycity.com/play/30834" "Mozilla/5.0 (Windows NT 10.0; Win64; x64) AppleWebKit/537.36 (KHTML, like Gecko) Chrome/70.0.3538.102 Safari/537.36 Edge/18.18362" 
120.244.224.203 - - [19/Mar/2021:21:22:21 +0800] "OPTIONS /api/v1/survey/section/30834/?sectionId=30834 HTTP/1.1" 200 0 "https://www.luffycity.com/play/30834" "Mozilla/5.0 (Windows NT 10.0; Win64; x64) AppleWebKit/537.36 (KHTML, like Gecko) Chrome/70.0.3538.102 Safari/537.36 Edge/18.18362" 
120.244.224.203 - - [19/Mar/2021:21:22:21 +0800] "GET /api/v1/play/sections/?section_id=30834 HTTP/1.1" 200 3322 "https://www.luffycity.com/play/30834" "Mozilla/5.0 (Windows NT 10.0; Win64; x64) AppleWebKit/537.36 (KHTML, like Gecko) Chrome/70.0.3538.102 Safari/537.36 Edge/18.18362" 
120.244.224.203 - - [19/Mar/2021:21:22:21 +0800] "GET /api/v1/comment/?section_id=30834&limit=10&offset=0 HTTP/1.1" 200 1641 "https://www.luffycity.com/play/30834" "Mozilla/5.0 (Windows NT 10.0; Win64; x64) AppleWebKit/537.36 (KHTML, like Gecko) Chrome/70.0.3538.102 Safari/537.36 Edge/18.18362" 
112.24.137.189, 39.97.49.232 - - [19/Mar/2021:21:22:28 +0800] "GET /api/v1/auth/token/ HTTP/1.1" 200 29 "https://www.luffycity.com/free-course/124/detail" "Mozilla/5.0 (Windows NT 10.0; Win64; x64) AppleWebKit/537.36 (KHTML, like Gecko) Chrome/87.0.4280.88 Safari/537.36" 
112.24.137.189, 39.97.49.232 - - [19/Mar/2021:21:22:28 +0800] "GET /api/v1/result/ HTTP/1.1" 200 231 "https://www.luffycity.com/free-course/124/detail" "Mozilla/5.0 (Windows NT 10.0; Win64; x64) AppleWebKit/537.36 (KHTML, like Gecko) Chrome/87.0.4280.88 Safari/537.36" 
112.24.137.189, 39.97.49.232 - - [19/Mar/2021:21:22:28 +0800] "GET /api/v1/course/category/actual/?courseType=actual HTTP/1.1" 200 252 "https://www.luffycity.com/free-course/124/detail" "Mozilla/5.0 (Windows NT 10.0; Win64; x64) AppleWebKit/537.36 (KHTML, like Gecko) Chrome/87.0.4280.88 Safari/537.36" 
112.24.137.189, 39.97.49.232 - - [19/Mar/2021:21:22:28 +0800] "GET /api/v1/course/actual/ HTTP/1.1" 200 25971 "https://www.luffycity.com/free-course/124/detail" "Mozilla/5.0 (Windows NT 10.0; Win64; x64) AppleWebKit/537.36 (KHTML, like Gecko) Chrome/87.0.4280.88 Safari/537.36" 
36.130.36.253 - - [19/Mar/2021:21:22:29 +0800] "POST /api/v1/pay/create/ HTTP/1.1" 200 88 "https://www.luffycity.com/" "Mozilla/5.0 (Windows NT 6.1; Win64; x64) AppleWebKit/537.36 (KHTML, like Gecko) Chrome/89.0.4389.90 Safari/537.36" 
36.130.36.253 - - [19/Mar/2021:21:22:29 +0800] "OPTIONS /api/v1/comment/?section_id=14968&limit=10&offset=0 HTTP/1.1" 200 0 "https://www.luffycity.com/" "Mozilla/5.0 (Windows NT 6.1; Win64; x64) AppleWebKit/537.36 (KHTML, like Gecko) Chrome/89.0.4389.90 Safari/537.36" 
36.130.36.253 - - [19/Mar/2021:21:22:29 +0800] "OPTIONS /api/v1/survey/section/14968/?sectionId=14968 HTTP/1.1" 200 0 "https://www.luffycity.com/" "Mozilla/5.0 (Windows NT 6.1; Win64; x64) AppleWebKit/537.36 (KHTML, like Gecko) Chrome/89.0.4389.90 Safari/537.36" 
36.130.36.253 - - [19/Mar/2021:21:22:29 +0800] "GET /api/v1/survey/section/14968/?sectionId=14968 HTTP/1.1" 200 10 "https://www.luffycity.com/" "Mozilla/5.0 (Windows NT 6.1; Win64; x64) AppleWebKit/537.36 (KHTML, like Gecko) Chrome/89.0.4389.90 Safari/537.36" 
36.130.36.253 - - [19/Mar/2021:21:22:29 +0800] "GET /api/v1/play/sections/?section_id=14968 HTTP/1.1" 200 1622 "https://www.luffycity.com/" "Mozilla/5.0 (Windows NT 6.1; Win64; x64) AppleWebKit/537.36 (KHTML, like Gecko) Chrome/89.0.4389.90 Safari/537.36" 
112.24.137.189, 39.97.49.232 - - [19/Mar/2021:21:22:36 +0800] "GET /api/v1/auth/token/ HTTP/1.1" 200 29 "https://www.luffycity.com/actual-course" "Mozilla/5.0 (Windows NT 10.0; Win64; x64) AppleWebKit/537.36 (KHTML, like Gecko) Chrome/87.0.4280.88 Safari/537.36" 
112.24.137.189, 39.97.49.232 - - [19/Mar/2021:21:22:36 +0800] "GET /api/v1/result/ HTTP/1.1" 200 231 "https://www.luffycity.com/actual-course" "Mozilla/5.0 (Windows NT 10.0; Win64; x64) AppleWebKit/537.36 (KHTML, like Gecko) Chrome/87.0.4280.88 Safari/537.36" 
112.24.137.189, 39.97.49.232 - - [19/Mar/2021:21:22:36 +0800] "GET /api/v1/course/degree/ HTTP/1.1" 200 949 "https://www.luffycity.com/actual-course" "Mozilla/5.0 (Windows NT 10.0; Win64; x64) AppleWebKit/537.36 (KHTML, like Gecko) Chrome/87.0.4280.88 Safari/537.36" 
58.94.160.247, 39.97.49.232 - - [19/Mar/2021:21:22:50 +0800] "GET /api/v1/auth/token/ HTTP/1.1" 200 29 "https://book.apeland.cn/" "Mozilla/5.0 (Windows NT 10.0; Win64; x64) AppleWebKit/537.36 (KHTML, like Gecko) Chrome/89.0.4389.90 Safari/537.36" 
58.94.160.247, 39.97.49.232 - - [19/Mar/2021:21:22:50 +0800] "GET /api/v1/result/ HTTP/1.1" 200 231 "https://book.apeland.cn/" "Mozilla/5.0 (Windows NT 10.0; Win64; x64) AppleWebKit/537.36 (KHTML, like Gecko) Chrome/89.0.4389.90 Safari/537.36" 
58.94.160.247, 39.97.49.232 - - [19/Mar/2021:21:22:50 +0800] "GET /api/v1/index/banner/ HTTP/1.1" 200 382 "https://book.apeland.cn/" "Mozilla/5.0 (Windows NT 10.0; Win64; x64) AppleWebKit/537.36 (KHTML, like Gecko) Chrome/89.0.4389.90 Safari/537.36" 
36.130.36.253 - - [19/Mar/2021:21:22:53 +0800] "OPTIONS /api/v1/comment/?section_id=14969&limit=10&offset=0 HTTP/1.1" 200 0 "https://www.luffycity.com/" "Mozilla/5.0 (Windows NT 6.1; Win64; x64) AppleWebKit/537.36 (KHTML, like Gecko) Chrome/89.0.4389.90 Safari/537.36" 
36.130.36.253 - - [19/Mar/2021:21:22:53 +0800] "OPTIONS /api/v1/survey/section/14969/?sectionId=14969 HTTP/1.1" 200 0 "https://www.luffycity.com/" "Mozilla/5.0 (Windows NT 6.1; Win64; x64) AppleWebKit/537.36 (KHTML, like Gecko) Chrome/89.0.4389.90 Safari/537.36" 
36.130.36.253 - - [19/Mar/2021:21:22:53 +0800] "GET /api/v1/survey/section/14969/?sectionId=14969 HTTP/1.1" 200 10 "https://www.luffycity.com/" "Mozilla/5.0 (Windows NT 6.1; Win64; x64) AppleWebKit/537.36 (KHTML, like Gecko) Chrome/89.0.4389.90 Safari/537.36" 
36.130.36.253 - - [19/Mar/2021:21:22:53 +0800] "GET /api/v1/play/sections/?section_id=14969 HTTP/1.1" 200 1622 "https://www.luffycity.com/" "Mozilla/5.0 (Windows NT 6.1; Win64; x64) AppleWebKit/537.36 (KHTML, like Gecko) Chrome/89.0.4389.90 Safari/537.36" 
58.94.160.247 - - [19/Mar/2021:21:22:55 +0800] "GET /api/v1/result/enroll/?resultType=enroll&limit=2 HTTP/1.1" 200 1878 "https://www.luffycity.com/" "Mozilla/5.0 (Windows NT 10.0; Win64; x64) AppleWebKit/537.36 (KHTML, like Gecko) Chrome/89.0.4389.90 Safari/537.36" 
36.130.36.253 - - [19/Mar/2021:21:22:55 +0800] "GET /api/v1/survey/section/14968/?sectionId=14968 HTTP/1.1" 200 10 "https://www.luffycity.com/" "Mozilla/5.0 (Windows NT 6.1; Win64; x64) AppleWebKit/537.36 (KHTML, like Gecko) Chrome/89.0.4389.90 Safari/537.36" 
36.130.36.253 - - [19/Mar/2021:21:22:55 +0800] "GET /api/v1/comment/?section_id=14968&limit=10&offset=0 HTTP/1.1" 200 1703 "https://www.luffycity.com/" "Mozilla/5.0 (Windows NT 6.1; Win64; x64) AppleWebKit/537.36 (KHTML, like Gecko) Chrome/89.0.4389.90 Safari/537.36" 
112.224.155.34 - - [19/Mar/2021:21:22:58 +0800] "GET /api/v1/play/sections/?section_id=30844 HTTP/1.1" 200 3336 "https://www.luffycity.com/" "Mozilla/5.0 (Windows NT 6.1; WOW64) AppleWebKit/537.36 (KHTML, like Gecko) Chrome/89.0.4389.82 Safari/537.36" 
112.224.155.34 - - [19/Mar/2021:21:22:58 +0800] "GET /api/v1/comment/?section_id=30844&limit=10&offset=0 HTTP/1.1" 200 1643 "https://www.luffycity.com/" "Mozilla/5.0 (Windows NT 6.1; WOW64) AppleWebKit/537.36 (KHTML, like Gecko) Chrome/89.0.4389.82 Safari/537.36" 
58.94.160.247, 39.97.49.232 - - [19/Mar/2021:21:23:00 +0800] "GET /api/v1/result/ HTTP/1.1" 200 231 "https://www.luffycity.com/" "Mozilla/5.0 (Windows NT 10.0; Win64; x64) AppleWebKit/537.36 (KHTML, like Gecko) Chrome/89.0.4389.90 Safari/537.36" 
117.95.194.212 - - [19/Mar/2021:21:23:02 +0800] "OPTIONS /api/v1/play/sections/?section_id=27902 HTTP/1.1" 200 0 "https://www.luffycity.com/" "Mozilla/5.0 (Macintosh; Intel Mac OS X 11_3_0) AppleWebKit/537.36 (KHTML, like Gecko) Chrome/89.0.4389.90 Safari/537.36 Edg/89.0.774.54" 
117.95.194.212 - - [19/Mar/2021:21:23:02 +0800] "OPTIONS /api/v1/play/27902/?play_id=27902 HTTP/1.1" 200 0 "https://www.luffycity.com/" "Mozilla/5.0 (Macintosh; Intel Mac OS X 11_3_0) AppleWebKit/537.36 (KHTML, like Gecko) Chrome/89.0.4389.90 Safari/537.36 Edg/89.0.774.54" 
117.95.194.212 - - [19/Mar/2021:21:23:02 +0800] "GET /api/v1/survey/section/27902/?sectionId=27902 HTTP/1.1" 200 10 "https://www.luffycity.com/" "Mozilla/5.0 (Macintosh; Intel Mac OS X 11_3_0) AppleWebKit/537.36 (KHTML, like Gecko) Chrome/89.0.4389.90 Safari/537.36 Edg/89.0.774.54" 
117.95.194.212 - - [19/Mar/2021:21:23:02 +0800] "GET /api/v1/comment/?section_id=27902&limit=10&offset=0 HTTP/1.1" 200 1234 "https://www.luffycity.com/" "Mozilla/5.0 (Macintosh; Intel Mac OS X 11_3_0) AppleWebKit/537.36 (KHTML, like Gecko) Chrome/89.0.4389.90 Safari/537.36 Edg/89.0.774.54" 
112.224.155.34 - - [19/Mar/2021:21:23:14 +0800] "OPTIONS /api/v1/play/sections/?section_id=30845 HTTP/1.1" 200 0 "https://www.luffycity.com/" "Mozilla/5.0 (Windows NT 6.1; WOW64) AppleWebKit/537.36 (KHTML, like Gecko) Chrome/89.0.4389.82 Safari/537.36" 
112.224.155.34 - - [19/Mar/2021:21:23:14 +0800] "OPTIONS /api/v1/play/30845/?play_id=30845 HTTP/1.1" 200 0 "https://www.luffycity.com/" "Mozilla/5.0 (Windows NT 6.1; WOW64) AppleWebKit/537.36 (KHTML, like Gecko) Chrome/89.0.4389.82 Safari/537.36" 
112.224.155.34 - - [19/Mar/2021:21:23:14 +0800] "GET /api/v1/comment/?section_id=30845&limit=10&offset=0 HTTP/1.1" 200 1641 "https://www.luffycity.com/" "Mozilla/5.0 (Windows NT 6.1; WOW64) AppleWebKit/537.36 (KHTML, like Gecko) Chrome/89.0.4389.82 Safari/537.36" 
112.224.155.34 - - [19/Mar/2021:21:23:14 +0800] "GET /api/v1/play/30845/?play_id=30845 HTTP/1.1" 200 435 "https://www.luffycity.com/" "Mozilla/5.0 (Windows NT 6.1; WOW64) AppleWebKit/537.36 (KHTML, like Gecko) Chrome/89.0.4389.82 Safari/537.36" 
36.130.36.253 - - [19/Mar/2021:21:23:17 +0800] "OPTIONS /api/v1/play/sections/?section_id=14972 HTTP/1.1" 200 0 "https://www.luffycity.com/" "Mozilla/5.0 (Windows NT 6.1; Win64; x64) AppleWebKit/537.36 (KHTML, like Gecko) Chrome/89.0.4389.90 Safari/537.36" 
36.130.36.253 - - [19/Mar/2021:21:23:17 +0800] "OPTIONS /api/v1/play/14972/?play_id=14972 HTTP/1.1" 200 0 "https://www.luffycity.com/" "Mozilla/5.0 (Windows NT 6.1; Win64; x64) AppleWebKit/537.36 (KHTML, like Gecko) Chrome/89.0.4389.90 Safari/537.36" 
36.130.36.253 - - [19/Mar/2021:21:23:17 +0800] "GET /api/v1/survey/section/14972/?sectionId=14972 HTTP/1.1" 200 10 "https://www.luffycity.com/" "Mozilla/5.0 (Windows NT 6.1; Win64; x64) AppleWebKit/537.36 (KHTML, like Gecko) Chrome/89.0.4389.90 Safari/537.36" 
36.130.36.253 - - [19/Mar/2021:21:23:17 +0800] "GET /api/v1/play/sections/?section_id=14972 HTTP/1.1" 200 1622 "https://www.luffycity.com/" "Mozilla/5.0 (Windows NT 6.1; Win64; x64) AppleWebKit/537.36 (KHTML, like Gecko) Chrome/89.0.4389.90 Safari/537.36" 
58.94.160.247, 39.97.49.232 - - [19/Mar/2021:21:23:25 +0800] "GET /api/v1/index/banner/ HTTP/1.1" 200 382 "https://book.apeland.cn/" "Mozilla/5.0 (Windows NT 10.0; Win64; x64) AppleWebKit/537.36 (KHTML, like Gecko) Chrome/89.0.4389.90 Safari/537.36" 
58.94.160.247, 39.97.49.232 - - [19/Mar/2021:21:23:25 +0800] "GET /api/v1/course/actual/?limit=3 HTTP/1.1" 200 2342 "https://book.apeland.cn/" "Mozilla/5.0 (Windows NT 10.0; Win64; x64) AppleWebKit/537.36 (KHTML, like Gecko) Chrome/89.0.4389.90 Safari/537.36" 
58.94.160.247, 39.97.49.232 - - [19/Mar/2021:21:23:26 +0800] "GET /api/v1/course/degree/ HTTP/1.1" 200 949 "https://book.apeland.cn/" "Mozilla/5.0 (Windows NT 10.0; Win64; x64) AppleWebKit/537.36 (KHTML, like Gecko) Chrome/89.0.4389.90 Safari/537.36" 
58.94.160.247, 39.97.49.232 - - [19/Mar/2021:21:23:30 +0800] "GET /api/v1/result/ HTTP/1.1" 200 231 "https://www.luffycity.com/" "Mozilla/5.0 (Windows NT 10.0; Win64; x64) AppleWebKit/537.36 (KHTML, like Gecko) Chrome/89.0.4389.90 Safari/537.36" 
223.66.129.195, 39.97.49.232 - - [19/Mar/2021:21:23:39 +0800] "GET /api/v1/result/ HTTP/1.1" 200 231 "https://www.luffycity.com/" "Mozilla/5.0 (Windows NT 10.0; Win64; x64) AppleWebKit/537.36 (KHTML, like Gecko) Chrome/89.0.4389.90 Safari/537.36" 
223.66.129.195, 39.97.49.232 - - [19/Mar/2021:21:23:39 +0800] "GET /api/v1/index/search/?words=Linux HTTP/1.1" 200 7469 "https://www.luffycity.com/" "Mozilla/5.0 (Windows NT 10.0; Win64; x64) AppleWebKit/537.36 (KHTML, like Gecko) Chrome/89.0.4389.90 Safari/537.36" 
36.130.36.253 - - [19/Mar/2021:21:23:50 +0800] "GET /api/v1/course/free/143/?courseType=free&id=143 HTTP/1.1" 200 1718 "https://www.luffycity.com/" "Mozilla/5.0 (Windows NT 6.1; Win64; x64) AppleWebKit/537.36 (KHTML, like Gecko) Chrome/89.0.4389.90 Safari/537.36" 
175.168.141.38, 39.97.49.232 - - [19/Mar/2021:21:23:50 +0800] "GET /api/v1/result/ HTTP/1.1" 200 231 "https://www.baidu.com/link?url=a8FiOLPLLZq_L7Lfe5TR7eJa4ssmA_wqZeqz0EXeWGl15BfaZXVnWv7cEthN5vwb&wd=&eqid=99e9dc130007296f000000026054a5e3" "Mozilla/5.0 (Windows NT 10.0; Win64; x64) AppleWebKit/537.36 (KHTML, like Gecko) Chrome/89.0.4389.90 Safari/537.36" 
175.168.141.38, 39.97.49.232 - - [19/Mar/2021:21:23:50 +0800] "GET /api/v1/index/banner/ HTTP/1.1" 200 382 "https://www.baidu.com/link?url=a8FiOLPLLZq_L7Lfe5TR7eJa4ssmA_wqZeqz0EXeWGl15BfaZXVnWv7cEthN5vwb&wd=&eqid=99e9dc130007296f000000026054a5e3" "Mozilla/5.0 (Windows NT 10.0; Win64; x64) AppleWebKit/537.36 (KHTML, like Gecko) Chrome/89.0.4389.90 Safari/537.36" 
175.168.141.38, 39.97.49.232 - - [19/Mar/2021:21:23:51 +0800] "GET /api/v1/course/home-free/?limit=3 HTTP/1.1" 200 865 "https://www.baidu.com/link?url=a8FiOLPLLZq_L7Lfe5TR7eJa4ssmA_wqZeqz0EXeWGl15BfaZXVnWv7cEthN5vwb&wd=&eqid=99e9dc130007296f000000026054a5e3" "Mozilla/5.0 (Windows NT 10.0; Win64; x64) AppleWebKit/537.36 (KHTML, like Gecko) Chrome/89.0.4389.90 Safari/537.36" 
36.130.36.253, 39.97.49.232 - - [19/Mar/2021:21:23:51 +0800] "GET /api/v1/auth/token/ HTTP/1.1" 200 375 "https://www.luffycity.com/free-course/143/detail" "Mozilla/5.0 (Windows NT 6.1; Win64; x64) AppleWebKit/537.36 (KHTML, like Gecko) Chrome/89.0.4389.90 Safari/537.36" 
175.168.141.38 - - [19/Mar/2021:21:23:52 +0800] "OPTIONS /api/v1/result/enroll/?resultType=enroll&limit=2 HTTP/1.1" 200 0 "https://www.luffycity.com/" "Mozilla/5.0 (Windows NT 10.0; Win64; x64) AppleWebKit/537.36 (KHTML, like Gecko) Chrome/89.0.4389.90 Safari/537.36" 
223.104.20.40 - - [19/Mar/2021:21:24:00 +0800] "OPTIONS /api/v1/play/30922/?play_id=30922 HTTP/1.1" 200 0 "https://www.luffycity.com/play/30922" "Mozilla/5.0 (Windows NT 10.0; Win64; x64) AppleWebKit/537.36 (KHTML, like Gecko) Chrome/79.0.3945.88 Safari/537.36" 
223.104.20.40 - - [19/Mar/2021:21:24:00 +0800] "OPTIONS /api/v1/comment/?section_id=30922&limit=10&offset=0 HTTP/1.1" 200 0 "https://www.luffycity.com/play/30922" "Mozilla/5.0 (Windows NT 10.0; Win64; x64) AppleWebKit/537.36 (KHTML, like Gecko) Chrome/79.0.3945.88 Safari/537.36" 
223.104.20.40 - - [19/Mar/2021:21:24:00 +0800] "GET /api/v1/play/sections/?section_id=30922 HTTP/1.1" 200 2993 "https://www.luffycity.com/play/30922" "Mozilla/5.0 (Windows NT 10.0; Win64; x64) AppleWebKit/537.36 (KHTML, like Gecko) Chrome/79.0.3945.88 Safari/537.36" 
223.104.20.40 - - [19/Mar/2021:21:24:00 +0800] "GET /api/v1/comment/?section_id=30922&limit=10&offset=0 HTTP/1.1" 200 1798 "https://www.luffycity.com/play/30922" "Mozilla/5.0 (Windows NT 10.0; Win64; x64) AppleWebKit/537.36 (KHTML, like Gecko) Chrome/79.0.3945.88 Safari/537.36" 
113.133.19.242 - - [19/Mar/2021:21:24:01 +0800] "GET /api/v1/play/30936/?play_id=30936 HTTP/1.1" 200 417 "https://m.luffycity.com/play/30935" "Mozilla/5.0 (Linux; Android 10; OXF-AN10 Build/HUAWEIOXF-AN10; wv) AppleWebKit/537.36 (KHTML, like Gecko) Version/4.0 Chrome/77.0.3865.120 MQQBrowser/6.2 TBS/045521 Mobile Safari/537.36 MMWEBID/7580 MicroMessenger/8.0.1.1841(0x2800015D) Process/tools WeChat/arm64 Weixin NetType/WIFI Language/zh_CN ABI/arm64" 
113.133.19.242 - - [19/Mar/2021:21:24:01 +0800] "GET /api/v1/play/30936/?play_id=30936 HTTP/1.1" 200 417 "https://m.luffycity.com/play/30936" "Mozilla/5.0 (Linux; Android 10; OXF-AN10 Build/HUAWEIOXF-AN10; wv) AppleWebKit/537.36 (KHTML, like Gecko) Version/4.0 Chrome/77.0.3865.120 MQQBrowser/6.2 TBS/045521 Mobile Safari/537.36 MMWEBID/7580 MicroMessenger/8.0.1.1841(0x2800015D) Process/tools WeChat/arm64 Weixin NetType/WIFI Language/zh_CN ABI/arm64" 
39.188.209.211 - - [19/Mar/2021:21:24:03 +0800] "POST /api/v1/survey/section/30903/?sectionId=30903 HTTP/1.1" 200 10 "https://www.luffycity.com/play/30903" "Mozilla/5.0 (Macintosh; Intel Mac OS X 10_15_7) AppleWebKit/605.1.15 (KHTML, like Gecko) Version/13.1.3 Safari/605.1.15" 
39.188.209.211 - - [19/Mar/2021:21:24:04 +0800] "OPTIONS /api/v1/survey/section/30902/?sectionId=30902 HTTP/1.1" 200 0 "https://www.luffycity.com/" "Mozilla/5.0 (Macintosh; Intel Mac OS X 10_15_7) AppleWebKit/605.1.15 (KHTML, like Gecko) Version/13.1.3 Safari/605.1.15" 
39.188.209.211 - - [19/Mar/2021:21:24:04 +0800] "OPTIONS /api/v1/comment/?section_id=30902&limit=10&offset=0 HTTP/1.1" 200 0 "https://www.luffycity.com/" "Mozilla/5.0 (Macintosh; Intel Mac OS X 10_15_7) AppleWebKit/605.1.15 (KHTML, like Gecko) Version/13.1.3 Safari/605.1.15" 
39.188.209.211 - - [19/Mar/2021:21:24:04 +0800] "GET /api/v1/comment/?section_id=30902&limit=10&offset=0 HTTP/1.1" 200 1643 "https://www.luffycity.com/play/30902" "Mozilla/5.0 (Macintosh; Intel Mac OS X 10_15_7) AppleWebKit/605.1.15 (KHTML, like Gecko) Version/13.1.3 Safari/605.1.15" 
39.188.209.211 - - [19/Mar/2021:21:24:04 +0800] "GET /api/v1/play/30902/?play_id=30902 HTTP/1.1" 200 390 "https://www.luffycity.com/play/30902" "Mozilla/5.0 (Macintosh; Intel Mac OS X 10_15_7) AppleWebKit/605.1.15 (KHTML, like Gecko) Version/13.1.3 Safari/605.1.15" 
120.244.224.203 - - [19/Mar/2021:21:24:14 +0800] "OPTIONS /api/v1/play/sections/?section_id=30835 HTTP/1.1" 200 0 "https://www.luffycity.com/play/30835" "Mozilla/5.0 (Windows NT 10.0; Win64; x64) AppleWebKit/537.36 (KHTML, like Gecko) Chrome/70.0.3538.102 Safari/537.36 Edge/18.18362" 
120.244.224.203 - - [19/Mar/2021:21:24:14 +0800] "OPTIONS /api/v1/play/30835/?play_id=30835 HTTP/1.1" 200 0 "https://www.luffycity.com/play/30835" "Mozilla/5.0 (Windows NT 10.0; Win64; x64) AppleWebKit/537.36 (KHTML, like Gecko) Chrome/70.0.3538.102 Safari/537.36 Edge/18.18362" 
120.244.224.203 - - [19/Mar/2021:21:24:14 +0800] "GET /api/v1/play/sections/?section_id=30835 HTTP/1.1" 200 3321 "https://www.luffycity.com/play/30835" "Mozilla/5.0 (Windows NT 10.0; Win64; x64) AppleWebKit/537.36 (KHTML, like Gecko) Chrome/70.0.3538.102 Safari/537.36 Edge/18.18362" 
120.244.224.203 - - [19/Mar/2021:21:24:14 +0800] "GET /api/v1/comment/?section_id=30835&limit=10&offset=0 HTTP/1.1" 200 1643 "https://www.luffycity.com/play/30835" "Mozilla/5.0 (Windows NT 10.0; Win64; x64) AppleWebKit/537.36 (KHTML, like Gecko) Chrome/70.0.3538.102 Safari/537.36 Edge/18.18362" 
122.233.140.117, 39.97.49.232 - - [19/Mar/2021:21:24:20 +0800] "GET /api/v1/index/banner/ HTTP/1.1" 200 382 "-" "Mozilla/5.0 (Windows NT 10.0; WOW64) AppleWebKit/537.36 (KHTML, like Gecko) Chrome/78.0.3904.108 Safari/537.36" 
122.233.140.117, 39.97.49.232 - - [19/Mar/2021:21:24:20 +0800] "GET /api/v1/course/actual/?limit=3 HTTP/1.1" 200 2342 "-" "Mozilla/5.0 (Windows NT 10.0; WOW64) AppleWebKit/537.36 (KHTML, like Gecko) Chrome/78.0.3904.108 Safari/537.36" 
122.233.140.117, 39.97.49.232 - - [19/Mar/2021:21:24:20 +0800] "GET /api/v1/course/degree/ HTTP/1.1" 200 949 "-" "Mozilla/5.0 (Windows NT 10.0; WOW64) AppleWebKit/537.36 (KHTML, like Gecko) Chrome/78.0.3904.108 Safari/537.36" 
122.233.140.117, 39.97.49.232 - - [19/Mar/2021:21:24:20 +0800] "GET /api/v1/course/home-free/?limit=3 HTTP/1.1" 200 865 "-" "Mozilla/5.0 (Windows NT 10.0; WOW64) AppleWebKit/537.36 (KHTML, like Gecko) Chrome/78.0.3904.108 Safari/537.36" 
122.233.140.117 - - [19/Mar/2021:21:24:21 +0800] "OPTIONS /api/v1/result/enroll/?resultType=enroll&limit=2 HTTP/1.1" 200 0 "https://www.luffycity.com/" "Mozilla/5.0 (Windows NT 10.0; WOW64) AppleWebKit/537.36 (KHTML, like Gecko) Chrome/78.0.3904.108 Safari/537.36" 
122.233.140.117 - - [19/Mar/2021:21:24:33 +0800] "OPTIONS /api/v1/course/free/124/?courseType=free&id=124 HTTP/1.1" 200 0 "https://www.luffycity.com/" "Mozilla/5.0 (Windows NT 10.0; WOW64) AppleWebKit/537.36 (KHTML, like Gecko) Chrome/78.0.3904.108 Safari/537.36" 
122.233.140.117 - - [19/Mar/2021:21:24:33 +0800] "OPTIONS /api/v1/course/free/124/sections/?courseType=free&id=124 HTTP/1.1" 200 0 "https://www.luffycity.com/free-course/124/detail" "Mozilla/5.0 (Windows NT 10.0; WOW64) AppleWebKit/537.36 (KHTML, like Gecko) Chrome/78.0.3904.108 Safari/537.36" 
36.130.36.253 - - [19/Mar/2021:21:24:44 +0800] "OPTIONS /api/v1/course/category/actual/?courseType=actual HTTP/1.1" 200 0 "https://www.luffycity.com/" "Mozilla/5.0 (Windows NT 6.1; Win64; x64) AppleWebKit/537.36 (KHTML, like Gecko) Chrome/89.0.4389.90 Safari/537.36" 
36.130.36.253 - - [19/Mar/2021:21:24:44 +0800] "OPTIONS /api/v1/course/actual/?category_id=3 HTTP/1.1" 200 0 "https://www.luffycity.com/" "Mozilla/5.0 (Windows NT 6.1; Win64; x64) AppleWebKit/537.36 (KHTML, like Gecko) Chrome/89.0.4389.90 Safari/537.36" 
112.115.55.120, 39.97.49.232 - - [19/Mar/2021:21:24:47 +0800] "GET /api/v1/auth/token/ HTTP/1.1" 200 29 "-" "Mozilla/5.0 (Windows NT 10.0; Win64; x64) AppleWebKit/537.36 (KHTML, like Gecko) Chrome/89.0.4389.90 Safari/537.36 Edg/89.0.774.54" 
112.115.55.120, 39.97.49.232 - - [19/Mar/2021:21:24:47 +0800] "GET /api/v1/result/ HTTP/1.1" 200 231 "-" "Mozilla/5.0 (Windows NT 10.0; Win64; x64) AppleWebKit/537.36 (KHTML, like Gecko) Chrome/89.0.4389.90 Safari/537.36 Edg/89.0.774.54" 
112.115.55.120 - - [19/Mar/2021:21:24:52 +0800] "OPTIONS /api/v1/auth/wechat/ HTTP/1.1" 200 0 "https://www.luffycity.com/" "Mozilla/5.0 (Windows NT 10.0; Win64; x64) AppleWebKit/537.36 (KHTML, like Gecko) Chrome/89.0.4389.90 Safari/537.36 Edg/89.0.774.54" 
175.168.141.38 - - [19/Mar/2021:21:24:52 +0800] "OPTIONS /api/v1/index/search/?words=Python HTTP/1.1" 200 0 "https://www.luffycity.com/" "Mozilla/5.0 (Windows NT 10.0; Win64; x64) AppleWebKit/537.36 (KHTML, like Gecko) Chrome/89.0.4389.90 Safari/537.36" 
122.233.140.117 - - [19/Mar/2021:21:24:52 +0800] "OPTIONS /api/v1/course/free/124/sections/?courseType=free&id=124 HTTP/1.1" 200 0 "https://www.luffycity.com/free-course/124/detail" "Mozilla/5.0 (Windows NT 10.0; WOW64) AppleWebKit/537.36 (KHTML, like Gecko) Chrome/78.0.3904.108 Safari/537.36" 
122.233.140.117 - - [19/Mar/2021:21:24:52 +0800] "OPTIONS /api/v1/index/banner/ HTTP/1.1" 200 0 "https://www.luffycity.com/" "Mozilla/5.0 (Windows NT 10.0; WOW64) AppleWebKit/537.36 (KHTML, like Gecko) Chrome/78.0.3904.108 Safari/537.36" 
122.233.140.117 - - [19/Mar/2021:21:24:52 +0800] "GET /api/v1/index/banner/ HTTP/1.1" 200 382 "https://www.luffycity.com/" "Mozilla/5.0 (Windows NT 10.0; WOW64) AppleWebKit/537.36 (KHTML, like Gecko) Chrome/78.0.3904.108 Safari/537.36" 
122.233.140.117 - - [19/Mar/2021:21:24:52 +0800] "OPTIONS /api/v1/course/actual/?limit=3 HTTP/1.1" 200 0 "https://www.luffycity.com/" "Mozilla/5.0 (Windows NT 10.0; WOW64) AppleWebKit/537.36 (KHTML, like Gecko) Chrome/78.0.3904.108 Safari/537.36" 
122.233.140.117 - - [19/Mar/2021:21:24:52 +0800] "OPTIONS /api/v1/course/home-free/?limit=3 HTTP/1.1" 200 0 "https://www.luffycity.com/" "Mozilla/5.0 (Windows NT 10.0; WOW64) AppleWebKit/537.36 (KHTML, like Gecko) Chrome/78.0.3904.108 Safari/537.36" 
122.233.140.117 - - [19/Mar/2021:21:24:53 +0800] "OPTIONS /api/v1/result/enroll/?resultType=enroll&limit=2 HTTP/1.1" 200 0 "https://www.luffycity.com/" "Mozilla/5.0 (Windows NT 10.0; WOW64) AppleWebKit/537.36 (KHTML, like Gecko) Chrome/78.0.3904.108 Safari/537.36" 
122.233.140.117 - - [19/Mar/2021:21:24:58 +0800] "OPTIONS /api/v1/index/search/?words=Python HTTP/1.1" 200 0 "https://www.luffycity.com/" "Mozilla/5.0 (Windows NT 10.0; WOW64) AppleWebKit/537.36 (KHTML, like Gecko) Chrome/78.0.3904.108 Safari/537.36" 
101.27.61.209 - - [19/Mar/2021:21:25:00 +0800] "OPTIONS /api/v1/comment/?section_id=26637&limit=10&offset=0 HTTP/1.1" 200 0 "https://www.luffycity.com/" "Mozilla/5.0 (Macintosh; Intel Mac OS X 10_15_6) AppleWebKit/605.1.15 (KHTML, like Gecko) Version/14.0.3 Safari/605.1.15" 
101.27.61.209 - - [19/Mar/2021:21:25:00 +0800] "OPTIONS /api/v1/survey/section/26637/?sectionId=26637 HTTP/1.1" 200 0 "https://www.luffycity.com/" "Mozilla/5.0 (Macintosh; Intel Mac OS X 10_15_6) AppleWebKit/605.1.15 (KHTML, like Gecko) Version/14.0.3 Safari/605.1.15" 
101.27.61.209 - - [19/Mar/2021:21:25:00 +0800] "GET /api/v1/survey/section/26637/?sectionId=26637 HTTP/1.1" 200 10 "https://www.luffycity.com/play/26637" "Mozilla/5.0 (Macintosh; Intel Mac OS X 10_15_6) AppleWebKit/605.1.15 (KHTML, like Gecko) Version/14.0.3 Safari/605.1.15" 
101.27.61.209 - - [19/Mar/2021:21:25:00 +0800] "GET /api/v1/comment/?section_id=26637&limit=10&offset=0 HTTP/1.1" 200 69 "https://www.luffycity.com/play/26637" "Mozilla/5.0 (Macintosh; Intel Mac OS X 10_15_6) AppleWebKit/605.1.15 (KHTML, like Gecko) Version/14.0.3 Safari/605.1.15" 
112.115.55.120 - - [19/Mar/2021:21:25:02 +0800] "OPTIONS /api/v1/auth/password/login/?loginWay=password HTTP/1.1" 200 0 "https://www.luffycity.com/" "Mozilla/5.0 (Windows NT 10.0; Win64; x64) AppleWebKit/537.36 (KHTML, like Gecko) Chrome/89.0.4389.90 Safari/537.36 Edg/89.0.774.54" 
122.233.140.117, 39.97.49.232 - - [19/Mar/2021:21:25:03 +0800] "GET /api/v1/auth/token/ HTTP/1.1" 200 29 "https://www.luffycity.com/search?words=Python" "Mozilla/5.0 (Windows NT 10.0; WOW64) AppleWebKit/537.36 (KHTML, like Gecko) Chrome/78.0.3904.108 Safari/537.36" 
112.115.55.120 - - [19/Mar/2021:21:25:06 +0800] "POST /api/v1/auth/password/login/?loginWay=password HTTP/1.1" 200 274 "https://www.luffycity.com/" "Mozilla/5.0 (Windows NT 10.0; Win64; x64) AppleWebKit/537.36 (KHTML, like Gecko) Chrome/89.0.4389.90 Safari/537.36 Edg/89.0.774.54" 
112.115.55.120 - - [19/Mar/2021:21:25:06 +0800] "GET /api/v1/auth/token/ HTTP/1.1" 200 393 "https://www.luffycity.com/" "Mozilla/5.0 (Windows NT 10.0; Win64; x64) AppleWebKit/537.36 (KHTML, like Gecko) Chrome/89.0.4389.90 Safari/537.36 Edg/89.0.774.54" 
106.11.157.86 - - [19/Mar/2021:21:25:13 +0800] "GET /api/v1/index/banner/ HTTP/1.1" 200 20 "https://m.luffycity.com/" "Mozilla/5.0 (Linux; Android 5.0; SM-G900P Build/LRX21T) AppleWebKit/537.36 (KHTML, like Gecko) Chrome/88.0.4324.96 Mobile Safari/537.36" 
120.244.206.186 - - [19/Mar/2021:21:25:22 +0800] "OPTIONS /api/v1/play/sections/?section_id=1264 HTTP/1.1" 200 0 "https://www.luffycity.com/" "Mozilla/5.0 (Windows NT 10.0; Win64; x64) AppleWebKit/537.36 (KHTML, like Gecko) Chrome/88.0.4324.182 Safari/537.36 Edg/88.0.705.81" 
120.244.206.186 - - [19/Mar/2021:21:25:22 +0800] "OPTIONS /api/v1/survey/section/1264/?sectionId=1264 HTTP/1.1" 200 0 "https://www.luffycity.com/" "Mozilla/5.0 (Windows NT 10.0; Win64; x64) AppleWebKit/537.36 (KHTML, like Gecko) Chrome/88.0.4324.182 Safari/537.36 Edg/88.0.705.81" 
120.244.206.186 - - [19/Mar/2021:21:25:22 +0800] "GET /api/v1/comment/?section_id=1264&limit=10&offset=0 HTTP/1.1" 200 64 "https://www.luffycity.com/" "Mozilla/5.0 (Windows NT 10.0; Win64; x64) AppleWebKit/537.36 (KHTML, like Gecko) Chrome/88.0.4324.182 Safari/537.36 Edg/88.0.705.81" 
120.244.206.186 - - [19/Mar/2021:21:25:22 +0800] "GET /api/v1/survey/section/1264/?sectionId=1264 HTTP/1.1" 200 64 "https://www.luffycity.com/" "Mozilla/5.0 (Windows NT 10.0; Win64; x64) AppleWebKit/537.36 (KHTML, like Gecko) Chrome/88.0.4324.182 Safari/537.36 Edg/88.0.705.81" 
36.130.36.253, 39.97.49.232 - - [19/Mar/2021:21:25:24 +0800] "GET /api/v1/result/ HTTP/1.1" 200 231 "https://www.luffycity.com/actual-course?category_id=3" "Mozilla/5.0 (Windows NT 6.1; Win64; x64) AppleWebKit/537.36 (KHTML, like Gecko) Chrome/89.0.4389.90 Safari/537.36" 
36.130.36.253, 39.97.49.232 - - [19/Mar/2021:21:25:24 +0800] "GET /api/v1/course/actual/149/?courseType=actual&id=149 HTTP/1.1" 200 985 "https://www.luffycity.com/actual-course?category_id=3" "Mozilla/5.0 (Windows NT 6.1; Win64; x64) AppleWebKit/537.36 (KHTML, like Gecko) Chrome/89.0.4389.90 Safari/537.36" 
36.130.36.253 - - [19/Mar/2021:21:25:24 +0800] "OPTIONS /api/v1/course/actual/149/payment/?courseType=actual&id=149 HTTP/1.1" 200 0 "https://www.luffycity.com/" "Mozilla/5.0 (Windows NT 6.1; Win64; x64) AppleWebKit/537.36 (KHTML, like Gecko) Chrome/89.0.4389.90 Safari/537.36" 
36.130.36.253 - - [19/Mar/2021:21:25:24 +0800] "GET /api/v1/course/actual/149/payment/?courseType=actual&id=149 HTTP/1.1" 200 310 "https://www.luffycity.com/" "Mozilla/5.0 (Windows NT 6.1; Win64; x64) AppleWebKit/537.36 (KHTML, like Gecko) Chrome/89.0.4389.90 Safari/537.36" 
110.65.101.190 - - [19/Mar/2021:21:25:27 +0800] "OPTIONS /api/v1/comment/?section_id=17672&limit=10&offset=0 HTTP/1.1" 200 0 "https://www.luffycity.com/" "Mozilla/5.0 (Windows NT 10.0; Win64; x64) AppleWebKit/537.36 (KHTML, like Gecko) Chrome/89.0.4389.90 Safari/537.36" 
110.65.101.190 - - [19/Mar/2021:21:25:27 +0800] "OPTIONS /api/v1/play/17672/?play_id=17672 HTTP/1.1" 200 0 "https://www.luffycity.com/" "Mozilla/5.0 (Windows NT 10.0; Win64; x64) AppleWebKit/537.36 (KHTML, like Gecko) Chrome/89.0.4389.90 Safari/537.36" 
110.65.101.190 - - [19/Mar/2021:21:25:27 +0800] "GET /api/v1/survey/section/17672/?sectionId=17672 HTTP/1.1" 200 10 "https://www.luffycity.com/" "Mozilla/5.0 (Windows NT 10.0; Win64; x64) AppleWebKit/537.36 (KHTML, like Gecko) Chrome/89.0.4389.90 Safari/537.36" 
110.65.101.190 - - [19/Mar/2021:21:25:27 +0800] "GET /api/v1/play/17672/?play_id=17672 HTTP/1.1" 200 447 "https://www.luffycity.com/" "Mozilla/5.0 (Windows NT 10.0; Win64; x64) AppleWebKit/537.36 (KHTML, like Gecko) Chrome/89.0.4389.90 Safari/537.36" 
120.244.206.186 - - [19/Mar/2021:21:25:28 +0800] "OPTIONS /api/v1/study/degrees/ HTTP/1.1" 200 0 "https://www.luffycity.com/" "Mozilla/5.0 (Windows NT 10.0; Win64; x64) AppleWebKit/537.36 (KHTML, like Gecko) Chrome/88.0.4324.182 Safari/537.36 Edg/88.0.705.81" 
120.244.206.186 - - [19/Mar/2021:21:25:28 +0800] "OPTIONS /api/v1/study/degrees/0/mentor/?degree_id=0 HTTP/1.1" 200 0 "https://www.luffycity.com/" "Mozilla/5.0 (Windows NT 10.0; Win64; x64) AppleWebKit/537.36 (KHTML, like Gecko) Chrome/88.0.4324.182 Safari/537.36 Edg/88.0.705.81" 
120.244.206.186 - - [19/Mar/2021:21:25:28 +0800] "GET /api/v1/study/data/ HTTP/1.1" 200 64 "https://www.luffycity.com/" "Mozilla/5.0 (Windows NT 10.0; Win64; x64) AppleWebKit/537.36 (KHTML, like Gecko) Chrome/88.0.4324.182 Safari/537.36 Edg/88.0.705.81" 
36.130.36.253, 39.97.49.232 - - [19/Mar/2021:21:25:36 +0800] "GET /api/v1/auth/token/ HTTP/1.1" 200 375 "https://www.luffycity.com/actual-course/149/detail" "Mozilla/5.0 (Windows NT 6.1; Win64; x64) AppleWebKit/537.36 (KHTML, like Gecko) Chrome/89.0.4389.90 Safari/537.36" 
36.130.36.253, 39.97.49.232 - - [19/Mar/2021:21:25:36 +0800] "GET /api/v1/result/ HTTP/1.1" 200 231 "https://www.luffycity.com/actual-course/149/detail" "Mozilla/5.0 (Windows NT 6.1; Win64; x64) AppleWebKit/537.36 (KHTML, like Gecko) Chrome/89.0.4389.90 Safari/537.36" 
36.130.36.253, 39.97.49.232 - - [19/Mar/2021:21:25:36 +0800] "GET /api/v1/course/actual/149/?courseType=actual&id=149 HTTP/1.1" 200 985 "https://www.luffycity.com/actual-course/149/detail" "Mozilla/5.0 (Windows NT 6.1; Win64; x64) AppleWebKit/537.36 (KHTML, like Gecko) Chrome/89.0.4389.90 Safari/537.36" 
36.130.36.253 - - [19/Mar/2021:21:25:36 +0800] "GET /api/v1/course/actual/149/payment/?courseType=actual&id=149 HTTP/1.1" 200 310 "https://www.luffycity.com/" "Mozilla/5.0 (Windows NT 6.1; Win64; x64) AppleWebKit/537.36 (KHTML, like Gecko) Chrome/89.0.4389.90 Safari/537.36" 
61.141.78.59 - - [19/Mar/2021:21:25:45 +0800] "OPTIONS /api/v1/play/sections/?section_id=24663 HTTP/1.1" 200 0 "-" "Mozilla/5.0 (Windows NT 10.0; WOW64) AppleWebKit/537.36 (KHTML, like Gecko) Chrome/63.0.3239.132 Safari/537.36" 
61.141.78.59 - - [19/Mar/2021:21:25:45 +0800] "OPTIONS /api/v1/comment/?section_id=24663&limit=10&offset=0 HTTP/1.1" 200 0 "-" "Mozilla/5.0 (Windows NT 10.0; WOW64) AppleWebKit/537.36 (KHTML, like Gecko) Chrome/63.0.3239.132 Safari/537.36" 
61.141.78.59 - - [19/Mar/2021:21:25:45 +0800] "GET /api/v1/play/sections/?section_id=24663 HTTP/1.1" 200 5640 "https://www.luffycity.com/play/24663" "Mozilla/5.0 (Windows NT 10.0; WOW64) AppleWebKit/537.36 (KHTML, like Gecko) Chrome/63.0.3239.132 Safari/537.36" 
61.141.78.59 - - [19/Mar/2021:21:25:45 +0800] "GET /api/v1/play/24663/?play_id=24663 HTTP/1.1" 200 428 "https://www.luffycity.com/play/24663" "Mozilla/5.0 (Windows NT 10.0; WOW64) AppleWebKit/537.36 (KHTML, like Gecko) Chrome/63.0.3239.132 Safari/537.36" 
