1.189.41.223 - - [19/Mar/2021:21:16:19 +0800] "OPTIONS /api/v1/play/sections/?section_id=1786 HTTP/1.1" 200 0 "https://www.luffycity.com/" "Mozilla/5.0 (Windows NT 10.0; Win64; x64) AppleWebKit/537.36 (KHTML, like Gecko) Chrome/89.0.4389.90 Safari/537.36" 
1.189.41.223 - - [19/Mar/2021:21:16:19 +0800] "OPTIONS /api/v1/play/1786/?play_id=1786 HTTP/1.1" 200 0 "https://www.luffycity.com/" "Mozilla/5.0 (Windows NT 10.0; Win64; x64) AppleWebKit/537.36 (KHTML, like Gecko) Chrome/89.0.4389.90 Safari/537.36" 
1.189.41.223 - - [19/Mar/2021:21:16:19 +0800] "GET /api/v1/play/sections/?section_id=1786 HTTP/1.1" 200 3111 "https://www.luffycity.com/" "Mozilla/5.0 (Windows NT 10.0; Win64; x64) AppleWebKit/537.36 (KHTML, like Gecko) Chrome/89.0.4389.90 Safari/537.36" 
1.189.41.223 - - [19/Mar/2021:21:16:19 +0800] "GET /api/v1/comment/?section_id=1786&limit=10&offset=0 HTTP/1.1" 200 1429 "https://www.luffycity.com/" "Mozilla/5.0 (Windows NT 10.0; Win64; x64) AppleWebKit/537.36 (KHTML, like Gecko) Chrome/89.0.4389.90 Safari/537.36" 
1.189.41.215, 39.97.49.232 - - [19/Mar/2021:21:16:24 +0800] "GET /api/v1/auth/token/ HTTP/1.1" 200 402 "-" "Mozilla/5.0 (Windows NT 10.0; Win64; x64) AppleWebKit/537.36 (KHTML, like Gecko) Chrome/89.0.4389.90 Safari/537.36" 
1.189.41.223 - - [19/Mar/2021:21:16:25 +0800] "GET /api/v1/study/degrees/0/mentor/?degree_id=0 HTTP/1.1" 200 137 "https://www.luffycity.com/" "Mozilla/5.0 (Windows NT 10.0; Win64; x64) AppleWebKit/537.36 (KHTML, like Gecko) Chrome/89.0.4389.90 Safari/537.36" 
1.189.41.223 - - [19/Mar/2021:21:16:25 +0800] "GET /api/v1/study/degrees/ HTTP/1.1" 200 146 "https://www.luffycity.com/" "Mozilla/5.0 (Windows NT 10.0; Win64; x64) AppleWebKit/537.36 (KHTML, like Gecko) Chrome/89.0.4389.90 Safari/537.36" 
117.28.221.202, 39.97.49.232 - - [19/Mar/2021:21:16:25 +0800] "GET /api/v1/auth/token/ HTTP/1.1" 200 29 "https://www.baidu.com/link?url=WpIviUFlta3h7nBxNb9Bvj3XQmdv8IfinDbGOBpW3NIsdaOsNHbg1d77QgpbhyrI&wd=&eqid=a98c14220002df38000000066054a427" "Mozilla/5.0 (Windows NT 10.0; WOW64) AppleWebKit/537.36 (KHTML, like Gecko) Chrome/65.0.3325.181 Safari/537.36" 
1.189.41.223 - - [19/Mar/2021:21:16:26 +0800] "GET /api/v1/study/data/?degree_id=1 HTTP/1.1" 200 118 "https://www.luffycity.com/" "Mozilla/5.0 (Windows NT 10.0; Win64; x64) AppleWebKit/537.36 (KHTML, like Gecko) Chrome/89.0.4389.90 Safari/537.36" 
117.28.221.202, 39.97.49.232 - - [19/Mar/2021:21:16:26 +0800] "GET /api/v1/course/home-free/?limit=3 HTTP/1.1" 200 865 "https://www.baidu.com/link?url=WpIviUFlta3h7nBxNb9Bvj3XQmdv8IfinDbGOBpW3NIsdaOsNHbg1d77QgpbhyrI&wd=&eqid=a98c14220002df38000000066054a427" "Mozilla/5.0 (Windows NT 10.0; WOW64) AppleWebKit/537.36 (KHTML, like Gecko) Chrome/65.0.3325.181 Safari/537.36" 
101.27.61.209 - - [19/Mar/2021:21:16:27 +0800] "OPTIONS /api/v1/play/sections/?section_id=26636 HTTP/1.1" 200 0 "https://www.luffycity.com/" "Mozilla/5.0 (Macintosh; Intel Mac OS X 10_15_6) AppleWebKit/605.1.15 (KHTML, like Gecko) Version/14.0.3 Safari/605.1.15" 
101.27.61.209 - - [19/Mar/2021:21:16:27 +0800] "OPTIONS /api/v1/play/26636/?play_id=26636 HTTP/1.1" 200 0 "https://www.luffycity.com/" "Mozilla/5.0 (Macintosh; Intel Mac OS X 10_15_6) AppleWebKit/605.1.15 (KHTML, like Gecko) Version/14.0.3 Safari/605.1.15" 
101.27.61.209 - - [19/Mar/2021:21:16:27 +0800] "GET /api/v1/survey/section/26636/?sectionId=26636 HTTP/1.1" 200 10 "https://www.luffycity.com/play/26636" "Mozilla/5.0 (Macintosh; Intel Mac OS X 10_15_6) AppleWebKit/605.1.15 (KHTML, like Gecko) Version/14.0.3 Safari/605.1.15" 
101.27.61.209 - - [19/Mar/2021:21:16:27 +0800] "GET /api/v1/play/sections/?section_id=26636 HTTP/1.1" 200 1611 "https://www.luffycity.com/play/26636" "Mozilla/5.0 (Macintosh; Intel Mac OS X 10_15_6) AppleWebKit/605.1.15 (KHTML, like Gecko) Version/14.0.3 Safari/605.1.15" 
117.28.221.202 - - [19/Mar/2021:21:16:27 +0800] "OPTIONS /api/v1/result/enroll/?resultType=enroll&limit=2 HTTP/1.1" 200 0 "-" "Mozilla/5.0 (Windows NT 10.0; WOW64) AppleWebKit/537.36 (KHTML, like Gecko) Chrome/65.0.3325.181 Safari/537.36" 
113.141.113.111, 39.97.49.232 - - [19/Mar/2021:21:16:28 +0800] "GET /api/v1/index/banner/ HTTP/1.1" 200 382 "-" "Mozilla/5.0 (Windows NT 10.0; Win64; x64) AppleWebKit/537.36 (KHTML, like Gecko) Chrome/89.0.4389.90 Safari/537.36" 
113.141.113.111, 39.97.49.232 - - [19/Mar/2021:21:16:28 +0800] "GET /api/v1/course/actual/?limit=3 HTTP/1.1" 200 2342 "-" "Mozilla/5.0 (Windows NT 10.0; Win64; x64) AppleWebKit/537.36 (KHTML, like Gecko) Chrome/89.0.4389.90 Safari/537.36" 
113.141.113.111 - - [19/Mar/2021:21:16:29 +0800] "GET /api/v1/result/enroll/?resultType=enroll&limit=2 HTTP/1.1" 200 1878 "https://www.luffycity.com/" "Mozilla/5.0 (Windows NT 10.0; Win64; x64) AppleWebKit/537.36 (KHTML, like Gecko) Chrome/89.0.4389.90 Safari/537.36" 
117.28.221.202 - - [19/Mar/2021:21:16:30 +0800] "OPTIONS /api/v1/auth/wechat/ HTTP/1.1" 200 0 "-" "Mozilla/5.0 (Windows NT 10.0; WOW64) AppleWebKit/537.36 (KHTML, like Gecko) Chrome/65.0.3325.181 Safari/537.36" 
113.141.113.111 - - [19/Mar/2021:21:16:31 +0800] "GET /api/v1/study/degrees/1/mentor/?degree_id=1 HTTP/1.1" 200 188 "https://www.luffycity.com/" "Mozilla/5.0 (Windows NT 10.0; Win64; x64) AppleWebKit/537.36 (KHTML, like Gecko) Chrome/89.0.4389.90 Safari/537.36" 
113.141.113.111 - - [19/Mar/2021:21:16:31 +0800] "GET /api/v1/study/data/ HTTP/1.1" 200 109 "https://www.luffycity.com/" "Mozilla/5.0 (Windows NT 10.0; Win64; x64) AppleWebKit/537.36 (KHTML, like Gecko) Chrome/89.0.4389.90 Safari/537.36" 
120.230.101.235 - - [19/Mar/2021:21:16:31 +0800] "OPTIONS /api/v1/play/sections/?section_id=27814 HTTP/1.1" 200 0 "https://www.luffycity.com/" "Mozilla/5.0 (Windows NT 6.1; WOW64) AppleWebKit/537.36 (KHTML, like Gecko) Chrome/89.0.4389.90 Safari/537.36" 
120.230.101.235 - - [19/Mar/2021:21:16:31 +0800] "OPTIONS /api/v1/comment/?section_id=27814&limit=10&offset=0 HTTP/1.1" 200 0 "https://www.luffycity.com/" "Mozilla/5.0 (Windows NT 6.1; WOW64) AppleWebKit/537.36 (KHTML, like Gecko) Chrome/89.0.4389.90 Safari/537.36" 
113.141.113.111 - - [19/Mar/2021:21:16:31 +0800] "GET /api/v1/study/degrees/1/?degree_id=1 HTTP/1.1" 200 1949 "https://www.luffycity.com/" "Mozilla/5.0 (Windows NT 10.0; Win64; x64) AppleWebKit/537.36 (KHTML, like Gecko) Chrome/89.0.4389.90 Safari/537.36" 
120.230.101.235 - - [19/Mar/2021:21:16:31 +0800] "GET /api/v1/survey/section/27814/?sectionId=27814 HTTP/1.1" 200 10 "https://www.luffycity.com/" "Mozilla/5.0 (Windows NT 6.1; WOW64) AppleWebKit/537.36 (KHTML, like Gecko) Chrome/89.0.4389.90 Safari/537.36" 
120.230.101.235 - - [19/Mar/2021:21:16:31 +0800] "GET /api/v1/play/sections/?section_id=27814 HTTP/1.1" 200 807 "https://www.luffycity.com/" "Mozilla/5.0 (Windows NT 6.1; WOW64) AppleWebKit/537.36 (KHTML, like Gecko) Chrome/89.0.4389.90 Safari/537.36" 
1.189.41.223 - - [19/Mar/2021:21:16:33 +0800] "OPTIONS /api/v1/qa/question/?limit=5&offset=0 HTTP/1.1" 200 0 "https://www.luffycity.com/" "Mozilla/5.0 (Windows NT 10.0; Win64; x64) AppleWebKit/537.36 (KHTML, like Gecko) Chrome/89.0.4389.90 Safari/537.36" 
1.189.41.223 - - [19/Mar/2021:21:16:34 +0800] "OPTIONS /api/v1/study/courses/ HTTP/1.1" 200 0 "https://www.luffycity.com/" "Mozilla/5.0 (Windows NT 10.0; Win64; x64) AppleWebKit/537.36 (KHTML, like Gecko) Chrome/89.0.4389.90 Safari/537.36" 
1.189.41.223 - - [19/Mar/2021:21:16:34 +0800] "GET /api/v1/study/degrees/ HTTP/1.1" 200 146 "https://www.luffycity.com/" "Mozilla/5.0 (Windows NT 10.0; Win64; x64) AppleWebKit/537.36 (KHTML, like Gecko) Chrome/89.0.4389.90 Safari/537.36" 
112.32.133.31 - - [19/Mar/2021:21:16:35 +0800] "OPTIONS /api/v1/play/sections/?section_id=14424 HTTP/1.1" 200 0 "https://www.luffycity.com/" "Mozilla/5.0 (Windows NT 10.0; Win64; x64) AppleWebKit/537.36 (KHTML, like Gecko) Chrome/91.0.4442.4 Safari/537.36" 
112.32.133.31 - - [19/Mar/2021:21:16:35 +0800] "OPTIONS /api/v1/play/14424/?play_id=14424 HTTP/1.1" 200 0 "https://www.luffycity.com/" "Mozilla/5.0 (Windows NT 10.0; Win64; x64) AppleWebKit/537.36 (KHTML, like Gecko) Chrome/91.0.4442.4 Safari/537.36" 
1.189.41.223 - - [19/Mar/2021:21:16:35 +0800] "GET /api/v1/study/data/?degree_id=1 HTTP/1.1" 200 118 "https://www.luffycity.com/" "Mozilla/5.0 (Windows NT 10.0; Win64; x64) AppleWebKit/537.36 (KHTML, like Gecko) Chrome/89.0.4389.90 Safari/537.36" 
112.32.133.31 - - [19/Mar/2021:21:16:35 +0800] "GET /api/v1/play/sections/?section_id=14424 HTTP/1.1" 200 3134 "https://www.luffycity.com/" "Mozilla/5.0 (Windows NT 10.0; Win64; x64) AppleWebKit/537.36 (KHTML, like Gecko) Chrome/91.0.4442.4 Safari/537.36" 
112.32.133.31 - - [19/Mar/2021:21:16:35 +0800] "GET /api/v1/comment/?section_id=14424&limit=10&offset=0 HTTP/1.1" 200 1756 "https://www.luffycity.com/" "Mozilla/5.0 (Windows NT 10.0; Win64; x64) AppleWebKit/537.36 (KHTML, like Gecko) Chrome/91.0.4442.4 Safari/537.36" 
117.28.221.202 - - [19/Mar/2021:21:16:39 +0800] "OPTIONS /api/v1/auth/password/login/?loginWay=password HTTP/1.1" 200 0 "-" "Mozilla/5.0 (Windows NT 10.0; WOW64) AppleWebKit/537.36 (KHTML, like Gecko) Chrome/65.0.3325.181 Safari/537.36" 
117.28.221.202 - - [19/Mar/2021:21:16:39 +0800] "OPTIONS /api/v1/auth/token/ HTTP/1.1" 200 0 "-" "Mozilla/5.0 (Windows NT 10.0; WOW64) AppleWebKit/537.36 (KHTML, like Gecko) Chrome/65.0.3325.181 Safari/537.36" 
117.28.221.202 - - [19/Mar/2021:21:16:42 +0800] "OPTIONS /api/v1/account/order/product/?limit=10&offset=0 HTTP/1.1" 200 0 "-" "Mozilla/5.0 (Windows NT 10.0; WOW64) AppleWebKit/537.36 (KHTML, like Gecko) Chrome/65.0.3325.181 Safari/537.36" 
117.28.221.202 - - [19/Mar/2021:21:16:42 +0800] "GET /api/v1/account/order/product/?limit=10&offset=0 HTTP/1.1" 200 69 "https://www.luffycity.com/account/center/order" "Mozilla/5.0 (Windows NT 10.0; WOW64) AppleWebKit/537.36 (KHTML, like Gecko) Chrome/65.0.3325.181 Safari/537.36" 
117.28.221.202 - - [19/Mar/2021:21:16:44 +0800] "OPTIONS /api/v1/pay/order/?order_number=289220200711314085 HTTP/1.1" 200 0 "-" "Mozilla/5.0 (Windows NT 10.0; WOW64) AppleWebKit/537.36 (KHTML, like Gecko) Chrome/65.0.3325.181 Safari/537.36" 
117.28.221.202 - - [19/Mar/2021:21:16:44 +0800] "OPTIONS /api/v1/study/data/ HTTP/1.1" 200 0 "-" "Mozilla/5.0 (Windows NT 10.0; WOW64) AppleWebKit/537.36 (KHTML, like Gecko) Chrome/65.0.3325.181 Safari/537.36" 
117.28.221.202 - - [19/Mar/2021:21:16:44 +0800] "GET /api/v1/pay/order/?order_number=289220200711314085 HTTP/1.1" 200 35 "https://www.luffycity.com/study/degree" "Mozilla/5.0 (Windows NT 10.0; WOW64) AppleWebKit/537.36 (KHTML, like Gecko) Chrome/65.0.3325.181 Safari/537.36" 
117.28.221.202 - - [19/Mar/2021:21:16:44 +0800] "GET /api/v1/study/degrees/0/mentor/?degree_id=0 HTTP/1.1" 200 137 "https://www.luffycity.com/study/degree" "Mozilla/5.0 (Windows NT 10.0; WOW64) AppleWebKit/537.36 (KHTML, like Gecko) Chrome/65.0.3325.181 Safari/537.36" 
117.28.221.202 - - [19/Mar/2021:21:16:44 +0800] "OPTIONS /api/v1/study/degrees/14/?degree_id=14 HTTP/1.1" 200 0 "-" "Mozilla/5.0 (Windows NT 10.0; WOW64) AppleWebKit/537.36 (KHTML, like Gecko) Chrome/65.0.3325.181 Safari/537.36" 
117.28.221.202 - - [19/Mar/2021:21:16:44 +0800] "OPTIONS /api/v1/study/degrees/14/mentor/?degree_id=14 HTTP/1.1" 200 0 "-" "Mozilla/5.0 (Windows NT 10.0; WOW64) AppleWebKit/537.36 (KHTML, like Gecko) Chrome/65.0.3325.181 Safari/537.36" 
117.28.221.202 - - [19/Mar/2021:21:16:45 +0800] "GET /api/v1/study/degrees/14/?degree_id=14 HTTP/1.1" 200 763 "https://www.luffycity.com/study/degree" "Mozilla/5.0 (Windows NT 10.0; WOW64) AppleWebKit/537.36 (KHTML, like Gecko) Chrome/65.0.3325.181 Safari/537.36" 
175.152.37.165, 39.97.49.232 - - [19/Mar/2021:21:16:45 +0800] "GET /api/v1/auth/token/ HTTP/1.1" 200 29 "https://book.apeland.cn/" "Mozilla/5.0 (Windows NT 10.0; Win64; x64) AppleWebKit/537.36 (KHTML, like Gecko) Chrome/89.0.4389.90 Safari/537.36" 
175.152.37.165, 39.97.49.232 - - [19/Mar/2021:21:16:45 +0800] "GET /api/v1/result/ HTTP/1.1" 200 231 "https://book.apeland.cn/" "Mozilla/5.0 (Windows NT 10.0; Win64; x64) AppleWebKit/537.36 (KHTML, like Gecko) Chrome/89.0.4389.90 Safari/537.36" 
175.152.37.165, 39.97.49.232 - - [19/Mar/2021:21:16:45 +0800] "GET /api/v1/index/banner/ HTTP/1.1" 200 382 "https://book.apeland.cn/" "Mozilla/5.0 (Windows NT 10.0; Win64; x64) AppleWebKit/537.36 (KHTML, like Gecko) Chrome/89.0.4389.90 Safari/537.36" 
175.152.37.165, 39.97.49.232 - - [19/Mar/2021:21:16:45 +0800] "GET /api/v1/course/actual/?limit=3 HTTP/1.1" 200 2342 "https://book.apeland.cn/" "Mozilla/5.0 (Windows NT 10.0; Win64; x64) AppleWebKit/537.36 (KHTML, like Gecko) Chrome/89.0.4389.90 Safari/537.36" 
175.152.37.165 - - [19/Mar/2021:21:16:46 +0800] "GET /api/v1/result/enroll/?resultType=enroll&limit=2 HTTP/1.1" 200 1878 "https://www.luffycity.com/" "Mozilla/5.0 (Windows NT 10.0; Win64; x64) AppleWebKit/537.36 (KHTML, like Gecko) Chrome/89.0.4389.90 Safari/537.36" 
117.28.221.202 - - [19/Mar/2021:21:16:47 +0800] "OPTIONS /api/v1/play/sections/?section_id=10588 HTTP/1.1" 200 0 "-" "Mozilla/5.0 (Windows NT 10.0; WOW64) AppleWebKit/537.36 (KHTML, like Gecko) Chrome/65.0.3325.181 Safari/537.36" 
117.28.221.202 - - [19/Mar/2021:21:16:47 +0800] "OPTIONS /api/v1/play/10588/?play_id=10588 HTTP/1.1" 200 0 "-" "Mozilla/5.0 (Windows NT 10.0; WOW64) AppleWebKit/537.36 (KHTML, like Gecko) Chrome/65.0.3325.181 Safari/537.36" 
117.28.221.202 - - [19/Mar/2021:21:16:47 +0800] "GET /api/v1/play/sections/?section_id=10588 HTTP/1.1" 200 10728 "https://www.luffycity.com/play/10588" "Mozilla/5.0 (Windows NT 10.0; WOW64) AppleWebKit/537.36 (KHTML, like Gecko) Chrome/65.0.3325.181 Safari/537.36" 
117.28.221.202 - - [19/Mar/2021:21:16:47 +0800] "GET /api/v1/play/10588/?play_id=10588 HTTP/1.1" 200 478 "https://www.luffycity.com/play/10588" "Mozilla/5.0 (Windows NT 10.0; WOW64) AppleWebKit/537.36 (KHTML, like Gecko) Chrome/65.0.3325.181 Safari/537.36" 
175.152.37.165 - - [19/Mar/2021:21:16:49 +0800] "GET /api/v1/course/free/124/?courseType=free&id=124 HTTP/1.1" 200 2004 "https://www.luffycity.com/" "Mozilla/5.0 (Windows NT 10.0; Win64; x64) AppleWebKit/537.36 (KHTML, like Gecko) Chrome/89.0.4389.90 Safari/537.36" 
175.152.37.165 - - [19/Mar/2021:21:16:49 +0800] "GET /api/v1/course/free/124/sections/?courseType=free&id=124 HTTP/1.1" 200 3097 "https://www.luffycity.com/" "Mozilla/5.0 (Windows NT 10.0; Win64; x64) AppleWebKit/537.36 (KHTML, like Gecko) Chrome/89.0.4389.90 Safari/537.36" 
175.152.37.165 - - [19/Mar/2021:21:16:54 +0800] "GET /api/v1/auth/wechat/ HTTP/1.1" 200 232 "https://www.luffycity.com/" "Mozilla/5.0 (Windows NT 10.0; Win64; x64) AppleWebKit/537.36 (KHTML, like Gecko) Chrome/89.0.4389.90 Safari/537.36" 
175.152.37.165 - - [19/Mar/2021:21:16:55 +0800] "POST /api/v1/auth/password/login/?loginWay=password HTTP/1.1" 200 100 "https://www.luffycity.com/" "Mozilla/5.0 (Windows NT 10.0; Win64; x64) AppleWebKit/537.36 (KHTML, like Gecko) Chrome/89.0.4389.90 Safari/537.36" 
175.152.37.165 - - [19/Mar/2021:21:16:56 +0800] "GET /api/v1/auth/captcha/ HTTP/1.1" 200 137 "https://www.luffycity.com/" "Mozilla/5.0 (Windows NT 10.0; Win64; x64) AppleWebKit/537.36 (KHTML, like Gecko) Chrome/89.0.4389.90 Safari/537.36" 
175.152.37.165 - - [19/Mar/2021:21:16:57 +0800] "GET /api/v1/check/mobile/?field=mobile&mobile=17633544390 HTTP/1.1" 200 33 "https://www.luffycity.com/" "Mozilla/5.0 (Windows NT 10.0; Win64; x64) AppleWebKit/537.36 (KHTML, like Gecko) Chrome/89.0.4389.90 Safari/537.36" 
113.133.19.242 - - [19/Mar/2021:21:16:59 +0800] "GET /api/v1/auth/token/ HTTP/1.1" 200 401 "https://m.luffycity.com/play/30934" "Mozilla/5.0 (Linux; Android 10; OXF-AN10 Build/HUAWEIOXF-AN10; wv) AppleWebKit/537.36 (KHTML, like Gecko) Version/4.0 Chrome/77.0.3865.120 MQQBrowser/6.2 TBS/045521 Mobile Safari/537.36 MMWEBID/7580 MicroMessenger/8.0.1.1841(0x2800015D) Process/tools WeChat/arm64 Weixin NetType/WIFI Language/zh_CN ABI/arm64" 
113.133.19.242 - - [19/Mar/2021:21:16:59 +0800] "GET /api/v1/play/sections/?section_id=30935 HTTP/1.1" 200 3009 "https://m.luffycity.com/play/30935" "Mozilla/5.0 (Linux; Android 10; OXF-AN10 Build/HUAWEIOXF-AN10; wv) AppleWebKit/537.36 (KHTML, like Gecko) Version/4.0 Chrome/77.0.3865.120 MQQBrowser/6.2 TBS/045521 Mobile Safari/537.36 MMWEBID/7580 MicroMessenger/8.0.1.1841(0x2800015D) Process/tools WeChat/arm64 Weixin NetType/WIFI Language/zh_CN ABI/arm64" 
175.152.37.165 - - [19/Mar/2021:21:17:00 +0800] "POST /api/v1/sms/send/ HTTP/1.1" 200 31 "https://www.luffycity.com/" "Mozilla/5.0 (Windows NT 10.0; Win64; x64) AppleWebKit/537.36 (KHTML, like Gecko) Chrome/89.0.4389.90 Safari/537.36" 
101.87.239.130, 39.97.49.232 - - [19/Mar/2021:21:17:07 +0800] "GET /api/v1/auth/token/ HTTP/1.1" 200 29 "https://www.oldboyedu.com/Public/lnh/kec/head.html" "Mozilla/5.0 (Windows NT 10.0; Win64; x64; rv:86.0) Gecko/20100101 Firefox/86.0" 
101.87.239.130, 39.97.49.232 - - [19/Mar/2021:21:17:07 +0800] "GET /api/v1/index/banner/ HTTP/1.1" 200 382 "https://www.oldboyedu.com/Public/lnh/kec/head.html" "Mozilla/5.0 (Windows NT 10.0; Win64; x64; rv:86.0) Gecko/20100101 Firefox/86.0" 
101.87.239.130, 39.97.49.232 - - [19/Mar/2021:21:17:07 +0800] "GET /api/v1/course/actual/?limit=3 HTTP/1.1" 200 2342 "https://www.oldboyedu.com/Public/lnh/kec/head.html" "Mozilla/5.0 (Windows NT 10.0; Win64; x64; rv:86.0) Gecko/20100101 Firefox/86.0" 
101.87.239.130, 39.97.49.232 - - [19/Mar/2021:21:17:07 +0800] "GET /api/v1/course/degree/ HTTP/1.1" 200 949 "https://www.oldboyedu.com/Public/lnh/kec/head.html" "Mozilla/5.0 (Windows NT 10.0; Win64; x64; rv:86.0) Gecko/20100101 Firefox/86.0" 
101.87.239.130, 39.97.49.232 - - [19/Mar/2021:21:17:07 +0800] "GET /api/v1/course/home-free/?limit=3 HTTP/1.1" 200 865 "https://www.oldboyedu.com/Public/lnh/kec/head.html" "Mozilla/5.0 (Windows NT 10.0; Win64; x64; rv:86.0) Gecko/20100101 Firefox/86.0" 
39.188.11.233 - - [19/Mar/2021:21:17:11 +0800] "OPTIONS /api/v1/comment/?section_id=30987&limit=10&offset=0 HTTP/1.1" 200 0 "https://www.luffycity.com/" "Mozilla/5.0 (Windows NT 10.0; Win64; x64) AppleWebKit/537.36 (KHTML, like Gecko) Chrome/89.0.4389.90 Safari/537.36 Edg/89.0.774.54" 
39.188.11.233 - - [19/Mar/2021:21:17:11 +0800] "OPTIONS /api/v1/survey/section/30987/?sectionId=30987 HTTP/1.1" 200 0 "https://www.luffycity.com/" "Mozilla/5.0 (Windows NT 10.0; Win64; x64) AppleWebKit/537.36 (KHTML, like Gecko) Chrome/89.0.4389.90 Safari/537.36 Edg/89.0.774.54" 
39.188.11.233 - - [19/Mar/2021:21:17:11 +0800] "GET /api/v1/play/sections/?section_id=30987 HTTP/1.1" 200 3028 "https://www.luffycity.com/" "Mozilla/5.0 (Windows NT 10.0; Win64; x64) AppleWebKit/537.36 (KHTML, like Gecko) Chrome/89.0.4389.90 Safari/537.36 Edg/89.0.774.54" 
39.188.11.233 - - [19/Mar/2021:21:17:11 +0800] "GET /api/v1/comment/?section_id=30987&limit=10&offset=0 HTTP/1.1" 200 1798 "https://www.luffycity.com/" "Mozilla/5.0 (Windows NT 10.0; Win64; x64) AppleWebKit/537.36 (KHTML, like Gecko) Chrome/89.0.4389.90 Safari/537.36 Edg/89.0.774.54" 
175.152.37.165 - - [19/Mar/2021:21:17:13 +0800] "POST /api/v1/auth/mobile/login/?loginWay=mobile HTTP/1.1" 200 274 "https://www.luffycity.com/" "Mozilla/5.0 (Windows NT 10.0; Win64; x64) AppleWebKit/537.36 (KHTML, like Gecko) Chrome/89.0.4389.90 Safari/537.36" 
175.152.37.165 - - [19/Mar/2021:21:17:13 +0800] "GET /api/v1/auth/token/ HTTP/1.1" 200 400 "https://www.luffycity.com/" "Mozilla/5.0 (Windows NT 10.0; Win64; x64) AppleWebKit/537.36 (KHTML, like Gecko) Chrome/89.0.4389.90 Safari/537.36" 
39.188.11.233 - - [19/Mar/2021:21:17:13 +0800] "OPTIONS /api/v1/comment/?section_id=30986&limit=10&offset=0 HTTP/1.1" 200 0 "https://www.luffycity.com/" "Mozilla/5.0 (Windows NT 10.0; Win64; x64) AppleWebKit/537.36 (KHTML, like Gecko) Chrome/89.0.4389.90 Safari/537.36 Edg/89.0.774.54" 
39.188.11.233 - - [19/Mar/2021:21:17:13 +0800] "OPTIONS /api/v1/survey/section/30986/?sectionId=30986 HTTP/1.1" 200 0 "https://www.luffycity.com/" "Mozilla/5.0 (Windows NT 10.0; Win64; x64) AppleWebKit/537.36 (KHTML, like Gecko) Chrome/89.0.4389.90 Safari/537.36 Edg/89.0.774.54" 
39.188.11.233 - - [19/Mar/2021:21:17:13 +0800] "GET /api/v1/survey/section/30986/?sectionId=30986 HTTP/1.1" 200 10 "https://www.luffycity.com/" "Mozilla/5.0 (Windows NT 10.0; Win64; x64) AppleWebKit/537.36 (KHTML, like Gecko) Chrome/89.0.4389.90 Safari/537.36 Edg/89.0.774.54" 
39.188.11.233 - - [19/Mar/2021:21:17:14 +0800] "GET /api/v1/play/sections/?section_id=30986 HTTP/1.1" 200 3029 "https://www.luffycity.com/" "Mozilla/5.0 (Windows NT 10.0; Win64; x64) AppleWebKit/537.36 (KHTML, like Gecko) Chrome/89.0.4389.90 Safari/537.36 Edg/89.0.774.54" 
175.152.37.165 - - [19/Mar/2021:21:17:14 +0800] "POST /api/v1/pay/create/ HTTP/1.1" 200 121 "https://www.luffycity.com/" "Mozilla/5.0 (Windows NT 10.0; Win64; x64) AppleWebKit/537.36 (KHTML, like Gecko) Chrome/89.0.4389.90 Safari/537.36" 
175.152.37.165 - - [19/Mar/2021:21:17:17 +0800] "POST /api/v1/pay/create/ HTTP/1.1" 200 49 "https://www.luffycity.com/" "Mozilla/5.0 (Windows NT 10.0; Win64; x64) AppleWebKit/537.36 (KHTML, like Gecko) Chrome/89.0.4389.90 Safari/537.36" 
175.152.37.165, 39.97.49.232 - - [19/Mar/2021:21:17:18 +0800] "GET /api/v1/result/ HTTP/1.1" 200 231 "https://book.apeland.cn/" "Mozilla/5.0 (Windows NT 10.0; Win64; x64) AppleWebKit/537.36 (KHTML, like Gecko) Chrome/89.0.4389.90 Safari/537.36" 
175.152.37.165, 39.97.49.232 - - [19/Mar/2021:21:17:19 +0800] "GET /api/v1/course/free/124/?courseType=free&id=124 HTTP/1.1" 200 2004 "https://book.apeland.cn/" "Mozilla/5.0 (Windows NT 10.0; Win64; x64) AppleWebKit/537.36 (KHTML, like Gecko) Chrome/89.0.4389.90 Safari/537.36" 
175.152.37.165 - - [19/Mar/2021:21:17:19 +0800] "GET /api/v1/course/free/124/sections/?courseType=free&id=124 HTTP/1.1" 200 3115 "https://www.luffycity.com/" "Mozilla/5.0 (Windows NT 10.0; Win64; x64) AppleWebKit/537.36 (KHTML, like Gecko) Chrome/89.0.4389.90 Safari/537.36" 
175.152.37.165 - - [19/Mar/2021:21:17:21 +0800] "OPTIONS /api/v1/survey/section/14416/?sectionId=14416 HTTP/1.1" 200 0 "https://www.luffycity.com/" "Mozilla/5.0 (Windows NT 10.0; Win64; x64) AppleWebKit/537.36 (KHTML, like Gecko) Chrome/89.0.4389.90 Safari/537.36" 
175.152.37.165 - - [19/Mar/2021:21:17:21 +0800] "OPTIONS /api/v1/comment/?section_id=14416&limit=10&offset=0 HTTP/1.1" 200 0 "https://www.luffycity.com/" "Mozilla/5.0 (Windows NT 10.0; Win64; x64) AppleWebKit/537.36 (KHTML, like Gecko) Chrome/89.0.4389.90 Safari/537.36" 
175.152.37.165 - - [19/Mar/2021:21:17:21 +0800] "GET /api/v1/comment/?section_id=14416&limit=10&offset=0 HTTP/1.1" 200 1756 "https://www.luffycity.com/" "Mozilla/5.0 (Windows NT 10.0; Win64; x64) AppleWebKit/537.36 (KHTML, like Gecko) Chrome/89.0.4389.90 Safari/537.36" 
175.152.37.165 - - [19/Mar/2021:21:17:21 +0800] "GET /api/v1/play/14416/?play_id=14416 HTTP/1.1" 200 383 "https://www.luffycity.com/" "Mozilla/5.0 (Windows NT 10.0; Win64; x64) AppleWebKit/537.36 (KHTML, like Gecko) Chrome/89.0.4389.90 Safari/537.36" 
175.152.37.165 - - [19/Mar/2021:21:17:23 +0800] "OPTIONS /api/v1/comment/?section_id=14421&limit=10&offset=0 HTTP/1.1" 200 0 "https://www.luffycity.com/" "Mozilla/5.0 (Windows NT 10.0; Win64; x64) AppleWebKit/537.36 (KHTML, like Gecko) Chrome/89.0.4389.90 Safari/537.36" 
175.152.37.165 - - [19/Mar/2021:21:17:23 +0800] "OPTIONS /api/v1/survey/section/14421/?sectionId=14421 HTTP/1.1" 200 0 "https://www.luffycity.com/" "Mozilla/5.0 (Windows NT 10.0; Win64; x64) AppleWebKit/537.36 (KHTML, like Gecko) Chrome/89.0.4389.90 Safari/537.36" 
175.152.37.165 - - [19/Mar/2021:21:17:23 +0800] "GET /api/v1/survey/section/14421/?sectionId=14421 HTTP/1.1" 200 10 "https://www.luffycity.com/" "Mozilla/5.0 (Windows NT 10.0; Win64; x64) AppleWebKit/537.36 (KHTML, like Gecko) Chrome/89.0.4389.90 Safari/537.36" 
175.152.37.165 - - [19/Mar/2021:21:17:23 +0800] "GET /api/v1/play/14421/?play_id=14421 HTTP/1.1" 200 385 "https://www.luffycity.com/" "Mozilla/5.0 (Windows NT 10.0; Win64; x64) AppleWebKit/537.36 (KHTML, like Gecko) Chrome/89.0.4389.90 Safari/537.36" 
175.152.37.165 - - [19/Mar/2021:21:17:27 +0800] "OPTIONS /api/v1/survey/section/14420/?sectionId=14420 HTTP/1.1" 200 0 "https://www.luffycity.com/" "Mozilla/5.0 (Windows NT 10.0; Win64; x64) AppleWebKit/537.36 (KHTML, like Gecko) Chrome/89.0.4389.90 Safari/537.36" 
175.152.37.165 - - [19/Mar/2021:21:17:27 +0800] "OPTIONS /api/v1/comment/?section_id=14420&limit=10&offset=0 HTTP/1.1" 200 0 "https://www.luffycity.com/" "Mozilla/5.0 (Windows NT 10.0; Win64; x64) AppleWebKit/537.36 (KHTML, like Gecko) Chrome/89.0.4389.90 Safari/537.36" 
175.152.37.165 - - [19/Mar/2021:21:17:27 +0800] "GET /api/v1/comment/?section_id=14420&limit=10&offset=0 HTTP/1.1" 200 1755 "https://www.luffycity.com/" "Mozilla/5.0 (Windows NT 10.0; Win64; x64) AppleWebKit/537.36 (KHTML, like Gecko) Chrome/89.0.4389.90 Safari/537.36" 
175.152.37.165 - - [19/Mar/2021:21:17:27 +0800] "GET /api/v1/play/14420/?play_id=14420 HTTP/1.1" 200 391 "https://www.luffycity.com/" "Mozilla/5.0 (Windows NT 10.0; Win64; x64) AppleWebKit/537.36 (KHTML, like Gecko) Chrome/89.0.4389.90 Safari/537.36" 
117.154.89.17 - - [19/Mar/2021:21:17:28 +0800] "OPTIONS /api/v1/play/sections/?section_id=30893 HTTP/1.1" 200 0 "https://www.luffycity.com/" "Mozilla/5.0 (Macintosh; Intel Mac OS X 11_2_3) AppleWebKit/537.36 (KHTML, like Gecko) Chrome/89.0.4389.90 Safari/537.36" 
117.154.89.17 - - [19/Mar/2021:21:17:28 +0800] "OPTIONS /api/v1/play/30893/?play_id=30893 HTTP/1.1" 200 0 "https://www.luffycity.com/" "Mozilla/5.0 (Macintosh; Intel Mac OS X 11_2_3) AppleWebKit/537.36 (KHTML, like Gecko) Chrome/89.0.4389.90 Safari/537.36" 
117.154.89.17 - - [19/Mar/2021:21:17:29 +0800] "GET /api/v1/comment/?section_id=30893&limit=10&offset=0 HTTP/1.1" 200 1643 "https://www.luffycity.com/" "Mozilla/5.0 (Macintosh; Intel Mac OS X 11_2_3) AppleWebKit/537.36 (KHTML, like Gecko) Chrome/89.0.4389.90 Safari/537.36" 
117.154.89.17 - - [19/Mar/2021:21:17:29 +0800] "GET /api/v1/play/30893/?play_id=30893 HTTP/1.1" 200 420 "https://www.luffycity.com/" "Mozilla/5.0 (Macintosh; Intel Mac OS X 11_2_3) AppleWebKit/537.36 (KHTML, like Gecko) Chrome/89.0.4389.90 Safari/537.36" 
123.98.50.69 - - [19/Mar/2021:21:17:33 +0800] "OPTIONS /api/v1/play/sections/?section_id=5675 HTTP/1.1" 200 0 "https://www.luffycity.com/play/5675" "Mozilla/5.0 (Windows NT 6.1; Win64; x64; rv:84.0) Gecko/20100101 Firefox/84.0" 
123.98.50.69 - - [19/Mar/2021:21:17:33 +0800] "OPTIONS /api/v1/play/5675/?play_id=5675 HTTP/1.1" 200 0 "https://www.luffycity.com/play/5675" "Mozilla/5.0 (Windows NT 6.1; Win64; x64; rv:84.0) Gecko/20100101 Firefox/84.0" 
123.98.50.69 - - [19/Mar/2021:21:17:33 +0800] "GET /api/v1/play/5675/?play_id=5675 HTTP/1.1" 200 64 "https://www.luffycity.com/play/5675" "Mozilla/5.0 (Windows NT 6.1; Win64; x64; rv:84.0) Gecko/20100101 Firefox/84.0" 
123.98.50.69 - - [19/Mar/2021:21:17:33 +0800] "GET /api/v1/play/sections/?section_id=5675 HTTP/1.1" 200 3005 "https://www.luffycity.com/play/5675" "Mozilla/5.0 (Windows NT 6.1; Win64; x64; rv:84.0) Gecko/20100101 Firefox/84.0" 
39.97.50.217 - - [19/Mar/2021:21:18:05 +0800] "GET /api/v1/auth/token/ HTTP/1.1" 200 29 "-" "Mozilla/5.0 (Linux; Android 6.0.1; Nexus 5X Build/MMB29P) AppleWebKit/537.36 (KHTML, like Gecko) Chrome/89.0.4389.95 Mobile Safari/537.36 (compatible; Googlebot/2.1; +http://www.google.com/bot.html)" 
39.97.50.217 - - [19/Mar/2021:21:18:05 +0800] "GET /api/v1/course/actual/42/?courseType=actual&id=42 HTTP/1.1" 200 1027 "-" "Mozilla/5.0 (Linux; Android 6.0.1; Nexus 5X Build/MMB29P) AppleWebKit/537.36 (KHTML, like Gecko) Chrome/89.0.4389.95 Mobile Safari/537.36 (compatible; Googlebot/2.1; +http://www.google.com/bot.html)" 
123.112.193.2, 39.97.49.232 - - [19/Mar/2021:21:18:24 +0800] "GET /api/v1/auth/token/ HTTP/1.1" 200 29 "https://www.baidu.com/link?url=TfiCkGULsuyebzsrlmvHqmbVdaThES8qReqgW4zPpQ1oIvMezrFAljmlPy4ZC9W0&wd=&eqid=8789ccd2002c3308000000026054a49c" "Mozilla/5.0 (Macintosh; Intel Mac OS X 10.16; rv:78.0) Gecko/20100101 Firefox/78.0" 
123.112.193.2, 39.97.49.232 - - [19/Mar/2021:21:18:25 +0800] "GET /api/v1/course/degree/ HTTP/1.1" 200 949 "https://www.baidu.com/link?url=TfiCkGULsuyebzsrlmvHqmbVdaThES8qReqgW4zPpQ1oIvMezrFAljmlPy4ZC9W0&wd=&eqid=8789ccd2002c3308000000026054a49c" "Mozilla/5.0 (Macintosh; Intel Mac OS X 10.16; rv:78.0) Gecko/20100101 Firefox/78.0" 
123.112.193.2, 39.97.49.232 - - [19/Mar/2021:21:18:25 +0800] "GET /api/v1/course/home-free/?limit=3 HTTP/1.1" 200 865 "https://www.baidu.com/link?url=TfiCkGULsuyebzsrlmvHqmbVdaThES8qReqgW4zPpQ1oIvMezrFAljmlPy4ZC9W0&wd=&eqid=8789ccd2002c3308000000026054a49c" "Mozilla/5.0 (Macintosh; Intel Mac OS X 10.16; rv:78.0) Gecko/20100101 Firefox/78.0" 
123.112.193.2 - - [19/Mar/2021:21:18:26 +0800] "GET /api/v1/result/enroll/?resultType=enroll&limit=2 HTTP/1.1" 200 1878 "https://www.luffycity.com/" "Mozilla/5.0 (Macintosh; Intel Mac OS X 10.16; rv:78.0) Gecko/20100101 Firefox/78.0" 
123.112.193.2 - - [19/Mar/2021:21:18:39 +0800] "GET /api/v1/course/free/124/?courseType=free&id=124 HTTP/1.1" 200 2000 "https://www.luffycity.com/" "Mozilla/5.0 (Macintosh; Intel Mac OS X 10.16; rv:78.0) Gecko/20100101 Firefox/78.0" 
123.112.193.2 - - [19/Mar/2021:21:18:40 +0800] "GET /api/v1/course/free/124/sections/?courseType=free&id=124 HTTP/1.1" 200 3097 "https://www.luffycity.com/free-course/124/detail" "Mozilla/5.0 (Macintosh; Intel Mac OS X 10.16; rv:78.0) Gecko/20100101 Firefox/78.0" 
101.81.57.158 - - [19/Mar/2021:21:18:42 +0800] "OPTIONS /api/v1/survey/section/31712/?sectionId=31712 HTTP/1.1" 200 0 "https://www.luffycity.com/" "Mozilla/5.0 (Macintosh; Intel Mac OS X 11_2_3) AppleWebKit/537.36 (KHTML, like Gecko) Chrome/89.0.4389.82 Safari/537.36" 
101.81.57.158 - - [19/Mar/2021:21:18:42 +0800] "OPTIONS /api/v1/play/31712/?play_id=31712 HTTP/1.1" 200 0 "https://www.luffycity.com/" "Mozilla/5.0 (Macintosh; Intel Mac OS X 11_2_3) AppleWebKit/537.36 (KHTML, like Gecko) Chrome/89.0.4389.82 Safari/537.36" 
101.81.57.158 - - [19/Mar/2021:21:18:42 +0800] "GET /api/v1/play/sections/?section_id=31712 HTTP/1.1" 200 2230 "https://www.luffycity.com/" "Mozilla/5.0 (Macintosh; Intel Mac OS X 11_2_3) AppleWebKit/537.36 (KHTML, like Gecko) Chrome/89.0.4389.82 Safari/537.36" 
101.81.57.158 - - [19/Mar/2021:21:18:42 +0800] "GET /api/v1/play/31712/?play_id=31712 HTTP/1.1" 200 401 "https://www.luffycity.com/" "Mozilla/5.0 (Macintosh; Intel Mac OS X 11_2_3) AppleWebKit/537.36 (KHTML, like Gecko) Chrome/89.0.4389.82 Safari/537.36" 
58.62.166.166 - - [19/Mar/2021:21:18:45 +0800] "OPTIONS /api/v1/comment/?section_id=17507&limit=10&offset=0 HTTP/1.1" 200 0 "https://www.luffycity.com/play/17507" "Mozilla/5.0 (Windows NT 10.0; WOW64) AppleWebKit/537.36 (KHTML, like Gecko) Chrome/86.0.4240.198 Safari/537.36" 
58.62.166.166 - - [19/Mar/2021:21:18:45 +0800] "OPTIONS /api/v1/play/17507/?play_id=17507 HTTP/1.1" 200 0 "https://www.luffycity.com/play/17507" "Mozilla/5.0 (Windows NT 10.0; WOW64) AppleWebKit/537.36 (KHTML, like Gecko) Chrome/86.0.4240.198 Safari/537.36" 
58.62.166.166 - - [19/Mar/2021:21:18:45 +0800] "GET /api/v1/survey/section/17507/?sectionId=17507 HTTP/1.1" 200 10 "https://www.luffycity.com/play/17507" "Mozilla/5.0 (Windows NT 10.0; WOW64) AppleWebKit/537.36 (KHTML, like Gecko) Chrome/86.0.4240.198 Safari/537.36" 
58.62.166.166 - - [19/Mar/2021:21:18:45 +0800] "GET /api/v1/play/17507/?play_id=17507 HTTP/1.1" 200 405 "https://www.luffycity.com/play/17507" "Mozilla/5.0 (Windows NT 10.0; WOW64) AppleWebKit/537.36 (KHTML, like Gecko) Chrome/86.0.4240.198 Safari/537.36" 
112.49.191.3, 39.97.49.232 - - [19/Mar/2021:21:18:51 +0800] "GET /api/v1/result/ HTTP/1.1" 200 231 "-" "Mozilla/5.0 (Windows NT 10.0; WOW64) AppleWebKit/537.36 (KHTML, like Gecko) Chrome/69.0.3497.100 Safari/537.36" 
112.49.191.3, 39.97.49.232 - - [19/Mar/2021:21:18:51 +0800] "GET /api/v1/index/banner/ HTTP/1.1" 200 382 "-" "Mozilla/5.0 (Windows NT 10.0; WOW64) AppleWebKit/537.36 (KHTML, like Gecko) Chrome/69.0.3497.100 Safari/537.36" 
112.49.191.3, 39.97.49.232 - - [19/Mar/2021:21:18:51 +0800] "GET /api/v1/course/actual/?limit=3 HTTP/1.1" 200 2342 "-" "Mozilla/5.0 (Windows NT 10.0; WOW64) AppleWebKit/537.36 (KHTML, like Gecko) Chrome/69.0.3497.100 Safari/537.36" 
112.49.191.3, 39.97.49.232 - - [19/Mar/2021:21:18:51 +0800] "GET /api/v1/course/degree/ HTTP/1.1" 200 949 "-" "Mozilla/5.0 (Windows NT 10.0; WOW64) AppleWebKit/537.36 (KHTML, like Gecko) Chrome/69.0.3497.100 Safari/537.36" 
112.49.191.3 - - [19/Mar/2021:21:18:52 +0800] "GET /api/v1/result/enroll/?resultType=enroll&limit=2 HTTP/1.1" 200 1878 "https://www.luffycity.com/" "Mozilla/5.0 (Windows NT 10.0; WOW64) AppleWebKit/537.36 (KHTML, like Gecko) Chrome/69.0.3497.100 Safari/537.36" 
112.49.191.3 - - [19/Mar/2021:21:18:52 +0800] "OPTIONS /api/v1/study/data/ HTTP/1.1" 200 0 "-" "Mozilla/5.0 (Windows NT 10.0; WOW64) AppleWebKit/537.36 (KHTML, like Gecko) Chrome/69.0.3497.100 Safari/537.36" 
112.49.191.3 - - [19/Mar/2021:21:18:52 +0800] "GET /api/v1/study/degrees/0/mentor/?degree_id=0 HTTP/1.1" 200 137 "https://www.luffycity.com/study/degree" "Mozilla/5.0 (Windows NT 10.0; WOW64) AppleWebKit/537.36 (KHTML, like Gecko) Chrome/69.0.3497.100 Safari/537.36" 
112.49.191.3 - - [19/Mar/2021:21:18:53 +0800] "GET /api/v1/study/degrees/ HTTP/1.1" 200 146 "https://www.luffycity.com/study/degree" "Mozilla/5.0 (Windows NT 10.0; WOW64) AppleWebKit/537.36 (KHTML, like Gecko) Chrome/69.0.3497.100 Safari/537.36" 
112.49.191.3 - - [19/Mar/2021:21:18:53 +0800] "OPTIONS /api/v1/study/data/?degree_id=1 HTTP/1.1" 200 0 "-" "Mozilla/5.0 (Windows NT 10.0; WOW64) AppleWebKit/537.36 (KHTML, like Gecko) Chrome/69.0.3497.100 Safari/537.36" 
112.49.191.3 - - [19/Mar/2021:21:18:53 +0800] "GET /api/v1/study/degrees/1/mentor/?degree_id=1 HTTP/1.1" 200 187 "https://www.luffycity.com/study/degree" "Mozilla/5.0 (Windows NT 10.0; WOW64) AppleWebKit/537.36 (KHTML, like Gecko) Chrome/69.0.3497.100 Safari/537.36" 
123.112.193.2 - - [19/Mar/2021:21:18:53 +0800] "GET /api/v1/index/banner/ HTTP/1.1" 200 382 "https://www.luffycity.com/" "Mozilla/5.0 (Macintosh; Intel Mac OS X 10.16; rv:78.0) Gecko/20100101 Firefox/78.0" 
123.112.193.2 - - [19/Mar/2021:21:18:53 +0800] "GET /api/v1/course/actual/?limit=3 HTTP/1.1" 200 2342 "https://www.luffycity.com/" "Mozilla/5.0 (Macintosh; Intel Mac OS X 10.16; rv:78.0) Gecko/20100101 Firefox/78.0" 
112.49.191.3 - - [19/Mar/2021:21:18:53 +0800] "GET /api/v1/study/data/?degree_id=1 HTTP/1.1" 200 115 "https://www.luffycity.com/study/degree" "Mozilla/5.0 (Windows NT 10.0; WOW64) AppleWebKit/537.36 (KHTML, like Gecko) Chrome/69.0.3497.100 Safari/537.36" 
36.130.36.253 - - [19/Mar/2021:21:18:53 +0800] "OPTIONS /api/v1/activity/survey/?course_id=256 HTTP/1.1" 200 0 "https://www.luffycity.com/" "Mozilla/5.0 (Windows NT 6.1; Win64; x64) AppleWebKit/537.36 (KHTML, like Gecko) Chrome/89.0.4389.90 Safari/537.36" 
123.112.193.2 - - [19/Mar/2021:21:18:53 +0800] "GET /api/v1/course/home-free/?limit=3 HTTP/1.1" 200 865 "https://www.luffycity.com/" "Mozilla/5.0 (Macintosh; Intel Mac OS X 10.16; rv:78.0) Gecko/20100101 Firefox/78.0" 
112.49.191.3 - - [19/Mar/2021:21:18:55 +0800] "OPTIONS /api/v1/study/module/281/homework/222/?moduleId=281&homeworkId=222 HTTP/1.1" 200 0 "-" "Mozilla/5.0 (Windows NT 10.0; WOW64) AppleWebKit/537.36 (KHTML, like Gecko) Chrome/69.0.3497.100 Safari/537.36" 
112.49.191.3 - - [19/Mar/2021:21:18:55 +0800] "GET /api/v1/study/module/281/homework/222/?moduleId=281&homeworkId=222 HTTP/1.1" 200 1984 "https://www.luffycity.com/study/homework/281?default=222" "Mozilla/5.0 (Windows NT 10.0; WOW64) AppleWebKit/537.36 (KHTML, like Gecko) Chrome/69.0.3497.100 Safari/537.36" 
112.49.191.3 - - [19/Mar/2021:21:18:55 +0800] "GET /api/v1/survey/homework/?surveyType=homework&related_id=31904 HTTP/1.1" 200 29 "https://www.luffycity.com/study/homework/281?default=222" "Mozilla/5.0 (Windows NT 10.0; WOW64) AppleWebKit/537.36 (KHTML, like Gecko) Chrome/69.0.3497.100 Safari/537.36" 
112.49.191.3 - - [19/Mar/2021:21:18:56 +0800] "GET /api/v1/study/module/281/homework/224/?moduleId=281&homeworkId=224 HTTP/1.1" 200 988 "https://www.luffycity.com/study/homework/281?default=224" "Mozilla/5.0 (Windows NT 10.0; WOW64) AppleWebKit/537.36 (KHTML, like Gecko) Chrome/69.0.3497.100 Safari/537.36" 
112.49.191.3 - - [19/Mar/2021:21:18:56 +0800] "GET /api/v1/survey/check/?surveyType=check&related_id=31977 HTTP/1.1" 200 29 "https://www.luffycity.com/study/homework/281?default=224" "Mozilla/5.0 (Windows NT 10.0; WOW64) AppleWebKit/537.36 (KHTML, like Gecko) Chrome/69.0.3497.100 Safari/537.36" 
36.130.36.253 - - [19/Mar/2021:21:19:06 +0800] "OPTIONS /api/v1/auth/wechat/ HTTP/1.1" 200 0 "https://www.luffycity.com/" "Mozilla/5.0 (Windows NT 6.1; Win64; x64) AppleWebKit/537.36 (KHTML, like Gecko) Chrome/89.0.4389.90 Safari/537.36" 
110.65.101.190 - - [19/Mar/2021:21:19:07 +0800] "OPTIONS /api/v1/survey/section/17671/?sectionId=17671 HTTP/1.1" 200 0 "https://www.luffycity.com/" "Mozilla/5.0 (Windows NT 10.0; Win64; x64) AppleWebKit/537.36 (KHTML, like Gecko) Chrome/89.0.4389.90 Safari/537.36" 
110.65.101.190 - - [19/Mar/2021:21:19:07 +0800] "OPTIONS /api/v1/comment/?section_id=17671&limit=10&offset=0 HTTP/1.1" 200 0 "https://www.luffycity.com/" "Mozilla/5.0 (Windows NT 10.0; Win64; x64) AppleWebKit/537.36 (KHTML, like Gecko) Chrome/89.0.4389.90 Safari/537.36" 
110.65.101.190 - - [19/Mar/2021:21:19:07 +0800] "GET /api/v1/comment/?section_id=17671&limit=10&offset=0 HTTP/1.1" 200 1646 "https://www.luffycity.com/" "Mozilla/5.0 (Windows NT 10.0; Win64; x64) AppleWebKit/537.36 (KHTML, like Gecko) Chrome/89.0.4389.90 Safari/537.36" 
110.65.101.190 - - [19/Mar/2021:21:19:07 +0800] "GET /api/v1/play/17671/?play_id=17671 HTTP/1.1" 200 447 "https://www.luffycity.com/" "Mozilla/5.0 (Windows NT 10.0; Win64; x64) AppleWebKit/537.36 (KHTML, like Gecko) Chrome/89.0.4389.90 Safari/537.36" 
223.104.107.93 - - [19/Mar/2021:21:19:10 +0800] "OPTIONS /api/v1/play/19484/?play_id=19484 HTTP/1.1" 200 0 "https://www.luffycity.com/" "Mozilla/5.0 (Windows NT 10.0; Win64; x64) AppleWebKit/537.36 (KHTML, like Gecko) Chrome/89.0.4389.90 Safari/537.36 Edg/89.0.774.54" 
223.104.107.93 - - [19/Mar/2021:21:19:10 +0800] "OPTIONS /api/v1/comment/?section_id=19484&limit=10&offset=0 HTTP/1.1" 200 0 "https://www.luffycity.com/" "Mozilla/5.0 (Windows NT 10.0; Win64; x64) AppleWebKit/537.36 (KHTML, like Gecko) Chrome/89.0.4389.90 Safari/537.36 Edg/89.0.774.54" 
223.104.107.93 - - [19/Mar/2021:21:19:10 +0800] "GET /api/v1/survey/section/19484/?sectionId=19484 HTTP/1.1" 200 10 "https://www.luffycity.com/" "Mozilla/5.0 (Windows NT 10.0; Win64; x64) AppleWebKit/537.36 (KHTML, like Gecko) Chrome/89.0.4389.90 Safari/537.36 Edg/89.0.774.54" 
223.104.107.93 - - [19/Mar/2021:21:19:10 +0800] "GET /api/v1/play/19484/?play_id=19484 HTTP/1.1" 200 393 "https://www.luffycity.com/" "Mozilla/5.0 (Windows NT 10.0; Win64; x64) AppleWebKit/537.36 (KHTML, like Gecko) Chrome/89.0.4389.90 Safari/537.36 Edg/89.0.774.54" 
123.112.193.2 - - [19/Mar/2021:21:19:14 +0800] "OPTIONS /api/v1/index/search/?words=DJango HTTP/1.1" 200 0 "https://www.luffycity.com/" "Mozilla/5.0 (Macintosh; Intel Mac OS X 10.16; rv:78.0) Gecko/20100101 Firefox/78.0" 
123.185.16.196 - - [19/Mar/2021:21:19:23 +0800] "GET /api/v1/study/data/ HTTP/1.1" 200 109 "https://www.luffycity.com/" "Mozilla/5.0 (Windows NT 10.0; Win64; x64) AppleWebKit/537.36 (KHTML, like Gecko) Chrome/87.0.4280.88 Safari/537.36" 
123.185.16.196 - - [19/Mar/2021:21:19:23 +0800] "GET /api/v1/study/degrees/23/mentor/?degree_id=23 HTTP/1.1" 200 182 "https://www.luffycity.com/" "Mozilla/5.0 (Windows NT 10.0; Win64; x64) AppleWebKit/537.36 (KHTML, like Gecko) Chrome/87.0.4280.88 Safari/537.36" 
123.185.16.196 - - [19/Mar/2021:21:19:24 +0800] "GET /api/v1/study/degrees/23/?degree_id=23 HTTP/1.1" 200 1596 "https://www.luffycity.com/" "Mozilla/5.0 (Windows NT 10.0; Win64; x64) AppleWebKit/537.36 (KHTML, like Gecko) Chrome/87.0.4280.88 Safari/537.36" 
123.98.50.69 - - [19/Mar/2021:21:19:24 +0800] "GET /api/v1/course/degree/3/?courseType=degree&id=3 HTTP/1.1" 200 682 "https://www.luffycity.com/employment-course/3/chapter" "Mozilla/5.0 (Windows NT 6.1; Win64; x64; rv:84.0) Gecko/20100101 Firefox/84.0" 
123.98.50.69 - - [19/Mar/2021:21:19:24 +0800] "GET /api/v1/course/degree/3/study-route/?courseType=degree&id=3 HTTP/1.1" 200 901 "https://www.luffycity.com/employment-course/3/chapter" "Mozilla/5.0 (Windows NT 6.1; Win64; x64; rv:84.0) Gecko/20100101 Firefox/84.0" 
123.112.193.2, 39.97.49.232 - - [19/Mar/2021:21:19:26 +0800] "GET /api/v1/result/ HTTP/1.1" 200 231 "https://www.luffycity.com/search?words=DJango" "Mozilla/5.0 (Macintosh; Intel Mac OS X 10.16; rv:78.0) Gecko/20100101 Firefox/78.0" 
123.185.16.196 - - [19/Mar/2021:21:19:26 +0800] "OPTIONS /api/v1/study/module/283/homework/227/?moduleId=283&homeworkId=227 HTTP/1.1" 200 0 "https://www.luffycity.com/" "Mozilla/5.0 (Windows NT 10.0; Win64; x64) AppleWebKit/537.36 (KHTML, like Gecko) Chrome/87.0.4280.88 Safari/537.36" 
123.185.16.196 - - [19/Mar/2021:21:19:26 +0800] "GET /api/v1/study/module/283/homework/227/?moduleId=283&homeworkId=227 HTTP/1.1" 200 1592 "https://www.luffycity.com/" "Mozilla/5.0 (Windows NT 10.0; Win64; x64) AppleWebKit/537.36 (KHTML, like Gecko) Chrome/87.0.4280.88 Safari/537.36" 
123.185.16.196 - - [19/Mar/2021:21:19:26 +0800] "GET /api/v1/survey/homework/?surveyType=homework HTTP/1.1" 200 416 "https://www.luffycity.com/" "Mozilla/5.0 (Windows NT 10.0; Win64; x64) AppleWebKit/537.36 (KHTML, like Gecko) Chrome/87.0.4280.88 Safari/537.36" 
123.112.193.2 - - [19/Mar/2021:21:19:26 +0800] "OPTIONS /api/v1/course/free/127/sections/?courseType=free&id=127 HTTP/1.1" 200 0 "https://www.luffycity.com/free-course/127/detail" "Mozilla/5.0 (Macintosh; Intel Mac OS X 10.16; rv:78.0) Gecko/20100101 Firefox/78.0" 
123.185.16.196 - - [19/Mar/2021:21:19:29 +0800] "GET /api/v1/study/degrees/23/mentor/?degree_id=23 HTTP/1.1" 200 182 "https://www.luffycity.com/" "Mozilla/5.0 (Windows NT 10.0; Win64; x64) AppleWebKit/537.36 (KHTML, like Gecko) Chrome/87.0.4280.88 Safari/537.36" 
123.185.16.196 - - [19/Mar/2021:21:19:29 +0800] "GET /api/v1/study/data/ HTTP/1.1" 200 109 "https://www.luffycity.com/" "Mozilla/5.0 (Windows NT 10.0; Win64; x64) AppleWebKit/537.36 (KHTML, like Gecko) Chrome/87.0.4280.88 Safari/537.36" 
123.185.16.196 - - [19/Mar/2021:21:19:29 +0800] "GET /api/v1/study/degrees/23/?degree_id=23 HTTP/1.1" 200 1596 "https://www.luffycity.com/" "Mozilla/5.0 (Windows NT 10.0; Win64; x64) AppleWebKit/537.36 (KHTML, like Gecko) Chrome/87.0.4280.88 Safari/537.36" 
123.98.50.69 - - [19/Mar/2021:21:19:34 +0800] "GET /api/v1/course/degree/3/?courseType=degree&id=3 HTTP/1.1" 200 682 "https://www.luffycity.com/employment-course" "Mozilla/5.0 (Windows NT 6.1; Win64; x64; rv:84.0) Gecko/20100101 Firefox/84.0" 
123.185.16.196 - - [19/Mar/2021:21:19:34 +0800] "OPTIONS /api/v1/comment/?section_id=31058&limit=10&offset=0 HTTP/1.1" 200 0 "https://www.luffycity.com/" "Mozilla/5.0 (Windows NT 10.0; Win64; x64) AppleWebKit/537.36 (KHTML, like Gecko) Chrome/87.0.4280.88 Safari/537.36" 
123.185.16.196 - - [19/Mar/2021:21:19:34 +0800] "OPTIONS /api/v1/survey/section/31058/?sectionId=31058 HTTP/1.1" 200 0 "https://www.luffycity.com/" "Mozilla/5.0 (Windows NT 10.0; Win64; x64) AppleWebKit/537.36 (KHTML, like Gecko) Chrome/87.0.4280.88 Safari/537.36" 
123.185.16.196 - - [19/Mar/2021:21:19:34 +0800] "GET /api/v1/survey/section/31058/?sectionId=31058 HTTP/1.1" 200 32 "https://www.luffycity.com/" "Mozilla/5.0 (Windows NT 10.0; Win64; x64) AppleWebKit/537.36 (KHTML, like Gecko) Chrome/87.0.4280.88 Safari/537.36" 
123.185.16.196 - - [19/Mar/2021:21:19:34 +0800] "GET /api/v1/comment/?section_id=31058&limit=10&offset=0 HTTP/1.1" 200 741 "https://www.luffycity.com/" "Mozilla/5.0 (Windows NT 10.0; Win64; x64) AppleWebKit/537.36 (KHTML, like Gecko) Chrome/87.0.4280.88 Safari/537.36" 
123.185.16.196 - - [19/Mar/2021:21:19:40 +0800] "OPTIONS /api/v1/survey/section/31059/?sectionId=31059 HTTP/1.1" 200 0 "https://www.luffycity.com/" "Mozilla/5.0 (Windows NT 10.0; Win64; x64) AppleWebKit/537.36 (KHTML, like Gecko) Chrome/87.0.4280.88 Safari/537.36" 
123.185.16.196 - - [19/Mar/2021:21:19:40 +0800] "OPTIONS /api/v1/comment/?section_id=31059&limit=10&offset=0 HTTP/1.1" 200 0 "https://www.luffycity.com/" "Mozilla/5.0 (Windows NT 10.0; Win64; x64) AppleWebKit/537.36 (KHTML, like Gecko) Chrome/87.0.4280.88 Safari/537.36" 
123.185.16.196 - - [19/Mar/2021:21:19:40 +0800] "GET /api/v1/comment/?section_id=31059&limit=10&offset=0 HTTP/1.1" 200 741 "https://www.luffycity.com/" "Mozilla/5.0 (Windows NT 10.0; Win64; x64) AppleWebKit/537.36 (KHTML, like Gecko) Chrome/87.0.4280.88 Safari/537.36" 
123.185.16.196 - - [19/Mar/2021:21:19:40 +0800] "GET /api/v1/play/31059/?play_id=31059 HTTP/1.1" 200 422 "https://www.luffycity.com/" "Mozilla/5.0 (Windows NT 10.0; Win64; x64) AppleWebKit/537.36 (KHTML, like Gecko) Chrome/87.0.4280.88 Safari/537.36" 
123.98.50.69 - - [19/Mar/2021:21:19:44 +0800] "GET /api/v1/result/offer/?resultType=offer&limit=20&offset=0&degree_id=3 HTTP/1.1" 200 393 "https://www.luffycity.com/employment-course/3/offer" "Mozilla/5.0 (Windows NT 6.1; Win64; x64; rv:84.0) Gecko/20100101 Firefox/84.0" 
123.112.193.2 - - [19/Mar/2021:21:19:46 +0800] "OPTIONS /api/v1/comment/?course_id=127&limit=10&offset=0 HTTP/1.1" 200 0 "https://www.luffycity.com/free-course/127/comments" "Mozilla/5.0 (Macintosh; Intel Mac OS X 10.16; rv:78.0) Gecko/20100101 Firefox/78.0" 
59.67.0.189, 39.97.49.232 - - [19/Mar/2021:21:19:52 +0800] "GET /api/v1/result/ HTTP/1.1" 200 231 "https://www.luffycity.com/?default=222" "Mozilla/5.0 (Windows NT 10.0; Win64; x64) AppleWebKit/537.36 (KHTML, like Gecko) Chrome/87.0.4280.141 Safari/537.36" 
59.67.0.189, 39.97.49.232 - - [19/Mar/2021:21:19:52 +0800] "GET /api/v1/course/home-free/?limit=3 HTTP/1.1" 200 865 "https://www.luffycity.com/?default=222" "Mozilla/5.0 (Windows NT 10.0; Win64; x64) AppleWebKit/537.36 (KHTML, like Gecko) Chrome/87.0.4280.141 Safari/537.36" 
59.67.0.189 - - [19/Mar/2021:21:19:53 +0800] "OPTIONS /api/v1/result/enroll/?resultType=enroll&limit=2 HTTP/1.1" 200 0 "https://www.luffycity.com/" "Mozilla/5.0 (Windows NT 10.0; Win64; x64) AppleWebKit/537.36 (KHTML, like Gecko) Chrome/87.0.4280.141 Safari/537.36" 
106.46.41.105 - - [19/Mar/2021:21:19:55 +0800] "OPTIONS /api/v1/play/sections/?section_id=5159 HTTP/1.1" 200 0 "https://www.luffycity.com/" "Mozilla/5.0 (Windows NT 10.0; Win64; x64) AppleWebKit/537.36 (KHTML, like Gecko) Chrome/89.0.4389.90 Safari/537.36 Edg/89.0.774.54" 
106.46.41.105 - - [19/Mar/2021:21:19:55 +0800] "OPTIONS /api/v1/comment/?section_id=5159&limit=10&offset=0 HTTP/1.1" 200 0 "https://www.luffycity.com/" "Mozilla/5.0 (Windows NT 10.0; Win64; x64) AppleWebKit/537.36 (KHTML, like Gecko) Chrome/89.0.4389.90 Safari/537.36 Edg/89.0.774.54" 
106.46.41.105 - - [19/Mar/2021:21:19:55 +0800] "GET /api/v1/comment/?section_id=5159&limit=10&offset=0 HTTP/1.1" 200 1205 "https://www.luffycity.com/" "Mozilla/5.0 (Windows NT 10.0; Win64; x64) AppleWebKit/537.36 (KHTML, like Gecko) Chrome/89.0.4389.90 Safari/537.36 Edg/89.0.774.54" 
106.46.41.105 - - [19/Mar/2021:21:19:55 +0800] "GET /api/v1/play/sections/?section_id=5159 HTTP/1.1" 200 7455 "https://www.luffycity.com/" "Mozilla/5.0 (Windows NT 10.0; Win64; x64) AppleWebKit/537.36 (KHTML, like Gecko) Chrome/89.0.4389.90 Safari/537.36 Edg/89.0.774.54" 
59.67.0.189 - - [19/Mar/2021:21:19:56 +0800] "GET /api/v1/study/degrees/0/mentor/?degree_id=0 HTTP/1.1" 200 137 "https://www.luffycity.com/" "Mozilla/5.0 (Windows NT 10.0; Win64; x64) AppleWebKit/537.36 (KHTML, like Gecko) Chrome/87.0.4280.141 Safari/537.36" 
59.67.0.189 - - [19/Mar/2021:21:19:57 +0800] "GET /api/v1/study/degrees/ HTTP/1.1" 200 146 "https://www.luffycity.com/" "Mozilla/5.0 (Windows NT 10.0; Win64; x64) AppleWebKit/537.36 (KHTML, like Gecko) Chrome/87.0.4280.141 Safari/537.36" 
59.67.0.189 - - [19/Mar/2021:21:19:57 +0800] "GET /api/v1/study/data/?degree_id=1 HTTP/1.1" 200 115 "https://www.luffycity.com/" "Mozilla/5.0 (Windows NT 10.0; Win64; x64) AppleWebKit/537.36 (KHTML, like Gecko) Chrome/87.0.4280.141 Safari/537.36" 
117.28.221.202 - - [19/Mar/2021:21:20:00 +0800] "OPTIONS /api/v1/play/10590/?play_id=10590 HTTP/1.1" 200 0 "-" "Mozilla/5.0 (Windows NT 10.0; WOW64) AppleWebKit/537.36 (KHTML, like Gecko) Chrome/65.0.3325.181 Safari/537.36" 
117.28.221.202 - - [19/Mar/2021:21:20:00 +0800] "OPTIONS /api/v1/play/sections/?section_id=10590 HTTP/1.1" 200 0 "-" "Mozilla/5.0 (Windows NT 10.0; WOW64) AppleWebKit/537.36 (KHTML, like Gecko) Chrome/65.0.3325.181 Safari/537.36" 
117.28.221.202 - - [19/Mar/2021:21:20:00 +0800] "GET /api/v1/survey/section/10590/?sectionId=10590 HTTP/1.1" 200 10 "https://www.luffycity.com/play/10590" "Mozilla/5.0 (Windows NT 10.0; WOW64) AppleWebKit/537.36 (KHTML, like Gecko) Chrome/65.0.3325.181 Safari/537.36" 
117.28.221.202 - - [19/Mar/2021:21:20:00 +0800] "GET /api/v1/play/10590/?play_id=10590 HTTP/1.1" 200 464 "https://www.luffycity.com/play/10590" "Mozilla/5.0 (Windows NT 10.0; WOW64) AppleWebKit/537.36 (KHTML, like Gecko) Chrome/65.0.3325.181 Safari/537.36" 
59.67.0.189 - - [19/Mar/2021:21:20:01 +0800] "OPTIONS /api/v1/play/sections/?section_id=31015 HTTP/1.1" 200 0 "https://www.luffycity.com/" "Mozilla/5.0 (Windows NT 10.0; Win64; x64) AppleWebKit/537.36 (KHTML, like Gecko) Chrome/87.0.4280.141 Safari/537.36" 
59.67.0.189 - - [19/Mar/2021:21:20:01 +0800] "OPTIONS /api/v1/play/31015/?play_id=31015 HTTP/1.1" 200 0 "https://www.luffycity.com/" "Mozilla/5.0 (Windows NT 10.0; Win64; x64) AppleWebKit/537.36 (KHTML, like Gecko) Chrome/87.0.4280.141 Safari/537.36" 
59.67.0.189 - - [19/Mar/2021:21:20:01 +0800] "GET /api/v1/survey/section/31015/?sectionId=31015 HTTP/1.1" 200 10 "https://www.luffycity.com/" "Mozilla/5.0 (Windows NT 10.0; Win64; x64) AppleWebKit/537.36 (KHTML, like Gecko) Chrome/87.0.4280.141 Safari/537.36" 
59.67.0.189 - - [19/Mar/2021:21:20:01 +0800] "GET /api/v1/play/sections/?section_id=31015 HTTP/1.1" 200 2964 "https://www.luffycity.com/" "Mozilla/5.0 (Windows NT 10.0; Win64; x64) AppleWebKit/537.36 (KHTML, like Gecko) Chrome/87.0.4280.141 Safari/537.36" 
