183.36.69.241, 39.97.49.232 - - [19/Mar/2021:21:05:09 +0800] "GET /api/v1/auth/token/ HTTP/1.1" 200 29 "https://open.weixin.qq.com/connect/qrconnect?appid=wx07c4da5c60c76657&redirect_uri=https%3A%2F%2Fwww.luffycity.com%2Foauth%2Fsignin&response_type=code&scope=snsapi_login&state=wechat" "Mozilla/5.0 (Windows NT 10.0; WOW64) AppleWebKit/537.36 (KHTML, like Gecko) Chrome/70.0.3538.25 Safari/537.36 Core/1.70.3861.400 QQBrowser/10.7.4313.400" 
183.36.69.241 - - [19/Mar/2021:21:05:10 +0800] "POST /api/v1/auth/wechat/ HTTP/1.1" 200 289 "https://www.luffycity.com/oauth/signin?code=041Zvv0w3cF73W27oZ0w3Q0mf03Zvv0P&state=wechat" "Mozilla/5.0 (Windows NT 10.0; WOW64) AppleWebKit/537.36 (KHTML, like Gecko) Chrome/70.0.3538.25 Safari/537.36 Core/1.70.3861.400 QQBrowser/10.7.4313.400" 
183.36.69.241 - - [19/Mar/2021:21:05:10 +0800] "GET /api/v1/auth/token/ HTTP/1.1" 200 400 "https://www.luffycity.com/study/degree" "Mozilla/5.0 (Windows NT 10.0; WOW64) AppleWebKit/537.36 (KHTML, like Gecko) Chrome/70.0.3538.25 Safari/537.36 Core/1.70.3861.400 QQBrowser/10.7.4313.400" 
183.36.69.241, 39.97.49.232 - - [19/Mar/2021:21:05:18 +0800] "GET /api/v1/auth/token/ HTTP/1.1" 200 400 "-" "Mozilla/5.0 (Windows NT 10.0; WOW64) AppleWebKit/537.36 (KHTML, like Gecko) Chrome/70.0.3538.25 Safari/537.36 Core/1.70.3861.400 QQBrowser/10.7.4313.400" 
183.36.69.241, 39.97.49.232 - - [19/Mar/2021:21:05:18 +0800] "GET /api/v1/result/ HTTP/1.1" 200 231 "-" "Mozilla/5.0 (Windows NT 10.0; WOW64) AppleWebKit/537.36 (KHTML, like Gecko) Chrome/70.0.3538.25 Safari/537.36 Core/1.70.3861.400 QQBrowser/10.7.4313.400" 
183.36.69.241 - - [19/Mar/2021:21:05:19 +0800] "GET /api/v1/study/data/ HTTP/1.1" 200 108 "https://www.luffycity.com/study/degree" "Mozilla/5.0 (Windows NT 10.0; WOW64) AppleWebKit/537.36 (KHTML, like Gecko) Chrome/70.0.3538.25 Safari/537.36 Core/1.70.3861.400 QQBrowser/10.7.4313.400" 
183.36.69.241 - - [19/Mar/2021:21:05:19 +0800] "OPTIONS /api/v1/study/degrees/1/?degree_id=1 HTTP/1.1" 200 0 "-" "Mozilla/5.0 (Windows NT 10.0; WOW64) AppleWebKit/537.36 (KHTML, like Gecko) Chrome/70.0.3538.25 Safari/537.36 Core/1.70.3861.400 QQBrowser/10.7.4313.400" 
183.36.69.241 - - [19/Mar/2021:21:05:19 +0800] "OPTIONS /api/v1/study/degrees/1/mentor/?degree_id=1 HTTP/1.1" 200 0 "-" "Mozilla/5.0 (Windows NT 10.0; WOW64) AppleWebKit/537.36 (KHTML, like Gecko) Chrome/70.0.3538.25 Safari/537.36 Core/1.70.3861.400 QQBrowser/10.7.4313.400" 
183.36.69.241 - - [19/Mar/2021:21:05:20 +0800] "GET /api/v1/study/degrees/1/?degree_id=1 HTTP/1.1" 200 1956 "https://www.luffycity.com/study/degree" "Mozilla/5.0 (Windows NT 10.0; WOW64) AppleWebKit/537.36 (KHTML, like Gecko) Chrome/70.0.3538.25 Safari/537.36 Core/1.70.3861.400 QQBrowser/10.7.4313.400" 
119.86.150.177 - - [19/Mar/2021:21:05:22 +0800] "OPTIONS /api/v1/play/sections/?section_id=30920 HTTP/1.1" 200 0 "https://www.luffycity.com/play/30920" "Mozilla/5.0 (Windows NT 10.0; WOW64) AppleWebKit/537.36 (KHTML, like Gecko) Chrome/86.0.4240.198 Safari/537.36" 
119.86.150.177 - - [19/Mar/2021:21:05:22 +0800] "OPTIONS /api/v1/play/30920/?play_id=30920 HTTP/1.1" 200 0 "https://www.luffycity.com/play/30920" "Mozilla/5.0 (Windows NT 10.0; WOW64) AppleWebKit/537.36 (KHTML, like Gecko) Chrome/86.0.4240.198 Safari/537.36" 
119.86.150.177 - - [19/Mar/2021:21:05:22 +0800] "GET /api/v1/play/sections/?section_id=30920 HTTP/1.1" 200 2979 "https://www.luffycity.com/play/30920" "Mozilla/5.0 (Windows NT 10.0; WOW64) AppleWebKit/537.36 (KHTML, like Gecko) Chrome/86.0.4240.198 Safari/537.36" 
119.86.150.177 - - [19/Mar/2021:21:05:22 +0800] "GET /api/v1/comment/?section_id=30920&limit=10&offset=0 HTTP/1.1" 200 1798 "https://www.luffycity.com/play/30920" "Mozilla/5.0 (Windows NT 10.0; WOW64) AppleWebKit/537.36 (KHTML, like Gecko) Chrome/86.0.4240.198 Safari/537.36" 
183.36.69.241 - - [19/Mar/2021:21:05:23 +0800] "OPTIONS /api/v1/study/module/degree/83645/?courseType=degree&id=83645 HTTP/1.1" 200 0 "-" "Mozilla/5.0 (Windows NT 10.0; WOW64) AppleWebKit/537.36 (KHTML, like Gecko) Chrome/70.0.3538.25 Safari/537.36 Core/1.70.3861.400 QQBrowser/10.7.4313.400" 
183.36.69.241 - - [19/Mar/2021:21:05:33 +0800] "OPTIONS /api/v1/play/sections/?section_id=1091 HTTP/1.1" 200 0 "-" "Mozilla/5.0 (Windows NT 10.0; WOW64) AppleWebKit/537.36 (KHTML, like Gecko) Chrome/70.0.3538.25 Safari/537.36 Core/1.70.3861.400 QQBrowser/10.7.4313.400" 
183.36.69.241 - - [19/Mar/2021:21:05:33 +0800] "OPTIONS /api/v1/play/1091/?play_id=1091 HTTP/1.1" 200 0 "-" "Mozilla/5.0 (Windows NT 10.0; WOW64) AppleWebKit/537.36 (KHTML, like Gecko) Chrome/70.0.3538.25 Safari/537.36 Core/1.70.3861.400 QQBrowser/10.7.4313.400" 
183.36.69.241 - - [19/Mar/2021:21:05:34 +0800] "GET /api/v1/survey/section/1091/?sectionId=1091 HTTP/1.1" 200 10 "https://www.luffycity.com/play/1091" "Mozilla/5.0 (Windows NT 10.0; WOW64) AppleWebKit/537.36 (KHTML, like Gecko) Chrome/70.0.3538.25 Safari/537.36 Core/1.70.3861.400 QQBrowser/10.7.4313.400" 
183.36.69.241 - - [19/Mar/2021:21:05:34 +0800] "GET /api/v1/play/1091/?play_id=1091 HTTP/1.1" 200 410 "https://www.luffycity.com/play/1091" "Mozilla/5.0 (Windows NT 10.0; WOW64) AppleWebKit/537.36 (KHTML, like Gecko) Chrome/70.0.3538.25 Safari/537.36 Core/1.70.3861.400 QQBrowser/10.7.4313.400" 
112.0.211.141 - - [19/Mar/2021:21:05:39 +0800] "OPTIONS /api/v1/play/sections/?section_id=26785 HTTP/1.1" 200 0 "-" "Mozilla/5.0 (Windows NT 10.0; WOW64) AppleWebKit/537.36 (KHTML, like Gecko) Chrome/65.0.3325.181 Safari/537.36" 
112.0.211.141 - - [19/Mar/2021:21:05:39 +0800] "OPTIONS /api/v1/play/26785/?play_id=26785 HTTP/1.1" 200 0 "-" "Mozilla/5.0 (Windows NT 10.0; WOW64) AppleWebKit/537.36 (KHTML, like Gecko) Chrome/65.0.3325.181 Safari/537.36" 
112.0.211.141 - - [19/Mar/2021:21:05:40 +0800] "GET /api/v1/survey/section/26785/?sectionId=26785 HTTP/1.1" 200 10 "https://www.luffycity.com/play/26785" "Mozilla/5.0 (Windows NT 10.0; WOW64) AppleWebKit/537.36 (KHTML, like Gecko) Chrome/65.0.3325.181 Safari/537.36" 
112.0.211.141 - - [19/Mar/2021:21:05:40 +0800] "GET /api/v1/play/26785/?play_id=26785 HTTP/1.1" 200 400 "https://www.luffycity.com/play/26785" "Mozilla/5.0 (Windows NT 10.0; WOW64) AppleWebKit/537.36 (KHTML, like Gecko) Chrome/65.0.3325.181 Safari/537.36" 
117.136.39.217 - - [19/Mar/2021:21:05:49 +0800] "GET /api/v1/survey/section/20217/?sectionId=20217 HTTP/1.1" 200 10 "https://www.luffycity.com/" "Mozilla/5.0 (Windows NT 10.0; WOW64) AppleWebKit/537.36 (KHTML, like Gecko) Chrome/87.0.4280.88 Safari/537.36" 
117.136.39.217 - - [19/Mar/2021:21:05:49 +0800] "GET /api/v1/comment/?section_id=20217&limit=10&offset=0 HTTP/1.1" 200 1671 "https://www.luffycity.com/" "Mozilla/5.0 (Windows NT 10.0; WOW64) AppleWebKit/537.36 (KHTML, like Gecko) Chrome/87.0.4280.88 Safari/537.36" 
182.37.94.47 - - [19/Mar/2021:21:06:12 +0800] "OPTIONS /api/v1/play/6004/?play_id=6004 HTTP/1.1" 200 0 "https://www.luffycity.com/play/6004" "Mozilla/5.0 (Macintosh; Intel Mac OS X 10_15_7) AppleWebKit/537.36 (KHTML, like Gecko) Chrome/84.0.4147.105 Safari/537.36 Edg/84.0.522.52" 
182.37.94.47 - - [19/Mar/2021:21:06:12 +0800] "OPTIONS /api/v1/comment/?section_id=6004&limit=10&offset=0 HTTP/1.1" 200 0 "https://www.luffycity.com/play/6004" "Mozilla/5.0 (Macintosh; Intel Mac OS X 10_15_7) AppleWebKit/537.36 (KHTML, like Gecko) Chrome/84.0.4147.105 Safari/537.36 Edg/84.0.522.52" 
182.37.94.47 - - [19/Mar/2021:21:06:12 +0800] "GET /api/v1/survey/section/6004/?sectionId=6004 HTTP/1.1" 200 10 "https://www.luffycity.com/play/6004" "Mozilla/5.0 (Macintosh; Intel Mac OS X 10_15_7) AppleWebKit/537.36 (KHTML, like Gecko) Chrome/84.0.4147.105 Safari/537.36 Edg/84.0.522.52" 
182.37.94.47 - - [19/Mar/2021:21:06:12 +0800] "GET /api/v1/comment/?section_id=6004&limit=10&offset=0 HTTP/1.1" 200 1557 "https://www.luffycity.com/play/6004" "Mozilla/5.0 (Macintosh; Intel Mac OS X 10_15_7) AppleWebKit/537.36 (KHTML, like Gecko) Chrome/84.0.4147.105 Safari/537.36 Edg/84.0.522.52" 
171.9.199.89 - - [19/Mar/2021:21:06:13 +0800] "OPTIONS /api/v1/survey/section/27962/?sectionId=27962 HTTP/1.1" 200 0 "https://www.luffycity.com/" "Mozilla/5.0 (Windows NT 10.0; Win64; x64) AppleWebKit/537.36 (KHTML, like Gecko) Chrome/89.0.4389.90 Safari/537.36" 
171.9.199.89 - - [19/Mar/2021:21:06:13 +0800] "OPTIONS /api/v1/comment/?section_id=27962&limit=10&offset=0 HTTP/1.1" 200 0 "https://www.luffycity.com/" "Mozilla/5.0 (Windows NT 10.0; Win64; x64) AppleWebKit/537.36 (KHTML, like Gecko) Chrome/89.0.4389.90 Safari/537.36" 
171.9.199.89 - - [19/Mar/2021:21:06:13 +0800] "GET /api/v1/survey/section/27962/?sectionId=27962 HTTP/1.1" 200 10 "https://www.luffycity.com/" "Mozilla/5.0 (Windows NT 10.0; Win64; x64) AppleWebKit/537.36 (KHTML, like Gecko) Chrome/89.0.4389.90 Safari/537.36" 
171.9.199.89 - - [19/Mar/2021:21:06:13 +0800] "GET /api/v1/comment/?section_id=27962&limit=10&offset=0 HTTP/1.1" 200 69 "https://www.luffycity.com/" "Mozilla/5.0 (Windows NT 10.0; Win64; x64) AppleWebKit/537.36 (KHTML, like Gecko) Chrome/89.0.4389.90 Safari/537.36" 
183.36.69.241 - - [19/Mar/2021:21:06:16 +0800] "GET /api/v1/play/sections/?section_id=1091 HTTP/1.1" 200 3114 "https://www.luffycity.com/play/1091" "Mozilla/5.0 (Windows NT 10.0; WOW64) AppleWebKit/537.36 (KHTML, like Gecko) Chrome/70.0.3538.25 Safari/537.36 Core/1.70.3861.400 QQBrowser/10.7.4313.400" 
183.36.69.241 - - [19/Mar/2021:21:06:16 +0800] "GET /api/v1/play/1091/?play_id=1091 HTTP/1.1" 200 410 "https://www.luffycity.com/play/1091" "Mozilla/5.0 (Windows NT 10.0; WOW64) AppleWebKit/537.36 (KHTML, like Gecko) Chrome/70.0.3538.25 Safari/537.36 Core/1.70.3861.400 QQBrowser/10.7.4313.400" 
223.104.176.146 - - [19/Mar/2021:21:06:36 +0800] "OPTIONS /api/v1/play/24859/?play_id=24859 HTTP/1.1" 200 0 "https://www.luffycity.com/" "Mozilla/5.0 (Macintosh; Intel Mac OS X 10_15_6) AppleWebKit/605.1.15 (KHTML, like Gecko) Version/14.0.3 Safari/605.1.15" 
223.104.176.146 - - [19/Mar/2021:21:06:36 +0800] "OPTIONS /api/v1/play/sections/?section_id=24859 HTTP/1.1" 200 0 "https://www.luffycity.com/" "Mozilla/5.0 (Macintosh; Intel Mac OS X 10_15_6) AppleWebKit/605.1.15 (KHTML, like Gecko) Version/14.0.3 Safari/605.1.15" 
223.104.176.146 - - [19/Mar/2021:21:06:36 +0800] "GET /api/v1/comment/?section_id=24859&limit=10&offset=0 HTTP/1.1" 200 1234 "https://www.luffycity.com/play/24859" "Mozilla/5.0 (Macintosh; Intel Mac OS X 10_15_6) AppleWebKit/605.1.15 (KHTML, like Gecko) Version/14.0.3 Safari/605.1.15" 
223.104.176.146 - - [19/Mar/2021:21:06:37 +0800] "GET /api/v1/play/24859/?play_id=24859 HTTP/1.1" 200 432 "https://www.luffycity.com/play/24859" "Mozilla/5.0 (Macintosh; Intel Mac OS X 10_15_6) AppleWebKit/605.1.15 (KHTML, like Gecko) Version/14.0.3 Safari/605.1.15" 
124.200.55.14, 39.97.49.232 - - [19/Mar/2021:21:06:48 +0800] "GET /api/v1/course/actual/?limit=3 HTTP/1.1" 200 2342 "-" "Mozilla/5.0 (Macintosh; Intel Mac OS X 11_1_0) AppleWebKit/537.36 (KHTML, like Gecko) Chrome/89.0.4389.90 Safari/537.36" 
124.200.55.14, 39.97.49.232 - - [19/Mar/2021:21:06:48 +0800] "GET /api/v1/course/degree/ HTTP/1.1" 200 949 "-" "Mozilla/5.0 (Macintosh; Intel Mac OS X 11_1_0) AppleWebKit/537.36 (KHTML, like Gecko) Chrome/89.0.4389.90 Safari/537.36" 
124.200.55.14 - - [19/Mar/2021:21:06:51 +0800] "OPTIONS /api/v1/result/enroll/?resultType=enroll&limit=2 HTTP/1.1" 200 0 "https://www.luffycity.com/" "Mozilla/5.0 (Macintosh; Intel Mac OS X 11_1_0) AppleWebKit/537.36 (KHTML, like Gecko) Chrome/89.0.4389.90 Safari/537.36" 
124.200.55.14 - - [19/Mar/2021:21:06:52 +0800] "OPTIONS /api/v1/study/degrees/ HTTP/1.1" 200 0 "https://www.luffycity.com/" "Mozilla/5.0 (Macintosh; Intel Mac OS X 11_1_0) AppleWebKit/537.36 (KHTML, like Gecko) Chrome/89.0.4389.90 Safari/537.36" 
124.200.55.14 - - [19/Mar/2021:21:06:52 +0800] "OPTIONS /api/v1/study/degrees/0/mentor/?degree_id=0 HTTP/1.1" 200 0 "https://www.luffycity.com/" "Mozilla/5.0 (Macintosh; Intel Mac OS X 11_1_0) AppleWebKit/537.36 (KHTML, like Gecko) Chrome/89.0.4389.90 Safari/537.36" 
124.200.55.14 - - [19/Mar/2021:21:06:52 +0800] "GET /api/v1/study/degrees/0/mentor/?degree_id=0 HTTP/1.1" 200 137 "https://www.luffycity.com/" "Mozilla/5.0 (Macintosh; Intel Mac OS X 11_1_0) AppleWebKit/537.36 (KHTML, like Gecko) Chrome/89.0.4389.90 Safari/537.36" 
124.200.55.14 - - [19/Mar/2021:21:06:52 +0800] "OPTIONS /api/v1/study/degrees/1/?degree_id=1 HTTP/1.1" 200 0 "https://www.luffycity.com/" "Mozilla/5.0 (Macintosh; Intel Mac OS X 11_1_0) AppleWebKit/537.36 (KHTML, like Gecko) Chrome/89.0.4389.90 Safari/537.36" 
124.200.55.14 - - [19/Mar/2021:21:06:52 +0800] "OPTIONS /api/v1/study/degrees/1/mentor/?degree_id=1 HTTP/1.1" 200 0 "https://www.luffycity.com/" "Mozilla/5.0 (Macintosh; Intel Mac OS X 11_1_0) AppleWebKit/537.36 (KHTML, like Gecko) Chrome/89.0.4389.90 Safari/537.36" 
124.200.55.14 - - [19/Mar/2021:21:06:52 +0800] "GET /api/v1/study/degrees/1/mentor/?degree_id=1 HTTP/1.1" 200 225 "https://www.luffycity.com/" "Mozilla/5.0 (Macintosh; Intel Mac OS X 11_1_0) AppleWebKit/537.36 (KHTML, like Gecko) Chrome/89.0.4389.90 Safari/537.36" 
124.200.55.14 - - [19/Mar/2021:21:06:55 +0800] "OPTIONS /api/v1/study/degrees/3/?degree_id=3 HTTP/1.1" 200 0 "https://www.luffycity.com/" "Mozilla/5.0 (Macintosh; Intel Mac OS X 11_1_0) AppleWebKit/537.36 (KHTML, like Gecko) Chrome/89.0.4389.90 Safari/537.36" 
124.200.55.14 - - [19/Mar/2021:21:06:55 +0800] "OPTIONS /api/v1/study/degrees/3/mentor/?degree_id=3 HTTP/1.1" 200 0 "https://www.luffycity.com/" "Mozilla/5.0 (Macintosh; Intel Mac OS X 11_1_0) AppleWebKit/537.36 (KHTML, like Gecko) Chrome/89.0.4389.90 Safari/537.36" 
124.200.55.14 - - [19/Mar/2021:21:06:55 +0800] "GET /api/v1/study/degrees/3/?degree_id=3 HTTP/1.1" 200 536 "https://www.luffycity.com/" "Mozilla/5.0 (Macintosh; Intel Mac OS X 11_1_0) AppleWebKit/537.36 (KHTML, like Gecko) Chrome/89.0.4389.90 Safari/537.36" 
110.152.33.105, 39.97.49.232 - - [19/Mar/2021:21:06:58 +0800] "GET /api/v1/auth/token/ HTTP/1.1" 200 29 "-" "Mozilla/5.0 (Windows NT 10.0; Win64; x64) AppleWebKit/537.36 (KHTML, like Gecko) Chrome/89.0.4389.82 Safari/537.36" 
110.152.33.105, 39.97.49.232 - - [19/Mar/2021:21:06:58 +0800] "GET /api/v1/course/actual/?limit=3 HTTP/1.1" 200 2342 "-" "Mozilla/5.0 (Windows NT 10.0; Win64; x64) AppleWebKit/537.36 (KHTML, like Gecko) Chrome/89.0.4389.82 Safari/537.36" 
110.152.33.105, 39.97.49.232 - - [19/Mar/2021:21:06:58 +0800] "GET /api/v1/course/home-free/?limit=3 HTTP/1.1" 200 865 "-" "Mozilla/5.0 (Windows NT 10.0; Win64; x64) AppleWebKit/537.36 (KHTML, like Gecko) Chrome/89.0.4389.82 Safari/537.36" 
124.200.55.14 - - [19/Mar/2021:21:06:59 +0800] "OPTIONS /api/v1/study/module/degree/13383/?courseType=degree&id=13383 HTTP/1.1" 200 0 "https://www.luffycity.com/" "Mozilla/5.0 (Macintosh; Intel Mac OS X 11_1_0) AppleWebKit/537.36 (KHTML, like Gecko) Chrome/89.0.4389.90 Safari/537.36" 
110.152.33.105 - - [19/Mar/2021:21:06:59 +0800] "GET /api/v1/result/enroll/?resultType=enroll&limit=2 HTTP/1.1" 200 1878 "https://www.luffycity.com/" "Mozilla/5.0 (Windows NT 10.0; Win64; x64) AppleWebKit/537.36 (KHTML, like Gecko) Chrome/89.0.4389.82 Safari/537.36" 
124.200.55.14 - - [19/Mar/2021:21:07:01 +0800] "GET /api/v1/study/degrees/0/mentor/?degree_id=0 HTTP/1.1" 200 137 "https://www.luffycity.com/" "Mozilla/5.0 (Macintosh; Intel Mac OS X 11_1_0) AppleWebKit/537.36 (KHTML, like Gecko) Chrome/89.0.4389.90 Safari/537.36" 
124.200.55.14 - - [19/Mar/2021:21:07:01 +0800] "GET /api/v1/study/degrees/ HTTP/1.1" 200 746 "https://www.luffycity.com/" "Mozilla/5.0 (Macintosh; Intel Mac OS X 11_1_0) AppleWebKit/537.36 (KHTML, like Gecko) Chrome/89.0.4389.90 Safari/537.36" 
124.200.55.14 - - [19/Mar/2021:21:07:02 +0800] "GET /api/v1/study/data/?degree_id=3 HTTP/1.1" 200 108 "https://www.luffycity.com/" "Mozilla/5.0 (Macintosh; Intel Mac OS X 11_1_0) AppleWebKit/537.36 (KHTML, like Gecko) Chrome/89.0.4389.90 Safari/537.36" 
110.152.33.105 - - [19/Mar/2021:21:07:02 +0800] "GET /api/v1/auth/wechat/ HTTP/1.1" 200 232 "https://www.luffycity.com/" "Mozilla/5.0 (Windows NT 10.0; Win64; x64) AppleWebKit/537.36 (KHTML, like Gecko) Chrome/89.0.4389.82 Safari/537.36" 
110.152.33.105 - - [19/Mar/2021:21:07:04 +0800] "POST /api/v1/auth/password/login/?loginWay=password HTTP/1.1" 200 274 "https://www.luffycity.com/" "Mozilla/5.0 (Windows NT 10.0; Win64; x64) AppleWebKit/537.36 (KHTML, like Gecko) Chrome/89.0.4389.82 Safari/537.36" 
124.200.55.14 - - [19/Mar/2021:21:07:04 +0800] "OPTIONS /api/v1/study/module/degree/13384/?courseType=degree&id=13384 HTTP/1.1" 200 0 "https://www.luffycity.com/" "Mozilla/5.0 (Macintosh; Intel Mac OS X 11_1_0) AppleWebKit/537.36 (KHTML, like Gecko) Chrome/89.0.4389.90 Safari/537.36" 
110.152.33.105 - - [19/Mar/2021:21:07:04 +0800] "GET /api/v1/auth/token/ HTTP/1.1" 200 367 "https://www.luffycity.com/" "Mozilla/5.0 (Windows NT 10.0; Win64; x64) AppleWebKit/537.36 (KHTML, like Gecko) Chrome/89.0.4389.82 Safari/537.36" 
117.154.89.17 - - [19/Mar/2021:21:07:04 +0800] "POST /api/v1/survey/section/30891/?sectionId=30891 HTTP/1.1" 200 10 "https://www.luffycity.com/" "Mozilla/5.0 (Macintosh; Intel Mac OS X 11_2_3) AppleWebKit/537.36 (KHTML, like Gecko) Chrome/89.0.4389.90 Safari/537.36" 
117.154.89.17 - - [19/Mar/2021:21:07:05 +0800] "OPTIONS /api/v1/comment/?section_id=30890&limit=10&offset=0 HTTP/1.1" 200 0 "https://www.luffycity.com/" "Mozilla/5.0 (Macintosh; Intel Mac OS X 11_2_3) AppleWebKit/537.36 (KHTML, like Gecko) Chrome/89.0.4389.90 Safari/537.36" 
117.154.89.17 - - [19/Mar/2021:21:07:05 +0800] "OPTIONS /api/v1/survey/section/30890/?sectionId=30890 HTTP/1.1" 200 0 "https://www.luffycity.com/" "Mozilla/5.0 (Macintosh; Intel Mac OS X 11_2_3) AppleWebKit/537.36 (KHTML, like Gecko) Chrome/89.0.4389.90 Safari/537.36" 
117.154.89.17 - - [19/Mar/2021:21:07:05 +0800] "GET /api/v1/survey/section/30890/?sectionId=30890 HTTP/1.1" 200 10 "https://www.luffycity.com/" "Mozilla/5.0 (Macintosh; Intel Mac OS X 11_2_3) AppleWebKit/537.36 (KHTML, like Gecko) Chrome/89.0.4389.90 Safari/537.36" 
117.154.89.17 - - [19/Mar/2021:21:07:05 +0800] "GET /api/v1/comment/?section_id=30890&limit=10&offset=0 HTTP/1.1" 200 1643 "https://www.luffycity.com/" "Mozilla/5.0 (Macintosh; Intel Mac OS X 11_2_3) AppleWebKit/537.36 (KHTML, like Gecko) Chrome/89.0.4389.90 Safari/537.36" 
120.230.101.235, 39.97.49.232 - - [19/Mar/2021:21:07:05 +0800] "GET /api/v1/auth/token/ HTTP/1.1" 200 29 "-" "Mozilla/5.0 (Windows NT 6.1; WOW64) AppleWebKit/537.36 (KHTML, like Gecko) Chrome/89.0.4389.90 Safari/537.36" 
120.230.101.235 - - [19/Mar/2021:21:07:06 +0800] "OPTIONS /api/v1/study/degrees/0/mentor/?degree_id=0 HTTP/1.1" 200 0 "https://www.luffycity.com/" "Mozilla/5.0 (Windows NT 6.1; WOW64) AppleWebKit/537.36 (KHTML, like Gecko) Chrome/89.0.4389.90 Safari/537.36" 
120.230.101.235 - - [19/Mar/2021:21:07:06 +0800] "OPTIONS /api/v1/study/degrees/ HTTP/1.1" 200 0 "https://www.luffycity.com/" "Mozilla/5.0 (Windows NT 6.1; WOW64) AppleWebKit/537.36 (KHTML, like Gecko) Chrome/89.0.4389.90 Safari/537.36" 
120.230.101.235 - - [19/Mar/2021:21:07:06 +0800] "GET /api/v1/auth/wechat/ HTTP/1.1" 200 232 "https://www.luffycity.com/" "Mozilla/5.0 (Windows NT 6.1; WOW64) AppleWebKit/537.36 (KHTML, like Gecko) Chrome/89.0.4389.90 Safari/537.36" 
120.230.101.235 - - [19/Mar/2021:21:07:06 +0800] "GET /api/v1/study/degrees/ HTTP/1.1" 200 64 "https://www.luffycity.com/" "Mozilla/5.0 (Windows NT 6.1; WOW64) AppleWebKit/537.36 (KHTML, like Gecko) Chrome/89.0.4389.90 Safari/537.36" 
110.152.33.105 - - [19/Mar/2021:21:07:06 +0800] "OPTIONS /api/v1/study/data/ HTTP/1.1" 200 0 "https://www.luffycity.com/" "Mozilla/5.0 (Windows NT 10.0; Win64; x64) AppleWebKit/537.36 (KHTML, like Gecko) Chrome/89.0.4389.82 Safari/537.36" 
110.152.33.105 - - [19/Mar/2021:21:07:06 +0800] "GET /api/v1/study/degrees/ HTTP/1.1" 200 144 "https://www.luffycity.com/" "Mozilla/5.0 (Windows NT 10.0; Win64; x64) AppleWebKit/537.36 (KHTML, like Gecko) Chrome/89.0.4389.82 Safari/537.36" 
110.152.33.105 - - [19/Mar/2021:21:07:06 +0800] "GET /api/v1/study/data/ HTTP/1.1" 200 102 "https://www.luffycity.com/" "Mozilla/5.0 (Windows NT 10.0; Win64; x64) AppleWebKit/537.36 (KHTML, like Gecko) Chrome/89.0.4389.82 Safari/537.36" 
110.152.33.105 - - [19/Mar/2021:21:07:07 +0800] "OPTIONS /api/v1/study/data/?degree_id=17 HTTP/1.1" 200 0 "https://www.luffycity.com/" "Mozilla/5.0 (Windows NT 10.0; Win64; x64) AppleWebKit/537.36 (KHTML, like Gecko) Chrome/89.0.4389.82 Safari/537.36" 
110.152.33.105 - - [19/Mar/2021:21:07:07 +0800] "GET /api/v1/study/degrees/17/mentor/?degree_id=17 HTTP/1.1" 200 212 "https://www.luffycity.com/" "Mozilla/5.0 (Windows NT 10.0; Win64; x64) AppleWebKit/537.36 (KHTML, like Gecko) Chrome/89.0.4389.82 Safari/537.36" 
110.152.33.105 - - [19/Mar/2021:21:07:07 +0800] "GET /api/v1/study/degrees/17/?degree_id=17 HTTP/1.1" 200 912 "https://www.luffycity.com/" "Mozilla/5.0 (Windows NT 10.0; Win64; x64) AppleWebKit/537.36 (KHTML, like Gecko) Chrome/89.0.4389.82 Safari/537.36" 
117.136.39.217 - - [19/Mar/2021:21:07:17 +0800] "OPTIONS /api/v1/play/sections/?section_id=20218 HTTP/1.1" 200 0 "https://www.luffycity.com/" "Mozilla/5.0 (Windows NT 10.0; WOW64) AppleWebKit/537.36 (KHTML, like Gecko) Chrome/87.0.4280.88 Safari/537.36" 
117.136.39.217 - - [19/Mar/2021:21:07:17 +0800] "OPTIONS /api/v1/play/20218/?play_id=20218 HTTP/1.1" 200 0 "https://www.luffycity.com/" "Mozilla/5.0 (Windows NT 10.0; WOW64) AppleWebKit/537.36 (KHTML, like Gecko) Chrome/87.0.4280.88 Safari/537.36" 
117.136.39.217 - - [19/Mar/2021:21:07:17 +0800] "GET /api/v1/survey/section/20218/?sectionId=20218 HTTP/1.1" 200 10 "https://www.luffycity.com/" "Mozilla/5.0 (Windows NT 10.0; WOW64) AppleWebKit/537.36 (KHTML, like Gecko) Chrome/87.0.4280.88 Safari/537.36" 
117.136.39.217 - - [19/Mar/2021:21:07:18 +0800] "GET /api/v1/play/sections/?section_id=20218 HTTP/1.1" 200 18064 "https://www.luffycity.com/" "Mozilla/5.0 (Windows NT 10.0; WOW64) AppleWebKit/537.36 (KHTML, like Gecko) Chrome/87.0.4280.88 Safari/537.36" 
110.152.33.105 - - [19/Mar/2021:21:07:21 +0800] "GET /api/v1/study/module/degree/70838/?courseType=degree&id=70838 HTTP/1.1" 200 1857 "https://www.luffycity.com/" "Mozilla/5.0 (Windows NT 10.0; Win64; x64) AppleWebKit/537.36 (KHTML, like Gecko) Chrome/89.0.4389.82 Safari/537.36" 
113.89.247.187, 39.97.49.232 - - [19/Mar/2021:21:07:32 +0800] "GET /api/v1/course/actual/?limit=3 HTTP/1.1" 200 2342 "https://www.baidu.com/link?url=O3HugzZUQWzV06rJfqBSu255zbxOnl30Q5vnLFc5hFk2hBHc41F_Dc-zn5uTlNC9&wd=&eqid=ac8efa1c0002f2ae000000066054a211" "Mozilla/5.0 (Windows NT 10.0; Win64; x64) AppleWebKit/537.36 (KHTML, like Gecko) Chrome/73.0.3683.75 Safari/537.36" 
113.89.247.187, 39.97.49.232 - - [19/Mar/2021:21:07:32 +0800] "GET /api/v1/course/home-free/?limit=3 HTTP/1.1" 200 865 "https://www.baidu.com/link?url=O3HugzZUQWzV06rJfqBSu255zbxOnl30Q5vnLFc5hFk2hBHc41F_Dc-zn5uTlNC9&wd=&eqid=ac8efa1c0002f2ae000000066054a211" "Mozilla/5.0 (Windows NT 10.0; Win64; x64) AppleWebKit/537.36 (KHTML, like Gecko) Chrome/73.0.3683.75 Safari/537.36" 
113.89.247.187 - - [19/Mar/2021:21:07:33 +0800] "OPTIONS /api/v1/result/enroll/?resultType=enroll&limit=2 HTTP/1.1" 200 0 "https://www.luffycity.com/" "Mozilla/5.0 (Windows NT 10.0; Win64; x64) AppleWebKit/537.36 (KHTML, like Gecko) Chrome/73.0.3683.75 Safari/537.36" 
113.89.247.187 - - [19/Mar/2021:21:07:34 +0800] "OPTIONS /api/v1/auth/wechat/ HTTP/1.1" 200 0 "https://www.luffycity.com/" "Mozilla/5.0 (Windows NT 10.0; Win64; x64) AppleWebKit/537.36 (KHTML, like Gecko) Chrome/73.0.3683.75 Safari/537.36" 
111.194.47.136, 39.97.49.232 - - [19/Mar/2021:21:07:36 +0800] "GET /api/v1/auth/token/ HTTP/1.1" 200 29 "-" "Mozilla/5.0 (Windows NT 10.0; Win64; x64; rv:86.0) Gecko/20100101 Firefox/86.0" 
111.194.47.136, 39.97.49.232 - - [19/Mar/2021:21:07:36 +0800] "GET /api/v1/result/ HTTP/1.1" 200 231 "-" "Mozilla/5.0 (Windows NT 10.0; Win64; x64; rv:86.0) Gecko/20100101 Firefox/86.0" 
113.89.247.187 - - [19/Mar/2021:21:07:36 +0800] "OPTIONS /api/v1/auth/captcha/ HTTP/1.1" 200 0 "https://www.luffycity.com/" "Mozilla/5.0 (Windows NT 10.0; Win64; x64) AppleWebKit/537.36 (KHTML, like Gecko) Chrome/73.0.3683.75 Safari/537.36" 
111.194.47.136, 39.97.49.232 - - [19/Mar/2021:21:07:36 +0800] "GET /api/v1/index/banner/ HTTP/1.1" 200 382 "-" "Mozilla/5.0 (Windows NT 10.0; Win64; x64; rv:86.0) Gecko/20100101 Firefox/86.0" 
111.194.47.136, 39.97.49.232 - - [19/Mar/2021:21:07:36 +0800] "GET /api/v1/course/actual/?limit=3 HTTP/1.1" 200 2342 "-" "Mozilla/5.0 (Windows NT 10.0; Win64; x64; rv:86.0) Gecko/20100101 Firefox/86.0" 
111.194.47.136, 39.97.49.232 - - [19/Mar/2021:21:07:36 +0800] "GET /api/v1/course/degree/ HTTP/1.1" 200 949 "-" "Mozilla/5.0 (Windows NT 10.0; Win64; x64; rv:86.0) Gecko/20100101 Firefox/86.0" 
111.194.47.136, 39.97.49.232 - - [19/Mar/2021:21:07:36 +0800] "GET /api/v1/course/home-free/?limit=3 HTTP/1.1" 200 865 "-" "Mozilla/5.0 (Windows NT 10.0; Win64; x64; rv:86.0) Gecko/20100101 Firefox/86.0" 
110.152.33.105 - - [19/Mar/2021:21:07:37 +0800] "OPTIONS /api/v1/survey/section/25525/?sectionId=25525 HTTP/1.1" 200 0 "https://www.luffycity.com/" "Mozilla/5.0 (Windows NT 10.0; Win64; x64) AppleWebKit/537.36 (KHTML, like Gecko) Chrome/89.0.4389.82 Safari/537.36" 
110.152.33.105 - - [19/Mar/2021:21:07:37 +0800] "OPTIONS /api/v1/comment/?section_id=25525&limit=10&offset=0 HTTP/1.1" 200 0 "https://www.luffycity.com/" "Mozilla/5.0 (Windows NT 10.0; Win64; x64) AppleWebKit/537.36 (KHTML, like Gecko) Chrome/89.0.4389.82 Safari/537.36" 
110.152.33.105 - - [19/Mar/2021:21:07:37 +0800] "GET /api/v1/comment/?section_id=25525&limit=10&offset=0 HTTP/1.1" 200 506 "https://www.luffycity.com/" "Mozilla/5.0 (Windows NT 10.0; Win64; x64) AppleWebKit/537.36 (KHTML, like Gecko) Chrome/89.0.4389.82 Safari/537.36" 
110.152.33.105 - - [19/Mar/2021:21:07:37 +0800] "GET /api/v1/play/25525/?play_id=25525 HTTP/1.1" 200 418 "https://www.luffycity.com/" "Mozilla/5.0 (Windows NT 10.0; Win64; x64) AppleWebKit/537.36 (KHTML, like Gecko) Chrome/89.0.4389.82 Safari/537.36" 
111.194.47.136 - - [19/Mar/2021:21:07:40 +0800] "GET /api/v1/result/enroll/?resultType=enroll&limit=2 HTTP/1.1" 200 1878 "https://www.luffycity.com/" "Mozilla/5.0 (Windows NT 10.0; Win64; x64; rv:86.0) Gecko/20100101 Firefox/86.0" 
113.89.247.187 - - [19/Mar/2021:21:07:43 +0800] "OPTIONS /api/v1/check/mobile/?field=mobile&mobile=15276288899 HTTP/1.1" 200 0 "https://www.luffycity.com/" "Mozilla/5.0 (Windows NT 10.0; Win64; x64) AppleWebKit/537.36 (KHTML, like Gecko) Chrome/73.0.3683.75 Safari/537.36" 
223.12.142.69 - - [19/Mar/2021:21:07:44 +0800] "OPTIONS /api/v1/survey/section/19958/?sectionId=19958 HTTP/1.1" 200 0 "https://www.luffycity.com/" "Mozilla/5.0 (Windows NT 10.0; Win64; x64) AppleWebKit/537.36 (KHTML, like Gecko) Chrome/89.0.4389.90 Safari/537.36 Edg/89.0.774.54" 
223.12.142.69 - - [19/Mar/2021:21:07:44 +0800] "OPTIONS /api/v1/play/19958/?play_id=19958 HTTP/1.1" 200 0 "https://www.luffycity.com/" "Mozilla/5.0 (Windows NT 10.0; Win64; x64) AppleWebKit/537.36 (KHTML, like Gecko) Chrome/89.0.4389.90 Safari/537.36 Edg/89.0.774.54" 
223.12.142.69 - - [19/Mar/2021:21:07:44 +0800] "GET /api/v1/play/sections/?section_id=19958 HTTP/1.1" 200 7479 "https://www.luffycity.com/" "Mozilla/5.0 (Windows NT 10.0; Win64; x64) AppleWebKit/537.36 (KHTML, like Gecko) Chrome/89.0.4389.90 Safari/537.36 Edg/89.0.774.54" 
223.12.142.69 - - [19/Mar/2021:21:07:44 +0800] "GET /api/v1/play/19958/?play_id=19958 HTTP/1.1" 200 2004 "https://www.luffycity.com/" "Mozilla/5.0 (Windows NT 10.0; Win64; x64) AppleWebKit/537.36 (KHTML, like Gecko) Chrome/89.0.4389.90 Safari/537.36 Edg/89.0.774.54" 
120.230.101.235 - - [19/Mar/2021:21:07:45 +0800] "POST /api/v1/auth/password/login/?loginWay=password HTTP/1.1" 200 274 "https://www.luffycity.com/" "Mozilla/5.0 (Windows NT 6.1; WOW64) AppleWebKit/537.36 (KHTML, like Gecko) Chrome/89.0.4389.90 Safari/537.36" 
120.230.101.235 - - [19/Mar/2021:21:07:46 +0800] "GET /api/v1/auth/token/ HTTP/1.1" 200 361 "https://www.luffycity.com/" "Mozilla/5.0 (Windows NT 6.1; WOW64) AppleWebKit/537.36 (KHTML, like Gecko) Chrome/89.0.4389.90 Safari/537.36" 
113.89.247.187 - - [19/Mar/2021:21:07:46 +0800] "OPTIONS /api/v1/sms/send/ HTTP/1.1" 200 0 "https://www.luffycity.com/" "Mozilla/5.0 (Windows NT 10.0; Win64; x64) AppleWebKit/537.36 (KHTML, like Gecko) Chrome/73.0.3683.75 Safari/537.36" 
110.152.33.105 - - [19/Mar/2021:21:07:47 +0800] "OPTIONS /api/v1/comment/?section_id=25526&limit=10&offset=0 HTTP/1.1" 200 0 "https://www.luffycity.com/" "Mozilla/5.0 (Windows NT 10.0; Win64; x64) AppleWebKit/537.36 (KHTML, like Gecko) Chrome/89.0.4389.82 Safari/537.36" 
110.152.33.105 - - [19/Mar/2021:21:07:47 +0800] "OPTIONS /api/v1/survey/section/25526/?sectionId=25526 HTTP/1.1" 200 0 "https://www.luffycity.com/" "Mozilla/5.0 (Windows NT 10.0; Win64; x64) AppleWebKit/537.36 (KHTML, like Gecko) Chrome/89.0.4389.82 Safari/537.36" 
110.152.33.105 - - [19/Mar/2021:21:07:47 +0800] "GET /api/v1/survey/section/25526/?sectionId=25526 HTTP/1.1" 200 10 "https://www.luffycity.com/" "Mozilla/5.0 (Windows NT 10.0; Win64; x64) AppleWebKit/537.36 (KHTML, like Gecko) Chrome/89.0.4389.82 Safari/537.36" 
110.152.33.105 - - [19/Mar/2021:21:07:47 +0800] "GET /api/v1/comment/?section_id=25526&limit=10&offset=0 HTTP/1.1" 200 506 "https://www.luffycity.com/" "Mozilla/5.0 (Windows NT 10.0; Win64; x64) AppleWebKit/537.36 (KHTML, like Gecko) Chrome/89.0.4389.82 Safari/537.36" 
110.152.33.105 - - [19/Mar/2021:21:07:50 +0800] "GET /api/v1/survey/section/25525/?sectionId=25525 HTTP/1.1" 200 10 "https://www.luffycity.com/" "Mozilla/5.0 (Windows NT 10.0; Win64; x64) AppleWebKit/537.36 (KHTML, like Gecko) Chrome/89.0.4389.82 Safari/537.36" 
110.152.33.105 - - [19/Mar/2021:21:07:50 +0800] "GET /api/v1/comment/?section_id=25525&limit=10&offset=0 HTTP/1.1" 200 506 "https://www.luffycity.com/" "Mozilla/5.0 (Windows NT 10.0; Win64; x64) AppleWebKit/537.36 (KHTML, like Gecko) Chrome/89.0.4389.82 Safari/537.36" 
49.234.195.166 - - [19/Mar/2021:21:07:52 +0800] "POST /api/v1/pay/xiaoe/ HTTP/1.1" 200 7 "-" "-" 
113.89.247.187 - - [19/Mar/2021:21:08:00 +0800] "OPTIONS /api/v1/auth/mobile/login/?loginWay=mobile HTTP/1.1" 200 0 "https://www.luffycity.com/" "Mozilla/5.0 (Windows NT 10.0; Win64; x64) AppleWebKit/537.36 (KHTML, like Gecko) Chrome/73.0.3683.75 Safari/537.36" 
113.89.247.187 - - [19/Mar/2021:21:08:00 +0800] "OPTIONS /api/v1/auth/token/ HTTP/1.1" 200 0 "https://www.luffycity.com/" "Mozilla/5.0 (Windows NT 10.0; Win64; x64) AppleWebKit/537.36 (KHTML, like Gecko) Chrome/73.0.3683.75 Safari/537.36" 
222.20.78.134 - - [19/Mar/2021:21:08:02 +0800] "OPTIONS /api/v1/play/sections/?section_id=14276 HTTP/1.1" 200 0 "https://www.luffycity.com/" "Mozilla/5.0 (Windows NT 10.0; Win64; x64) AppleWebKit/537.36 (KHTML, like Gecko) Chrome/87.0.4280.66 Safari/537.36" 
222.20.78.134 - - [19/Mar/2021:21:08:02 +0800] "OPTIONS /api/v1/survey/section/14276/?sectionId=14276 HTTP/1.1" 200 0 "https://www.luffycity.com/" "Mozilla/5.0 (Windows NT 10.0; Win64; x64) AppleWebKit/537.36 (KHTML, like Gecko) Chrome/87.0.4280.66 Safari/537.36" 
222.20.78.134 - - [19/Mar/2021:21:08:03 +0800] "GET /api/v1/comment/?section_id=14276&limit=10&offset=0 HTTP/1.1" 200 1036 "https://www.luffycity.com/" "Mozilla/5.0 (Windows NT 10.0; Win64; x64) AppleWebKit/537.36 (KHTML, like Gecko) Chrome/87.0.4280.66 Safari/537.36" 
222.20.78.134 - - [19/Mar/2021:21:08:03 +0800] "GET /api/v1/play/sections/?section_id=14276 HTTP/1.1" 200 6358 "https://www.luffycity.com/" "Mozilla/5.0 (Windows NT 10.0; Win64; x64) AppleWebKit/537.36 (KHTML, like Gecko) Chrome/87.0.4280.66 Safari/537.36" 
223.12.142.69, 39.97.49.232 - - [19/Mar/2021:21:08:03 +0800] "GET /api/v1/result/ HTTP/1.1" 200 231 "-" "Mozilla/5.0 (Windows NT 10.0; Win64; x64) AppleWebKit/537.36 (KHTML, like Gecko) Chrome/89.0.4389.90 Safari/537.36 Edg/89.0.774.54" 
223.12.142.69 - - [19/Mar/2021:21:08:03 +0800] "GET /api/v1/survey/section/19958/?sectionId=19958 HTTP/1.1" 200 10 "https://www.luffycity.com/" "Mozilla/5.0 (Windows NT 10.0; Win64; x64) AppleWebKit/537.36 (KHTML, like Gecko) Chrome/89.0.4389.90 Safari/537.36 Edg/89.0.774.54" 
223.12.142.69 - - [19/Mar/2021:21:08:03 +0800] "GET /api/v1/comment/?section_id=19958&limit=10&offset=0 HTTP/1.1" 200 1207 "https://www.luffycity.com/" "Mozilla/5.0 (Windows NT 10.0; Win64; x64) AppleWebKit/537.36 (KHTML, like Gecko) Chrome/89.0.4389.90 Safari/537.36 Edg/89.0.774.54" 
113.89.247.187 - - [19/Mar/2021:21:08:03 +0800] "OPTIONS /api/v1/study/degrees/ HTTP/1.1" 200 0 "https://www.luffycity.com/study/degree" "Mozilla/5.0 (Windows NT 10.0; Win64; x64) AppleWebKit/537.36 (KHTML, like Gecko) Chrome/73.0.3683.75 Safari/537.36" 
113.89.247.187 - - [19/Mar/2021:21:08:03 +0800] "OPTIONS /api/v1/study/degrees/0/mentor/?degree_id=0 HTTP/1.1" 200 0 "https://www.luffycity.com/study/degree" "Mozilla/5.0 (Windows NT 10.0; Win64; x64) AppleWebKit/537.36 (KHTML, like Gecko) Chrome/73.0.3683.75 Safari/537.36" 
113.89.247.187 - - [19/Mar/2021:21:08:04 +0800] "GET /api/v1/study/degrees/0/mentor/?degree_id=0 HTTP/1.1" 200 137 "https://www.luffycity.com/study/degree" "Mozilla/5.0 (Windows NT 10.0; Win64; x64) AppleWebKit/537.36 (KHTML, like Gecko) Chrome/73.0.3683.75 Safari/537.36" 
113.89.247.187 - - [19/Mar/2021:21:08:04 +0800] "OPTIONS /api/v1/study/degrees/1/?degree_id=1 HTTP/1.1" 200 0 "https://www.luffycity.com/study/degree" "Mozilla/5.0 (Windows NT 10.0; Win64; x64) AppleWebKit/537.36 (KHTML, like Gecko) Chrome/73.0.3683.75 Safari/537.36" 
113.89.247.187 - - [19/Mar/2021:21:08:04 +0800] "OPTIONS /api/v1/study/degrees/1/mentor/?degree_id=1 HTTP/1.1" 200 0 "https://www.luffycity.com/study/degree" "Mozilla/5.0 (Windows NT 10.0; Win64; x64) AppleWebKit/537.36 (KHTML, like Gecko) Chrome/73.0.3683.75 Safari/537.36" 
113.89.247.187 - - [19/Mar/2021:21:08:04 +0800] "GET /api/v1/study/data/?degree_id=1 HTTP/1.1" 200 115 "https://www.luffycity.com/study/degree" "Mozilla/5.0 (Windows NT 10.0; Win64; x64) AppleWebKit/537.36 (KHTML, like Gecko) Chrome/73.0.3683.75 Safari/537.36" 
113.89.247.187 - - [19/Mar/2021:21:08:08 +0800] "OPTIONS /api/v1/play/31647/?play_id=31647 HTTP/1.1" 200 0 "https://www.luffycity.com/play/31647" "Mozilla/5.0 (Windows NT 10.0; Win64; x64) AppleWebKit/537.36 (KHTML, like Gecko) Chrome/73.0.3683.75 Safari/537.36" 
113.89.247.187 - - [19/Mar/2021:21:08:08 +0800] "OPTIONS /api/v1/play/sections/?section_id=31647 HTTP/1.1" 200 0 "https://www.luffycity.com/play/31647" "Mozilla/5.0 (Windows NT 10.0; Win64; x64) AppleWebKit/537.36 (KHTML, like Gecko) Chrome/73.0.3683.75 Safari/537.36" 
27.18.103.192 - - [19/Mar/2021:21:08:08 +0800] "OPTIONS /api/v1/survey/section/30582/?sectionId=30582 HTTP/1.1" 200 0 "-" "Mozilla/5.0 (Windows NT 10.0; WOW64) AppleWebKit/537.36 (KHTML, like Gecko) Chrome/63.0.3239.132 Safari/537.36" 
27.18.103.192 - - [19/Mar/2021:21:08:08 +0800] "OPTIONS /api/v1/play/30582/?play_id=30582 HTTP/1.1" 200 0 "-" "Mozilla/5.0 (Windows NT 10.0; WOW64) AppleWebKit/537.36 (KHTML, like Gecko) Chrome/63.0.3239.132 Safari/537.36" 
113.89.247.187 - - [19/Mar/2021:21:08:08 +0800] "GET /api/v1/play/sections/?section_id=31647 HTTP/1.1" 200 2162 "https://www.luffycity.com/play/31647" "Mozilla/5.0 (Windows NT 10.0; Win64; x64) AppleWebKit/537.36 (KHTML, like Gecko) Chrome/73.0.3683.75 Safari/537.36" 
113.89.247.187 - - [19/Mar/2021:21:08:08 +0800] "GET /api/v1/comment/?section_id=31647&limit=10&offset=0 HTTP/1.1" 200 823 "https://www.luffycity.com/play/31647" "Mozilla/5.0 (Windows NT 10.0; Win64; x64) AppleWebKit/537.36 (KHTML, like Gecko) Chrome/73.0.3683.75 Safari/537.36" 
27.18.103.192 - - [19/Mar/2021:21:08:08 +0800] "GET /api/v1/comment/?section_id=30582&limit=10&offset=0 HTTP/1.1" 200 1558 "https://www.luffycity.com/play/30582" "Mozilla/5.0 (Windows NT 10.0; WOW64) AppleWebKit/537.36 (KHTML, like Gecko) Chrome/63.0.3239.132 Safari/537.36" 
27.18.103.192 - - [19/Mar/2021:21:08:08 +0800] "GET /api/v1/play/30582/?play_id=30582 HTTP/1.1" 200 473 "https://www.luffycity.com/play/30582" "Mozilla/5.0 (Windows NT 10.0; WOW64) AppleWebKit/537.36 (KHTML, like Gecko) Chrome/63.0.3239.132 Safari/537.36" 
123.98.50.69, 39.97.49.232 - - [19/Mar/2021:21:08:08 +0800] "GET /api/v1/auth/token/ HTTP/1.1" 200 402 "-" "Mozilla/5.0 (Windows NT 6.1; Win64; x64; rv:84.0) Gecko/20100101 Firefox/84.0" 
123.98.50.69, 39.97.49.232 - - [19/Mar/2021:21:08:08 +0800] "GET /api/v1/result/ HTTP/1.1" 200 231 "-" "Mozilla/5.0 (Windows NT 6.1; Win64; x64; rv:84.0) Gecko/20100101 Firefox/84.0" 
223.12.142.69 - - [19/Mar/2021:21:08:10 +0800] "GET /api/v1/survey/section/19957/?sectionId=19957 HTTP/1.1" 200 10 "https://www.luffycity.com/" "Mozilla/5.0 (Windows NT 10.0; Win64; x64) AppleWebKit/537.36 (KHTML, like Gecko) Chrome/89.0.4389.90 Safari/537.36 Edg/89.0.774.54" 
223.12.142.69 - - [19/Mar/2021:21:08:10 +0800] "GET /api/v1/comment/?section_id=19957&limit=10&offset=0 HTTP/1.1" 200 1207 "https://www.luffycity.com/" "Mozilla/5.0 (Windows NT 10.0; Win64; x64) AppleWebKit/537.36 (KHTML, like Gecko) Chrome/89.0.4389.90 Safari/537.36 Edg/89.0.774.54" 
123.98.50.69 - - [19/Mar/2021:21:08:11 +0800] "GET /api/v1/study/degrees/ HTTP/1.1" 200 276 "https://www.luffycity.com/study/degree" "Mozilla/5.0 (Windows NT 6.1; Win64; x64; rv:84.0) Gecko/20100101 Firefox/84.0" 
123.98.50.69 - - [19/Mar/2021:21:08:11 +0800] "GET /api/v1/study/data/ HTTP/1.1" 200 112 "https://www.luffycity.com/study/degree" "Mozilla/5.0 (Windows NT 6.1; Win64; x64; rv:84.0) Gecko/20100101 Firefox/84.0" 
123.98.50.69 - - [19/Mar/2021:21:08:11 +0800] "GET /api/v1/study/data/?degree_id=2 HTTP/1.1" 200 118 "https://www.luffycity.com/study/degree" "Mozilla/5.0 (Windows NT 6.1; Win64; x64; rv:84.0) Gecko/20100101 Firefox/84.0" 
223.12.142.69 - - [19/Mar/2021:21:08:12 +0800] "GET /api/v1/survey/section/19958/?sectionId=19958 HTTP/1.1" 200 10 "https://www.luffycity.com/" "Mozilla/5.0 (Windows NT 10.0; Win64; x64) AppleWebKit/537.36 (KHTML, like Gecko) Chrome/89.0.4389.90 Safari/537.36 Edg/89.0.774.54" 
223.12.142.69 - - [19/Mar/2021:21:08:12 +0800] "GET /api/v1/comment/?section_id=19958&limit=10&offset=0 HTTP/1.1" 200 1207 "https://www.luffycity.com/" "Mozilla/5.0 (Windows NT 10.0; Win64; x64) AppleWebKit/537.36 (KHTML, like Gecko) Chrome/89.0.4389.90 Safari/537.36 Edg/89.0.774.54" 
123.98.50.69 - - [19/Mar/2021:21:08:12 +0800] "OPTIONS /api/v1/study/degrees/3/?degree_id=3 HTTP/1.1" 200 0 "https://www.luffycity.com/study/degree" "Mozilla/5.0 (Windows NT 6.1; Win64; x64; rv:84.0) Gecko/20100101 Firefox/84.0" 
123.98.50.69 - - [19/Mar/2021:21:08:12 +0800] "OPTIONS /api/v1/study/degrees/3/mentor/?degree_id=3 HTTP/1.1" 200 0 "https://www.luffycity.com/study/degree" "Mozilla/5.0 (Windows NT 6.1; Win64; x64; rv:84.0) Gecko/20100101 Firefox/84.0" 
123.98.50.69 - - [19/Mar/2021:21:08:12 +0800] "GET /api/v1/study/data/?degree_id=3 HTTP/1.1" 200 106 "https://www.luffycity.com/study/degree" "Mozilla/5.0 (Windows NT 6.1; Win64; x64; rv:84.0) Gecko/20100101 Firefox/84.0" 
125.210.251.208 - - [19/Mar/2021:21:08:17 +0800] "OPTIONS /api/v1/comment/?section_id=27969&limit=10&offset=0 HTTP/1.1" 200 0 "-" "Mozilla/5.0 (Windows NT 10.0; WOW64) AppleWebKit/537.36 (KHTML, like Gecko) Chrome/69.0.3497.100 Safari/537.36" 
125.210.251.208 - - [19/Mar/2021:21:08:17 +0800] "OPTIONS /api/v1/play/sections/?section_id=27969 HTTP/1.1" 200 0 "-" "Mozilla/5.0 (Windows NT 10.0; WOW64) AppleWebKit/537.36 (KHTML, like Gecko) Chrome/69.0.3497.100 Safari/537.36" 
125.210.251.208 - - [19/Mar/2021:21:08:17 +0800] "GET /api/v1/survey/section/27969/?sectionId=27969 HTTP/1.1" 200 10 "https://www.luffycity.com/play/27969" "Mozilla/5.0 (Windows NT 10.0; WOW64) AppleWebKit/537.36 (KHTML, like Gecko) Chrome/69.0.3497.100 Safari/537.36" 
125.210.251.208 - - [19/Mar/2021:21:08:17 +0800] "GET /api/v1/comment/?section_id=27969&limit=10&offset=0 HTTP/1.1" 200 1437 "https://www.luffycity.com/play/27969" "Mozilla/5.0 (Windows NT 10.0; WOW64) AppleWebKit/537.36 (KHTML, like Gecko) Chrome/69.0.3497.100 Safari/537.36" 
123.98.50.69, 39.97.49.232 - - [19/Mar/2021:21:08:17 +0800] "GET /api/v1/auth/token/ HTTP/1.1" 200 402 "https://www.luffycity.com/study/degree" "Mozilla/5.0 (Windows NT 6.1; Win64; x64; rv:84.0) Gecko/20100101 Firefox/84.0" 
123.98.50.69, 39.97.49.232 - - [19/Mar/2021:21:08:17 +0800] "GET /api/v1/course/degree/ HTTP/1.1" 200 949 "https://www.luffycity.com/study/degree" "Mozilla/5.0 (Windows NT 6.1; Win64; x64; rv:84.0) Gecko/20100101 Firefox/84.0" 
223.12.142.69 - - [19/Mar/2021:21:08:19 +0800] "OPTIONS /api/v1/comment/?section_id=19959&limit=10&offset=0 HTTP/1.1" 200 0 "https://www.luffycity.com/" "Mozilla/5.0 (Windows NT 10.0; Win64; x64) AppleWebKit/537.36 (KHTML, like Gecko) Chrome/89.0.4389.90 Safari/537.36 Edg/89.0.774.54" 
223.12.142.69 - - [19/Mar/2021:21:08:19 +0800] "OPTIONS /api/v1/survey/section/19959/?sectionId=19959 HTTP/1.1" 200 0 "https://www.luffycity.com/" "Mozilla/5.0 (Windows NT 10.0; Win64; x64) AppleWebKit/537.36 (KHTML, like Gecko) Chrome/89.0.4389.90 Safari/537.36 Edg/89.0.774.54" 
223.12.142.69 - - [19/Mar/2021:21:08:19 +0800] "GET /api/v1/survey/section/19959/?sectionId=19959 HTTP/1.1" 200 10 "https://www.luffycity.com/" "Mozilla/5.0 (Windows NT 10.0; Win64; x64) AppleWebKit/537.36 (KHTML, like Gecko) Chrome/89.0.4389.90 Safari/537.36 Edg/89.0.774.54" 
223.12.142.69 - - [19/Mar/2021:21:08:19 +0800] "GET /api/v1/play/19959/?play_id=19959 HTTP/1.1" 200 426 "https://www.luffycity.com/" "Mozilla/5.0 (Windows NT 10.0; Win64; x64) AppleWebKit/537.36 (KHTML, like Gecko) Chrome/89.0.4389.90 Safari/537.36 Edg/89.0.774.54" 
106.33.108.139, 39.97.49.232 - - [19/Mar/2021:21:08:24 +0800] "GET /api/v1/auth/token/ HTTP/1.1" 200 29 "-" "Mozilla/5.0 (Windows NT 10.0; Win64; x64) AppleWebKit/537.36 (KHTML, like Gecko) Chrome/89.0.4389.90 Safari/537.36" 
106.33.108.139, 39.97.49.232 - - [19/Mar/2021:21:08:24 +0800] "GET /api/v1/result/ HTTP/1.1" 200 231 "-" "Mozilla/5.0 (Windows NT 10.0; Win64; x64) AppleWebKit/537.36 (KHTML, like Gecko) Chrome/89.0.4389.90 Safari/537.36" 
106.33.108.139, 39.97.49.232 - - [19/Mar/2021:21:08:24 +0800] "GET /api/v1/course/actual/?limit=3 HTTP/1.1" 200 2342 "-" "Mozilla/5.0 (Windows NT 10.0; Win64; x64) AppleWebKit/537.36 (KHTML, like Gecko) Chrome/89.0.4389.90 Safari/537.36" 
106.33.108.139, 39.97.49.232 - - [19/Mar/2021:21:08:25 +0800] "GET /api/v1/course/home-free/?limit=3 HTTP/1.1" 200 865 "-" "Mozilla/5.0 (Windows NT 10.0; Win64; x64) AppleWebKit/537.36 (KHTML, like Gecko) Chrome/89.0.4389.90 Safari/537.36" 
123.98.50.69 - - [19/Mar/2021:21:08:26 +0800] "OPTIONS /api/v1/course/degree/3/?courseType=degree&id=3 HTTP/1.1" 200 0 "https://www.luffycity.com/employment-course" "Mozilla/5.0 (Windows NT 6.1; Win64; x64; rv:84.0) Gecko/20100101 Firefox/84.0" 
106.33.108.139 - - [19/Mar/2021:21:08:26 +0800] "GET /api/v1/result/enroll/?resultType=enroll&limit=2 HTTP/1.1" 200 1878 "https://www.luffycity.com/" "Mozilla/5.0 (Windows NT 10.0; Win64; x64) AppleWebKit/537.36 (KHTML, like Gecko) Chrome/89.0.4389.90 Safari/537.36" 
112.43.17.33, 39.97.49.232 - - [19/Mar/2021:21:08:26 +0800] "GET /api/v1/result/ HTTP/1.1" 200 231 "-" "Mozilla/5.0 (Windows NT 10.0; Win64; x64) AppleWebKit/537.36 (KHTML, like Gecko) Chrome/89.0.4389.90 Safari/537.36 Edg/89.0.774.54" 
112.43.17.33, 39.97.49.232 - - [19/Mar/2021:21:08:26 +0800] "GET /api/v1/course/degree/ HTTP/1.1" 200 949 "-" "Mozilla/5.0 (Windows NT 10.0; Win64; x64) AppleWebKit/537.36 (KHTML, like Gecko) Chrome/89.0.4389.90 Safari/537.36 Edg/89.0.774.54" 
112.43.17.33, 39.97.49.232 - - [19/Mar/2021:21:08:27 +0800] "GET /api/v1/course/home-free/?limit=3 HTTP/1.1" 200 865 "-" "Mozilla/5.0 (Windows NT 10.0; Win64; x64) AppleWebKit/537.36 (KHTML, like Gecko) Chrome/89.0.4389.90 Safari/537.36 Edg/89.0.774.54" 
203.208.60.39, 39.97.49.232 - - [19/Mar/2021:21:08:28 +0800] "GET /api/v1/auth/token/ HTTP/1.1" 200 29 "-" "Mozilla/5.0 (compatible; Googlebot/2.1; +http://www.google.com/bot.html)" 
203.208.60.39, 39.97.49.232 - - [19/Mar/2021:21:08:28 +0800] "GET /api/v1/index/banner/ HTTP/1.1" 200 382 "-" "Mozilla/5.0 (compatible; Googlebot/2.1; +http://www.google.com/bot.html)" 
203.208.60.39, 39.97.49.232 - - [19/Mar/2021:21:08:28 +0800] "GET /api/v1/course/actual/?limit=3 HTTP/1.1" 200 2342 "-" "Mozilla/5.0 (compatible; Googlebot/2.1; +http://www.google.com/bot.html)" 
203.208.60.39, 39.97.49.232 - - [19/Mar/2021:21:08:28 +0800] "GET /api/v1/course/degree/ HTTP/1.1" 200 949 "-" "Mozilla/5.0 (compatible; Googlebot/2.1; +http://www.google.com/bot.html)" 
112.43.17.33 - - [19/Mar/2021:21:08:29 +0800] "GET /api/v1/result/enroll/?resultType=enroll&limit=2 HTTP/1.1" 200 1878 "https://www.luffycity.com/" "Mozilla/5.0 (Windows NT 10.0; Win64; x64) AppleWebKit/537.36 (KHTML, like Gecko) Chrome/89.0.4389.90 Safari/537.36 Edg/89.0.774.54" 
123.98.50.69 - - [19/Mar/2021:21:08:31 +0800] "OPTIONS /api/v1/course/degree/3/sections/?courseType=degree&id=3 HTTP/1.1" 200 0 "https://www.luffycity.com/employment-course/3/chapter" "Mozilla/5.0 (Windows NT 6.1; Win64; x64; rv:84.0) Gecko/20100101 Firefox/84.0" 
123.98.50.69 - - [19/Mar/2021:21:08:32 +0800] "GET /api/v1/course/degree/3/sections/?courseType=degree&id=3 HTTP/1.1" 200 10793 "https://www.luffycity.com/employment-course/3/chapter" "Mozilla/5.0 (Windows NT 6.1; Win64; x64; rv:84.0) Gecko/20100101 Firefox/84.0" 
211.161.245.16, 39.97.49.232 - - [19/Mar/2021:21:08:37 +0800] "GET /api/v1/result/ HTTP/1.1" 200 231 "-" "Mozilla/5.0 (Windows NT 10.0; Win64; x64; rv:86.0) Gecko/20100101 Firefox/86.0" 
211.161.245.144 - - [19/Mar/2021:21:08:40 +0800] "GET /api/v1/study/degrees/0/mentor/?degree_id=0 HTTP/1.1" 200 137 "https://www.luffycity.com/study/degree" "Mozilla/5.0 (Windows NT 10.0; Win64; x64; rv:86.0) Gecko/20100101 Firefox/86.0" 
211.161.245.144 - - [19/Mar/2021:21:08:40 +0800] "GET /api/v1/study/degrees/ HTTP/1.1" 200 146 "https://www.luffycity.com/study/degree" "Mozilla/5.0 (Windows NT 10.0; Win64; x64; rv:86.0) Gecko/20100101 Firefox/86.0" 
211.161.245.144 - - [19/Mar/2021:21:08:40 +0800] "GET /api/v1/study/data/?degree_id=1 HTTP/1.1" 200 115 "https://www.luffycity.com/study/degree" "Mozilla/5.0 (Windows NT 10.0; Win64; x64; rv:86.0) Gecko/20100101 Firefox/86.0" 
211.161.245.144 - - [19/Mar/2021:21:08:44 +0800] "OPTIONS /api/v1/play/sections/?section_id=30970 HTTP/1.1" 200 0 "https://www.luffycity.com/play/30970" "Mozilla/5.0 (Windows NT 10.0; Win64; x64; rv:86.0) Gecko/20100101 Firefox/86.0" 
211.161.245.144 - - [19/Mar/2021:21:08:44 +0800] "OPTIONS /api/v1/play/30970/?play_id=30970 HTTP/1.1" 200 0 "https://www.luffycity.com/play/30970" "Mozilla/5.0 (Windows NT 10.0; Win64; x64; rv:86.0) Gecko/20100101 Firefox/86.0" 
211.161.245.144 - - [19/Mar/2021:21:08:44 +0800] "GET /api/v1/play/sections/?section_id=30970 HTTP/1.1" 200 3008 "https://www.luffycity.com/play/30970" "Mozilla/5.0 (Windows NT 10.0; Win64; x64; rv:86.0) Gecko/20100101 Firefox/86.0" 
211.161.245.144 - - [19/Mar/2021:21:08:45 +0800] "GET /api/v1/play/30970/?play_id=30970 HTTP/1.1" 200 420 "https://www.luffycity.com/play/30970" "Mozilla/5.0 (Windows NT 10.0; Win64; x64; rv:86.0) Gecko/20100101 Firefox/86.0" 
60.191.41.43, 39.97.49.232 - - [19/Mar/2021:21:08:47 +0800] "GET /api/v1/auth/token/ HTTP/1.1" 200 29 "http://c.biancheng.net/view/364.html" "Mozilla/5.0 (compatible; MSIE 9.0; Windows NT 6.2; WOW64; Trident/7.0)" 
39.188.209.211 - - [19/Mar/2021:21:08:47 +0800] "OPTIONS /api/v1/survey/section/30900/?sectionId=30900 HTTP/1.1" 200 0 "https://www.luffycity.com/" "Mozilla/5.0 (Macintosh; Intel Mac OS X 10_15_7) AppleWebKit/605.1.15 (KHTML, like Gecko) Version/13.1.3 Safari/605.1.15" 
40.77.167.76, 39.97.49.232 - - [19/Mar/2021:21:08:47 +0800] "GET /api/v1/result/ HTTP/1.1" 200 231 "-" "Mozilla/5.0 (compatible; bingbot/2.0; +http://www.bing.com/bingbot.htm)" 
60.191.41.43 - - [19/Mar/2021:21:08:48 +0800] "GET /api/v1/activity/survey/?course_id=252 HTTP/1.1" 200 11 "https://www.luffycity.com/activity/python-8days-camp?source=c" "Mozilla/5.0 (compatible; MSIE 9.0; Windows NT 6.2; WOW64; Trident/7.0)" 
39.188.209.211 - - [19/Mar/2021:21:08:49 +0800] "OPTIONS /api/v1/play/sections/?section_id=30901 HTTP/1.1" 200 0 "https://www.luffycity.com/" "Mozilla/5.0 (Macintosh; Intel Mac OS X 10_15_7) AppleWebKit/605.1.15 (KHTML, like Gecko) Version/13.1.3 Safari/605.1.15" 
39.188.209.211 - - [19/Mar/2021:21:08:49 +0800] "OPTIONS /api/v1/play/30901/?play_id=30901 HTTP/1.1" 200 0 "https://www.luffycity.com/" "Mozilla/5.0 (Macintosh; Intel Mac OS X 10_15_7) AppleWebKit/605.1.15 (KHTML, like Gecko) Version/13.1.3 Safari/605.1.15" 
39.188.209.211 - - [19/Mar/2021:21:08:50 +0800] "GET /api/v1/survey/section/30901/?sectionId=30901 HTTP/1.1" 200 10 "https://www.luffycity.com/play/30901" "Mozilla/5.0 (Macintosh; Intel Mac OS X 10_15_7) AppleWebKit/605.1.15 (KHTML, like Gecko) Version/13.1.3 Safari/605.1.15" 
39.188.209.211 - - [19/Mar/2021:21:08:50 +0800] "GET /api/v1/comment/?section_id=30901&limit=10&offset=0 HTTP/1.1" 200 1643 "https://www.luffycity.com/play/30901" "Mozilla/5.0 (Macintosh; Intel Mac OS X 10_15_7) AppleWebKit/605.1.15 (KHTML, like Gecko) Version/13.1.3 Safari/605.1.15" 
211.161.245.144 - - [19/Mar/2021:21:08:50 +0800] "OPTIONS /api/v1/play/sections/?section_id=30968 HTTP/1.1" 200 0 "https://www.luffycity.com/play/30968" "Mozilla/5.0 (Windows NT 10.0; Win64; x64; rv:86.0) Gecko/20100101 Firefox/86.0" 
211.161.245.144 - - [19/Mar/2021:21:08:50 +0800] "OPTIONS /api/v1/play/30968/?play_id=30968 HTTP/1.1" 200 0 "https://www.luffycity.com/play/30968" "Mozilla/5.0 (Windows NT 10.0; Win64; x64; rv:86.0) Gecko/20100101 Firefox/86.0" 
211.161.245.144 - - [19/Mar/2021:21:08:50 +0800] "GET /api/v1/play/sections/?section_id=30968 HTTP/1.1" 200 3008 "https://www.luffycity.com/play/30968" "Mozilla/5.0 (Windows NT 10.0; Win64; x64; rv:86.0) Gecko/20100101 Firefox/86.0" 
211.161.245.144 - - [19/Mar/2021:21:08:50 +0800] "GET /api/v1/play/30968/?play_id=30968 HTTP/1.1" 200 423 "https://www.luffycity.com/play/30968" "Mozilla/5.0 (Windows NT 10.0; Win64; x64; rv:86.0) Gecko/20100101 Firefox/86.0" 
