220.173.183.233 - - [20/Mar/2021:23:09:53 +0800] "OPTIONS /api/v1/play/sections/?section_id=3001 HTTP/1.1" 200 0 "https://www.luffycity.com/play/3001" "Mozilla/5.0 (Windows NT 10.0; WOW64) AppleWebKit/537.36 (KHTML, like Gecko) Chrome/78.0.3904.108 Safari/537.36" 
220.173.183.233 - - [20/Mar/2021:23:09:53 +0800] "OPTIONS /api/v1/play/3001/?play_id=3001 HTTP/1.1" 200 0 "https://www.luffycity.com/play/3001" "Mozilla/5.0 (Windows NT 10.0; WOW64) AppleWebKit/537.36 (KHTML, like Gecko) Chrome/78.0.3904.108 Safari/537.36" 
220.173.183.233 - - [20/Mar/2021:23:09:53 +0800] "GET /api/v1/survey/section/3001/?sectionId=3001 HTTP/1.1" 200 10 "https://www.luffycity.com/play/3001" "Mozilla/5.0 (Windows NT 10.0; WOW64) AppleWebKit/537.36 (KHTML, like Gecko) Chrome/78.0.3904.108 Safari/537.36" 
220.173.183.233 - - [20/Mar/2021:23:09:53 +0800] "GET /api/v1/play/sections/?section_id=3001 HTTP/1.1" 200 5413 "https://www.luffycity.com/play/3001" "Mozilla/5.0 (Windows NT 10.0; WOW64) AppleWebKit/537.36 (KHTML, like Gecko) Chrome/78.0.3904.108 Safari/537.36" 
183.206.16.191 - - [20/Mar/2021:23:10:19 +0800] "GET /api/v1/play/sections/?section_id=14569 HTTP/1.1" 200 2017 "https://www.luffycity.com/" "Mozilla/5.0 (Windows NT 10.0; Win64; x64) AppleWebKit/537.36 (KHTML, like Gecko) Chrome/89.0.4389.82 Safari/537.36" 
183.206.16.191 - - [20/Mar/2021:23:10:19 +0800] "GET /api/v1/play/14569/?play_id=14569 HTTP/1.1" 200 408 "https://www.luffycity.com/" "Mozilla/5.0 (Windows NT 10.0; Win64; x64) AppleWebKit/537.36 (KHTML, like Gecko) Chrome/89.0.4389.82 Safari/537.36" 
183.206.16.191 - - [20/Mar/2021:23:10:21 +0800] "OPTIONS /api/v1/play/sections/?section_id=14568 HTTP/1.1" 200 0 "https://www.luffycity.com/" "Mozilla/5.0 (Windows NT 10.0; Win64; x64) AppleWebKit/537.36 (KHTML, like Gecko) Chrome/89.0.4389.82 Safari/537.36" 
183.206.16.191 - - [20/Mar/2021:23:10:21 +0800] "OPTIONS /api/v1/play/14568/?play_id=14568 HTTP/1.1" 200 0 "https://www.luffycity.com/" "Mozilla/5.0 (Windows NT 10.0; Win64; x64) AppleWebKit/537.36 (KHTML, like Gecko) Chrome/89.0.4389.82 Safari/537.36" 
183.206.16.191 - - [20/Mar/2021:23:10:21 +0800] "GET /api/v1/comment/?section_id=14568&limit=10&offset=0 HTTP/1.1" 200 1698 "https://www.luffycity.com/" "Mozilla/5.0 (Windows NT 10.0; Win64; x64) AppleWebKit/537.36 (KHTML, like Gecko) Chrome/89.0.4389.82 Safari/537.36" 
183.206.16.191 - - [20/Mar/2021:23:10:21 +0800] "GET /api/v1/play/14568/?play_id=14568 HTTP/1.1" 200 414 "https://www.luffycity.com/" "Mozilla/5.0 (Windows NT 10.0; Win64; x64) AppleWebKit/537.36 (KHTML, like Gecko) Chrome/89.0.4389.82 Safari/537.36" 
218.109.207.143 - - [20/Mar/2021:23:10:44 +0800] "OPTIONS /api/v1/play/sections/?section_id=24710 HTTP/1.1" 200 0 "https://www.luffycity.com/" "Mozilla/5.0 (Macintosh; Intel Mac OS X 10_15_0) AppleWebKit/537.36 (KHTML, like Gecko) Chrome/88.0.4324.150 Safari/537.36" 
218.109.207.143 - - [20/Mar/2021:23:10:44 +0800] "OPTIONS /api/v1/comment/?section_id=24710&limit=10&offset=0 HTTP/1.1" 200 0 "https://www.luffycity.com/" "Mozilla/5.0 (Macintosh; Intel Mac OS X 10_15_0) AppleWebKit/537.36 (KHTML, like Gecko) Chrome/88.0.4324.150 Safari/537.36" 
218.109.207.143 - - [20/Mar/2021:23:10:44 +0800] "GET /api/v1/comment/?section_id=24710&limit=10&offset=0 HTTP/1.1" 200 869 "https://www.luffycity.com/" "Mozilla/5.0 (Macintosh; Intel Mac OS X 10_15_0) AppleWebKit/537.36 (KHTML, like Gecko) Chrome/88.0.4324.150 Safari/537.36" 
218.109.207.143 - - [20/Mar/2021:23:10:44 +0800] "GET /api/v1/play/sections/?section_id=24710 HTTP/1.1" 200 4723 "https://www.luffycity.com/" "Mozilla/5.0 (Macintosh; Intel Mac OS X 10_15_0) AppleWebKit/537.36 (KHTML, like Gecko) Chrome/88.0.4324.150 Safari/537.36" 
183.206.16.191 - - [20/Mar/2021:23:10:45 +0800] "GET /api/v1/play/sections/?section_id=14569 HTTP/1.1" 200 2018 "https://www.luffycity.com/" "Mozilla/5.0 (Windows NT 10.0; Win64; x64) AppleWebKit/537.36 (KHTML, like Gecko) Chrome/89.0.4389.82 Safari/537.36" 
183.206.16.191 - - [20/Mar/2021:23:10:45 +0800] "GET /api/v1/play/14569/?play_id=14569 HTTP/1.1" 200 408 "https://www.luffycity.com/" "Mozilla/5.0 (Windows NT 10.0; Win64; x64) AppleWebKit/537.36 (KHTML, like Gecko) Chrome/89.0.4389.82 Safari/537.36" 
223.104.177.43, 39.97.49.232 - - [20/Mar/2021:23:10:48 +0800] "GET /api/v1/auth/token/ HTTP/1.1" 200 29 "-" "Mozilla/5.0 (Macintosh; Intel Mac OS X 10_15_6) AppleWebKit/605.1.15 (KHTML, like Gecko) Version/13.1.2 Safari/605.1.15" 
223.104.177.43, 39.97.49.232 - - [20/Mar/2021:23:10:49 +0800] "GET /api/v1/course/actual/?limit=3 HTTP/1.1" 200 2342 "-" "Mozilla/5.0 (Macintosh; Intel Mac OS X 10_15_6) AppleWebKit/605.1.15 (KHTML, like Gecko) Version/13.1.2 Safari/605.1.15" 
223.104.177.43, 39.97.49.232 - - [20/Mar/2021:23:10:49 +0800] "GET /api/v1/course/degree/ HTTP/1.1" 200 948 "-" "Mozilla/5.0 (Macintosh; Intel Mac OS X 10_15_6) AppleWebKit/605.1.15 (KHTML, like Gecko) Version/13.1.2 Safari/605.1.15" 
223.104.177.43, 39.97.49.232 - - [20/Mar/2021:23:10:49 +0800] "GET /api/v1/course/home-free/?limit=3 HTTP/1.1" 200 865 "-" "Mozilla/5.0 (Macintosh; Intel Mac OS X 10_15_6) AppleWebKit/605.1.15 (KHTML, like Gecko) Version/13.1.2 Safari/605.1.15" 
220.175.67.11 - - [20/Mar/2021:23:10:51 +0800] "OPTIONS /api/v1/play/sections/?section_id=2952 HTTP/1.1" 200 0 "https://www.luffycity.com/play/2952" "Mozilla/5.0 (Windows NT 10.0; Win64; x64) AppleWebKit/537.36 (KHTML, like Gecko) Chrome/78.0.3904.108 Safari/537.36" 
223.104.177.43 - - [20/Mar/2021:23:10:51 +0800] "OPTIONS /api/v1/result/enroll/?resultType=enroll&limit=2 HTTP/1.1" 200 0 "https://www.luffycity.com/" "Mozilla/5.0 (Macintosh; Intel Mac OS X 10_15_6) AppleWebKit/605.1.15 (KHTML, like Gecko) Version/13.1.2 Safari/605.1.15" 
220.175.67.11 - - [20/Mar/2021:23:10:51 +0800] "OPTIONS /api/v1/play/2952/?play_id=2952 HTTP/1.1" 200 0 "https://www.luffycity.com/play/2952" "Mozilla/5.0 (Windows NT 10.0; Win64; x64) AppleWebKit/537.36 (KHTML, like Gecko) Chrome/78.0.3904.108 Safari/537.36" 
220.175.67.11 - - [20/Mar/2021:23:10:51 +0800] "GET /api/v1/survey/section/2952/?sectionId=2952 HTTP/1.1" 200 10 "https://www.luffycity.com/play/2952" "Mozilla/5.0 (Windows NT 10.0; Win64; x64) AppleWebKit/537.36 (KHTML, like Gecko) Chrome/78.0.3904.108 Safari/537.36" 
220.175.67.11 - - [20/Mar/2021:23:10:51 +0800] "GET /api/v1/play/sections/?section_id=2952 HTTP/1.1" 200 3450 "https://www.luffycity.com/play/2952" "Mozilla/5.0 (Windows NT 10.0; Win64; x64) AppleWebKit/537.36 (KHTML, like Gecko) Chrome/78.0.3904.108 Safari/537.36" 
220.175.67.11 - - [20/Mar/2021:23:10:51 +0800] "GET /api/v1/comment/?section_id=2952&limit=10&offset=0 HTTP/1.1" 200 1007 "https://www.luffycity.com/play/2952" "Mozilla/5.0 (Windows NT 10.0; Win64; x64) AppleWebKit/537.36 (KHTML, like Gecko) Chrome/78.0.3904.108 Safari/537.36" 
220.175.67.11 - - [20/Mar/2021:23:10:51 +0800] "GET /api/v1/play/2952/?play_id=2952 HTTP/1.1" 200 470 "https://www.luffycity.com/play/2952" "Mozilla/5.0 (Windows NT 10.0; Win64; x64) AppleWebKit/537.36 (KHTML, like Gecko) Chrome/78.0.3904.108 Safari/537.36" 
171.81.22.242, 39.97.49.232 - - [20/Mar/2021:23:11:08 +0800] "GET /api/v1/auth/token/ HTTP/1.1" 200 29 "https://www.baidu.com/link?url=z8ZwZj9A5F2Hn1m16KxcbSiQq_8gL3f1y9vfhKZfp-EwDqsIdSC8xip9zjl6-6IR&wd=&eqid=a14d9991001458ec0000000660561088" "Mozilla/5.0 (Windows NT 10.0; WOW64) AppleWebKit/537.36 (KHTML, like Gecko) Chrome/79.0.3945.79 Safari/537.36" 
171.81.22.242, 39.97.49.232 - - [20/Mar/2021:23:11:08 +0800] "GET /api/v1/index/banner/ HTTP/1.1" 200 382 "https://www.baidu.com/link?url=z8ZwZj9A5F2Hn1m16KxcbSiQq_8gL3f1y9vfhKZfp-EwDqsIdSC8xip9zjl6-6IR&wd=&eqid=a14d9991001458ec0000000660561088" "Mozilla/5.0 (Windows NT 10.0; WOW64) AppleWebKit/537.36 (KHTML, like Gecko) Chrome/79.0.3945.79 Safari/537.36" 
171.81.22.242, 39.97.49.232 - - [20/Mar/2021:23:11:08 +0800] "GET /api/v1/course/actual/?limit=3 HTTP/1.1" 200 2342 "https://www.baidu.com/link?url=z8ZwZj9A5F2Hn1m16KxcbSiQq_8gL3f1y9vfhKZfp-EwDqsIdSC8xip9zjl6-6IR&wd=&eqid=a14d9991001458ec0000000660561088" "Mozilla/5.0 (Windows NT 10.0; WOW64) AppleWebKit/537.36 (KHTML, like Gecko) Chrome/79.0.3945.79 Safari/537.36" 
171.81.22.242 - - [20/Mar/2021:23:11:10 +0800] "GET /api/v1/result/enroll/?resultType=enroll&limit=2 HTTP/1.1" 200 1976 "https://www.luffycity.com/" "Mozilla/5.0 (Windows NT 10.0; WOW64) AppleWebKit/537.36 (KHTML, like Gecko) Chrome/79.0.3945.79 Safari/537.36" 
171.81.22.242 - - [20/Mar/2021:23:11:14 +0800] "GET /api/v1/auth/wechat/ HTTP/1.1" 200 232 "https://www.luffycity.com/" "Mozilla/5.0 (Windows NT 10.0; WOW64) AppleWebKit/537.36 (KHTML, like Gecko) Chrome/79.0.3945.79 Safari/537.36" 
111.49.52.252 - - [20/Mar/2021:23:11:20 +0800] "GET /api/v1/survey/section/19402/?sectionId=19402 HTTP/1.1" 200 10 "https://www.luffycity.com/play/19402" "Mozilla/5.0 (Windows NT 10.0; Win64; x64; rv:86.0) Gecko/20100101 Firefox/86.0" 
111.49.52.252 - - [20/Mar/2021:23:11:21 +0800] "GET /api/v1/comment/?section_id=19402&limit=10&offset=0 HTTP/1.1" 200 1801 "https://www.luffycity.com/play/19402" "Mozilla/5.0 (Windows NT 10.0; Win64; x64; rv:86.0) Gecko/20100101 Firefox/86.0" 
171.81.22.242 - - [20/Mar/2021:23:11:26 +0800] "OPTIONS /api/v1/auth/token/ HTTP/1.1" 200 0 "https://www.luffycity.com/" "Mozilla/5.0 (Windows NT 10.0; WOW64) AppleWebKit/537.36 (KHTML, like Gecko) Chrome/79.0.3945.79 Safari/537.36" 
171.81.22.242 - - [20/Mar/2021:23:11:34 +0800] "OPTIONS /api/v1/course/free/124/?courseType=free&id=124 HTTP/1.1" 200 0 "https://www.luffycity.com/" "Mozilla/5.0 (Windows NT 10.0; WOW64) AppleWebKit/537.36 (KHTML, like Gecko) Chrome/79.0.3945.79 Safari/537.36" 
171.81.22.242 - - [20/Mar/2021:23:11:34 +0800] "OPTIONS /api/v1/course/free/124/sections/?courseType=free&id=124 HTTP/1.1" 200 0 "https://www.luffycity.com/free-course/124/detail" "Mozilla/5.0 (Windows NT 10.0; WOW64) AppleWebKit/537.36 (KHTML, like Gecko) Chrome/79.0.3945.79 Safari/537.36" 
103.115.120.250, 39.97.49.232 - - [20/Mar/2021:23:11:50 +0800] "GET /api/v1/result/ HTTP/1.1" 200 231 "-" "axios/0.19.2" 
103.115.120.250, 39.97.49.232 - - [20/Mar/2021:23:11:50 +0800] "GET /api/v1/course/actual/?limit=3 HTTP/1.1" 200 2342 "-" "axios/0.19.2" 
103.115.120.250, 39.97.49.232 - - [20/Mar/2021:23:11:50 +0800] "GET /api/v1/course/degree/ HTTP/1.1" 200 948 "-" "axios/0.19.2" 
103.115.120.250, 39.97.49.232 - - [20/Mar/2021:23:11:50 +0800] "GET /api/v1/auth/token/ HTTP/1.1" 200 29 "-" "Mozilla/5.0 (Macintosh; Intel Mac OS X 10_14_6) AppleWebKit/537.36 (KHTML, like Gecko) Chrome/76.0.3809.132 Safari/537.36" 
103.115.120.250, 39.97.49.232 - - [20/Mar/2021:23:11:50 +0800] "GET /api/v1/result/ HTTP/1.1" 200 231 "-" "Mozilla/5.0 (Macintosh; Intel Mac OS X 10_14_6) AppleWebKit/537.36 (KHTML, like Gecko) Chrome/76.0.3809.132 Safari/537.36" 
103.115.120.250, 39.97.49.232 - - [20/Mar/2021:23:11:50 +0800] "GET /api/v1/index/banner/ HTTP/1.1" 200 382 "-" "Mozilla/5.0 (Macintosh; Intel Mac OS X 10_14_6) AppleWebKit/537.36 (KHTML, like Gecko) Chrome/76.0.3809.132 Safari/537.36" 
103.115.120.250, 39.97.49.232 - - [20/Mar/2021:23:11:50 +0800] "GET /api/v1/course/actual/?limit=3 HTTP/1.1" 200 2342 "-" "Mozilla/5.0 (Macintosh; Intel Mac OS X 10_14_6) AppleWebKit/537.36 (KHTML, like Gecko) Chrome/76.0.3809.132 Safari/537.36" 
103.115.120.250, 39.97.49.232 - - [20/Mar/2021:23:11:50 +0800] "GET /api/v1/course/degree/ HTTP/1.1" 200 948 "-" "Mozilla/5.0 (Macintosh; Intel Mac OS X 10_14_6) AppleWebKit/537.36 (KHTML, like Gecko) Chrome/76.0.3809.132 Safari/537.36" 
103.115.120.250, 39.97.49.232 - - [20/Mar/2021:23:11:50 +0800] "GET /api/v1/course/home-free/?limit=3 HTTP/1.1" 200 865 "-" "Mozilla/5.0 (Macintosh; Intel Mac OS X 10_14_6) AppleWebKit/537.36 (KHTML, like Gecko) Chrome/76.0.3809.132 Safari/537.36" 
220.175.67.11 - - [20/Mar/2021:23:11:53 +0800] "OPTIONS /api/v1/comment/?section_id=2953&limit=10&offset=0 HTTP/1.1" 200 0 "https://www.luffycity.com/play/2953" "Mozilla/5.0 (Windows NT 10.0; Win64; x64) AppleWebKit/537.36 (KHTML, like Gecko) Chrome/78.0.3904.108 Safari/537.36" 
220.175.67.11 - - [20/Mar/2021:23:11:53 +0800] "GET /api/v1/play/sections/?section_id=2953 HTTP/1.1" 200 3450 "https://www.luffycity.com/play/2953" "Mozilla/5.0 (Windows NT 10.0; Win64; x64) AppleWebKit/537.36 (KHTML, like Gecko) Chrome/78.0.3904.108 Safari/537.36" 
220.175.67.11 - - [20/Mar/2021:23:11:53 +0800] "GET /api/v1/comment/?section_id=2953&limit=10&offset=0 HTTP/1.1" 200 1007 "https://www.luffycity.com/play/2953" "Mozilla/5.0 (Windows NT 10.0; Win64; x64) AppleWebKit/537.36 (KHTML, like Gecko) Chrome/78.0.3904.108 Safari/537.36" 
220.175.67.11 - - [20/Mar/2021:23:11:53 +0800] "GET /api/v1/play/2953/?play_id=2953 HTTP/1.1" 200 457 "https://www.luffycity.com/play/2953" "Mozilla/5.0 (Windows NT 10.0; Win64; x64) AppleWebKit/537.36 (KHTML, like Gecko) Chrome/78.0.3904.108 Safari/537.36" 
113.70.99.69 - - [20/Mar/2021:23:11:53 +0800] "POST /api/v1/survey/section/30973/?sectionId=30973 HTTP/1.1" 200 10 "https://www.luffycity.com/play/30973" "Mozilla/5.0 (Windows NT 10.0; Win64; x64; rv:86.0) Gecko/20100101 Firefox/86.0" 
113.70.99.69 - - [20/Mar/2021:23:11:54 +0800] "OPTIONS /api/v1/comment/?section_id=30974&limit=10&offset=0 HTTP/1.1" 200 0 "https://www.luffycity.com/play/30974" "Mozilla/5.0 (Windows NT 10.0; Win64; x64; rv:86.0) Gecko/20100101 Firefox/86.0" 
113.70.99.69 - - [20/Mar/2021:23:11:54 +0800] "OPTIONS /api/v1/survey/section/30974/?sectionId=30974 HTTP/1.1" 200 0 "https://www.luffycity.com/play/30974" "Mozilla/5.0 (Windows NT 10.0; Win64; x64; rv:86.0) Gecko/20100101 Firefox/86.0" 
113.70.99.69 - - [20/Mar/2021:23:11:55 +0800] "GET /api/v1/survey/section/30974/?sectionId=30974 HTTP/1.1" 200 10 "https://www.luffycity.com/play/30974" "Mozilla/5.0 (Windows NT 10.0; Win64; x64; rv:86.0) Gecko/20100101 Firefox/86.0" 
113.70.99.69 - - [20/Mar/2021:23:11:55 +0800] "GET /api/v1/comment/?section_id=30974&limit=10&offset=0 HTTP/1.1" 200 1798 "https://www.luffycity.com/play/30974" "Mozilla/5.0 (Windows NT 10.0; Win64; x64; rv:86.0) Gecko/20100101 Firefox/86.0" 
171.81.22.242 - - [20/Mar/2021:23:11:59 +0800] "OPTIONS /api/v1/survey/section/14389/?sectionId=14389 HTTP/1.1" 200 0 "https://www.luffycity.com/play/14389" "Mozilla/5.0 (Windows NT 10.0; WOW64) AppleWebKit/537.36 (KHTML, like Gecko) Chrome/79.0.3945.79 Safari/537.36" 
171.81.22.242 - - [20/Mar/2021:23:11:59 +0800] "OPTIONS /api/v1/comment/?section_id=14389&limit=10&offset=0 HTTP/1.1" 200 0 "https://www.luffycity.com/play/14389" "Mozilla/5.0 (Windows NT 10.0; WOW64) AppleWebKit/537.36 (KHTML, like Gecko) Chrome/79.0.3945.79 Safari/537.36" 
171.81.22.242 - - [20/Mar/2021:23:11:59 +0800] "GET /api/v1/survey/section/14389/?sectionId=14389 HTTP/1.1" 200 10 "https://www.luffycity.com/play/14389" "Mozilla/5.0 (Windows NT 10.0; WOW64) AppleWebKit/537.36 (KHTML, like Gecko) Chrome/79.0.3945.79 Safari/537.36" 
171.81.22.242 - - [20/Mar/2021:23:12:00 +0800] "GET /api/v1/comment/?section_id=14389&limit=10&offset=0 HTTP/1.1" 200 1759 "https://www.luffycity.com/play/14389" "Mozilla/5.0 (Windows NT 10.0; WOW64) AppleWebKit/537.36 (KHTML, like Gecko) Chrome/79.0.3945.79 Safari/537.36" 
112.10.193.121, 39.97.49.232 - - [20/Mar/2021:23:12:01 +0800] "GET /api/v1/auth/token/ HTTP/1.1" 200 29 "https://v3.bootcss.com/" "Mozilla/5.0 (Windows NT 10.0; Win64; x64) AppleWebKit/537.36 (KHTML, like Gecko) Chrome/89.0.4389.90 Safari/537.36 Edg/89.0.774.54" 
112.10.193.121 - - [20/Mar/2021:23:12:03 +0800] "OPTIONS /api/v1/activity/survey/?course_id=256 HTTP/1.1" 200 0 "https://www.luffycity.com/" "Mozilla/5.0 (Windows NT 10.0; Win64; x64) AppleWebKit/537.36 (KHTML, like Gecko) Chrome/89.0.4389.90 Safari/537.36 Edg/89.0.774.54" 
36.48.17.127, 39.97.49.232 - - [20/Mar/2021:23:12:31 +0800] "GET /api/v1/result/ HTTP/1.1" 200 231 "-" "Mozilla/5.0 (Windows NT 10.0; WOW64) AppleWebKit/537.36 (KHTML, like Gecko) Chrome/78.0.3904.108 Safari/537.36" 
36.48.17.127, 39.97.49.232 - - [20/Mar/2021:23:12:31 +0800] "GET /api/v1/index/banner/ HTTP/1.1" 200 382 "-" "Mozilla/5.0 (Windows NT 10.0; WOW64) AppleWebKit/537.36 (KHTML, like Gecko) Chrome/78.0.3904.108 Safari/537.36" 
36.48.17.127, 39.97.49.232 - - [20/Mar/2021:23:12:31 +0800] "GET /api/v1/course/degree/ HTTP/1.1" 200 948 "-" "Mozilla/5.0 (Windows NT 10.0; WOW64) AppleWebKit/537.36 (KHTML, like Gecko) Chrome/78.0.3904.108 Safari/537.36" 
36.48.17.127, 39.97.49.232 - - [20/Mar/2021:23:12:31 +0800] "GET /api/v1/course/home-free/?limit=3 HTTP/1.1" 200 865 "-" "Mozilla/5.0 (Windows NT 10.0; WOW64) AppleWebKit/537.36 (KHTML, like Gecko) Chrome/78.0.3904.108 Safari/537.36" 
111.199.191.214 - - [20/Mar/2021:23:12:31 +0800] "GET /api/v1/play/15590/?play_id=15590 HTTP/1.1" 200 403 "https://m.luffycity.com/play/15589" "Mozilla/5.0 (iPhone; CPU iPhone OS 14_4_1 like Mac OS X) AppleWebKit/605.1.15 (KHTML, like Gecko) Version/14.0.3 Mobile/15E148 Safari/604.1" 
36.48.17.127 - - [20/Mar/2021:23:12:32 +0800] "GET /api/v1/result/enroll/?resultType=enroll&limit=2 HTTP/1.1" 200 1976 "https://www.luffycity.com/" "Mozilla/5.0 (Windows NT 10.0; WOW64) AppleWebKit/537.36 (KHTML, like Gecko) Chrome/78.0.3904.108 Safari/537.36" 
36.48.17.127 - - [20/Mar/2021:23:12:46 +0800] "GET /api/v1/auth/wechat/ HTTP/1.1" 200 232 "https://www.luffycity.com/" "Mozilla/5.0 (Windows NT 10.0; WOW64) AppleWebKit/537.36 (KHTML, like Gecko) Chrome/78.0.3904.108 Safari/537.36" 
111.206.221.7 - - [20/Mar/2021:23:12:49 +0800] "GET /api/v1/auth/token/ HTTP/1.1" 200 29 "https://m.luffycity.com/" "Mozilla/5.0 (iPhone; CPU iPhone OS 9_1 like Mac OS X) AppleWebKit/601.1.46 (KHTML, like Gecko) Version/9.0 Mobile/13B143 Safari/601.1 (compatible; Baiduspider-render/2.0; +http://www.baidu.com/search/spider.html)" 
111.206.221.82 - - [20/Mar/2021:23:12:49 +0800] "GET /api/v1/index/banner/ HTTP/1.1" 200 20 "https://m.luffycity.com/" "Mozilla/5.0 (iPhone; CPU iPhone OS 9_1 like Mac OS X) AppleWebKit/601.1.46 (KHTML, like Gecko) Version/9.0 Mobile/13B143 Safari/601.1 (compatible; Baiduspider-render/2.0; +http://www.baidu.com/search/spider.html)" 
183.192.231.172 - - [20/Mar/2021:23:12:49 +0800] "GET /api/v1/study/degrees/1/?degree_id${categoryId} HTTP/1.1" 200 64 "http://localhost:8080/" "Mozilla/5.0 (Windows NT 10.0; Win64; x64) AppleWebKit/537.36 (KHTML, like Gecko) Chrome/89.0.4389.90 Safari/537.36 Edg/89.0.774.57" 
111.206.198.92 - - [20/Mar/2021:23:12:51 +0800] "GET /api/v1/index/banner/ HTTP/1.1" 200 20 "https://m.luffycity.com/" "Mozilla/5.0 (iPhone; CPU iPhone OS 9_1 like Mac OS X) AppleWebKit/601.1.46 (KHTML, like Gecko) Version/9.0 Mobile/13B143 Safari/601.1 (compatible; Baiduspider-render/2.0; +http://www.baidu.com/search/spider.html)" 
36.48.17.127 - - [20/Mar/2021:23:12:51 +0800] "GET /api/v1/index/search/?words=Linux HTTP/1.1" 200 7467 "https://www.luffycity.com/" "Mozilla/5.0 (Windows NT 10.0; WOW64) AppleWebKit/537.36 (KHTML, like Gecko) Chrome/78.0.3904.108 Safari/537.36" 
223.106.179.234 - - [20/Mar/2021:23:12:54 +0800] "OPTIONS /api/v1/survey/section/14679/?sectionId=14679 HTTP/1.1" 200 0 "https://www.luffycity.com/" "Mozilla/5.0 (Windows NT 10.0; Win64; x64) AppleWebKit/537.36 (KHTML, like Gecko) Chrome/89.0.4389.90 Safari/537.36" 
223.106.179.234 - - [20/Mar/2021:23:12:54 +0800] "OPTIONS /api/v1/play/sections/?section_id=14679 HTTP/1.1" 200 0 "https://www.luffycity.com/" "Mozilla/5.0 (Windows NT 10.0; Win64; x64) AppleWebKit/537.36 (KHTML, like Gecko) Chrome/89.0.4389.90 Safari/537.36" 
223.106.179.234 - - [20/Mar/2021:23:12:54 +0800] "GET /api/v1/play/sections/?section_id=14679 HTTP/1.1" 200 2095 "https://www.luffycity.com/" "Mozilla/5.0 (Windows NT 10.0; Win64; x64) AppleWebKit/537.36 (KHTML, like Gecko) Chrome/89.0.4389.90 Safari/537.36" 
223.106.179.234 - - [20/Mar/2021:23:12:54 +0800] "GET /api/v1/comment/?section_id=14679&limit=10&offset=0 HTTP/1.1" 200 1531 "https://www.luffycity.com/" "Mozilla/5.0 (Windows NT 10.0; Win64; x64) AppleWebKit/537.36 (KHTML, like Gecko) Chrome/89.0.4389.90 Safari/537.36" 
220.175.67.11 - - [20/Mar/2021:23:13:05 +0800] "OPTIONS /api/v1/play/sections/?section_id=2954 HTTP/1.1" 200 0 "https://www.luffycity.com/play/2954" "Mozilla/5.0 (Windows NT 10.0; Win64; x64) AppleWebKit/537.36 (KHTML, like Gecko) Chrome/78.0.3904.108 Safari/537.36" 
220.175.67.11 - - [20/Mar/2021:23:13:05 +0800] "OPTIONS /api/v1/play/2954/?play_id=2954 HTTP/1.1" 200 0 "https://www.luffycity.com/play/2954" "Mozilla/5.0 (Windows NT 10.0; Win64; x64) AppleWebKit/537.36 (KHTML, like Gecko) Chrome/78.0.3904.108 Safari/537.36" 
220.175.67.11 - - [20/Mar/2021:23:13:05 +0800] "GET /api/v1/play/sections/?section_id=2954 HTTP/1.1" 200 3450 "https://www.luffycity.com/play/2954" "Mozilla/5.0 (Windows NT 10.0; Win64; x64) AppleWebKit/537.36 (KHTML, like Gecko) Chrome/78.0.3904.108 Safari/537.36" 
220.175.67.11 - - [20/Mar/2021:23:13:05 +0800] "GET /api/v1/survey/section/2954/?sectionId=2954 HTTP/1.1" 200 10 "https://www.luffycity.com/play/2954" "Mozilla/5.0 (Windows NT 10.0; Win64; x64) AppleWebKit/537.36 (KHTML, like Gecko) Chrome/78.0.3904.108 Safari/537.36" 
111.164.194.222 - - [20/Mar/2021:23:13:07 +0800] "OPTIONS /api/v1/comment/?section_id=29274&limit=10&offset=0 HTTP/1.1" 200 0 "https://www.luffycity.com/" "Mozilla/5.0 (Windows NT 10.0; Win64; x64) AppleWebKit/537.36 (KHTML, like Gecko) Chrome/88.0.4324.190 Safari/537.36" 
111.164.194.222 - - [20/Mar/2021:23:13:07 +0800] "OPTIONS /api/v1/survey/section/29274/?sectionId=29274 HTTP/1.1" 200 0 "https://www.luffycity.com/" "Mozilla/5.0 (Windows NT 10.0; Win64; x64) AppleWebKit/537.36 (KHTML, like Gecko) Chrome/88.0.4324.190 Safari/537.36" 
111.164.194.222 - - [20/Mar/2021:23:13:07 +0800] "GET /api/v1/survey/section/29274/?sectionId=29274 HTTP/1.1" 200 10 "https://www.luffycity.com/" "Mozilla/5.0 (Windows NT 10.0; Win64; x64) AppleWebKit/537.36 (KHTML, like Gecko) Chrome/88.0.4324.190 Safari/537.36" 
111.164.194.222 - - [20/Mar/2021:23:13:07 +0800] "GET /api/v1/play/29274/?play_id=29274 HTTP/1.1" 200 455 "https://www.luffycity.com/" "Mozilla/5.0 (Windows NT 10.0; Win64; x64) AppleWebKit/537.36 (KHTML, like Gecko) Chrome/88.0.4324.190 Safari/537.36" 
36.48.17.127, 39.97.49.232 - - [20/Mar/2021:23:13:10 +0800] "GET /api/v1/auth/token/ HTTP/1.1" 200 29 "https://www.luffycity.com/search?words=Linux" "Mozilla/5.0 (Windows NT 10.0; WOW64) AppleWebKit/537.36 (KHTML, like Gecko) Chrome/78.0.3904.108 Safari/537.36" 
36.48.17.127, 39.97.49.232 - - [20/Mar/2021:23:13:10 +0800] "GET /api/v1/course/free/131/?courseType=free&id=131 HTTP/1.1" 200 1649 "https://www.luffycity.com/search?words=Linux" "Mozilla/5.0 (Windows NT 10.0; WOW64) AppleWebKit/537.36 (KHTML, like Gecko) Chrome/78.0.3904.108 Safari/537.36" 
36.48.17.127 - - [20/Mar/2021:23:13:11 +0800] "GET /api/v1/course/free/131/sections/?courseType=free&id=131 HTTP/1.1" 200 2071 "https://www.luffycity.com/free-course/131/detail" "Mozilla/5.0 (Windows NT 10.0; WOW64) AppleWebKit/537.36 (KHTML, like Gecko) Chrome/78.0.3904.108 Safari/537.36" 
36.48.17.127 - - [20/Mar/2021:23:14:01 +0800] "GET /api/v1/auth/wechat/ HTTP/1.1" 200 232 "https://www.luffycity.com/free-course/131/detail" "Mozilla/5.0 (Windows NT 10.0; WOW64) AppleWebKit/537.36 (KHTML, like Gecko) Chrome/78.0.3904.108 Safari/537.36" 
123.98.50.69 - - [20/Mar/2021:23:14:04 +0800] "OPTIONS /api/v1/comment/?section_id=5675&limit=10&offset=0 HTTP/1.1" 200 0 "https://www.luffycity.com/play/5675" "Mozilla/5.0 (Windows NT 6.1; Win64; x64; rv:84.0) Gecko/20100101 Firefox/84.0" 
123.98.50.69 - - [20/Mar/2021:23:14:04 +0800] "OPTIONS /api/v1/survey/section/5675/?sectionId=5675 HTTP/1.1" 200 0 "https://www.luffycity.com/play/5675" "Mozilla/5.0 (Windows NT 6.1; Win64; x64; rv:84.0) Gecko/20100101 Firefox/84.0" 
123.98.50.69 - - [20/Mar/2021:23:14:04 +0800] "GET /api/v1/play/sections/?section_id=5675 HTTP/1.1" 200 3029 "https://www.luffycity.com/play/5675" "Mozilla/5.0 (Windows NT 6.1; Win64; x64; rv:84.0) Gecko/20100101 Firefox/84.0" 
123.98.50.69 - - [20/Mar/2021:23:14:04 +0800] "GET /api/v1/comment/?section_id=5675&limit=10&offset=0 HTTP/1.1" 200 1035 "https://www.luffycity.com/play/5675" "Mozilla/5.0 (Windows NT 6.1; Win64; x64; rv:84.0) Gecko/20100101 Firefox/84.0" 
183.192.231.172, 39.97.49.232 - - [20/Mar/2021:23:14:06 +0800] "GET /api/v1/auth/token/ HTTP/1.1" 200 387 "-" "Mozilla/5.0 (Windows NT 10.0; Win64; x64) AppleWebKit/537.36 (KHTML, like Gecko) Chrome/89.0.4389.90 Safari/537.36 Edg/89.0.774.57" 
183.192.231.172, 39.97.49.232 - - [20/Mar/2021:23:14:06 +0800] "GET /api/v1/result/ HTTP/1.1" 200 231 "-" "Mozilla/5.0 (Windows NT 10.0; Win64; x64) AppleWebKit/537.36 (KHTML, like Gecko) Chrome/89.0.4389.90 Safari/537.36 Edg/89.0.774.57" 
183.192.231.172 - - [20/Mar/2021:23:14:12 +0800] "GET /api/v1/study/degrees/ HTTP/1.1" 200 504 "https://www.luffycity.com/" "Mozilla/5.0 (Windows NT 10.0; Win64; x64) AppleWebKit/537.36 (KHTML, like Gecko) Chrome/89.0.4389.90 Safari/537.36 Edg/89.0.774.57" 
183.192.231.172 - - [20/Mar/2021:23:14:12 +0800] "GET /api/v1/study/data/ HTTP/1.1" 200 112 "https://www.luffycity.com/" "Mozilla/5.0 (Windows NT 10.0; Win64; x64) AppleWebKit/537.36 (KHTML, like Gecko) Chrome/89.0.4389.90 Safari/537.36 Edg/89.0.774.57" 
183.192.231.172 - - [20/Mar/2021:23:14:12 +0800] "GET /api/v1/study/data/?degree_id=1 HTTP/1.1" 200 113 "https://www.luffycity.com/" "Mozilla/5.0 (Windows NT 10.0; Win64; x64) AppleWebKit/537.36 (KHTML, like Gecko) Chrome/89.0.4389.90 Safari/537.36 Edg/89.0.774.57" 
116.237.142.225 - - [20/Mar/2021:23:14:19 +0800] "GET /api/v1/study/degrees/1/?degree_id=1 HTTP/1.1" 200 1943 "https://www.luffycity.com/study/degree" "Mozilla/5.0 (Windows NT 10.0; Win64; x64) AppleWebKit/537.36 (KHTML, like Gecko) Chrome/86.0.4240.198 Safari/537.36" 
220.175.67.11 - - [20/Mar/2021:23:14:21 +0800] "OPTIONS /api/v1/comment/?section_id=2955&limit=10&offset=0 HTTP/1.1" 200 0 "https://www.luffycity.com/play/2955" "Mozilla/5.0 (Windows NT 10.0; Win64; x64) AppleWebKit/537.36 (KHTML, like Gecko) Chrome/78.0.3904.108 Safari/537.36" 
220.175.67.11 - - [20/Mar/2021:23:14:21 +0800] "GET /api/v1/survey/section/2955/?sectionId=2955 HTTP/1.1" 200 10 "https://www.luffycity.com/play/2955" "Mozilla/5.0 (Windows NT 10.0; Win64; x64) AppleWebKit/537.36 (KHTML, like Gecko) Chrome/78.0.3904.108 Safari/537.36" 
220.175.67.11 - - [20/Mar/2021:23:14:21 +0800] "GET /api/v1/play/sections/?section_id=2955 HTTP/1.1" 200 3450 "https://www.luffycity.com/play/2955" "Mozilla/5.0 (Windows NT 10.0; Win64; x64) AppleWebKit/537.36 (KHTML, like Gecko) Chrome/78.0.3904.108 Safari/537.36" 
220.175.67.11 - - [20/Mar/2021:23:14:21 +0800] "GET /api/v1/comment/?section_id=2955&limit=10&offset=0 HTTP/1.1" 200 1007 "https://www.luffycity.com/play/2955" "Mozilla/5.0 (Windows NT 10.0; Win64; x64) AppleWebKit/537.36 (KHTML, like Gecko) Chrome/78.0.3904.108 Safari/537.36" 
183.192.231.172, 39.97.49.232 - - [20/Mar/2021:23:14:29 +0800] "GET /api/v1/result/ HTTP/1.1" 200 231 "-" "Mozilla/5.0 (Windows NT 10.0; Win64; x64) AppleWebKit/537.36 (KHTML, like Gecko) Chrome/89.0.4389.90 Safari/537.36 Edg/89.0.774.57" 
183.192.231.172 - - [20/Mar/2021:23:14:30 +0800] "GET /api/v1/study/degrees/ HTTP/1.1" 200 504 "https://www.luffycity.com/" "Mozilla/5.0 (Windows NT 10.0; Win64; x64) AppleWebKit/537.36 (KHTML, like Gecko) Chrome/89.0.4389.90 Safari/537.36 Edg/89.0.774.57" 
183.192.231.172 - - [20/Mar/2021:23:14:31 +0800] "GET /api/v1/study/data/ HTTP/1.1" 200 112 "https://www.luffycity.com/" "Mozilla/5.0 (Windows NT 10.0; Win64; x64) AppleWebKit/537.36 (KHTML, like Gecko) Chrome/89.0.4389.90 Safari/537.36 Edg/89.0.774.57" 
183.192.231.172 - - [20/Mar/2021:23:14:31 +0800] "GET /api/v1/study/data/?degree_id=1 HTTP/1.1" 200 113 "https://www.luffycity.com/" "Mozilla/5.0 (Windows NT 10.0; Win64; x64) AppleWebKit/537.36 (KHTML, like Gecko) Chrome/89.0.4389.90 Safari/537.36 Edg/89.0.774.57" 
1.204.246.33, 49.7.4.86 - - [20/Mar/2021:23:14:54 +0800] "GET /api/v1/play/5670/?play_id=5670 HTTP/1.1" 200 377 "https://m.luffycity.com/play/5669" "Mozilla/5.0 (Linux; U; Android 10; zh-CN; PCKM00 Build/QKQ1.190915.002) AppleWebKit/537.36 (KHTML, like Gecko) Version/4.0 Chrome/78.0.3904.108 UCBrowser/13.2.9.1109 Mobile Safari/537.36" 
221.223.199.88 - - [20/Mar/2021:23:15:07 +0800] "OPTIONS /api/v1/play/17718/?play_id=17718 HTTP/1.1" 200 0 "https://www.luffycity.com/" "Mozilla/5.0 (Windows NT 10.0; Win64; x64) AppleWebKit/537.36 (KHTML, like Gecko) Chrome/89.0.4389.82 Safari/537.36" 
221.223.199.88 - - [20/Mar/2021:23:15:07 +0800] "OPTIONS /api/v1/play/sections/?section_id=17718 HTTP/1.1" 200 0 "https://www.luffycity.com/" "Mozilla/5.0 (Windows NT 10.0; Win64; x64) AppleWebKit/537.36 (KHTML, like Gecko) Chrome/89.0.4389.82 Safari/537.36" 
221.223.199.88 - - [20/Mar/2021:23:15:07 +0800] "GET /api/v1/survey/section/17718/?sectionId=17718 HTTP/1.1" 200 10 "https://www.luffycity.com/" "Mozilla/5.0 (Windows NT 10.0; Win64; x64) AppleWebKit/537.36 (KHTML, like Gecko) Chrome/89.0.4389.82 Safari/537.36" 
221.223.199.88 - - [20/Mar/2021:23:15:07 +0800] "GET /api/v1/comment/?section_id=17718&limit=10&offset=0 HTTP/1.1" 200 871 "https://www.luffycity.com/" "Mozilla/5.0 (Windows NT 10.0; Win64; x64) AppleWebKit/537.36 (KHTML, like Gecko) Chrome/89.0.4389.82 Safari/537.36" 
220.175.67.11 - - [20/Mar/2021:23:15:08 +0800] "OPTIONS /api/v1/comment/?section_id=2956&limit=10&offset=0 HTTP/1.1" 200 0 "https://www.luffycity.com/play/2956" "Mozilla/5.0 (Windows NT 10.0; Win64; x64) AppleWebKit/537.36 (KHTML, like Gecko) Chrome/78.0.3904.108 Safari/537.36" 
220.175.67.11 - - [20/Mar/2021:23:15:08 +0800] "GET /api/v1/survey/section/2956/?sectionId=2956 HTTP/1.1" 200 10 "https://www.luffycity.com/play/2956" "Mozilla/5.0 (Windows NT 10.0; Win64; x64) AppleWebKit/537.36 (KHTML, like Gecko) Chrome/78.0.3904.108 Safari/537.36" 
220.175.67.11 - - [20/Mar/2021:23:15:08 +0800] "GET /api/v1/play/sections/?section_id=2956 HTTP/1.1" 200 3450 "https://www.luffycity.com/play/2956" "Mozilla/5.0 (Windows NT 10.0; Win64; x64) AppleWebKit/537.36 (KHTML, like Gecko) Chrome/78.0.3904.108 Safari/537.36" 
220.175.67.11 - - [20/Mar/2021:23:15:08 +0800] "GET /api/v1/play/2956/?play_id=2956 HTTP/1.1" 200 446 "https://www.luffycity.com/play/2956" "Mozilla/5.0 (Windows NT 10.0; Win64; x64) AppleWebKit/537.36 (KHTML, like Gecko) Chrome/78.0.3904.108 Safari/537.36" 
1.204.246.33, 49.7.4.125 - - [20/Mar/2021:23:15:13 +0800] "GET /api/v1/auth/token/ HTTP/1.1" 200 370 "https://m.luffycity.com/study/degree" "Mozilla/5.0 (Linux; U; Android 10; zh-CN; PCKM00 Build/QKQ1.190915.002) AppleWebKit/537.36 (KHTML, like Gecko) Version/4.0 Chrome/78.0.3904.108 UCBrowser/13.2.9.1109 Mobile Safari/537.36" 
183.192.231.172 - - [20/Mar/2021:23:15:15 +0800] "GET /api/v1/course/free/ HTTP/1.1" 200 1894 "http://localhost:8080/" "Mozilla/5.0 (Windows NT 10.0; Win64; x64) AppleWebKit/537.36 (KHTML, like Gecko) Chrome/89.0.4389.90 Safari/537.36 Edg/89.0.774.57" 
1.204.246.33, 49.7.4.95 - - [20/Mar/2021:23:15:21 +0800] "GET /api/v1/play/sections/?section_id=5669 HTTP/1.1" 200 3021 "https://m.luffycity.com/play/5669" "Mozilla/5.0 (Linux; U; Android 10; zh-CN; PCKM00 Build/QKQ1.190915.002) AppleWebKit/537.36 (KHTML, like Gecko) Version/4.0 Chrome/78.0.3904.108 UCBrowser/13.2.9.1109 Mobile Safari/537.36" 
122.96.34.204, 39.97.49.232 - - [20/Mar/2021:23:15:26 +0800] "GET /api/v1/result/ HTTP/1.1" 200 231 "-" "Mozilla/5.0 (Windows NT 10.0; WOW64) AppleWebKit/537.36 (KHTML, like Gecko) Chrome/58.0.3029.110 Safari/537.36 SE 2.X MetaSr 1.0" 
183.192.231.172, 39.97.49.232 - - [20/Mar/2021:23:15:32 +0800] "GET /api/v1/result/ HTTP/1.1" 200 231 "https://www.luffycity.com/study/degree" "Mozilla/5.0 (Windows NT 10.0; Win64; x64) AppleWebKit/537.36 (KHTML, like Gecko) Chrome/89.0.4389.90 Safari/537.36 Edg/89.0.774.57" 
183.192.231.172, 39.97.49.232 - - [20/Mar/2021:23:15:32 +0800] "GET /api/v1/course/category/free/?courseType=free HTTP/1.1" 200 174 "https://www.luffycity.com/study/degree" "Mozilla/5.0 (Windows NT 10.0; Win64; x64) AppleWebKit/537.36 (KHTML, like Gecko) Chrome/89.0.4389.90 Safari/537.36 Edg/89.0.774.57" 
220.175.67.11 - - [20/Mar/2021:23:15:55 +0800] "GET /api/v1/comment/?section_id=2957&limit=10&offset=0 HTTP/1.1" 200 1007 "https://www.luffycity.com/play/2957" "Mozilla/5.0 (Windows NT 10.0; Win64; x64) AppleWebKit/537.36 (KHTML, like Gecko) Chrome/78.0.3904.108 Safari/537.36" 
220.175.67.11 - - [20/Mar/2021:23:15:55 +0800] "GET /api/v1/survey/section/2957/?sectionId=2957 HTTP/1.1" 200 10 "https://www.luffycity.com/play/2957" "Mozilla/5.0 (Windows NT 10.0; Win64; x64) AppleWebKit/537.36 (KHTML, like Gecko) Chrome/78.0.3904.108 Safari/537.36" 
220.175.67.11 - - [20/Mar/2021:23:15:56 +0800] "GET /api/v1/play/2957/?play_id=2957 HTTP/1.1" 200 465 "https://www.luffycity.com/play/2957" "Mozilla/5.0 (Windows NT 10.0; Win64; x64) AppleWebKit/537.36 (KHTML, like Gecko) Chrome/78.0.3904.108 Safari/537.36" 
171.81.22.242 - - [20/Mar/2021:23:15:56 +0800] "OPTIONS /api/v1/play/14392/?play_id=14392 HTTP/1.1" 200 0 "https://www.luffycity.com/play/14392" "Mozilla/5.0 (Windows NT 10.0; WOW64) AppleWebKit/537.36 (KHTML, like Gecko) Chrome/79.0.3945.79 Safari/537.36" 
171.81.22.242 - - [20/Mar/2021:23:15:56 +0800] "OPTIONS /api/v1/survey/section/14392/?sectionId=14392 HTTP/1.1" 200 0 "https://www.luffycity.com/play/14392" "Mozilla/5.0 (Windows NT 10.0; WOW64) AppleWebKit/537.36 (KHTML, like Gecko) Chrome/79.0.3945.79 Safari/537.36" 
171.81.22.242 - - [20/Mar/2021:23:15:56 +0800] "GET /api/v1/play/sections/?section_id=14392 HTTP/1.1" 200 3093 "https://www.luffycity.com/play/14392" "Mozilla/5.0 (Windows NT 10.0; WOW64) AppleWebKit/537.36 (KHTML, like Gecko) Chrome/79.0.3945.79 Safari/537.36" 
171.81.22.242 - - [20/Mar/2021:23:15:56 +0800] "GET /api/v1/play/14392/?play_id=14392 HTTP/1.1" 200 376 "https://www.luffycity.com/play/14392" "Mozilla/5.0 (Windows NT 10.0; WOW64) AppleWebKit/537.36 (KHTML, like Gecko) Chrome/79.0.3945.79 Safari/537.36" 
117.188.13.200 - - [20/Mar/2021:23:16:21 +0800] "GET /api/v1/play/13836/?play_id=13836 HTTP/1.1" 200 394 "https://m.luffycity.com/play/13913" "Mozilla/5.0 (Linux; Android 10; ELE-AL00; HMSCore 5.2.0.303; GMSCore 20.15.16) AppleWebKit/537.36 (KHTML, like Gecko) Chrome/83.0.4103.106 HuaweiBrowser/11.0.8.301 Mobile Safari/537.36" 
117.188.13.200 - - [20/Mar/2021:23:16:21 +0800] "GET /api/v1/play/13836/?play_id=13836 HTTP/1.1" 200 394 "https://m.luffycity.com/play/13836" "Mozilla/5.0 (Linux; Android 10; ELE-AL00; HMSCore 5.2.0.303; GMSCore 20.15.16) AppleWebKit/537.36 (KHTML, like Gecko) Chrome/83.0.4103.106 HuaweiBrowser/11.0.8.301 Mobile Safari/537.36" 
218.109.207.143 - - [20/Mar/2021:23:16:24 +0800] "OPTIONS /api/v1/comment/?section_id=24711&limit=10&offset=0 HTTP/1.1" 200 0 "https://www.luffycity.com/" "Mozilla/5.0 (Macintosh; Intel Mac OS X 10_15_0) AppleWebKit/537.36 (KHTML, like Gecko) Chrome/88.0.4324.150 Safari/537.36" 
218.109.207.143 - - [20/Mar/2021:23:16:24 +0800] "OPTIONS /api/v1/survey/section/24711/?sectionId=24711 HTTP/1.1" 200 0 "https://www.luffycity.com/" "Mozilla/5.0 (Macintosh; Intel Mac OS X 10_15_0) AppleWebKit/537.36 (KHTML, like Gecko) Chrome/88.0.4324.150 Safari/537.36" 
218.109.207.143 - - [20/Mar/2021:23:16:24 +0800] "GET /api/v1/survey/section/24711/?sectionId=24711 HTTP/1.1" 200 10 "https://www.luffycity.com/" "Mozilla/5.0 (Macintosh; Intel Mac OS X 10_15_0) AppleWebKit/537.36 (KHTML, like Gecko) Chrome/88.0.4324.150 Safari/537.36" 
218.109.207.143 - - [20/Mar/2021:23:16:24 +0800] "GET /api/v1/comment/?section_id=24711&limit=10&offset=0 HTTP/1.1" 200 869 "https://www.luffycity.com/" "Mozilla/5.0 (Macintosh; Intel Mac OS X 10_15_0) AppleWebKit/537.36 (KHTML, like Gecko) Chrome/88.0.4324.150 Safari/537.36" 
117.136.55.57, 49.7.6.177 - - [20/Mar/2021:23:16:28 +0800] "GET /api/v1/index/banner/ HTTP/1.1" 200 20 "https://m.luffycity.com/" "Mozilla/5.0 (Linux; U; Android 10; zh-CN; SHARK KLE-A0 Build/KLEN2101290CN00MQ4) AppleWebKit/537.36 (KHTML, like Gecko) Version/4.0 Chrome/78.0.3904.108 Quark/4.7.0.168 Mobile Safari/537.36" 
180.117.47.62 - - [20/Mar/2021:23:16:29 +0800] "OPTIONS /api/v1/play/sections/?section_id=30858 HTTP/1.1" 200 0 "https://www.luffycity.com/" "Mozilla/5.0 (Windows NT 10.0; Win64; x64) AppleWebKit/537.36 (KHTML, like Gecko) Chrome/89.0.4389.90 Safari/537.36" 
180.117.47.62 - - [20/Mar/2021:23:16:29 +0800] "OPTIONS /api/v1/play/30858/?play_id=30858 HTTP/1.1" 200 0 "https://www.luffycity.com/" "Mozilla/5.0 (Windows NT 10.0; Win64; x64) AppleWebKit/537.36 (KHTML, like Gecko) Chrome/89.0.4389.90 Safari/537.36" 
180.117.47.62 - - [20/Mar/2021:23:16:29 +0800] "GET /api/v1/comment/?section_id=30858&limit=10&offset=0 HTTP/1.1" 200 1642 "https://www.luffycity.com/" "Mozilla/5.0 (Windows NT 10.0; Win64; x64) AppleWebKit/537.36 (KHTML, like Gecko) Chrome/89.0.4389.90 Safari/537.36" 
180.117.47.62 - - [20/Mar/2021:23:16:29 +0800] "GET /api/v1/play/30858/?play_id=30858 HTTP/1.1" 200 397 "https://www.luffycity.com/" "Mozilla/5.0 (Windows NT 10.0; Win64; x64) AppleWebKit/537.36 (KHTML, like Gecko) Chrome/89.0.4389.90 Safari/537.36" 
171.81.22.242 - - [20/Mar/2021:23:16:33 +0800] "OPTIONS /api/v1/comment/?section_id=14393&limit=10&offset=0 HTTP/1.1" 200 0 "https://www.luffycity.com/play/14393" "Mozilla/5.0 (Windows NT 10.0; WOW64) AppleWebKit/537.36 (KHTML, like Gecko) Chrome/79.0.3945.79 Safari/537.36" 
171.81.22.242 - - [20/Mar/2021:23:16:33 +0800] "OPTIONS /api/v1/survey/section/14393/?sectionId=14393 HTTP/1.1" 200 0 "https://www.luffycity.com/play/14393" "Mozilla/5.0 (Windows NT 10.0; WOW64) AppleWebKit/537.36 (KHTML, like Gecko) Chrome/79.0.3945.79 Safari/537.36" 
171.81.22.242 - - [20/Mar/2021:23:16:33 +0800] "GET /api/v1/survey/section/14393/?sectionId=14393 HTTP/1.1" 200 10 "https://www.luffycity.com/play/14393" "Mozilla/5.0 (Windows NT 10.0; WOW64) AppleWebKit/537.36 (KHTML, like Gecko) Chrome/79.0.3945.79 Safari/537.36" 
171.81.22.242 - - [20/Mar/2021:23:16:34 +0800] "GET /api/v1/comment/?section_id=14393&limit=10&offset=0 HTTP/1.1" 200 1759 "https://www.luffycity.com/play/14393" "Mozilla/5.0 (Windows NT 10.0; WOW64) AppleWebKit/537.36 (KHTML, like Gecko) Chrome/79.0.3945.79 Safari/537.36" 
117.136.55.57, 49.7.6.177 - - [20/Mar/2021:23:16:35 +0800] "GET /api/v1/auth/token/ HTTP/1.1" 200 29 "https://m.luffycity.com/account/center/home" "Mozilla/5.0 (Linux; U; Android 10; zh-CN; SHARK KLE-A0 Build/KLEN2101290CN00MQ4) AppleWebKit/537.36 (KHTML, like Gecko) Version/4.0 Chrome/78.0.3904.108 Quark/4.7.0.168 Mobile Safari/537.36" 
220.175.67.11 - - [20/Mar/2021:23:17:05 +0800] "GET /api/v1/study/data/ HTTP/1.1" 200 106 "https://www.luffycity.com/study/degree" "Mozilla/5.0 (Windows NT 10.0; Win64; x64) AppleWebKit/537.36 (KHTML, like Gecko) Chrome/78.0.3904.108 Safari/537.36" 
220.175.67.11 - - [20/Mar/2021:23:17:05 +0800] "GET /api/v1/study/degrees/2/?degree_id=2 HTTP/1.1" 200 1448 "https://www.luffycity.com/study/degree" "Mozilla/5.0 (Windows NT 10.0; Win64; x64) AppleWebKit/537.36 (KHTML, like Gecko) Chrome/78.0.3904.108 Safari/537.36" 
220.175.67.11 - - [20/Mar/2021:23:17:05 +0800] "GET /api/v1/study/data/?degree_id=2 HTTP/1.1" 200 112 "https://www.luffycity.com/study/degree" "Mozilla/5.0 (Windows NT 10.0; Win64; x64) AppleWebKit/537.36 (KHTML, like Gecko) Chrome/78.0.3904.108 Safari/537.36" 
171.81.22.242 - - [20/Mar/2021:23:17:09 +0800] "OPTIONS /api/v1/comment/?section_id=14410&limit=10&offset=0 HTTP/1.1" 200 0 "https://www.luffycity.com/play/14410" "Mozilla/5.0 (Windows NT 10.0; WOW64) AppleWebKit/537.36 (KHTML, like Gecko) Chrome/79.0.3945.79 Safari/537.36" 
171.81.22.242 - - [20/Mar/2021:23:17:09 +0800] "OPTIONS /api/v1/survey/section/14410/?sectionId=14410 HTTP/1.1" 200 0 "https://www.luffycity.com/play/14410" "Mozilla/5.0 (Windows NT 10.0; WOW64) AppleWebKit/537.36 (KHTML, like Gecko) Chrome/79.0.3945.79 Safari/537.36" 
171.81.22.242 - - [20/Mar/2021:23:17:09 +0800] "GET /api/v1/survey/section/14410/?sectionId=14410 HTTP/1.1" 200 10 "https://www.luffycity.com/play/14410" "Mozilla/5.0 (Windows NT 10.0; WOW64) AppleWebKit/537.36 (KHTML, like Gecko) Chrome/79.0.3945.79 Safari/537.36" 
171.81.22.242 - - [20/Mar/2021:23:17:09 +0800] "GET /api/v1/play/14410/?play_id=14410 HTTP/1.1" 200 391 "https://www.luffycity.com/play/14410" "Mozilla/5.0 (Windows NT 10.0; WOW64) AppleWebKit/537.36 (KHTML, like Gecko) Chrome/79.0.3945.79 Safari/537.36" 
183.192.231.172 - - [20/Mar/2021:23:17:13 +0800] "GET /api/v1/course/free/?sub_category${categoryId} HTTP/1.1" 200 1890 "http://localhost:8080/" "Mozilla/5.0 (Windows NT 10.0; Win64; x64) AppleWebKit/537.36 (KHTML, like Gecko) Chrome/89.0.4389.90 Safari/537.36 Edg/89.0.774.57" 
23.179.32.115, 39.97.49.232 - - [20/Mar/2021:23:17:20 +0800] "GET /api/v1/course/degree/ HTTP/1.1" 200 948 "-" "Go-http-client/2.0" 
117.136.55.57, 49.7.6.177 - - [20/Mar/2021:23:17:34 +0800] "GET /api/v1/auth/token/ HTTP/1.1" 200 29 "https://m.luffycity.com/" "Mozilla/5.0 (Linux; U; Android 10; zh-CN; SHARK KLE-A0 Build/KLEN2101290CN00MQ4) AppleWebKit/537.36 (KHTML, like Gecko) Version/4.0 Chrome/78.0.3904.108 Quark/4.7.0.168 Mobile Safari/537.36" 
211.161.243.112 - - [20/Mar/2021:23:17:35 +0800] "OPTIONS /api/v1/play/sections/?section_id=848 HTTP/1.1" 200 0 "https://www.luffycity.com/" "Mozilla/5.0 (Windows NT 10.0; Win64; x64) AppleWebKit/537.36 (KHTML, like Gecko) Chrome/88.0.4324.190 Safari/537.36" 
211.161.243.112 - - [20/Mar/2021:23:17:35 +0800] "OPTIONS /api/v1/comment/?section_id=848&limit=10&offset=0 HTTP/1.1" 200 0 "https://www.luffycity.com/" "Mozilla/5.0 (Windows NT 10.0; Win64; x64) AppleWebKit/537.36 (KHTML, like Gecko) Chrome/88.0.4324.190 Safari/537.36" 
117.136.55.57, 49.7.6.177 - - [20/Mar/2021:23:17:35 +0800] "GET /api/v1/auth/token/ HTTP/1.1" 200 29 "https://m.luffycity.com/study/degree" "Mozilla/5.0 (Linux; U; Android 10; zh-CN; SHARK KLE-A0 Build/KLEN2101290CN00MQ4) AppleWebKit/537.36 (KHTML, like Gecko) Version/4.0 Chrome/78.0.3904.108 Quark/4.7.0.168 Mobile Safari/537.36" 
211.161.243.112 - - [20/Mar/2021:23:17:35 +0800] "GET /api/v1/play/sections/?section_id=848 HTTP/1.1" 200 2943 "https://www.luffycity.com/" "Mozilla/5.0 (Windows NT 10.0; Win64; x64) AppleWebKit/537.36 (KHTML, like Gecko) Chrome/88.0.4324.190 Safari/537.36" 
211.161.243.112 - - [20/Mar/2021:23:17:35 +0800] "GET /api/v1/comment/?section_id=848&limit=10&offset=0 HTTP/1.1" 200 1548 "https://www.luffycity.com/" "Mozilla/5.0 (Windows NT 10.0; Win64; x64) AppleWebKit/537.36 (KHTML, like Gecko) Chrome/88.0.4324.190 Safari/537.36" 
117.136.55.57, 49.7.6.177 - - [20/Mar/2021:23:17:40 +0800] "GET /api/v1/auth/token/ HTTP/1.1" 200 29 "https://m.luffycity.com/signin" "Mozilla/5.0 (Linux; U; Android 10; zh-CN; SHARK KLE-A0 Build/KLEN2101290CN00MQ4) AppleWebKit/537.36 (KHTML, like Gecko) Version/4.0 Chrome/78.0.3904.108 Quark/4.7.0.168 Mobile Safari/537.36" 
106.58.233.9 - - [20/Mar/2021:23:17:42 +0800] "OPTIONS /api/v1/play/sections/?section_id=27964 HTTP/1.1" 200 0 "https://www.luffycity.com/" "Mozilla/5.0 (Windows NT 10.0; Win64; x64) AppleWebKit/537.36 (KHTML, like Gecko) Chrome/89.0.4389.90 Safari/537.36 Edg/89.0.774.54" 
106.58.233.9 - - [20/Mar/2021:23:17:42 +0800] "OPTIONS /api/v1/survey/section/27964/?sectionId=27964 HTTP/1.1" 200 0 "https://www.luffycity.com/" "Mozilla/5.0 (Windows NT 10.0; Win64; x64) AppleWebKit/537.36 (KHTML, like Gecko) Chrome/89.0.4389.90 Safari/537.36 Edg/89.0.774.54" 
106.58.233.9 - - [20/Mar/2021:23:17:42 +0800] "GET /api/v1/play/sections/?section_id=27964 HTTP/1.1" 200 1989 "https://www.luffycity.com/" "Mozilla/5.0 (Windows NT 10.0; Win64; x64) AppleWebKit/537.36 (KHTML, like Gecko) Chrome/89.0.4389.90 Safari/537.36 Edg/89.0.774.54" 
106.58.233.9 - - [20/Mar/2021:23:17:42 +0800] "GET /api/v1/play/27964/?play_id=27964 HTTP/1.1" 200 444 "https://www.luffycity.com/" "Mozilla/5.0 (Windows NT 10.0; Win64; x64) AppleWebKit/537.36 (KHTML, like Gecko) Chrome/89.0.4389.90 Safari/537.36 Edg/89.0.774.54" 
117.136.55.57, 49.7.6.177 - - [20/Mar/2021:23:17:51 +0800] "POST /api/v1/sms/send/ HTTP/1.1" 200 31 "https://m.luffycity.com/signup" "Mozilla/5.0 (Linux; U; Android 10; zh-CN; SHARK KLE-A0 Build/KLEN2101290CN00MQ4) AppleWebKit/537.36 (KHTML, like Gecko) Version/4.0 Chrome/78.0.3904.108 Quark/4.7.0.168 Mobile Safari/537.36" 
218.88.125.177 - - [20/Mar/2021:23:17:52 +0800] "OPTIONS /api/v1/play/sections/?section_id=19944 HTTP/1.1" 200 0 "https://www.luffycity.com/" "Mozilla/5.0 (Macintosh; Intel Mac OS X 10_15_6) AppleWebKit/605.1.15 (KHTML, like Gecko) Version/14.0.3 Safari/605.1.15" 
218.88.125.177 - - [20/Mar/2021:23:17:52 +0800] "OPTIONS /api/v1/play/19944/?play_id=19944 HTTP/1.1" 200 0 "https://www.luffycity.com/" "Mozilla/5.0 (Macintosh; Intel Mac OS X 10_15_6) AppleWebKit/605.1.15 (KHTML, like Gecko) Version/14.0.3 Safari/605.1.15" 
218.88.125.177 - - [20/Mar/2021:23:17:52 +0800] "GET /api/v1/comment/?section_id=19944&limit=10&offset=0 HTTP/1.1" 200 1207 "https://www.luffycity.com/play/19944" "Mozilla/5.0 (Macintosh; Intel Mac OS X 10_15_6) AppleWebKit/605.1.15 (KHTML, like Gecko) Version/14.0.3 Safari/605.1.15" 
218.88.125.177 - - [20/Mar/2021:23:17:52 +0800] "GET /api/v1/play/sections/?section_id=19944 HTTP/1.1" 200 7459 "https://www.luffycity.com/play/19944" "Mozilla/5.0 (Macintosh; Intel Mac OS X 10_15_6) AppleWebKit/605.1.15 (KHTML, like Gecko) Version/14.0.3 Safari/605.1.15" 
117.136.55.57, 49.7.6.177 - - [20/Mar/2021:23:18:05 +0800] "GET /api/v1/auth/token/ HTTP/1.1" 200 375 "https://m.luffycity.com/signup" "Mozilla/5.0 (Linux; U; Android 10; zh-CN; SHARK KLE-A0 Build/KLEN2101290CN00MQ4) AppleWebKit/537.36 (KHTML, like Gecko) Version/4.0 Chrome/78.0.3904.108 Quark/4.7.0.168 Mobile Safari/537.36" 
180.113.84.246 - - [20/Mar/2021:23:18:17 +0800] "OPTIONS /api/v1/study/degrees/ HTTP/1.1" 200 0 "https://www.luffycity.com/" "Mozilla/5.0 (Windows NT 10.0; Win64; x64) AppleWebKit/537.36 (KHTML, like Gecko) Chrome/89.0.4389.90 Safari/537.36" 
180.113.84.246 - - [20/Mar/2021:23:18:17 +0800] "OPTIONS /api/v1/study/degrees/0/mentor/?degree_id=0 HTTP/1.1" 200 0 "https://www.luffycity.com/" "Mozilla/5.0 (Windows NT 10.0; Win64; x64) AppleWebKit/537.36 (KHTML, like Gecko) Chrome/89.0.4389.90 Safari/537.36" 
180.113.84.246 - - [20/Mar/2021:23:18:17 +0800] "GET /api/v1/study/degrees/ HTTP/1.1" 200 262 "https://www.luffycity.com/" "Mozilla/5.0 (Windows NT 10.0; Win64; x64) AppleWebKit/537.36 (KHTML, like Gecko) Chrome/89.0.4389.90 Safari/537.36" 
180.113.84.246 - - [20/Mar/2021:23:18:17 +0800] "OPTIONS /api/v1/study/degrees/1/?degree_id=1 HTTP/1.1" 200 0 "https://www.luffycity.com/" "Mozilla/5.0 (Windows NT 10.0; Win64; x64) AppleWebKit/537.36 (KHTML, like Gecko) Chrome/89.0.4389.90 Safari/537.36" 
180.113.84.246 - - [20/Mar/2021:23:18:17 +0800] "OPTIONS /api/v1/study/degrees/1/mentor/?degree_id=1 HTTP/1.1" 200 0 "https://www.luffycity.com/" "Mozilla/5.0 (Windows NT 10.0; Win64; x64) AppleWebKit/537.36 (KHTML, like Gecko) Chrome/89.0.4389.90 Safari/537.36" 
180.113.84.246 - - [20/Mar/2021:23:18:18 +0800] "GET /api/v1/study/degrees/1/?degree_id=1 HTTP/1.1" 200 1941 "https://www.luffycity.com/" "Mozilla/5.0 (Windows NT 10.0; Win64; x64) AppleWebKit/537.36 (KHTML, like Gecko) Chrome/89.0.4389.90 Safari/537.36" 
117.136.55.57, 49.7.6.177 - - [20/Mar/2021:23:18:22 +0800] "GET /api/v1/auth/token/ HTTP/1.1" 200 375 "https://m.luffycity.com/account/center/home" "Mozilla/5.0 (Linux; U; Android 10; zh-CN; SHARK KLE-A0 Build/KLEN2101290CN00MQ4) AppleWebKit/537.36 (KHTML, like Gecko) Version/4.0 Chrome/78.0.3904.108 Quark/4.7.0.168 Mobile Safari/537.36" 
183.192.231.172, 39.97.49.232 - - [20/Mar/2021:23:18:23 +0800] "GET /api/v1/result/ HTTP/1.1" 200 231 "https://www.luffycity.com/study/degree" "Mozilla/5.0 (Windows NT 10.0; Win64; x64) AppleWebKit/537.36 (KHTML, like Gecko) Chrome/89.0.4389.90 Safari/537.36 Edg/89.0.774.57" 
183.192.231.172, 39.97.49.232 - - [20/Mar/2021:23:18:23 +0800] "GET /api/v1/course/category/free/?courseType=free HTTP/1.1" 200 174 "https://www.luffycity.com/study/degree" "Mozilla/5.0 (Windows NT 10.0; Win64; x64) AppleWebKit/537.36 (KHTML, like Gecko) Chrome/89.0.4389.90 Safari/537.36 Edg/89.0.774.57" 
117.136.40.230 - - [20/Mar/2021:23:18:27 +0800] "OPTIONS /api/v1/play/20245/?play_id=20245 HTTP/1.1" 200 0 "https://www.luffycity.com/" "Mozilla/5.0 (Windows NT 10.0; WOW64) AppleWebKit/537.36 (KHTML, like Gecko) Chrome/87.0.4280.88 Safari/537.36" 
117.136.40.230 - - [20/Mar/2021:23:18:27 +0800] "OPTIONS /api/v1/survey/section/20245/?sectionId=20245 HTTP/1.1" 200 0 "https://www.luffycity.com/" "Mozilla/5.0 (Windows NT 10.0; WOW64) AppleWebKit/537.36 (KHTML, like Gecko) Chrome/87.0.4280.88 Safari/537.36" 
117.136.40.230 - - [20/Mar/2021:23:18:27 +0800] "GET /api/v1/play/sections/?section_id=20245 HTTP/1.1" 200 18081 "https://www.luffycity.com/" "Mozilla/5.0 (Windows NT 10.0; WOW64) AppleWebKit/537.36 (KHTML, like Gecko) Chrome/87.0.4280.88 Safari/537.36" 
117.136.40.230 - - [20/Mar/2021:23:18:27 +0800] "GET /api/v1/play/20245/?play_id=20245 HTTP/1.1" 200 445 "https://www.luffycity.com/" "Mozilla/5.0 (Windows NT 10.0; WOW64) AppleWebKit/537.36 (KHTML, like Gecko) Chrome/87.0.4280.88 Safari/537.36" 
222.168.224.85 - - [20/Mar/2021:23:18:43 +0800] "OPTIONS /api/v1/survey/section/31618/?sectionId=31618 HTTP/1.1" 200 0 "https://www.luffycity.com/play/31618" "Mozilla/5.0 (Windows NT 10.0; WOW64) AppleWebKit/537.36 (KHTML, like Gecko) Chrome/75.0.3770.100 Safari/537.36" 
222.168.224.85 - - [20/Mar/2021:23:18:44 +0800] "OPTIONS /api/v1/play/sections/?section_id=31627 HTTP/1.1" 200 0 "https://www.luffycity.com/play/31627" "Mozilla/5.0 (Windows NT 10.0; WOW64) AppleWebKit/537.36 (KHTML, like Gecko) Chrome/75.0.3770.100 Safari/537.36" 
222.168.224.85 - - [20/Mar/2021:23:18:44 +0800] "OPTIONS /api/v1/play/31627/?play_id=31627 HTTP/1.1" 200 0 "https://www.luffycity.com/play/31627" "Mozilla/5.0 (Windows NT 10.0; WOW64) AppleWebKit/537.36 (KHTML, like Gecko) Chrome/75.0.3770.100 Safari/537.36" 
222.168.224.85 - - [20/Mar/2021:23:18:44 +0800] "GET /api/v1/survey/section/31627/?sectionId=31627 HTTP/1.1" 200 10 "https://www.luffycity.com/play/31627" "Mozilla/5.0 (Windows NT 10.0; WOW64) AppleWebKit/537.36 (KHTML, like Gecko) Chrome/75.0.3770.100 Safari/537.36" 
