42.236.10.69, 39.97.49.232 - - [20/Mar/2021:13:55:47 +0800] "GET /api/v1/result/ HTTP/1.1" 200 231 "https://www.luffycity.com/free-course/143/detail" "Mozilla/5.0(compatible;MSIE9.0;WindowsNT6.1;Trident/5.0)" 
117.157.163.118 - - [20/Mar/2021:13:55:48 +0800] "OPTIONS /api/v1/activity/camp/ HTTP/1.1" 200 0 "https://www.luffycity.com/" "Mozilla/5.0 (Windows NT 6.1; Win64; x64) AppleWebKit/537.36 (KHTML, like Gecko) Chrome/90.0.4421.5 Safari/537.36" 
117.157.163.118 - - [20/Mar/2021:13:55:51 +0800] "OPTIONS /api/v1/activity/camp/?order_number=338820210320864944 HTTP/1.1" 200 0 "https://www.luffycity.com/" "Mozilla/5.0 (Windows NT 6.1; Win64; x64) AppleWebKit/537.36 (KHTML, like Gecko) Chrome/90.0.4421.5 Safari/537.36" 
117.157.163.118 - - [20/Mar/2021:13:55:54 +0800] "GET /api/v1/activity/camp/?order_number=338820210320864944 HTTP/1.1" 200 29 "https://www.luffycity.com/" "Mozilla/5.0 (Windows NT 6.1; Win64; x64) AppleWebKit/537.36 (KHTML, like Gecko) Chrome/90.0.4421.5 Safari/537.36" 
123.139.7.197, 39.97.49.232 - - [20/Mar/2021:13:55:56 +0800] "GET /api/v1/auth/token/ HTTP/1.1" 200 29 "-" "Mozilla/5.0 (Windows NT 10.0; Win64; x64) AppleWebKit/537.36 (KHTML, like Gecko) Chrome/89.0.4389.90 Safari/537.36 Edg/89.0.774.54" 
123.139.7.197, 39.97.49.232 - - [20/Mar/2021:13:55:56 +0800] "GET /api/v1/result/ HTTP/1.1" 200 231 "-" "Mozilla/5.0 (Windows NT 10.0; Win64; x64) AppleWebKit/537.36 (KHTML, like Gecko) Chrome/89.0.4389.90 Safari/537.36 Edg/89.0.774.54" 
123.139.7.197 - - [20/Mar/2021:13:55:56 +0800] "OPTIONS /api/v1/study/data/ HTTP/1.1" 200 0 "https://www.luffycity.com/" "Mozilla/5.0 (Windows NT 10.0; Win64; x64) AppleWebKit/537.36 (KHTML, like Gecko) Chrome/89.0.4389.90 Safari/537.36 Edg/89.0.774.54" 
123.139.7.197 - - [20/Mar/2021:13:55:56 +0800] "OPTIONS /api/v1/study/degrees/0/mentor/?degree_id=0 HTTP/1.1" 200 0 "https://www.luffycity.com/" "Mozilla/5.0 (Windows NT 10.0; Win64; x64) AppleWebKit/537.36 (KHTML, like Gecko) Chrome/89.0.4389.90 Safari/537.36 Edg/89.0.774.54" 
123.139.7.197 - - [20/Mar/2021:13:55:56 +0800] "GET /api/v1/study/degrees/ HTTP/1.1" 200 64 "https://www.luffycity.com/" "Mozilla/5.0 (Windows NT 10.0; Win64; x64) AppleWebKit/537.36 (KHTML, like Gecko) Chrome/89.0.4389.90 Safari/537.36 Edg/89.0.774.54" 
123.139.7.197 - - [20/Mar/2021:13:55:56 +0800] "GET /api/v1/study/degrees/0/mentor/?degree_id=0 HTTP/1.1" 200 64 "https://www.luffycity.com/" "Mozilla/5.0 (Windows NT 10.0; Win64; x64) AppleWebKit/537.36 (KHTML, like Gecko) Chrome/89.0.4389.90 Safari/537.36 Edg/89.0.774.54" 
106.117.188.207, 39.97.49.232 - - [20/Mar/2021:13:55:57 +0800] "GET /api/v1/auth/token/ HTTP/1.1" 200 29 "https://www.luffycity.com/actual-course/12/detail" "Mozilla/5.0(compatible;MSIE9.0;WindowsNT6.1;Trident/5.0)" 
106.117.188.207, 39.97.49.232 - - [20/Mar/2021:13:55:57 +0800] "GET /api/v1/result/ HTTP/1.1" 200 231 "https://www.luffycity.com/actual-course/12/detail" "Mozilla/5.0(compatible;MSIE9.0;WindowsNT6.1;Trident/5.0)" 
106.117.188.207, 39.97.49.232 - - [20/Mar/2021:13:55:57 +0800] "GET /api/v1/course/actual/12/?courseType=actual&id=12 HTTP/1.1" 200 1157 "https://www.luffycity.com/actual-course/12/detail" "Mozilla/5.0(compatible;MSIE9.0;WindowsNT6.1;Trident/5.0)" 
117.157.163.118 - - [20/Mar/2021:13:55:59 +0800] "GET /api/v1/activity/camp/?order_number=338820210320864944 HTTP/1.1" 200 29 "https://www.luffycity.com/" "Mozilla/5.0 (Windows NT 6.1; Win64; x64) AppleWebKit/537.36 (KHTML, like Gecko) Chrome/90.0.4421.5 Safari/537.36" 
210.83.229.241 - - [20/Mar/2021:13:56:01 +0800] "POST /api/v1/auth/register/?loginWay=password HTTP/1.1" 200 295 "https://www.luffycity.com/free-course/127/detail" "Mozilla/5.0 (Macintosh; Intel Mac OS X 10_14_6) AppleWebKit/537.36 (KHTML, like Gecko) Chrome/88.0.4324.150 Safari/537.36" 
210.83.229.241 - - [20/Mar/2021:13:56:02 +0800] "GET /api/v1/auth/token/ HTTP/1.1" 200 375 "https://www.luffycity.com/free-course/127/detail" "Mozilla/5.0 (Macintosh; Intel Mac OS X 10_14_6) AppleWebKit/537.36 (KHTML, like Gecko) Chrome/88.0.4324.150 Safari/537.36" 
42.236.10.73, 39.97.49.232 - - [20/Mar/2021:13:56:02 +0800] "GET /api/v1/result/ HTTP/1.1" 200 231 "https://www.luffycity.com/employment-course" "Mozilla/5.0(compatible;MSIE9.0;WindowsNT6.1;Trident/5.0)" 
117.157.163.118 - - [20/Mar/2021:13:56:04 +0800] "GET /api/v1/activity/camp/?order_number=338820210320864944 HTTP/1.1" 200 31 "https://www.luffycity.com/" "Mozilla/5.0 (Windows NT 6.1; Win64; x64) AppleWebKit/537.36 (KHTML, like Gecko) Chrome/90.0.4421.5 Safari/537.36" 
210.83.229.241 - - [20/Mar/2021:13:56:09 +0800] "POST /api/v1/pay/create/ HTTP/1.1" 200 88 "https://www.luffycity.com/free-course/127/detail" "Mozilla/5.0 (Macintosh; Intel Mac OS X 10_14_6) AppleWebKit/537.36 (KHTML, like Gecko) Chrome/88.0.4324.150 Safari/537.36" 
210.83.229.241 - - [20/Mar/2021:13:56:09 +0800] "OPTIONS /api/v1/comment/?section_id=14540&limit=10&offset=0 HTTP/1.1" 200 0 "https://www.luffycity.com/play/14540" "Mozilla/5.0 (Macintosh; Intel Mac OS X 10_14_6) AppleWebKit/537.36 (KHTML, like Gecko) Chrome/88.0.4324.150 Safari/537.36" 
210.83.229.241 - - [20/Mar/2021:13:56:09 +0800] "OPTIONS /api/v1/survey/section/14540/?sectionId=14540 HTTP/1.1" 200 0 "https://www.luffycity.com/play/14540" "Mozilla/5.0 (Macintosh; Intel Mac OS X 10_14_6) AppleWebKit/537.36 (KHTML, like Gecko) Chrome/88.0.4324.150 Safari/537.36" 
210.83.229.241 - - [20/Mar/2021:13:56:09 +0800] "GET /api/v1/play/sections/?section_id=14540 HTTP/1.1" 200 1989 "https://www.luffycity.com/play/14540" "Mozilla/5.0 (Macintosh; Intel Mac OS X 10_14_6) AppleWebKit/537.36 (KHTML, like Gecko) Chrome/88.0.4324.150 Safari/537.36" 
210.83.229.241 - - [20/Mar/2021:13:56:10 +0800] "GET /api/v1/play/14540/?play_id=14540 HTTP/1.1" 200 379 "https://www.luffycity.com/play/14540" "Mozilla/5.0 (Macintosh; Intel Mac OS X 10_14_6) AppleWebKit/537.36 (KHTML, like Gecko) Chrome/88.0.4324.150 Safari/537.36" 
101.126.219.121, 39.97.49.232 - - [20/Mar/2021:13:56:22 +0800] "GET /api/v1/index/banner/ HTTP/1.1" 200 382 "-" "Mozilla/5.0 (Windows NT 10.0; Win64; x64) AppleWebKit/537.36 (KHTML, like Gecko) Chrome/89.0.4389.90 Safari/537.36" 
101.126.219.121 - - [20/Mar/2021:13:56:23 +0800] "OPTIONS /api/v1/result/enroll/?resultType=enroll&limit=2 HTTP/1.1" 200 0 "https://www.luffycity.com/" "Mozilla/5.0 (Windows NT 10.0; Win64; x64) AppleWebKit/537.36 (KHTML, like Gecko) Chrome/89.0.4389.90 Safari/537.36" 
101.126.219.121 - - [20/Mar/2021:13:56:37 +0800] "OPTIONS /api/v1/auth/wechat/ HTTP/1.1" 200 0 "https://www.luffycity.com/" "Mozilla/5.0 (Windows NT 10.0; Win64; x64) AppleWebKit/537.36 (KHTML, like Gecko) Chrome/89.0.4389.90 Safari/537.36" 
117.157.163.118 - - [20/Mar/2021:13:56:50 +0800] "OPTIONS /api/v1/study/courses/?selected_id=252 HTTP/1.1" 200 0 "https://www.luffycity.com/" "Mozilla/5.0 (Windows NT 6.1; Win64; x64) AppleWebKit/537.36 (KHTML, like Gecko) Chrome/90.0.4421.5 Safari/537.36" 
117.157.163.118 - - [20/Mar/2021:13:56:50 +0800] "OPTIONS /api/v1/study/degrees/0/mentor/?degree_id=0 HTTP/1.1" 200 0 "https://www.luffycity.com/" "Mozilla/5.0 (Windows NT 6.1; Win64; x64) AppleWebKit/537.36 (KHTML, like Gecko) Chrome/90.0.4421.5 Safari/537.36" 
117.157.163.118 - - [20/Mar/2021:13:56:50 +0800] "GET /api/v1/study/data/ HTTP/1.1" 200 100 "https://www.luffycity.com/" "Mozilla/5.0 (Windows NT 6.1; Win64; x64) AppleWebKit/537.36 (KHTML, like Gecko) Chrome/90.0.4421.5 Safari/537.36" 
117.157.163.118 - - [20/Mar/2021:13:56:50 +0800] "OPTIONS /api/v1/study/module/actual/52102/?courseType=actual&id=52102 HTTP/1.1" 200 0 "https://www.luffycity.com/" "Mozilla/5.0 (Windows NT 6.1; Win64; x64) AppleWebKit/537.36 (KHTML, like Gecko) Chrome/90.0.4421.5 Safari/537.36" 
123.119.151.248, 39.97.49.232 - - [20/Mar/2021:13:56:50 +0800] "GET /api/v1/auth/token/ HTTP/1.1" 200 399 "-" "Mozilla/5.0 (Windows NT 10.0; Win64; x64) AppleWebKit/537.36 (KHTML, like Gecko) Chrome/89.0.4389.90 Safari/537.36" 
117.164.170.236 - - [20/Mar/2021:13:56:51 +0800] "POST /api/v1/auth/password/login/?loginWay=password HTTP/1.1" 200 274 "https://www.luffycity.com/" "Mozilla/5.0 (Windows NT 10.0; Win64; x64) AppleWebKit/537.36 (KHTML, like Gecko) Chrome/89.0.4389.82 Safari/537.36" 
117.164.170.236 - - [20/Mar/2021:13:56:51 +0800] "GET /api/v1/auth/token/ HTTP/1.1" 200 385 "https://www.luffycity.com/" "Mozilla/5.0 (Windows NT 10.0; Win64; x64) AppleWebKit/537.36 (KHTML, like Gecko) Chrome/89.0.4389.82 Safari/537.36" 
123.119.151.248 - - [20/Mar/2021:13:56:51 +0800] "OPTIONS /api/v1/play/sections/?section_id=30500 HTTP/1.1" 200 0 "https://www.luffycity.com/" "Mozilla/5.0 (Windows NT 10.0; Win64; x64) AppleWebKit/537.36 (KHTML, like Gecko) Chrome/89.0.4389.90 Safari/537.36" 
123.119.151.248 - - [20/Mar/2021:13:56:51 +0800] "OPTIONS /api/v1/play/30500/?play_id=30500 HTTP/1.1" 200 0 "https://www.luffycity.com/" "Mozilla/5.0 (Windows NT 10.0; Win64; x64) AppleWebKit/537.36 (KHTML, like Gecko) Chrome/89.0.4389.90 Safari/537.36" 
123.119.151.248 - - [20/Mar/2021:13:56:51 +0800] "GET /api/v1/comment/?section_id=30500&limit=10&offset=0 HTTP/1.1" 200 69 "https://www.luffycity.com/" "Mozilla/5.0 (Windows NT 10.0; Win64; x64) AppleWebKit/537.36 (KHTML, like Gecko) Chrome/89.0.4389.90 Safari/537.36" 
123.119.151.248 - - [20/Mar/2021:13:56:51 +0800] "GET /api/v1/play/30500/?play_id=30500 HTTP/1.1" 200 430 "https://www.luffycity.com/" "Mozilla/5.0 (Windows NT 10.0; Win64; x64) AppleWebKit/537.36 (KHTML, like Gecko) Chrome/89.0.4389.90 Safari/537.36" 
101.126.219.121, 39.97.49.232 - - [20/Mar/2021:13:57:01 +0800] "GET /api/v1/auth/token/ HTTP/1.1" 200 29 "https://open.weixin.qq.com/" "Mozilla/5.0 (Windows NT 10.0; Win64; x64) AppleWebKit/537.36 (KHTML, like Gecko) Chrome/89.0.4389.90 Safari/537.36" 
101.126.219.121 - - [20/Mar/2021:13:57:02 +0800] "POST /api/v1/auth/wechat/ HTTP/1.1" 200 289 "https://www.luffycity.com/" "Mozilla/5.0 (Windows NT 10.0; Win64; x64) AppleWebKit/537.36 (KHTML, like Gecko) Chrome/89.0.4389.90 Safari/537.36" 
101.126.219.121 - - [20/Mar/2021:13:57:02 +0800] "GET /api/v1/auth/token/ HTTP/1.1" 200 390 "https://www.luffycity.com/" "Mozilla/5.0 (Windows NT 10.0; Win64; x64) AppleWebKit/537.36 (KHTML, like Gecko) Chrome/89.0.4389.90 Safari/537.36" 
42.249.16.210 - - [20/Mar/2021:13:57:04 +0800] "GET /api/v1/play/sections/?section_id=2923 HTTP/1.1" 200 5468 "https://www.luffycity.com/" "Mozilla/5.0 (Windows NT 10.0; Win64; x64) AppleWebKit/537.36 (KHTML, like Gecko) Chrome/89.0.4389.82 Safari/537.36 Edg/89.0.774.50" 
42.249.16.210 - - [20/Mar/2021:13:57:05 +0800] "GET /api/v1/play/2923/?play_id=2923 HTTP/1.1" 200 462 "https://www.luffycity.com/" "Mozilla/5.0 (Windows NT 10.0; Win64; x64) AppleWebKit/537.36 (KHTML, like Gecko) Chrome/89.0.4389.82 Safari/537.36 Edg/89.0.774.50" 
117.164.170.236 - - [20/Mar/2021:13:57:15 +0800] "OPTIONS /api/v1/study/data/ HTTP/1.1" 200 0 "https://www.luffycity.com/" "Mozilla/5.0 (Windows NT 10.0; Win64; x64) AppleWebKit/537.36 (KHTML, like Gecko) Chrome/89.0.4389.82 Safari/537.36" 
117.164.170.236 - - [20/Mar/2021:13:57:15 +0800] "GET /api/v1/study/degrees/0/mentor/?degree_id=0 HTTP/1.1" 200 137 "https://www.luffycity.com/" "Mozilla/5.0 (Windows NT 10.0; Win64; x64) AppleWebKit/537.36 (KHTML, like Gecko) Chrome/89.0.4389.82 Safari/537.36" 
117.164.170.236 - - [20/Mar/2021:13:57:16 +0800] "GET /api/v1/study/degrees/ HTTP/1.1" 200 276 "https://www.luffycity.com/" "Mozilla/5.0 (Windows NT 10.0; Win64; x64) AppleWebKit/537.36 (KHTML, like Gecko) Chrome/89.0.4389.82 Safari/537.36" 
117.164.170.236 - - [20/Mar/2021:13:57:16 +0800] "OPTIONS /api/v1/study/data/?degree_id=2 HTTP/1.1" 200 0 "https://www.luffycity.com/" "Mozilla/5.0 (Windows NT 10.0; Win64; x64) AppleWebKit/537.36 (KHTML, like Gecko) Chrome/89.0.4389.82 Safari/537.36" 
117.164.170.236 - - [20/Mar/2021:13:57:16 +0800] "GET /api/v1/study/degrees/2/mentor/?degree_id=2 HTTP/1.1" 200 230 "https://www.luffycity.com/" "Mozilla/5.0 (Windows NT 10.0; Win64; x64) AppleWebKit/537.36 (KHTML, like Gecko) Chrome/89.0.4389.82 Safari/537.36" 
117.164.170.236 - - [20/Mar/2021:13:57:16 +0800] "GET /api/v1/study/degrees/2/?degree_id=2 HTTP/1.1" 200 1430 "https://www.luffycity.com/" "Mozilla/5.0 (Windows NT 10.0; Win64; x64) AppleWebKit/537.36 (KHTML, like Gecko) Chrome/89.0.4389.82 Safari/537.36" 
36.112.184.67 - - [20/Mar/2021:13:57:22 +0800] "GET /api/v1/play/13890/?play_id=13890 HTTP/1.1" 200 390 "https://m.luffycity.com/play/13890" "Mozilla/5.0 (iPhone; CPU iPhone OS 14_3 like Mac OS X) AppleWebKit/605.1.15 (KHTML, like Gecko) Version/14.0.2 Mobile/15E148 Safari/604.1" 
117.157.163.118 - - [20/Mar/2021:13:57:27 +0800] "GET /api/v1/index/search/?words=Python HTTP/1.1" 200 13627 "https://www.luffycity.com/" "Mozilla/5.0 (Windows NT 6.1; Win64; x64) AppleWebKit/537.36 (KHTML, like Gecko) Chrome/90.0.4421.5 Safari/537.36" 
123.98.50.69, 39.97.49.232 - - [20/Mar/2021:13:57:59 +0800] "GET /api/v1/auth/token/ HTTP/1.1" 200 402 "https://www.luffycity.com/study/degree" "Mozilla/5.0 (Windows NT 6.1; Win64; x64; rv:84.0) Gecko/20100101 Firefox/84.0" 
123.98.50.69 - - [20/Mar/2021:13:58:03 +0800] "OPTIONS /api/v1/course/degree/3/?courseType=degree&id=3 HTTP/1.1" 200 0 "https://www.luffycity.com/employment-course" "Mozilla/5.0 (Windows NT 6.1; Win64; x64; rv:84.0) Gecko/20100101 Firefox/84.0" 
123.98.50.69 - - [20/Mar/2021:13:58:09 +0800] "OPTIONS /api/v1/course/degree/3/sections/?courseType=degree&id=3 HTTP/1.1" 200 0 "https://www.luffycity.com/employment-course/3/chapter" "Mozilla/5.0 (Windows NT 6.1; Win64; x64; rv:84.0) Gecko/20100101 Firefox/84.0" 
123.98.50.69 - - [20/Mar/2021:13:58:09 +0800] "GET /api/v1/course/degree/3/sections/?courseType=degree&id=3 HTTP/1.1" 200 10822 "https://www.luffycity.com/employment-course/3/chapter" "Mozilla/5.0 (Windows NT 6.1; Win64; x64; rv:84.0) Gecko/20100101 Firefox/84.0" 
125.70.59.26 - - [20/Mar/2021:13:58:13 +0800] "OPTIONS /api/v1/survey/section/11736/?sectionId=11736 HTTP/1.1" 200 0 "https://www.luffycity.com/" "Mozilla/5.0 (Windows NT 10.0; Win64; x64) AppleWebKit/537.36 (KHTML, like Gecko) Chrome/89.0.4389.90 Safari/537.36" 
125.70.59.26 - - [20/Mar/2021:13:58:13 +0800] "OPTIONS /api/v1/comment/?section_id=11736&limit=10&offset=0 HTTP/1.1" 200 0 "https://www.luffycity.com/" "Mozilla/5.0 (Windows NT 10.0; Win64; x64) AppleWebKit/537.36 (KHTML, like Gecko) Chrome/89.0.4389.90 Safari/537.36" 
125.70.59.26 - - [20/Mar/2021:13:58:13 +0800] "GET /api/v1/comment/?section_id=11736&limit=10&offset=0 HTTP/1.1" 200 1702 "https://www.luffycity.com/" "Mozilla/5.0 (Windows NT 10.0; Win64; x64) AppleWebKit/537.36 (KHTML, like Gecko) Chrome/89.0.4389.90 Safari/537.36" 
125.70.59.26 - - [20/Mar/2021:13:58:13 +0800] "GET /api/v1/play/11736/?play_id=11736 HTTP/1.1" 200 393 "https://www.luffycity.com/" "Mozilla/5.0 (Windows NT 10.0; Win64; x64) AppleWebKit/537.36 (KHTML, like Gecko) Chrome/89.0.4389.90 Safari/537.36" 
117.164.170.236 - - [20/Mar/2021:13:58:20 +0800] "OPTIONS /api/v1/comment/?section_id=3280&limit=10&offset=0 HTTP/1.1" 200 0 "https://www.luffycity.com/" "Mozilla/5.0 (Windows NT 10.0; Win64; x64) AppleWebKit/537.36 (KHTML, like Gecko) Chrome/89.0.4389.82 Safari/537.36" 
117.164.170.236 - - [20/Mar/2021:13:58:20 +0800] "OPTIONS /api/v1/survey/section/3280/?sectionId=3280 HTTP/1.1" 200 0 "https://www.luffycity.com/" "Mozilla/5.0 (Windows NT 10.0; Win64; x64) AppleWebKit/537.36 (KHTML, like Gecko) Chrome/89.0.4389.82 Safari/537.36" 
117.164.170.236 - - [20/Mar/2021:13:58:21 +0800] "GET /api/v1/survey/section/3280/?sectionId=3280 HTTP/1.1" 200 10 "https://www.luffycity.com/" "Mozilla/5.0 (Windows NT 10.0; Win64; x64) AppleWebKit/537.36 (KHTML, like Gecko) Chrome/89.0.4389.82 Safari/537.36" 
117.164.170.236 - - [20/Mar/2021:13:58:21 +0800] "GET /api/v1/comment/?section_id=3280&limit=10&offset=0 HTTP/1.1" 200 1320 "https://www.luffycity.com/" "Mozilla/5.0 (Windows NT 10.0; Win64; x64) AppleWebKit/537.36 (KHTML, like Gecko) Chrome/89.0.4389.82 Safari/537.36" 
116.179.32.91, 39.97.49.232 - - [20/Mar/2021:13:58:22 +0800] "GET /api/v1/auth/token/ HTTP/1.1" 200 29 "-" "Mozilla/5.0 (compatible; Baiduspider/2.0; +http://www.baidu.com/search/spider.html)" 
220.181.108.86, 39.97.49.232 - - [20/Mar/2021:13:58:22 +0800] "GET /api/v1/auth/token/ HTTP/1.1" 200 29 "-" "Mozilla/5.0 (compatible; Baiduspider/2.0; +http://www.baidu.com/search/spider.html)" 
220.181.108.115, 39.97.49.232 - - [20/Mar/2021:13:58:22 +0800] "GET /api/v1/auth/token/ HTTP/1.1" 200 29 "-" "Mozilla/5.0 (compatible; Baiduspider/2.0; +http://www.baidu.com/search/spider.html)" 
220.181.108.86, 39.97.49.232 - - [20/Mar/2021:13:58:22 +0800] "GET /api/v1/result/ HTTP/1.1" 200 231 "-" "Mozilla/5.0 (compatible; Baiduspider/2.0; +http://www.baidu.com/search/spider.html)" 
220.181.108.115, 39.97.49.232 - - [20/Mar/2021:13:58:22 +0800] "GET /api/v1/result/ HTTP/1.1" 200 231 "-" "Mozilla/5.0 (compatible; Baiduspider/2.0; +http://www.baidu.com/search/spider.html)" 
116.179.32.91, 39.97.49.232 - - [20/Mar/2021:13:58:22 +0800] "GET /api/v1/course/actual/208/?courseType=actual&id=208 HTTP/1.1" 200 1359 "-" "Mozilla/5.0 (compatible; Baiduspider/2.0; +http://www.baidu.com/search/spider.html)" 
220.181.108.115, 39.97.49.232 - - [20/Mar/2021:13:58:22 +0800] "GET /api/v1/course/degree/ HTTP/1.1" 200 949 "-" "Mozilla/5.0 (compatible; Baiduspider/2.0; +http://www.baidu.com/search/spider.html)" 
111.206.221.44 - - [20/Mar/2021:13:58:23 +0800] "OPTIONS /api/v1/result/enroll/?resultType=enroll&limit=2 HTTP/1.1" 200 0 "https://www.luffycity.com/?source=iyunv" "Mozilla/5.0 (iPhone; CPU iPhone OS 9_1 like Mac OS X) AppleWebKit/601.1.46 (KHTML, like Gecko) Version/9.0 Mobile/13B143 Safari/601.1 (compatible; Baiduspider-render/2.0; +http://www.baidu.com/search/spider.html)" 
111.206.198.6 - - [20/Mar/2021:13:58:26 +0800] "OPTIONS /api/v1/media/play/fd0edb8dbc9f40f88b947a643c779fa3/?suffix=fd0edb8dbc9f40f88b947a643c779fa3 HTTP/1.1" 200 0 "https://www.luffycity.com/actual-course/208/detail" "Mozilla/5.0 (compatible; Baiduspider-render/2.0; +http://www.baidu.com/search/spider.html)" 
111.206.221.84 - - [20/Mar/2021:13:58:27 +0800] "GET /api/v1/course/actual/208/payment/?courseType=actual&id=208 HTTP/1.1" 200 248 "https://www.luffycity.com/actual-course/208/detail" "Mozilla/5.0 (compatible; Baiduspider-render/2.0; +http://www.baidu.com/search/spider.html)" 
111.206.198.28 - - [20/Mar/2021:13:58:29 +0800] "OPTIONS /api/v1/course/actual/208/payment/?courseType=actual&id=208 HTTP/1.1" 200 0 "https://www.luffycity.com/actual-course/208/detail" "Mozilla/5.0 (iPhone; CPU iPhone OS 9_1 like Mac OS X) AppleWebKit/601.1.46 (KHTML, like Gecko) Version/9.0 Mobile/13B143 Safari/601.1 (compatible; Baiduspider-render/2.0; +http://www.baidu.com/search/spider.html)" 
49.234.195.166 - - [20/Mar/2021:13:58:45 +0800] "POST /api/v1/pay/xiaoe/ HTTP/1.1" 200 7 "-" "-" 
117.157.163.118, 39.97.49.232 - - [20/Mar/2021:13:58:52 +0800] "GET /api/v1/auth/token/ HTTP/1.1" 200 390 "https://www.luffycity.com/search?words=Python" "Mozilla/5.0 (Windows NT 6.1; Win64; x64) AppleWebKit/537.36 (KHTML, like Gecko) Chrome/90.0.4421.5 Safari/537.36" 
117.157.163.118, 39.97.49.232 - - [20/Mar/2021:13:58:53 +0800] "GET /api/v1/course/degree/1/?courseType=degree&id=1 HTTP/1.1" 200 711 "https://www.luffycity.com/search?words=Python" "Mozilla/5.0 (Windows NT 6.1; Win64; x64) AppleWebKit/537.36 (KHTML, like Gecko) Chrome/90.0.4421.5 Safari/537.36" 
185.191.171.10, 39.97.49.232 - - [20/Mar/2021:13:59:00 +0800] "GET /api/v1/result/ HTTP/1.1" 200 231 "-" "Mozilla/5.0 (compatible; SemrushBot/7~bl; +http://www.semrush.com/bot.html)" 
117.164.170.236 - - [20/Mar/2021:13:59:28 +0800] "GET /api/v1/study/degrees/0/mentor/?degree_id=0 HTTP/1.1" 200 137 "https://www.luffycity.com/" "Mozilla/5.0 (Windows NT 10.0; Win64; x64) AppleWebKit/537.36 (KHTML, like Gecko) Chrome/89.0.4389.82 Safari/537.36" 
117.164.170.236 - - [20/Mar/2021:13:59:28 +0800] "GET /api/v1/study/degrees/ HTTP/1.1" 200 276 "https://www.luffycity.com/" "Mozilla/5.0 (Windows NT 10.0; Win64; x64) AppleWebKit/537.36 (KHTML, like Gecko) Chrome/89.0.4389.82 Safari/537.36" 
117.164.170.236 - - [20/Mar/2021:13:59:28 +0800] "GET /api/v1/study/data/?degree_id=2 HTTP/1.1" 200 111 "https://www.luffycity.com/" "Mozilla/5.0 (Windows NT 10.0; Win64; x64) AppleWebKit/537.36 (KHTML, like Gecko) Chrome/89.0.4389.82 Safari/537.36" 
117.164.170.236 - - [20/Mar/2021:13:59:31 +0800] "OPTIONS /api/v1/play/sections/?section_id=30780 HTTP/1.1" 200 0 "https://www.luffycity.com/" "Mozilla/5.0 (Windows NT 10.0; Win64; x64) AppleWebKit/537.36 (KHTML, like Gecko) Chrome/89.0.4389.82 Safari/537.36" 
117.164.170.236 - - [20/Mar/2021:13:59:31 +0800] "OPTIONS /api/v1/play/30780/?play_id=30780 HTTP/1.1" 200 0 "https://www.luffycity.com/" "Mozilla/5.0 (Windows NT 10.0; Win64; x64) AppleWebKit/537.36 (KHTML, like Gecko) Chrome/89.0.4389.82 Safari/537.36" 
117.164.170.236 - - [20/Mar/2021:13:59:31 +0800] "GET /api/v1/play/sections/?section_id=30780 HTTP/1.1" 200 5867 "https://www.luffycity.com/" "Mozilla/5.0 (Windows NT 10.0; Win64; x64) AppleWebKit/537.36 (KHTML, like Gecko) Chrome/89.0.4389.82 Safari/537.36" 
117.164.170.236 - - [20/Mar/2021:13:59:31 +0800] "GET /api/v1/play/30780/?play_id=30780 HTTP/1.1" 200 404 "https://www.luffycity.com/" "Mozilla/5.0 (Windows NT 10.0; Win64; x64) AppleWebKit/537.36 (KHTML, like Gecko) Chrome/89.0.4389.82 Safari/537.36" 
118.212.206.142, 39.97.49.232 - - [20/Mar/2021:13:59:44 +0800] "GET /api/v1/index/banner/ HTTP/1.1" 200 382 "-" "Mozilla/5.0 (Windows NT 10.0; Win64; x64) AppleWebKit/537.36 (KHTML, like Gecko) Chrome/89.0.4389.90 Safari/537.36" 
118.212.206.142, 39.97.49.232 - - [20/Mar/2021:13:59:44 +0800] "GET /api/v1/course/actual/?limit=3 HTTP/1.1" 200 2342 "-" "Mozilla/5.0 (Windows NT 10.0; Win64; x64) AppleWebKit/537.36 (KHTML, like Gecko) Chrome/89.0.4389.90 Safari/537.36" 
118.212.206.142, 39.97.49.232 - - [20/Mar/2021:13:59:44 +0800] "GET /api/v1/course/degree/ HTTP/1.1" 200 949 "-" "Mozilla/5.0 (Windows NT 10.0; Win64; x64) AppleWebKit/537.36 (KHTML, like Gecko) Chrome/89.0.4389.90 Safari/537.36" 
118.212.206.142, 39.97.49.232 - - [20/Mar/2021:13:59:45 +0800] "GET /api/v1/course/home-free/?limit=3 HTTP/1.1" 200 865 "-" "Mozilla/5.0 (Windows NT 10.0; Win64; x64) AppleWebKit/537.36 (KHTML, like Gecko) Chrome/89.0.4389.90 Safari/537.36" 
118.212.206.142 - - [20/Mar/2021:13:59:46 +0800] "GET /api/v1/result/enroll/?resultType=enroll&limit=2 HTTP/1.1" 200 1878 "https://www.luffycity.com/" "Mozilla/5.0 (Windows NT 10.0; Win64; x64) AppleWebKit/537.36 (KHTML, like Gecko) Chrome/89.0.4389.90 Safari/537.36" 
60.186.192.233 - - [20/Mar/2021:13:59:48 +0800] "OPTIONS /api/v1/course/free/124/?courseType=free&id=124 HTTP/1.1" 200 0 "https://www.luffycity.com/" "Mozilla/5.0 (Macintosh; Intel Mac OS X 11_2_1) AppleWebKit/537.36 (KHTML, like Gecko) Chrome/88.0.4324.150 Safari/537.36" 
118.212.206.142 - - [20/Mar/2021:13:59:50 +0800] "GET /api/v1/auth/wechat/ HTTP/1.1" 200 232 "https://www.luffycity.com/" "Mozilla/5.0 (Windows NT 10.0; Win64; x64) AppleWebKit/537.36 (KHTML, like Gecko) Chrome/89.0.4389.90 Safari/537.36" 
60.186.192.233, 39.97.49.232 - - [20/Mar/2021:13:59:53 +0800] "GET /api/v1/auth/token/ HTTP/1.1" 200 64 "https://www.luffycity.com/free-course/124/detail" "Mozilla/5.0 (Macintosh; Intel Mac OS X 11_2_1) AppleWebKit/537.36 (KHTML, like Gecko) Chrome/88.0.4324.150 Safari/537.36" 
60.186.192.233, 39.97.49.232 - - [20/Mar/2021:13:59:53 +0800] "GET /api/v1/course/category/free/?courseType=free HTTP/1.1" 200 174 "https://www.luffycity.com/free-course/124/detail" "Mozilla/5.0 (Macintosh; Intel Mac OS X 11_2_1) AppleWebKit/537.36 (KHTML, like Gecko) Chrome/88.0.4324.150 Safari/537.36" 
60.186.192.233, 39.97.49.232 - - [20/Mar/2021:13:59:54 +0800] "GET /api/v1/course/free/ HTTP/1.1" 200 1895 "https://www.luffycity.com/free-course/124/detail" "Mozilla/5.0 (Macintosh; Intel Mac OS X 11_2_1) AppleWebKit/537.36 (KHTML, like Gecko) Chrome/88.0.4324.150 Safari/537.36" 
140.206.195.44 - - [20/Mar/2021:13:59:56 +0800] "OPTIONS /api/v1/play/19432/?play_id=19432 HTTP/1.1" 200 0 "https://www.luffycity.com/play/19432" "Mozilla/5.0 (Windows NT 10.0; WOW64) AppleWebKit/537.36 (KHTML, like Gecko) Chrome/78.0.3904.108 Safari/537.36" 
140.206.195.44 - - [20/Mar/2021:13:59:56 +0800] "OPTIONS /api/v1/play/sections/?section_id=19432 HTTP/1.1" 200 0 "https://www.luffycity.com/play/19432" "Mozilla/5.0 (Windows NT 10.0; WOW64) AppleWebKit/537.36 (KHTML, like Gecko) Chrome/78.0.3904.108 Safari/537.36" 
140.206.195.44 - - [20/Mar/2021:13:59:56 +0800] "GET /api/v1/comment/?section_id=19432&limit=10&offset=0 HTTP/1.1" 200 1801 "https://www.luffycity.com/play/19432" "Mozilla/5.0 (Windows NT 10.0; WOW64) AppleWebKit/537.36 (KHTML, like Gecko) Chrome/78.0.3904.108 Safari/537.36" 
140.206.195.44 - - [20/Mar/2021:13:59:56 +0800] "GET /api/v1/play/19432/?play_id=19432 HTTP/1.1" 200 409 "https://www.luffycity.com/play/19432" "Mozilla/5.0 (Windows NT 10.0; WOW64) AppleWebKit/537.36 (KHTML, like Gecko) Chrome/78.0.3904.108 Safari/537.36" 
112.0.211.141 - - [20/Mar/2021:13:59:59 +0800] "OPTIONS /api/v1/play/26786/?play_id=26786 HTTP/1.1" 200 0 "-" "Mozilla/5.0 (Windows NT 10.0; WOW64) AppleWebKit/537.36 (KHTML, like Gecko) Chrome/65.0.3325.181 Safari/537.36" 
112.0.211.141 - - [20/Mar/2021:13:59:59 +0800] "OPTIONS /api/v1/comment/?section_id=26786&limit=10&offset=0 HTTP/1.1" 200 0 "-" "Mozilla/5.0 (Windows NT 10.0; WOW64) AppleWebKit/537.36 (KHTML, like Gecko) Chrome/65.0.3325.181 Safari/537.36" 
112.0.211.141 - - [20/Mar/2021:13:59:59 +0800] "GET /api/v1/play/sections/?section_id=26786 HTTP/1.1" 200 3517 "https://www.luffycity.com/play/26786" "Mozilla/5.0 (Windows NT 10.0; WOW64) AppleWebKit/537.36 (KHTML, like Gecko) Chrome/65.0.3325.181 Safari/537.36" 
112.0.211.141 - - [20/Mar/2021:14:00:00 +0800] "GET /api/v1/play/26786/?play_id=26786 HTTP/1.1" 200 409 "https://www.luffycity.com/play/26786" "Mozilla/5.0 (Windows NT 10.0; WOW64) AppleWebKit/537.36 (KHTML, like Gecko) Chrome/65.0.3325.181 Safari/537.36" 
60.186.192.233 - - [20/Mar/2021:14:00:03 +0800] "OPTIONS /api/v1/course/free/125/?courseType=free&id=125 HTTP/1.1" 200 0 "https://www.luffycity.com/" "Mozilla/5.0 (Macintosh; Intel Mac OS X 11_2_1) AppleWebKit/537.36 (KHTML, like Gecko) Chrome/88.0.4324.150 Safari/537.36" 
60.186.192.233 - - [20/Mar/2021:14:00:04 +0800] "OPTIONS /api/v1/course/free/125/sections/?courseType=free&id=125 HTTP/1.1" 200 0 "https://www.luffycity.com/" "Mozilla/5.0 (Macintosh; Intel Mac OS X 11_2_1) AppleWebKit/537.36 (KHTML, like Gecko) Chrome/88.0.4324.150 Safari/537.36" 
60.186.192.233 - - [20/Mar/2021:14:00:06 +0800] "OPTIONS /api/v1/auth/wechat/ HTTP/1.1" 200 0 "https://www.luffycity.com/" "Mozilla/5.0 (Macintosh; Intel Mac OS X 11_2_1) AppleWebKit/537.36 (KHTML, like Gecko) Chrome/88.0.4324.150 Safari/537.36" 
118.212.206.142 - - [20/Mar/2021:14:00:09 +0800] "OPTIONS /api/v1/auth/token/ HTTP/1.1" 200 0 "https://www.luffycity.com/" "Mozilla/5.0 (Windows NT 10.0; Win64; x64) AppleWebKit/537.36 (KHTML, like Gecko) Chrome/89.0.4389.90 Safari/537.36" 
118.212.206.142 - - [20/Mar/2021:14:00:14 +0800] "OPTIONS /api/v1/pay/cart/ HTTP/1.1" 200 0 "https://www.luffycity.com/" "Mozilla/5.0 (Windows NT 10.0; Win64; x64) AppleWebKit/537.36 (KHTML, like Gecko) Chrome/89.0.4389.90 Safari/537.36" 
112.32.14.33 - - [20/Mar/2021:14:00:16 +0800] "OPTIONS /api/v1/comment/?section_id=14428&limit=10&offset=0 HTTP/1.1" 200 0 "https://www.luffycity.com/" "Mozilla/5.0 (Windows NT 10.0; Win64; x64) AppleWebKit/537.36 (KHTML, like Gecko) Chrome/91.0.4442.4 Safari/537.36" 
112.32.14.33 - - [20/Mar/2021:14:00:16 +0800] "OPTIONS /api/v1/survey/section/14428/?sectionId=14428 HTTP/1.1" 200 0 "https://www.luffycity.com/" "Mozilla/5.0 (Windows NT 10.0; Win64; x64) AppleWebKit/537.36 (KHTML, like Gecko) Chrome/91.0.4442.4 Safari/537.36" 
112.32.14.33 - - [20/Mar/2021:14:00:16 +0800] "GET /api/v1/survey/section/14428/?sectionId=14428 HTTP/1.1" 200 10 "https://www.luffycity.com/" "Mozilla/5.0 (Windows NT 10.0; Win64; x64) AppleWebKit/537.36 (KHTML, like Gecko) Chrome/91.0.4442.4 Safari/537.36" 
112.32.14.33 - - [20/Mar/2021:14:00:16 +0800] "GET /api/v1/comment/?section_id=14428&limit=10&offset=0 HTTP/1.1" 200 1756 "https://www.luffycity.com/" "Mozilla/5.0 (Windows NT 10.0; Win64; x64) AppleWebKit/537.36 (KHTML, like Gecko) Chrome/91.0.4442.4 Safari/537.36" 
211.138.116.153 - - [20/Mar/2021:14:00:16 +0800] "OPTIONS /api/v1/play/sections/?section_id=26617 HTTP/1.1" 200 0 "https://www.luffycity.com/" "Mozilla/5.0 (Windows NT 10.0) AppleWebKit/537.36 (KHTML, like Gecko) Chrome/86.0.4240.111 Safari/537.36" 
211.138.116.153 - - [20/Mar/2021:14:00:16 +0800] "OPTIONS /api/v1/survey/section/26617/?sectionId=26617 HTTP/1.1" 200 0 "https://www.luffycity.com/" "Mozilla/5.0 (Windows NT 10.0) AppleWebKit/537.36 (KHTML, like Gecko) Chrome/86.0.4240.111 Safari/537.36" 
211.138.116.153 - - [20/Mar/2021:14:00:16 +0800] "GET /api/v1/survey/section/26617/?sectionId=26617 HTTP/1.1" 200 10 "https://www.luffycity.com/" "Mozilla/5.0 (Windows NT 10.0) AppleWebKit/537.36 (KHTML, like Gecko) Chrome/86.0.4240.111 Safari/537.36" 
211.138.116.153 - - [20/Mar/2021:14:00:16 +0800] "GET /api/v1/comment/?section_id=26617&limit=10&offset=0 HTTP/1.1" 200 922 "https://www.luffycity.com/" "Mozilla/5.0 (Windows NT 10.0) AppleWebKit/537.36 (KHTML, like Gecko) Chrome/86.0.4240.111 Safari/537.36" 
118.212.206.142 - - [20/Mar/2021:14:00:17 +0800] "OPTIONS /api/v1/account/order/product/?limit=10&offset=0 HTTP/1.1" 200 0 "https://www.luffycity.com/" "Mozilla/5.0 (Windows NT 10.0; Win64; x64) AppleWebKit/537.36 (KHTML, like Gecko) Chrome/89.0.4389.90 Safari/537.36" 
118.212.206.142 - - [20/Mar/2021:14:00:17 +0800] "GET /api/v1/account/order/product/?limit=10&offset=0 HTTP/1.1" 200 69 "https://www.luffycity.com/" "Mozilla/5.0 (Windows NT 10.0; Win64; x64) AppleWebKit/537.36 (KHTML, like Gecko) Chrome/89.0.4389.90 Safari/537.36" 
60.186.192.233, 39.97.49.232 - - [20/Mar/2021:14:00:21 +0800] "GET /api/v1/auth/token/ HTTP/1.1" 200 64 "https://open.weixin.qq.com/" "Mozilla/5.0 (Macintosh; Intel Mac OS X 11_2_1) AppleWebKit/537.36 (KHTML, like Gecko) Chrome/88.0.4324.150 Safari/537.36" 
60.186.192.233, 39.97.49.232 - - [20/Mar/2021:14:00:21 +0800] "GET /api/v1/result/ HTTP/1.1" 200 231 "https://open.weixin.qq.com/" "Mozilla/5.0 (Macintosh; Intel Mac OS X 11_2_1) AppleWebKit/537.36 (KHTML, like Gecko) Chrome/88.0.4324.150 Safari/537.36" 
60.186.192.233 - - [20/Mar/2021:14:00:22 +0800] "OPTIONS /api/v1/auth/token/ HTTP/1.1" 200 0 "https://www.luffycity.com/" "Mozilla/5.0 (Macintosh; Intel Mac OS X 11_2_1) AppleWebKit/537.36 (KHTML, like Gecko) Chrome/88.0.4324.150 Safari/537.36" 
118.212.206.142 - - [20/Mar/2021:14:00:22 +0800] "GET /api/v1/pay/order/?order_number=289320201108114637 HTTP/1.1" 200 35 "https://www.luffycity.com/" "Mozilla/5.0 (Windows NT 10.0; Win64; x64) AppleWebKit/537.36 (KHTML, like Gecko) Chrome/89.0.4389.90 Safari/537.36" 
118.212.206.142 - - [20/Mar/2021:14:00:22 +0800] "OPTIONS /api/v1/study/data/ HTTP/1.1" 200 0 "https://www.luffycity.com/" "Mozilla/5.0 (Windows NT 10.0; Win64; x64) AppleWebKit/537.36 (KHTML, like Gecko) Chrome/89.0.4389.90 Safari/537.36" 
118.212.206.142 - - [20/Mar/2021:14:00:22 +0800] "GET /api/v1/study/data/ HTTP/1.1" 200 102 "https://www.luffycity.com/" "Mozilla/5.0 (Windows NT 10.0; Win64; x64) AppleWebKit/537.36 (KHTML, like Gecko) Chrome/89.0.4389.90 Safari/537.36" 
118.212.206.142 - - [20/Mar/2021:14:00:22 +0800] "GET /api/v1/study/courses/ HTTP/1.1" 200 978 "https://www.luffycity.com/" "Mozilla/5.0 (Windows NT 10.0; Win64; x64) AppleWebKit/537.36 (KHTML, like Gecko) Chrome/89.0.4389.90 Safari/537.36" 
118.212.206.142 - - [20/Mar/2021:14:00:22 +0800] "GET /api/v1/study/module/actual/47994/?courseType=actual&id=47994 HTTP/1.1" 200 2180 "https://www.luffycity.com/" "Mozilla/5.0 (Windows NT 10.0; Win64; x64) AppleWebKit/537.36 (KHTML, like Gecko) Chrome/89.0.4389.90 Safari/537.36" 
60.186.192.233 - - [20/Mar/2021:14:00:24 +0800] "OPTIONS /api/v1/pay/create/ HTTP/1.1" 200 0 "https://www.luffycity.com/" "Mozilla/5.0 (Macintosh; Intel Mac OS X 11_2_1) AppleWebKit/537.36 (KHTML, like Gecko) Chrome/88.0.4324.150 Safari/537.36" 
112.32.14.33, 39.97.49.232 - - [20/Mar/2021:14:00:29 +0800] "GET /api/v1/auth/token/ HTTP/1.1" 200 374 "-" "Mozilla/5.0 (Windows NT 10.0; Win64; x64) AppleWebKit/537.36 (KHTML, like Gecko) Chrome/91.0.4442.4 Safari/537.36" 
112.32.14.33 - - [20/Mar/2021:14:00:30 +0800] "GET /api/v1/survey/section/14428/?sectionId=14428 HTTP/1.1" 200 10 "https://www.luffycity.com/" "Mozilla/5.0 (Windows NT 10.0; Win64; x64) AppleWebKit/537.36 (KHTML, like Gecko) Chrome/91.0.4442.4 Safari/537.36" 
112.32.14.33 - - [20/Mar/2021:14:00:30 +0800] "GET /api/v1/comment/?section_id=14428&limit=10&offset=0 HTTP/1.1" 200 1756 "https://www.luffycity.com/" "Mozilla/5.0 (Windows NT 10.0; Win64; x64) AppleWebKit/537.36 (KHTML, like Gecko) Chrome/91.0.4442.4 Safari/537.36" 
60.186.192.233 - - [20/Mar/2021:14:00:32 +0800] "POST /api/v1/pay/create/ HTTP/1.1" 200 122 "https://www.luffycity.com/" "Mozilla/5.0 (Macintosh; Intel Mac OS X 11_2_1) AppleWebKit/537.36 (KHTML, like Gecko) Chrome/88.0.4324.150 Safari/537.36" 
117.157.163.118, 39.97.49.232 - - [20/Mar/2021:14:00:33 +0800] "GET /api/v1/result/ HTTP/1.1" 200 231 "https://www.luffycity.com/search?words=Python" "Mozilla/5.0 (Windows NT 6.1; Win64; x64) AppleWebKit/537.36 (KHTML, like Gecko) Chrome/90.0.4421.5 Safari/537.36" 
60.186.192.233, 39.97.49.232 - - [20/Mar/2021:14:00:35 +0800] "GET /api/v1/auth/token/ HTTP/1.1" 200 400 "https://www.luffycity.com/free-course/124/detail" "Mozilla/5.0 (Macintosh; Intel Mac OS X 11_2_1) AppleWebKit/537.36 (KHTML, like Gecko) Chrome/88.0.4324.150 Safari/537.36" 
117.157.163.118 - - [20/Mar/2021:14:00:38 +0800] "OPTIONS /api/v1/study/degrees/ HTTP/1.1" 200 0 "https://www.luffycity.com/" "Mozilla/5.0 (Windows NT 6.1; Win64; x64) AppleWebKit/537.36 (KHTML, like Gecko) Chrome/90.0.4421.5 Safari/537.36" 
117.157.163.118 - - [20/Mar/2021:14:00:38 +0800] "GET /api/v1/study/degrees/0/mentor/?degree_id=0 HTTP/1.1" 200 137 "https://www.luffycity.com/" "Mozilla/5.0 (Windows NT 6.1; Win64; x64) AppleWebKit/537.36 (KHTML, like Gecko) Chrome/90.0.4421.5 Safari/537.36" 
60.186.192.233 - - [20/Mar/2021:14:00:39 +0800] "OPTIONS /api/v1/play/sections/?section_id=14486 HTTP/1.1" 200 0 "https://www.luffycity.com/" "Mozilla/5.0 (Macintosh; Intel Mac OS X 11_2_1) AppleWebKit/537.36 (KHTML, like Gecko) Chrome/88.0.4324.150 Safari/537.36" 
60.186.192.233 - - [20/Mar/2021:14:00:39 +0800] "OPTIONS /api/v1/play/14486/?play_id=14486 HTTP/1.1" 200 0 "https://www.luffycity.com/" "Mozilla/5.0 (Macintosh; Intel Mac OS X 11_2_1) AppleWebKit/537.36 (KHTML, like Gecko) Chrome/88.0.4324.150 Safari/537.36" 
60.186.192.233 - - [20/Mar/2021:14:00:39 +0800] "GET /api/v1/play/sections/?section_id=14486 HTTP/1.1" 200 1036 "https://www.luffycity.com/" "Mozilla/5.0 (Macintosh; Intel Mac OS X 11_2_1) AppleWebKit/537.36 (KHTML, like Gecko) Chrome/88.0.4324.150 Safari/537.36" 
60.186.192.233 - - [20/Mar/2021:14:00:39 +0800] "GET /api/v1/comment/?section_id=14486&limit=10&offset=0 HTTP/1.1" 200 1628 "https://www.luffycity.com/" "Mozilla/5.0 (Macintosh; Intel Mac OS X 11_2_1) AppleWebKit/537.36 (KHTML, like Gecko) Chrome/88.0.4324.150 Safari/537.36" 
112.44.210.180 - - [20/Mar/2021:14:00:48 +0800] "GET /api/v1/study/data/ HTTP/1.1" 200 109 "https://www.luffycity.com/" "Mozilla/5.0 (Windows NT 10.0; Win64; x64) AppleWebKit/537.36 (KHTML, like Gecko) Chrome/89.0.4389.90 Safari/537.36 Edg/89.0.774.54" 
112.44.210.180 - - [20/Mar/2021:14:00:48 +0800] "GET /api/v1/study/degrees/1/mentor/?degree_id=1 HTTP/1.1" 200 185 "https://www.luffycity.com/" "Mozilla/5.0 (Windows NT 10.0; Win64; x64) AppleWebKit/537.36 (KHTML, like Gecko) Chrome/89.0.4389.90 Safari/537.36 Edg/89.0.774.54" 
112.44.210.180 - - [20/Mar/2021:14:00:49 +0800] "GET /api/v1/study/degrees/1/?degree_id=1 HTTP/1.1" 200 1976 "https://www.luffycity.com/" "Mozilla/5.0 (Windows NT 10.0; Win64; x64) AppleWebKit/537.36 (KHTML, like Gecko) Chrome/89.0.4389.90 Safari/537.36 Edg/89.0.774.54" 
112.44.210.180 - - [20/Mar/2021:14:00:52 +0800] "OPTIONS /api/v1/survey/section/855/?sectionId=855 HTTP/1.1" 200 0 "https://www.luffycity.com/" "Mozilla/5.0 (Windows NT 10.0; Win64; x64) AppleWebKit/537.36 (KHTML, like Gecko) Chrome/89.0.4389.90 Safari/537.36 Edg/89.0.774.54" 
112.44.210.180 - - [20/Mar/2021:14:00:52 +0800] "OPTIONS /api/v1/comment/?section_id=855&limit=10&offset=0 HTTP/1.1" 200 0 "https://www.luffycity.com/" "Mozilla/5.0 (Windows NT 10.0; Win64; x64) AppleWebKit/537.36 (KHTML, like Gecko) Chrome/89.0.4389.90 Safari/537.36 Edg/89.0.774.54" 
112.44.210.180 - - [20/Mar/2021:14:00:52 +0800] "GET /api/v1/play/sections/?section_id=855 HTTP/1.1" 200 2960 "https://www.luffycity.com/" "Mozilla/5.0 (Windows NT 10.0; Win64; x64) AppleWebKit/537.36 (KHTML, like Gecko) Chrome/89.0.4389.90 Safari/537.36 Edg/89.0.774.54" 
112.44.210.180 - - [20/Mar/2021:14:00:52 +0800] "GET /api/v1/play/855/?play_id=855 HTTP/1.1" 200 428 "https://www.luffycity.com/" "Mozilla/5.0 (Windows NT 10.0; Win64; x64) AppleWebKit/537.36 (KHTML, like Gecko) Chrome/89.0.4389.90 Safari/537.36 Edg/89.0.774.54" 
117.157.163.118, 39.97.49.232 - - [20/Mar/2021:14:00:54 +0800] "GET /api/v1/auth/token/ HTTP/1.1" 200 390 "https://www.luffycity.com/study/degree" "Mozilla/5.0 (Windows NT 6.1; Win64; x64) AppleWebKit/537.36 (KHTML, like Gecko) Chrome/90.0.4421.5 Safari/537.36" 
117.157.163.118, 39.97.49.232 - - [20/Mar/2021:14:00:54 +0800] "GET /api/v1/result/ HTTP/1.1" 200 231 "https://www.luffycity.com/study/degree" "Mozilla/5.0 (Windows NT 6.1; Win64; x64) AppleWebKit/537.36 (KHTML, like Gecko) Chrome/90.0.4421.5 Safari/537.36" 
117.157.163.118, 39.97.49.232 - - [20/Mar/2021:14:00:54 +0800] "GET /api/v1/course/degree/ HTTP/1.1" 200 949 "https://www.luffycity.com/study/degree" "Mozilla/5.0 (Windows NT 6.1; Win64; x64) AppleWebKit/537.36 (KHTML, like Gecko) Chrome/90.0.4421.5 Safari/537.36" 
121.8.154.4 - - [20/Mar/2021:14:01:14 +0800] "OPTIONS /api/v1/survey/section/17246/?sectionId=17246 HTTP/1.1" 200 0 "https://www.luffycity.com/play/17246" "Mozilla/5.0 (Windows NT 10.0; Win64; x64; rv:84.0) Gecko/20100101 Firefox/84.0" 
121.8.154.4 - - [20/Mar/2021:14:01:14 +0800] "OPTIONS /api/v1/comment/?section_id=17246&limit=10&offset=0 HTTP/1.1" 200 0 "https://www.luffycity.com/play/17246" "Mozilla/5.0 (Windows NT 10.0; Win64; x64; rv:84.0) Gecko/20100101 Firefox/84.0" 
121.8.154.4 - - [20/Mar/2021:14:01:14 +0800] "GET /api/v1/comment/?section_id=17246&limit=10&offset=0 HTTP/1.1" 200 69 "https://www.luffycity.com/play/17246" "Mozilla/5.0 (Windows NT 10.0; Win64; x64; rv:84.0) Gecko/20100101 Firefox/84.0" 
121.8.154.4 - - [20/Mar/2021:14:01:14 +0800] "GET /api/v1/play/sections/?section_id=17246 HTTP/1.1" 200 11523 "https://www.luffycity.com/play/17246" "Mozilla/5.0 (Windows NT 10.0; Win64; x64; rv:84.0) Gecko/20100101 Firefox/84.0" 
112.44.210.180 - - [20/Mar/2021:14:01:20 +0800] "OPTIONS /api/v1/play/sections/?section_id=842 HTTP/1.1" 200 0 "https://www.luffycity.com/" "Mozilla/5.0 (Windows NT 10.0; Win64; x64) AppleWebKit/537.36 (KHTML, like Gecko) Chrome/89.0.4389.90 Safari/537.36 Edg/89.0.774.54" 
112.44.210.180 - - [20/Mar/2021:14:01:20 +0800] "OPTIONS /api/v1/play/842/?play_id=842 HTTP/1.1" 200 0 "https://www.luffycity.com/" "Mozilla/5.0 (Windows NT 10.0; Win64; x64) AppleWebKit/537.36 (KHTML, like Gecko) Chrome/89.0.4389.90 Safari/537.36 Edg/89.0.774.54" 
112.44.210.180 - - [20/Mar/2021:14:01:20 +0800] "GET /api/v1/play/sections/?section_id=842 HTTP/1.1" 200 2960 "https://www.luffycity.com/" "Mozilla/5.0 (Windows NT 10.0; Win64; x64) AppleWebKit/537.36 (KHTML, like Gecko) Chrome/89.0.4389.90 Safari/537.36 Edg/89.0.774.54" 
112.44.210.180 - - [20/Mar/2021:14:01:20 +0800] "GET /api/v1/comment/?section_id=842&limit=10&offset=0 HTTP/1.1" 200 1547 "https://www.luffycity.com/" "Mozilla/5.0 (Windows NT 10.0; Win64; x64) AppleWebKit/537.36 (KHTML, like Gecko) Chrome/89.0.4389.90 Safari/537.36 Edg/89.0.774.54" 
117.157.163.118, 39.97.49.232 - - [20/Mar/2021:14:01:31 +0800] "GET /api/v1/index/search/?words=Python HTTP/1.1" 200 13628 "-" "Mozilla/5.0 (Windows NT 6.1; Win64; x64) AppleWebKit/537.36 (KHTML, like Gecko) Chrome/90.0.4421.5 Safari/537.36" 
117.157.163.118, 39.97.49.232 - - [20/Mar/2021:14:01:39 +0800] "GET /api/v1/auth/token/ HTTP/1.1" 200 390 "https://www.luffycity.com/search?words=Python" "Mozilla/5.0 (Windows NT 6.1; Win64; x64) AppleWebKit/537.36 (KHTML, like Gecko) Chrome/90.0.4421.5 Safari/537.36" 
117.157.163.118 - - [20/Mar/2021:14:01:39 +0800] "OPTIONS /api/v1/result/enroll/?resultType=enroll&limit=5&offset=-5 HTTP/1.1" 200 0 "https://www.luffycity.com/" "Mozilla/5.0 (Windows NT 6.1; Win64; x64) AppleWebKit/537.36 (KHTML, like Gecko) Chrome/90.0.4421.5 Safari/537.36" 
223.73.52.30, 39.97.49.232 - - [20/Mar/2021:14:01:48 +0800] "GET /api/v1/result/ HTTP/1.1" 200 231 "http://c.biancheng.net/" "Mozilla/5.0 (Windows NT 10.0; Win64; x64) AppleWebKit/537.36 (KHTML, like Gecko) Chrome/88.0.4324.96 Safari/537.36 Edg/88.0.705.56" 
117.157.163.118 - - [20/Mar/2021:14:01:48 +0800] "OPTIONS /api/v1/result/enroll/?resultType=enroll&limit=5&offset=20 HTTP/1.1" 200 0 "https://www.luffycity.com/" "Mozilla/5.0 (Windows NT 6.1; Win64; x64) AppleWebKit/537.36 (KHTML, like Gecko) Chrome/90.0.4421.5 Safari/537.36" 
117.157.163.118 - - [20/Mar/2021:14:01:53 +0800] "OPTIONS /api/v1/result/enroll/?resultType=enroll&limit=5&offset=45 HTTP/1.1" 200 0 "https://www.luffycity.com/" "Mozilla/5.0 (Windows NT 6.1; Win64; x64) AppleWebKit/537.36 (KHTML, like Gecko) Chrome/90.0.4421.5 Safari/537.36" 
118.212.206.142 - - [20/Mar/2021:14:01:53 +0800] "GET /api/v1/study/module/actual/47542/?courseType=actual&id=47542 HTTP/1.1" 200 2449 "https://www.luffycity.com/" "Mozilla/5.0 (Windows NT 10.0; Win64; x64) AppleWebKit/537.36 (KHTML, like Gecko) Chrome/89.0.4389.90 Safari/537.36" 
117.157.163.118 - - [20/Mar/2021:14:01:54 +0800] "OPTIONS /api/v1/result/enroll/?resultType=enroll&limit=5&offset=70 HTTP/1.1" 200 0 "https://www.luffycity.com/" "Mozilla/5.0 (Windows NT 6.1; Win64; x64) AppleWebKit/537.36 (KHTML, like Gecko) Chrome/90.0.4421.5 Safari/537.36" 
117.157.163.118 - - [20/Mar/2021:14:01:55 +0800] "OPTIONS /api/v1/result/enroll/?resultType=enroll&limit=5&offset=95 HTTP/1.1" 200 0 "https://www.luffycity.com/" "Mozilla/5.0 (Windows NT 6.1; Win64; x64) AppleWebKit/537.36 (KHTML, like Gecko) Chrome/90.0.4421.5 Safari/537.36" 
117.157.163.118 - - [20/Mar/2021:14:01:57 +0800] "OPTIONS /api/v1/result/enroll/?resultType=enroll&limit=5&offset=120 HTTP/1.1" 200 0 "https://www.luffycity.com/" "Mozilla/5.0 (Windows NT 6.1; Win64; x64) AppleWebKit/537.36 (KHTML, like Gecko) Chrome/90.0.4421.5 Safari/537.36" 
117.157.163.118 - - [20/Mar/2021:14:02:02 +0800] "OPTIONS /api/v1/result/note/?resultType=note&limit=20&offset=0 HTTP/1.1" 200 0 "https://www.luffycity.com/" "Mozilla/5.0 (Windows NT 6.1; Win64; x64) AppleWebKit/537.36 (KHTML, like Gecko) Chrome/90.0.4421.5 Safari/537.36" 
118.212.206.142 - - [20/Mar/2021:14:02:09 +0800] "OPTIONS /api/v1/play/sections/?section_id=29166 HTTP/1.1" 200 0 "https://www.luffycity.com/" "Mozilla/5.0 (Windows NT 10.0; Win64; x64) AppleWebKit/537.36 (KHTML, like Gecko) Chrome/89.0.4389.90 Safari/537.36" 
118.212.206.142 - - [20/Mar/2021:14:02:09 +0800] "OPTIONS /api/v1/play/29166/?play_id=29166 HTTP/1.1" 200 0 "https://www.luffycity.com/" "Mozilla/5.0 (Windows NT 10.0; Win64; x64) AppleWebKit/537.36 (KHTML, like Gecko) Chrome/89.0.4389.90 Safari/537.36" 
118.212.206.142 - - [20/Mar/2021:14:02:09 +0800] "GET /api/v1/survey/section/29166/?sectionId=29166 HTTP/1.1" 200 10 "https://www.luffycity.com/" "Mozilla/5.0 (Windows NT 10.0; Win64; x64) AppleWebKit/537.36 (KHTML, like Gecko) Chrome/89.0.4389.90 Safari/537.36" 
118.212.206.142 - - [20/Mar/2021:14:02:10 +0800] "GET /api/v1/play/sections/?section_id=29166 HTTP/1.1" 200 2170 "https://www.luffycity.com/" "Mozilla/5.0 (Windows NT 10.0; Win64; x64) AppleWebKit/537.36 (KHTML, like Gecko) Chrome/89.0.4389.90 Safari/537.36" 
117.157.163.118 - - [20/Mar/2021:14:02:15 +0800] "GET /api/v1/result/enroll/?resultType=enroll&limit=5&offset=-5 HTTP/1.1" 200 2441 "https://www.luffycity.com/" "Mozilla/5.0 (Windows NT 6.1; Win64; x64) AppleWebKit/537.36 (KHTML, like Gecko) Chrome/90.0.4421.5 Safari/537.36" 
117.157.163.118 - - [20/Mar/2021:14:02:17 +0800] "GET /api/v1/result/offer/?resultType=offer&limit=20&offset=0 HTTP/1.1" 200 391 "https://www.luffycity.com/" "Mozilla/5.0 (Windows NT 6.1; Win64; x64) AppleWebKit/537.36 (KHTML, like Gecko) Chrome/90.0.4421.5 Safari/537.36" 
42.249.16.210 - - [20/Mar/2021:14:02:17 +0800] "POST /api/v1/survey/section/2923/?sectionId=2923 HTTP/1.1" 200 10 "https://www.luffycity.com/" "Mozilla/5.0 (Windows NT 10.0; Win64; x64) AppleWebKit/537.36 (KHTML, like Gecko) Chrome/89.0.4389.82 Safari/537.36 Edg/89.0.774.50" 
60.186.192.233, 39.97.49.232 - - [20/Mar/2021:14:02:18 +0800] "GET /api/v1/result/ HTTP/1.1" 200 231 "https://www.luffycity.com/free-course/124/detail" "Mozilla/5.0 (Macintosh; Intel Mac OS X 11_2_1) AppleWebKit/537.36 (KHTML, like Gecko) Chrome/88.0.4324.150 Safari/537.36" 
42.249.16.210 - - [20/Mar/2021:14:02:19 +0800] "OPTIONS /api/v1/comment/?section_id=2924&limit=10&offset=0 HTTP/1.1" 200 0 "https://www.luffycity.com/" "Mozilla/5.0 (Windows NT 10.0; Win64; x64) AppleWebKit/537.36 (KHTML, like Gecko) Chrome/89.0.4389.82 Safari/537.36 Edg/89.0.774.50" 
42.249.16.210 - - [20/Mar/2021:14:02:19 +0800] "OPTIONS /api/v1/survey/section/2924/?sectionId=2924 HTTP/1.1" 200 0 "https://www.luffycity.com/" "Mozilla/5.0 (Windows NT 10.0; Win64; x64) AppleWebKit/537.36 (KHTML, like Gecko) Chrome/89.0.4389.82 Safari/537.36 Edg/89.0.774.50" 
42.249.16.210 - - [20/Mar/2021:14:02:19 +0800] "GET /api/v1/comment/?section_id=2924&limit=10&offset=0 HTTP/1.1" 200 1267 "https://www.luffycity.com/" "Mozilla/5.0 (Windows NT 10.0; Win64; x64) AppleWebKit/537.36 (KHTML, like Gecko) Chrome/89.0.4389.82 Safari/537.36 Edg/89.0.774.50" 
60.186.192.233 - - [20/Mar/2021:14:02:19 +0800] "GET /api/v1/survey/section/14486/?sectionId=14486 HTTP/1.1" 200 10 "https://www.luffycity.com/" "Mozilla/5.0 (Macintosh; Intel Mac OS X 11_2_1) AppleWebKit/537.36 (KHTML, like Gecko) Chrome/88.0.4324.150 Safari/537.36" 
60.186.192.233 - - [20/Mar/2021:14:02:19 +0800] "GET /api/v1/play/sections/?section_id=14486 HTTP/1.1" 200 1037 "https://www.luffycity.com/" "Mozilla/5.0 (Macintosh; Intel Mac OS X 11_2_1) AppleWebKit/537.36 (KHTML, like Gecko) Chrome/88.0.4324.150 Safari/537.36" 
42.249.16.210 - - [20/Mar/2021:14:02:19 +0800] "GET /api/v1/play/2924/?play_id=2924 HTTP/1.1" 200 458 "https://www.luffycity.com/" "Mozilla/5.0 (Windows NT 10.0; Win64; x64) AppleWebKit/537.36 (KHTML, like Gecko) Chrome/89.0.4389.82 Safari/537.36 Edg/89.0.774.50" 
117.157.163.118 - - [20/Mar/2021:14:02:22 +0800] "GET /api/v1/result/speech/?resultType=speech&limit=10&offset=NaN HTTP/1.1" 200 14545 "https://www.luffycity.com/" "Mozilla/5.0 (Windows NT 6.1; Win64; x64) AppleWebKit/537.36 (KHTML, like Gecko) Chrome/90.0.4421.5 Safari/537.36" 
183.6.26.68 - - [20/Mar/2021:14:02:36 +0800] "OPTIONS /api/v1/play/12837/?play_id=12837 HTTP/1.1" 200 0 "https://www.luffycity.com/" "Mozilla/5.0 (Windows NT 10.0; Win64; x64) AppleWebKit/537.36 (KHTML, like Gecko) Chrome/88.0.4324.190 Safari/537.36" 
183.6.26.68 - - [20/Mar/2021:14:02:36 +0800] "OPTIONS /api/v1/survey/section/12837/?sectionId=12837 HTTP/1.1" 200 0 "https://www.luffycity.com/" "Mozilla/5.0 (Windows NT 10.0; Win64; x64) AppleWebKit/537.36 (KHTML, like Gecko) Chrome/88.0.4324.190 Safari/537.36" 
183.6.26.68 - - [20/Mar/2021:14:02:37 +0800] "GET /api/v1/survey/section/12837/?sectionId=12837 HTTP/1.1" 200 10 "https://www.luffycity.com/" "Mozilla/5.0 (Windows NT 10.0; Win64; x64) AppleWebKit/537.36 (KHTML, like Gecko) Chrome/88.0.4324.190 Safari/537.36" 
183.6.26.68 - - [20/Mar/2021:14:02:37 +0800] "GET /api/v1/comment/?section_id=12837&limit=10&offset=0 HTTP/1.1" 200 69 "https://www.luffycity.com/" "Mozilla/5.0 (Windows NT 10.0; Win64; x64) AppleWebKit/537.36 (KHTML, like Gecko) Chrome/88.0.4324.190 Safari/537.36" 
118.212.206.142 - - [20/Mar/2021:14:02:48 +0800] "OPTIONS /api/v1/play/sections/?section_id=29167 HTTP/1.1" 200 0 "https://www.luffycity.com/" "Mozilla/5.0 (Windows NT 10.0; Win64; x64) AppleWebKit/537.36 (KHTML, like Gecko) Chrome/89.0.4389.90 Safari/537.36" 
118.212.206.142 - - [20/Mar/2021:14:02:48 +0800] "OPTIONS /api/v1/play/29167/?play_id=29167 HTTP/1.1" 200 0 "https://www.luffycity.com/" "Mozilla/5.0 (Windows NT 10.0; Win64; x64) AppleWebKit/537.36 (KHTML, like Gecko) Chrome/89.0.4389.90 Safari/537.36" 
118.212.206.142 - - [20/Mar/2021:14:02:48 +0800] "GET /api/v1/play/sections/?section_id=29167 HTTP/1.1" 200 2172 "https://www.luffycity.com/" "Mozilla/5.0 (Windows NT 10.0; Win64; x64) AppleWebKit/537.36 (KHTML, like Gecko) Chrome/89.0.4389.90 Safari/537.36" 
118.212.206.142 - - [20/Mar/2021:14:02:48 +0800] "GET /api/v1/comment/?section_id=29167&limit=10&offset=0 HTTP/1.1" 200 1225 "https://www.luffycity.com/" "Mozilla/5.0 (Windows NT 10.0; Win64; x64) AppleWebKit/537.36 (KHTML, like Gecko) Chrome/89.0.4389.90 Safari/537.36" 
117.157.163.118 - - [20/Mar/2021:14:02:49 +0800] "GET /api/v1/study/data/ HTTP/1.1" 200 100 "https://www.luffycity.com/" "Mozilla/5.0 (Windows NT 6.1; Win64; x64) AppleWebKit/537.36 (KHTML, like Gecko) Chrome/90.0.4421.5 Safari/537.36" 
112.95.25.219, 39.97.49.232 - - [20/Mar/2021:14:02:50 +0800] "GET /api/v1/result/ HTTP/1.1" 200 231 "https://v3.bootcss.com/" "Mozilla/5.0 (Windows NT 10.0; Win64; x64) AppleWebKit/537.36 (KHTML, like Gecko) Chrome/89.0.4389.90 Safari/537.36" 
118.212.206.142 - - [20/Mar/2021:14:02:50 +0800] "GET /api/v1/play/sections/?section_id=29166 HTTP/1.1" 200 2172 "https://www.luffycity.com/" "Mozilla/5.0 (Windows NT 10.0; Win64; x64) AppleWebKit/537.36 (KHTML, like Gecko) Chrome/89.0.4389.90 Safari/537.36" 
